[WebServer] (!) Your Vite config uses features that are unsupported by `configLoader: 'native'`, which is planned to become the default in a future major version of Vite:
[WebServer]   - import "./output-format" without a file extension (src/domain/verification.ts:9:35). Add the file extension
[WebServer]   - import "./programs" without a file extension (src/domain/verification.ts:10:32). Add the file extension
[WebServer] Set `VITE_CONFIG_NATIVE_IGNORE_WARNING=true` to suppress this warning.
[WebServer] (!) Your Vite config uses features that are unsupported by `configLoader: 'native'`, which is planned to become the default in a future major version of Vite:
[WebServer]   - import "./output-format" without a file extension (src/domain/verification.ts:9:35). Add the file extension
[WebServer]   - import "./programs" without a file extension (src/domain/verification.ts:10:32). Add the file extension
[WebServer] Set `VITE_CONFIG_NATIVE_IGNORE_WARNING=true` to suppress this warning.

Running 3 tests using 1 worker

webkit 10000 queries: search {"indexMs":895,"checkMs":6,"enqueueMs":135,"searchMs":855,"elapsed":"0:00","path":"threaded, 4 threads (requested: Auto)"}
webkit 10000 queries: {"summary":{"open":{"ms":{"median":55,"min":50,"max":55},"paintMs":{"median":81,"min":75,"max":83}},"firstHsp":{"ms":{"median":72,"min":71,"max":72},"paintMs":{"median":92,"min":91,"max":93}},"queryRowsDrawn":{"median":20,"min":20,"max":20},"scrollToEnd":{"ms":{"median":10,"min":2,"max":12},"paintMs":{"median":25,"min":16,"max":27}},"rowsDrawnAtEnd":{"median":14,"min":14,"max":14},"scrollToStart":{"ms":{"median":7,"min":7,"max":17},"paintMs":{"median":22,"min":21,"max":31}},"findFar":{"ms":{"median":8,"min":8,"max":8},"paintMs":{"median":30,"min":30,"max":32}},"selectFar":{"ms":{"median":8,"min":8,"max":9},"paintMs":{"median":27,"min":26,"max":28}},"clearFilter":{"ms":{"median":10,"min":9,"max":10},"paintMs":{"median":29,"min":28,"max":30}},"hitsOnly":{"ms":{"median":14,"min":11,"max":14},"paintMs":{"median":33,"min":29,"max":34}},"hitsOnlyQueries":{"median":9000,"min":9000,"max":9000},"hitsOnlyOff":{"ms":{"median":10,"min":7,"max":10},"paintMs":{"median":29,"min":26,"max":29}},"selectWide":{"ms":{"median":12,"min":7,"max":21},"paintMs":{"median":50,"min":46,"max":61}},"wideSubjects":{"median":200,"min":200,"max":200},"subjectRowsDrawn":{"median":22,"min":22,"max":22},"sortSubjects":{"length":{"ms":{"median":3,"min":3,"max":16},"paintMs":{"median":41,"min":40,"max":52}},"bitScore":{"ms":{"median":10,"min":9,"max":12},"paintMs":{"median":50,"min":45,"max":55}},"eValue":{"ms":{"median":13,"min":10,"max":14},"paintMs":{"median":51,"min":46,"max":55}},"hsps":{"ms":{"median":11,"min":8,"max":13},"paintMs":{"median":46,"min":43,"max":50}},"order":{"ms":{"median":13,"min":12,"max":14},"paintMs":{"median":49,"min":48,"max":50}}}},"outfmt6":{"bytes":896542,"hsps":14981,"showMs":6,"showPaintMs":14}}
  ✓  1 [webkit] › tests/e2e/results-measure.spec.ts:505:3 › 10,000 queries: opening the run, the query picker, finding and sorting (9.0s)
webkit 100000 queries: search {"indexMs":4795,"checkMs":198,"enqueueMs":396,"searchMs":4811,"elapsed":"0:04","path":"threaded, 4 threads (requested: Auto)"}
webkit 100000 queries: {"summary":{"open":{"ms":{"median":416,"min":398,"max":445},"paintMs":{"median":445,"min":424,"max":471}},"firstHsp":{"ms":{"median":458,"min":434,"max":478},"paintMs":{"median":498,"min":473,"max":499}},"queryRowsDrawn":{"median":20,"min":20,"max":20},"scrollToEnd":{"ms":{"median":6,"min":2,"max":17},"paintMs":{"median":21,"min":17,"max":32}},"rowsDrawnAtEnd":{"median":14,"min":14,"max":14},"scrollToStart":{"ms":{"median":5,"min":5,"max":9},"paintMs":{"median":20,"min":19,"max":24}},"findFar":{"ms":{"median":32,"min":30,"max":35},"paintMs":{"median":54,"min":52,"max":59}},"selectFar":{"ms":{"median":16,"min":14,"max":30},"paintMs":{"median":35,"min":34,"max":52}},"clearFilter":{"ms":{"median":16,"min":16,"max":17},"paintMs":{"median":38,"min":36,"max":40}},"hitsOnly":{"ms":{"median":15,"min":14,"max":17},"paintMs":{"median":35,"min":34,"max":37}},"hitsOnlyQueries":{"median":90000,"min":90000,"max":90000},"hitsOnlyOff":{"ms":{"median":15,"min":15,"max":19},"paintMs":{"median":35,"min":35,"max":37}},"selectWide":{"ms":{"median":16,"min":12,"max":54},"paintMs":{"median":53,"min":49,"max":94}},"wideSubjects":{"median":200,"min":200,"max":200},"subjectRowsDrawn":{"median":22,"min":22,"max":22},"sortSubjects":{"length":{"ms":{"median":6,"min":4,"max":9},"paintMs":{"median":43,"min":38,"max":45}},"bitScore":{"ms":{"median":13,"min":13,"max":13},"paintMs":{"median":49,"min":48,"max":50}},"eValue":{"ms":{"median":14,"min":13,"max":14},"paintMs":{"median":49,"min":49,"max":53}},"hsps":{"ms":{"median":12,"min":12,"max":13},"paintMs":{"median":49,"min":48,"max":49}},"order":{"ms":{"median":12,"min":12,"max":15},"paintMs":{"median":47,"min":47,"max":51}}}},"outfmt6":{"bytes":8966787,"hsps":149828,"showMs":6200,"showPaintMs":6229}}
  ✓  2 [webkit] › tests/e2e/results-measure.spec.ts:505:3 › 100,000 queries: opening the run, the query picker, finding and sorting (27.2s)
webkit 1500 copies: search {"indexMs":35,"checkMs":7,"enqueueMs":109,"searchMs":3807,"elapsed":"0:03","path":"threaded, 4 threads (requested: Auto)"}
webkit 1500 copies: FAILED page.evaluate: Error: timed out after 30000 ms waiting for [{"testid":"dotplot-canvas","attr":"data-selected","differs":"0:1"}]
webkit 3000 copies: FAILED run 3 ended failed: Not enough temporary storage for the results of this run: this browser keeps results in memory, at most 512 MB in a tab. Earlier results are kept.
webkit 4000 copies: FAILED run 4 ended failed: The engine stopped (it ran out of memory): memory allocation of 49881 bytes failed (Unreachable code should not be executed (evaluating 'e(...t)'))
  ✓  3 [webkit] › tests/e2e/results-measure.spec.ts:727:1 › many HSPs in one query-subject pair: the dot plot and the HSP list (58.9s)

  3 passed (1.6m)
