[WebServer] (!) Your Vite config uses features that are unsupported by `configLoader: 'native'`, which is planned to become the default in a future major version of Vite:
[WebServer]   - import "./output-format" without a file extension (src/domain/verification.ts:9:35). Add the file extension
[WebServer]   - import "./programs" without a file extension (src/domain/verification.ts:10:32). Add the file extension
[WebServer] Set `VITE_CONFIG_NATIVE_IGNORE_WARNING=true` to suppress this warning.
[WebServer] (!) Your Vite config uses features that are unsupported by `configLoader: 'native'`, which is planned to become the default in a future major version of Vite:
[WebServer]   - import "./output-format" without a file extension (src/domain/verification.ts:9:35). Add the file extension
[WebServer]   - import "./programs" without a file extension (src/domain/verification.ts:10:32). Add the file extension
[WebServer] Set `VITE_CONFIG_NATIVE_IGNORE_WARNING=true` to suppress this warning.

Running 66 tests using 2 workers

  ✓   1 [chromium] › tests/e2e/results.spec.ts:410:3 › BLASTN: the header block is the run's; the Descriptions, Graphic Summary and HSP table are the outfmt 6 rows, the Alignments outfmt 0's text; units, frames and run details (4.1s)
  ✓   2 [chromium] › tests/e2e/results.spec.ts:410:3 › BLASTP: the header block is the run's; the Descriptions, Graphic Summary and HSP table are the outfmt 6 rows, the Alignments outfmt 0's text; units, frames and run details (7.8s)
  ✓   3 [chromium] › tests/e2e/results.spec.ts:410:3 › TBLASTN: the header block is the run's; the Descriptions, Graphic Summary and HSP table are the outfmt 6 rows, the Alignments outfmt 0's text; units, frames and run details (5.5s)
  ✓   5 [chromium] › tests/e2e/results.spec.ts:672:1 › an HSP that outfmt 0 does not show, and a hit list that may have reached its limit (2.1s)
  ✓   4 [chromium] › tests/e2e/results.spec.ts:410:3 › TBLASTX: the header block is the run's; the Descriptions, Graphic Summary and HSP table are the outfmt 6 rows, the Alignments outfmt 0's text; units, frames and run details (5.5s)
  ✓   6 [chromium] › tests/e2e/results.spec.ts:760:1 › BLASTN: an HSP of one letter has no orientation in its record; the note points to outfmt 0's Strand= line (2.5s)
  ✓   8 [chromium] › tests/e2e/results.spec.ts:879:1 › the Alignments: a block per Range; Next, Previous and First Match; the previous and next subject; Ranges far apart in a window (4.3s)
  ✓   7 [chromium] › tests/e2e/results.spec.ts:820:1 › selection by HSP identity: sorting keeps the selected HSP; another subject or query moves it (7.4s)
  ✓  10 [chromium] › tests/e2e/results.spec.ts:1160:1 › the dot plot: the HSPs of the pair on a canvas; zoom; choosing an HSP on it or in the list; its popup (3.4s)
  ✓   9 [chromium] › tests/e2e/results.spec.ts:983:1 › many queries; view filters change the view, not the search; the notices tell filtered out, no hits and a failed run apart (6.1s)
  ✓  11 [chromium] › tests/e2e/results.spec.ts:1289:1 › narrow screens: the results are no wider than the screen; "Open results" shows them; the tables show the key values first (1.9s)
  ✓  12 [chromium] › tests/e2e/results.spec.ts:410:3 › BLASTN: the header block is the run's; the Descriptions, Graphic Summary and HSP table are the outfmt 6 rows, the Alignments outfmt 0's text; units, frames and run details (4.0s)
  ✓  13 [chromium] › tests/e2e/results.spec.ts:410:3 › BLASTP: the header block is the run's; the Descriptions, Graphic Summary and HSP table are the outfmt 6 rows, the Alignments outfmt 0's text; units, frames and run details (7.6s)
  ✓  14 [chromium] › tests/e2e/results.spec.ts:410:3 › TBLASTN: the header block is the run's; the Descriptions, Graphic Summary and HSP table are the outfmt 6 rows, the Alignments outfmt 0's text; units, frames and run details (5.5s)
  ✓  16 [chromium] › tests/e2e/results.spec.ts:672:1 › an HSP that outfmt 0 does not show, and a hit list that may have reached its limit (2.1s)
  ✓  17 [chromium] › tests/e2e/results.spec.ts:760:1 › BLASTN: an HSP of one letter has no orientation in its record; the note points to outfmt 0's Strand= line (2.6s)
  ✓  15 [chromium] › tests/e2e/results.spec.ts:410:3 › TBLASTX: the header block is the run's; the Descriptions, Graphic Summary and HSP table are the outfmt 6 rows, the Alignments outfmt 0's text; units, frames and run details (5.5s)
  ✓  19 [chromium] › tests/e2e/results.spec.ts:879:1 › the Alignments: a block per Range; Next, Previous and First Match; the previous and next subject; Ranges far apart in a window (4.4s)
  ✓  18 [chromium] › tests/e2e/results.spec.ts:820:1 › selection by HSP identity: sorting keeps the selected HSP; another subject or query moves it (7.6s)
  ✓  20 [chromium] › tests/e2e/results.spec.ts:983:1 › many queries; view filters change the view, not the search; the notices tell filtered out, no hits and a failed run apart (6.1s)
  ✓  21 [chromium] › tests/e2e/results.spec.ts:1160:1 › the dot plot: the HSPs of the pair on a canvas; zoom; choosing an HSP on it or in the list; its popup (3.4s)
  ✓  22 [chromium] › tests/e2e/results.spec.ts:1289:1 › narrow screens: the results are no wider than the screen; "Open results" shows them; the tables show the key values first (1.9s)
  ✓  23 [firefox] › tests/e2e/results.spec.ts:410:3 › BLASTN: the header block is the run's; the Descriptions, Graphic Summary and HSP table are the outfmt 6 rows, the Alignments outfmt 0's text; units, frames and run details (6.6s)
  ✓  24 [firefox] › tests/e2e/results.spec.ts:410:3 › BLASTP: the header block is the run's; the Descriptions, Graphic Summary and HSP table are the outfmt 6 rows, the Alignments outfmt 0's text; units, frames and run details (11.2s)
  ✓  25 [firefox] › tests/e2e/results.spec.ts:410:3 › TBLASTN: the header block is the run's; the Descriptions, Graphic Summary and HSP table are the outfmt 6 rows, the Alignments outfmt 0's text; units, frames and run details (8.0s)
  ✓  27 [firefox] › tests/e2e/results.spec.ts:672:1 › an HSP that outfmt 0 does not show, and a hit list that may have reached its limit (4.1s)
  ✓  26 [firefox] › tests/e2e/results.spec.ts:410:3 › TBLASTX: the header block is the run's; the Descriptions, Graphic Summary and HSP table are the outfmt 6 rows, the Alignments outfmt 0's text; units, frames and run details (7.6s)
  ✓  28 [firefox] › tests/e2e/results.spec.ts:760:1 › BLASTN: an HSP of one letter has no orientation in its record; the note points to outfmt 0's Strand= line (3.0s)
  ✓  30 [firefox] › tests/e2e/results.spec.ts:879:1 › the Alignments: a block per Range; Next, Previous and First Match; the previous and next subject; Ranges far apart in a window (4.8s)
  ✓  29 [firefox] › tests/e2e/results.spec.ts:820:1 › selection by HSP identity: sorting keeps the selected HSP; another subject or query moves it (9.3s)
  ✓  31 [firefox] › tests/e2e/results.spec.ts:983:1 › many queries; view filters change the view, not the search; the notices tell filtered out, no hits and a failed run apart (6.7s)
  ✓  32 [firefox] › tests/e2e/results.spec.ts:1160:1 › the dot plot: the HSPs of the pair on a canvas; zoom; choosing an HSP on it or in the list; its popup (4.8s)
  ✓  33 [firefox] › tests/e2e/results.spec.ts:1289:1 › narrow screens: the results are no wider than the screen; "Open results" shows them; the tables show the key values first (3.3s)
  ✓  34 [firefox] › tests/e2e/results.spec.ts:410:3 › BLASTN: the header block is the run's; the Descriptions, Graphic Summary and HSP table are the outfmt 6 rows, the Alignments outfmt 0's text; units, frames and run details (6.6s)
  ✓  35 [firefox] › tests/e2e/results.spec.ts:410:3 › BLASTP: the header block is the run's; the Descriptions, Graphic Summary and HSP table are the outfmt 6 rows, the Alignments outfmt 0's text; units, frames and run details (11.3s)
  ✓  36 [firefox] › tests/e2e/results.spec.ts:410:3 › TBLASTN: the header block is the run's; the Descriptions, Graphic Summary and HSP table are the outfmt 6 rows, the Alignments outfmt 0's text; units, frames and run details (8.1s)
  ✓  38 [firefox] › tests/e2e/results.spec.ts:672:1 › an HSP that outfmt 0 does not show, and a hit list that may have reached its limit (4.0s)
  ✓  37 [firefox] › tests/e2e/results.spec.ts:410:3 › TBLASTX: the header block is the run's; the Descriptions, Graphic Summary and HSP table are the outfmt 6 rows, the Alignments outfmt 0's text; units, frames and run details (7.7s)
  ✓  39 [firefox] › tests/e2e/results.spec.ts:760:1 › BLASTN: an HSP of one letter has no orientation in its record; the note points to outfmt 0's Strand= line (3.6s)
  ✓  41 [firefox] › tests/e2e/results.spec.ts:879:1 › the Alignments: a block per Range; Next, Previous and First Match; the previous and next subject; Ranges far apart in a window (4.9s)
  ✓  40 [firefox] › tests/e2e/results.spec.ts:820:1 › selection by HSP identity: sorting keeps the selected HSP; another subject or query moves it (9.3s)
  ✓  42 [firefox] › tests/e2e/results.spec.ts:983:1 › many queries; view filters change the view, not the search; the notices tell filtered out, no hits and a failed run apart (6.7s)
  ✓  43 [firefox] › tests/e2e/results.spec.ts:1160:1 › the dot plot: the HSPs of the pair on a canvas; zoom; choosing an HSP on it or in the list; its popup (3.6s)
  ✓  44 [firefox] › tests/e2e/results.spec.ts:1289:1 › narrow screens: the results are no wider than the screen; "Open results" shows them; the tables show the key values first (3.5s)
  ✓  45 [webkit] › tests/e2e/results.spec.ts:410:3 › BLASTN: the header block is the run's; the Descriptions, Graphic Summary and HSP table are the outfmt 6 rows, the Alignments outfmt 0's text; units, frames and run details (6.1s)
  ✓  47 [webkit] › tests/e2e/results.spec.ts:410:3 › TBLASTN: the header block is the run's; the Descriptions, Graphic Summary and HSP table are the outfmt 6 rows, the Alignments outfmt 0's text; units, frames and run details (8.3s)
  ✓  46 [webkit] › tests/e2e/results.spec.ts:410:3 › BLASTP: the header block is the run's; the Descriptions, Graphic Summary and HSP table are the outfmt 6 rows, the Alignments outfmt 0's text; units, frames and run details (11.3s)
  ✓  49 [webkit] › tests/e2e/results.spec.ts:672:1 › an HSP that outfmt 0 does not show, and a hit list that may have reached its limit (4.2s)
  ✓  50 [webkit] › tests/e2e/results.spec.ts:760:1 › BLASTN: an HSP of one letter has no orientation in its record; the note points to outfmt 0's Strand= line (3.4s)
  ✓  48 [webkit] › tests/e2e/results.spec.ts:410:3 › TBLASTX: the header block is the run's; the Descriptions, Graphic Summary and HSP table are the outfmt 6 rows, the Alignments outfmt 0's text; units, frames and run details (8.2s)
  ✓  52 [webkit] › tests/e2e/results.spec.ts:879:1 › the Alignments: a block per Range; Next, Previous and First Match; the previous and next subject; Ranges far apart in a window (6.2s)
  ✓  51 [webkit] › tests/e2e/results.spec.ts:820:1 › selection by HSP identity: sorting keeps the selected HSP; another subject or query moves it (10.6s)
  ✓  53 [webkit] › tests/e2e/results.spec.ts:983:1 › many queries; view filters change the view, not the search; the notices tell filtered out, no hits and a failed run apart (8.1s)
  ✓  54 [webkit] › tests/e2e/results.spec.ts:1160:1 › the dot plot: the HSPs of the pair on a canvas; zoom; choosing an HSP on it or in the list; its popup (5.2s)
  ✓  55 [webkit] › tests/e2e/results.spec.ts:1289:1 › narrow screens: the results are no wider than the screen; "Open results" shows them; the tables show the key values first (2.9s)
  ✓  56 [webkit] › tests/e2e/results.spec.ts:410:3 › BLASTN: the header block is the run's; the Descriptions, Graphic Summary and HSP table are the outfmt 6 rows, the Alignments outfmt 0's text; units, frames and run details (5.9s)
  ✓  57 [webkit] › tests/e2e/results.spec.ts:410:3 › BLASTP: the header block is the run's; the Descriptions, Graphic Summary and HSP table are the outfmt 6 rows, the Alignments outfmt 0's text; units, frames and run details (10.6s)
  ✓  58 [webkit] › tests/e2e/results.spec.ts:410:3 › TBLASTN: the header block is the run's; the Descriptions, Graphic Summary and HSP table are the outfmt 6 rows, the Alignments outfmt 0's text; units, frames and run details (8.2s)
  ✓  60 [webkit] › tests/e2e/results.spec.ts:672:1 › an HSP that outfmt 0 does not show, and a hit list that may have reached its limit (4.0s)
  ✓  59 [webkit] › tests/e2e/results.spec.ts:410:3 › TBLASTX: the header block is the run's; the Descriptions, Graphic Summary and HSP table are the outfmt 6 rows, the Alignments outfmt 0's text; units, frames and run details (7.4s)
  ✓  61 [webkit] › tests/e2e/results.spec.ts:760:1 › BLASTN: an HSP of one letter has no orientation in its record; the note points to outfmt 0's Strand= line (3.2s)
  ✓  63 [webkit] › tests/e2e/results.spec.ts:879:1 › the Alignments: a block per Range; Next, Previous and First Match; the previous and next subject; Ranges far apart in a window (5.9s)
  ✓  62 [webkit] › tests/e2e/results.spec.ts:820:1 › selection by HSP identity: sorting keeps the selected HSP; another subject or query moves it (10.1s)
  ✓  65 [webkit] › tests/e2e/results.spec.ts:1160:1 › the dot plot: the HSPs of the pair on a canvas; zoom; choosing an HSP on it or in the list; its popup (5.2s)
  ✓  64 [webkit] › tests/e2e/results.spec.ts:983:1 › many queries; view filters change the view, not the search; the notices tell filtered out, no hits and a failed run apart (7.9s)
  ✓  66 [webkit] › tests/e2e/results.spec.ts:1289:1 › narrow screens: the results are no wider than the screen; "Open results" shows them; the tables show the key values first (2.6s)

  66 passed (3.4m)
