[WebServer] [PLUGIN_TIMINGS] JavaScript callbacks ran for 2.8s of this 3.4s build (81%).
[WebServer] 1 callback is listed without a time. Its calls overlapped, so the time inside one call includes work from other calls. To find its cost, profile the build with `node --cpu-prof`:
[WebServer]   - plugin vite:worker-import-meta-url transform (2 calls)
[WebServer] See https://rolldown.rs/reference/InputOptions.checks#bundlertimings for more details.
[WebServer] 

Running 30 tests using 2 workers

multi.blastn n=1: subject registered
multi.megablast n=1: subject retained
pass [record scanner] scan: one record with regular lines (LF)
pass [record scanner] scan: CRLF line ends
pass [record scanner] scan: lines of different lengths
pass [record scanner] scan: several records, the last without a final newline
pass [record scanner] scan: a blank line inside a sequence
pass [record scanner] scan: interior white space belongs to the sequence, trailing white space does not
pass [record scanner] scan: a non-ASCII header
pass [record scanner] scan: residues keep their case
pass [record scanner] scan: a record without residues
pass [record scanner] scan: an empty record ends the input (bio stops reading there)
pass [record scanner] scan: a header line without a newline at the end of the input
pass [record scanner] scan: an empty input has no records
pass [record scanner] scan: a U+FEFF at the start of a header is part of the ID
pass [record scanner] scan: bytes after the empty record that ends the input are not read
iupac.beyond_table.blastn n=1: subject retained
rna.megablast n=1: subject retained
multi.mts3.blastn n=1: subject retained
pass [record scanner] scan: a long record (4 checkpoints) with lines of 60 and 61 residues
multi.ws7_e1000.blastn n=4: subject registered
multi.besthit.blastn n=4: subject retained
pass [record scanner] scan: a long record with regular 80-residue lines
pass [record scanner] scan: the parser's error for text before the first header
pass [record scanner] scan: the parser's error for a blank line before the first header
pass [record scanner] scan: the parser's error for white space only
pass [record scanner] scan: the parser's error for a first line that is not a header, before bytes that are not UTF-8
pass [record scanner] scan: the parser's error for bytes that are not UTF-8
pass [record scanner] scan: a multi-byte character split across chunks
pass [record scanner] scan: parser kind 1 is refused until SX
  ✓   1 [chromium] › tests/e2e/engine.spec.ts:94:1 › record scanner contract: the serial reactor (461ms)
tblastx.multi n=1: subject registered
tblastx.batch n=1: subject retained
pass [engine input] register: the run proceeds when the record tables agree
tblastx.mts1 n=4: subject registered
tblastx.thrwin n=4: subject retained
pass [engine input] register: a query record with another ID stops the run before any output
pass [engine input] register: a subject record with another length stops the run before any output
pass [engine input] register: a missing record stops the run before any output
  ✓   3 [chromium] › tests/e2e/engine.spec.ts:102:3 › engine input contract: the real EngineGateway at 1 thread(s) (1.1s)
pass [engine input] register: the run proceeds when the record tables agree
pass [engine input] register: a query record with another ID stops the run before any output
pass [engine input] register: a subject record with another length stops the run before any output
pass [engine input] register: a missing record stops the run before any output
  ✓   4 [chromium] › tests/e2e/engine.spec.ts:102:3 › engine input contract: the real EngineGateway at 4 thread(s) (1.1s)
pass [run output, Engine worker] every stream arrives in order and the run commits
pass [run output, Engine worker] many small chunks and one large chunk arrive unchanged
pass [run output, Engine worker] a run without output commits with empty outputs
  ✓   2 [chromium] › tests/e2e/engine.spec.ts:171:1 › R1: searches of one subject with other queries and options reuse it and give the expected bytes (3.4s)
pass [run output, Engine worker] staging: a run cannot be read before it is committed, and the commit waits for end
pass [run output, Engine worker] an end whose totals disagree fails the commit and discards the run
pass [run output, Engine worker] a message outside the protocol fails the commit
pass [run output, Engine worker] discard drops a staged run and ignores its late chunks
pass [run output, Engine worker] a committed run is kept by discard and removed by delete
pass [run output, Engine worker] two staged runs keep their outputs apart
pass [run output, Engine worker] the writer refuses to write after end
FAIL [run output, Engine worker] storage full: the run fails with the reason, and committed runs stay readable: ContractError: commit: expected a rejection matching /StorageFullError: Not enough temporary storage/, but it resolved
  ✓   5 [chromium] › tests/e2e/engine.spec.ts:129:1 › run output contract: the writer in the Engine worker, the real Data worker (without storage full) (1.2s)
completed compact.blastn n=1 n=1 200 ms
completed compact.blastn n=2 n=2 59 ms
completed compact.blastn n=4 n=4 52 ms
completed multi.blastn n=1 n=1 50 ms
completed multi.blastn n=2 n=2 51 ms
completed multi.blastn n=4 n=4 51 ms
completed mask.lcase.megablast n=1 n=1 33 ms
completed mask.lcase.megablast n=2 n=2 36 ms
completed mask.lcase.megablast n=4 n=4 64 ms
completed width.blastp n=1 n=1 75 ms
completed width.blastp n=2 n=2 81 ms
completed width.blastp n=4 n=4 65 ms
completed width.tblastn n=1 n=1 66 ms
completed width.tblastn n=2 n=2 66 ms
completed width.tblastn n=4 n=4 66 ms
completed tblastx.multi n=1 n=1 153 ms
completed tblastx.multi n=2 n=2 147 ms
completed tblastx.multi n=4 n=4 118 ms
completed tblastn.code4 n=1 n=1 52 ms
completed tblastn.code4 n=2 n=2 60 ms
completed tblastn.code4 n=4 n=4 60 ms
completed tblastn.batches n=1 n=1 849 ms
completed tblastn.batches n=2 n=2 704 ms
completed tblastn.query_batches n=2 n=2 4779 ms
completed tblastn.batches n=4 n=4 699 ms
completed tblastx.threaded-direct n=1 n=1 48 ms
completed tblastx.threaded-direct n=2 n=2 51 ms
completed tblastx.threaded-direct n=4 n=4 57 ms
  ✓   7 [chromium] › tests/e2e/engine.spec.ts:138:1 › V-BR: searches through the application give the expected bytes at 1, 2 and 4 threads (6.9s)
[PLUGIN_TIMINGS] JavaScript callbacks ran for 3.1s of this 3.8s build (81%).
1 callback is listed without a time. Its calls overlapped, so the time inside one call includes work from other calls. To find its cost, profile the build with `node --cpu-prof`:
  - plugin vite:worker-import-meta-url transform (4 calls)
See https://rolldown.rs/reference/InputOptions.checks#bundlertimings for more details.

pass [record scanner] scan: one record with regular lines (LF)
pass [record scanner] scan: CRLF line ends
pass [record scanner] scan: lines of different lengths
pass [record scanner] scan: several records, the last without a final newline
pass [record scanner] scan: a blank line inside a sequence
pass [record scanner] scan: interior white space belongs to the sequence, trailing white space does not
pass [record scanner] scan: a non-ASCII header
pass [record scanner] scan: residues keep their case
pass [record scanner] scan: a record without residues
pass [record scanner] scan: an empty record ends the input (bio stops reading there)
pass [record scanner] scan: a header line without a newline at the end of the input
pass [record scanner] scan: an empty input has no records
pass [record scanner] scan: a U+FEFF at the start of a header is part of the ID
pass [record scanner] scan: bytes after the empty record that ends the input are not read
pass [record scanner] scan: a long record (4 checkpoints) with lines of 60 and 61 residues
pass [record scanner] scan: a long record with regular 80-residue lines
pass [record scanner] scan: the parser's error for text before the first header
pass [record scanner] scan: the parser's error for a blank line before the first header
pass [record scanner] scan: the parser's error for white space only
pass [record scanner] scan: the parser's error for a first line that is not a header, before bytes that are not UTF-8
pass [record scanner] scan: the parser's error for bytes that are not UTF-8
pass [record scanner] scan: a multi-byte character split across chunks
pass [record scanner] scan: parser kind 1 is refused until SX
  ✓   8 [firefox] › tests/e2e/engine.spec.ts:94:1 › record scanner contract: the serial reactor (4.3s)
pass [engine input] register: the run proceeds when the record tables agree
completed tblastn.query_batches n=4 n=4 4872 ms
  ✓   6 [chromium] › tests/e2e/engine.spec.ts:213:1 › a search that builds one thread pool after another runs threaded from a new runtime (20.1s)
pass [engine input] register: a query record with another ID stops the run before any output
pass [engine input] register: a subject record with another length stops the run before any output
pass [engine input] register: a missing record stops the run before any output
  ✓   9 [firefox] › tests/e2e/engine.spec.ts:102:3 › engine input contract: the real EngineGateway at 1 thread(s) (1.4s)
cancel n=1: cancelled in 3 ms; next search prepared in 23 ms
pass [engine input] register: the run proceeds when the record tables agree
pass [engine input] register: a query record with another ID stops the run before any output
cancel n=4: cancelled in 3 ms; next search prepared in 42 ms
pass [engine input] register: a subject record with another length stops the run before any output
  ✓  10 [chromium] › tests/e2e/engine.spec.ts:238:1 › a cancelled search ends its runtime; the next search runs in a new one with the expected bytes (1.8s)
pass [engine input] register: a missing record stops the run before any output
  ✓  11 [firefox] › tests/e2e/engine.spec.ts:102:3 › engine input contract: the real EngineGateway at 4 thread(s) (1.4s)
renewed 0 n=1: subject registered
renewed 1 n=1: subject retained
renewed 2 n=4: subject registered
renewed 3 n=4: subject retained
renewed 0 n=1: subject registered
renewed 1 n=1: subject registered
renewed 2 n=4: subject registered
renewed 3 n=4: subject registered
pass [run output, Engine worker] every stream arrives in order and the run commits
  ✓  12 [chromium] › tests/e2e/engine.spec.ts:267:1 › a runtime renewed after every search gives the same bytes and registers the subject again (971ms)
pass [run output, Engine worker] many small chunks and one large chunk arrive unchanged
completed compact.blastn n=4 n=4 213 ms
  ✓  14 [chromium] › tests/e2e/engine.spec.ts:290:1 › without cross-origin isolation, a threaded search runs on the serial module with the reason (404ms)
pass [run output, Engine worker] a run without output commits with empty outputs
pass [run output, Engine worker] staging: a run cannot be read before it is committed, and the commit waits for end
pass [run output, Engine worker] an end whose totals disagree fails the commit and discards the run
pass [run output, Engine worker] a message outside the protocol fails the commit
pass [run output, Engine worker] discard drops a staged run and ignores its late chunks
pass [run output, Engine worker] a committed run is kept by discard and removed by delete
pass [run output, Engine worker] two staged runs keep their outputs apart
pass [run output, Engine worker] the writer refuses to write after end
FAIL [run output, Engine worker] storage full: the run fails with the reason, and committed runs stay readable: ContractError: commit: expected a rejection matching /StorageFullError: Not enough temporary storage/, but it resolved
  ✓  13 [firefox] › tests/e2e/engine.spec.ts:129:1 › run output contract: the writer in the Engine worker, the real Data worker (without storage full) (3.1s)
completed compact.blastn n=1 n=1 426 ms
completed compact.blastn n=2 n=2 214 ms
completed compact.blastn n=4 n=4 175 ms
completed multi.blastn n=1 n=1 187 ms
completed multi.blastn n=2 n=2 195 ms
completed multi.blastn n=4 n=4 207 ms
completed mask.lcase.megablast n=1 n=1 199 ms
completed mask.lcase.megablast n=2 n=2 237 ms
completed mask.lcase.megablast n=4 n=4 190 ms
completed width.blastp n=1 n=1 191 ms
completed width.blastp n=2 n=2 205 ms
completed width.blastp n=4 n=4 206 ms
completed width.tblastn n=1 n=1 826 ms
completed width.tblastn n=2 n=2 803 ms
completed width.tblastn n=4 n=4 358 ms
completed tblastx.multi n=1 n=1 1354 ms
completed tblastx.multi n=2 n=2 1287 ms
completed tblastx.multi n=4 n=4 1962 ms
completed tblastn.code4 n=1 n=1 818 ms
multi.blastn n=1: subject registered
completed tblastn.code4 n=2 n=2 1214 ms
multi.megablast n=1: subject retained
iupac.beyond_table.blastn n=1: subject retained
completed tblastn.code4 n=4 n=4 979 ms
rna.megablast n=1: subject retained
multi.mts3.blastn n=1: subject retained
multi.ws7_e1000.blastn n=4: subject registered
multi.besthit.blastn n=4: subject retained
tblastx.multi n=1: subject registered
tblastx.batch n=1: subject retained
tblastx.mts1 n=4: subject registered
completed tblastn.batches n=1 n=1 5538 ms
tblastx.thrwin n=4: subject retained
  ✓  16 [firefox] › tests/e2e/engine.spec.ts:171:1 › R1: searches of one subject with other queries and options reuse it and give the expected bytes (13.6s)
completed tblastn.batches n=2 n=2 5298 ms
completed tblastn.batches n=4 n=4 4405 ms
completed tblastx.threaded-direct n=1 n=1 710 ms
completed tblastx.threaded-direct n=2 n=2 1016 ms
completed tblastx.threaded-direct n=4 n=4 973 ms
  ✓  15 [firefox] › tests/e2e/engine.spec.ts:138:1 › V-BR: searches through the application give the expected bytes at 1, 2 and 4 threads (33.8s)
[PLUGIN_TIMINGS] JavaScript callbacks ran for 4.2s of this 5.1s build (83%).
The slowest callbacks, timed inside each callback (the wait before a callback starts is excluded, the time it awaits is included):
  - plugin vite:build-html transform (40%, 2.0s, 1 call)
Additional callback time came from the callbacks below and from callbacks under 1s.
1 callback is listed without a time. Its calls overlapped, so the time inside one call includes work from other calls. To find its cost, profile the build with `node --cpu-prof`:
  - plugin vite:worker-import-meta-url transform (4 calls)
See https://rolldown.rs/reference/InputOptions.checks#bundlertimings for more details.

pass [record scanner] scan: one record with regular lines (LF)
pass [record scanner] scan: CRLF line ends
pass [record scanner] scan: lines of different lengths
pass [record scanner] scan: several records, the last without a final newline
pass [record scanner] scan: a blank line inside a sequence
pass [record scanner] scan: interior white space belongs to the sequence, trailing white space does not
pass [record scanner] scan: a non-ASCII header
pass [record scanner] scan: residues keep their case
pass [record scanner] scan: a record without residues
pass [record scanner] scan: an empty record ends the input (bio stops reading there)
pass [record scanner] scan: a header line without a newline at the end of the input
pass [record scanner] scan: an empty input has no records
pass [record scanner] scan: a U+FEFF at the start of a header is part of the ID
pass [record scanner] scan: bytes after the empty record that ends the input are not read
pass [record scanner] scan: a long record (4 checkpoints) with lines of 60 and 61 residues
pass [record scanner] scan: a long record with regular 80-residue lines
pass [record scanner] scan: the parser's error for text before the first header
pass [record scanner] scan: the parser's error for a blank line before the first header
pass [record scanner] scan: the parser's error for white space only
pass [record scanner] scan: the parser's error for a first line that is not a header, before bytes that are not UTF-8
pass [record scanner] scan: the parser's error for bytes that are not UTF-8
pass [record scanner] scan: a multi-byte character split across chunks
pass [record scanner] scan: parser kind 1 is refused until SX
  ✓  18 [webkit] › tests/e2e/engine.spec.ts:94:1 › record scanner contract: the serial reactor (895ms)
pass [engine input] register: the run proceeds when the record tables agree
pass [engine input] register: a query record with another ID stops the run before any output
pass [engine input] register: a subject record with another length stops the run before any output
pass [engine input] register: a missing record stops the run before any output
  ✓  19 [webkit] › tests/e2e/engine.spec.ts:102:3 › engine input contract: the real EngineGateway at 1 thread(s) (1.5s)
pass [engine input] register: the run proceeds when the record tables agree
pass [engine input] register: a query record with another ID stops the run before any output
pass [engine input] register: a subject record with another length stops the run before any output
pass [engine input] register: a missing record stops the run before any output
  ✓  20 [webkit] › tests/e2e/engine.spec.ts:102:3 › engine input contract: the real EngineGateway at 4 thread(s) (1.6s)
pass [run output, Engine worker] every stream arrives in order and the run commits
pass [run output, Engine worker] many small chunks and one large chunk arrive unchanged
pass [run output, Engine worker] a run without output commits with empty outputs
pass [run output, Engine worker] staging: a run cannot be read before it is committed, and the commit waits for end
pass [run output, Engine worker] an end whose totals disagree fails the commit and discards the run
pass [run output, Engine worker] a message outside the protocol fails the commit
pass [run output, Engine worker] discard drops a staged run and ignores its late chunks
pass [run output, Engine worker] a committed run is kept by discard and removed by delete
pass [run output, Engine worker] two staged runs keep their outputs apart
pass [run output, Engine worker] the writer refuses to write after end
FAIL [run output, Engine worker] storage full: the run fails with the reason, and committed runs stay readable: ContractError: commit: expected a rejection matching /StorageFullError: Not enough temporary storage/, but it resolved
  ✓  21 [webkit] › tests/e2e/engine.spec.ts:129:1 › run output contract: the writer in the Engine worker, the real Data worker (without storage full) (1.3s)
completed compact.blastn n=1 n=1 187 ms
completed compact.blastn n=2 n=2 51 ms
completed compact.blastn n=4 n=4 58 ms
completed multi.blastn n=1 n=1 40 ms
completed multi.blastn n=2 n=2 68 ms
completed multi.blastn n=4 n=4 69 ms
completed mask.lcase.megablast n=1 n=1 34 ms
completed mask.lcase.megablast n=2 n=2 57 ms
completed mask.lcase.megablast n=4 n=4 55 ms
completed width.blastp n=1 n=1 61 ms
completed width.blastp n=2 n=2 61 ms
completed width.blastp n=4 n=4 40 ms
completed width.tblastn n=1 n=1 38 ms
completed width.tblastn n=2 n=2 50 ms
completed width.tblastn n=4 n=4 48 ms
completed tblastn.query_batches n=2 n=2 32000 ms
completed tblastx.multi n=1 n=1 148 ms
completed tblastx.multi n=2 n=2 165 ms
completed tblastx.multi n=4 n=4 137 ms
completed tblastn.code4 n=1 n=1 38 ms
completed tblastn.code4 n=2 n=2 46 ms
completed tblastn.code4 n=4 n=4 51 ms
completed tblastn.batches n=1 n=1 919 ms
completed tblastn.batches n=2 n=2 846 ms
completed tblastn.batches n=4 n=4 827 ms
completed tblastx.threaded-direct n=1 n=1 54 ms
completed tblastx.threaded-direct n=2 n=2 60 ms
completed tblastx.threaded-direct n=4 n=4 60 ms
  ✓  22 [webkit] › tests/e2e/engine.spec.ts:138:1 › V-BR: searches through the application give the expected bytes at 1, 2 and 4 threads (7.6s)
[PLUGIN_TIMINGS] JavaScript callbacks ran for 3.8s of this 4.8s build (78%).
1 callback is listed without a time. Its calls overlapped, so the time inside one call includes work from other calls. To find its cost, profile the build with `node --cpu-prof`:
  - plugin vite:worker-import-meta-url transform (4 calls)
See https://rolldown.rs/reference/InputOptions.checks#bundlertimings for more details.

multi.blastn n=1: subject registered
multi.megablast n=1: subject retained
iupac.beyond_table.blastn n=1: subject retained
rna.megablast n=1: subject retained
multi.mts3.blastn n=1: subject retained
multi.ws7_e1000.blastn n=4: subject registered
multi.besthit.blastn n=4: subject retained
tblastx.multi n=1: subject registered
tblastx.batch n=1: subject retained
tblastx.mts1 n=4: subject registered
tblastx.thrwin n=4: subject retained
  ✓  23 [webkit] › tests/e2e/engine.spec.ts:171:1 › R1: searches of one subject with other queries and options reuse it and give the expected bytes (3.7s)
completed tblastn.query_batches n=2 n=2 5175 ms
completed tblastn.query_batches n=4 n=4 5596 ms
  ✓  24 [webkit] › tests/e2e/engine.spec.ts:213:1 › a search that builds one thread pool after another runs threaded from a new runtime (23.2s)
cancel n=1: cancelled in 2 ms; next search prepared in 11 ms
cancel n=4: cancelled in 1 ms; next search prepared in 81 ms
  ✓  25 [webkit] › tests/e2e/engine.spec.ts:238:1 › a cancelled search ends its runtime; the next search runs in a new one with the expected bytes (1.9s)
renewed 0 n=1: subject registered
renewed 1 n=1: subject retained
renewed 2 n=4: subject registered
renewed 3 n=4: subject retained
renewed 0 n=1: subject registered
renewed 1 n=1: subject registered
renewed 2 n=4: subject registered
renewed 3 n=4: subject registered
  ✓  26 [webkit] › tests/e2e/engine.spec.ts:267:1 › a runtime renewed after every search gives the same bytes and registers the subject again (1.6s)
completed compact.blastn n=4 n=4 196 ms
  ✓  27 [webkit] › tests/e2e/engine.spec.ts:290:1 › without cross-origin isolation, a threaded search runs on the serial module with the reason (528ms)
completed tblastn.query_batches n=4 n=4 32623 ms
  ✓  17 [firefox] › tests/e2e/engine.spec.ts:213:1 › a search that builds one thread pool after another runs threaded from a new runtime (1.3m)
cancel n=1: cancelled in 52 ms; next search prepared in 89 ms
cancel n=4: cancelled in 57 ms; next search prepared in 132 ms
  ✓  28 [firefox] › tests/e2e/engine.spec.ts:238:1 › a cancelled search ends its runtime; the next search runs in a new one with the expected bytes (2.7s)
renewed 0 n=1: subject registered
renewed 1 n=1: subject retained
renewed 2 n=4: subject registered
renewed 3 n=4: subject retained
renewed 0 n=1: subject registered
renewed 1 n=1: subject registered
renewed 2 n=4: subject registered
renewed 3 n=4: subject registered
  ✓  29 [firefox] › tests/e2e/engine.spec.ts:267:1 › a runtime renewed after every search gives the same bytes and registers the subject again (2.8s)
completed compact.blastn n=4 n=4 434 ms
  ✓  30 [firefox] › tests/e2e/engine.spec.ts:290:1 › without cross-origin isolation, a threaded search runs on the serial module with the reason (759ms)

  30 passed (2.5m)
exit 0
