[1/4] p12_lc738874_lc738875_default: oracle
[1/4] p12_lc738874_lc738875_default: native run 1
[1/4] p12_lc738874_lc738875_default: native run 2
[1/4] p12_lc738874_lc738875_default: native run 3
[1/4] p12_lc738874_lc738875_default: EXACT_TEXT rows=4319/4319 contract=PASS repeatability=REPEATABLE
[2/4] p13_mela_mje_reverse: oracle
[2/4] p13_mela_mje_reverse: native run 1
[2/4] p13_mela_mje_reverse: native run 2
[2/4] p13_mela_mje_reverse: native run 3
[2/4] p13_mela_mje_reverse: EXACT_TEXT rows=22952/22952 contract=PASS repeatability=REPEATABLE
[3/4] p14_ap027131_ap027133_query4: oracle
[3/4] p14_ap027131_ap027133_query4: native run 1
[3/4] p14_ap027131_ap027133_query4: native run 2
[3/4] p14_ap027131_ap027133_query4: native run 3
[3/4] p14_ap027131_ap027133_query4: EXACT_TEXT rows=14871/14871 contract=PASS repeatability=REPEATABLE
[4/4] d06_ap027131_ap027133_db4: oracle
[4/4] d06_ap027131_ap027133_db4: native run 1
[4/4] d06_ap027131_ap027133_db4: native run 2
[4/4] d06_ap027131_ap027133_db4: native run 3
[4/4] d06_ap027131_ap027133_db4: HSP_SET_DIFF rows=12672/13644 contract=PASS repeatability=REPEATABLE
