[1/20] p01_ap027280_self: oracle
[1/20] p01_ap027280_self: native run 1
[1/20] p01_ap027280_self: native run 2
[1/20] p01_ap027280_self: native run 3
[1/20] p01_ap027280_self: EXACT_TEXT rows=42733/42733 contract=PASS repeatability=REPEATABLE
[2/20] p02_mje_mela: oracle
[2/20] p02_mje_mela: native run 1
[2/20] p02_mje_mela: native run 2
[2/20] p02_mje_mela: native run 3
[2/20] p02_mje_mela: EXACT_TEXT rows=23709/23709 contract=PASS repeatability=REPEATABLE
[3/20] p03_mela_pemojnva: oracle
[3/20] p03_mela_pemojnva: native run 1
[3/20] p03_mela_pemojnva: native run 2
[3/20] p03_mela_pemojnva: native run 3
[3/20] p03_mela_pemojnva: EXACT_TEXT rows=4794/4794 contract=PASS repeatability=REPEATABLE
[4/20] p04_pemojnva_pesemjnv: oracle
[4/20] p04_pemojnva_pesemjnv: native run 1
[4/20] p04_pemojnva_pesemjnv: native run 2
[4/20] p04_pemojnva_pesemjnv: native run 3
[4/20] p04_pemojnva_pesemjnv: EXACT_TEXT rows=34062/34062 contract=PASS repeatability=REPEATABLE
[5/20] p05_pesemjnv_pemojnva: oracle
[5/20] p05_pesemjnv_pemojnva: native run 1
[5/20] p05_pesemjnv_pemojnva: native run 2
[5/20] p05_pesemjnv_pemojnva: native run 3
[5/20] p05_pesemjnv_pemojnva: EXACT_TEXT rows=44838/44838 contract=PASS repeatability=REPEATABLE
[6/20] p06_pemojnva_lvmjnv: oracle
[6/20] p06_pemojnva_lvmjnv: native run 1
[6/20] p06_pemojnva_lvmjnv: native run 2
[6/20] p06_pemojnva_lvmjnv: native run 3
[6/20] p06_pemojnva_lvmjnv: EXACT_TEXT rows=16173/16173 contract=PASS repeatability=REPEATABLE
[7/20] p07_lvmjnv_trcumjnv: oracle
[7/20] p07_lvmjnv_trcumjnv: native run 1
[7/20] p07_lvmjnv_trcumjnv: native run 2
[7/20] p07_lvmjnv_trcumjnv: native run 3
[7/20] p07_lvmjnv_trcumjnv: EXACT_TEXT rows=3301/3301 contract=PASS repeatability=REPEATABLE
[8/20] p08_trcumjnv_mellatmjnv: oracle
[8/20] p08_trcumjnv_mellatmjnv: native run 1
[8/20] p08_trcumjnv_mellatmjnv: native run 2
[8/20] p08_trcumjnv_mellatmjnv: native run 3
[8/20] p08_trcumjnv_mellatmjnv: EXACT_TEXT rows=5804/5804 contract=PASS repeatability=REPEATABLE
[9/20] p09_mellatmjnv_meenmjnv: oracle
[9/20] p09_mellatmjnv_meenmjnv: native run 1
[9/20] p09_mellatmjnv_meenmjnv: native run 2
[9/20] p09_mellatmjnv_meenmjnv: native run 3
[9/20] p09_mellatmjnv_meenmjnv: EXACT_TEXT rows=18560/18560 contract=PASS repeatability=REPEATABLE
[10/20] p10_meenmjnv_mejomjnv: oracle
[10/20] p10_meenmjnv_mejomjnv: native run 1
[10/20] p10_meenmjnv_mejomjnv: native run 2
[10/20] p10_meenmjnv_mejomjnv: native run 3
