PARAM	0	16	16	0
CAND	0	0	0	0
CAND	0	1	1	1
CAND	0	2	2	2
CAND	0	3	80	2
CAND	0	4	16	3
CAND	0	5	81	3
CAND	0	6	3	3
CAND	0	7	17	4
CAND	0	8	4	4
CAND	0	9	43	4
CAND	0	10	5	5
CAND	0	11	6	6
CAND	0	12	7	7
CAND	0	13	8	8
CAND	0	14	9	9
CAND	0	15	10	10
CAND	0	16	11	11
CAND	0	17	12	12
CAND	0	18	13	13
CAND	0	19	14	14
CAND	0	20	41	15
CAND	0	21	15	15
CAND	0	22	16	16
CAND	0	23	3	16
CAND	0	24	17	17
CAND	0	25	4	17
CAND	0	26	18	18
CAND	0	27	19	19
CAND	0	28	20	20
CAND	0	29	21	21
CAND	0	30	22	22
CAND	0	31	23	23
CAND	0	32	24	24
CAND	0	33	25	25
CAND	0	34	26	26
CAND	0	35	27	27
CAND	0	36	28	28
CAND	0	37	29	29
CAND	0	38	30	30
CAND	0	39	31	31
CAND	0	40	32	32
CAND	0	41	33	33
CAND	0	42	34	34
CAND	0	43	35	35
CAND	0	44	36	36
CAND	0	45	86	37
CAND	0	46	37	37
CAND	0	47	38	38
CAND	0	48	113	39
CAND	0	49	39	39
CAND	0	50	40	40
CAND	0	51	41	41
CAND	0	52	15	41
CAND	0	53	42	42
CAND	0	54	4	43
CAND	0	55	43	43
CAND	0	56	44	44
CAND	0	57	45	45
CAND	0	58	46	46
CAND	0	59	47	47
CAND	0	60	48	48
CAND	0	61	49	49
CAND	0	62	50	50
CAND	0	63	51	51
CAND	0	64	52	52
CAND	0	65	53	53
CAND	0	66	54	54
CAND	0	67	55	55
CAND	0	68	56	56
CAND	0	69	57	57
CAND	0	70	78	78
CAND	0	71	79	79
CAND	0	72	2	80
CAND	0	73	80	80
CAND	0	74	81	81
CAND	0	75	3	81
CAND	0	76	82	82
CAND	0	77	83	83
CAND	0	78	84	84
CAND	0	79	85	85
CAND	0	80	86	86
CAND	0	81	37	86
CAND	0	82	87	87
CAND	0	83	88	88
CAND	0	84	89	89
CAND	0	85	90	90
CAND	0	86	91	91
CAND	0	87	92	92
CAND	0	88	93	93
CAND	0	89	94	94
CAND	0	90	95	95
CAND	0	91	96	96
CAND	0	92	97	97
CAND	0	93	98	98
CAND	0	94	99	99
CAND	0	95	100	100
CAND	0	96	101	101
CAND	0	97	102	102
CAND	0	98	103	103
CAND	0	99	104	104
CAND	0	100	105	105
CAND	0	101	106	106
CAND	0	102	107	107
CAND	0	103	108	108
CAND	0	104	109	109
CAND	0	105	110	110
CAND	0	106	111	111
CAND	0	107	112	112
CAND	0	108	113	113
CAND	0	109	39	113
CAND	0	110	114	114
CAND	0	111	115	115
CAND	0	112	116	116
CAND	0	113	117	117
CAND	0	114	118	118
CAND	0	115	119	119
CAND	0	116	120	120
CAND	0	117	121	121
CAND	0	118	122	122
CAND	0	119	123	123
CAND	0	120	124	124
CAND	0	121	125	125
CAND	0	122	126	126
CAND	0	123	127	127
CAND	0	124	128	128
CAND	0	125	129	129
CAND	0	126	130	130
CAND	0	127	131	131
CAND	0	128	132	132
CAND	0	129	133	133
CAND	0	130	134	134
CAND	0	131	135	135
END	0	132
PARAM	1	16	16	0
CAND	1	0	16	4
CAND	1	1	17	5
CAND	1	2	4	5
CAND	1	3	43	5
CAND	1	4	129	9
CAND	1	5	5	10
CAND	1	6	129	12
CAND	1	7	101	40
CAND	1	8	43	52
CAND	1	9	81	54
CAND	1	10	3	54
CAND	1	11	4	55
CAND	1	12	43	55
CAND	1	13	96	83
CAND	1	14	97	84
CAND	1	15	96	88
CAND	1	16	50	89
CAND	1	17	97	89
CAND	1	18	129	90
CAND	1	19	96	95
CAND	1	20	97	96
CAND	1	21	27	126
CAND	1	22	16	129
CAND	1	23	81	129
CAND	1	24	3	129
CAND	1	25	17	130
CAND	1	26	4	130
CAND	1	27	43	130
END	1	28
PARAM	2	16	16	0
CAND	2	0	81	10
CAND	2	1	105	24
CAND	2	2	27	56
CAND	2	3	2	89
CAND	2	4	80	89
CAND	2	5	81	90
CAND	2	6	3	90
CAND	2	7	9	128
END	2	8
PARAM	3	16	16	0
CAND	3	0	97	60
CAND	3	1	7	103
CAND	3	2	125	122
END	3	3
PARAM	4	16	16	0
CAND	4	0	31	5
CAND	4	1	86	26
CAND	4	2	37	26
CAND	4	3	79	26
CAND	4	4	24	38
CAND	4	5	110	44
CAND	4	6	111	45
CAND	4	7	24	124
CAND	4	8	111	126
END	4	9
PARAM	5	16	16	0
CAND	5	0	24	7
CAND	5	1	23	81
CAND	5	2	101	91
END	5	3
