c++/include/algo/blast/blastinput/blast_args.hpp: OK
c++/include/algo/blast/core/blast_options.h: OK
c++/src/algo/blast/api/blast_advprot_options.cpp: OK
c++/src/algo/blast/api/blast_aux.cpp: OK
c++/src/algo/blast/api/blast_objmgr_tools.cpp: OK
c++/src/algo/blast/api/blast_options_local_priv.cpp: OK
c++/src/algo/blast/api/blast_prot_options.cpp: OK
c++/src/algo/blast/api/blast_setup_cxx.cpp: OK
c++/src/algo/blast/api/local_blast.cpp: OK
c++/src/algo/blast/api/prelim_stage.cpp: OK
c++/src/algo/blast/api/tblastn_options.cpp: OK
c++/src/algo/blast/api/traceback_stage.cpp: OK
c++/src/algo/blast/blastinput/blast_args.cpp: OK
c++/src/algo/blast/blastinput/cmdline_flags.cpp: OK
c++/src/algo/blast/blastinput/tblastn_args.cpp: OK
c++/src/algo/blast/core/blast_engine.c: OK
c++/src/algo/blast/core/blast_parameters.c: OK
c++/src/algo/blast/core/blast_traceback.c: OK
c++/src/algo/blast/core/link_hsps.c: OK
c++/src/algo/blast/format/blast_format.cpp: OK
c++/src/app/blast/tblastn_app.cpp: OK
c++/src/objects/seqfeat/gc.prt: OK
c++/src/objtools/align_format/tabular.cpp: OK
