[1/20] p01_ap027280_self: oracle
[1/20] p01_ap027280_self: native run 1
[1/20] p01_ap027280_self: native run 2
[1/20] p01_ap027280_self: native run 3
[1/20] p01_ap027280_self: EXACT_TEXT rows=42733/42733 contract=PASS repeatability=REPEATABLE
[2/20] p02_mje_mela: oracle
[2/20] p02_mje_mela: native run 1
[2/20] p02_mje_mela: native run 2
[2/20] p02_mje_mela: native run 3
[2/20] p02_mje_mela: EXACT_TEXT rows=23709/23709 contract=PASS repeatability=REPEATABLE
[3/20] p03_mela_pemojnva: oracle
[3/20] p03_mela_pemojnva: native run 1
[3/20] p03_mela_pemojnva: native run 2
[3/20] p03_mela_pemojnva: native run 3
[3/20] p03_mela_pemojnva: EXACT_TEXT rows=4794/4794 contract=PASS repeatability=REPEATABLE
[4/20] p04_pemojnva_pesemjnv: oracle
[4/20] p04_pemojnva_pesemjnv: native run 1
[4/20] p04_pemojnva_pesemjnv: native run 2
[4/20] p04_pemojnva_pesemjnv: native run 3
[4/20] p04_pemojnva_pesemjnv: EXACT_TEXT rows=34062/34062 contract=PASS repeatability=REPEATABLE
[5/20] p05_pesemjnv_pemojnva: oracle
[5/20] p05_pesemjnv_pemojnva: native run 1
[5/20] p05_pesemjnv_pemojnva: native run 2
[5/20] p05_pesemjnv_pemojnva: native run 3
[5/20] p05_pesemjnv_pemojnva: EXACT_TEXT rows=44838/44838 contract=PASS repeatability=REPEATABLE
[6/20] p06_pemojnva_lvmjnv: oracle
[6/20] p06_pemojnva_lvmjnv: native run 1
[6/20] p06_pemojnva_lvmjnv: native run 2
[6/20] p06_pemojnva_lvmjnv: native run 3
