# /home/kawato/micromamba/bin/blastn sha256=0b88d4a00cb7fa579c203653151175b24c83d27fe240d420abe7b5261a3083d1 blastn: 2.17.0+ /  Package: blast 2.17.0, build Aug 11 2025 09:46:06
# /home/kawato/micromamba/bin/blastp sha256=fdcbaa25cfdee5359231ae178713d2c28272e694614b847c5b2b7407c3d8a08b blastp: 2.17.0+ /  Package: blast 2.17.0, build Aug 11 2025 09:46:06
# /home/kawato/micromamba/bin/tblastn sha256=e3956f1e107a30439d56c8f72fae4267a7d62ebcc16e4f99d4baf2bdf00402e0 tblastn: 2.17.0+ /  Package: blast 2.17.0, build Aug 11 2025 09:46:06
# /home/kawato/micromamba/bin/tblastx sha256=9b6121d254d2c634114ac91c0bf4faa252b93532b1142cfb3ade2336fb830873 tblastx: 2.17.0+ /  Package: blast 2.17.0, build Aug 11 2025 09:46:06
# /home/kawato/micromamba/bin/makeblastdb sha256=407bf59ec36ee6444104a90f28eab282e374a0dfe4c7ffee89a65d82dc51c4bf makeblastdb: 2.17.0+ /  Package: blast 2.17.0, build Aug 11 2025 09:46:06
fixture_id	wall_s	stdout_sha256	stdout_bytes	stderr_sha256	command
compact.blastn	0.09	b07c001c529d665bce22f80c483d215541ed783846300a547cd24dafdd0e3b21	2625		blastn -query tests/fasta/blastn_parity_compact.fasta -subject tests/fasta/blastn_parity_compact.fasta -task blastn -outfmt 0
compact.megablast	0.07	e163399ebba2fb7feefe965ce127490996ead81f134d151d84951d80a1973c00	2528		blastn -query tests/fasta/blastn_parity_compact.fasta -subject tests/fasta/blastn_parity_compact.fasta -task megablast -outfmt 0
compact.nohit.blastn	0.07	13e991b4ac0b2293d410415036e1f940a9e7cf440139be47e4b6247d31452634	1187		blastn -query tests/fasta/blastn_parity_compact.fasta -subject tests/fasta/blastn_parity_compact.fasta -task blastn -evalue 1e-100 -outfmt 0
compact.nohit.megablast	0.06	a2b6c8c78c4a79afa4ada5eac648333a6f795d0521621c22067caf6f2441a19f	1092		blastn -query tests/fasta/blastn_parity_compact.fasta -subject tests/fasta/blastn_parity_compact.fasta -task megablast -evalue 1e-100 -outfmt 0
LC738874_LC738870.megablast	0.19	a58ca441e92ab7f62a522782e31df963984fb1551eb350ed174aa8b2a2ecb428	52625		blastn -query tests/fasta/LC738874.fasta -subject tests/fasta/LC738870.fasta -task megablast -outfmt 0
AP027152_AP027202.blastn	0.37	411f33e357d7d4490a6e8db24d1a291ef2ba2d6b77101b2792e334818759d052	790115		blastn -query tests/fasta/AP027152.fasta -subject tests/fasta/AP027202.fasta -task blastn -outfmt 0
strand.blastn	0.07	ac48f6a0817ee1d6fe8eae54cd62937e04fddbd7a9e8e23f5c59d47377cb65d6	3896		blastn -query tests/fasta/outfmt0/strand_query.fasta -subject tests/fasta/outfmt0/strand_subject.fasta -task blastn -outfmt 0
strand.megablast	0.07	ed42fddd38486056359eb6c179e83dd0fd0763357d36524d8123de92c5d81af3	3792		blastn -query tests/fasta/outfmt0/strand_query.fasta -subject tests/fasta/outfmt0/strand_subject.fasta -task megablast -outfmt 0
mask.dust.blastn	0.07	4fbb362724b647c4a09cd1fd3b9a96179c06ce807790be2a33e86269a4a9b4fc	2874		blastn -query tests/fasta/outfmt0/mask_query.fasta -subject tests/fasta/outfmt0/mask_subject.fasta -task blastn -outfmt 0
mask.nodust.blastn	0.07	0114eb6f989dad6c860ca8dd77471d8f4f1584b02247c4d1af58b3570aaa9082	2874		blastn -query tests/fasta/outfmt0/mask_query.fasta -subject tests/fasta/outfmt0/mask_subject.fasta -task blastn -dust no -outfmt 0
mask.lcase.blastn	0.06	9c02297a3d3791dcc10ebdfe7d6cb7b9f2328ae0d1b5df548b79078df4fbcefa	2874		blastn -query tests/fasta/outfmt0/mask_query.fasta -subject tests/fasta/outfmt0/mask_subject.fasta -task blastn -lcase_masking -outfmt 0
mask.lcase_nodust.blastn	0.07	beec1d456e1564da80f8a1e2a2d9c853d7fd65cec4552fff69b97cd5b0e98a2a	2874		blastn -query tests/fasta/outfmt0/mask_query.fasta -subject tests/fasta/outfmt0/mask_subject.fasta -task blastn -lcase_masking -dust no -outfmt 0
mask.lcase.megablast	0.07	08a5d43d4f9c855381118f3349b218bbb38b0a69ba883ea7b9c13287e7601b3b	2779		blastn -query tests/fasta/outfmt0/mask_query.fasta -subject tests/fasta/outfmt0/mask_subject.fasta -task megablast -lcase_masking -outfmt 0
mask.subjlc_lcase.blastn	0.07	610f19ee1f363ec83ceb2842b44b5a21569937c43b39055b89617bf460cf415c	2875		blastn -query tests/fasta/outfmt0/mask_query.fasta -subject tests/fasta/outfmt0/mask_subject_lc.fasta -task blastn -lcase_masking -outfmt 0
mask.subjlc.blastn	0.06	7f88c120db55bc2fb911ff528644a687e0d253714b00b088b3cd86ff41d0388f	2875		blastn -query tests/fasta/outfmt0/mask_query.fasta -subject tests/fasta/outfmt0/mask_subject_lc.fasta -task blastn -outfmt 0
mask.lcase_minus.blastn	0.07	88d051c36e0be1a310824ff74212d1076a21014f8ac30c91ada2683f8db8be13	2114		blastn -query tests/fasta/outfmt0/lcase_minus_query.fasta -subject tests/fasta/outfmt0/lcase_minus_subject.fasta -task blastn -outfmt 0
mask.lcase_minus.megablast	0.07	33b711b8b0a18a0bd253916d366c20dbba0519e8e9a6c794be712d00a46ab552	2019		blastn -query tests/fasta/outfmt0/lcase_minus_query.fasta -subject tests/fasta/outfmt0/lcase_minus_subject.fasta -task megablast -outfmt 0
multi.blastn	0.07	426dc0485fe87b6a312407766454e1701a11e0658778747575d96cd33309f6fb	12516		blastn -query tests/fasta/outfmt0/multi_query.fasta -subject tests/fasta/outfmt0/multi_subject.fasta -task blastn -outfmt 0
multi.megablast	0.07	7dcc63f406d27651fcdfa1da5a682ae678bbb5a4bc28631d6c7d23d4b977a8c6	10041		blastn -query tests/fasta/outfmt0/multi_query.fasta -subject tests/fasta/outfmt0/multi_subject.fasta -task megablast -outfmt 0
multi.mts3.blastn	0.06	92bde6e960e0f9745adc3a9f15a5685999c10cd3c4458e36e502ab33208dd9bc	10360	9fb709f79f6e6e7ff87c07795879687085de8b2340e851228b1d14f0d13cc664	blastn -query tests/fasta/outfmt0/multi_query.fasta -subject tests/fasta/outfmt0/multi_subject.fasta -task blastn -max_target_seqs 3 -outfmt 0
multi.mts1.blastn	0.06	4107b52e765a84a91e4c0d6c605816cf38ab3d1e5774fe2cd85bd03d6d39e458	5786	9fb709f79f6e6e7ff87c07795879687085de8b2340e851228b1d14f0d13cc664	blastn -query tests/fasta/outfmt0/multi_query.fasta -subject tests/fasta/outfmt0/multi_subject.fasta -task blastn -max_target_seqs 1 -outfmt 0
multi.ws7_e1000.blastn	0.10	1405ba5ffef4eb2b7e5a528eeda9d758dc5523a10f241468182594c2f3a6e978	68247		blastn -query tests/fasta/outfmt0/multi_query.fasta -subject tests/fasta/outfmt0/multi_subject.fasta -task blastn -word_size 7 -evalue 1000 -outfmt 0
multi.maxhsps1.blastn	0.07	2b5f6f6e2513936601e15614ad568a7cf0b0d761e1a79fad9e34b79a5e2e2434	11034		blastn -query tests/fasta/outfmt0/multi_query.fasta -subject tests/fasta/outfmt0/multi_subject.fasta -task blastn -max_hsps 1 -outfmt 0
multi.perc97.blastn	0.07	f7fcae04e4e01f9ba7be092071af711ee77006578a73e4547aa0ddf62e76fd44	6414		blastn -query tests/fasta/outfmt0/multi_query.fasta -subject tests/fasta/outfmt0/multi_subject.fasta -task blastn -perc_identity 97 -outfmt 0
multi.besthit.blastn	0.07	d8f93e37c875d08c716e6c6b76232672a433f9402bf7298b1629dd95521d0e95	11943		blastn -query tests/fasta/outfmt0/multi_query.fasta -subject tests/fasta/outfmt0/multi_subject.fasta -task blastn -subject_besthit -outfmt 0
multi.r2p3g00.megablast	0.07	13f163f103cc78a333076895064a8626773a1151eb8ead0e938a4a72a5d5cb62	10040		blastn -query tests/fasta/outfmt0/multi_query.fasta -subject tests/fasta/outfmt0/multi_subject.fasta -task megablast -reward 2 -penalty -3 -gapopen 0 -gapextend 0 -outfmt 0
many.blastn	0.12	4f307a6500329975e37ad44dcd9917cbb6df63e110c8d3d28a80a4c51d7819da	264412		blastn -query tests/fasta/outfmt0/many_query.fasta -subject tests/fasta/outfmt0/many_subject.fasta -task blastn -outfmt 0
many.mts255.blastn	0.12	6de101e66acef875d2574a9d13eeb057be0cebb160cbc13c4dfd81738fe6e0c9	268806		blastn -query tests/fasta/outfmt0/many_query.fasta -subject tests/fasta/outfmt0/many_subject.fasta -task blastn -max_target_seqs 255 -outfmt 0
many.mts500.blastn	0.13	b413ff210a6bd062d3cea9cd206192066eb1cde7b916b904aaa478ec0b79d510	274050		blastn -query tests/fasta/outfmt0/many_query.fasta -subject tests/fasta/outfmt0/many_subject.fasta -task blastn -max_target_seqs 500 -outfmt 0
width.blastn	0.07	4e332c670b2dbc8b702060c8ae6334e5f236c583baac66eb130783a2f57d1713	1543		blastn -query tests/fasta/outfmt0/width_query.fasta -subject tests/fasta/outfmt0/width_subject.fasta -task blastn -outfmt 0
width.megablast	0.07	da6b03da2cd2f548ba377c01e7d7b20a324d29b06fc6616d9cb168ad4c317e09	1447		blastn -query tests/fasta/outfmt0/width_query.fasta -subject tests/fasta/outfmt0/width_subject.fasta -task megablast -outfmt 0
edge.allN.blastn	0.06	f7dbaf810bf6f2d26180478192e84487f988221e71e5eaabc6f3a0d50b71548c	889	38d333a184a2339b22316010a99d8bcb3535ceafd54fa90afc78e4b6cc3096a4	blastn -query tests/fasta/outfmt0/edge_allN.fasta -subject tests/fasta/blastn_parity_compact.fasta -task blastn -outfmt 0
edge.alllower_lcase.blastn	0.07	047bbc546ef692327f847bfdeff02f2807609e8ee63f7ea90d02d989c249d987	1851		blastn -query tests/fasta/outfmt0/edge_alllower.fasta -subject tests/fasta/blastn_parity_compact.fasta -task blastn -lcase_masking -outfmt 0
edge.mixed_allN.blastn	0.06	c12cffef6f51b95646e94808e3d4928e0ef22b0aff6d456f115e2bdf72860e6d	2730	46834c321feb92aacc00797f7395103c2ffccec09e6e05c7d6901239d8105f76	blastn -query tests/fasta/outfmt0/edge_mixed_allN.fasta -subject tests/fasta/blastn_parity_compact.fasta -task blastn -outfmt 0
edge.ambig.blastn	0.07	55bf4aeec6b83b67f33f81139260dd1b8cec00a26ad5ceeb579d647b430eaf0d	1625		blastn -query tests/fasta/outfmt0/edge_ambig.fasta -subject tests/fasta/blastn_parity_compact.fasta -task blastn -outfmt 0
edge.ambig.megablast	0.07	ae1576ea35711f025a83dc7e0dc584e7ffeb9c8f32b8ea038845154b5d0d25a5	811		blastn -query tests/fasta/outfmt0/edge_ambig.fasta -subject tests/fasta/blastn_parity_compact.fasta -task megablast -outfmt 0
edge.batch_allN.blastn	0.07	ee15a2ae027f8971a91f4f1a006e8bcca8d5eb3e7669ee79bc87c14ee1c77d03	1891	71960b7f75b7a5e61e83a015c7f67e833c06070d58b750b4dac69d9d448af8e5	blastn -query tests/fasta/outfmt0/edge_batch_allN.fasta -subject tests/fasta/blastn_parity_compact.fasta -task blastn -outfmt 0
edge.batch_allN.megablast	0.07	df02cb57e08babae14ad423c9e5ec5f51d4af963ea662055a1f1565c7ce5b58a	1795	71960b7f75b7a5e61e83a015c7f67e833c06070d58b750b4dac69d9d448af8e5	blastn -query tests/fasta/outfmt0/edge_batch_allN.fasta -subject tests/fasta/blastn_parity_compact.fasta -task megablast -outfmt 0
longdef.megablast	0.07	66d7f924169c77c35d61379f1867b96bc716ecc9e74e57892114b78deca4c623	2998		blastn -query tests/fasta/outfmt0/longdef_query.fasta -subject tests/fasta/outfmt0/longdef_subject.fasta -task megablast -outfmt 0
width.blastp	0.07	2f540da2e4394efa8938825e18298dad06358eccba2367a3fec3bdffc92b2f52	2031		blastp -query tests/fasta/outfmt0/pwidth_q.faa -subject tests/fasta/outfmt0/pwidth_s.faa -outfmt 0
width.tblastn	0.07	29579350cf21d406110c804b880f4426eeca0bd2958984581db315e78cbdd99f	1603		tblastn -query tests/fasta/outfmt0/twidth_q.faa -subject tests/fasta/outfmt0/twidth_s.fna -outfmt 0
scoring.reward1.blastn	0.07	78eec1cbd17e66493a6359180f3c05b55d3b5278b9b5efe4772efcf88dccd01d	12510		blastn -query tests/fasta/outfmt0/multi_query.fasta -subject tests/fasta/outfmt0/multi_subject.fasta -task blastn -reward 1 -penalty -1 -gapopen 2 -gapextend 2 -outfmt 0
scoring.beyond_table.megablast	0.07	7bfe126c84e5b506ebe2af1e10ccd93d09b0604d59f7ddd6d47d796050962c29	10044		blastn -query tests/fasta/outfmt0/multi_query.fasta -subject tests/fasta/outfmt0/multi_subject.fasta -task megablast -gapopen 5 -gapextend 2 -outfmt 0
scoring.divisor.blastn	0.07	f66e7140bc14e1c7d84ff4558cdc8c391660bb8ee0f2356b38d65c3e0b15cefd	12519		blastn -query tests/fasta/outfmt0/multi_query.fasta -subject tests/fasta/outfmt0/multi_subject.fasta -task blastn -reward 4 -penalty -6 -gapopen 10 -gapextend 4 -outfmt 0
scoring.beyond_table_iupac.blastn	0.07	44ca12a08aae4a8a1da65c39fd935ca0fb21753c03f336881f38952f4171d62d	31546		blastn -query tests/fasta/outfmt0/iupac_query.fasta -subject tests/fasta/outfmt0/multi_subject.fasta -task blastn -reward 1 -penalty -3 -gapopen 3 -gapextend 2 -outfmt 0
input.rna.megablast	0.08	cb08f6036ec8b172c0a1248870213162a6380404cb2139bb9074d92f9c65af18	10055		blastn -query tests/fasta/outfmt0/rna_query.fasta -subject tests/fasta/outfmt0/multi_subject.fasta -task megablast -outfmt 0
edge.short_invalid.blastn	0.07	c59cf22ac60eac3573c58b92bb2715321d7ecf11bbe473690f883c3903f222be	31216	c064b98509e8facc60690d69c484f2168744ca7a249571b1e848e3e7d8e89714	blastn -query tests/fasta/outfmt0/edge_short_invalid.fasta -subject tests/fasta/blastn_parity_compact.fasta -task blastn -outfmt 0
tblastx.lc.0	8.58	fac4c8b96864d7efca8deb7d4216f9e1df366567ef8215a2e0d01fc525b5715c	1290091		tblastx -query tests/fasta/LC738874.fasta -subject tests/fasta/LC738875.fasta -outfmt 0
tblastx.lc.7	5.43	a770dbb2bb9717881fbc1a865718ffd16c721b675af6a15d68d6a21709132852	321972		tblastx -query tests/fasta/LC738874.fasta -subject tests/fasta/LC738875.fasta -outfmt 7
tblastx.multi.0	0.13	38d69c9a5b70d456ade106e1b1cac61257f52d144a8cb4f3ea329ea42c8e8f6e	58799		tblastx -query tests/fasta/outfmt0/tblastx_multi_query.fasta -subject tests/fasta/outfmt0/tblastx_multi_subject.fasta -outfmt 0
tblastx.multi.7	0.13	1ea1b68aff0d64821ccfb183c9411249be4d4bfbf7c257fe28d11fd96c880c94	17179		tblastx -query tests/fasta/outfmt0/tblastx_multi_query.fasta -subject tests/fasta/outfmt0/tblastx_multi_subject.fasta -outfmt 7
tblastx.batch.0	0.13	c117ab1246890a40d58f82fdb5e716dbbab6a5a863a93f3915028df1527098be	54533		tblastx -query tests/fasta/outfmt0/tblastx_batch_query.fasta -subject tests/fasta/outfmt0/tblastx_multi_subject.fasta -outfmt 0
tblastx.batch.7	0.12	f4e67cd5eec6d0fd92eade1940c65c9e82bb59a5299106cb0fb49391f9a58a2d	19338		tblastx -query tests/fasta/outfmt0/tblastx_batch_query.fasta -subject tests/fasta/outfmt0/tblastx_multi_subject.fasta -outfmt 7
tblastx.invalid.0	0.09	93c1014a4119e53aa2945f30ae78435ba626197e4694183e6278ce9829c31ee7	11512		tblastx -query tests/fasta/outfmt0/tblastx_invalid_query.fasta -subject tests/fasta/outfmt0/tblastx_multi_subject.fasta -outfmt 0
tblastx.invalid.7	0.08	811864e641a634fd10a1c00834a6a52734865667ec335f89d3321bc0823ffb7e	4196		tblastx -query tests/fasta/outfmt0/tblastx_invalid_query.fasta -subject tests/fasta/outfmt0/tblastx_multi_subject.fasta -outfmt 7
tblastx.unsearched.0	0.09	e7f389a429b106aebb71e5ab6cc5a27285243e8f35fc13cabd0d3c32471324a0	14330	5eaf2dcbe84eaa9ceed9bfd5e8a7cb576d04bbee2db329b923fed0cc2dab33b7	tblastx -query tests/fasta/outfmt0/tblastx_unsearched_query.fasta -subject tests/fasta/outfmt0/tblastx_multi_subject.fasta -outfmt 0
tblastx.unsearched.7	0.09	58ce4b2b600ca595c261630f8cc73b7e786a1df858bb2654dd8d911b91c15e55	5134	5eaf2dcbe84eaa9ceed9bfd5e8a7cb576d04bbee2db329b923fed0cc2dab33b7	tblastx -query tests/fasta/outfmt0/tblastx_unsearched_query.fasta -subject tests/fasta/outfmt0/tblastx_multi_subject.fasta -outfmt 7
tblastx.nohit.0	0.14	0cd9660d90221e8444f1b2d2949b6e4e7ee70a3e71f82faba81516593a12bed6	9797		tblastx -query tests/fasta/outfmt0/tblastx_multi_query.fasta -subject tests/fasta/outfmt0/tblastx_multi_subject.fasta -evalue 1e-100 -outfmt 0
tblastx.nohit.7	0.12	490f34d604743a21e00e7f4c040483ce612feaa0f8ecbb904d3d2ff903da55ee	3025		tblastx -query tests/fasta/outfmt0/tblastx_multi_query.fasta -subject tests/fasta/outfmt0/tblastx_multi_subject.fasta -evalue 1e-100 -outfmt 7
tblastx.mts1.0	0.12	eb5b017400c361006a3916c7b4f44d58a5ce8ea8aed7fa55447c773747cdc383	42679	f9d83f3bfd617fac48221b7c7ff9ab74cc1c5185cabb1321e2b1f090e87cbafb	tblastx -query tests/fasta/outfmt0/tblastx_multi_query.fasta -subject tests/fasta/outfmt0/tblastx_multi_subject.fasta -max_target_seqs 1 -outfmt 0
tblastx.mts1.7	0.12	b7d06d5b90bc408889a78496022f3b4639e7d31329762e2ae9161502889470cb	12424	f9d83f3bfd617fac48221b7c7ff9ab74cc1c5185cabb1321e2b1f090e87cbafb	tblastx -query tests/fasta/outfmt0/tblastx_multi_query.fasta -subject tests/fasta/outfmt0/tblastx_multi_subject.fasta -max_target_seqs 1 -outfmt 7
tblastx.mts3.0	0.12	9dc73360187fe543af966020c7b99275a2529a8cb51be175c88dc58af0336c6b	55302	f9d83f3bfd617fac48221b7c7ff9ab74cc1c5185cabb1321e2b1f090e87cbafb	tblastx -query tests/fasta/outfmt0/tblastx_multi_query.fasta -subject tests/fasta/outfmt0/tblastx_multi_subject.fasta -max_target_seqs 3 -outfmt 0
tblastx.segno.0	0.10	8b6365a345cab3c476b7f627bc95afc35b89f755025cb6db980ba29353884d01	71058		tblastx -query tests/fasta/outfmt0/tblastx_code4_query.fasta -subject tests/fasta/outfmt0/tblastx_code4_subject.fasta -query_gencode 4 -seg no -outfmt 0
tblastx.thrwin.0	0.18	e002b02d42e49cbbbbfab3dd3931594140f61a20806426f3ca6e1a95f5c7a280	73767		tblastx -query tests/fasta/outfmt0/tblastx_multi_query.fasta -subject tests/fasta/outfmt0/tblastx_multi_subject.fasta -threshold 11 -window_size 25 -outfmt 0
tblastx.ambig.0	0.09	ac0778575207be591ce0deeeae64d36aed2594c5970f903358af1dade3958253	65541		tblastx -query tests/fasta/outfmt0/tblastx_ambig_query.fasta -subject tests/fasta/outfmt0/tblastx_ambig_subject.fasta -outfmt 0
tblastx.ambig.7	0.09	a4b1f962cdd72d1c43867497113c4f5e344325c2c2defc334ac9b03189cba6b8	18051		tblastx -query tests/fasta/outfmt0/tblastx_ambig_query.fasta -subject tests/fasta/outfmt0/tblastx_ambig_subject.fasta -outfmt 7
tblastx.code4q.0	0.09	4f835801ee9ce1540cf42662f5597553a4a048cd66daaf8d835e862e5eac78f4	13035		tblastx -query tests/fasta/outfmt0/tblastx_code4_query.fasta -subject tests/fasta/outfmt0/tblastx_code4_subject.fasta -query_gencode 4 -outfmt 0
tblastx.code4q.7	0.10	ddb2a41db2b55eddb5e609930b6b71613c3ffe29c8505f4ccc4843417e321303	4588		tblastx -query tests/fasta/outfmt0/tblastx_code4_query.fasta -subject tests/fasta/outfmt0/tblastx_code4_subject.fasta -query_gencode 4 -outfmt 7
tblastx.code4.0	0.10	ca2ecccf6c17f7173a16dd5647d48c9b91fa879417cde29a931aa97c5ad6891f	13035		tblastx -query tests/fasta/outfmt0/tblastx_code4_query.fasta -subject tests/fasta/outfmt0/tblastx_code4_subject.fasta -query_gencode 4 -db_gencode 4 -outfmt 0
tblastx.code4.7	0.12	18d0b975951d316acabc4738403720636a064d1d71490b24bdce81a7b7b11cd6	4588		tblastx -query tests/fasta/outfmt0/tblastx_code4_query.fasta -subject tests/fasta/outfmt0/tblastx_code4_subject.fasta -query_gencode 4 -db_gencode 4 -outfmt 7
tblastx.many.0	0.14	364222301fec36fd9f8400763adfc2bdbe1db4a372b4a6086e042276c00e3727	386114		tblastx -query tests/fasta/outfmt0/tblastx_many_query.fasta -subject tests/fasta/outfmt0/tblastx_many_subject.fasta -outfmt 0
tblastx.many.7	0.13	e4cc76907e9bd4c3adc7183bbfa87a16e51e0229cef4a82ae73b6062e5a68684	72688		tblastx -query tests/fasta/outfmt0/tblastx_many_query.fasta -subject tests/fasta/outfmt0/tblastx_many_subject.fasta -outfmt 7
tblastx.many_mts255.0	0.12	a46b1b9fee5f739e5216c7241e81417ff7d4086f5cf31930794ba5c27dc62ac8	390670		tblastx -query tests/fasta/outfmt0/tblastx_many_query.fasta -subject tests/fasta/outfmt0/tblastx_many_subject.fasta -max_target_seqs 255 -outfmt 0
seg.blastp.6	0.07	61c0c1f8ee7ed77bc2f8997415a839280f7a14f3786045f9b3eb99a1aa9db6c5	49		blastp -query tests/fasta/outfmt0/blastp_seg_query.faa -subject tests/fasta/outfmt0/blastp_seg_subject.faa -seg yes -outfmt 6
dc.default	0.10	83cac590ee9802a1f2c987569acb5468781a4fcd4a9a9ac8c8b46967c1fbff25	62546		blastn -query tests/fasta/outfmt0/dc_query.fasta -subject tests/fasta/outfmt0/dc_subject.fasta -task dc-megablast -outfmt 0
dc.default.7	0.10	9db2a6385a2a654f84459fe44355c70d3ed598f7c30fceca7f7c95813aca55e0	1988		blastn -query tests/fasta/outfmt0/dc_query.fasta -subject tests/fasta/outfmt0/dc_subject.fasta -task dc-megablast -outfmt 7
dc.small	0.07	4c84fd3428b0114f7d0f8f8418d602818307db190d0af6c4184dc39e92346726	8634		blastn -query tests/fasta/outfmt0/dc_small_query.fasta -subject tests/fasta/outfmt0/dc_subject.fasta -task dc-megablast -outfmt 0
dc.optimal16	0.09	c9906cc1ee690fadb365101d8bdc8ca452687de0b04c0217c22d126eb9b16451	58476		blastn -query tests/fasta/outfmt0/dc_query.fasta -subject tests/fasta/outfmt0/dc_subject.fasta -task dc-megablast -template_type optimal -template_length 16 -outfmt 0
dc.two21	0.13	13ae6920df79b0c07df877346ba88c3e638a6a416274a8e7a6e7039d2e4f9a3b	62546		blastn -query tests/fasta/outfmt0/dc_query.fasta -subject tests/fasta/outfmt0/dc_subject.fasta -task dc-megablast -template_type coding_and_optimal -template_length 21 -outfmt 0
dc.word12_coding18.7	0.11	f4136da550a5be54f263dec116b7115cfa436021d358ea0ef7157cd90f8ad8b1	1866		blastn -query tests/fasta/outfmt0/dc_query.fasta -subject tests/fasta/outfmt0/dc_subject.fasta -task dc-megablast -word_size 12 -template_type coding -template_length 18 -outfmt 7
dc.lcase	0.10	d6f86f219c05280d25204f7f7dcf080dee9a6c6f9374809ef03b22bf92227641	62546		blastn -query tests/fasta/outfmt0/dc_query.fasta -subject tests/fasta/outfmt0/dc_subject.fasta -task dc-megablast -lcase_masking -outfmt 0
dc.nodust	0.21	8fd05b774c9351fe7bdcceb55cf2df92fd0d614290adb689aaaded5cd7a2df0f	200938		blastn -query tests/fasta/outfmt0/dc_query.fasta -subject tests/fasta/outfmt0/dc_subject.fasta -task dc-megablast -dust no -outfmt 0
dc.scores	0.09	bb1069555b84db1ad3154c59b44eb585d2a1509cc530faf4aedbe51911aacb6a	36447		blastn -query tests/fasta/outfmt0/dc_query.fasta -subject tests/fasta/outfmt0/dc_subject.fasta -task dc-megablast -reward 1 -penalty -2 -gapopen 5 -gapextend 2 -outfmt 0
dc.max	0.10	2d1423c28f2b72e3d34511cea8170162b2f69c2937be585954b9257bac78feb1	21991	9fb709f79f6e6e7ff87c07795879687085de8b2340e851228b1d14f0d13cc664	blastn -query tests/fasta/outfmt0/dc_query.fasta -subject tests/fasta/outfmt0/dc_subject.fasta -task dc-megablast -max_target_seqs 1 -max_hsps 2 -evalue 1e-10 -outfmt 0
dc.megablast_template	0.12	6dadcf5cac4c9b98022ba9585b5542f55df5bdf13bad53c64321d4b154fb2103	55846		blastn -query tests/fasta/outfmt0/dc_query.fasta -subject tests/fasta/outfmt0/dc_subject.fasta -task megablast -word_size 12 -template_type optimal -template_length 18 -outfmt 0
dc.nohit	0.09	86330b175145f148985d5655e2125628f675f9a54c9f88650b859cfcbdac1a94	17041		blastn -query tests/fasta/outfmt0/dc_query.fasta -subject tests/fasta/outfmt0/dc_subject.fasta -task dc-megablast -evalue 1e-200 -outfmt 0
short.default	0.09	ef22741569925214494ab2f5308c44ebbaae909517d53d74630a01741e10ccb5	86690		blastn -query tests/fasta/outfmt0/short_query.fasta -subject tests/fasta/outfmt0/short_subject.fasta -task blastn-short -outfmt 0
short.default.7	0.09	dc37ce17936aaaf699cda94fe6e8ae1ab6a4fc1be78a0c26fa7d328e9ab998f7	22643		blastn -query tests/fasta/outfmt0/short_query.fasta -subject tests/fasta/outfmt0/short_subject.fasta -task blastn-short -outfmt 7
short.word11	0.09	1790c5a311de41b3ba992db7c28897eaf2e7f1ea45d0ca544c9482e065243369	15280		blastn -query tests/fasta/outfmt0/short_query.fasta -subject tests/fasta/outfmt0/short_subject.fasta -task blastn-short -word_size 11 -outfmt 0
short.scores	0.09	23f9cf261c62912f566981f29a3cd5c1b58488bb9933beed05a9eae8e7b6b8d6	87045		blastn -query tests/fasta/outfmt0/short_query.fasta -subject tests/fasta/outfmt0/short_subject.fasta -task blastn-short -reward 2 -penalty -3 -outfmt 0
short.evalue10	0.08	3d292dba3ff9f5847cd2d0a8b29ec8649d803fdda4e2ecd0a013d8f283d2142c	58690		blastn -query tests/fasta/outfmt0/short_query.fasta -subject tests/fasta/outfmt0/short_subject.fasta -task blastn-short -evalue 10 -outfmt 0
short.dust	0.08	b44d8379b8bcb26f25e1b9d1f4b7b3855d2df2d3b39bd2912651012d2c190d9a	63338		blastn -query tests/fasta/outfmt0/short_query.fasta -subject tests/fasta/outfmt0/short_subject.fasta -task blastn-short -dust yes -outfmt 0
short.lcase	0.08	79d3c17503ae6bed63455b29b28df10c6ea8887af3c58f6800baefc1e00c5c41	78751		blastn -query tests/fasta/outfmt0/short_query.fasta -subject tests/fasta/outfmt0/short_subject.fasta -task blastn-short -lcase_masking -outfmt 0
short.max	0.07	1b3d9933a387484f8c57044a8a290589bef460c1f7aff47aeb0a5529340d5bf3	9750	9fb709f79f6e6e7ff87c07795879687085de8b2340e851228b1d14f0d13cc664	blastn -query tests/fasta/outfmt0/short_query.fasta -subject tests/fasta/outfmt0/short_subject.fasta -task blastn-short -max_target_seqs 1 -max_hsps 3 -outfmt 0
short.nohit	0.07	51bc2d8a1a0bde20405bd4d2bb667c7d054e8ffeca085031ca98d1759e5434fb	893		blastn -query tests/fasta/outfmt0/short_nohit_query.fasta -subject tests/fasta/outfmt0/short_subject.fasta -task blastn-short -evalue 1e-5 -outfmt 0
punct.tblastx	0.16	99957e6a0163a3db08572e8138318a0101039438a408aaf79e7431967e729d18	4925		tblastx -query tests/fasta/outfmt0/tblastx_many_query.fasta -subject tests/fasta/outfmt0/punct_hits_subject.fna -outfmt 0
punct.tblastn	0.08	63fb0e10873c5c42feebc2cd0b6f434a87d79e7ba9bb2aa68778eb25348198a5	2504		tblastn -query tests/fasta/outfmt0/punct_hits_query.faa -subject tests/fasta/outfmt0/punct_hits_subject.fna -outfmt 0
method.blastp	0.20	8490f138d942322c85f15c56de85415e2db297182f2fe55112fa0f6ecb2a18c4	35256		blastp -query tests/fasta/outfmt0/e2e_protein_query.faa -subject tests/fasta/outfmt0/e2e_protein_subject.faa -outfmt 0
e2e.blastp.seg_lcase	0.12	7359a923e6093f8e2b79b3dcfcfaa07dc4d4b898da0d639eb3b00c7d212acb0e	29629		blastp -query tests/fasta/outfmt0/e2e_protein_query.faa -subject tests/fasta/outfmt0/e2e_protein_subject.faa -seg yes -outfmt 0
e2e.blastp.seg_window	0.13	9ea0a25075234e7d3133d74aef342c217971e92a155464b56e546d4ec20e30f9	30407		blastp -query tests/fasta/outfmt0/e2e_protein_query.faa -subject tests/fasta/outfmt0/e2e_protein_subject.faa -seg '10 1.8 2.1' -outfmt 0
e2e.blastp.matrix_case	0.21	a4a033bdaca09ae14d3c2cb6ad439a1ca27e46fc88da57456849c61c264ad0d3	35256		blastp -query tests/fasta/outfmt0/e2e_protein_query.faa -subject tests/fasta/outfmt0/e2e_protein_subject.faa -matrix blosum62 -outfmt 0
e2e.blastp.threshold_real	0.20	8f8f6e33c5f19074e93d69ed241a02403c7dd77f692bc74c166c904e23c63602	35258		blastp -query tests/fasta/outfmt0/e2e_protein_query.faa -subject tests/fasta/outfmt0/e2e_protein_subject.faa -threshold 11.5 -outfmt 0
e2e.blastp.threshold_inf	0.19	949682fa2a9896252b9d5b9afb66585f48592c177b176895ff8634c690343b21	972		blastp -query tests/fasta/outfmt0/e2e_many_query.faa -subject tests/fasta/outfmt0/e2e_protein_subject.faa -threshold +inf -outfmt 6
e2e.blastp.word5	0.12	0c4e34fd4b6e9002b5c4038952a67afdd2df0f9b7387208d4f17702599323b41	19056		blastp -query tests/fasta/outfmt0/e2e_protein_query.faa -subject tests/fasta/outfmt0/e2e_protein_subject.faa -word_size 5 -outfmt 0
e2e.blastp.fast	0.10	e0d6b5a38a853f622367cb6d5088a7ebd5fa3687178a6301dd7f56ec4274339a	18446		blastp -query tests/fasta/outfmt0/e2e_protein_query.faa -subject tests/fasta/outfmt0/e2e_protein_subject.faa -task blastp-fast -outfmt 0
e2e.blastp.evalue_huge	1.22	97960564a8cda3147ca2e3e09053dcc824f6c8a68033f9b9019bec7e8c0e528e	1313934		blastp -query tests/fasta/outfmt0/e2e_protein_query.faa -subject tests/fasta/outfmt0/e2e_protein_subject.faa -evalue 1e308 -outfmt 0
e2e.blastp.evalue_huge7	1.21	6d4657e17254068ff4d680a9217aeb3700f694d1a967f6e520e30bc590db7784	328134		blastp -query tests/fasta/outfmt0/e2e_protein_query.faa -subject tests/fasta/outfmt0/e2e_protein_subject.faa -evalue 1e308 -outfmt 7
e2e.blastp.mts3	0.21	61dd2271558626fbdec246fcf158f38b520dee8788f66317c97a13525ec7e72c	32551	ed6f888ae1ef1cf4f7cc1b594f7d64d8e904b079f43032ae6b4d616ca3a77825	blastp -query tests/fasta/outfmt0/e2e_protein_query.faa -subject tests/fasta/outfmt0/e2e_protein_subject.faa -max_target_seqs 3 -outfmt 0
e2e.tblastn.evalue_huge	0.71	d5188fe22f37297ba866697653fe2685b5441a421abeb6eb320436f32d779ba7	521103		tblastn -query tests/fasta/outfmt0/e2e_protein_query.faa -subject tests/fasta/outfmt0/e2e_tblastn_subject.fna -evalue 100000 -outfmt 0
e2e.tblastn.evalue_inf	0.72	d721e68b1b7866f356d884d5811ff0550280ba7950491e76743f3729876ac322	150594		tblastn -query tests/fasta/outfmt0/e2e_protein_query.faa -subject tests/fasta/outfmt0/e2e_tblastn_subject.fna -evalue 1e308 -outfmt 6
e2e.tblastn.xdrop_final	0.11	6da842f85df44d8f1c028fb0aa94fcf6f79b6453d592847aa6ee19e4a34476b1	16349		tblastn -query tests/fasta/outfmt0/e2e_protein_query.faa -subject tests/fasta/outfmt0/e2e_tblastn_subject.fna -xdrop_gap_final 1e9 -outfmt 0
e2e.tblastn.xdrop_prelim	0.12	7f3748a3c177ac6e051705ba81869dedd86f71993f25756ff94228b0d22bdabf	1742		tblastn -query tests/fasta/outfmt0/e2e_protein_query.faa -subject tests/fasta/outfmt0/e2e_tblastn_subject.fna -xdrop_gap 1e9 -outfmt 6
e2e.tblastn.matrix_case	0.12	15fd06381f063186d67ab951cf271aaaacf8df51b90535b4aa72c95d31b2509a	25421		tblastn -query tests/fasta/outfmt0/e2e_protein_query.faa -subject tests/fasta/outfmt0/e2e_tblastn_subject.fna -matrix blosum62 -outfmt 0
e2e.tblastn.b45	0.11	917e91b390ba504dd8c66242600e480109eb62ad5e3fc4971656643f91aec9b4	39138		tblastn -query tests/fasta/outfmt0/e2e_protein_query.faa -subject tests/fasta/outfmt0/e2e_tblastn_subject.fna -matrix BLOSUM45 -word_size 2 -comp_based_stats 0 -outfmt 0
e2e.tblastn.flags	0.13	83af9c357f22748ac9004dc02f988ff16771973bac8b056dfe162459d3df686b	4668		tblastn -query tests/fasta/outfmt0/e2e_protein_query.faa -subject tests/fasta/outfmt0/e2e_tblastn_subject.fna -soft_masking on -sum_stats F -max_target_seqs 0x10 -outfmt 7
e2e.tblastx.threshold_real	0.14	f25fff5f57e1d97e13ba9e6752f51cf4ec9cb833688c056601525eb2efeb18d3	58801		tblastx -query tests/fasta/outfmt0/tblastx_multi_query.fasta -subject tests/fasta/outfmt0/tblastx_multi_subject.fasta -threshold 13.5 -outfmt 0
e2e.blastp.many	0.19	bc6446b64314a7f2c9d3db0f1ff8d2f3fa7c2e72e8c352f9288eb8bfd050e88b	269059		blastp -query tests/fasta/outfmt0/e2e_many_query.faa -subject tests/fasta/outfmt0/e2e_many_subject.faa -outfmt 0
e2e.blastp.many_mts280	0.19	a3c2f8162e320eca9713509b5fa83965236d7536cf0c0d31a962bbd5b9fdb214	296411		blastp -query tests/fasta/outfmt0/e2e_many_query.faa -subject tests/fasta/outfmt0/e2e_many_subject.faa -max_target_seqs 280 -outfmt 0
e2e.tblastn.many	0.26	deba3f1b456845fca4a5a785c13929222724f8ad4e215e59f5c555b1acae4c5a	255916		tblastn -query tests/fasta/outfmt0/e2e_many_query.faa -subject tests/fasta/outfmt0/e2e_many_subject.fna -outfmt 0
e2e.tblastn.many_mts280	0.27	fb2a96e6fd03c3c8f8473fa241e09a7114d2787a7571ec288b9445845300ad64	280754		tblastn -query tests/fasta/outfmt0/e2e_many_query.faa -subject tests/fasta/outfmt0/e2e_many_subject.fna -max_target_seqs 280 -outfmt 0
e2e.blastp.titles	0.16	b06378f3798cd4d48f5017e3966e62f0420d98a54fde2fa7f1d5333e43b18e04	27020	071887da2242b5a50130a83fefaab318965c20b0ecd1ae913cbf8746d4f6629a	blastp -query tests/fasta/outfmt0/e2e_protein_query.faa -subject tests/fasta/outfmt0/e2e_titles_subject.faa -outfmt 0
e2e.tblastn.amb	0.12	b9595872d9a793df3ed5d293d73bc0f29219e598b447393e91a446333820e703	23994		tblastn -query tests/fasta/outfmt0/e2e_protein_query.faa -subject tests/fasta/outfmt0/e2e_amb_subject.fna -outfmt 0
e2e.blastp.invalid_o	0.08	95c5fca59c88a42d10810ffe3968cb0e9621d55936d84363032b980c94d735d2	5569	fed7ea1f48b7e077a6ba11a7787339c8740c1cfa0631f205eea9c6c6f25bafd6	blastp -query tests/fasta/outfmt0/e2e_invalid_query.faa -subject tests/fasta/outfmt0/e2e_protein_subject.faa -outfmt 0
e2e.blastp.invalid_o7	0.09	9c8b7c39b1f2a091f8420ca21c0c8ebfbd7c08b2d3a6b77058a6c7b945626529	1284	fed7ea1f48b7e077a6ba11a7787339c8740c1cfa0631f205eea9c6c6f25bafd6	blastp -query tests/fasta/outfmt0/e2e_invalid_query.faa -subject tests/fasta/outfmt0/e2e_protein_subject.faa -outfmt 7
e2e.blastp.allx	0.09	86e5d8f27df63edd6b0fd8ce51fa4bf5e4c35782952ee1fdbe47b1bb3ff3c8bb	1294	c8ee41571ccbc248ebfcc250ab38f862ba7d2654862656772aabd7c8983e3b67	blastp -query tests/fasta/outfmt0/e2e_allx_query.faa -subject tests/fasta/outfmt0/e2e_protein_subject.faa -outfmt 0
e2e.blastp.allx7	0.07	349e73a052be4825f30a0da5cff44292516a2bc1fa6ae820e8392a9be0266ae3	155	c8ee41571ccbc248ebfcc250ab38f862ba7d2654862656772aabd7c8983e3b67	blastp -query tests/fasta/outfmt0/e2e_allx_query.faa -subject tests/fasta/outfmt0/e2e_protein_subject.faa -outfmt 7
e2e.blastp.o_subject	0.17	c0278dff742ff07cb52d678390ae9218d66a69b84e22fa221dd48b8daed548a4	31502		blastp -query tests/fasta/outfmt0/e2e_protein_query.faa -subject tests/fasta/outfmt0/e2e_o_subject.faa -outfmt 0
e2e.tblastn.invalid_o	0.07	6741d562af39a0c254c132adb955470fa29d0680779ab4003d86d9fd4c3451d8	1448	67317178f8db16a8ab0780b2bb2ec8c80738ec82c0113aee20375e62ee8e5b80	tblastn -query tests/fasta/outfmt0/e2e_invalid_query.faa -subject tests/fasta/outfmt0/e2e_tblastn_subject.fna -outfmt 0
e2e.blastp.empty_subject	0.22	03ecc7763f59f1d4043b174b68de76fb0391bb379543ddd71891e3c150d0107c	36513	ed1b20a590a3a2cd1058b77f0af183dd2567681c25f108b8d81e7446f9701310	blastp -query tests/fasta/outfmt0/e2e_protein_query.faa -subject tests/fasta/outfmt0/e2e_empty_subject.faa -outfmt 0
e2e.blastp.o_identity	0.09	b081ddc7d170430002582262e449dba8cb3318d47f40d1f9d25273098ebf3ab9	41	298d6e19aa504628bf936e1857b0a7860b4585f9d3d3c9a6bdd2943059e783a6	blastp -query tests/fasta/outfmt0/e2e_o_identity_query.faa -subject tests/fasta/outfmt0/e2e_o_identity_subject.faa -outfmt 6
e2e.blastp.o_identity0	0.08	df51c54c4084bd803bf92b35704ba9ff3ea1a7f9ce1ad8a5b67808eed7016294	3662	298d6e19aa504628bf936e1857b0a7860b4585f9d3d3c9a6bdd2943059e783a6	blastp -query tests/fasta/outfmt0/e2e_o_identity_query.faa -subject tests/fasta/outfmt0/e2e_o_identity_subject.faa -outfmt 0
e2e.blastp.empty_only	0.09	89f69329c5b0f22e231a9bc33ebe9f4c03b32d7e3b917879e1b4c60348362469	3924	252a950dfc6981820b7cfd957a467e99ac29fdc3edd768964c143b3ba8346be1	blastp -query tests/fasta/outfmt0/e2e_protein_query.faa -subject tests/fasta/outfmt0/e2e_empty_only_subject.faa -outfmt 0
e2e.blastp.o_invalid_order	0.09	e3b0c44298fc1c149afbf4c8996fb92427ae41e4649b934ca495991b7852b855	0	2ad18b8f306d3ee35725e64672873228040132639d87c5923c32c6f0b7f02df1	blastp -query tests/fasta/outfmt0/e2e_o_invalid_query.faa -subject tests/fasta/outfmt0/e2e_protein_subject.faa -outfmt 6
e2e.tblastn.o_invalid_order	0.09	e3b0c44298fc1c149afbf4c8996fb92427ae41e4649b934ca495991b7852b855	0	56a455bd3bd355d53e65b629af657d94820aa24c823611763e6c7309bcbbaefe	tblastn -query tests/fasta/outfmt0/e2e_o_invalid_query.faa -subject tests/fasta/outfmt0/e2e_tblastn_subject.fna -outfmt 6
e2e.blastp.mts_wrap	0.27	fcc6520fda9a7829af333b6bfb47c888288799ae9d5c31e771ad77d40ec39ff0	3422		blastp -query tests/fasta/outfmt0/e2e_protein_query.faa -subject tests/fasta/outfmt0/e2e_many_subject.faa -max_target_seqs 2147483647 -outfmt 6
e2e.tblastn.fence_xdrop	0.15	44339d0f7bc41f3acae71b161943f54a1ed00e40654868d29359e4346e3793ba	52807		tblastn -query tests/fasta/outfmt0/e2e_protein_query.faa -subject tests/fasta/outfmt0/e2e_many_subject.fna -comp_based_stats 0 -xdrop_gap 5 -xdrop_gap_final 5 -outfmt 6
e2e.tblastn.fence_xdrop_huge	0.17	6179237e126ef57ddfb7b0f66e586efcce01452385f630deec13e4699db93acd	38689		tblastn -query tests/fasta/outfmt0/e2e_protein_query.faa -subject tests/fasta/outfmt0/e2e_many_subject.fna -comp_based_stats 0 -xdrop_gap_final 1e10 -outfmt 6
e2e.tblastn.hardmask_mts1	0.14	966c2742c3e88264f4f2701ea25ee4500d206e17ce0f79aa68734bcb3fc73312	1756	b365c309678c74a663335207f92f7f502a3b93e31d0a89ed7a2b5ef3344fa975	tblastn -query tests/fasta/outfmt0/e2e_gen_q_lc.faa -subject tests/fasta/outfmt0/e2e_gen_s.fna -comp_based_stats 0 -lcase_masking -seg no -max_target_seqs 1 -outfmt 6
e2e.tblastn.hardmask_b45_mts2	0.14	0b614162e8f4fd214e9e9cfced0e6340def0dc475f7e9a95e7566cb85ab5c418	2829	b365c309678c74a663335207f92f7f502a3b93e31d0a89ed7a2b5ef3344fa975	tblastn -query tests/fasta/outfmt0/e2e_gen_q_lc.faa -subject tests/fasta/outfmt0/e2e_gen_s.fna -matrix BLOSUM45 -word_size 2 -comp_based_stats 0 -lcase_masking -seg no -max_target_seqs 2 -outfmt 6
e2e.tblastn.b45_frame_ties	0.13	0ea858d7b464d233f54d285fd6b0a9306b4412652189f8e870fe728ce7402977	30370		tblastn -query tests/fasta/outfmt0/e2e_frame_tie_query.faa -subject tests/fasta/outfmt0/e2e_frame_tie_subject.fna -matrix BLOSUM45 -word_size 2 -comp_based_stats 0 -evalue 1000 -outfmt 6
e2e.tblastn.b45_frame_ties_fmt0	0.14	e3cb5e31971264709d371a88b7c6bb7d36ff79c521966f49920d1f418d4224de	90715		tblastn -query tests/fasta/outfmt0/e2e_frame_tie_query.faa -subject tests/fasta/outfmt0/e2e_frame_tie_subject.fna -matrix BLOSUM45 -word_size 2 -comp_based_stats 0 -evalue 1000 -outfmt 0
e2e.tblastn.query_split	0.29	a56467e6a82df343f85ff784ca869bf65e8c55582bf4c0cb68f082ef79971116	462		tblastn -query tests/fasta/outfmt0/e2e_split_query.faa -subject tests/fasta/outfmt0/e2e_split_subject.fna -outfmt 6
e2e.tblastn.query_split_fmt0	0.28	8bca329b7824aaef3836e99881ff7c753e73f8e5bc7e17912d5a4490c4a62f7e	39822		tblastn -query tests/fasta/outfmt0/e2e_split_query.faa -subject tests/fasta/outfmt0/e2e_split_subject.fna -outfmt 0
e2e.tblastn.query_split_two	0.80	39865caeb16cf0f3c7eed73ca59a010c193add351c3c10120aba1c9ef7207832	135838		tblastn -query tests/fasta/outfmt0/e2e_split_two_query.faa -subject tests/fasta/outfmt0/e2e_split_subject.fna -comp_based_stats 0 -evalue 1000 -outfmt 6
e2e.blastp.query_split	1.66	dfdd8fbbecf509858a23a02ceb06b6aa595dc26c7f6ace22bd954353fa1db344	7091		blastp -query tests/fasta/outfmt0/e2e_split_query.faa -subject tests/fasta/outfmt0/e2e_many_subject.faa -evalue 1000 -outfmt 6
e2e.blastp.query_split_two	1.09	35ef36bf0bb18b2acf191d67dd3e36178883a7a06fffd5ddbc816dd3c664d808	15310		blastp -query tests/fasta/outfmt0/e2e_split_two_query.faa -subject tests/fasta/outfmt0/e2e_many_subject.faa -evalue 1000 -outfmt 6
e2e.tblastn.window_end	0.09	fc3c2f857c915a5ab2a0747785009ca0590e1ab6178a985837c2a53e7cdaf5c5	1934		tblastn -query tests/fasta/outfmt0/e2e_window_end_query.faa -subject tests/fasta/outfmt0/e2e_window_end_subject.fna -comp_based_stats 0 -xdrop_gap_final 1e10 -evalue 1000 -outfmt 6
e2e.blastp.compressed_short_subject	0.13	3536cd9a985ff0b81aba9d09535abe0516c9d3da1e60ad8c402fabaf44484548	19064		blastp -query tests/fasta/outfmt0/e2e_protein_query.faa -subject tests/fasta/outfmt0/e2e_short_mixed_subject.faa -word_size 5 -outfmt 0
e2e.blastp.one_hit_negative_width	0.10	a33c4ebd38ea20584ec7f845d445791054ff89d1aa6c416f5f610b7f5062c040	1779		blastp -query tests/fasta/outfmt0/e2e_one_hit_query.faa -subject tests/fasta/outfmt0/e2e_one_hit_subject.faa -word_size 5 -threshold 5 -window_size 0 -evalue 1e5 -outfmt 0
e2e.blastp.fast_lone_hsp	0.10	a839f198a741b260fac79fab9e1b9848bf38d0ca2e4e86bd97b52bba9f87875f	3745		blastp -query tests/fasta/outfmt0/e2e_fast_lone_query.faa -subject tests/fasta/outfmt0/e2e_fast_lone_subject.faa -task blastp-fast -window_size 0 -threshold 6 -evalue 1000 -outfmt 0
e2e.blastp.fast_lone_hsp_window	0.11	8546e9d4003b0513caaf96d35bee2913bbdde7040803eeed3a62e39eaad8e940	405		blastp -query tests/fasta/outfmt0/e2e_fast_lone2_query.faa -subject tests/fasta/outfmt0/e2e_fast_lone2_subject.faa -task blastp-fast -threshold 8 -evalue 1e5 -comp_based_stats D -outfmt 7
e2d.blastn.qloc.0	0.09	ad3365caccf78c9f92974b20337c9bc5fc83ba3d4e819868399a47acea1f77fb	13088		blastn -query tests/fasta/outfmt0/e2d_n_q.fa -subject tests/fasta/outfmt0/e2d_n_s_plus.fa -query_loc 1001-6000 -outfmt 0
e2d.blastn.qloc.6	0.09	a461398df06a951e372b0843ffa8ef8614e67bd93226a22fe1fa7a52ae615979	314		blastn -query tests/fasta/outfmt0/e2d_n_q.fa -subject tests/fasta/outfmt0/e2d_n_s_plus.fa -query_loc 1001-6000 -outfmt 6
e2d.blastn.qloc.7	0.09	01348eb132fdb07cefe3bb0055bd28de56f1ccd87494e9f06661ef55d698bd7c	620		blastn -query tests/fasta/outfmt0/e2d_n_q.fa -subject tests/fasta/outfmt0/e2d_n_s_plus.fa -query_loc 1001-6000 -outfmt 7
e2d.blastn.both_minus.0	0.09	00f11277758497cc8e014a7c2ecd92c76dadae4c0b17adef269f143ea88d0905	13089		blastn -query tests/fasta/outfmt0/e2d_n_q.fa -subject tests/fasta/outfmt0/e2d_n_s_rc.fa -query_loc 1500-6003 -subject_loc 101-6500 -outfmt 0
e2d.blastn.both_minus.7	0.08	ec689d1b6267370ce2307f0213d05b86e9d3f97430b70e52bd0be6d88fd81729	630		blastn -query tests/fasta/outfmt0/e2d_n_q.fa -subject tests/fasta/outfmt0/e2d_n_s_rc.fa -query_loc 1500-6003 -subject_loc 101-6500 -outfmt 7
e2d.blastn.multi.0	0.09	ca7f53a72ca9b7a67b694c2df5e3d25b49f49227b17f4f1c6c9319cf63355929	18404		blastn -query tests/fasta/outfmt0/e2d_n_qm.fa -subject tests/fasta/outfmt0/e2d_n_s_plus.fa -query_loc 100-5000 -outfmt 0
e2d.blastn.multi.7	0.09	c2f1de2dabeebdc86ac445f93d2bd6b610279342050b3c744c69ebd2d2f1763f	1240		blastn -query tests/fasta/outfmt0/e2d_n_qm.fa -subject tests/fasta/outfmt0/e2d_n_s_plus.fa -query_loc 100-5000 -outfmt 7
e2d.blastn.skip.0	0.09	83540bf218a488b33c6feae1e55ba407b96bd101833295ef93d82462ac030862	18199		blastn -query tests/fasta/outfmt0/e2d_n_qm.fa -subject tests/fasta/outfmt0/e2d_n_s_plus.fa -query_loc 600-5000 -outfmt 0
e2d.blastn.skip.7	0.09	1e74e67f45343edbdb2ea7877255182cbfe9247a490bea0759b850981972b984	1109		blastn -query tests/fasta/outfmt0/e2d_n_qm.fa -subject tests/fasta/outfmt0/e2d_n_s_plus.fa -query_loc 600-5000 -outfmt 7
e2d.blastn.end_past.0	0.09	3f547b6f4c28fc92a04a35d8cbdb541e28f4dab13897bcbe55696e2b4c16afca	11714		blastn -query tests/fasta/outfmt0/e2d_n_q.fa -subject tests/fasta/outfmt0/e2d_n_s_plus.fa -query_loc 3000-9000 -outfmt 0
e2d.blastn.sloc_multi.0	0.10	4b0669a7209551f60a70ca96363065921b9ce84fface9a220efce443e36dccba	15299		blastn -query tests/fasta/outfmt0/e2d_n_qn.fa -subject tests/fasta/outfmt0/e2d_n_sub_multi_t.fa -subject_loc 1001-2500 -outfmt 0
e2d.blastn.sloc_multi.7	0.10	ca7267710a8db3c174c1be92f1fefac57e9ee3a00560a47133257f1232ee51b7	468		blastn -query tests/fasta/outfmt0/e2d_n_qn.fa -subject tests/fasta/outfmt0/e2d_n_sub_multi_t.fa -subject_loc 1001-2500 -outfmt 7
e2d.blastn.sloc_lcase.0	0.09	58efc09b3bb1124bbaab317012e49addd468f32fda6de12ec52e76cc7a1da1e2	7003		blastn -query tests/fasta/outfmt0/e2d_n_qn.fa -subject tests/fasta/outfmt0/e2d_n_sub8k_lc.fa -subject_loc 1001-2500 -lcase_masking -outfmt 0
e2d.blastn.sloc_lcase_start.0	0.10	0b58864a0a081b418badd546fc9b8f5de0b2b0a2f214859df026d4976abd48c1	8984		blastn -query tests/fasta/outfmt0/e2d_n_qn.fa -subject tests/fasta/outfmt0/e2d_n_sub8k_lc.fa -subject_loc 1-2500 -lcase_masking -outfmt 0
e2d.blastn.qloc_lcase.0	0.08	2c1d01e38565eef1256f4fd8e933d54a8b5545937db894c3d72078c656951598	2798		blastn -query tests/fasta/outfmt0/e2d_n_lq.fa -subject tests/fasta/outfmt0/e2d_n_ls.fa -task blastn -query_loc 590-1000 -lcase_masking -outfmt 0
e2d.blastn.dust_edge.0	0.09	3c46097817074e35e41ff19ec5884c725af6bc159a45b715f213e52bac469b99	2501		blastn -query tests/fasta/outfmt0/e2d_n_q60.fa -subject tests/fasta/outfmt0/e2d_n_s60.fa -task blastn -query_loc 331-660 -outfmt 0
e2d.blastn.dc.0	0.10	8a210f16569659057cd188a7b854b20e4e17f48d9ec8c02833abd52bdeff1e6a	13397		blastn -query tests/fasta/outfmt0/e2d_n_q.fa -subject tests/fasta/outfmt0/e2d_n_s_plus.fa -task dc-megablast -query_loc 1001-6000 -subject_loc 501-6600 -outfmt 0
e2d.blastn.batch_ba.0	0.09	6d1333bb16cfe77263cfaebb8b7bac8edef1bde4204257129d0b3cc8731f39cc	779		blastn -query tests/fasta/outfmt0/e2d_n_ba.fa -subject tests/fasta/outfmt0/e2d_n_s_plus.fa -query_loc 502-1000 -outfmt 0
e2d.blastn.batch_ba.7	0.09	dad254082a80dfb0b9e58629d7994e0e29249596eba812aa1507b0107ff9b003	156		blastn -query tests/fasta/outfmt0/e2d_n_ba.fa -subject tests/fasta/outfmt0/e2d_n_s_plus.fa -query_loc 502-1000 -outfmt 7
e2d.blastn.qidx.7	0.09	4ac81a3e5ad8f2a3ab000bb26340c494289b3315bb4b3f09f77e5e208528ec7c	793		blastn -query tests/fasta/outfmt0/e2d_n_qidx.fa -subject tests/fasta/outfmt0/e2d_n_s_plus.fa -query_loc 1002-2000 -outfmt 7
e2d.blastp.qloc.0	0.09	3d948319e1254ce006a8bf75bc474968458d0f35e0599554ec8c514bb8bc38a3	3851		blastp -query tests/fasta/outfmt0/e2d_p_q.faa -subject tests/fasta/outfmt0/e2d_p_s3.faa -query_loc 100-400 -outfmt 0
e2d.blastp.qloc.6	0.09	29ac0621bad5996c65695ee8ad82c3bf0765ebe5e28b8aa2fbf2e880a6242af1	192		blastp -query tests/fasta/outfmt0/e2d_p_q.faa -subject tests/fasta/outfmt0/e2d_p_s3.faa -query_loc 100-400 -outfmt 6
e2d.blastp.qloc.7	0.09	2d634664cdfd5b7d83ef3622c1955c0e25f901d31e99290f6a489ad72f6ffc7a	573		blastp -query tests/fasta/outfmt0/e2d_p_q.faa -subject tests/fasta/outfmt0/e2d_p_s3.faa -query_loc 100-400 -outfmt 7
e2d.blastp.fields.6f	0.09	32f0878c880f719a5d324bf6e6cc853550cf80d38186b1d9a606aecd0dc6eac8	3614		blastp -query tests/fasta/outfmt0/e2d_p_qmulti.faa -subject tests/fasta/outfmt0/e2d_p_s3.faa -query_loc 100-400 -subject_loc 20-5000 -outfmt '6 qseqid qlen slen qstart qend sstart send qframe sframe frames qseq sseq btop'
e2d.blastp.fields.7f	0.10	eaa4957f1c9d52e108984dbee730924c2387d880452c371deedce31def08bf45	1691		blastp -query tests/fasta/outfmt0/e2d_p_qmulti.faa -subject tests/fasta/outfmt0/e2d_p_s3.faa -query_loc 100-400 -subject_loc 20-5000 -outfmt '7 qseqid qlen slen qstart qend sstart send length pident evalue bitscore'
e2d.blastp.end_past.6f	0.09	234574f0f0dbc35fbe09977ad970abb49f97f5cb56f9576239a2434c564ee42c	141		blastp -query tests/fasta/outfmt0/e2d_p_q.faa -subject tests/fasta/outfmt0/e2d_p_s3.faa -query_loc 600-1000 -outfmt '6 std qlen slen'
e2d.blastp.multi_skip.0	0.09	4431ae5cbacbb8317e0b40b3fae7ac27750a4e365df2c440cff63986f95d4dfe	3190		blastp -query tests/fasta/outfmt0/e2d_p_qmulti.faa -subject tests/fasta/outfmt0/e2d_p_s3.faa -query_loc 700-900 -outfmt 0
e2d.blastp.multi_skip.7	0.09	afe6ba0afd5a6f6d8c63a4ff9e578a6f0d0d5bcbd66d43d74d3de8b3353a1942	675		blastp -query tests/fasta/outfmt0/e2d_p_qmulti.faa -subject tests/fasta/outfmt0/e2d_p_s3.faa -query_loc 700-900 -outfmt 7
e2d.blastp.sloc.0	0.10	aaf84690a9b1c141c9c2dccba6b667531017749fe8a51807494199cb6e0c69d3	3570		blastp -query tests/fasta/outfmt0/e2d_p_qp75.faa -subject tests/fasta/outfmt0/e2d_p_sp75m.faa -subject_loc 201-600 -outfmt 0
e2d.blastp.sloc.7	0.09	c1ac5d9edf3d91d4a869883c746b3cade05f709f2ab3a9b81803532266d32335	402		blastp -query tests/fasta/outfmt0/e2d_p_qp75.faa -subject tests/fasta/outfmt0/e2d_p_sp75m.faa -subject_loc 201-600 -outfmt 7
e2d.blastp.sloc_empty.0	0.10	ef25de3b9f911d39c3bcac3a4a30dd2aad0912cff340159ac89df9c335b9c093	3652	6cf2b76e54f7266e8af24ed38413bf71631cfc4853f31d8006ccd123d12253dd	blastp -query tests/fasta/outfmt0/e2d_p_qp75.faa -subject tests/fasta/outfmt0/e2d_p_sp_multi.faa -subject_loc 201-600 -outfmt 0
e2d.blastp.seg.0	0.09	69637d3cca4447ef8af523fa585774392bf152e751b0670939b5b8ff4c1b13f8	4145		blastp -query tests/fasta/outfmt0/e2d_p_qlc.faa -subject tests/fasta/outfmt0/e2d_p_s3.faa -query_loc 100-400 -seg yes -outfmt 0
e2d.blastp.o.0	0.11	76698821691db04ad51bc8772bf130cdac795673b34fb015d34e27196c5abb4e	3798	3320e2ae917382fc7c8696324faac8b11688ebff6d625bd3fbcbab6166c477ee	blastp -query tests/fasta/outfmt0/e2d_p_qo.faa -subject tests/fasta/outfmt0/e2d_p_s3.faa -query_loc 100-400 -outfmt 0
e2d.blastp.split.6	2.83	62dee90e159fd45ab6e8dabcde13c0bcbd46b1228ace0f25887997f9216e9eae	54116		blastp -query tests/fasta/outfmt0/e2d_p_qskew25k.faa -subject tests/fasta/LvMJNV.faa -evalue 1000 -query_loc 3001-22800 -outfmt 6
e2d.blastp.fast.0	0.11	960a0ab437e952e18ac16b4f8527cde274e5fb83f7074cee535a370dd395d156	6381		blastp -query tests/fasta/outfmt0/e2d_p_qmulti.faa -subject tests/fasta/outfmt0/e2d_p_s3.faa -task blastp-fast -query_loc 100-400 -outfmt 0
e2d.tblastn.sloc.0	0.09	fb79a8373e18e81d6b22ecc8309c300470f3b8da0094b8aa28e5f0b365ea64a5	8051		tblastn -query tests/fasta/outfmt0/e2d_t_qp2.faa -subject tests/fasta/outfmt0/e2d_n_sub8k.fa -subject_loc 1001-6000 -outfmt 0
e2d.tblastn.sloc.6	0.10	6d828ed19bbbf6de5b4def4a0963f861df6823c8c2f22a726850966aa268bfa4	356		tblastn -query tests/fasta/outfmt0/e2d_t_qp2.faa -subject tests/fasta/outfmt0/e2d_n_sub8k.fa -subject_loc 1001-6000 -outfmt 6
e2d.tblastn.sloc.7	0.10	75e01eebe3c72f45f4c8b499fdf5452c93b83741d4a99be2e5b0c6a3807f9a98	956		tblastn -query tests/fasta/outfmt0/e2d_t_qp2.faa -subject tests/fasta/outfmt0/e2d_n_sub8k.fa -subject_loc 1001-6000 -outfmt 7
e2d.tblastn.sloc_edge.0	0.09	90d90959e04d7ce67cb80e227f5ce3ea1114eb6210567eac6f2993793c886985	4184		tblastn -query tests/fasta/outfmt0/e2d_p_qp75.faa -subject tests/fasta/outfmt0/e2d_n_sub8k.fa -subject_loc 4530-5999 -outfmt 0
e2d.tblastn.both.0	0.10	4f638748560eae3cd5662061a5d327fb4c51a51a61872e391117469e0835e628	2958		tblastn -query tests/fasta/outfmt0/e2d_t_pq.faa -subject tests/fasta/outfmt0/e2d_t_ts.fa -query_loc 20-400 -subject_loc 42-700 -outfmt 0
e2d.tblastn.both.7	0.09	7853837cd9557a20939ef835b3ef96b77a8e36de8234795d83ce509973ca6087	516		tblastn -query tests/fasta/outfmt0/e2d_t_pq.faa -subject tests/fasta/outfmt0/e2d_t_ts.fa -query_loc 20-400 -subject_loc 42-700 -outfmt 7
e2d.tblastn.lcase.0	0.08	ae66c51f33bd803bc2eff85c9a45e020ff5aa463af433372cbc8e1c4f56435c9	2031		tblastn -query tests/fasta/outfmt0/e2d_t_lpq.faa -subject tests/fasta/outfmt0/e2d_t_lts.fa -query_loc 30-200 -subject_loc 46-480 -seg yes -lcase_masking -outfmt 0
e2d.tblastn.multi_sloc.0	0.09	271743e36499497b11df3bd20aef3a2cb3930f253fc0c300b9adc48810ebe6ed	1522		tblastn -query tests/fasta/outfmt0/e2d_p_qp75.faa -subject tests/fasta/outfmt0/e2d_n_sub_multi_t.fa -subject_loc 1001-2500 -outfmt 0
e2d.tblastn.split_mask.6	0.30	2236369c634aa7488f25aae7f6b85b545a58c62c4fed51ac494500058e93f65e	852		tblastn -query tests/fasta/outfmt0/e2d_t_qmask.faa -subject tests/fasta/LvMJNV.fasta -query_loc 4001-45000 -lcase_masking -evalue 1e-5 -outfmt 6
e2d.tblastx.both.0	0.08	5b4537c3eaf12f27110401d0615a1921303fd19ab21080bb4e0009535d42db73	9001		tblastx -query tests/fasta/outfmt0/e2d_x_q.fa -subject tests/fasta/outfmt0/e2d_t_ts.fa -query_loc 30-5000 -subject_loc 42-700 -outfmt 0
e2d.tblastx.both.6	0.08	36cdf824a51bfc3b742fe24705ccb75c3978269e953bb52abea4adc6bd4389ac	1061		tblastx -query tests/fasta/outfmt0/e2d_x_q.fa -subject tests/fasta/outfmt0/e2d_t_ts.fa -query_loc 30-5000 -subject_loc 42-700 -outfmt 6
e2d.tblastx.both.7	0.09	204a97758051f4c312a089db21dc08bc638a07b0dce3f5cb3dc6824788a07049	1379		tblastx -query tests/fasta/outfmt0/e2d_x_q.fa -subject tests/fasta/outfmt0/e2d_t_ts.fa -query_loc 30-5000 -subject_loc 42-700 -outfmt 7
e2d.tblastx.seg5.0	0.08	008c4aac1b497bfa968d7d22e4fad083b103480c5824027f64c422bcee60fca2	8850		tblastx -query tests/fasta/outfmt0/e2d_x_lq.fa -subject tests/fasta/outfmt0/e2d_t_lts.fa -seg yes -query_loc 5-5000 -outfmt 0
e2d.tblastx.seg31.0	0.09	7fcfa98edbb188094915ccdc7f9586f74afd0eb45505a80a1aa99f10c1f14815	8850		tblastx -query tests/fasta/outfmt0/e2d_x_lq.fa -subject tests/fasta/outfmt0/e2d_t_lts.fa -seg yes -query_loc 31-5000 -outfmt 0
e2d.tblastx.seg61.0	0.09	69f009d0234d3e4b68338acaec6427e6528a0be96f4f534e473f769d6dbc94bb	8738		tblastx -query tests/fasta/outfmt0/e2d_x_lq.fa -subject tests/fasta/outfmt0/e2d_t_lts.fa -seg yes -query_loc 61-5000 -outfmt 0
e2d.tblastx.qloc.7	0.09	d0c445f3167516093c56f5ab08ee65aa7270cac02233ecf44ac9d894af8d9ab6	1177		tblastx -query tests/fasta/outfmt0/e2d_x_q.fa -subject tests/fasta/outfmt0/e2d_t_ts.fa -query_loc 300-5000 -outfmt 7
e2d.tblastx.sloc_multi.0	0.11	01598b19305c90a6c1d2d56860d890931cefc8d163c7a2e85ebd9349c5924331	33825		tblastx -query tests/fasta/outfmt0/e2d_n_qn.fa -subject tests/fasta/outfmt0/e2d_n_sub_multi_t.fa -subject_loc 1001-2500 -outfmt 0
e2d.tblastx.skip.7	0.10	3664d5840aee2cc31d6895f07b9127a40155b8b73e3682f157d5578e65a5ad41	1325		tblastx -query tests/fasta/outfmt0/e2d_x_ba15.fa -subject tests/fasta/outfmt0/e2d_n_s_plus.fa -query_loc 502-1000 -outfmt 7
# fixtures=204 differing=[]
exit 0
