blastn.parse_empty_range	same
blastn.parse_format	same
blastn.parse_blank	same
blastn.parse_subject_first	same
blastn.parse_subject_before_dust	same
blastn.parse_query_after_dust	same
blastn.parse_query_before_validate	same
blastp.parse_zero	same
blastp.parse_hyphen_value	same
blastp.parse_open_end	same
tblastn.parse_reversed	same
tblastn.parse_subject	same
tblastx.parse_open_start	same
tblastx.parse_query	same
blastn.subject_past_end	same
blastp.subject_past_end	same
tblastn.subject_past_end	same
tblastx.subject_past_end	same
blastn.all_skipped	same
blastn.all_skipped.7	same
blastp.all_skipped	same
tblastn.all_skipped	same
tblastx.all_skipped	same
tblastx.all_skipped.0	same
blastn.last_batch_skipped	same
blastn.last_batch_skipped.7	same
blastp.last_batch_skipped	same
blastp.last_batch_skipped.7	same
tblastn.last_batch_skipped	same
tblastn.last_batch_skipped.7	same
tblastx.last_batch_skipped	same
tblastx.last_batch_skipped.7	same
blastn.split_masks	same
blastn.split_masks.0	same
blastn.split_nomask_range	same
35 cases, 0 differ
exit 0
