LOSAT/src/algorithm/blastn/args.rs:109 src/algo/blast/blastinput/blast_args.cpp:2960-2968: 3 line(s) not found, e.g. '   m_NumDescriptions = args[kArgMaxTargetSequences].AsInteger();'
LOSAT/src/algorithm/blastn/args.rs:280 src/algo/blast/format/blast_format.cpp:770-782: 3 line(s) not found, e.g. 'case 6: case 7:'
LOSAT/src/algorithm/blastn/blast_engine/run.rs:10 include/algo/blast/blastinput/blast_args.hpp:1290-1296: 3 line(s) not found, e.g. 'CMTArgs(...)'
LOSAT/src/algorithm/blastn/blast_engine/run.rs:25 src/algo/blast/core/blast_engine.c:1674-1783: 2 line(s) not found, e.g. 'BLAST_PreliminarySearchEngine(..., hsp_stream, ...);'
LOSAT/src/algorithm/blastn/blast_engine/run.rs:125 src/objtools/align_format/showdefline.cpp:69-79: 4 line(s) not found, e.g. 'string CShowBlastDefline::GetDefline(const CBioseq_Handle& bioseq) const'
LOSAT/src/algorithm/blastn/blast_engine/run.rs:185 src/algo/blast/core/blast_hits.c:1923-1926: 2 line(s) not found, e.g. '   (hsp->score*kbp[hsp->context]->Lambda - kbp[hsp->context]->logK) /'
LOSAT/src/algorithm/blastn/blast_engine/run.rs:191 src/algo/blast/core/blast_stat.c:4157-4171: 1 line(s) not found, e.g. 'BLAST_KarlinStoE_simple(Int4 S, Blast_KarlinBlk* kbp, Int8 searchsp)'
LOSAT/src/algorithm/blastn/blast_engine/run.rs:369 src/algo/blast/core/blast_engine.c:298-307: 1 line(s) not found, e.g. '    subject->seq_ranges[len-1].right = subject->length;'
LOSAT/src/algorithm/blastn/blast_engine/run.rs:449 src/algo/blast/core/blast_engine.c:221-310: 3 line(s) not found, e.g. 'if (backup->offset + MAX_DBSEQ_LEN < backup->hard_ranges[backup->hm_index].right) {'
LOSAT/src/algorithm/blastn/blast_engine/run.rs:568 src/algo/blast/core/blast_engine.c:580-584: 1 line(s) not found, e.g. 'overlap = (backup.offset == backup.hard_ranges[backup.hm_index].left) ?'
LOSAT/src/algorithm/blastn/blast_engine/run.rs:732 include/algo/blast/core/blast_extend.h:97-105: 1 line(s) not found, e.g. '} BLAST_DiagHash;'
LOSAT/src/algorithm/blastn/blast_engine/run.rs:809 src/algo/blast/core/na_ungapped.c:396-449: 2 line(s) not found, e.g. '    } else {'
LOSAT/src/algorithm/blastn/blast_engine/run.rs:898 src/algo/blast/core/na_ungapped.c:825-858: 3 line(s) not found, e.g. 's_BlastDiagHashInsert(hash_table, diag, s_end_pos,'
LOSAT/src/algorithm/blastn/blast_engine/run.rs:916 include/algo/blast/core/blast_def.h:135-149: 2 line(s) not found, e.g. '    struct { Uint4 q_off; Uint4 s_off; } qs_offsets;'
LOSAT/src/algorithm/blastn/blast_engine/run.rs:926 src/algo/blast/core/na_ungapped.c:614-621: 6 line(s) not found, e.g. 'static Int4'
LOSAT/src/algorithm/blastn/blast_engine/run.rs:940 src/algo/blast/core/blast_hits.c:1122-1132: 4 line(s) not found, e.g. '   *q_start = hsp->query.offset + 1;'
LOSAT/src/algorithm/blastn/blast_engine/run.rs:1213 src/algo/blast/core/blast_nascan.c:1639-1701: 4 line(s) not found, e.g. 'static Int4 s_MBScanSubject_9_1(...)'
LOSAT/src/algorithm/blastn/blast_engine/run.rs:1323 src/algo/blast/core/blast_nascan.c:1715-1755: 1 line(s) not found, e.g. 'static Int4 s_MBScanSubject_9_2(...)'
LOSAT/src/algorithm/blastn/blast_engine/run.rs:1414 src/algo/blast/core/blast_nascan.c:1768-1832: 4 line(s) not found, e.g. 'static Int4 s_MBScanSubject_10_1(...)'
LOSAT/src/algorithm/blastn/blast_engine/run.rs:1530 src/algo/blast/core/blast_nascan.c:1845-1884: 1 line(s) not found, e.g. 'static Int4 s_MBScanSubject_10_2(...)'
LOSAT/src/algorithm/blastn/blast_engine/run.rs:1621 src/algo/blast/core/blast_nascan.c:1898-1964: 4 line(s) not found, e.g. 'static Int4 s_MBScanSubject_10_3(...)'
LOSAT/src/algorithm/blastn/blast_engine/run.rs:1793 src/algo/blast/core/blast_nascan.c:1978-2041: 1 line(s) not found, e.g. 'static Int4 s_MBScanSubject_11_1Mod4(...)'
LOSAT/src/algorithm/blastn/blast_engine/run.rs:1926 src/algo/blast/core/blast_nascan.c:2055-2107: 5 line(s) not found, e.g. 'static Int4 s_MBScanSubject_11_2Mod4(...)'
LOSAT/src/algorithm/blastn/blast_engine/run.rs:2026 src/algo/blast/core/blast_nascan.c:2120-2188: 4 line(s) not found, e.g. 'static Int4 s_MBScanSubject_11_3Mod4(...)'
LOSAT/src/algorithm/blastn/blast_engine/run.rs:2220 src/algo/blast/core/blast_nascan.c:2602-2677: 3 line(s) not found, e.g. '    case 9:  ...'
LOSAT/src/algorithm/blastn/blast_engine/run.rs:2482 src/algo/blast/core/blast_nascan.c:1598-1605: 1 line(s) not found, e.g. '}'
LOSAT/src/algorithm/blastn/blast_engine/run.rs:2530 src/algo/blast/core/na_ungapped.c:1673-1676: 1 line(s) not found, e.g. '}'
LOSAT/src/algorithm/blastn/blast_engine/run.rs:2561 src/algo/blast/core/na_ungapped.c:1647-1674: 2 line(s) not found, e.g. 'while (s_DetermineScanningOffsets(subject, word_length, lut_word_length, scan_range)) {'
LOSAT/src/algorithm/blastn/blast_engine/run.rs:2895 include/algo/blast/core/blast_def.h:135-149: 2 line(s) not found, e.g. '    struct { Uint4 q_off; Uint4 s_off; } qs_offsets;'
LOSAT/src/algorithm/blastn/blast_engine/run.rs:2912 src/algo/blast/core/blast_extend.c:271-300: 2 line(s) not found, e.g. '    }'
LOSAT/src/algorithm/blastn/blast_engine/run.rs:2954 src/algo/blast/core/blast_gapalign.c:4012-4031: 3 line(s) not found, e.g. '   status = BLAST_GreedyGappedAlignment(..., (Boolean) TRUE, FALSE, fence_hit);'
LOSAT/src/algorithm/blastn/blast_engine/run.rs:2968 src/algo/blast/core/blast_gapalign.c:4058-4076: 1 line(s) not found, e.g. '             &(gap_align->edit_script), &new_hsp);'
LOSAT/src/algorithm/blastn/blast_engine/run.rs:2998 src/algo/blast/core/blast_hits.c:1330-1353: 1 line(s) not found, e.g. '}'
LOSAT/src/algorithm/blastn/blast_engine/run.rs:3018 src/algo/blast/core/blast_hits.c:2268-2321: 6 line(s) not found, e.g. 'if (h1->context < h2->context) return -1;'
LOSAT/src/algorithm/blastn/blast_engine/run.rs:3037 src/algo/blast/core/blast_hits.c:2327-2383: 6 line(s) not found, e.g. 'if (h1->context < h2->context) return -1;'
LOSAT/src/algorithm/blastn/blast_engine/run.rs:3099 src/algo/blast/core/blast_traceback.c:358-365: 1 line(s) not found, e.g. '{ Blast_HSPListSortByScore(hsp_list); }'
LOSAT/src/algorithm/blastn/blast_engine/run.rs:3124 src/algo/blast/core/blast_hits.c:2455-2535: 1 line(s) not found, e.g. '    s_CutOffGapEditScript(...);'
LOSAT/src/algorithm/blastn/blast_engine/run.rs:3183 src/algo/blast/core/blast_hits.c:1488-1533: 1 line(s) not found, e.g. 'static Boolean s_BlastMergeTwoHSPs(BlastHSP* hsp1, BlastHSP* hsp2, Boolean allow_gap)'
LOSAT/src/algorithm/blastn/blast_engine/run.rs:3675 src/algo/blast/core/blast_gapalign.c:4012-4076: 4 line(s) not found, e.g. 'status = BLAST_GreedyGappedAlignment(..., (Boolean) TRUE, FALSE, fence_hit);'
LOSAT/src/algorithm/blastn/blast_engine/run.rs:3710 include/algo/blast/core/blast_extend.h:77-81: 1 line(s) not found, e.g. '} BLAST_DiagTable;'
LOSAT/src/algorithm/blastn/blast_engine/run.rs:3720 include/algo/blast/core/blast_extend.h:97-105: 1 line(s) not found, e.g. '} BLAST_DiagHash;'
LOSAT/src/algorithm/blastn/blast_engine/run.rs:3773 src/algo/blast/core/blast_gapalign.c:4012-4076: 4 line(s) not found, e.g. 'status = BLAST_GreedyGappedAlignment(..., (Boolean) TRUE, FALSE, fence_hit);'
LOSAT/src/algorithm/blastn/blast_engine/run.rs:3855 src/algo/blast/core/blast_query_info.c:219-238: 3 line(s) not found, e.g. 'if (A->contexts[m].query_offset > n) e = m;'
LOSAT/src/algorithm/blastn/blast_engine/run.rs:3878 src/algo/blast/core/blast_query_info.c:219-238: 3 line(s) not found, e.g. 'if (A->contexts[m].query_offset > n) e = m;'
LOSAT/src/algorithm/blastn/blast_engine/run.rs:3906 src/algo/blast/core/blast_query_info.c:219-238: 3 line(s) not found, e.g. 'if (A->contexts[m].query_offset > n) e = m;'
LOSAT/src/algorithm/blastn/blast_engine/run.rs:3921 src/algo/blast/core/blast_query_info.c:219-238: 4 line(s) not found, e.g. '    } else { b = 0; e = size; }'
LOSAT/src/algorithm/blastn/blast_engine/run.rs:3961 src/algo/blast/api/blast_setup_cxx.cpp:500-603: 2 line(s) not found, e.g. 'sequence = queries.GetBlastSequence(index, encoding, strand, eSentinels);'
LOSAT/src/algorithm/blastn/blast_engine/run.rs:4095 src/algo/blast/unit_tests/api/ntscan_unit_test.cpp:739-776: 1 line(s) not found, e.g. '    hit_found = TRUE;'
LOSAT/src/algorithm/blastn/blast_engine/run.rs:4104 src/algo/blast/core/na_ungapped.c:1647-1674: 2 line(s) not found, e.g. 'while (s_DetermineScanningOffsets(subject, word_length, lut_word_length, scan_range)) {'
LOSAT/src/algorithm/blastn/blast_engine/run.rs:4177 src/algo/blast/core/blast_traceback.c:877-892: 1 line(s) not found, e.g. '   if (!(hit_list = results->hitlist_array[query_index])) continue;'
LOSAT/src/algorithm/blastn/blast_engine/run.rs:4200 src/algo/blast/core/blast_engine.c:493-555: 2 line(s) not found, e.g. '            query_info, subject, gap_align, score_params, ext_params,'
LOSAT/src/algorithm/blastn/blast_engine/run.rs:4230 src/algo/blast/core/blast_traceback.c:358-613: 5 line(s) not found, e.g. 'tree = Blast_IntervalTreeInit(...);'
LOSAT/src/algorithm/blastn/blast_engine/run.rs:4250 src/algo/blast/core/blast_traceback.c:633-692: 5 line(s) not found, e.g. 'extra_start = Blast_HSPListPurgeHSPsWithCommonEndpoints(..., FALSE);'
LOSAT/src/algorithm/blastn/blast_engine/run.rs:4269 src/algo/blast/core/blast_traceback.c:836-892: 1 line(s) not found, e.g. 's_BlastPruneExtraHits(results, hitlist_size);'
LOSAT/src/algorithm/blastn/blast_engine/run.rs:4548 src/algo/blast/core/blast_hits.c:1374-1382: 2 line(s) not found, e.g. '    if (hsp_list->hspcnt > 1) {'
LOSAT/src/algorithm/blastn/blast_engine/run.rs:4784 src/algo/blast/core/blast_traceback.c:836-867: 3 line(s) not found, e.g. 'for (subject_index = 0; subject_index < hit_list->hsplist_count; ++subject_index) {'
LOSAT/src/algorithm/blastn/blast_engine/run.rs:4813 src/algo/blast/core/blast_hits.c:3383-3400: 1 line(s) not found, e.g. '      if (hit_list != NULL && hit_list->hsplist_count > 1) {'
LOSAT/src/algorithm/blastn/blast_engine/run.rs:4828 src/algo/blast/core/blast_traceback.c:877-892: 1 line(s) not found, e.g. 'static void s_BlastPruneExtraHits(BlastHSPResults* results, Int4 hitlist_size)'
LOSAT/src/algorithm/blastn/blast_engine/run.rs:4891 src/algo/blast/core/blast_traceback.c:877-892: 1 line(s) not found, e.g. 'static void s_BlastPruneExtraHits(BlastHSPResults* results, Int4 hitlist_size)'
LOSAT/src/algorithm/blastn/blast_engine/run.rs:4919 src/algo/blast/core/blast_hits.c:3077-3106: 1 line(s) not found, e.g. 'static int s_EvalueCompareHSPLists(const void* v1, const void* v2) { ... }'
LOSAT/src/algorithm/blastn/blast_engine/run.rs:5021 src/algo/blast/format/blast_format.cpp:68-93: 2 line(s) not found, e.g. 'CBlastFormat::CBlastFormat(..., CNcbiOstream& outfile, ...)'
LOSAT/src/algorithm/blastn/blast_engine/run.rs:5107 src/algo/blast/api/blast_setup_cxx.cpp:486-651: 3 line(s) not found, e.g. 'void'
LOSAT/src/algorithm/blastn/blast_engine/run.rs:6490 include/algo/blast/blastinput/blast_args.hpp:1290-1296: 3 line(s) not found, e.g. 'CMTArgs(...)'
LOSAT/src/algorithm/blastn/blast_engine/run.rs:6500 src/algo/blast/blastinput/blast_args.cpp:3205-3222: 1 line(s) not found, e.g. '} else {'
LOSAT/src/algorithm/blastn/blast_engine/run.rs:6516 src/algo/blast/core/blast_engine.c:493-555: 2 line(s) not found, e.g. '            query_info, subject, gap_align, score_params, ext_params,'
LOSAT/src/algorithm/blastn/blast_engine/run.rs:6549 src/algo/blast/core/blast_engine.c:478-536: 1 line(s) not found, e.g. '        aux_struct->WordFinder(...);'
LOSAT/src/algorithm/blastn/blast_engine/run.rs:6584 src/algo/blast/core/blast_traceback.c:509-513: 1 line(s) not found, e.g. '    query_length, adjusted_s_length, fence_hit);'
LOSAT/src/algorithm/blastn/blast_engine/run.rs:6596 src/algo/blast/api/blast_setup_cxx.cpp:486-651: 2 line(s) not found, e.g. 'SetupQueries_OMF(IBlastQuerySource& queries,'
LOSAT/src/algorithm/blastn/blast_engine/run.rs:6625 src/algo/blast/api/blast_setup_cxx.cpp:836-847: 1 line(s) not found, e.g. 'BlastSeqBlkSetCompressedSequence(subj, compressed_seq.data.release());'
LOSAT/src/algorithm/blastn/blast_engine/run.rs:6654 src/algo/blast/core/blast_engine.c:1409-1475: 1 line(s) not found, e.g. '   status = s_BlastSearchEngineCore(...);'
LOSAT/src/algorithm/blastn/blast_engine/run.rs:6662 src/algo/blast/core/blast_engine.c:478-500: 1 line(s) not found, e.g. '        aux_struct->WordFinder(...);'
LOSAT/src/algorithm/blastn/blast_engine/run.rs:6683 src/algo/blast/api/blast_setup_cxx.cpp:836-847: 1 line(s) not found, e.g. '}'
LOSAT/src/algorithm/blastn/blast_engine/run.rs:6730 src/algo/blast/core/blast_hits.c:2589-2593: 1 line(s) not found, e.g. '                 curr_context + 1 : curr_context - 1;'
LOSAT/src/algorithm/blastn/blast_engine/run.rs:6745 include/algo/blast/core/blast_hits.h:153-166: 1 line(s) not found, e.g. '   Int4 query_index; /**< Index of the query which this HSPList corresponds to. */'
LOSAT/src/algorithm/blastn/blast_engine/run.rs:6771 src/algo/blast/core/blast_util.c:839-847: 2 line(s) not found, e.g. 'if (context_number % NUM_STRANDS == 0) frame = 1;'
LOSAT/src/algorithm/blastn/blast_engine/run.rs:6844 src/algo/blast/api/blast_setup_cxx.cpp:498-604: 1 line(s) not found, e.g. 'sequence = queries.GetBlastSequence(index, encoding, strand, eSentinels);'
LOSAT/src/algorithm/blastn/blast_engine/run.rs:6857 src/algo/blast/core/blast_setup.c:609-619: 3 line(s) not found, e.g. 'if (!mask_at_hash) {'
LOSAT/src/algorithm/blastn/blast_engine/run.rs:6869 src/algo/blast/api/blast_setup_cxx.cpp:500-603: 1 line(s) not found, e.g. 'memcpy(&buf.get()[offset], sequence.data.get(), sequence.length);'
LOSAT/src/algorithm/blastn/blast_engine/run.rs:6896 src/algo/blast/core/blast_nalookup.c:46-47: 1 line(s) not found, e.g. '                         Int4 *lut_width)'
LOSAT/src/algorithm/blastn/blast_engine/run.rs:7133 src/algo/blast/core/blast_setup.c:821-846: 3 line(s) not found, e.g. 'BLAST_ComputeLengthAdjustment(..., query_length, db_length, db_num_seqs, &length_adjustment);'
LOSAT/src/algorithm/blastn/blast_engine/run.rs:7397 src/algo/blast/core/blast_traceback.c:350-692: 1 line(s) not found, e.g. 'Blast_HSPListPurgeHSPsWithCommonEndpoints(..., FALSE);'
LOSAT/src/algorithm/blastn/blast_engine/run.rs:7476 src/algo/blast/blastinput/blast_args.cpp:2547-2556: 1 line(s) not found, e.g. 'm_Scope = ReadSequencesToBlast(... use_lcase_masks, subjects, ...);'
LOSAT/src/algorithm/blastn/blast_engine/run.rs:7525 src/algo/blast/core/blast_parameters.c:236-259: 1 line(s) not found, e.g. '}'
LOSAT/src/algorithm/blastn/blast_engine/run.rs:7567 src/algo/blast/core/blast_engine.c:478-536: 1 line(s) not found, e.g. '        aux_struct->WordFinder(...);'
LOSAT/src/algorithm/blastn/blast_engine/run.rs:7622 src/algo/blast/core/blast_engine.c:493-526: 2 line(s) not found, e.g. '            query_info, subject, gap_align, score_params, ext_params,'
LOSAT/src/algorithm/blastn/blast_engine/run.rs:7648 include/algo/blast/core/blast_hits.h:153-166: 1 line(s) not found, e.g. '   Int4 query_index; /**< Index of the query which this HSPList corresponds to. */'
LOSAT/src/algorithm/blastn/blast_engine/run.rs:7663 src/algo/blast/core/na_ungapped.c:1647-1662: 2 line(s) not found, e.g. '    scan_range[1] = subject->seq_ranges[0].left + word_length - lut_word_length;'
LOSAT/src/algorithm/blastn/blast_engine/run.rs:7681 src/objtools/readers/fasta.cpp:1079-1089: 1 line(s) not found, e.g. '    m_CurrentMask->SetPacked_int().AddInterval(...);'
LOSAT/src/algorithm/blastn/blast_engine/run.rs:7692 src/algo/blast/api/blast_setup_cxx.cpp:812-826: 3 line(s) not found, e.g. '    s_SeqLoc2MaskedSubjRanges(...);'
LOSAT/src/algorithm/blastn/blast_engine/run.rs:7715 src/algo/blast/api/blast_setup_cxx.cpp:836-847: 1 line(s) not found, e.g. 'BlastSeqBlkSetSequence(subj, sequence.data.release(), ...);'
LOSAT/src/algorithm/blastn/blast_engine/run.rs:7734 src/algo/blast/api/blast_setup_cxx.cpp:836-847: 1 line(s) not found, e.g. '}'
LOSAT/src/algorithm/blastn/blast_engine/run.rs:7764 src/algo/blast/core/blast_parameters.c:336-377: 1 line(s) not found, e.g. '                      (Uint8)query_length) * ((Uint8)subj_length),'
LOSAT/src/algorithm/blastn/blast_engine/run.rs:7914 src/algo/blast/core/blast_nascan.c:193-207: 2 line(s) not found, e.g. '                          ...);'
LOSAT/src/algorithm/blastn/blast_engine/run.rs:7941 src/algo/blast/core/blast_nascan.c:147-259: 1 line(s) not found, e.g. '/* Scan the compressed subject sequence */'
LOSAT/src/algorithm/blastn/blast_engine/run.rs:8040 src/algo/blast/core/na_ungapped.c:656-662: 1 line(s) not found, e.g. 's_off_pos = s_off + diag_table->offset;'
LOSAT/src/algorithm/blastn/blast_engine/run.rs:8080 src/algo/blast/core/blast_extend.c:145-149: 1 line(s) not found, e.g. '}'
LOSAT/src/algorithm/blastn/blast_engine/run.rs:8184 src/algo/blast/core/na_ungapped.c:825-826: 4 line(s) not found, e.g. 'if (Delta < 0) Delta = 0;'
LOSAT/src/algorithm/blastn/blast_engine/run.rs:8204 src/algo/blast/core/blast_nascan.c:193-207: 2 line(s) not found, e.g. '                          ...);'
LOSAT/src/algorithm/blastn/blast_engine/run.rs:8229 src/algo/blast/core/blast_engine.c:451-497: 4 line(s) not found, e.g. 'hitsfound = scansub(lookup_wrap, subject, offset_pairs,'
LOSAT/src/algorithm/blastn/blast_engine/run.rs:8237 src/algo/blast/core/blast_nascan.c:1482-1534: 1 line(s) not found, e.g. '    index, offset_pairs + total_hits, s_off);'
LOSAT/src/algorithm/blastn/blast_engine/run.rs:8250 src/algo/blast/core/blast_engine.c:451-497: 4 line(s) not found, e.g. 'hitsfound = scansub(lookup_wrap, subject, offset_pairs,'
LOSAT/src/algorithm/blastn/blast_engine/run.rs:8337 src/algo/blast/core/blast_nascan.c:193-207: 2 line(s) not found, e.g. 's_BlastLookupRetrieve(lookup, index,'
LOSAT/src/algorithm/blastn/blast_engine/run.rs:8423 src/algo/blast/core/na_ungapped.c:1093-1144: 6 line(s) not found, e.g. '    if (((Uint1) (*s << (2 * (s_off % COMPRESSION_RATIO))) >> 6) != *q)'
LOSAT/src/algorithm/blastn/blast_engine/run.rs:8454 src/algo/blast/core/na_ungapped.c:1101-1114: 1 line(s) not found, e.g. '    if (((Uint1) (*s << (2 * (s_off % COMPRESSION_RATIO))) >> 6) != *q)'
LOSAT/src/algorithm/blastn/blast_engine/run.rs:8554 src/algo/blast/core/na_ungapped.c:1120-1136: 1 line(s) not found, e.g. 'if (packed_subject_base != *q)'
LOSAT/src/algorithm/blastn/blast_engine/run.rs:8696 src/algo/blast/core/na_ungapped.c:1093-1155: 5 line(s) not found, e.g. '                                 masked_locations, query_info,'
LOSAT/src/algorithm/blastn/blast_engine/run.rs:8774 src/algo/blast/core/blast_nalookup.c:1027-1034: 2 line(s) not found, e.g. 'mb_lt->next_pos[index] = mb_lt->hashtable[ecode];'
LOSAT/src/algorithm/blastn/blast_engine/run.rs:8785 src/algo/blast/core/na_ungapped.c:674-676: 2 line(s) not found, e.g. 'if (two_hits && (hit_saved || s_end_pos > last_hit + window_size)) {'
LOSAT/src/algorithm/blastn/blast_engine/run.rs:9052 src/algo/blast/core/na_ungapped.c:841-921: 2 line(s) not found, e.g. '    word_type = s_TypeOfWord(..., TRUE, &extended);'
LOSAT/src/algorithm/blastn/blast_engine/run.rs:9152 src/algo/blast/core/na_ungapped.c:740-749: 3 line(s) not found, e.g. 'if (word_params->matrix_only_scoring || word_length < 11)'
LOSAT/src/algorithm/blastn/blast_engine/run.rs:9218 src/algo/blast/core/na_ungapped.c:740-758: 1 line(s) not found, e.g. 's_NuclUngappedExtendExact(..., -(cutoffs->x_dropoff), ungapped_data);'
LOSAT/src/algorithm/blastn/blast_engine/run.rs:9342 include/algo/blast/core/blast_def.h:135-149: 1 line(s) not found, e.g. 'struct { Uint4 q_off; Uint4 s_off; } qs_offsets;'
LOSAT/src/algorithm/blastn/blast_engine/run.rs:9392 src/algo/blast/core/blast_nascan.c:193-207: 2 line(s) not found, e.g. '                          ...);'
LOSAT/src/algorithm/blastn/blast_engine/run.rs:9409 src/algo/blast/core/blast_nascan.c:193-207: 2 line(s) not found, e.g. '                          ...);'
LOSAT/src/algorithm/blastn/blast_engine/run.rs:9434 src/algo/blast/core/blast_nascan.c:193-207: 2 line(s) not found, e.g. '                          ...);'
LOSAT/src/algorithm/blastn/blast_engine/run.rs:9455 src/algo/blast/core/blast_nascan.c:1504-1533: 1 line(s) not found, e.g. '    index, offset_pairs + total_hits, s_off);'
LOSAT/src/algorithm/blastn/blast_engine/run.rs:9593 src/algo/blast/core/blast_nascan.c:193-207: 2 line(s) not found, e.g. '                          ...);'
LOSAT/src/algorithm/blastn/blast_engine/run.rs:9619 src/algo/blast/core/blast_engine.c:451-497: 4 line(s) not found, e.g. 'hitsfound = scansub(lookup_wrap, subject, offset_pairs,'
LOSAT/src/algorithm/blastn/blast_engine/run.rs:9635 src/algo/blast/core/blast_nascan.c:193-207: 2 line(s) not found, e.g. '                          ...);'
LOSAT/src/algorithm/blastn/blast_engine/run.rs:9660 src/algo/blast/core/blast_nascan.c:193-207: 2 line(s) not found, e.g. '                          ...);'
LOSAT/src/algorithm/blastn/blast_engine/run.rs:9690 src/algo/blast/core/blast_nascan.c:193-207: 2 line(s) not found, e.g. '                          ...);'
LOSAT/src/algorithm/blastn/blast_engine/run.rs:9707 src/algo/blast/core/blast_nascan.c:41-79: 6 line(s) not found, e.g. 'num_hits = s_BlastLookupGetNumHits(lookup, index);'
LOSAT/src/algorithm/blastn/blast_engine/run.rs:9738 src/algo/blast/core/blast_nascan.c:1406-1412: 1 line(s) not found, e.g. 'offset_pairs[i].qs_offsets.q_off = q_off - 1;'
LOSAT/src/algorithm/blastn/blast_engine/run.rs:9811 src/algo/blast/core/blast_nascan.c:193-207: 2 line(s) not found, e.g. 's_BlastLookupRetrieve(lookup, index,'
LOSAT/src/algorithm/blastn/blast_engine/run.rs:9925 src/algo/blast/core/na_ungapped.c:825-826: 3 line(s) not found, e.g. 's_BlastDiagHashInsert(hash_table, diag, s_end_pos,'
LOSAT/src/algorithm/blastn/blast_engine/run.rs:9937 src/algo/blast/core/na_ungapped.c:459-489: 1 line(s) not found, e.g. 'static NCBI_INLINE Boolean s_IsSeedMasked(...)'
LOSAT/src/algorithm/blastn/blast_engine/run.rs:9976 src/algo/blast/core/blast_nalookup.c:1027-1034: 2 line(s) not found, e.g. 'mb_lt->next_pos[index] = mb_lt->hashtable[ecode];'
LOSAT/src/algorithm/blastn/blast_engine/run.rs:9987 src/algo/blast/core/na_ungapped.c:674-676: 2 line(s) not found, e.g. 'if (two_hits && (hit_saved || s_end_pos > last_hit + window_size)) {'
LOSAT/src/algorithm/blastn/blast_engine/run.rs:10280 src/algo/blast/core/na_ungapped.c:740-749: 3 line(s) not found, e.g. 'if (word_params->matrix_only_scoring || word_length < 11)'
LOSAT/src/algorithm/blastn/blast_engine/run.rs:10342 src/algo/blast/core/na_ungapped.c:740-758: 1 line(s) not found, e.g. 's_NuclUngappedExtendExact(..., -(cutoffs->x_dropoff), ungapped_data);'
LOSAT/src/algorithm/blastn/blast_engine/run.rs:10471 include/algo/blast/core/blast_def.h:135-149: 1 line(s) not found, e.g. 'struct { Uint4 q_off; Uint4 s_off; } qs_offsets;'
LOSAT/src/algorithm/blastn/blast_engine/run.rs:10520 src/algo/blast/core/blast_nascan.c:193-207: 2 line(s) not found, e.g. '                          ...);'
LOSAT/src/algorithm/blastn/blast_engine/run.rs:10564 src/algo/blast/core/blast_extend.c:307-309: 1 line(s) not found, e.g. 'qsort(init_hsp_array, init_hitlist->total,'
LOSAT/src/algorithm/blastn/blast_engine/run.rs:10621 src/algo/blast/core/blast_gapalign.c:3908-3913: 1 line(s) not found, e.g. 'tmp_hsp.subject.end = s_end;'
LOSAT/src/algorithm/blastn/blast_engine/run.rs:10720 src/algo/blast/core/blast_gapalign.c:4033-4045: 1 line(s) not found, e.g. 'status = s_BlastDynProgNtGappedAlignment(...);'
LOSAT/src/algorithm/blastn/blast_engine/run.rs:10728 src/algo/blast/core/blast_gapalign.c:4071-4076: 2 line(s) not found, e.g. 'status = Blast_HSPInit(...,'
LOSAT/src/algorithm/blastn/blast_engine/run.rs:10743 src/algo/blast/core/blast_gapalign.c:2973-3003: 2 line(s) not found, e.g. 'score_left = s_BlastAlignPackedNucl(query, subject, q_length, s_length, ...);'
LOSAT/src/algorithm/blastn/blast_engine/run.rs:10843 src/algo/blast/core/blast_gapalign.c:4058-4091: 1 line(s) not found, e.g. '                          gap_align->subject_stop, ...);'
LOSAT/src/algorithm/blastn/blast_engine/run.rs:10903 src/algo/blast/core/blast_gapalign.c:3908-3913: 1 line(s) not found, e.g. 'tmp_hsp.subject.end = s_end;'
LOSAT/src/algorithm/blastn/blast_engine/run.rs:10937 src/algo/blast/core/blast_gapalign.c:4058-4076: 1 line(s) not found, e.g. '             &(gap_align->edit_script), &new_hsp);'
LOSAT/src/algorithm/blastn/blast_engine/run.rs:11005 src/algo/blast/core/blast_gapalign.c:4058-4085: 3 line(s) not found, e.g. '    status = Blast_HSPInit(..., &new_hsp);'
LOSAT/src/algorithm/blastn/blast_engine/run.rs:11338 src/algo/blast/core/blast_traceback.c:358-373: 2 line(s) not found, e.g. '/* Make sure the HSPs in the HSP list are sorted by score, as they should be. */'
LOSAT/src/algorithm/blastn/blast_engine/run.rs:11355 src/algo/blast/core/blast_traceback.c:371-373: 1 line(s) not found, e.g. '                              0, subject_length + 1);'
LOSAT/src/algorithm/blastn/blast_engine/run.rs:11371 src/algo/blast/core/blast_traceback.c:358-365: 1 line(s) not found, e.g. '   should be. */'
LOSAT/src/algorithm/blastn/blast_engine/run.rs:11393 src/algo/blast/core/blast_itree.c:66-70: 4 line(s) not found, e.g. '    tree->num_alloc = 2 * tree->num_alloc;'
LOSAT/src/algorithm/blastn/blast_engine/run.rs:11405 src/algo/blast/core/blast_traceback.c:403-612: 3 line(s) not found, e.g. 'if (!BlastIntervalTreeContainsHSP(tree, hsp, query_info, hit_options->min_diag_separation)) {'
LOSAT/src/algorithm/blastn/blast_engine/run.rs:11420 src/algo/blast/core/blast_traceback.c:436-460: 1 line(s) not found, e.g. '   if (!retval) { ... }'
LOSAT/src/algorithm/blastn/blast_engine/run.rs:11495 src/algo/blast/core/blast_traceback.c:403-612: 3 line(s) not found, e.g. 'if (!BlastIntervalTreeContainsHSP(tree, hsp, query_info, hit_options->min_diag_separation)) {'
LOSAT/src/algorithm/blastn/blast_engine/run.rs:11534 src/algo/blast/core/blast_traceback.c:403-601: 4 line(s) not found, e.g. 'if (!BlastIntervalTreeContainsHSP(tree, hsp, query_info, ...)) {'
LOSAT/src/algorithm/blastn/blast_engine/run.rs:11551 src/algo/blast/core/blast_traceback.c:403-612: 3 line(s) not found, e.g. 'if (!BlastIntervalTreeContainsHSP(tree, hsp, query_info, hit_options->min_diag_separation)) {'
LOSAT/src/algorithm/blastn/blast_engine/run.rs:11720 src/algo/blast/core/blast_gapalign.c:4071-4076: 1 line(s) not found, e.g. '              &(gap_align->edit_script), &new_hsp);'
LOSAT/src/algorithm/blastn/blast_engine/run.rs:11850 src/algo/blast/core/blast_traceback.c:403-612: 3 line(s) not found, e.g. 'if (!BlastIntervalTreeContainsHSP(tree, hsp, query_info, hit_options->min_diag_separation)) {'
LOSAT/src/algorithm/blastn/blast_engine/run.rs:11860 src/algo/blast/core/blast_itree.c:273-585: 3 line(s) not found, e.g. 'if (in_hsp->score > tree_hsp->score) return in_hsp;'
LOSAT/src/algorithm/blastn/blast_engine/run.rs:11913 src/algo/blast/core/blast_traceback.c:583-597: 1 line(s) not found, e.g. '    Blast_HSPGetNumIdentitiesAndPositives(..., &align_length, ...);'
LOSAT/src/algorithm/blastn/blast_engine/run.rs:11987 src/algo/blast/core/blast_traceback.c:583-597: 1 line(s) not found, e.g. '       adjusted_subject, hsp, score_options, &align_length, sbp);'
LOSAT/src/algorithm/blastn/blast_engine/run.rs:12016 src/algo/blast/core/blast_traceback.c:436-472: 1 line(s) not found, e.g. 'BlastGetOffsetsForGappedAlignment(..., &q_start, &s_start);'
LOSAT/src/algorithm/blastn/blast_engine/run.rs:12098 src/algo/blast/core/blast_traceback.c:583-612: 1 line(s) not found, e.g. '    Blast_HSPGetNumIdentitiesAndPositives(..., &align_length, ...);'
LOSAT/src/algorithm/blastn/blast_engine/run.rs:12149 src/algo/blast/core/blast_traceback.c:234-246: 1 line(s) not found, e.g. 'Blast_HSPListGetBitScores(hsp_list, kGapped, sbp);'
LOSAT/src/algorithm/blastn/blast_engine/run.rs:12343 src/algo/blast/core/blast_traceback.c:647-665: 2 line(s) not found, e.g. 'delete_hsp = Blast_HSPReevaluateWithAmbiguitiesGapped(...);'
LOSAT/src/algorithm/blastn/blast_engine/run.rs:12364 src/algo/blast/core/blast_traceback.c:656-663: 2 line(s) not found, e.g. 'delete_hsp = Blast_HSPReevaluateWithAmbiguitiesGapped(...);'
LOSAT/src/algorithm/blastn/blast_engine/run.rs:12439 src/algo/blast/core/blast_traceback.c:647-665: 1 line(s) not found, e.g. 'delete_hsp = Blast_HSPReevaluateWithAmbiguitiesGapped(...);'
LOSAT/src/algorithm/blastn/blast_engine/run.rs:12493 src/algo/blast/core/blast_traceback.c:666-668: 1 line(s) not found, e.g. '}'
LOSAT/src/algorithm/blastn/blast_engine/run.rs:12516 src/algo/blast/core/blast_hits.c:1330-1353: 1 line(s) not found, e.g. '}'
LOSAT/src/algorithm/blastn/blast_engine/run.rs:12544 src/algo/blast/core/blast_itree.c:66-70: 4 line(s) not found, e.g. '    tree->num_alloc = 2 * tree->num_alloc;'
LOSAT/src/algorithm/blastn/blast_engine/run.rs:12564 src/algo/blast/core/blast_itree.c:537-550: 1 line(s) not found, e.g. 'query_start = query_context_offset;'
LOSAT/src/algorithm/blastn/blast_engine/run.rs:12570 src/algo/blast/core/blast_gapalign.c:3908-3913: 1 line(s) not found, e.g. 'tmp_hsp.subject.end = s_end;'
LOSAT/src/algorithm/blastn/blast_engine/run.rs:12592 src/algo/blast/core/blast_traceback.c:678-688: 2 line(s) not found, e.g. '    } else {'
LOSAT/src/algorithm/blastn/blast_engine/run.rs:12674 src/algo/blast/core/blast_traceback.c:678-692: 3 line(s) not found, e.g. '   if (BlastIntervalTreeContainsHSP(...)) {'
LOSAT/src/algorithm/blastn/blast_engine/run.rs:12688 src/algo/blast/core/blast_traceback.c:234-246: 1 line(s) not found, e.g. 'Blast_HSPListGetBitScores(hsp_list, kGapped, sbp);'
LOSAT/src/algorithm/blastn/blast_engine/run.rs:12765 src/algo/blast/core/blast_traceback.c:358-373: 2 line(s) not found, e.g. '/* Make sure the HSPs in the HSP list are sorted by score, as they should be. */'
LOSAT/src/algorithm/blastn/blast_engine/run.rs:12925 src/algo/blast/core/blast_engine.c:1674-1783: 4 line(s) not found, e.g. '   progress_info);'
LOSAT/src/algorithm/blastn/blast_engine/run.rs:13420 src/algo/blast/core/blast_hits.c:1330-1353: 3 line(s) not found, e.g. 'if (0 == (result = BLAST_CMP(hsp2->score, hsp1->score)) && ...) {'
LOSAT/src/algorithm/blastn/blast_engine/run.rs:13510 src/algo/blast/core/blast_hits.c:1923-1926: 2 line(s) not found, e.g. '   (hsp->score*kbp[hsp->context]->Lambda - kbp[hsp->context]->logK) /'
LOSAT/src/algorithm/blastn/blast_engine/run.rs:13547 src/algo/blast/core/blast_hits.c:1923-1926: 2 line(s) not found, e.g. '   (hsp->score*kbp[hsp->context]->Lambda - kbp[hsp->context]->logK) /'
LOSAT/src/algorithm/blastn/blast_engine/run.rs:13655 src/algo/blast/core/blast_traceback.c:403-612: 3 line(s) not found, e.g. 'if (!BlastIntervalTreeContainsHSP(tree, hsp, query_info,'
LOSAT/src/algorithm/blastn/blast_engine/run.rs:13754 src/algo/blast/core/blast_traceback.c:509-513: 1 line(s) not found, e.g. '    query_length, adjusted_s_length, fence_hit);'
LOSAT/src/algorithm/blastp/args.rs:13 src/algo/blast/blastinput/blast_args.cpp:825-876: 1 line(s) not found, e.g. '    compo_mode = ... eCompositionMatrixAdjust;'
LOSAT/src/algorithm/blastp/args.rs:66 src/algo/blast/blastinput/blast_args.cpp:825-886: 2 line(s) not found, e.g. "case '0': ... case '1': ... case '2': ... case '3': ..."
LOSAT/src/algorithm/blastp/args.rs:138 src/algo/blast/api/blast_prot_options.cpp:55-83: 5 line(s) not found, e.g. '    case 3: m_Opts->SetWordThreshold(BLAST_WORD_THRESHOLD_BLASTP); break;'
LOSAT/src/algorithm/blastp/blast_engine.rs:88 include/algo/blast/core/blast_extend.h:142-154: 1 line(s) not found, e.g. '} BlastInitHSP;'
LOSAT/src/algorithm/blastp/blast_engine.rs:130 src/algo/blast/core/blast_engine.c:1409-1498: 2 line(s) not found, e.g. '   status = s_BlastSearchEngineCore(..., &hsp_list, ...);'
LOSAT/src/algorithm/blastp/blast_engine.rs:139 src/algo/blast/core/blast_engine.c:1633-1688: 3 line(s) not found, e.g. 'aux_arg->hsp_list = NULL;'
LOSAT/src/algorithm/blastp/blast_engine.rs:163 src/algo/blast/core/blast_engine.c:1409-1554: 2 line(s) not found, e.g. 'while ((seq_arg.oid = BlastSeqSrcIteratorNext(seq_src, itr)) != BLAST_SEQSRC_EOF) {'
LOSAT/src/algorithm/blastp/blast_engine.rs:182 src/algo/blast/core/blast_extend.c:109-144: 3 line(s) not found, e.g. 'diag_table->hit_level_array = (DiagStruct *)'
LOSAT/src/algorithm/blastp/blast_engine.rs:192 src/algo/blast/core/blast_extend.c:253-267: 5 line(s) not found, e.g. 'BlastInitHitList* BLAST_InitHitListNew(void)'
LOSAT/src/algorithm/blastp/blast_engine.rs:209 src/algo/blast/core/blast_gapalign.c:3628-3633: 1 line(s) not found, e.g. 'if (nodes[k].best_score - gap_score + ... < ...) {'
LOSAT/src/algorithm/blastp/blast_engine.rs:244 src/algo/blast/core/blast_gapalign.c:3748-3786: 1 line(s) not found, e.g. '    init_hsp->ungapped_data->score < reduced_cutoff;'
LOSAT/src/algorithm/blastp/blast_engine.rs:266 src/algo/blast/core/blast_engine.c:1633-1681: 4 line(s) not found, e.g. 'BLAST_GapAlignSetUp(..., &score_params, &ext_params,'
LOSAT/src/algorithm/blastp/blast_engine.rs:276 src/algo/blast/core/blast_engine.c:1409-1554: 2 line(s) not found, e.g. 'while ((seq_arg.oid = BlastSeqSrcIteratorNext(seq_src, itr)) != BLAST_SEQSRC_EOF) {'
LOSAT/src/algorithm/blastp/blast_engine.rs:364 src/algo/blast/core/blast_engine.c:1633-1705: 1 line(s) not found, e.g. 'BLAST_PreliminarySearchEngine(..., diagnostics, ...);'
LOSAT/src/algorithm/blastp/blast_engine.rs:385 src/algo/blast/core/blast_engine.c:1470-1475: 2 line(s) not found, e.g. 'status = s_BlastSearchEngineCore(program_number, query, query_info,'
LOSAT/src/algorithm/blastp/blast_engine.rs:402 src/algo/blast/core/blast_engine.c:1674-1681: 2 line(s) not found, e.g. 'status = BLAST_PreliminarySearchEngine(program, query, query_info,'
LOSAT/src/algorithm/blastp/blast_engine.rs:422 src/algo/blast/core/blast_engine.c:1633-1705: 2 line(s) not found, e.g. 'BLAST_GapAlignSetUp(...);'
LOSAT/src/algorithm/blastp/blast_engine.rs:501 src/algo/blast/core/blast_extend.c:253-267: 2 line(s) not found, e.g. 'init_hitlist->init_hsp_array ='
LOSAT/src/algorithm/blastp/blast_engine.rs:533 src/algo/blast/core/blast_extend.c:109-144: 3 line(s) not found, e.g. 'diag_table->hit_level_array = (DiagStruct *)'
LOSAT/src/algorithm/blastp/blast_engine.rs:575 src/algo/blast/core/blast_extend.c:152-169: 3 line(s) not found, e.g. '    s_BlastDiagClear(ewp->diag_table);'
LOSAT/src/algorithm/blastp/blast_engine.rs:641 src/algo/blast/core/blast_engine.c:1659-1668: 2 line(s) not found, e.g. '  argument can be shared between multiple threads ... */'
LOSAT/src/algorithm/blastp/blast_engine.rs:674 src/algo/blast/core/blast_engine.c:1633-1688: 2 line(s) not found, e.g. 'BLAST_GapAlignSetUp(..., &gap_align)'
LOSAT/src/algorithm/blastp/blast_engine.rs:739 src/algo/blast/core/blast_kappa.c:2402-2404: 3 line(s) not found, e.g. '/* Bit score per alignment position threshold for preliminaru near identical'
LOSAT/src/algorithm/blastp/blast_engine.rs:778 src/algo/blast/core/blast_kappa.c:2387-2415: 3 line(s) not found, e.g. 'gapping_params->x_dropoff = (Int4)'
LOSAT/src/algorithm/blastp/blast_engine.rs:803 src/algo/blast/core/blast_kappa.c:2453-2462: 1 line(s) not found, e.g. 'if (do_link_hsps) {'
LOSAT/src/algorithm/blastp/blast_engine.rs:824 include/algo/blast/core/blast_parameters.h:189-193: 3 line(s) not found, e.g. '/** Because approximate gapped alignment adds extra overhead,'
LOSAT/src/algorithm/blastp/blast_engine.rs:843 src/algo/blast/core/blast_parameters.c:932-940: 2 line(s) not found, e.g. '                    avg_subject_length);'
LOSAT/src/algorithm/blastp/blast_engine.rs:862 src/algo/blast/core/blast_parameters.c:932-940: 2 line(s) not found, e.g. '                    avg_subject_length);'
LOSAT/src/algorithm/blastp/blast_engine.rs:889 src/algo/blast/blastinput/blast_args.cpp:825-886: 4 line(s) not found, e.g. "case '0': ... eNoCompositionBasedStats;"
LOSAT/src/algorithm/blastp/blast_engine.rs:945 src/algo/blast/core/blast_engine.c:1409-1475: 1 line(s) not found, e.g. '   status = s_BlastSearchEngineCore(...);'
LOSAT/src/algorithm/blastp/blast_engine.rs:1010 src/algo/blast/core/blast_extend.c:152-169: 3 line(s) not found, e.g. '    s_BlastDiagClear(ewp->diag_table);'
LOSAT/src/algorithm/blastp/blast_engine.rs:1037 src/algo/blast/core/hspfilter_collector.c:139-159: 1 line(s) not found, e.g. 'Blast_HitListUpdate(results->hitlist_array[0], hsp_list);'
LOSAT/src/algorithm/blastp/blast_engine.rs:1051 src/algo/blast/core/hspfilter_collector.c:139-159: 1 line(s) not found, e.g. 'Blast_HitListUpdate(results->hitlist_array[0], hsp_list);'
LOSAT/src/algorithm/blastp/blast_engine.rs:1110 src/algo/blast/core/blast_util.c:112-121: 1 line(s) not found, e.g. '(*seq_blk)->length = length;'
LOSAT/src/algorithm/blastp/blast_engine.rs:1177 src/algo/blast/core/blast_parameters.c:917-940: 2 line(s) not found, e.g. 'params->cutoffs[context].cutoff_score = new_cutoff;'
LOSAT/src/algorithm/blastp/blast_engine.rs:1231 src/algo/blast/core/blast_setup.c:969-983: 2 line(s) not found, e.g. '                            (*ext_params)->options->compositionBasedStats,'
LOSAT/src/algorithm/blastp/blast_engine.rs:1248 src/algo/blast/core/blast_engine.c:1369-1439: 2 line(s) not found, e.g. 'BlastInitialWordParametersNew(..., BlastSeqSrcGetAvgSeqLen(seq_src), &word_params);'
LOSAT/src/algorithm/blastp/blast_engine.rs:1303 src/algo/blast/core/blast_traceback.c:234-242: 1 line(s) not found, e.g. '                        hsp_list, TRUE, FALSE, sbp, 0.0, 1.0);'
LOSAT/src/algorithm/blastp/blast_engine.rs:1319 src/algo/blast/core/blast_hits.c:151-178: 2 line(s) not found, e.g. '              Int2 query_frame, Int2 subject_frame, Int4 score, ...)'
LOSAT/src/algorithm/blastp/blast_engine.rs:1429 src/algo/blast/core/blast_gapalign.c:2360-2366: 5 line(s) not found, e.g. 'static NCBI_INLINE Int4'
LOSAT/src/algorithm/blastp/blast_engine.rs:1483 src/algo/blast/core/blast_query_info.c:219-235: 2 line(s) not found, e.g. '    while (b < e - 1) { ... }'
LOSAT/src/algorithm/blastp/blast_engine.rs:1506 src/algo/blast/core/blast_query_info.c:225-234: 4 line(s) not found, e.g. 'while (b < e - 1) {'
LOSAT/src/algorithm/blastp/blast_engine.rs:1528 src/algo/blast/core/blast_query_info.c:219-235: 1 line(s) not found, e.g. 'return b;'
LOSAT/src/algorithm/blastp/blast_engine.rs:1584 src/algo/blast/core/blast_gapalign.c:3870-3878: 4 line(s) not found, e.g. '   gappaed alignments for a single query ... Until index reaches redo_index'
LOSAT/src/algorithm/blastp/blast_engine.rs:1637 src/algo/blast/core/blast_gapalign.c:2445-2466: 1 line(s) not found, e.g. 's_AdjustInitialHSPOffsets(init_hsp, query_start);'
LOSAT/src/algorithm/blastp/blast_engine.rs:1665 src/algo/blast/core/blast_gapalign.c:2445-2466: 2 line(s) not found, e.g. 'single_query->sequence = concatenated_query->sequence + *query_start;'
LOSAT/src/algorithm/blastp/blast_engine.rs:1714 src/algo/blast/core/aa_ungapped.c:484-496: 3 line(s) not found, e.g. 'if (lookup_wrap->lut_type == eAaLookupTable) {'
LOSAT/src/algorithm/blastp/blast_engine.rs:1758 src/algo/blast/core/blast_aascan.c:86-93: 4 line(s) not found, e.g. 'for (i = 0; i < numhits; i++) {'
LOSAT/src/algorithm/blastp/blast_engine.rs:1779 src/algo/blast/core/aa_ungapped.c:492-505: 1 line(s) not found, e.g. '    hits = scansub(lookup_wrap, subject, offset_pairs, array_size, scan_range);'
LOSAT/src/algorithm/blastp/blast_engine.rs:1788 src/algo/blast/core/aa_ungapped.c:763-769: 2 line(s) not found, e.g. 'scan_range[0] = 0;'
LOSAT/src/algorithm/blastp/blast_engine.rs:1797 src/algo/blast/core/blast_util.c:112-121: 1 line(s) not found, e.g. '(*seq_blk)->length = length;'
LOSAT/src/algorithm/blastp/blast_engine.rs:1825 src/algo/blast/core/aa_ungapped.c:492-769: 1 line(s) not found, e.g. '    hits = scansub(lookup_wrap, subject, offset_pairs, array_size, scan_range);'
LOSAT/src/algorithm/blastp/blast_engine.rs:1876 src/algo/blast/core/blast_kappa.c:3036-3062: 1 line(s) not found, e.g. 'if (program_number != eBlastTypeBlastp ||'
LOSAT/src/algorithm/blastp/blast_engine.rs:1886 src/algo/blast/core/blast_gapalign.c:4209-4319: 4 line(s) not found, e.g. 's_BlastProtGappedAlignment(..., const BlastScoringParameters* score_params,'
LOSAT/src/algorithm/blastp/blast_engine.rs:1938 src/algo/blast/blastinput/cmdline_flags.cpp:113-113: 1 line(s) not found, e.g. 'const string kArgUseSWTraceback(\\"use_sw_tback\\");'
LOSAT/src/algorithm/blastp/blast_engine.rs:1986 src/objtools/align_format/format_flags.cpp:39-45: 1 line(s) not found, e.g. 'const char* kDfltArgTabularOutputFmt ='
LOSAT/src/algorithm/blastp/blast_engine.rs:2089 src/objtools/align_format/tabular.cpp:900-990: 1 line(s) not found, e.g. '    x_IsFieldRequested(eBTOP) || ...) {'
LOSAT/src/algorithm/blastp/blast_engine.rs:2941 src/algo/blast/core/blast_kappa.c:518-523: 1 line(s) not found, e.g. 'query = query_blk->sequence + query_info->contexts[hsp->context].query_offset;'
LOSAT/src/algorithm/blastp/blast_engine.rs:2948 src/algo/blast/core/blast_traceback.c:649-653: 1 line(s) not found, e.g. 'query = query_blk->sequence + query_info->contexts[hsp->context].query_offset;'
LOSAT/src/algorithm/blastp/blast_engine.rs:3291 src/algo/blast/core/blast_hits.c:746-824: 2 line(s) not found, e.g. 's_Blast_HSPGetNumIdentitiesAndPositives(...)'
LOSAT/src/algorithm/blastp/blast_engine.rs:3386 src/objtools/align_format/tabular.cpp:1049-1093: 1 line(s) not found, e.g. '          num_positives, query_frame, subject_frame);'
LOSAT/src/algorithm/blastp/blast_engine.rs:3425 src/algo/blast/core/blast_gapalign.c:3748-3786: 4 line(s) not found, e.g. '/* find the first ungapped alignment for each query and determine'
LOSAT/src/algorithm/blastp/blast_engine.rs:3444 src/algo/blast/core/blast_gapalign.c:3752-3786: 1 line(s) not found, e.g. '    (Int4)(kRestrictedMult * hit_params->cutoffs[contxt].cutoff_score)) {'
LOSAT/src/algorithm/blastp/blast_engine.rs:3471 src/algo/blast/core/blast_gapalign.c:3748-3786: 2 line(s) not found, e.g. '    (Int4)(kRestrictedMult * hit_params->cutoffs[contxt].cutoff_score)) {'
LOSAT/src/algorithm/blastp/blast_engine.rs:3518 src/algo/blast/core/blast_gapalign_priv.h:153-156: 5 line(s) not found, e.g. 'typedef struct BlastInitHSPNode {'
LOSAT/src/algorithm/blastp/blast_engine.rs:3532 src/algo/blast/core/blast_gapalign.c:3468-3499: 4 line(s) not found, e.g. '    if (h1->ungapped_data->q_start < h2->ungapped_data->q_start) return -1;'
LOSAT/src/algorithm/blastp/blast_engine.rs:3550 src/algo/blast/core/blast_extend.c:274-299: 2 line(s) not found, e.g. '                       h1->ungapped_data->length);'
LOSAT/src/algorithm/blastp/blast_engine.rs:3574 src/algo/blast/core/blast_gapalign.c:3468-3499: 2 line(s) not found, e.g. 'qsort(init_hitlist->init_hsp_array, init_hitlist->total,'
LOSAT/src/algorithm/blastp/blast_engine.rs:3613 src/algo/blast/core/blast_gapalign.c:3642-3657: 2 line(s) not found, e.g. 'while (init_hitlist->total > 0 &&'
LOSAT/src/algorithm/blastp/blast_engine.rs:3667 src/algo/blast/core/blast_gapalign.c:3502-3658: 1 line(s) not found, e.g. 'static Int2 s_ChainingAlignment(..., BlastInitHitList* init_hitlist)'
LOSAT/src/algorithm/blastp/blast_engine.rs:3718 src/algo/blast/core/blast_gapalign.c:3536-3558: 1 line(s) not found, e.g. '        pctx->query_offset + pctx->query_length)) {'
LOSAT/src/algorithm/blastp/blast_engine.rs:3803 src/algo/blast/core/blast_gapalign.c:3949-4008: 5 line(s) not found, e.g. 'status = s_BlastProtGappedAlignment(..., restricted_alignment, ...);'
LOSAT/src/algorithm/blastp/blast_engine.rs:3880 src/algo/blast/core/blast_hits.c:1330-1353: 2 line(s) not found, e.g. 'int ScoreCompareHSPs(const void* h1, const void* h2) {'
LOSAT/src/algorithm/blastp/blast_engine.rs:3898 src/algo/blast/core/blast_hits.c:2268-2315: 7 line(s) not found, e.g. 'static int'
LOSAT/src/algorithm/blastp/blast_engine.rs:3924 src/algo/blast/core/blast_hits.c:2333-2379: 7 line(s) not found, e.g. 'static int'
LOSAT/src/algorithm/blastp/blast_engine.rs:4003 src/algo/blast/core/blast_hits.c:2478-2502: 1 line(s) not found, e.g. '    for (k=i+j; k<hsp_count; k++) hsp_array[k] = hsp_array[k+1];'
LOSAT/src/algorithm/blastp/blast_engine.rs:4027 src/algo/blast/core/blast_hits.c:2504-2527: 1 line(s) not found, e.g. '    for (k=i+j; k<hsp_count; k++) hsp_array[k] = hsp_array[k+1];'
LOSAT/src/algorithm/blastp/blast_engine.rs:4096 src/algo/blast/core/blast_hits.c:2455-2538: 1 line(s) not found, e.g. 'Blast_HSPListPurgeHSPsWithCommonEndpoints(..., Boolean purge)'
LOSAT/src/algorithm/blastp/blast_engine.rs:4137 src/algo/blast/core/blast_kappa.c:3612-3619: 3 line(s) not found, e.g. 'localMatch->hsp_array,  /* i */'
LOSAT/src/algorithm/blastp/blast_engine.rs:4215 src/algo/blast/core/blast_gapalign.c:3975-3997: 1 line(s) not found, e.g. '    if (q_index2 != query_index) { ... } else { ... }'
LOSAT/src/algorithm/blastp/blast_engine.rs:4235 src/algo/blast/core/blast_kappa.c:3577-3584: 1 line(s) not found, e.g. ');'
LOSAT/src/algorithm/blastp/blast_engine.rs:4288 src/algo/blast/core/blast_gapalign.c:3975-4000: 2 line(s) not found, e.g. '    BlastIntervalTreeAddHSP(hsp_list->hsp_array[index2], tree,'
LOSAT/src/algorithm/blastp/blast_engine.rs:4317 src/algo/blast/core/blast_gapalign.c:3777-3786: 2 line(s) not found, e.g. '    (Int4)(kRestrictedMult * hit_params->cutoffs[contxt].cutoff_score)) {'
LOSAT/src/algorithm/blastp/blast_engine.rs:4340 src/algo/blast/core/blast_gapalign.c:3900-3949: 3 line(s) not found, e.g. '   BlastGetStartForGappedAlignment(query_tmp.sequence, subject->sequence,'
LOSAT/src/algorithm/blastp/blast_engine.rs:4429 src/algo/blast/core/blast_gapalign.c:3900-3945: 3 line(s) not found, e.g. '   BlastGetStartForGappedAlignment(query_tmp.sequence, subject->sequence,'
LOSAT/src/algorithm/blastp/blast_engine.rs:4442 src/algo/blast/core/blast_gapalign.c:3937-3945: 1 line(s) not found, e.g. 'max_offset ='
LOSAT/src/algorithm/blastp/blast_engine.rs:4475 src/algo/blast/core/blast_gapalign.c:3943-3949: 1 line(s) not found, e.g. 'status = s_BlastProtGappedAlignment(...);'
LOSAT/src/algorithm/blastp/blast_engine.rs:4482 src/algo/blast/core/blast_gapalign.c:3949-3978: 1 line(s) not found, e.g. '}'
LOSAT/src/algorithm/blastp/blast_engine.rs:4528 src/algo/blast/api/blast_setup_cxx.cpp:606-617: 2 line(s) not found, e.g. 'sequence = queries.GetBlastSequence(index, encoding,'
LOSAT/src/algorithm/blastp/blast_engine.rs:4538 src/algo/blast/core/blast_engine.c:1407-1427: 1 line(s) not found, e.g. 'while ((seq_arg.oid = BlastSeqSrcIteratorNext(seq_src, itr)) != BLAST_SEQSRC_EOF) {'
LOSAT/src/algorithm/blastp/blast_engine.rs:4550 src/algo/blast/api/blast_setup_cxx.cpp:486-651: 3 line(s) not found, e.g. 'void'
LOSAT/src/algorithm/blastp/blast_engine.rs:4567 src/algo/blast/api/blast_setup_cxx.cpp:606-617: 2 line(s) not found, e.g. 'sequence = queries.GetBlastSequence(index, encoding,'
LOSAT/src/algorithm/blastp/blast_engine.rs:4576 src/algo/blast/core/blast_engine.c:1407-1427: 1 line(s) not found, e.g. 'while ((seq_arg.oid = BlastSeqSrcIteratorNext(seq_src, itr)) != BLAST_SEQSRC_EOF) {'
LOSAT/src/algorithm/blastp/blast_engine.rs:4623 src/algo/blast/api/blast_setup_cxx.cpp:486-651: 2 line(s) not found, e.g. 'SetupQueries_OMF(IBlastQuerySource& queries,'
LOSAT/src/algorithm/blastp/blast_engine.rs:4632 src/algo/blast/core/blast_engine.c:1407-1427: 1 line(s) not found, e.g. 'while ((seq_arg.oid = BlastSeqSrcIteratorNext(seq_src, itr)) != BLAST_SEQSRC_EOF) {'
LOSAT/src/algorithm/blastp/blast_engine.rs:4918 src/app/blast/blastp_app.cpp:195-295: 1 line(s) not found, e.g. '                       fmt_args->GetFormattedOutputChoice(), ...);'
LOSAT/src/algorithm/blastp/blast_engine.rs:4932 src/algo/blast/blastinput/blast_args.cpp:2894-2978: 1 line(s) not found, e.g. '} else {'
LOSAT/src/algorithm/blastp/blast_engine.rs:5090 src/algo/blast/api/blast_setup_cxx.cpp:606-617: 2 line(s) not found, e.g. 'sequence = queries.GetBlastSequence(index, encoding,'
LOSAT/src/algorithm/blastp/blast_engine.rs:5099 src/algo/blast/core/blast_engine.c:1407-1427: 1 line(s) not found, e.g. 'while ((seq_arg.oid = BlastSeqSrcIteratorNext(seq_src, itr)) != BLAST_SEQSRC_EOF) {'
LOSAT/src/algorithm/blastp/blast_engine.rs:5390 src/algo/blast/core/blast_engine.c:1633-1681: 2 line(s) not found, e.g. 'BLAST_GapAlignSetUp(...);'
LOSAT/src/algorithm/blastp/blast_engine.rs:5399 src/algo/blast/core/blast_engine.c:1633-1705: 1 line(s) not found, e.g. 'BLAST_PreliminarySearchEngine(..., diagnostics, ...);'
LOSAT/src/algorithm/blastp/blast_engine.rs:5411 src/algo/blast/blastinput/blast_args.cpp:3205-3222: 1 line(s) not found, e.g. '} else {'
LOSAT/src/algorithm/blastp/blast_engine.rs:5521 src/algo/blast/core/blast_stat.c:2833-2852: 1 line(s) not found, e.g. 'Blast_ScoreBlkKbpIdealCalc(BlastScoreBlk* sbp)'
LOSAT/src/algorithm/blastp/blast_engine.rs:5533 src/algo/blast/core/blast_hits.c:1833-1839: 2 line(s) not found, e.g. 'hsp->evalue = BLAST_KarlinStoE_simple(hsp->score, kbp[hsp->context],'
LOSAT/src/algorithm/blastp/blast_engine.rs:5575 src/algo/blast/core/blast_aalookup.c:1349-1352: 2 line(s) not found, e.g. '                                query, locations);'
LOSAT/src/algorithm/blastp/blast_engine.rs:5647 src/algo/blast/core/blast_setup.c:914-921: 2 line(s) not found, e.g. '/* Set the database length for new FSC */'
LOSAT/src/algorithm/blastp/blast_engine.rs:5748 src/algo/blast/core/blast_setup.c:1008-1018: 2 line(s) not found, e.g. 'BLAST_OneSubjectUpdateParameters(..., subject_length, ...);'
LOSAT/src/algorithm/blastp/blast_engine.rs:5774 src/algo/blast/core/blast_traceback.c:369-372: 1 line(s) not found, e.g. '                              subject_blk->length / CODON_LENGTH) + 1);'
LOSAT/src/algorithm/blastp/blast_engine.rs:5782 src/algo/blast/core/blast_engine.c:1409-1498: 2 line(s) not found, e.g. '   status = s_BlastSearchEngineCore(..., &hsp_list, ...);'
LOSAT/src/algorithm/blastp/blast_engine.rs:5793 src/algo/blast/core/blast_engine.c:1409-1554: 2 line(s) not found, e.g. 'while ((seq_arg.oid = BlastSeqSrcIteratorNext(seq_src, itr)) != BLAST_SEQSRC_EOF) {'
LOSAT/src/algorithm/blastp/blast_engine.rs:5802 src/algo/blast/core/blast_util.c:112-121: 1 line(s) not found, e.g. '(*seq_blk)->length = length;'
LOSAT/src/algorithm/blastp/blast_engine.rs:5811 src/algo/blast/core/blast_setup.c:999-1018: 4 line(s) not found, e.g. 'BLAST_OneSubjectUpdateParameters(..., subject_length, ...);'
LOSAT/src/algorithm/blastp/blast_engine.rs:5821 src/algo/blast/core/blast_parameters.c:917-960: 3 line(s) not found, e.g. 'new_cutoff = BLAST_SpougeEtoS(...,'
LOSAT/src/algorithm/blastp/blast_engine.rs:5831 src/algo/blast/core/blast_extend.c:253-267: 2 line(s) not found, e.g. 'init_hitlist->init_hsp_array ='
LOSAT/src/algorithm/blastp/blast_engine.rs:5865 src/algo/blast/core/aa_ungapped.c:713-775: 8 line(s) not found, e.g. 'diff = subject_offset -'
LOSAT/src/algorithm/blastp/blast_engine.rs:5883 src/algo/blast/core/aa_ungapped.c:787-793: 4 line(s) not found, e.g. 'Int4 curr_context = BSearchContextInfo(query_offset,'
LOSAT/src/algorithm/blastp/blast_engine.rs:5898 src/algo/blast/core/aa_ungapped.c:1040-1044: 1 line(s) not found, e.g. 'if (use_pssm)'
LOSAT/src/algorithm/blastp/blast_engine.rs:5951 src/algo/blast/core/aa_ungapped.c:488-574: 8 line(s) not found, e.g. '} else {'
LOSAT/src/algorithm/blastp/blast_engine.rs:5973 src/algo/blast/core/aa_ungapped.c:509-521: 8 line(s) not found, e.g. '    diag_array[diag_coord].last_hit) {'
LOSAT/src/algorithm/blastp/blast_engine.rs:6004 src/algo/blast/core/aa_ungapped.c:551-560: 2 line(s) not found, e.g. 'if (query_offset - diff <'
LOSAT/src/algorithm/blastp/blast_engine.rs:6018 src/algo/blast/core/aa_ungapped.c:562-570: 3 line(s) not found, e.g. '        subject_offset + diag_offset;'
LOSAT/src/algorithm/blastp/blast_engine.rs:6035 src/algo/blast/core/aa_ungapped.c:1112-1116: 3 line(s) not found, e.g. 'if (use_pssm)'
LOSAT/src/algorithm/blastp/blast_engine.rs:6057 src/algo/blast/core/aa_ungapped.c:575-588: 12 line(s) not found, e.g. '    BlastSaveInitHsp(ungapped_hsps, hsp_q, hsp_s,'
LOSAT/src/algorithm/blastp/blast_engine.rs:6095 src/algo/blast/core/blast_extend.c:152-169: 3 line(s) not found, e.g. '    s_BlastDiagClear(ewp->diag_table);'
LOSAT/src/algorithm/blastp/blast_engine.rs:6119 src/algo/blast/core/aa_ungapped.c:228-234: 1 line(s) not found, e.g. 'return status;'
LOSAT/src/algorithm/blastp/blast_engine.rs:6126 src/algo/blast/core/blast_gapalign.c:3716-3724: 2 line(s) not found, e.g. '    status = s_ChainingAlignment(..., init_hitlist);'
LOSAT/src/algorithm/blastp/blast_engine.rs:6146 src/algo/blast/core/blast_gapalign.c:3735-3789: 1 line(s) not found, e.g. 'restricted_align_array = calloc(...);'
LOSAT/src/algorithm/blastp/blast_engine.rs:6156 src/algo/blast/core/blast_gapalign.c:3735-3789: 1 line(s) not found, e.g. '    restricted_align_array = calloc(...);'
LOSAT/src/algorithm/blastp/blast_engine.rs:6196 src/algo/blast/core/blast_engine.c:1481-1497: 1 line(s) not found, e.g. '    status = Blast_HSPListReevaluateUngapped(...);'
LOSAT/src/algorithm/blastp/blast_engine.rs:6204 src/algo/blast/core/blast_gapalign.c:3697-3698: 2 line(s) not found, e.g. 'Int4 redo_index = -1; /* these are used for recomputing alignmnets if the */'
LOSAT/src/algorithm/blastp/blast_engine.rs:6212 src/algo/blast/core/blast_gapalign.c:3870-3878: 2 line(s) not found, e.g. '    continue;'
LOSAT/src/algorithm/blastp/blast_engine.rs:6225 src/algo/blast/core/blast_gapalign.c:4209-4319: 1 line(s) not found, e.g. 's_BlastProtGappedAlignment(..., BlastGapAlignStruct* gap_align, ...)'
LOSAT/src/algorithm/blastp/blast_engine.rs:6233 src/algo/blast/core/blast_gapalign.c:3852-3868: 1 line(s) not found, e.g. 'query_index = Blast_GetQueryIndexFromContext(context, program_number);'
LOSAT/src/algorithm/blastp/blast_engine.rs:6249 src/algo/blast/core/blast_gapalign.c:3870-3878: 2 line(s) not found, e.g. '    continue;'
LOSAT/src/algorithm/blastp/blast_engine.rs:6266 src/algo/blast/core/blast_gapalign.c:3908-3918: 1 line(s) not found, e.g. '                                  hit_options->min_diag_separation))'
LOSAT/src/algorithm/blastp/blast_engine.rs:6359 src/algo/blast/core/blast_gapalign.c:3935-3953: 2 line(s) not found, e.g. 'max_offset = BlastGetStartForGappedAlignment(...);'
LOSAT/src/algorithm/blastp/blast_engine.rs:6399 src/algo/blast/core/blast_gapalign.c:3975-4000: 1 line(s) not found, e.g. 'for (index2 = 0; index2 < hsp_list->hspcnt; index2++) { ... }'
LOSAT/src/algorithm/blastp/blast_engine.rs:6444 src/algo/blast/core/blast_gapalign.c:3975-4007: 1 line(s) not found, e.g. 'redo_query = query_index;'
LOSAT/src/algorithm/blastp/blast_engine.rs:6465 src/algo/blast/core/blast_gapalign.c:4001-4007: 3 line(s) not found, e.g. 'redo_query = query_index;'
LOSAT/src/algorithm/blastp/blast_engine.rs:6475 src/algo/blast/core/blast_gapalign.c:3870-3878: 2 line(s) not found, e.g. '    continue;'
LOSAT/src/algorithm/blastp/blast_engine.rs:6600 src/algo/blast/core/blast_engine.c:1523-1539: 1 line(s) not found, e.g. 'Blast_HSPListGetEvalues(program_number, query_info,'
LOSAT/src/algorithm/blastp/blast_engine.rs:6635 src/algo/blast/core/blast_engine.c:1409-1498: 2 line(s) not found, e.g. '   status = s_BlastSearchEngineCore(..., &hsp_list, ...);'
LOSAT/src/algorithm/blastp/blast_engine.rs:6648 src/algo/blast/core/blast_engine.c:1409-1475: 1 line(s) not found, e.g. '   status = s_BlastSearchEngineCore(...);'
LOSAT/src/algorithm/blastp/blast_engine.rs:6676 src/algo/blast/core/blast_engine.c:1633-1688: 3 line(s) not found, e.g. 'aux_arg->gap_align = BLAST_GapAlignStructNew(...);'
LOSAT/src/algorithm/blastp/blast_engine.rs:6690 src/algo/blast/core/blast_engine.c:1409-1554: 2 line(s) not found, e.g. 'while ((seq_arg.oid = BlastSeqSrcIteratorNext(seq_src, itr)) != BLAST_SEQSRC_EOF) {'
LOSAT/src/algorithm/blastp/blast_engine.rs:6798 src/algo/blast/core/blast_kappa.c:3329-3334: 1 line(s) not found, e.g. '}'
LOSAT/src/algorithm/blastp/blast_engine.rs:6829 src/algo/blast/core/blast_kappa.c:2216-2231: 2 line(s) not found, e.g. 'Blast_Int4MatrixFromFreq(self->startMatrix, self->cols,'
LOSAT/src/algorithm/blastp/blast_engine.rs:6843 src/algo/blast/core/blast_kappa.c:2216-2231: 2 line(s) not found, e.g. 'Blast_Int4MatrixFromFreq(self->startMatrix, self->cols,'
LOSAT/src/algorithm/blastp/blast_engine.rs:6851 include/algo/blast/composition_adjustment/redo_alignment.h:97-106: 3 line(s) not found, e.g. '    int x_dropoff;'
LOSAT/src/algorithm/blastp/blast_engine.rs:6881 src/algo/blast/composition_adjustment/redo_alignment.c:1107-1118: 2 line(s) not found, e.g. 'Blast_RedoOneMatch(..., int ** matrix, int alphsize,'
LOSAT/src/algorithm/blastp/blast_engine.rs:6909 src/algo/blast/composition_adjustment/redo_alignment.c:382-406: 3 line(s) not found, e.g. 'Nearly identical alignments are computed with exact subjects,'
LOSAT/src/algorithm/blastp/blast_engine.rs:6938 src/algo/blast/core/blast_kappa.c:3429-3449: 1 line(s) not found, e.g. '#pragma omp parallel ... num_threads(actual_num_threads)'
LOSAT/src/algorithm/blastp/blast_engine.rs:6964 src/algo/blast/core/blast_kappa.c:3429-3449: 1 line(s) not found, e.g. '#pragma omp parallel ... num_threads(actual_num_threads)'
LOSAT/src/algorithm/blastp/blast_engine.rs:7020 src/algo/blast/core/blast_kappa.c:3429-3449: 1 line(s) not found, e.g. '#pragma omp parallel ... num_threads(actual_num_threads)'
LOSAT/src/algorithm/blastp/blast_engine.rs:7034 src/algo/blast/core/blast_kappa.c:3429-3459: 1 line(s) not found, e.g. '#pragma omp parallel default(none) num_threads(actual_num_threads)'
LOSAT/src/algorithm/blastp/blast_engine.rs:7090 src/algo/blast/core/blast_kappa.c:3577-3585: 1 line(s) not found, e.g. '*pStatusCode = s_ResultHspToDistinctAlign(...);'
LOSAT/src/algorithm/blastp/blast_engine.rs:7114 src/algo/blast/core/blast_kappa.c:3525-3529: 2 line(s) not found, e.g. 'if (BlastCompo_EarlyTermination(localMatch->best_evalue,'
LOSAT/src/algorithm/blastp/blast_engine.rs:7157 src/algo/blast/core/blast_kappa.c:3119-3128: 1 line(s) not found, e.g. '    BlastCompo_HeapInitialize(&redoneMatches[query_index], ...);'
LOSAT/src/algorithm/blastp/blast_engine.rs:7165 src/algo/blast/core/blast_kappa.c:3329-3334: 1 line(s) not found, e.g. 'status_code = Blast_CompositionWorkspaceInit(...);'
LOSAT/src/algorithm/blastp/blast_engine.rs:7171 src/algo/blast/core/blast_kappa.c:3436-3459: 1 line(s) not found, e.g. '    ... redoneMatches = redoneMatches_tld[tid];'
LOSAT/src/algorithm/blastp/blast_engine.rs:7177 src/algo/blast/core/blast_kappa.c:3429-3459: 1 line(s) not found, e.g. '#pragma omp parallel default(none) num_threads(actual_num_threads)'
LOSAT/src/algorithm/blastp/blast_engine.rs:7235 src/algo/blast/core/blast_kappa.c:3525-3528: 2 line(s) not found, e.g. 'if (BlastCompo_EarlyTermination(localMatch->best_evalue,'
LOSAT/src/algorithm/blastp/blast_engine.rs:7286 src/algo/blast/core/blast_kappa.c:3329-3334: 2 line(s) not found, e.g. '    status_code = Blast_CompositionWorkspaceInit(...);'
LOSAT/src/algorithm/blastp/blast_engine.rs:7309 src/algo/blast/core/blast_kappa.c:1934-1942: 1 line(s) not found, e.g. '    BLAST_GappedAlignmentWithTraceback(..., gapAlign,'
LOSAT/src/algorithm/blastp/blast_engine.rs:7331 src/algo/blast/core/blast_setup.c:821-847: 1 line(s) not found, e.g. 'BLAST_ComputeLengthAdjustment(..., query_length, db_length,'
LOSAT/src/algorithm/blastp/blast_engine.rs:7339 src/algo/blast/core/blast_kappa.c:3244-3248: 1 line(s) not found, e.g. 'query_info_tld[i] = s_GetQueryInfo(queryBlk->sequence, queryInfo, ...);'
LOSAT/src/algorithm/blastp/blast_engine.rs:7376 src/algo/blast/core/blast_kappa.c:3612-3619: 3 line(s) not found, e.g. 'localMatch->hsp_array,  /* i */'
LOSAT/src/algorithm/blastp/blast_engine.rs:7396 src/algo/blast/core/blast_kappa.c:3525-3528: 3 line(s) not found, e.g. 'if (BlastCompo_EarlyTermination(localMatch->best_evalue,'
LOSAT/src/algorithm/blastp/blast_engine.rs:7448 src/algo/blast/core/blast_traceback.c:845-852: 1 line(s) not found, e.g. 'for (subject_index = 0; subject_index < hit_list->hsplist_count; ++subject_index) {'
LOSAT/src/algorithm/blastp/blast_engine.rs:7568 src/objtools/align_format/tabular.cpp:973-986: 1 line(s) not found, e.g. '    ...) {'
LOSAT/src/algorithm/blastp/blast_engine.rs:7717 src/algo/blast/format/blast_format.cpp:68-93: 3 line(s) not found, e.g. 'CBlastFormat::CBlastFormat(..., CNcbiOstream& outfile, ...)'
LOSAT/src/algorithm/blastp/blast_engine.rs:7916 src/algo/blast/core/blast_engine.c:1633-1705: 1 line(s) not found, e.g. 'BLAST_PreliminarySearchEngine(..., diagnostics, ...);'
LOSAT/src/algorithm/blastp/blast_engine.rs:8029 src/algo/blast/core/blast_engine.c:1409-1554: 2 line(s) not found, e.g. 'while ((seq_arg.oid = BlastSeqSrcIteratorNext(seq_src, itr)) != BLAST_SEQSRC_EOF) {'
LOSAT/src/algorithm/blastp/blast_engine.rs:8123 src/algo/blast/core/blast_lookup.c:87-129: 2 line(s) not found, e.g. '    BlastLookupAddWordHit(backbone, lut_word_length, charsize,'
LOSAT/src/algorithm/blastp/blast_engine.rs:8308 src/algo/blast/core/aa_ungapped.c:509-521: 7 line(s) not found, e.g. '    diag_array[diag_coord].last_hit) {'
LOSAT/src/algorithm/blastp/blast_engine.rs:8344 src/algo/blast/core/aa_ungapped.c:581-588: 9 line(s) not found, e.g. 'if (right_extend) {'
LOSAT/src/algorithm/blastp/blast_engine.rs:8374 src/algo/blast/core/aa_ungapped.c:554-561: 6 line(s) not found, e.g. 'if (query_offset - diff <'
LOSAT/src/algorithm/blastp/blast_engine.rs:8415 src/algo/blast/core/aa_ungapped.c:787-800: 2 line(s) not found, e.g. 'score = s_BlastAaExtendOneHit(..., &hsp_q, &hsp_s, &hsp_len, ...);'
LOSAT/src/algorithm/blastp/blast_engine.rs:8464 src/algo/blast/core/aa_ungapped.c:566-583: 5 line(s) not found, e.g. 'score = s_BlastAaExtendTwoHit(..., &hsp_q, &hsp_s, &hsp_len, ...,'
LOSAT/src/algorithm/blastp/blast_engine.rs:8514 src/algo/blast/core/aa_ungapped.c:566-583: 5 line(s) not found, e.g. 'score = s_BlastAaExtendTwoHit(..., &hsp_q, &hsp_s, &hsp_len, ...,'
LOSAT/src/algorithm/blastp/blast_engine.rs:8577 src/algo/blast/core/aa_ungapped.c:492-505: 5 line(s) not found, e.g. '    hits = scansub(lookup_wrap, subject, offset_pairs, array_size, scan_range);'
LOSAT/src/algorithm/blastp/blast_engine.rs:8625 src/algo/blast/core/blast_lookup.c:102-128: 2 line(s) not found, e.g. 'BlastLookupAddWordHit(backbone, lut_word_length, charsize,'
LOSAT/src/algorithm/blastp/blast_engine.rs:8631 src/algo/blast/core/aa_ungapped.c:492-505: 2 line(s) not found, e.g. 'Uint4 query_offset = offset_pairs[i].qs_offsets.q_off;'
LOSAT/src/algorithm/blastp/blast_engine.rs:8669 src/algo/blast/core/blast_aascan.c:552-568: 1 line(s) not found, e.g. 'if (lookup_wrap->lut_type == eAaLookupTable) { ... }'
LOSAT/src/algorithm/blastp/blast_engine.rs:8725 src/algo/blast/core/blast_util.c:112-121: 1 line(s) not found, e.g. '(*seq_blk)->length = length;'
LOSAT/src/algorithm/blastp/blast_engine.rs:8750 src/algo/blast/core/aa_ungapped.c:551-560: 2 line(s) not found, e.g. 'if (query_offset - diff <'
LOSAT/src/algorithm/blastp/blast_engine.rs:8792 src/algo/blast/core/blast_gapalign.c:2445-2466: 1 line(s) not found, e.g. 's_AdjustInitialHSPOffsets(init_hsp, query_start);'
LOSAT/src/algorithm/blastp/blast_engine.rs:8877 src/objtools/align_format/format_flags.cpp:39-45: 1 line(s) not found, e.g. 'const char* kDfltArgTabularOutputFmt ='
LOSAT/src/algorithm/blastp/blast_engine.rs:9028 src/algo/blast/core/blast_aalookup.c:1289-1292: 1 line(s) not found, e.g. 'ASSERT(word_size == 5 || word_size == 6 || word_size == 7);'
LOSAT/src/algorithm/blastp/blast_engine.rs:9055 src/algo/blast/core/blast_gapalign.c:4209-4319: 2 line(s) not found, e.g. 's_BlastProtGappedAlignment(..., const BlastScoringParameters* score_params,'
LOSAT/src/algorithm/blastp/blast_engine.rs:9072 src/algo/blast/core/blast_kappa.c:2387-2415: 3 line(s) not found, e.g. 'gapping_params->x_dropoff = (Int4)'
LOSAT/src/algorithm/blastp/blast_engine.rs:9123 src/algo/blast/core/blast_parameters.c:932-940: 1 line(s) not found, e.g. '                    avg_subject_length);'
LOSAT/src/algorithm/blastp/blast_engine.rs:9173 src/algo/blast/core/blast_setup.c:969-983: 1 line(s) not found, e.g. 'BlastHitSavingParametersNew(..., min_subject_length, ..., hit_params);'
LOSAT/src/algorithm/blastp/blast_engine.rs:9182 src/algo/blast/core/blast_engine.c:1403-1440: 1 line(s) not found, e.g. '    BLAST_OneSubjectUpdateParameters(..., seq_arg.seq->length, ...);'
LOSAT/src/algorithm/blastp/blast_engine.rs:9455 src/algo/blast/core/blast_gapalign.c:3975-4000: 2 line(s) not found, e.g. '    BlastIntervalTreeAddHSP(hsp_list->hsp_array[index2], tree,'
LOSAT/src/algorithm/blastp/blast_engine.rs:9551 src/algo/blast/core/blast_parameters.c:204-921: 1 line(s) not found, e.g. '   curr_cutoffs->cutoff_score = INT4_MAX;'
LOSAT/src/algorithm/blastp/blast_engine.rs:9572 src/algo/blast/core/blast_stat.c:3577-3622: 2 line(s) not found, e.g. 'Blast_KarlinBlkGappedLoadFromTables(kbp, gap_open,'
LOSAT/src/algorithm/blastp/blast_engine.rs:9601 src/algo/blast/core/blast_extend.c:306-309: 1 line(s) not found, e.g. '}'
LOSAT/src/algorithm/blastp/blast_engine.rs:9681 src/algo/blast/core/blast_gapalign.c:3468-3499: 2 line(s) not found, e.g. 'qsort(init_hitlist->init_hsp_array, init_hitlist->total,'
LOSAT/src/algorithm/blastp/blast_engine.rs:9713 src/algo/blast/core/blast_extend.c:274-299: 2 line(s) not found, e.g. '                       h1->ungapped_data->length);'
LOSAT/src/algorithm/blastp/blast_engine.rs:9754 src/algo/blast/core/blast_gapalign.c:3642-3657: 2 line(s) not found, e.g. 'while (init_hitlist->total > 0 &&'
LOSAT/src/algorithm/tblastx/blast_engine/run_impl.rs:47 src/algo/blast/core/aa_ungapped.c:492-505: 1 line(s) not found, e.g. '    hits = scansub(lookup_wrap, subject, offset_pairs, array_size, scan_range);'
LOSAT/src/algorithm/tblastx/blast_engine/run_impl.rs:70 src/algo/blast/core/blast_engine.c:221-251: 3 line(s) not found, e.g. '} else {'
LOSAT/src/algorithm/tblastx/blast_engine/run_impl.rs:133 src/algo/blast/core/blast_engine.c:221-310: 4 line(s) not found, e.g. 'subject->seq_ranges = subject->seq_ranges_allocated;'
LOSAT/src/algorithm/tblastx/blast_engine/run_impl.rs:176 include/algo/blast/core/blast_hits.h:190-192: 1 line(s) not found, e.g. '/** Size of overlap in splitting query or database sequence */'
LOSAT/src/algorithm/tblastx/blast_engine/run_impl.rs:183 src/algo/blast/core/blast_hits.c:1534-1539: 1 line(s) not found, e.g. '/** Maximal diagonal distance between HSP starting offsets, within which HSPs'
LOSAT/src/algorithm/tblastx/blast_engine/run_impl.rs:226 src/algo/blast/core/blast_engine.c:452-584: 3 line(s) not found, e.g. 'aux_struct->WordFinder(..., init_hitlist, ...);'
LOSAT/src/algorithm/tblastx/blast_engine/run_impl.rs:295 src/algo/blast/core/blast_engine.c:580-584: 2 line(s) not found, e.g. 'Blast_HSPListAdjustOffsets(hsp_list, backup.offset);'
LOSAT/src/algorithm/tblastx/blast_engine/run_impl.rs:374 src/algo/blast/core/blast_hits.c:1488-1533: 4 line(s) not found, e.g. 'static Boolean'
LOSAT/src/algorithm/tblastx/blast_engine/run_impl.rs:439 src/algo/blast/core/blast_hits.c:2857-2995: 4 line(s) not found, e.g. '   if (hsp1->subject.end > split_offsets[0]) { ... }'
LOSAT/src/algorithm/tblastx/blast_engine/run_impl.rs:517 src/algo/blast/core/blast_hits.c:3038-3051: 2 line(s) not found, e.g. 'void Blast_HSPListAdjustOffsets(BlastHSPList* hsp_list, Int4 offset)'
LOSAT/src/algorithm/tblastx/blast_engine/run_impl.rs:586 src/algo/blast/api/blast_setup_cxx.cpp:486-651: 3 line(s) not found, e.g. 'void'
LOSAT/src/algorithm/tblastx/blast_engine/run_impl.rs:1458 src/algo/blast/format/blast_format.cpp:68-93: 2 line(s) not found, e.g. 'CBlastFormat::CBlastFormat(..., CNcbiOstream& outfile, ...)'
LOSAT/src/algorithm/tblastx/blast_engine/run_impl.rs:1720 src/algo/blast/core/aa_ungapped.c:575-582: 3 line(s) not found, e.g. '    last_hit + wordsize, subject_offset, query_offset,'
LOSAT/src/algorithm/tblastx/blast_engine/run_impl.rs:1737 include/algo/blast/blastinput/blast_args.hpp:1290-1296: 3 line(s) not found, e.g. 'CMTArgs(...)'
LOSAT/src/algorithm/tblastx/blast_engine/run_impl.rs:1747 src/algo/blast/blastinput/blast_args.cpp:3205-3222: 1 line(s) not found, e.g. '} else {'
LOSAT/src/algorithm/tblastx/blast_engine/run_impl.rs:1772 src/algo/blast/core/blast_engine.c:1002-1003: 1 line(s) not found, e.g. 'status = s_BlastSetUpAuxStructures(..., aux_struct);'
LOSAT/src/algorithm/tblastx/blast_engine/run_impl.rs:1814 src/algo/blast/blastinput/blast_args.cpp:3265-3273: 1 line(s) not found, e.g. '#endif /* _BLAST_DEBUG */'
LOSAT/src/algorithm/tblastx/blast_engine/run_impl.rs:1850 src/algo/blast/api/blast_setup_cxx.cpp:486-651: 2 line(s) not found, e.g. 'SetupQueries_OMF(IBlastQuerySource& queries,'
LOSAT/src/algorithm/tblastx/blast_engine/run_impl.rs:2019 src/algo/blast/core/blast_engine.c:1409-1475: 1 line(s) not found, e.g. '   status = s_BlastSearchEngineCore(...);'
LOSAT/src/algorithm/tblastx/blast_engine/run_impl.rs:2027 src/algo/blast/core/blast_engine.c:452-584: 1 line(s) not found, e.g. '   status = Blast_HSPListsMerge(&hsp_list, &combined_hsp_list, ...);'
LOSAT/src/algorithm/tblastx/blast_engine/run_impl.rs:2132 src/algo/blast/core/blast_engine.c:1411-1475: 1 line(s) not found, e.g. '   status = s_BlastSearchEngineCore(..., &hsp_list, ...);'
LOSAT/src/algorithm/tblastx/blast_engine/run_impl.rs:2203 src/algo/blast/core/blast_engine.c:1411-1475: 1 line(s) not found, e.g. '   status = s_BlastSearchEngineCore(...);'
LOSAT/src/algorithm/tblastx/blast_engine/run_impl.rs:2211 src/algo/blast/core/blast_engine.c:1411-1475: 1 line(s) not found, e.g. '   status = s_BlastSearchEngineCore(...);'
LOSAT/src/algorithm/tblastx/blast_engine/run_impl.rs:2388 src/algo/blast/core/blast_parameters.c:360-374: 2 line(s) not found, e.g. '              MIN((Uint8)subj_length, (Uint8)query_length)*((Uint8)subj_length),'
LOSAT/src/algorithm/tblastx/blast_engine/run_impl.rs:2638 src/algo/blast/core/blast_engine.c:804-855: 2 line(s) not found, e.g. '   status = s_BlastSearchEngineOneContext(..., &hsp_list_for_chunks, ...);'
LOSAT/src/algorithm/tblastx/blast_engine/run_impl.rs:3160 src/algo/blast/core/aa_ungapped.c:614-614: 1 line(s) not found, e.g. '/* increment the offset in the diagonal array */'
LOSAT/src/algorithm/tblastx/blast_engine/run_impl.rs:3199 src/algo/blast/core/blast_engine.c:452-584: 3 line(s) not found, e.g. '   aux_struct->WordFinder(..., init_hitlist, ...);'
LOSAT/src/algorithm/tblastx/blast_engine/run_impl.rs:3262 src/algo/blast/core/blast_engine.c:452-584: 1 line(s) not found, e.g. '   status = Blast_HSPListsMerge(...);'
LOSAT/src/algorithm/tblastx/blast_engine/run_impl.rs:3367 src/algo/blast/core/blast_engine.c:452-584: 3 line(s) not found, e.g. '   aux_struct->WordFinder(..., init_hitlist, ...);'
LOSAT/src/algorithm/tblastx/blast_engine/run_impl.rs:3408 src/algo/blast/core/blast_engine.c:804-845: 1 line(s) not found, e.g. '    Blast_HSPListAppend(&hsp_list_for_chunks, &hsp_list_out, kHspNumMax);'
LOSAT/src/algorithm/tblastx/blast_engine/run_impl.rs:3432 src/algo/blast/core/blast_engine.c:561-584: 1 line(s) not found, e.g. 'Blast_HSPListsMerge(...);'
LOSAT/src/algorithm/tblastx/blast_engine/run_impl.rs:3562 src/algo/blast/core/blast_hits.c:1374-1381: 1 line(s) not found, e.g. '}'
LOSAT/src/algorithm/tblastx/blast_engine/run_impl.rs:3582 src/algo/blast/blastinput/blast_args.cpp:3265-3273: 1 line(s) not found, e.g. '#endif /* _BLAST_DEBUG */'
LOSAT/src/algorithm/tblastx/blast_engine/run_impl.rs:3659 src/algo/blast/core/link_hsps.c:553-558: 1 line(s) not found, e.g. '}'
LOSAT/src/algorithm/tblastx/blast_engine/run_impl.rs:3677 src/algo/blast/core/link_hsps.c:959-982: 2 line(s) not found, e.g. 'H->hsp->evalue = (best_evalue == -1) ? H->hsp->evalue :'
LOSAT/src/algorithm/tblastx/blast_engine/run_impl.rs:3713 src/algo/blast/blastinput/blast_args.cpp:3265-3273: 1 line(s) not found, e.g. '#endif /* _BLAST_DEBUG */'
LOSAT/src/algorithm/tblastx/blast_engine/run_impl.rs:3776 src/algo/blast/core/blast_hits.c:2708-2720: 2 line(s) not found, e.g. '    subject_start, hsp, score_params->options, &align_length, sbp);'
LOSAT/src/algorithm/tblastx/blast_engine/run_impl.rs:3808 src/algo/blast/core/blast_filter.c:1379-1404: 1 line(s) not found, e.g. 'Blast_MaskTheResidues(buffer, query_length, kIsNucl, ...);'
LOSAT/src/algorithm/tblastx/blast_engine/run_impl.rs:3814 src/algo/blast/core/blast_hits.c:699-700: 1 line(s) not found, e.g. 'query++;'
LOSAT/src/algorithm/tblastx/blast_engine/run_impl.rs:3935 src/algo/blast/core/blast_gapalign.c:4754-4767: 2 line(s) not found, e.g. 'Blast_HSPInit(ungapped_data->q_start, ...,'
LOSAT/src/algorithm/tblastx/blast_engine/run_impl.rs:3987 src/algo/blast/core/link_hsps.c:1018-1059: 1 line(s) not found, e.g. 'while (H->hsp_link.link[ordering_method]) { ... }'
LOSAT/src/algorithm/tblastx/blast_engine/run_impl.rs:4008 src/algo/blast/blastinput/blast_args.cpp:3265-3273: 1 line(s) not found, e.g. '#endif /* _BLAST_DEBUG */'
LOSAT/src/algorithm/tblastx/blast_engine/run_impl.rs:4049 src/algo/blast/core/blast_engine.c:1411-1497: 2 line(s) not found, e.g. 'while (...) {'
LOSAT/src/algorithm/tblastx/blast_engine/run_impl.rs:4064 src/algo/blast/core/blast_engine.c:1411-1475: 1 line(s) not found, e.g. '   status = s_BlastSearchEngineCore(...);'
LOSAT/src/algorithm/tblastx/blast_engine/run_impl.rs:4082 src/algo/blast/core/blast_engine.c:1411-1475: 1 line(s) not found, e.g. '   status = s_BlastSearchEngineCore(...);'
LOSAT/src/algorithm/tblastx/blast_engine/run_impl.rs:4107 src/algo/blast/api/blast_seqalign.cpp:1569-1577: 1 line(s) not found, e.g. '}'
LOSAT/src/algorithm/tblastx/blast_engine/run_impl.rs:4123 src/algo/blast/core/blast_engine.c:1411-1475: 1 line(s) not found, e.g. '   status = s_BlastSearchEngineCore(...);'
LOSAT/src/algorithm/tblastx/blast_engine/run_impl.rs:4160 src/algo/blast/core/blast_engine.c:1411-1475: 2 line(s) not found, e.g. 'while (...) {'
LOSAT/src/algorithm/tblastx/blast_engine/run_impl.rs:4185 src/algo/blast/core/blast_engine.c:1411-1475: 2 line(s) not found, e.g. 'while (...) {'
LOSAT/src/algorithm/tblastx/blast_engine/run_impl.rs:4207 src/algo/blast/core/blast_engine.c:1411-1475: 2 line(s) not found, e.g. 'while (...) {'
LOSAT/src/algorithm/tblastx/blast_engine/run_impl.rs:4234 src/algo/blast/core/blast_engine.c:1411-1475: 2 line(s) not found, e.g. 'while (...) {'
LOSAT/src/algorithm/tblastx/blast_engine/run_impl.rs:4259 src/algo/blast/api/blast_seqalign.cpp:1569-1577: 1 line(s) not found, e.g. '}'
LOSAT/src/algorithm/tblastx/blast_engine/run_impl.rs:4277 src/algo/blast/core/blast_engine.c:1409-1427: 1 line(s) not found, e.g. '   status = s_BlastSearchEngineCore(...);'
LOSAT/src/algorithm/tblastx/blast_engine/run_impl.rs:4324 src/algo/blast/core/blast_engine.c:1411-1497: 2 line(s) not found, e.g. 'while (...) {'
LOSAT/src/algorithm/tblastx/blast_engine/run_impl.rs:4479 src/algo/blast/core/blast_hits.c:2857-2995: 3 line(s) not found, e.g. 'if (hsp1->subject.end > split_offsets[0]) { ... }'
LOSAT/src/algorithm/tblastx/blast_engine/run_impl.rs:4549 src/algo/blast/core/blast_hits.c:2857-2995: 2 line(s) not found, e.g. '   if (hsp1->subject.end > split_offsets[0]) { ... }'
LOSAT/src/algorithm/tblastx/blast_engine/run_impl.rs:4566 src/algo/blast/core/blast_hits.c:2857-2995: 1 line(s) not found, e.g. '   if (hsp2->subject.offset < split_offsets[0] + chunk_overlap_size) { ... }'
LOSAT/src/algorithm/tblastx/blast_engine/run_impl.rs:4582 src/algo/blast/core/blast_hits.c:1488-1533: 2 line(s) not found, e.g. 'if(hsp1->subject.frame != hsp2->subject.frame) return FALSE;'
LOSAT/src/algorithm/tblastx/blast_engine/run_impl.rs:4604 src/algo/blast/core/blast_hits.c:1488-1533: 1 line(s) not found, e.g. 'if(hsp1->subject.frame != hsp2->subject.frame) return FALSE;'
LOSAT/src/algorithm/tblastx/blast_engine/run_impl.rs:4647 src/algo/blast/core/blast_aascan.c:83-127: 1 line(s) not found, e.g. 'for (s = s_first; s <= s_last; s++) { ... }'
LOSAT/src/blastinput/value_parsers.rs:5 src/algo/blast/blastinput/blast_args.cpp:410-420: 4 line(s) not found, e.g. 'if (dust_opts == kDfltArgNoFiltering) { opt.SetDustFiltering(false); }'
LOSAT/src/cli.rs:55 src/algo/blast/blastinput/blast_args.cpp:166-349: 3 line(s) not found, e.g. 'arg_desc.AddOptionalKey(kArgWordSize, "int_value", description, CArgDescriptions::eInteger);'
LOSAT/src/report/pairwise.rs:155 src/algo/blast/format/blast_format.cpp:2248-2285: 3 line(s) not found, e.g. '          << options.GetWordThreshold() << "\\n";'
LOSAT/src/report/pairwise.rs:1038 src/algo/blast/format/blastfmtutil.cpp:73-111: 2 line(s) not found, e.g. 'if (m_Program == "psiblast" || m_Program == "blastp") {'
LOSAT/src/report/pairwise.rs:1045 src/algo/blast/api/version.cpp:46-69: 2 line(s) not found, e.g. '"Stephen F. Altschul, Thomas L. Madden, Alejandro A. Schaffer, ..."'
LOSAT/src/report/pairwise.rs:1099 src/algo/blast/format/blastfmtutil.cpp:125-138: 3 line(s) not found, e.g. 'out << "           " << NStr::IntToString(nNumSeqs,NStr::fWithCommas)'
LOSAT/src/report/pairwise.rs:1318 src/algo/blast/format/blast_format.cpp:445-477: 3 line(s) not found, e.g. '    CBlastFormatUtil::PrintKAParameters(..., false, gbp);'
LOSAT/src/report/pairwise.rs:1450 src/objtools/align_format/align_format_util.cpp:503-579: 2 line(s) not found, e.g. 'out << NStr::Int8ToString(dbinfo->total_length, NStr::fWithCommas) << "\\n";'
LOSAT/src/report/pairwise.rs:1460 src/algo/blast/format/blast_format.cpp:2258-2285: 3 line(s) not found, e.g. '        << options.GetWordThreshold() << "\\n";'
LOSAT/src/report/pairwise.rs:1532 src/algo/blast/format/blast_format.cpp:372-424: 3 line(s) not found, e.g. 'CBlastFormatUtil::BlastPrintVersionInfo(m_Program, m_IsHTML, m_Outfile);'
LOSAT/src/report/pairwise.rs:2062 src/algo/blast/format/blast_format.cpp:451-478: 3 line(s) not found, e.g. '        CBlastFormatUtil::PrintKAParameters(kbp_ungap->Lambda, kbp_ungap->K,'
LOSAT/src/report/pairwise.rs:3087 src/objtools/align_format/showalign.cpp:1408-1469: 1 line(s) not found, e.g. 'void CDisplaySeqalign::x_DisplayRowData(SAlnRowInfo *alnRoInfo, CNcbiOstream& out)'
LOSAT/src/report/pairwise.rs:3110 src/algo/blast/format/blast_format.cpp:790-803: 1 line(s) not found, e.g. 'tabinfo.PrintHeader(..., dbname, ...);'
LOSAT/src/report/pairwise.rs:3140 src/objtools/align_format/showalign.cpp:2278-2315: 1 line(s) not found, e.g. 'string CDisplaySeqalign::x_PrintDefLine(...)'
LOSAT/src/web_api.rs:29 src/algo/blast/api/blast_setup_cxx.cpp:606-617: 2 line(s) not found, e.g. 'sequence = queries.GetBlastSequence(index, encoding,'
LOSAT/src/web_api.rs:38 src/algo/blast/core/blast_engine.c:1407-1427: 1 line(s) not found, e.g. 'while ((seq_arg.oid = BlastSeqSrcIteratorNext(seq_src, itr)) != BLAST_SEQSRC_EOF) {'
LOSAT/src/web_api.rs:161 src/algo/blast/api/blast_setup_cxx.cpp:486-651: 2 line(s) not found, e.g. 'SetupQueries_OMF(IBlastQuerySource& queries,'
LOSAT/src/web_api.rs:179 src/algo/blast/blastinput/cmdline_flags.cpp:46-94: 2 line(s) not found, e.g. 'const string kArgOutputFormat("outfmt");'
LOSAT/src/web_api.rs:213 src/algo/blast/blastinput/blast_args.cpp:3205-3222: 1 line(s) not found, e.g. '} else {'
LOSAT/src/web_api.rs:345 src/algo/blast/blastinput/tblastx_args.cpp:66-118: 1 line(s) not found, e.g. 'arg.Reset(new CFormattingArgs);'
LOSAT/src/web_api.rs:436 src/algo/blast/blastinput/blast_args.cpp:825-886: 5 line(s) not found, e.g. "case '0': case 'F': case 'f': compo_mode = eNoCompositionBasedStats; break;"
LOSAT/src/web_api.rs:470 src/algo/blast/blastinput/blastp_args.cpp:71-115: 2 line(s) not found, e.g. 'arg.Reset(new CGenericSearchArgs(kQueryIsProtein, false, false, false, false, true));'
LOSAT/src/web_api.rs:691 src/algo/blast/api/blast_setup_cxx.cpp:486-651: 2 line(s) not found, e.g. 'SetupQueries_OMF(IBlastQuerySource& queries,'
LOSAT/src/web_api.rs:714 src/algo/blast/blastinput/blastp_args.cpp:71-115: 1 line(s) not found, e.g. 'arg.Reset(new CFormattingArgs);'
LOSAT/src/web_api.rs:772 src/algo/blast/api/blast_setup_cxx.cpp:606-617: 2 line(s) not found, e.g. 'sequence = queries.GetBlastSequence(index, encoding,'
LOSAT/src/web_api.rs:781 src/algo/blast/core/blast_engine.c:1407-1427: 1 line(s) not found, e.g. 'while ((seq_arg.oid = BlastSeqSrcIteratorNext(seq_src, itr)) != BLAST_SEQSRC_EOF) {'
LOSAT/src/web_api.rs:875 src/algo/blast/api/blast_setup_cxx.cpp:486-651: 2 line(s) not found, e.g. 'SetupQueries_OMF(IBlastQuerySource& queries,'
LOSAT/src/web_api.rs:910 src/algo/blast/core/blast_engine.c:1407-1427: 1 line(s) not found, e.g. 'while ((seq_arg.oid = BlastSeqSrcIteratorNext(seq_src, itr)) != BLAST_SEQSRC_EOF) {'
LOSAT/src/web_api.rs:1066 src/algo/blast/api/blast_setup_cxx.cpp:486-651: 2 line(s) not found, e.g. 'SetupQueries_OMF(IBlastQuerySource& queries,'
LOSAT/src/web_api.rs:1203 src/algo/blast/core/blast_engine.c:1407-1427: 1 line(s) not found, e.g. 'while ((seq_arg.oid = BlastSeqSrcIteratorNext(seq_src, itr)) != BLAST_SEQSRC_EOF) {'
LOSAT/tests/unit/tblastx/run_engine.rs:90 src/algo/blast/blastinput/blast_args.cpp:3265-3273: 1 line(s) not found, e.g. '#endif /* _BLAST_DEBUG */'
LOSAT/tests/unit/tblastx/run_engine.rs:178 src/algo/blast/core/blast_engine.c:452-584: 1 line(s) not found, e.g. 'status = Blast_HSPListsMerge(&hsp_list, &combined_hsp_list, ...);'
LOSAT/tests/unit/tblastx/run_engine.rs:279 src/algo/blast/core/aa_ungapped.c:614-614: 1 line(s) not found, e.g. '/* increment the offset in the diagonal array */'
LOSAT/tests/unit/tblastx/run_engine.rs:301 src/algo/blast/core/blast_engine.c:452-584: 1 line(s) not found, e.g. 'aux_struct->WordFinder(..., init_hitlist, ...);'
exit 0
