[1/20] p01_ap027280_self: oracle
[1/20] p01_ap027280_self: native run 1
[1/20] p01_ap027280_self: native run 2
[1/20] p01_ap027280_self: native run 3
[1/20] p01_ap027280_self: EXACT_TEXT rows=42733/42733 contract=PASS repeatability=REPEATABLE
[2/20] p02_mje_mela: oracle
[2/20] p02_mje_mela: native run 1
[2/20] p02_mje_mela: native run 2
[2/20] p02_mje_mela: native run 3
[2/20] p02_mje_mela: EXACT_TEXT rows=23709/23709 contract=PASS repeatability=REPEATABLE
[3/20] p03_mela_pemojnva: oracle
[3/20] p03_mela_pemojnva: native run 1
[3/20] p03_mela_pemojnva: native run 2
[3/20] p03_mela_pemojnva: native run 3
[3/20] p03_mela_pemojnva: EXACT_TEXT rows=4794/4794 contract=PASS repeatability=REPEATABLE
[4/20] p04_pemojnva_pesemjnv: oracle
[4/20] p04_pemojnva_pesemjnv: native run 1
[4/20] p04_pemojnva_pesemjnv: native run 2
[4/20] p04_pemojnva_pesemjnv: native run 3
[4/20] p04_pemojnva_pesemjnv: EXACT_TEXT rows=34062/34062 contract=PASS repeatability=REPEATABLE
[5/20] p05_pesemjnv_pemojnva: oracle
[5/20] p05_pesemjnv_pemojnva: native run 1
[5/20] p05_pesemjnv_pemojnva: native run 2
[5/20] p05_pesemjnv_pemojnva: native run 3
[5/20] p05_pesemjnv_pemojnva: EXACT_TEXT rows=44838/44838 contract=PASS repeatability=REPEATABLE
[6/20] p06_pemojnva_lvmjnv: oracle
[6/20] p06_pemojnva_lvmjnv: native run 1
[6/20] p06_pemojnva_lvmjnv: native run 2
[6/20] p06_pemojnva_lvmjnv: native run 3
[6/20] p06_pemojnva_lvmjnv: EXACT_TEXT rows=16173/16173 contract=PASS repeatability=REPEATABLE
[7/20] p07_lvmjnv_trcumjnv: oracle
[7/20] p07_lvmjnv_trcumjnv: native run 1
[7/20] p07_lvmjnv_trcumjnv: native run 2
[7/20] p07_lvmjnv_trcumjnv: native run 3
[7/20] p07_lvmjnv_trcumjnv: EXACT_TEXT rows=3301/3301 contract=PASS repeatability=REPEATABLE
[8/20] p08_trcumjnv_mellatmjnv: oracle
[8/20] p08_trcumjnv_mellatmjnv: native run 1
[8/20] p08_trcumjnv_mellatmjnv: native run 2
[8/20] p08_trcumjnv_mellatmjnv: native run 3
[8/20] p08_trcumjnv_mellatmjnv: EXACT_TEXT rows=5804/5804 contract=PASS repeatability=REPEATABLE
[9/20] p09_mellatmjnv_meenmjnv: oracle
[9/20] p09_mellatmjnv_meenmjnv: native run 1
[9/20] p09_mellatmjnv_meenmjnv: native run 2
[9/20] p09_mellatmjnv_meenmjnv: native run 3
[9/20] p09_mellatmjnv_meenmjnv: EXACT_TEXT rows=18560/18560 contract=PASS repeatability=REPEATABLE
[10/20] p10_meenmjnv_mejomjnv: oracle
[10/20] p10_meenmjnv_mejomjnv: native run 1
[10/20] p10_meenmjnv_mejomjnv: native run 2
[10/20] p10_meenmjnv_mejomjnv: native run 3
[10/20] p10_meenmjnv_mejomjnv: EXACT_TEXT rows=23240/23240 contract=PASS repeatability=REPEATABLE
[11/20] p11_avclpv_psclpv: oracle
[11/20] p11_avclpv_psclpv: native run 1
[11/20] p11_avclpv_psclpv: native run 2
[11/20] p11_avclpv_psclpv: native run 3
[11/20] p11_avclpv_psclpv: EXACT_TEXT rows=9346/9346 contract=PASS repeatability=REPEATABLE
[12/20] d01_nz_self_code4: oracle
[12/20] d01_nz_self_code4: native run 1
[12/20] d01_nz_self_code4: HSP_SET_DIFF rows=62053/94440 contract=PASS repeatability=NOT_REQUIRED
[13/20] d02_ap027132_nz_code4: oracle
[13/20] d02_ap027132_nz_code4: native run 1
[13/20] d02_ap027132_nz_code4: HSP_SET_DIFF rows=62575/99648 contract=PASS repeatability=NOT_REQUIRED
[14/20] d03_ap027078_ap027131_code4: oracle
[14/20] d03_ap027078_ap027131_code4: native run 1
[14/20] d03_ap027078_ap027131_code4: HSP_SET_DIFF rows=30175/65165 contract=PASS repeatability=NOT_REQUIRED
[15/20] d04_ap027131_ap027133_code4: oracle
[15/20] d04_ap027131_ap027133_code4: native run 1
[15/20] d04_ap027131_ap027133_code4: HSP_SET_DIFF rows=14871/29926 contract=PASS repeatability=NOT_REQUIRED
[16/20] d05_ap027133_ap027132_code4: oracle
[16/20] d05_ap027133_ap027132_code4: native run 1
[16/20] d05_ap027133_ap027132_code4: HSP_SET_DIFF rows=54864/84791 contract=PASS repeatability=NOT_REQUIRED
[17/20] p12_lc738874_lc738875_default: oracle
[17/20] p12_lc738874_lc738875_default: native run 1
[17/20] p12_lc738874_lc738875_default: native run 2
[17/20] p12_lc738874_lc738875_default: native run 3
[17/20] p12_lc738874_lc738875_default: EXACT_TEXT rows=4319/4319 contract=PASS repeatability=REPEATABLE
[18/20] p13_mela_mje_reverse: oracle
[18/20] p13_mela_mje_reverse: native run 1
[18/20] p13_mela_mje_reverse: native run 2
[18/20] p13_mela_mje_reverse: native run 3
[18/20] p13_mela_mje_reverse: EXACT_TEXT rows=22952/22952 contract=PASS repeatability=REPEATABLE
[19/20] p14_ap027131_ap027133_query4: oracle
[19/20] p14_ap027131_ap027133_query4: native run 1
[19/20] p14_ap027131_ap027133_query4: native run 2
[19/20] p14_ap027131_ap027133_query4: native run 3
[19/20] p14_ap027131_ap027133_query4: EXACT_TEXT rows=14871/14871 contract=PASS repeatability=REPEATABLE
[20/20] d06_ap027131_ap027133_db4: oracle
[20/20] d06_ap027131_ap027133_db4: native run 1
[20/20] d06_ap027131_ap027133_db4: native run 2
[20/20] d06_ap027131_ap027133_db4: native run 3
[20/20] d06_ap027131_ap027133_db4: HSP_SET_DIFF rows=12672/13644 contract=PASS repeatability=REPEATABLE
exit 0
