# /home/kawato/micromamba/bin/blastn sha256=0b88d4a00cb7fa579c203653151175b24c83d27fe240d420abe7b5261a3083d1 blastn: 2.17.0+ /  Package: blast 2.17.0, build Aug 11 2025 09:46:06
# /home/kawato/micromamba/bin/blastp sha256=fdcbaa25cfdee5359231ae178713d2c28272e694614b847c5b2b7407c3d8a08b blastp: 2.17.0+ /  Package: blast 2.17.0, build Aug 11 2025 09:46:06
# /home/kawato/micromamba/bin/tblastn sha256=e3956f1e107a30439d56c8f72fae4267a7d62ebcc16e4f99d4baf2bdf00402e0 tblastn: 2.17.0+ /  Package: blast 2.17.0, build Aug 11 2025 09:46:06
# /home/kawato/micromamba/bin/tblastx sha256=9b6121d254d2c634114ac91c0bf4faa252b93532b1142cfb3ade2336fb830873 tblastx: 2.17.0+ /  Package: blast 2.17.0, build Aug 11 2025 09:46:06
# /home/kawato/micromamba/bin/makeblastdb sha256=407bf59ec36ee6444104a90f28eab282e374a0dfe4c7ffee89a65d82dc51c4bf makeblastdb: 2.17.0+ /  Package: blast 2.17.0, build Aug 11 2025 09:46:06
fixture_id	wall_s	stdout_sha256	stdout_bytes	stderr_sha256	command
compact.blastn	0.07	b07c001c529d665bce22f80c483d215541ed783846300a547cd24dafdd0e3b21	2625		blastn -query tests/fasta/blastn_parity_compact.fasta -subject tests/fasta/blastn_parity_compact.fasta -task blastn -outfmt 0
compact.megablast	0.07	e163399ebba2fb7feefe965ce127490996ead81f134d151d84951d80a1973c00	2528		blastn -query tests/fasta/blastn_parity_compact.fasta -subject tests/fasta/blastn_parity_compact.fasta -task megablast -outfmt 0
compact.nohit.blastn	0.08	13e991b4ac0b2293d410415036e1f940a9e7cf440139be47e4b6247d31452634	1187		blastn -query tests/fasta/blastn_parity_compact.fasta -subject tests/fasta/blastn_parity_compact.fasta -task blastn -evalue 1e-100 -outfmt 0
compact.nohit.megablast	0.06	a2b6c8c78c4a79afa4ada5eac648333a6f795d0521621c22067caf6f2441a19f	1092		blastn -query tests/fasta/blastn_parity_compact.fasta -subject tests/fasta/blastn_parity_compact.fasta -task megablast -evalue 1e-100 -outfmt 0
LC738874_LC738870.megablast	0.17	a58ca441e92ab7f62a522782e31df963984fb1551eb350ed174aa8b2a2ecb428	52625		blastn -query tests/fasta/LC738874.fasta -subject tests/fasta/LC738870.fasta -task megablast -outfmt 0
AP027152_AP027202.blastn	0.35	411f33e357d7d4490a6e8db24d1a291ef2ba2d6b77101b2792e334818759d052	790115		blastn -query tests/fasta/AP027152.fasta -subject tests/fasta/AP027202.fasta -task blastn -outfmt 0
strand.blastn	0.06	ac48f6a0817ee1d6fe8eae54cd62937e04fddbd7a9e8e23f5c59d47377cb65d6	3896		blastn -query tests/fasta/outfmt0/strand_query.fasta -subject tests/fasta/outfmt0/strand_subject.fasta -task blastn -outfmt 0
strand.megablast	0.06	ed42fddd38486056359eb6c179e83dd0fd0763357d36524d8123de92c5d81af3	3792		blastn -query tests/fasta/outfmt0/strand_query.fasta -subject tests/fasta/outfmt0/strand_subject.fasta -task megablast -outfmt 0
mask.dust.blastn	0.08	4fbb362724b647c4a09cd1fd3b9a96179c06ce807790be2a33e86269a4a9b4fc	2874		blastn -query tests/fasta/outfmt0/mask_query.fasta -subject tests/fasta/outfmt0/mask_subject.fasta -task blastn -outfmt 0
mask.nodust.blastn	0.08	0114eb6f989dad6c860ca8dd77471d8f4f1584b02247c4d1af58b3570aaa9082	2874		blastn -query tests/fasta/outfmt0/mask_query.fasta -subject tests/fasta/outfmt0/mask_subject.fasta -task blastn -dust no -outfmt 0
mask.lcase.blastn	0.06	9c02297a3d3791dcc10ebdfe7d6cb7b9f2328ae0d1b5df548b79078df4fbcefa	2874		blastn -query tests/fasta/outfmt0/mask_query.fasta -subject tests/fasta/outfmt0/mask_subject.fasta -task blastn -lcase_masking -outfmt 0
mask.lcase_nodust.blastn	0.06	beec1d456e1564da80f8a1e2a2d9c853d7fd65cec4552fff69b97cd5b0e98a2a	2874		blastn -query tests/fasta/outfmt0/mask_query.fasta -subject tests/fasta/outfmt0/mask_subject.fasta -task blastn -lcase_masking -dust no -outfmt 0
mask.lcase.megablast	0.06	08a5d43d4f9c855381118f3349b218bbb38b0a69ba883ea7b9c13287e7601b3b	2779		blastn -query tests/fasta/outfmt0/mask_query.fasta -subject tests/fasta/outfmt0/mask_subject.fasta -task megablast -lcase_masking -outfmt 0
mask.subjlc_lcase.blastn	0.06	610f19ee1f363ec83ceb2842b44b5a21569937c43b39055b89617bf460cf415c	2875		blastn -query tests/fasta/outfmt0/mask_query.fasta -subject tests/fasta/outfmt0/mask_subject_lc.fasta -task blastn -lcase_masking -outfmt 0
mask.subjlc.blastn	0.06	7f88c120db55bc2fb911ff528644a687e0d253714b00b088b3cd86ff41d0388f	2875		blastn -query tests/fasta/outfmt0/mask_query.fasta -subject tests/fasta/outfmt0/mask_subject_lc.fasta -task blastn -outfmt 0
mask.lcase_minus.blastn	0.09	88d051c36e0be1a310824ff74212d1076a21014f8ac30c91ada2683f8db8be13	2114		blastn -query tests/fasta/outfmt0/lcase_minus_query.fasta -subject tests/fasta/outfmt0/lcase_minus_subject.fasta -task blastn -outfmt 0
mask.lcase_minus.megablast	0.08	33b711b8b0a18a0bd253916d366c20dbba0519e8e9a6c794be712d00a46ab552	2019		blastn -query tests/fasta/outfmt0/lcase_minus_query.fasta -subject tests/fasta/outfmt0/lcase_minus_subject.fasta -task megablast -outfmt 0
multi.blastn	0.06	426dc0485fe87b6a312407766454e1701a11e0658778747575d96cd33309f6fb	12516		blastn -query tests/fasta/outfmt0/multi_query.fasta -subject tests/fasta/outfmt0/multi_subject.fasta -task blastn -outfmt 0
multi.megablast	0.07	7dcc63f406d27651fcdfa1da5a682ae678bbb5a4bc28631d6c7d23d4b977a8c6	10041		blastn -query tests/fasta/outfmt0/multi_query.fasta -subject tests/fasta/outfmt0/multi_subject.fasta -task megablast -outfmt 0
multi.mts3.blastn	0.09	92bde6e960e0f9745adc3a9f15a5685999c10cd3c4458e36e502ab33208dd9bc	10360	9fb709f79f6e6e7ff87c07795879687085de8b2340e851228b1d14f0d13cc664	blastn -query tests/fasta/outfmt0/multi_query.fasta -subject tests/fasta/outfmt0/multi_subject.fasta -task blastn -max_target_seqs 3 -outfmt 0
multi.mts1.blastn	0.06	4107b52e765a84a91e4c0d6c605816cf38ab3d1e5774fe2cd85bd03d6d39e458	5786	9fb709f79f6e6e7ff87c07795879687085de8b2340e851228b1d14f0d13cc664	blastn -query tests/fasta/outfmt0/multi_query.fasta -subject tests/fasta/outfmt0/multi_subject.fasta -task blastn -max_target_seqs 1 -outfmt 0
multi.ws7_e1000.blastn	0.10	1405ba5ffef4eb2b7e5a528eeda9d758dc5523a10f241468182594c2f3a6e978	68247		blastn -query tests/fasta/outfmt0/multi_query.fasta -subject tests/fasta/outfmt0/multi_subject.fasta -task blastn -word_size 7 -evalue 1000 -outfmt 0
multi.maxhsps1.blastn	0.08	2b5f6f6e2513936601e15614ad568a7cf0b0d761e1a79fad9e34b79a5e2e2434	11034		blastn -query tests/fasta/outfmt0/multi_query.fasta -subject tests/fasta/outfmt0/multi_subject.fasta -task blastn -max_hsps 1 -outfmt 0
multi.perc97.blastn	0.06	f7fcae04e4e01f9ba7be092071af711ee77006578a73e4547aa0ddf62e76fd44	6414		blastn -query tests/fasta/outfmt0/multi_query.fasta -subject tests/fasta/outfmt0/multi_subject.fasta -task blastn -perc_identity 97 -outfmt 0
multi.besthit.blastn	0.06	d8f93e37c875d08c716e6c6b76232672a433f9402bf7298b1629dd95521d0e95	11943		blastn -query tests/fasta/outfmt0/multi_query.fasta -subject tests/fasta/outfmt0/multi_subject.fasta -task blastn -subject_besthit -outfmt 0
multi.r2p3g00.megablast	0.07	13f163f103cc78a333076895064a8626773a1151eb8ead0e938a4a72a5d5cb62	10040		blastn -query tests/fasta/outfmt0/multi_query.fasta -subject tests/fasta/outfmt0/multi_subject.fasta -task megablast -reward 2 -penalty -3 -gapopen 0 -gapextend 0 -outfmt 0
many.blastn	0.11	4f307a6500329975e37ad44dcd9917cbb6df63e110c8d3d28a80a4c51d7819da	264412		blastn -query tests/fasta/outfmt0/many_query.fasta -subject tests/fasta/outfmt0/many_subject.fasta -task blastn -outfmt 0
many.mts255.blastn	0.12	6de101e66acef875d2574a9d13eeb057be0cebb160cbc13c4dfd81738fe6e0c9	268806		blastn -query tests/fasta/outfmt0/many_query.fasta -subject tests/fasta/outfmt0/many_subject.fasta -task blastn -max_target_seqs 255 -outfmt 0
many.mts500.blastn	0.12	b413ff210a6bd062d3cea9cd206192066eb1cde7b916b904aaa478ec0b79d510	274050		blastn -query tests/fasta/outfmt0/many_query.fasta -subject tests/fasta/outfmt0/many_subject.fasta -task blastn -max_target_seqs 500 -outfmt 0
width.blastn	0.06	4e332c670b2dbc8b702060c8ae6334e5f236c583baac66eb130783a2f57d1713	1543		blastn -query tests/fasta/outfmt0/width_query.fasta -subject tests/fasta/outfmt0/width_subject.fasta -task blastn -outfmt 0
width.megablast	0.08	da6b03da2cd2f548ba377c01e7d7b20a324d29b06fc6616d9cb168ad4c317e09	1447		blastn -query tests/fasta/outfmt0/width_query.fasta -subject tests/fasta/outfmt0/width_subject.fasta -task megablast -outfmt 0
edge.allN.blastn	0.06	f7dbaf810bf6f2d26180478192e84487f988221e71e5eaabc6f3a0d50b71548c	889	38d333a184a2339b22316010a99d8bcb3535ceafd54fa90afc78e4b6cc3096a4	blastn -query tests/fasta/outfmt0/edge_allN.fasta -subject tests/fasta/blastn_parity_compact.fasta -task blastn -outfmt 0
edge.alllower_lcase.blastn	0.06	047bbc546ef692327f847bfdeff02f2807609e8ee63f7ea90d02d989c249d987	1851		blastn -query tests/fasta/outfmt0/edge_alllower.fasta -subject tests/fasta/blastn_parity_compact.fasta -task blastn -lcase_masking -outfmt 0
edge.mixed_allN.blastn	0.06	c12cffef6f51b95646e94808e3d4928e0ef22b0aff6d456f115e2bdf72860e6d	2730	46834c321feb92aacc00797f7395103c2ffccec09e6e05c7d6901239d8105f76	blastn -query tests/fasta/outfmt0/edge_mixed_allN.fasta -subject tests/fasta/blastn_parity_compact.fasta -task blastn -outfmt 0
edge.ambig.blastn	0.06	55bf4aeec6b83b67f33f81139260dd1b8cec00a26ad5ceeb579d647b430eaf0d	1625		blastn -query tests/fasta/outfmt0/edge_ambig.fasta -subject tests/fasta/blastn_parity_compact.fasta -task blastn -outfmt 0
edge.ambig.megablast	0.06	ae1576ea35711f025a83dc7e0dc584e7ffeb9c8f32b8ea038845154b5d0d25a5	811		blastn -query tests/fasta/outfmt0/edge_ambig.fasta -subject tests/fasta/blastn_parity_compact.fasta -task megablast -outfmt 0
edge.batch_allN.blastn	0.07	ee15a2ae027f8971a91f4f1a006e8bcca8d5eb3e7669ee79bc87c14ee1c77d03	1891	71960b7f75b7a5e61e83a015c7f67e833c06070d58b750b4dac69d9d448af8e5	blastn -query tests/fasta/outfmt0/edge_batch_allN.fasta -subject tests/fasta/blastn_parity_compact.fasta -task blastn -outfmt 0
edge.batch_allN.megablast	0.07	df02cb57e08babae14ad423c9e5ec5f51d4af963ea662055a1f1565c7ce5b58a	1795	71960b7f75b7a5e61e83a015c7f67e833c06070d58b750b4dac69d9d448af8e5	blastn -query tests/fasta/outfmt0/edge_batch_allN.fasta -subject tests/fasta/blastn_parity_compact.fasta -task megablast -outfmt 0
longdef.megablast	0.08	66d7f924169c77c35d61379f1867b96bc716ecc9e74e57892114b78deca4c623	2998		blastn -query tests/fasta/outfmt0/longdef_query.fasta -subject tests/fasta/outfmt0/longdef_subject.fasta -task megablast -outfmt 0
width.blastp	0.08	2f540da2e4394efa8938825e18298dad06358eccba2367a3fec3bdffc92b2f52	2031		blastp -query tests/fasta/outfmt0/pwidth_q.faa -subject tests/fasta/outfmt0/pwidth_s.faa -outfmt 0
width.tblastn	0.07	29579350cf21d406110c804b880f4426eeca0bd2958984581db315e78cbdd99f	1603		tblastn -query tests/fasta/outfmt0/twidth_q.faa -subject tests/fasta/outfmt0/twidth_s.fna -outfmt 0
scoring.reward1.blastn	0.07	78eec1cbd17e66493a6359180f3c05b55d3b5278b9b5efe4772efcf88dccd01d	12510		blastn -query tests/fasta/outfmt0/multi_query.fasta -subject tests/fasta/outfmt0/multi_subject.fasta -task blastn -reward 1 -penalty -1 -gapopen 2 -gapextend 2 -outfmt 0
scoring.beyond_table.megablast	0.06	7bfe126c84e5b506ebe2af1e10ccd93d09b0604d59f7ddd6d47d796050962c29	10044		blastn -query tests/fasta/outfmt0/multi_query.fasta -subject tests/fasta/outfmt0/multi_subject.fasta -task megablast -gapopen 5 -gapextend 2 -outfmt 0
scoring.divisor.blastn	0.06	f66e7140bc14e1c7d84ff4558cdc8c391660bb8ee0f2356b38d65c3e0b15cefd	12519		blastn -query tests/fasta/outfmt0/multi_query.fasta -subject tests/fasta/outfmt0/multi_subject.fasta -task blastn -reward 4 -penalty -6 -gapopen 10 -gapextend 4 -outfmt 0
scoring.beyond_table_iupac.blastn	0.08	44ca12a08aae4a8a1da65c39fd935ca0fb21753c03f336881f38952f4171d62d	31546		blastn -query tests/fasta/outfmt0/iupac_query.fasta -subject tests/fasta/outfmt0/multi_subject.fasta -task blastn -reward 1 -penalty -3 -gapopen 3 -gapextend 2 -outfmt 0
input.rna.megablast	0.06	cb08f6036ec8b172c0a1248870213162a6380404cb2139bb9074d92f9c65af18	10055		blastn -query tests/fasta/outfmt0/rna_query.fasta -subject tests/fasta/outfmt0/multi_subject.fasta -task megablast -outfmt 0
edge.short_invalid.blastn	0.07	c59cf22ac60eac3573c58b92bb2715321d7ecf11bbe473690f883c3903f222be	31216	c064b98509e8facc60690d69c484f2168744ca7a249571b1e848e3e7d8e89714	blastn -query tests/fasta/outfmt0/edge_short_invalid.fasta -subject tests/fasta/blastn_parity_compact.fasta -task blastn -outfmt 0
tblastx.lc.0	8.48	fac4c8b96864d7efca8deb7d4216f9e1df366567ef8215a2e0d01fc525b5715c	1290091		tblastx -query tests/fasta/LC738874.fasta -subject tests/fasta/LC738875.fasta -outfmt 0
tblastx.lc.7	5.32	a770dbb2bb9717881fbc1a865718ffd16c721b675af6a15d68d6a21709132852	321972		tblastx -query tests/fasta/LC738874.fasta -subject tests/fasta/LC738875.fasta -outfmt 7
tblastx.multi.0	0.13	38d69c9a5b70d456ade106e1b1cac61257f52d144a8cb4f3ea329ea42c8e8f6e	58799		tblastx -query tests/fasta/outfmt0/tblastx_multi_query.fasta -subject tests/fasta/outfmt0/tblastx_multi_subject.fasta -outfmt 0
tblastx.multi.7	0.11	1ea1b68aff0d64821ccfb183c9411249be4d4bfbf7c257fe28d11fd96c880c94	17179		tblastx -query tests/fasta/outfmt0/tblastx_multi_query.fasta -subject tests/fasta/outfmt0/tblastx_multi_subject.fasta -outfmt 7
tblastx.batch.0	0.13	c117ab1246890a40d58f82fdb5e716dbbab6a5a863a93f3915028df1527098be	54533		tblastx -query tests/fasta/outfmt0/tblastx_batch_query.fasta -subject tests/fasta/outfmt0/tblastx_multi_subject.fasta -outfmt 0
tblastx.batch.7	0.12	f4e67cd5eec6d0fd92eade1940c65c9e82bb59a5299106cb0fb49391f9a58a2d	19338		tblastx -query tests/fasta/outfmt0/tblastx_batch_query.fasta -subject tests/fasta/outfmt0/tblastx_multi_subject.fasta -outfmt 7
tblastx.invalid.0	0.10	93c1014a4119e53aa2945f30ae78435ba626197e4694183e6278ce9829c31ee7	11512		tblastx -query tests/fasta/outfmt0/tblastx_invalid_query.fasta -subject tests/fasta/outfmt0/tblastx_multi_subject.fasta -outfmt 0
tblastx.invalid.7	0.08	811864e641a634fd10a1c00834a6a52734865667ec335f89d3321bc0823ffb7e	4196		tblastx -query tests/fasta/outfmt0/tblastx_invalid_query.fasta -subject tests/fasta/outfmt0/tblastx_multi_subject.fasta -outfmt 7
tblastx.unsearched.0	0.09	e7f389a429b106aebb71e5ab6cc5a27285243e8f35fc13cabd0d3c32471324a0	14330	5eaf2dcbe84eaa9ceed9bfd5e8a7cb576d04bbee2db329b923fed0cc2dab33b7	tblastx -query tests/fasta/outfmt0/tblastx_unsearched_query.fasta -subject tests/fasta/outfmt0/tblastx_multi_subject.fasta -outfmt 0
tblastx.unsearched.7	0.09	58ce4b2b600ca595c261630f8cc73b7e786a1df858bb2654dd8d911b91c15e55	5134	5eaf2dcbe84eaa9ceed9bfd5e8a7cb576d04bbee2db329b923fed0cc2dab33b7	tblastx -query tests/fasta/outfmt0/tblastx_unsearched_query.fasta -subject tests/fasta/outfmt0/tblastx_multi_subject.fasta -outfmt 7
tblastx.nohit.0	0.11	0cd9660d90221e8444f1b2d2949b6e4e7ee70a3e71f82faba81516593a12bed6	9797		tblastx -query tests/fasta/outfmt0/tblastx_multi_query.fasta -subject tests/fasta/outfmt0/tblastx_multi_subject.fasta -evalue 1e-100 -outfmt 0
tblastx.nohit.7	0.12	490f34d604743a21e00e7f4c040483ce612feaa0f8ecbb904d3d2ff903da55ee	3025		tblastx -query tests/fasta/outfmt0/tblastx_multi_query.fasta -subject tests/fasta/outfmt0/tblastx_multi_subject.fasta -evalue 1e-100 -outfmt 7
tblastx.mts1.0	0.12	eb5b017400c361006a3916c7b4f44d58a5ce8ea8aed7fa55447c773747cdc383	42679	f9d83f3bfd617fac48221b7c7ff9ab74cc1c5185cabb1321e2b1f090e87cbafb	tblastx -query tests/fasta/outfmt0/tblastx_multi_query.fasta -subject tests/fasta/outfmt0/tblastx_multi_subject.fasta -max_target_seqs 1 -outfmt 0
tblastx.mts1.7	0.11	b7d06d5b90bc408889a78496022f3b4639e7d31329762e2ae9161502889470cb	12424	f9d83f3bfd617fac48221b7c7ff9ab74cc1c5185cabb1321e2b1f090e87cbafb	tblastx -query tests/fasta/outfmt0/tblastx_multi_query.fasta -subject tests/fasta/outfmt0/tblastx_multi_subject.fasta -max_target_seqs 1 -outfmt 7
tblastx.mts3.0	0.12	9dc73360187fe543af966020c7b99275a2529a8cb51be175c88dc58af0336c6b	55302	f9d83f3bfd617fac48221b7c7ff9ab74cc1c5185cabb1321e2b1f090e87cbafb	tblastx -query tests/fasta/outfmt0/tblastx_multi_query.fasta -subject tests/fasta/outfmt0/tblastx_multi_subject.fasta -max_target_seqs 3 -outfmt 0
tblastx.segno.0	0.10	8b6365a345cab3c476b7f627bc95afc35b89f755025cb6db980ba29353884d01	71058		tblastx -query tests/fasta/outfmt0/tblastx_code4_query.fasta -subject tests/fasta/outfmt0/tblastx_code4_subject.fasta -query_gencode 4 -seg no -outfmt 0
tblastx.thrwin.0	0.17	e002b02d42e49cbbbbfab3dd3931594140f61a20806426f3ca6e1a95f5c7a280	73767		tblastx -query tests/fasta/outfmt0/tblastx_multi_query.fasta -subject tests/fasta/outfmt0/tblastx_multi_subject.fasta -threshold 11 -window_size 25 -outfmt 0
tblastx.ambig.0	0.08	ac0778575207be591ce0deeeae64d36aed2594c5970f903358af1dade3958253	65541		tblastx -query tests/fasta/outfmt0/tblastx_ambig_query.fasta -subject tests/fasta/outfmt0/tblastx_ambig_subject.fasta -outfmt 0
tblastx.ambig.7	0.09	a4b1f962cdd72d1c43867497113c4f5e344325c2c2defc334ac9b03189cba6b8	18051		tblastx -query tests/fasta/outfmt0/tblastx_ambig_query.fasta -subject tests/fasta/outfmt0/tblastx_ambig_subject.fasta -outfmt 7
tblastx.code4q.0	0.10	4f835801ee9ce1540cf42662f5597553a4a048cd66daaf8d835e862e5eac78f4	13035		tblastx -query tests/fasta/outfmt0/tblastx_code4_query.fasta -subject tests/fasta/outfmt0/tblastx_code4_subject.fasta -query_gencode 4 -outfmt 0
tblastx.code4q.7	0.10	ddb2a41db2b55eddb5e609930b6b71613c3ffe29c8505f4ccc4843417e321303	4588		tblastx -query tests/fasta/outfmt0/tblastx_code4_query.fasta -subject tests/fasta/outfmt0/tblastx_code4_subject.fasta -query_gencode 4 -outfmt 7
tblastx.code4.0	0.10	ca2ecccf6c17f7173a16dd5647d48c9b91fa879417cde29a931aa97c5ad6891f	13035		tblastx -query tests/fasta/outfmt0/tblastx_code4_query.fasta -subject tests/fasta/outfmt0/tblastx_code4_subject.fasta -query_gencode 4 -db_gencode 4 -outfmt 0
tblastx.code4.7	0.11	18d0b975951d316acabc4738403720636a064d1d71490b24bdce81a7b7b11cd6	4588		tblastx -query tests/fasta/outfmt0/tblastx_code4_query.fasta -subject tests/fasta/outfmt0/tblastx_code4_subject.fasta -query_gencode 4 -db_gencode 4 -outfmt 7
tblastx.many.0	0.13	364222301fec36fd9f8400763adfc2bdbe1db4a372b4a6086e042276c00e3727	386114		tblastx -query tests/fasta/outfmt0/tblastx_many_query.fasta -subject tests/fasta/outfmt0/tblastx_many_subject.fasta -outfmt 0
tblastx.many.7	0.12	e4cc76907e9bd4c3adc7183bbfa87a16e51e0229cef4a82ae73b6062e5a68684	72688		tblastx -query tests/fasta/outfmt0/tblastx_many_query.fasta -subject tests/fasta/outfmt0/tblastx_many_subject.fasta -outfmt 7
tblastx.many_mts255.0	0.12	a46b1b9fee5f739e5216c7241e81417ff7d4086f5cf31930794ba5c27dc62ac8	390670		tblastx -query tests/fasta/outfmt0/tblastx_many_query.fasta -subject tests/fasta/outfmt0/tblastx_many_subject.fasta -max_target_seqs 255 -outfmt 0
seg.blastp.6	0.07	61c0c1f8ee7ed77bc2f8997415a839280f7a14f3786045f9b3eb99a1aa9db6c5	49		blastp -query tests/fasta/outfmt0/blastp_seg_query.faa -subject tests/fasta/outfmt0/blastp_seg_subject.faa -seg yes -outfmt 6
# fixtures=74 differing=[]
exit 0
