ok tblastx native: median 1.044s [1.005, 1.089] -> 1.057s [0.941, 1.067] (x1.012), output same
FAIL tblastx serial-wasi: median 1.241s [1.241, 1.534] -> 1.321s [1.239, 1.489] (x1.064), output same
ok tblastx threaded-wasi: median 1.477s [1.454, 1.594] -> 1.512s [1.422, 2.194] (x1.023), output same
FAIL tblastx-multi native: median 0.110s [0.104, 0.113] -> 0.125s [0.124, 0.165] (x1.135), output same
ok tblastx-multi serial-wasi: median 0.420s [0.252, 0.483] -> 0.431s [0.217, 0.440] (x1.027), output same
FAIL tblastx-multi threaded-wasi: median 0.370s [0.368, 0.375] -> 0.400s [0.383, 0.409] (x1.079), output same
ok tblastx-many native: median 0.013s [0.011, 0.019] -> 0.013s [0.013, 0.013] (x0.969), output same
ok tblastx-many serial-wasi: median 0.087s [0.086, 0.090] -> 0.088s [0.085, 0.123] (x1.013), output same
ok tblastx-many threaded-wasi: median 0.252s [0.249, 0.254] -> 0.254s [0.251, 0.258] (x1.007), output same
ok tblastn native: median 0.047s [0.047, 0.053] -> 0.047s [0.046, 0.049] (x1.007), output same
ok tblastn serial-wasi: median 0.128s [0.127, 0.141] -> 0.128s [0.125, 0.132] (x0.997), output same
ok tblastn threaded-wasi: median 0.305s [0.290, 0.340] -> 0.295s [0.293, 0.301] (x0.967), output same
ok tblastn-fmt0 native: median 0.047s [0.046, 0.055] -> 0.047s [0.047, 0.056] (x0.997), output same
ok tblastn-fmt0 serial-wasi: median 0.127s [0.123, 0.132] -> 0.126s [0.124, 0.136] (x0.989), output same
ok tblastn-fmt0 threaded-wasi: median 0.299s [0.291, 0.300] -> 0.295s [0.293, 0.316] (x0.987), output same
ok blastp native: median 0.427s [0.422, 0.457] -> 0.422s [0.418, 0.498] (x0.990), output same
ok blastp serial-wasi: median 0.611s [0.604, 0.616] -> 0.608s [0.603, 0.618] (x0.996), output same
ok blastp threaded-wasi: median 0.512s [0.478, 0.900] -> 0.512s [0.493, 0.905] (x1.000), output same
ok blastp-fmt0 native: median 0.440s [0.432, 0.453] -> 0.436s [0.434, 0.508] (x0.991), output same
FAIL blastp-fmt0 serial-wasi: median 0.648s [0.630, 0.732] -> 0.764s [0.645, 0.777] (x1.180), output same
FAIL blastp-fmt0 threaded-wasi: median 0.527s [0.515, 1.304] -> 0.832s [0.522, 0.932] (x1.577), output same
ok blastn-large-fmt0 native: median 1.170s [1.136, 1.524] -> 1.180s [1.089, 1.319] (x1.008), output same
ok blastn-large-fmt0 serial-wasi: median 1.563s [1.538, 1.918] -> 1.565s [1.564, 1.588] (x1.001), output same
ok blastn-large-fmt0 threaded-wasi: median 1.815s [1.791, 2.209] -> 1.822s [1.750, 2.108] (x1.004), output same
ok blastn-large native: median 0.778s [0.760, 0.785] -> 0.782s [0.775, 0.788] (x1.005), output same
ok blastn-large serial-wasi: median 1.107s [1.080, 1.158] -> 1.108s [1.068, 1.138] (x1.000), output same
ok blastn-large threaded-wasi: median 1.290s [1.239, 1.809] -> 1.292s [1.277, 2.189] (x1.002), output same
