env.batch700	stdout differs (expected 197 lines, got 197; first difference at line 3)
env.batch22000_fmt0	exit 2, expected 0; stdout differs (expected 1984 lines, got 0; first difference at line 1); stderr differs: b"error: invalid value '0' for '-outfmt <SPEC>': unsupported TBLASTX outfmt: only 6 without custom fields is implemented\n\nFor more information, try '--help'.\n"
env.batch100000_fmt7	exit 2, expected 0; stdout differs (expected 218 lines, got 0; first difference at line 1); stderr differs: b"error: invalid value '7' for '-outfmt <SPEC>': unsupported TBLASTX outfmt: only 6 without custom fields is implemented\n\nFor more information, try '--help'.\n"
env.batch700_threads4	stdout differs (expected 197 lines, got 197; first difference at line 3)
env.batch_negative	same
env.batch_text_empty_query	stderr differs: b''
env.batch0_fmt0	exit 2, expected 3; stdout differs (expected 14 lines, got 0; first difference at line 1); stderr differs: b"error: invalid value '0' for '-outfmt <SPEC>': unsupported TBLASTX outfmt: only 6 without custom fields is implemented\n\nFor more information, try '--help'.\n"
env.batch0_fmt7	exit 2, expected 3; stderr differs: b"error: invalid value '7' for '-outfmt <SPEC>': unsupported TBLASTX outfmt: only 6 without custom fields is implemented\n\nFor more information, try '--help'.\n"
env.batch0_empty_query_fmt0	exit 2, expected 0; stderr differs: b"error: invalid value '0' for '-outfmt <SPEC>': unsupported TBLASTX outfmt: only 6 without custom fields is implemented\n\nFor more information, try '--help'.\n"
env.batch300_invalid_fmt0.merged	exit 2, expected 0; stdout differs (expected 437 lines, got 3; first difference at line 1)
env.batch300_invalid_fmt7.merged	exit 2, expected 0; stdout differs (expected 53 lines, got 3; first difference at line 1)
env.batch300_invalid_fmt6.merged	stdout differs (expected 35 lines, got 34; first difference at line 9)
warnings.unsearched_fmt0.merged	exit 2, expected 0; stdout differs (expected 549 lines, got 3; first difference at line 1)
warnings.unsearched_fmt7.merged	exit 2, expected 0; stdout differs (expected 63 lines, got 3; first difference at line 1)
warnings.unsearched_fmt6.merged	stdout differs (expected 51 lines, got 49; first difference at line 11)
warnings.mts2_fmt0.merged	exit 2, expected 0; stdout differs (expected 464 lines, got 3; first difference at line 1)
warnings.mts4_fmt7.merged	exit 2, expected 0; stdout differs (expected 53 lines, got 3; first difference at line 1)
empty.query_fmt0	exit 2, expected 0; stderr differs: b"error: invalid value '0' for '-outfmt <SPEC>': unsupported TBLASTX outfmt: only 6 without custom fields is implemented\n\nFor more information, try '--help'.\n"
empty.query_fmt7	exit 2, expected 0; stderr differs: b"error: invalid value '7' for '-outfmt <SPEC>': unsupported TBLASTX outfmt: only 6 without custom fields is implemented\n\nFor more information, try '--help'.\n"
empty.blank_query_fmt6	exit 1, expected 0; stderr differs: b'Error: failed to read query FASTA tests/fixtures/tblastx_regression/inputs/blank.fa\n\nCaused by:\n    Expected > at record start.\n'
empty.subject_fmt0	exit 2, expected 3; stderr differs: b"error: invalid value '0' for '-outfmt <SPEC>': unsupported TBLASTX outfmt: only 6 without custom fields is implemented\n\nFor more information, try '--help'.\n"
empty.subject_fmt6	exit 0, expected 3; stderr differs: b''
hitlist.max1	stdout differs (expected 7 lines, got 1230; first difference at line 8); stderr differs: b''
hitlist.max2_fmt7	exit 2, expected 0; stdout differs (expected 19 lines, got 0; first difference at line 1); stderr differs: b"error: invalid value '7' for '-outfmt <SPEC>': unsupported TBLASTX outfmt: only 6 without custom fields is implemented\n\nFor more information, try '--help'.\n"
hitlist.max5	stdout differs (expected 29 lines, got 1230; first difference at line 30)
hitlist.max250	stdout differs (expected 1193 lines, got 1230; first difference at line 1194)
hitlist.default_threads4	same
hitlist.max5_fmt0_threads2	exit 2, expected 0; stdout differs (expected 324 lines, got 0; first difference at line 1); stderr differs: b"error: invalid value '0' for '-outfmt <SPEC>': unsupported TBLASTX outfmt: only 6 without custom fields is implemented\n\nFor more information, try '--help'.\n"
ambig.fmt6	stdout differs (expected 172 lines, got 168; first difference at line 3)
ambig.fmt6_threads4	stdout differs (expected 172 lines, got 168; first difference at line 3)
ambig.fmt0_threads2	exit 2, expected 0; stdout differs (expected 1911 lines, got 0; first difference at line 1); stderr differs: b"error: invalid value '0' for '-outfmt <SPEC>': unsupported TBLASTX outfmt: only 6 without custom fields is implemented\n\nFor more information, try '--help'.\n"
options.thrwin_fmt6	stdout differs (expected 149 lines, got 150; first difference at line 106)
options.thrwin_fmt7	exit 2, expected 0; stdout differs (expected 128 lines, got 0; first difference at line 1); stderr differs: b"error: invalid value '7' for '-outfmt <SPEC>': unsupported TBLASTX outfmt: only 6 without custom fields is implemented\n\nFor more information, try '--help'.\n"
options.segno_fmt7	exit 2, expected 0; stdout differs (expected 271 lines, got 0; first difference at line 1); stderr differs: b"error: invalid value '7' for '-outfmt <SPEC>': unsupported TBLASTX outfmt: only 6 without custom fields is implemented\n\nFor more information, try '--help'.\n"
ctoolkit.fmt0	exit 2, expected 0; stdout differs (expected 463 lines, got 0; first difference at line 1); stderr differs: b"error: invalid value '0' for '-outfmt <SPEC>': unsupported TBLASTX outfmt: only 6 without custom fields is implemented\n\nFor more information, try '--help'.\n"
ctoolkit.empty_fmt0	exit 2, expected 0; stdout differs (expected 463 lines, got 0; first difference at line 1); stderr differs: b"error: invalid value '0' for '-outfmt <SPEC>': unsupported TBLASTX outfmt: only 6 without custom fields is implemented\n\nFor more information, try '--help'.\n"
ctoolkit.fmt7	exit 2, expected 0; stdout differs (expected 52 lines, got 0; first difference at line 1); stderr differs: b"error: invalid value '7' for '-outfmt <SPEC>': unsupported TBLASTX outfmt: only 6 without custom fields is implemented\n\nFor more information, try '--help'.\n"
ncbirc.harmless_fmt0	exit 2, expected 0; stdout differs (expected 463 lines, got 0; first difference at line 1); stderr differs: b"error: invalid value '0' for '-outfmt <SPEC>': unsupported TBLASTX outfmt: only 6 without custom fields is implemented\n\nFor more information, try '--help'.\n"
input.rna_query	stdout differs (expected 46 lines, got 20; first difference at line 4)
input.rna_subject_fmt0	exit 2, expected 0; stdout differs (expected 463 lines, got 0; first difference at line 1); stderr differs: b"error: invalid value '0' for '-outfmt <SPEC>': unsupported TBLASTX outfmt: only 6 without custom fields is implemented\n\nFor more information, try '--help'.\n"
input.rna_both_fmt7	exit 2, expected 0; stdout differs (expected 52 lines, got 0; first difference at line 1); stderr differs: b"error: invalid value '7' for '-outfmt <SPEC>': unsupported TBLASTX outfmt: only 6 without custom fields is implemented\n\nFor more information, try '--help'.\n"
batch.short3_first	stdout differs (expected 171 lines, got 172; first difference at line 8)
batch.short3_first_fmt0	exit 2, expected 0; stdout differs (expected 1327 lines, got 0; first difference at line 1); stderr differs: b"error: invalid value '0' for '-outfmt <SPEC>': unsupported TBLASTX outfmt: only 6 without custom fields is implemented\n\nFor more information, try '--help'.\n"
batch.short4_between_fmt7	exit 2, expected 0; stdout differs (expected 164 lines, got 0; first difference at line 1); stderr differs: b"error: invalid value '7' for '-outfmt <SPEC>': unsupported TBLASTX outfmt: only 6 without custom fields is implemented\n\nFor more information, try '--help'.\n"
tie.frames	stdout differs (expected 117 lines, got 117; first difference at line 52)
tie.init_seg_no	stdout differs (expected 202 lines, got 202; first difference at line 89)
tie.nisland_seg_no	same
tie.trim_seg_no_fmt0	exit 2, expected 0; stdout differs (expected 4634 lines, got 0; first difference at line 1); stderr differs: b"error: invalid value '0' for '-outfmt <SPEC>': unsupported TBLASTX outfmt: only 6 without custom fields is implemented\n\nFor more information, try '--help'.\n"
sume.large_gap_seg_no	stdout differs (expected 13 lines, got 13; first difference at line 2)
seg.left_recursion	stdout differs (expected 38 lines, got 38; first difference at line 4)
seg.left_recursion_fmt0	exit 2, expected 0; stdout differs (expected 401 lines, got 0; first difference at line 1); stderr differs: b"error: invalid value '0' for '-outfmt <SPEC>': unsupported TBLASTX outfmt: only 6 without custom fields is implemented\n\nFor more information, try '--help'.\n"
write.devfull_fmt0	exit 2, expected 6; stderr differs: b"error: invalid value '0' for '-outfmt <SPEC>': unsupported TBLASTX outfmt: only 6 without custom fields is implemented\n\nFor more information, try '--help'.\n"
write.devfull_unsearched_fmt0	exit 2, expected 6; stderr differs: b"error: invalid value '0' for '-outfmt <SPEC>': unsupported TBLASTX outfmt: only 6 without custom fields is implemented\n\nFor more information, try '--help'.\n"
options.evalue0_fmt0	exit 2, expected 1; stderr differs: b"error: invalid value '0' for '-outfmt <SPEC>': unsupported TBLASTX outfmt: only 6 without custom fields is implemented\n\nFor more information, try '--help'.\n"
options.evalue0_mts1_fmt6.merged	exit 0, expected 1; stdout differs (expected 3 lines, got 0; first difference at line 1)
options.evalue0_empty_query_fmt7	exit 2, expected 1; stderr differs: b"error: invalid value '7' for '-outfmt <SPEC>': unsupported TBLASTX outfmt: only 6 without custom fields is implemented\n\nFor more information, try '--help'.\n"
input.subject_blank_first_empty_query	exit 2, expected 0; stderr differs: b"error: invalid value '0' for '-outfmt <SPEC>': unsupported TBLASTX outfmt: only 6 without custom fields is implemented\n\nFor more information, try '--help'.\n"
input.subject_comment_only_empty_query	exit 1, expected 3; stderr differs: b'Error: failed to read subject FASTA tests/fixtures/tblastx_regression/inputs/comment_only_subject.fa\n\nCaused by:\n    Expected > at record start.\n'
input.subject_comment_only_fmt0	exit 2, expected 3; stderr differs: b"error: invalid value '0' for '-outfmt <SPEC>': unsupported TBLASTX outfmt: only 6 without custom fields is implemented\n\nFor more information, try '--help'.\n"
input.subject_comment_first_title_empty_query	exit 2, expected 0; stderr differs: b"error: invalid value '0' for '-outfmt <SPEC>': unsupported TBLASTX outfmt: only 6 without custom fields is implemented\n\nFor more information, try '--help'.\n"
title.kept_fmt0	exit 2, expected 0; stdout differs (expected 270 lines, got 0; first difference at line 1); stderr differs: b"error: invalid value '0' for '-outfmt <SPEC>': unsupported TBLASTX outfmt: only 6 without custom fields is implemented\n\nFor more information, try '--help'.\n"
title.hitless_fmt0	exit 2, expected 0; stdout differs (expected 92 lines, got 0; first difference at line 1); stderr differs: b"error: invalid value '0' for '-outfmt <SPEC>': unsupported TBLASTX outfmt: only 6 without custom fields is implemented\n\nFor more information, try '--help'.\n"
input.del_deflines_fmt0	exit 2, expected 0; stdout differs (expected 464 lines, got 0; first difference at line 1); stderr differs: b"error: invalid value '0' for '-outfmt <SPEC>': unsupported TBLASTX outfmt: only 6 without custom fields is implemented\n\nFor more information, try '--help'.\n"
input.del_deflines_fmt7	exit 2, expected 0; stdout differs (expected 52 lines, got 0; first difference at line 1); stderr differs: b"error: invalid value '7' for '-outfmt <SPEC>': unsupported TBLASTX outfmt: only 6 without custom fields is implemented\n\nFor more information, try '--help'.\n"
env.chunk10_fmt0	exit 2, expected 3; stdout differs (expected 14 lines, got 0; first difference at line 1); stderr differs: b"error: invalid value '0' for '-outfmt <SPEC>': unsupported TBLASTX outfmt: only 6 without custom fields is implemented\n\nFor more information, try '--help'.\n"
env.chunk_minus2_fmt6	exit 0, expected 3; stdout differs (expected 0 lines, got 46; first difference at line 1); stderr differs: b''
env.chunk9_fmt7	exit 2, expected 0; stdout differs (expected 52 lines, got 0; first difference at line 1); stderr differs: b"error: invalid value '7' for '-outfmt <SPEC>': unsupported TBLASTX outfmt: only 6 without custom fields is implemented\n\nFor more information, try '--help'.\n"
env.chunk_minus1_fmt6	same
env.overlap_negative_fmt6	same
options.seg_locut0_fmt0	exit 2, expected 0; stdout differs (expected 401 lines, got 0; first difference at line 1); stderr differs: b"error: invalid value '0' for '-outfmt <SPEC>': unsupported TBLASTX outfmt: only 6 without custom fields is implemented\n\nFor more information, try '--help'.\n"
options.seg_nonpositive_fmt6	exit 2, expected 0; stdout differs (expected 38 lines, got 0; first difference at line 1); stderr differs: b"error: invalid value '0 -1 0' for '-seg <SEG>': SEG requires window > 0 and finite locut/hicut\n\nFor more information, try '--help'.\n"
options.seg_window_negative_fmt7	exit 2, expected 0; stdout differs (expected 44 lines, got 0; first difference at line 1); stderr differs: b"error: invalid value '-5 2.2 2.5' for '-seg <SEG>': invalid input for filtering parameters\n\nFor more information, try '--help'.\n"
cutoff.floor_evalue_1e10	stdout differs (expected 1222 lines, got 1222; first difference at line 30)
73 cases, 68 differ
exit 1
