LOSAT/src/algorithm/blastn/blast_engine/run.rs:10 include/algo/blast/blastinput/blast_args.hpp:1290-1296: 3 line(s) not found, e.g. 'CMTArgs(...)'
LOSAT/src/algorithm/blastn/blast_engine/run.rs:25 src/algo/blast/core/blast_engine.c:1674-1783: 2 line(s) not found, e.g. 'BLAST_PreliminarySearchEngine(..., hsp_stream, ...);'
LOSAT/src/algorithm/blastn/blast_engine/run.rs:121 src/objtools/align_format/showdefline.cpp:69-79: 4 line(s) not found, e.g. 'string CShowBlastDefline::GetDefline(const CBioseq_Handle& bioseq) const'
LOSAT/src/algorithm/blastn/blast_engine/run.rs:181 src/algo/blast/core/blast_hits.c:1923-1926: 2 line(s) not found, e.g. '   (hsp->score*kbp[hsp->context]->Lambda - kbp[hsp->context]->logK) /'
LOSAT/src/algorithm/blastn/blast_engine/run.rs:187 src/algo/blast/core/blast_stat.c:4157-4171: 1 line(s) not found, e.g. 'BLAST_KarlinStoE_simple(Int4 S, Blast_KarlinBlk* kbp, Int8 searchsp)'
LOSAT/src/algorithm/blastn/blast_engine/run.rs:365 src/algo/blast/core/blast_engine.c:298-307: 1 line(s) not found, e.g. '    subject->seq_ranges[len-1].right = subject->length;'
LOSAT/src/algorithm/blastn/blast_engine/run.rs:445 src/algo/blast/core/blast_engine.c:221-310: 3 line(s) not found, e.g. 'if (backup->offset + MAX_DBSEQ_LEN < backup->hard_ranges[backup->hm_index].right) {'
LOSAT/src/algorithm/blastn/blast_engine/run.rs:564 src/algo/blast/core/blast_engine.c:580-584: 1 line(s) not found, e.g. 'overlap = (backup.offset == backup.hard_ranges[backup.hm_index].left) ?'
LOSAT/src/algorithm/blastn/blast_engine/run.rs:728 include/algo/blast/core/blast_extend.h:97-105: 1 line(s) not found, e.g. '} BLAST_DiagHash;'
LOSAT/src/algorithm/blastn/blast_engine/run.rs:805 src/algo/blast/core/na_ungapped.c:396-449: 2 line(s) not found, e.g. '    } else {'
LOSAT/src/algorithm/blastn/blast_engine/run.rs:894 src/algo/blast/core/na_ungapped.c:825-858: 3 line(s) not found, e.g. 's_BlastDiagHashInsert(hash_table, diag, s_end_pos,'
LOSAT/src/algorithm/blastn/blast_engine/run.rs:912 include/algo/blast/core/blast_def.h:135-149: 2 line(s) not found, e.g. '    struct { Uint4 q_off; Uint4 s_off; } qs_offsets;'
LOSAT/src/algorithm/blastn/blast_engine/run.rs:922 src/algo/blast/core/na_ungapped.c:614-621: 6 line(s) not found, e.g. 'static Int4'
LOSAT/src/algorithm/blastn/blast_engine/run.rs:936 src/algo/blast/core/blast_hits.c:1122-1132: 4 line(s) not found, e.g. '   *q_start = hsp->query.offset + 1;'
LOSAT/src/algorithm/blastn/blast_engine/run.rs:1209 src/algo/blast/core/blast_nascan.c:1639-1701: 4 line(s) not found, e.g. 'static Int4 s_MBScanSubject_9_1(...)'
LOSAT/src/algorithm/blastn/blast_engine/run.rs:1319 src/algo/blast/core/blast_nascan.c:1715-1755: 1 line(s) not found, e.g. 'static Int4 s_MBScanSubject_9_2(...)'
LOSAT/src/algorithm/blastn/blast_engine/run.rs:1410 src/algo/blast/core/blast_nascan.c:1768-1832: 4 line(s) not found, e.g. 'static Int4 s_MBScanSubject_10_1(...)'
LOSAT/src/algorithm/blastn/blast_engine/run.rs:1526 src/algo/blast/core/blast_nascan.c:1845-1884: 1 line(s) not found, e.g. 'static Int4 s_MBScanSubject_10_2(...)'
LOSAT/src/algorithm/blastn/blast_engine/run.rs:1617 src/algo/blast/core/blast_nascan.c:1898-1964: 4 line(s) not found, e.g. 'static Int4 s_MBScanSubject_10_3(...)'
LOSAT/src/algorithm/blastn/blast_engine/run.rs:1789 src/algo/blast/core/blast_nascan.c:1978-2041: 1 line(s) not found, e.g. 'static Int4 s_MBScanSubject_11_1Mod4(...)'
LOSAT/src/algorithm/blastn/blast_engine/run.rs:1922 src/algo/blast/core/blast_nascan.c:2055-2107: 5 line(s) not found, e.g. 'static Int4 s_MBScanSubject_11_2Mod4(...)'
LOSAT/src/algorithm/blastn/blast_engine/run.rs:2022 src/algo/blast/core/blast_nascan.c:2120-2188: 4 line(s) not found, e.g. 'static Int4 s_MBScanSubject_11_3Mod4(...)'
LOSAT/src/algorithm/blastn/blast_engine/run.rs:2216 src/algo/blast/core/blast_nascan.c:2602-2677: 3 line(s) not found, e.g. '    case 9:  ...'
LOSAT/src/algorithm/blastn/blast_engine/run.rs:2478 src/algo/blast/core/blast_nascan.c:1598-1605: 1 line(s) not found, e.g. '}'
LOSAT/src/algorithm/blastn/blast_engine/run.rs:2526 src/algo/blast/core/na_ungapped.c:1673-1676: 1 line(s) not found, e.g. '}'
LOSAT/src/algorithm/blastn/blast_engine/run.rs:2557 src/algo/blast/core/na_ungapped.c:1647-1674: 2 line(s) not found, e.g. 'while (s_DetermineScanningOffsets(subject, word_length, lut_word_length, scan_range)) {'
LOSAT/src/algorithm/blastn/blast_engine/run.rs:2796 include/algo/blast/core/blast_def.h:135-149: 2 line(s) not found, e.g. '    struct { Uint4 q_off; Uint4 s_off; } qs_offsets;'
LOSAT/src/algorithm/blastn/blast_engine/run.rs:2813 src/algo/blast/core/blast_extend.c:271-300: 2 line(s) not found, e.g. '    }'
LOSAT/src/algorithm/blastn/blast_engine/run.rs:2855 src/algo/blast/core/blast_gapalign.c:4012-4031: 3 line(s) not found, e.g. '   status = BLAST_GreedyGappedAlignment(..., (Boolean) TRUE, FALSE, fence_hit);'
LOSAT/src/algorithm/blastn/blast_engine/run.rs:2869 src/algo/blast/core/blast_gapalign.c:4058-4076: 1 line(s) not found, e.g. '             &(gap_align->edit_script), &new_hsp);'
LOSAT/src/algorithm/blastn/blast_engine/run.rs:2899 src/algo/blast/core/blast_hits.c:1330-1353: 1 line(s) not found, e.g. '}'
LOSAT/src/algorithm/blastn/blast_engine/run.rs:2919 src/algo/blast/core/blast_hits.c:2268-2321: 6 line(s) not found, e.g. 'if (h1->context < h2->context) return -1;'
LOSAT/src/algorithm/blastn/blast_engine/run.rs:2938 src/algo/blast/core/blast_hits.c:2327-2383: 6 line(s) not found, e.g. 'if (h1->context < h2->context) return -1;'
LOSAT/src/algorithm/blastn/blast_engine/run.rs:3000 src/algo/blast/core/blast_traceback.c:358-365: 1 line(s) not found, e.g. '{ Blast_HSPListSortByScore(hsp_list); }'
LOSAT/src/algorithm/blastn/blast_engine/run.rs:3025 src/algo/blast/core/blast_hits.c:2455-2535: 1 line(s) not found, e.g. '    s_CutOffGapEditScript(...);'
LOSAT/src/algorithm/blastn/blast_engine/run.rs:3084 src/algo/blast/core/blast_hits.c:1488-1533: 1 line(s) not found, e.g. 'static Boolean s_BlastMergeTwoHSPs(BlastHSP* hsp1, BlastHSP* hsp2, Boolean allow_gap)'
LOSAT/src/algorithm/blastn/blast_engine/run.rs:3576 src/algo/blast/core/blast_gapalign.c:4012-4076: 4 line(s) not found, e.g. 'status = BLAST_GreedyGappedAlignment(..., (Boolean) TRUE, FALSE, fence_hit);'
LOSAT/src/algorithm/blastn/blast_engine/run.rs:3611 include/algo/blast/core/blast_extend.h:77-81: 1 line(s) not found, e.g. '} BLAST_DiagTable;'
LOSAT/src/algorithm/blastn/blast_engine/run.rs:3621 include/algo/blast/core/blast_extend.h:97-105: 1 line(s) not found, e.g. '} BLAST_DiagHash;'
LOSAT/src/algorithm/blastn/blast_engine/run.rs:3674 src/algo/blast/core/blast_gapalign.c:4012-4076: 4 line(s) not found, e.g. 'status = BLAST_GreedyGappedAlignment(..., (Boolean) TRUE, FALSE, fence_hit);'
LOSAT/src/algorithm/blastn/blast_engine/run.rs:3756 src/algo/blast/core/blast_query_info.c:219-238: 3 line(s) not found, e.g. 'if (A->contexts[m].query_offset > n) e = m;'
LOSAT/src/algorithm/blastn/blast_engine/run.rs:3779 src/algo/blast/core/blast_query_info.c:219-238: 3 line(s) not found, e.g. 'if (A->contexts[m].query_offset > n) e = m;'
LOSAT/src/algorithm/blastn/blast_engine/run.rs:3807 src/algo/blast/core/blast_query_info.c:219-238: 3 line(s) not found, e.g. 'if (A->contexts[m].query_offset > n) e = m;'
LOSAT/src/algorithm/blastn/blast_engine/run.rs:3822 src/algo/blast/core/blast_query_info.c:219-238: 4 line(s) not found, e.g. '    } else { b = 0; e = size; }'
LOSAT/src/algorithm/blastn/blast_engine/run.rs:3862 src/algo/blast/api/blast_setup_cxx.cpp:500-603: 2 line(s) not found, e.g. 'sequence = queries.GetBlastSequence(index, encoding, strand, eSentinels);'
LOSAT/src/algorithm/blastn/blast_engine/run.rs:3996 src/algo/blast/unit_tests/api/ntscan_unit_test.cpp:739-776: 1 line(s) not found, e.g. '    hit_found = TRUE;'
LOSAT/src/algorithm/blastn/blast_engine/run.rs:4005 src/algo/blast/core/na_ungapped.c:1647-1674: 2 line(s) not found, e.g. 'while (s_DetermineScanningOffsets(subject, word_length, lut_word_length, scan_range)) {'
LOSAT/src/algorithm/blastn/blast_engine/run.rs:4078 src/algo/blast/core/blast_traceback.c:877-892: 1 line(s) not found, e.g. '   if (!(hit_list = results->hitlist_array[query_index])) continue;'
LOSAT/src/algorithm/blastn/blast_engine/run.rs:4101 src/algo/blast/core/blast_engine.c:493-555: 2 line(s) not found, e.g. '            query_info, subject, gap_align, score_params, ext_params,'
LOSAT/src/algorithm/blastn/blast_engine/run.rs:4131 src/algo/blast/core/blast_traceback.c:358-613: 5 line(s) not found, e.g. 'tree = Blast_IntervalTreeInit(...);'
LOSAT/src/algorithm/blastn/blast_engine/run.rs:4151 src/algo/blast/core/blast_traceback.c:633-692: 5 line(s) not found, e.g. 'extra_start = Blast_HSPListPurgeHSPsWithCommonEndpoints(..., FALSE);'
LOSAT/src/algorithm/blastn/blast_engine/run.rs:4170 src/algo/blast/core/blast_traceback.c:836-892: 1 line(s) not found, e.g. 's_BlastPruneExtraHits(results, hitlist_size);'
LOSAT/src/algorithm/blastn/blast_engine/run.rs:4449 src/algo/blast/core/blast_hits.c:1374-1382: 2 line(s) not found, e.g. '    if (hsp_list->hspcnt > 1) {'
LOSAT/src/algorithm/blastn/blast_engine/run.rs:4613 src/algo/blast/core/blast_traceback.c:836-867: 3 line(s) not found, e.g. 'for (subject_index = 0; subject_index < hit_list->hsplist_count; ++subject_index) {'
LOSAT/src/algorithm/blastn/blast_engine/run.rs:4642 src/algo/blast/core/blast_hits.c:3383-3400: 1 line(s) not found, e.g. '      if (hit_list != NULL && hit_list->hsplist_count > 1) {'
LOSAT/src/algorithm/blastn/blast_engine/run.rs:4657 src/algo/blast/core/blast_traceback.c:877-892: 1 line(s) not found, e.g. 'static void s_BlastPruneExtraHits(BlastHSPResults* results, Int4 hitlist_size)'
LOSAT/src/algorithm/blastn/blast_engine/run.rs:4720 src/algo/blast/core/blast_traceback.c:877-892: 1 line(s) not found, e.g. 'static void s_BlastPruneExtraHits(BlastHSPResults* results, Int4 hitlist_size)'
LOSAT/src/algorithm/blastn/blast_engine/run.rs:4748 src/algo/blast/core/blast_hits.c:3077-3106: 1 line(s) not found, e.g. 'static int s_EvalueCompareHSPLists(const void* v1, const void* v2) { ... }'
LOSAT/src/algorithm/blastn/blast_engine/run.rs:4822 src/algo/blast/format/blast_format.cpp:68-93: 2 line(s) not found, e.g. 'CBlastFormat::CBlastFormat(..., CNcbiOstream& outfile, ...)'
LOSAT/src/algorithm/blastn/blast_engine/run.rs:4908 src/algo/blast/api/blast_setup_cxx.cpp:486-651: 3 line(s) not found, e.g. 'void'
LOSAT/src/algorithm/blastn/blast_engine/run.rs:6065 include/algo/blast/blastinput/blast_args.hpp:1290-1296: 3 line(s) not found, e.g. 'CMTArgs(...)'
LOSAT/src/algorithm/blastn/blast_engine/run.rs:6075 src/algo/blast/blastinput/blast_args.cpp:3205-3222: 1 line(s) not found, e.g. '} else {'
LOSAT/src/algorithm/blastn/blast_engine/run.rs:6091 src/algo/blast/core/blast_engine.c:493-555: 2 line(s) not found, e.g. '            query_info, subject, gap_align, score_params, ext_params,'
LOSAT/src/algorithm/blastn/blast_engine/run.rs:6124 src/algo/blast/core/blast_engine.c:478-536: 1 line(s) not found, e.g. '        aux_struct->WordFinder(...);'
LOSAT/src/algorithm/blastn/blast_engine/run.rs:6159 src/algo/blast/core/blast_traceback.c:509-513: 1 line(s) not found, e.g. '    query_length, adjusted_s_length, fence_hit);'
LOSAT/src/algorithm/blastn/blast_engine/run.rs:6171 src/algo/blast/api/blast_setup_cxx.cpp:486-651: 2 line(s) not found, e.g. 'SetupQueries_OMF(IBlastQuerySource& queries,'
LOSAT/src/algorithm/blastn/blast_engine/run.rs:6200 src/algo/blast/api/blast_setup_cxx.cpp:836-847: 1 line(s) not found, e.g. 'BlastSeqBlkSetCompressedSequence(subj, compressed_seq.data.release());'
LOSAT/src/algorithm/blastn/blast_engine/run.rs:6229 src/algo/blast/core/blast_engine.c:1409-1475: 1 line(s) not found, e.g. '   status = s_BlastSearchEngineCore(...);'
LOSAT/src/algorithm/blastn/blast_engine/run.rs:6237 src/algo/blast/core/blast_engine.c:478-500: 1 line(s) not found, e.g. '        aux_struct->WordFinder(...);'
LOSAT/src/algorithm/blastn/blast_engine/run.rs:6258 src/algo/blast/api/blast_setup_cxx.cpp:836-847: 1 line(s) not found, e.g. '}'
LOSAT/src/algorithm/blastn/blast_engine/run.rs:6305 src/algo/blast/core/blast_hits.c:2589-2593: 1 line(s) not found, e.g. '                 curr_context + 1 : curr_context - 1;'
LOSAT/src/algorithm/blastn/blast_engine/run.rs:6320 include/algo/blast/core/blast_hits.h:153-166: 1 line(s) not found, e.g. '   Int4 query_index; /**< Index of the query which this HSPList corresponds to. */'
LOSAT/src/algorithm/blastn/blast_engine/run.rs:6346 src/algo/blast/core/blast_util.c:839-847: 2 line(s) not found, e.g. 'if (context_number % NUM_STRANDS == 0) frame = 1;'
LOSAT/src/algorithm/blastn/blast_engine/run.rs:6419 src/algo/blast/api/blast_setup_cxx.cpp:498-604: 1 line(s) not found, e.g. 'sequence = queries.GetBlastSequence(index, encoding, strand, eSentinels);'
LOSAT/src/algorithm/blastn/blast_engine/run.rs:6432 src/algo/blast/core/blast_setup.c:609-619: 3 line(s) not found, e.g. 'if (!mask_at_hash) {'
LOSAT/src/algorithm/blastn/blast_engine/run.rs:6444 src/algo/blast/api/blast_setup_cxx.cpp:500-603: 1 line(s) not found, e.g. 'memcpy(&buf.get()[offset], sequence.data.get(), sequence.length);'
LOSAT/src/algorithm/blastn/blast_engine/run.rs:6471 src/algo/blast/core/blast_nalookup.c:46-47: 1 line(s) not found, e.g. '                         Int4 *lut_width)'
LOSAT/src/algorithm/blastn/blast_engine/run.rs:6687 src/algo/blast/core/blast_setup.c:821-846: 3 line(s) not found, e.g. 'BLAST_ComputeLengthAdjustment(..., query_length, db_length, db_num_seqs, &length_adjustment);'
LOSAT/src/algorithm/blastn/blast_engine/run.rs:6950 src/algo/blast/core/blast_traceback.c:350-692: 1 line(s) not found, e.g. 'Blast_HSPListPurgeHSPsWithCommonEndpoints(..., FALSE);'
LOSAT/src/algorithm/blastn/blast_engine/run.rs:7029 src/algo/blast/blastinput/blast_args.cpp:2547-2556: 1 line(s) not found, e.g. 'm_Scope = ReadSequencesToBlast(... use_lcase_masks, subjects, ...);'
LOSAT/src/algorithm/blastn/blast_engine/run.rs:7078 src/algo/blast/core/blast_parameters.c:236-259: 1 line(s) not found, e.g. '}'
LOSAT/src/algorithm/blastn/blast_engine/run.rs:7120 src/algo/blast/core/blast_engine.c:478-536: 1 line(s) not found, e.g. '        aux_struct->WordFinder(...);'
LOSAT/src/algorithm/blastn/blast_engine/run.rs:7175 src/algo/blast/core/blast_engine.c:493-526: 2 line(s) not found, e.g. '            query_info, subject, gap_align, score_params, ext_params,'
LOSAT/src/algorithm/blastn/blast_engine/run.rs:7201 include/algo/blast/core/blast_hits.h:153-166: 1 line(s) not found, e.g. '   Int4 query_index; /**< Index of the query which this HSPList corresponds to. */'
LOSAT/src/algorithm/blastn/blast_engine/run.rs:7216 src/algo/blast/core/na_ungapped.c:1647-1662: 2 line(s) not found, e.g. '    scan_range[1] = subject->seq_ranges[0].left + word_length - lut_word_length;'
LOSAT/src/algorithm/blastn/blast_engine/run.rs:7234 src/objtools/readers/fasta.cpp:1079-1089: 1 line(s) not found, e.g. '    m_CurrentMask->SetPacked_int().AddInterval(...);'
LOSAT/src/algorithm/blastn/blast_engine/run.rs:7245 src/algo/blast/api/blast_setup_cxx.cpp:812-826: 3 line(s) not found, e.g. '    s_SeqLoc2MaskedSubjRanges(...);'
LOSAT/src/algorithm/blastn/blast_engine/run.rs:7268 src/algo/blast/api/blast_setup_cxx.cpp:836-847: 1 line(s) not found, e.g. 'BlastSeqBlkSetSequence(subj, sequence.data.release(), ...);'
LOSAT/src/algorithm/blastn/blast_engine/run.rs:7287 src/algo/blast/api/blast_setup_cxx.cpp:836-847: 1 line(s) not found, e.g. '}'
LOSAT/src/algorithm/blastn/blast_engine/run.rs:7317 src/algo/blast/core/blast_parameters.c:336-377: 1 line(s) not found, e.g. '                      (Uint8)query_length) * ((Uint8)subj_length),'
LOSAT/src/algorithm/blastn/blast_engine/run.rs:7467 src/algo/blast/core/blast_nascan.c:193-207: 2 line(s) not found, e.g. '                          ...);'
LOSAT/src/algorithm/blastn/blast_engine/run.rs:7494 src/algo/blast/core/blast_nascan.c:147-259: 1 line(s) not found, e.g. '/* Scan the compressed subject sequence */'
LOSAT/src/algorithm/blastn/blast_engine/run.rs:7593 src/algo/blast/core/na_ungapped.c:656-662: 1 line(s) not found, e.g. 's_off_pos = s_off + diag_table->offset;'
LOSAT/src/algorithm/blastn/blast_engine/run.rs:7633 src/algo/blast/core/blast_extend.c:145-149: 1 line(s) not found, e.g. '}'
LOSAT/src/algorithm/blastn/blast_engine/run.rs:7737 src/algo/blast/core/na_ungapped.c:825-826: 4 line(s) not found, e.g. 'if (Delta < 0) Delta = 0;'
LOSAT/src/algorithm/blastn/blast_engine/run.rs:7757 src/algo/blast/core/blast_nascan.c:193-207: 2 line(s) not found, e.g. '                          ...);'
LOSAT/src/algorithm/blastn/blast_engine/run.rs:7782 src/algo/blast/core/blast_engine.c:451-497: 4 line(s) not found, e.g. 'hitsfound = scansub(lookup_wrap, subject, offset_pairs,'
LOSAT/src/algorithm/blastn/blast_engine/run.rs:7790 src/algo/blast/core/blast_nascan.c:1482-1534: 1 line(s) not found, e.g. '    index, offset_pairs + total_hits, s_off);'
LOSAT/src/algorithm/blastn/blast_engine/run.rs:7803 src/algo/blast/core/blast_engine.c:451-497: 4 line(s) not found, e.g. 'hitsfound = scansub(lookup_wrap, subject, offset_pairs,'
LOSAT/src/algorithm/blastn/blast_engine/run.rs:7890 src/algo/blast/core/blast_nascan.c:193-207: 2 line(s) not found, e.g. 's_BlastLookupRetrieve(lookup, index,'
LOSAT/src/algorithm/blastn/blast_engine/run.rs:7976 src/algo/blast/core/na_ungapped.c:1093-1144: 6 line(s) not found, e.g. '    if (((Uint1) (*s << (2 * (s_off % COMPRESSION_RATIO))) >> 6) != *q)'
LOSAT/src/algorithm/blastn/blast_engine/run.rs:8007 src/algo/blast/core/na_ungapped.c:1101-1114: 1 line(s) not found, e.g. '    if (((Uint1) (*s << (2 * (s_off % COMPRESSION_RATIO))) >> 6) != *q)'
LOSAT/src/algorithm/blastn/blast_engine/run.rs:8107 src/algo/blast/core/na_ungapped.c:1120-1136: 1 line(s) not found, e.g. 'if (packed_subject_base != *q)'
LOSAT/src/algorithm/blastn/blast_engine/run.rs:8249 src/algo/blast/core/na_ungapped.c:1093-1155: 5 line(s) not found, e.g. '                                 masked_locations, query_info,'
LOSAT/src/algorithm/blastn/blast_engine/run.rs:8327 src/algo/blast/core/blast_nalookup.c:1027-1034: 2 line(s) not found, e.g. 'mb_lt->next_pos[index] = mb_lt->hashtable[ecode];'
LOSAT/src/algorithm/blastn/blast_engine/run.rs:8338 src/algo/blast/core/na_ungapped.c:674-676: 2 line(s) not found, e.g. 'if (two_hits && (hit_saved || s_end_pos > last_hit + window_size)) {'
LOSAT/src/algorithm/blastn/blast_engine/run.rs:8606 src/algo/blast/core/na_ungapped.c:841-921: 2 line(s) not found, e.g. '    word_type = s_TypeOfWord(..., TRUE, &extended);'
LOSAT/src/algorithm/blastn/blast_engine/run.rs:8706 src/algo/blast/core/na_ungapped.c:740-749: 3 line(s) not found, e.g. 'if (word_params->matrix_only_scoring || word_length < 11)'
LOSAT/src/algorithm/blastn/blast_engine/run.rs:8772 src/algo/blast/core/na_ungapped.c:740-758: 1 line(s) not found, e.g. 's_NuclUngappedExtendExact(..., -(cutoffs->x_dropoff), ungapped_data);'
LOSAT/src/algorithm/blastn/blast_engine/run.rs:8896 include/algo/blast/core/blast_def.h:135-149: 1 line(s) not found, e.g. 'struct { Uint4 q_off; Uint4 s_off; } qs_offsets;'
LOSAT/src/algorithm/blastn/blast_engine/run.rs:8953 src/algo/blast/core/blast_nascan.c:193-207: 2 line(s) not found, e.g. '                          ...);'
LOSAT/src/algorithm/blastn/blast_engine/run.rs:8970 src/algo/blast/core/blast_nascan.c:193-207: 2 line(s) not found, e.g. '                          ...);'
LOSAT/src/algorithm/blastn/blast_engine/run.rs:8995 src/algo/blast/core/blast_nascan.c:193-207: 2 line(s) not found, e.g. '                          ...);'
LOSAT/src/algorithm/blastn/blast_engine/run.rs:9016 src/algo/blast/core/blast_nascan.c:1504-1533: 1 line(s) not found, e.g. '    index, offset_pairs + total_hits, s_off);'
LOSAT/src/algorithm/blastn/blast_engine/run.rs:9069 src/algo/blast/core/blast_nascan.c:193-207: 2 line(s) not found, e.g. '                          ...);'
LOSAT/src/algorithm/blastn/blast_engine/run.rs:9095 src/algo/blast/core/blast_engine.c:451-497: 4 line(s) not found, e.g. 'hitsfound = scansub(lookup_wrap, subject, offset_pairs,'
LOSAT/src/algorithm/blastn/blast_engine/run.rs:9111 src/algo/blast/core/blast_nascan.c:193-207: 2 line(s) not found, e.g. '                          ...);'
LOSAT/src/algorithm/blastn/blast_engine/run.rs:9136 src/algo/blast/core/blast_nascan.c:193-207: 2 line(s) not found, e.g. '                          ...);'
LOSAT/src/algorithm/blastn/blast_engine/run.rs:9166 src/algo/blast/core/blast_nascan.c:193-207: 2 line(s) not found, e.g. '                          ...);'
LOSAT/src/algorithm/blastn/blast_engine/run.rs:9183 src/algo/blast/core/blast_nascan.c:41-79: 6 line(s) not found, e.g. 'num_hits = s_BlastLookupGetNumHits(lookup, index);'
LOSAT/src/algorithm/blastn/blast_engine/run.rs:9214 src/algo/blast/core/blast_nascan.c:1406-1412: 1 line(s) not found, e.g. 'offset_pairs[i].qs_offsets.q_off = q_off - 1;'
LOSAT/src/algorithm/blastn/blast_engine/run.rs:9287 src/algo/blast/core/blast_nascan.c:193-207: 2 line(s) not found, e.g. 's_BlastLookupRetrieve(lookup, index,'
LOSAT/src/algorithm/blastn/blast_engine/run.rs:9401 src/algo/blast/core/na_ungapped.c:825-826: 3 line(s) not found, e.g. 's_BlastDiagHashInsert(hash_table, diag, s_end_pos,'
LOSAT/src/algorithm/blastn/blast_engine/run.rs:9413 src/algo/blast/core/na_ungapped.c:459-489: 1 line(s) not found, e.g. 'static NCBI_INLINE Boolean s_IsSeedMasked(...)'
LOSAT/src/algorithm/blastn/blast_engine/run.rs:9452 src/algo/blast/core/blast_nalookup.c:1027-1034: 2 line(s) not found, e.g. 'mb_lt->next_pos[index] = mb_lt->hashtable[ecode];'
LOSAT/src/algorithm/blastn/blast_engine/run.rs:9463 src/algo/blast/core/na_ungapped.c:674-676: 2 line(s) not found, e.g. 'if (two_hits && (hit_saved || s_end_pos > last_hit + window_size)) {'
LOSAT/src/algorithm/blastn/blast_engine/run.rs:9757 src/algo/blast/core/na_ungapped.c:740-749: 3 line(s) not found, e.g. 'if (word_params->matrix_only_scoring || word_length < 11)'
LOSAT/src/algorithm/blastn/blast_engine/run.rs:9819 src/algo/blast/core/na_ungapped.c:740-758: 1 line(s) not found, e.g. 's_NuclUngappedExtendExact(..., -(cutoffs->x_dropoff), ungapped_data);'
LOSAT/src/algorithm/blastn/blast_engine/run.rs:9948 include/algo/blast/core/blast_def.h:135-149: 1 line(s) not found, e.g. 'struct { Uint4 q_off; Uint4 s_off; } qs_offsets;'
LOSAT/src/algorithm/blastn/blast_engine/run.rs:9997 src/algo/blast/core/blast_nascan.c:193-207: 2 line(s) not found, e.g. '                          ...);'
LOSAT/src/algorithm/blastn/blast_engine/run.rs:10041 src/algo/blast/core/blast_extend.c:307-309: 1 line(s) not found, e.g. 'qsort(init_hsp_array, init_hitlist->total,'
LOSAT/src/algorithm/blastn/blast_engine/run.rs:10098 src/algo/blast/core/blast_gapalign.c:3908-3913: 1 line(s) not found, e.g. 'tmp_hsp.subject.end = s_end;'
LOSAT/src/algorithm/blastn/blast_engine/run.rs:10197 src/algo/blast/core/blast_gapalign.c:4033-4045: 1 line(s) not found, e.g. 'status = s_BlastDynProgNtGappedAlignment(...);'
LOSAT/src/algorithm/blastn/blast_engine/run.rs:10205 src/algo/blast/core/blast_gapalign.c:4071-4076: 2 line(s) not found, e.g. 'status = Blast_HSPInit(...,'
LOSAT/src/algorithm/blastn/blast_engine/run.rs:10220 src/algo/blast/core/blast_gapalign.c:2973-3003: 2 line(s) not found, e.g. 'score_left = s_BlastAlignPackedNucl(query, subject, q_length, s_length, ...);'
LOSAT/src/algorithm/blastn/blast_engine/run.rs:10320 src/algo/blast/core/blast_gapalign.c:4058-4091: 1 line(s) not found, e.g. '                          gap_align->subject_stop, ...);'
LOSAT/src/algorithm/blastn/blast_engine/run.rs:10380 src/algo/blast/core/blast_gapalign.c:3908-3913: 1 line(s) not found, e.g. 'tmp_hsp.subject.end = s_end;'
LOSAT/src/algorithm/blastn/blast_engine/run.rs:10414 src/algo/blast/core/blast_gapalign.c:4058-4076: 1 line(s) not found, e.g. '             &(gap_align->edit_script), &new_hsp);'
LOSAT/src/algorithm/blastn/blast_engine/run.rs:10482 src/algo/blast/core/blast_gapalign.c:4058-4085: 3 line(s) not found, e.g. '    status = Blast_HSPInit(..., &new_hsp);'
LOSAT/src/algorithm/blastn/blast_engine/run.rs:10814 src/algo/blast/core/blast_traceback.c:358-373: 2 line(s) not found, e.g. '/* Make sure the HSPs in the HSP list are sorted by score, as they should be. */'
LOSAT/src/algorithm/blastn/blast_engine/run.rs:10831 src/algo/blast/core/blast_traceback.c:371-373: 1 line(s) not found, e.g. '                              0, subject_length + 1);'
LOSAT/src/algorithm/blastn/blast_engine/run.rs:10847 src/algo/blast/core/blast_traceback.c:358-365: 1 line(s) not found, e.g. '   should be. */'
LOSAT/src/algorithm/blastn/blast_engine/run.rs:10869 src/algo/blast/core/blast_itree.c:66-70: 4 line(s) not found, e.g. '    tree->num_alloc = 2 * tree->num_alloc;'
LOSAT/src/algorithm/blastn/blast_engine/run.rs:10881 src/algo/blast/core/blast_traceback.c:403-612: 3 line(s) not found, e.g. 'if (!BlastIntervalTreeContainsHSP(tree, hsp, query_info, hit_options->min_diag_separation)) {'
LOSAT/src/algorithm/blastn/blast_engine/run.rs:10896 src/algo/blast/core/blast_traceback.c:436-460: 1 line(s) not found, e.g. '   if (!retval) { ... }'
LOSAT/src/algorithm/blastn/blast_engine/run.rs:10971 src/algo/blast/core/blast_traceback.c:403-612: 3 line(s) not found, e.g. 'if (!BlastIntervalTreeContainsHSP(tree, hsp, query_info, hit_options->min_diag_separation)) {'
LOSAT/src/algorithm/blastn/blast_engine/run.rs:11010 src/algo/blast/core/blast_traceback.c:403-601: 4 line(s) not found, e.g. 'if (!BlastIntervalTreeContainsHSP(tree, hsp, query_info, ...)) {'
LOSAT/src/algorithm/blastn/blast_engine/run.rs:11027 src/algo/blast/core/blast_traceback.c:403-612: 3 line(s) not found, e.g. 'if (!BlastIntervalTreeContainsHSP(tree, hsp, query_info, hit_options->min_diag_separation)) {'
LOSAT/src/algorithm/blastn/blast_engine/run.rs:11196 src/algo/blast/core/blast_gapalign.c:4071-4076: 1 line(s) not found, e.g. '              &(gap_align->edit_script), &new_hsp);'
LOSAT/src/algorithm/blastn/blast_engine/run.rs:11326 src/algo/blast/core/blast_traceback.c:403-612: 3 line(s) not found, e.g. 'if (!BlastIntervalTreeContainsHSP(tree, hsp, query_info, hit_options->min_diag_separation)) {'
LOSAT/src/algorithm/blastn/blast_engine/run.rs:11336 src/algo/blast/core/blast_itree.c:273-585: 3 line(s) not found, e.g. 'if (in_hsp->score > tree_hsp->score) return in_hsp;'
LOSAT/src/algorithm/blastn/blast_engine/run.rs:11389 src/algo/blast/core/blast_traceback.c:583-597: 1 line(s) not found, e.g. '    Blast_HSPGetNumIdentitiesAndPositives(..., &align_length, ...);'
LOSAT/src/algorithm/blastn/blast_engine/run.rs:11463 src/algo/blast/core/blast_traceback.c:583-597: 1 line(s) not found, e.g. '       adjusted_subject, hsp, score_options, &align_length, sbp);'
LOSAT/src/algorithm/blastn/blast_engine/run.rs:11492 src/algo/blast/core/blast_traceback.c:436-472: 1 line(s) not found, e.g. 'BlastGetOffsetsForGappedAlignment(..., &q_start, &s_start);'
LOSAT/src/algorithm/blastn/blast_engine/run.rs:11574 src/algo/blast/core/blast_traceback.c:583-612: 1 line(s) not found, e.g. '    Blast_HSPGetNumIdentitiesAndPositives(..., &align_length, ...);'
LOSAT/src/algorithm/blastn/blast_engine/run.rs:11625 src/algo/blast/core/blast_traceback.c:234-246: 1 line(s) not found, e.g. 'Blast_HSPListGetBitScores(hsp_list, kGapped, sbp);'
LOSAT/src/algorithm/blastn/blast_engine/run.rs:11819 src/algo/blast/core/blast_traceback.c:647-665: 2 line(s) not found, e.g. 'delete_hsp = Blast_HSPReevaluateWithAmbiguitiesGapped(...);'
LOSAT/src/algorithm/blastn/blast_engine/run.rs:11840 src/algo/blast/core/blast_traceback.c:656-663: 2 line(s) not found, e.g. 'delete_hsp = Blast_HSPReevaluateWithAmbiguitiesGapped(...);'
LOSAT/src/algorithm/blastn/blast_engine/run.rs:11915 src/algo/blast/core/blast_traceback.c:647-665: 1 line(s) not found, e.g. 'delete_hsp = Blast_HSPReevaluateWithAmbiguitiesGapped(...);'
LOSAT/src/algorithm/blastn/blast_engine/run.rs:11969 src/algo/blast/core/blast_traceback.c:666-668: 1 line(s) not found, e.g. '}'
LOSAT/src/algorithm/blastn/blast_engine/run.rs:11992 src/algo/blast/core/blast_hits.c:1330-1353: 1 line(s) not found, e.g. '}'
LOSAT/src/algorithm/blastn/blast_engine/run.rs:12020 src/algo/blast/core/blast_itree.c:66-70: 4 line(s) not found, e.g. '    tree->num_alloc = 2 * tree->num_alloc;'
LOSAT/src/algorithm/blastn/blast_engine/run.rs:12040 src/algo/blast/core/blast_itree.c:537-550: 1 line(s) not found, e.g. 'query_start = query_context_offset;'
LOSAT/src/algorithm/blastn/blast_engine/run.rs:12046 src/algo/blast/core/blast_gapalign.c:3908-3913: 1 line(s) not found, e.g. 'tmp_hsp.subject.end = s_end;'
LOSAT/src/algorithm/blastn/blast_engine/run.rs:12068 src/algo/blast/core/blast_traceback.c:678-688: 2 line(s) not found, e.g. '    } else {'
LOSAT/src/algorithm/blastn/blast_engine/run.rs:12150 src/algo/blast/core/blast_traceback.c:678-692: 3 line(s) not found, e.g. '   if (BlastIntervalTreeContainsHSP(...)) {'
LOSAT/src/algorithm/blastn/blast_engine/run.rs:12164 src/algo/blast/core/blast_traceback.c:234-246: 1 line(s) not found, e.g. 'Blast_HSPListGetBitScores(hsp_list, kGapped, sbp);'
LOSAT/src/algorithm/blastn/blast_engine/run.rs:12241 src/algo/blast/core/blast_traceback.c:358-373: 2 line(s) not found, e.g. '/* Make sure the HSPs in the HSP list are sorted by score, as they should be. */'
LOSAT/src/algorithm/blastn/blast_engine/run.rs:12396 src/algo/blast/core/blast_engine.c:1674-1783: 4 line(s) not found, e.g. '   progress_info);'
LOSAT/src/algorithm/blastn/blast_engine/run.rs:12890 src/algo/blast/core/blast_hits.c:1330-1353: 3 line(s) not found, e.g. 'if (0 == (result = BLAST_CMP(hsp2->score, hsp1->score)) && ...) {'
LOSAT/src/algorithm/blastn/blast_engine/run.rs:12980 src/algo/blast/core/blast_hits.c:1923-1926: 2 line(s) not found, e.g. '   (hsp->score*kbp[hsp->context]->Lambda - kbp[hsp->context]->logK) /'
LOSAT/src/algorithm/blastn/blast_engine/run.rs:13017 src/algo/blast/core/blast_hits.c:1923-1926: 2 line(s) not found, e.g. '   (hsp->score*kbp[hsp->context]->Lambda - kbp[hsp->context]->logK) /'
LOSAT/src/algorithm/blastn/blast_engine/run.rs:13125 src/algo/blast/core/blast_traceback.c:403-612: 3 line(s) not found, e.g. 'if (!BlastIntervalTreeContainsHSP(tree, hsp, query_info,'
LOSAT/src/algorithm/blastn/blast_engine/run.rs:13224 src/algo/blast/core/blast_traceback.c:509-513: 1 line(s) not found, e.g. '    query_length, adjusted_s_length, fence_hit);'
LOSAT/src/algorithm/blastx/kappa.rs:444 src/algo/blast/core/blast_kappa.c:1760-1770: 1 line(s) not found, e.g. '    queryStart, queryEnd, queryIndex, matchStart, matchEnd, frame, *edit_script);'
LOSAT/src/algorithm/blastx/kappa.rs:1331 src/algo/blast/core/blast_kappa.c:3670-3673: 1 line(s) not found, e.g. '    s_HitlistReapContained(hsp_list->hsp_array, &hsp_list->hspcnt);'
LOSAT/src/algorithm/tblastn/args.rs:22 src/algo/blast/blastinput/tblastn_args.cpp:45-125: 1 line(s) not found, e.g. 'tasks.insert(kDefaultTask); tasks.insert("tblastn-fast");'
LOSAT/src/algorithm/tblastn/args.rs:188 src/algo/blast/core/blast_options.c:1303-1310: 1 line(s) not found, e.g. '}'
LOSAT/src/algorithm/tblastn/args.rs:220 src/algo/blast/blastinput/blast_args.cpp:838-866: 1 line(s) not found, e.g. 'ECompoAdjustModes compo_mode = eNoCompositionBasedStats;'
LOSAT/src/algorithm/tblastn/args.rs:270 src/algo/blast/blastinput/blast_args.cpp:289-618: 4 line(s) not found, e.g. '   if (args[kArgWordSize].AsInteger() > 5) opt.SetWordThreshold(21.0);'
LOSAT/src/algorithm/tblastn/args.rs:294 src/algo/blast/blastinput/blast_args.cpp:486-497: 2 line(s) not found, e.g. 'if (args[kArgWindowSize]) opt.SetWindowSize(args[kArgWindowSize].AsInteger());'
LOSAT/src/algorithm/tblastn/args.rs:304 src/algo/blast/blastinput/tblastn_args.cpp:55-152: 1 line(s) not found, e.g. 'else return x_CreateOptionsHandleWithTask(locality, args[kTask].AsString());'
LOSAT/src/algorithm/tblastn/args.rs:311 src/algo/blast/blastinput/blast_args.cpp:2364-876: 2 line(s) not found, e.g. 'arg_desc.SetDependency(kArgSubject, CArgDescriptions::eExcludes, *dbarg);'
LOSAT/src/algorithm/tblastn/args.rs:318 src/algo/blast/core/blast_options.c:913-1796: 2 line(s) not found, e.g. '    options->gap_extend, options->matrix, std_matrix_only);'
LOSAT/src/algorithm/tblastn/args.rs:324 src/algo/blast/blastinput/blast_args.cpp:258-273: 3 line(s) not found, e.g. 'BLAST_GetProteinGapExistenceExtendParams(matrix, &gap_open, &gap_extend);'
LOSAT/src/algorithm/tblastx/blast_engine/mod.rs:43 include/algo/blast/blastinput/blast_args.hpp:1290-1296: 3 line(s) not found, e.g. 'CMTArgs(...)'
LOSAT/src/algorithm/tblastx/blast_engine/mod.rs:96 src/algo/blast/core/link_hsps.c:553-558: 5 line(s) not found, e.g. 'if (sum_params->link_hsp_params) {'
LOSAT/src/algorithm/tblastx/blast_engine/mod.rs:210 src/algo/blast/core/blast_engine.c:1411-1475: 1 line(s) not found, e.g. '   status = s_BlastSearchEngineCore(..., &hsp_list, ...);'
LOSAT/src/algorithm/tblastx/blast_engine/mod.rs:443 src/algo/blast/core/blast_hits.c:1347-1353: 1 line(s) not found, e.g. '}'
LOSAT/src/algorithm/tblastx/blast_engine/run_impl.rs:31 src/algo/blast/core/aa_ungapped.c:492-505: 1 line(s) not found, e.g. '    hits = scansub(lookup_wrap, subject, offset_pairs, array_size, scan_range);'
LOSAT/src/algorithm/tblastx/blast_engine/run_impl.rs:54 src/algo/blast/core/blast_engine.c:221-251: 3 line(s) not found, e.g. '} else {'
LOSAT/src/algorithm/tblastx/blast_engine/run_impl.rs:117 src/algo/blast/core/blast_engine.c:221-310: 4 line(s) not found, e.g. 'subject->seq_ranges = subject->seq_ranges_allocated;'
LOSAT/src/algorithm/tblastx/blast_engine/run_impl.rs:160 include/algo/blast/core/blast_hits.h:190-192: 1 line(s) not found, e.g. '/** Size of overlap in splitting query or database sequence */'
LOSAT/src/algorithm/tblastx/blast_engine/run_impl.rs:167 src/algo/blast/core/blast_hits.c:1534-1539: 1 line(s) not found, e.g. '/** Maximal diagonal distance between HSP starting offsets, within which HSPs'
LOSAT/src/algorithm/tblastx/blast_engine/run_impl.rs:210 src/algo/blast/core/blast_engine.c:452-584: 3 line(s) not found, e.g. 'aux_struct->WordFinder(..., init_hitlist, ...);'
LOSAT/src/algorithm/tblastx/blast_engine/run_impl.rs:279 src/algo/blast/core/blast_engine.c:580-584: 2 line(s) not found, e.g. 'Blast_HSPListAdjustOffsets(hsp_list, backup.offset);'
LOSAT/src/algorithm/tblastx/blast_engine/run_impl.rs:358 src/algo/blast/core/blast_hits.c:1488-1533: 4 line(s) not found, e.g. 'static Boolean'
LOSAT/src/algorithm/tblastx/blast_engine/run_impl.rs:423 src/algo/blast/core/blast_hits.c:2857-2995: 4 line(s) not found, e.g. '   if (hsp1->subject.end > split_offsets[0]) { ... }'
LOSAT/src/algorithm/tblastx/blast_engine/run_impl.rs:501 src/algo/blast/core/blast_hits.c:3038-3051: 2 line(s) not found, e.g. 'void Blast_HSPListAdjustOffsets(BlastHSPList* hsp_list, Int4 offset)'
LOSAT/src/algorithm/tblastx/blast_engine/run_impl.rs:570 src/algo/blast/api/blast_setup_cxx.cpp:486-651: 3 line(s) not found, e.g. 'void'
LOSAT/src/algorithm/tblastx/blast_engine/run_impl.rs:1302 src/algo/blast/format/blast_format.cpp:68-93: 2 line(s) not found, e.g. 'CBlastFormat::CBlastFormat(..., CNcbiOstream& outfile, ...)'
LOSAT/src/algorithm/tblastx/blast_engine/run_impl.rs:1666 src/algo/blast/core/aa_ungapped.c:575-582: 3 line(s) not found, e.g. '    last_hit + wordsize, subject_offset, query_offset,'
LOSAT/src/algorithm/tblastx/blast_engine/run_impl.rs:1683 include/algo/blast/blastinput/blast_args.hpp:1290-1296: 3 line(s) not found, e.g. 'CMTArgs(...)'
LOSAT/src/algorithm/tblastx/blast_engine/run_impl.rs:1693 src/algo/blast/blastinput/blast_args.cpp:3205-3222: 1 line(s) not found, e.g. '} else {'
LOSAT/src/algorithm/tblastx/blast_engine/run_impl.rs:1718 src/algo/blast/core/blast_engine.c:1002-1003: 1 line(s) not found, e.g. 'status = s_BlastSetUpAuxStructures(..., aux_struct);'
LOSAT/src/algorithm/tblastx/blast_engine/run_impl.rs:1760 src/algo/blast/blastinput/blast_args.cpp:3265-3273: 1 line(s) not found, e.g. '#endif /* _BLAST_DEBUG */'
LOSAT/src/algorithm/tblastx/blast_engine/run_impl.rs:1796 src/algo/blast/api/blast_setup_cxx.cpp:486-651: 2 line(s) not found, e.g. 'SetupQueries_OMF(IBlastQuerySource& queries,'
LOSAT/src/algorithm/tblastx/blast_engine/run_impl.rs:1960 src/algo/blast/core/blast_engine.c:1409-1475: 1 line(s) not found, e.g. '   status = s_BlastSearchEngineCore(...);'
LOSAT/src/algorithm/tblastx/blast_engine/run_impl.rs:1968 src/algo/blast/core/blast_engine.c:452-584: 1 line(s) not found, e.g. '   status = Blast_HSPListsMerge(&hsp_list, &combined_hsp_list, ...);'
LOSAT/src/algorithm/tblastx/blast_engine/run_impl.rs:2073 src/algo/blast/core/blast_engine.c:1411-1475: 1 line(s) not found, e.g. '   status = s_BlastSearchEngineCore(..., &hsp_list, ...);'
LOSAT/src/algorithm/tblastx/blast_engine/run_impl.rs:2143 src/algo/blast/core/blast_engine.c:1411-1475: 1 line(s) not found, e.g. '   status = s_BlastSearchEngineCore(...);'
LOSAT/src/algorithm/tblastx/blast_engine/run_impl.rs:2151 src/algo/blast/core/blast_engine.c:1411-1475: 1 line(s) not found, e.g. '   status = s_BlastSearchEngineCore(...);'
LOSAT/src/algorithm/tblastx/blast_engine/run_impl.rs:2328 src/algo/blast/core/blast_parameters.c:360-374: 2 line(s) not found, e.g. '              MIN((Uint8)subj_length, (Uint8)query_length)*((Uint8)subj_length),'
LOSAT/src/algorithm/tblastx/blast_engine/run_impl.rs:2570 src/algo/blast/core/blast_engine.c:804-855: 2 line(s) not found, e.g. '   status = s_BlastSearchEngineOneContext(..., &hsp_list_for_chunks, ...);'
LOSAT/src/algorithm/tblastx/blast_engine/run_impl.rs:3092 src/algo/blast/core/aa_ungapped.c:614-614: 1 line(s) not found, e.g. '/* increment the offset in the diagonal array */'
LOSAT/src/algorithm/tblastx/blast_engine/run_impl.rs:3131 src/algo/blast/core/blast_engine.c:452-584: 3 line(s) not found, e.g. '   aux_struct->WordFinder(..., init_hitlist, ...);'
LOSAT/src/algorithm/tblastx/blast_engine/run_impl.rs:3194 src/algo/blast/core/blast_engine.c:452-584: 1 line(s) not found, e.g. '   status = Blast_HSPListsMerge(...);'
LOSAT/src/algorithm/tblastx/blast_engine/run_impl.rs:3299 src/algo/blast/core/blast_engine.c:452-584: 3 line(s) not found, e.g. '   aux_struct->WordFinder(..., init_hitlist, ...);'
LOSAT/src/algorithm/tblastx/blast_engine/run_impl.rs:3340 src/algo/blast/core/blast_engine.c:804-845: 1 line(s) not found, e.g. '    Blast_HSPListAppend(&hsp_list_for_chunks, &hsp_list_out, kHspNumMax);'
LOSAT/src/algorithm/tblastx/blast_engine/run_impl.rs:3364 src/algo/blast/core/blast_engine.c:561-584: 1 line(s) not found, e.g. 'Blast_HSPListsMerge(...);'
LOSAT/src/algorithm/tblastx/blast_engine/run_impl.rs:3486 src/algo/blast/core/blast_hits.c:1374-1381: 1 line(s) not found, e.g. '}'
LOSAT/src/algorithm/tblastx/blast_engine/run_impl.rs:3506 src/algo/blast/blastinput/blast_args.cpp:3265-3273: 1 line(s) not found, e.g. '#endif /* _BLAST_DEBUG */'
LOSAT/src/algorithm/tblastx/blast_engine/run_impl.rs:3583 src/algo/blast/core/link_hsps.c:553-558: 1 line(s) not found, e.g. '}'
LOSAT/src/algorithm/tblastx/blast_engine/run_impl.rs:3601 src/algo/blast/core/link_hsps.c:959-982: 2 line(s) not found, e.g. 'H->hsp->evalue = (best_evalue == -1) ? H->hsp->evalue :'
LOSAT/src/algorithm/tblastx/blast_engine/run_impl.rs:3651 src/algo/blast/blastinput/blast_args.cpp:3265-3273: 1 line(s) not found, e.g. '#endif /* _BLAST_DEBUG */'
LOSAT/src/algorithm/tblastx/blast_engine/run_impl.rs:3714 src/algo/blast/core/blast_hits.c:2708-2720: 2 line(s) not found, e.g. '    subject_start, hsp, score_params->options, &align_length, sbp);'
LOSAT/src/algorithm/tblastx/blast_engine/run_impl.rs:3746 src/algo/blast/core/blast_filter.c:1379-1404: 1 line(s) not found, e.g. 'Blast_MaskTheResidues(buffer, query_length, kIsNucl, ...);'
LOSAT/src/algorithm/tblastx/blast_engine/run_impl.rs:3752 src/algo/blast/core/blast_hits.c:699-700: 1 line(s) not found, e.g. 'query++;'
LOSAT/src/algorithm/tblastx/blast_engine/run_impl.rs:3873 src/algo/blast/core/blast_gapalign.c:4754-4767: 2 line(s) not found, e.g. 'Blast_HSPInit(ungapped_data->q_start, ...,'
LOSAT/src/algorithm/tblastx/blast_engine/run_impl.rs:3925 src/algo/blast/core/link_hsps.c:1018-1059: 1 line(s) not found, e.g. 'while (H->hsp_link.link[ordering_method]) { ... }'
LOSAT/src/algorithm/tblastx/blast_engine/run_impl.rs:3946 src/algo/blast/blastinput/blast_args.cpp:3265-3273: 1 line(s) not found, e.g. '#endif /* _BLAST_DEBUG */'
LOSAT/src/algorithm/tblastx/blast_engine/run_impl.rs:3987 src/algo/blast/core/blast_engine.c:1411-1497: 2 line(s) not found, e.g. 'while (...) {'
LOSAT/src/algorithm/tblastx/blast_engine/run_impl.rs:4002 src/algo/blast/core/blast_engine.c:1411-1475: 1 line(s) not found, e.g. '   status = s_BlastSearchEngineCore(...);'
LOSAT/src/algorithm/tblastx/blast_engine/run_impl.rs:4020 src/algo/blast/core/blast_engine.c:1411-1475: 1 line(s) not found, e.g. '   status = s_BlastSearchEngineCore(...);'
LOSAT/src/algorithm/tblastx/blast_engine/run_impl.rs:4045 src/algo/blast/api/blast_seqalign.cpp:1569-1577: 1 line(s) not found, e.g. '}'
LOSAT/src/algorithm/tblastx/blast_engine/run_impl.rs:4061 src/algo/blast/core/blast_engine.c:1411-1475: 1 line(s) not found, e.g. '   status = s_BlastSearchEngineCore(...);'
LOSAT/src/algorithm/tblastx/blast_engine/run_impl.rs:4098 src/algo/blast/core/blast_engine.c:1411-1475: 2 line(s) not found, e.g. 'while (...) {'
LOSAT/src/algorithm/tblastx/blast_engine/run_impl.rs:4123 src/algo/blast/core/blast_engine.c:1411-1475: 2 line(s) not found, e.g. 'while (...) {'
LOSAT/src/algorithm/tblastx/blast_engine/run_impl.rs:4145 src/algo/blast/core/blast_engine.c:1411-1475: 2 line(s) not found, e.g. 'while (...) {'
LOSAT/src/algorithm/tblastx/blast_engine/run_impl.rs:4172 src/algo/blast/core/blast_engine.c:1411-1475: 2 line(s) not found, e.g. 'while (...) {'
LOSAT/src/algorithm/tblastx/blast_engine/run_impl.rs:4197 src/algo/blast/api/blast_seqalign.cpp:1569-1577: 1 line(s) not found, e.g. '}'
LOSAT/src/algorithm/tblastx/blast_engine/run_impl.rs:4215 src/algo/blast/core/blast_engine.c:1409-1427: 1 line(s) not found, e.g. '   status = s_BlastSearchEngineCore(...);'
LOSAT/src/algorithm/tblastx/blast_engine/run_impl.rs:4246 src/algo/blast/core/blast_engine.c:1411-1497: 2 line(s) not found, e.g. 'while (...) {'
LOSAT/src/algorithm/tblastx/blast_engine/run_impl.rs:4393 src/algo/blast/core/blast_hits.c:2857-2995: 3 line(s) not found, e.g. 'if (hsp1->subject.end > split_offsets[0]) { ... }'
LOSAT/src/algorithm/tblastx/blast_engine/run_impl.rs:4463 src/algo/blast/core/blast_hits.c:2857-2995: 2 line(s) not found, e.g. '   if (hsp1->subject.end > split_offsets[0]) { ... }'
LOSAT/src/algorithm/tblastx/blast_engine/run_impl.rs:4480 src/algo/blast/core/blast_hits.c:2857-2995: 1 line(s) not found, e.g. '   if (hsp2->subject.offset < split_offsets[0] + chunk_overlap_size) { ... }'
LOSAT/src/algorithm/tblastx/blast_engine/run_impl.rs:4496 src/algo/blast/core/blast_hits.c:1488-1533: 2 line(s) not found, e.g. 'if(hsp1->subject.frame != hsp2->subject.frame) return FALSE;'
LOSAT/src/algorithm/tblastx/blast_engine/run_impl.rs:4518 src/algo/blast/core/blast_hits.c:1488-1533: 1 line(s) not found, e.g. 'if(hsp1->subject.frame != hsp2->subject.frame) return FALSE;'
LOSAT/src/algorithm/tblastx/blast_engine/run_impl.rs:4561 src/algo/blast/core/blast_aascan.c:83-127: 1 line(s) not found, e.g. 'for (s = s_first; s <= s_last; s++) { ... }'
LOSAT/src/algorithm/tblastx/blast_gapalign.rs:249 src/algo/blast/core/blast_gapalign.c:4760-4767: 1 line(s) not found, e.g. '              init_hsp->offsets.qs_offsets.s_off, ...);'
LOSAT/src/algorithm/tblastx/blast_gapalign.rs:316 src/algo/blast/core/blast_gapalign.c:4756-4768: 2 line(s) not found, e.g. 'Blast_HSPInit(...,'
LOSAT/src/algorithm/tblastx/blast_gapalign.rs:329 src/algo/blast/core/blast_gapalign.c:4719-4724: 3 line(s) not found, e.g. 'for (index=0;index<init_hsp_array->total;index++) {'
LOSAT/src/algorithm/tblastx/blast_gapalign.rs:373 src/algo/blast/core/blast_hits.c:1330-1353: 1 line(s) not found, e.g. '}'
LOSAT/src/algorithm/tblastx/blast_gapalign.rs:382 src/algo/blast/core/blast_hits.c:1349-1369: 3 line(s) not found, e.g. 'if (!Blast_HSPListIsSortedByScore(hsp_list)) {'
LOSAT/src/algorithm/tblastx/blast_gapalign.rs:395 src/algo/blast/core/blast_hits.c:1330-1353: 2 line(s) not found, e.g. 'int ScoreCompareHSPs(const void* h1, const void* h2)'
LOSAT/src/algorithm/tblastx/blast_gapalign.rs:421 src/algo/blast/core/blast_hits.c:1366-1377: 2 line(s) not found, e.g. 'qsort(hsp_list->hsp_array, hsp_list->hspcnt, sizeof(BlastHSP*),'
LOSAT/src/algorithm/tblastx/blast_gapalign.rs:618 src/algo/blast/core/blast_hits.c:1355-1369: 2 line(s) not found, e.g. 'if (!Blast_HSPListIsSortedByScore(hsp_list)) {'
LOSAT/src/algorithm/tblastx/sum_stats_linking/linking.rs:13 include/algo/blast/blastinput/blast_args.hpp:1290-1296: 3 line(s) not found, e.g. 'CMTArgs(...)'
LOSAT/src/algorithm/tblastx/sum_stats_linking/linking.rs:200 src/algo/blast/core/link_hsps.c:331-375: 4 line(s) not found, e.g. 'static int s_RevCompareHSPsTbx(const void *v1, const void *v2)'
LOSAT/src/algorithm/tblastx/sum_stats_linking/linking.rs:221 src/algo/blast/core/link_hsps.c:234-263: 4 line(s) not found, e.g. 'static int s_RevCompareHSPsTransl(const void *v1, const void *v2)'
LOSAT/src/algorithm/tblastx/sum_stats_linking/linking.rs:238 src/algo/blast/core/link_hsps.c:157-186: 4 line(s) not found, e.g. 'static int s_FwdCompareHSPsTransl(const void* v1, const void* v2)'
LOSAT/src/algorithm/tblastx/sum_stats_linking/linking.rs:513 src/algo/blast/core/link_hsps.c:553-558: 1 line(s) not found, e.g. '}'
LOSAT/src/algorithm/tblastx/sum_stats_linking/linking.rs:533 src/algo/blast/core/link_hsps.c:553-558: 1 line(s) not found, e.g. '}'
LOSAT/src/algorithm/tblastx/sum_stats_linking/linking.rs:618 src/algo/blast/core/link_hsps.c:750-752: 2 line(s) not found, e.g. 'new_xsum = H_hsp_xsum + H->hsp->score * kbp[H->hsp->context]->Lambda'
LOSAT/src/algorithm/tblastx/sum_stats_linking/linking.rs:673 src/algo/blast/core/link_hsps.c:553-558: 1 line(s) not found, e.g. '}'
LOSAT/src/algorithm/tblastx/sum_stats_linking/linking.rs:749 src/algo/blast/core/link_hsps.c:553-558: 1 line(s) not found, e.g. '}'
LOSAT/src/algorithm/tblastx/sum_stats_linking/linking.rs:1164 src/algo/blast/core/link_hsps.c:483-559: 3 line(s) not found, e.g. 'qsort(link_hsp_array, total_number_of_hsps, sizeof(LinkHSPStruct*),'
LOSAT/src/algorithm/tblastx/sum_stats_linking/linking.rs:1705 src/algo/blast/core/link_hsps.c:750-752: 2 line(s) not found, e.g. 'new_xsum = H_hsp_xsum + H->hsp->score * kbp[H->hsp->context]->Lambda'
LOSAT/src/algorithm/tblastx/sum_stats_linking/linking.rs:1888 src/algo/blast/core/link_hsps.c:866-867: 2 line(s) not found, e.g. 'new_xsum = H_hsp_xsum + H->hsp->score * kbp[H->hsp->context]->Lambda'
LOSAT/src/algorithm/tblastx/sum_stats_linking/linking.rs:2263 src/algo/blast/core/link_hsps.c:901-982: 2 line(s) not found, e.g. 'prob[0] = BLAST_SmallGapSumE(...);'
LOSAT/src/algorithm/tblastx/sum_stats_linking/linking.rs:2388 src/algo/blast/core/link_hsps.c:901-952: 2 line(s) not found, e.g. 'prob[0] = BLAST_SmallGapSumE(...);'
LOSAT/src/algorithm/tblastx/ungapped_hit_sort.rs:88 src/algo/blast/core/blast_hits.c:1347-1355: 1 line(s) not found, e.g. '    0 == (result = BLAST_CMP(hsp1->query.offset,   hsp2->query.offset))) {'
LOSAT/src/blastinput/value_parsers.rs:5 src/algo/blast/blastinput/blast_args.cpp:410-420: 4 line(s) not found, e.g. 'if (dust_opts == kDfltArgNoFiltering) { opt.SetDustFiltering(false); }'
LOSAT/src/blastinput/value_parsers.rs:424 src/algo/blast/blastinput/cmdline_flags.cpp:46-50: 1 line(s) not found, e.g. 'const string kArgSubject("subject");'
LOSAT/src/cli.rs:55 src/algo/blast/blastinput/blast_args.cpp:166-349: 3 line(s) not found, e.g. 'arg_desc.AddOptionalKey(kArgWordSize, "int_value", description, CArgDescriptions::eInteger);'
LOSAT/src/cli.rs:156 src/algo/blast/blastinput/cmdline_flags.cpp:46-94: 2 line(s) not found, e.g. 'const string kArgWordSize("word_size");'
LOSAT/src/cli.rs:184 src/algo/blast/blastinput/tblastn_args.cpp:64-129: 1 line(s) not found, e.g. 'm_BlastDbArgs.Reset(new CBlastDatabaseArgs);'
LOSAT/src/common.rs:102 include/algo/blast/core/blast_hits.h:125-143: 2 line(s) not found, e.g. '   Int4 num_positives;'
LOSAT/src/common.rs:145 include/algo/blast/core/blast_hits.h:125-143: 1 line(s) not found, e.g. '} BlastHSP;'
LOSAT/src/common.rs:152 src/algo/blast/core/blast_gapalign.c:2384-2388: 1 line(s) not found, e.g. '}'
LOSAT/src/common.rs:174 include/algo/blast/core/blast_hits.h:125-143: 3 line(s) not found, e.g. '   Int4 num_positives;'
LOSAT/src/common.rs:212 src/algo/blast/core/blast_hits.c:746-824: 6 line(s) not found, e.g. 's_Blast_HSPGetNumIdentitiesAndPositives(..., Int4* num_ident_ptr, ...,'
LOSAT/src/common.rs:304 src/algo/blast/core/blast_hits.c:1347-1353: 1 line(s) not found, e.g. '}'
LOSAT/src/common.rs:370 src/algo/blast/core/blast_hits.c:1415-1434: 2 line(s) not found, e.g. 'static int'
LOSAT/src/common.rs:757 src/algo/blast/core/blast_hits.c:3383-3400: 1 line(s) not found, e.g. '      if (hit_list != NULL && hit_list->hsplist_count > 1) {'
LOSAT/src/common.rs:878 src/algo/blast/core/blast_hits.c:1374-1381: 4 line(s) not found, e.g. 'if (hsp_list != NULL && hsp_list->hspcnt > 1'
LOSAT/src/common.rs:906 src/algo/blast/core/blast_hits.c:3098-3104: 4 line(s) not found, e.g. 'if ((retval = s_EvalueComp(h1->best_evalue, h2->best_evalue)) != 0)'
LOSAT/src/common.rs:1040 src/algo/blast/core/blast_hits.c:1347-1355: 1 line(s) not found, e.g. '    0 == (result = BLAST_CMP(hsp1->query.offset,   hsp2->query.offset))) {'
LOSAT/src/common.rs:1049 src/algo/blast/core/blast_hits.c:3095-3106: 3 line(s) not found, e.g. 'if ((retval = s_EvalueComp(h1->best_evalue, h2->best_evalue)) != 0)'
LOSAT/src/report/pairwise.rs:150 src/algo/blast/format/blast_format.cpp:2248-2285: 3 line(s) not found, e.g. '          << options.GetWordThreshold() << "\\n";'
LOSAT/src/report/pairwise.rs:277 src/objtools/align_format/showalign.cpp:3578-3604: 2 line(s) not found, e.g. 'out << " Score = " << bit_score'
LOSAT/src/report/pairwise.rs:1021 src/algo/blast/format/blastfmtutil.cpp:73-111: 2 line(s) not found, e.g. 'if (m_Program == "psiblast" || m_Program == "blastp") {'
LOSAT/src/report/pairwise.rs:1028 src/algo/blast/api/version.cpp:46-69: 2 line(s) not found, e.g. '"Stephen F. Altschul, Thomas L. Madden, Alejandro A. Schaffer, ..."'
LOSAT/src/report/pairwise.rs:1082 src/algo/blast/format/blastfmtutil.cpp:125-138: 3 line(s) not found, e.g. 'out << "           " << NStr::IntToString(nNumSeqs,NStr::fWithCommas)'
LOSAT/src/report/pairwise.rs:1281 src/algo/blast/format/blast_format.cpp:445-477: 3 line(s) not found, e.g. '    CBlastFormatUtil::PrintKAParameters(..., false, gbp);'
LOSAT/src/report/pairwise.rs:1413 src/objtools/align_format/align_format_util.cpp:503-579: 2 line(s) not found, e.g. 'out << NStr::Int8ToString(dbinfo->total_length, NStr::fWithCommas) << "\\n";'
LOSAT/src/report/pairwise.rs:1423 src/algo/blast/format/blast_format.cpp:2258-2285: 3 line(s) not found, e.g. '        << options.GetWordThreshold() << "\\n";'
LOSAT/src/report/pairwise.rs:1494 src/algo/blast/format/blast_format.cpp:372-424: 3 line(s) not found, e.g. 'CBlastFormatUtil::BlastPrintVersionInfo(m_Program, m_IsHTML, m_Outfile);'
LOSAT/src/report/pairwise.rs:1943 src/algo/blast/format/blast_format.cpp:451-478: 3 line(s) not found, e.g. '        CBlastFormatUtil::PrintKAParameters(kbp_ungap->Lambda, kbp_ungap->K,'
LOSAT/src/report/pairwise.rs:2926 src/objtools/align_format/showalign.cpp:1408-1469: 1 line(s) not found, e.g. 'void CDisplaySeqalign::x_DisplayRowData(SAlnRowInfo *alnRoInfo, CNcbiOstream& out)'
LOSAT/src/report/pairwise.rs:2949 src/algo/blast/format/blast_format.cpp:790-803: 1 line(s) not found, e.g. 'tabinfo.PrintHeader(..., dbname, ...);'
LOSAT/src/report/pairwise.rs:2979 src/objtools/align_format/showalign.cpp:2278-2315: 1 line(s) not found, e.g. 'string CDisplaySeqalign::x_PrintDefLine(...)'
LOSAT/src/utils/seg.rs:94 src/algo/blast/core/blast_seg.c:1324-2217: 2 line(s) not found, e.g. 'typedef struct Alpha {'
LOSAT/src/utils/seg.rs:148 src/algo/blast/core/blast_seg.c:1335-1705: 1 line(s) not found, e.g. 'typedef struct SSequence {'
LOSAT/src/utils/seg.rs:288 src/algo/blast/core/blast_seg.c:1631-1657: 3 line(s) not found, e.g. 'for (;;) {'
LOSAT/src/utils/seg.rs:614 src/algo/blast/core/blast_seg.c:1541-1780: 2 line(s) not found, e.g. 'if (win->bogus > maxbogus) { H[i] = -1.; ... }'
LOSAT/src/utils/seg.rs:630 src/algo/blast/core/blast_seg.c:1745-1803: 3 line(s) not found, e.g. 'for (i=first; i<=last; i++) {'
LOSAT/src/utils/seg.rs:763 src/algo/blast/core/blast_seg.c:1987-2007: 8 line(s) not found, e.g. 'lend = 0;'
LOSAT/src/utils/seg.rs:891 src/algo/blast/core/blast_seg.c:2104-2108: 1 line(s) not found, e.g. '*segs = seg;'
LOSAT/src/utils/seg.rs:915 src/algo/blast/core/blast_filter.c:1142-1154: 2 line(s) not found, e.g. 'status = SeqBufferSeg(sequence, length, offset, sparamsp,'
LOSAT/src/utils/seg.rs:923 src/algo/blast/core/blast_seg.c:2125-2149: 2 line(s) not found, e.g. 'if (sparamsp->overlaps)'
LOSAT/src/utils/seg.rs:930 src/algo/blast/core/blast_seg.c:2300-2319: 1 line(s) not found, e.g. 's_SegsToBlastSeqLoc(segs, offset, seg_locs);'
LOSAT/src/utils/seg.rs:1113 src/algo/blast/core/blast_kappa.c:1000-1004: 4 line(s) not found, e.g. "/** NCBIstdaa encoding for 'X' character */"
LOSAT/src/utils/seg.rs:1142 src/algo/blast/core/blast_kappa.c:1000-1004: 4 line(s) not found, e.g. "/** NCBIstdaa encoding for 'X' character */"
LOSAT/src/utils/seg.rs:1174 src/algo/blast/core/blast_kappa.c:1000-1004: 4 line(s) not found, e.g. "/** NCBIstdaa encoding for 'X' character */"
LOSAT/src/utils/seg.rs:1211 src/algo/blast/core/blast_kappa.c:1415-1438: 2 line(s) not found, e.g. '                    EBlastProgramType program,'
LOSAT/src/utils/seg.rs:1249 src/algo/blast/core/blast_filter.c:337-370: 3 line(s) not found, e.g. 'BlastSetUp_Filter(..., query_blk, ...);'
LOSAT/src/utils/seg.rs:1277 src/algo/blast/core/blast_filter.c:337-370: 3 line(s) not found, e.g. 'BlastSetUp_Filter(..., query_blk, ...);'
LOSAT/src/utils/seg.rs:1314 src/algo/blast/core/blast_filter.c:337-370: 3 line(s) not found, e.g. 'BlastSetUp_Filter(..., query_blk, ...);'
LOSAT/src/utils/seg.rs:1424 src/algo/blast/core/blast_kappa.c:1415-1438: 2 line(s) not found, e.g. '                    EBlastProgramType program,'
LOSAT/src/web_api.rs:29 src/algo/blast/api/blast_setup_cxx.cpp:606-617: 2 line(s) not found, e.g. 'sequence = queries.GetBlastSequence(index, encoding,'
LOSAT/src/web_api.rs:38 src/algo/blast/core/blast_engine.c:1407-1427: 1 line(s) not found, e.g. 'while ((seq_arg.oid = BlastSeqSrcIteratorNext(seq_src, itr)) != BLAST_SEQSRC_EOF) {'
LOSAT/src/web_api.rs:161 src/algo/blast/api/blast_setup_cxx.cpp:486-651: 2 line(s) not found, e.g. 'SetupQueries_OMF(IBlastQuerySource& queries,'
LOSAT/src/web_api.rs:179 src/algo/blast/blastinput/cmdline_flags.cpp:46-94: 2 line(s) not found, e.g. 'const string kArgOutputFormat("outfmt");'
LOSAT/src/web_api.rs:213 src/algo/blast/blastinput/blast_args.cpp:3205-3222: 1 line(s) not found, e.g. '} else {'
LOSAT/src/web_api.rs:336 src/algo/blast/blastinput/tblastx_args.cpp:66-118: 1 line(s) not found, e.g. 'arg.Reset(new CFormattingArgs);'
LOSAT/src/web_api.rs:424 src/algo/blast/blastinput/blast_args.cpp:825-886: 5 line(s) not found, e.g. "case '0': case 'F': case 'f': compo_mode = eNoCompositionBasedStats; break;"
LOSAT/src/web_api.rs:458 src/algo/blast/blastinput/blastp_args.cpp:71-115: 2 line(s) not found, e.g. 'arg.Reset(new CGenericSearchArgs(kQueryIsProtein, false, false, false, false, true));'
LOSAT/src/web_api.rs:664 src/algo/blast/api/blast_setup_cxx.cpp:486-651: 2 line(s) not found, e.g. 'SetupQueries_OMF(IBlastQuerySource& queries,'
LOSAT/src/web_api.rs:687 src/algo/blast/blastinput/blastp_args.cpp:71-115: 1 line(s) not found, e.g. 'arg.Reset(new CFormattingArgs);'
LOSAT/src/web_api.rs:745 src/algo/blast/api/blast_setup_cxx.cpp:606-617: 2 line(s) not found, e.g. 'sequence = queries.GetBlastSequence(index, encoding,'
LOSAT/src/web_api.rs:754 src/algo/blast/core/blast_engine.c:1407-1427: 1 line(s) not found, e.g. 'while ((seq_arg.oid = BlastSeqSrcIteratorNext(seq_src, itr)) != BLAST_SEQSRC_EOF) {'
LOSAT/src/web_api.rs:848 src/algo/blast/api/blast_setup_cxx.cpp:486-651: 2 line(s) not found, e.g. 'SetupQueries_OMF(IBlastQuerySource& queries,'
LOSAT/src/web_api.rs:883 src/algo/blast/core/blast_engine.c:1407-1427: 1 line(s) not found, e.g. 'while ((seq_arg.oid = BlastSeqSrcIteratorNext(seq_src, itr)) != BLAST_SEQSRC_EOF) {'
LOSAT/src/web_api.rs:1039 src/algo/blast/api/blast_setup_cxx.cpp:486-651: 2 line(s) not found, e.g. 'SetupQueries_OMF(IBlastQuerySource& queries,'
LOSAT/src/web_api.rs:1144 src/algo/blast/core/blast_engine.c:1407-1427: 1 line(s) not found, e.g. 'while ((seq_arg.oid = BlastSeqSrcIteratorNext(seq_src, itr)) != BLAST_SEQSRC_EOF) {'
LOSAT/tests/run_local_tblastn.rs:69 src/algo/blast/format/blast_format.cpp:1443-1451: 1 line(s) not found, e.g. 'if (results.HasWarnings()) ERR_POST(Warning << results.GetWarningStrings());'
LOSAT/tests/unit/tblastx/run_engine.rs:88 src/algo/blast/blastinput/blast_args.cpp:3265-3273: 1 line(s) not found, e.g. '#endif /* _BLAST_DEBUG */'
LOSAT/tests/unit/tblastx/run_engine.rs:176 src/algo/blast/core/blast_engine.c:452-584: 1 line(s) not found, e.g. 'status = Blast_HSPListsMerge(&hsp_list, &combined_hsp_list, ...);'
LOSAT/tests/unit/tblastx/run_engine.rs:277 src/algo/blast/core/aa_ungapped.c:614-614: 1 line(s) not found, e.g. '/* increment the offset in the diagonal array */'
LOSAT/tests/unit/tblastx/run_engine.rs:299 src/algo/blast/core/blast_engine.c:452-584: 1 line(s) not found, e.g. 'aux_struct->WordFinder(..., init_hitlist, ...);'
exit 0
