
## ---------------- ##
## Cache variables. ##
## ---------------- ##

_cv_gnu_make_command=make
ac_cv_build=x86_64-unknown-linux-gnu
ac_cv_build_objext=o
ac_cv_build_prog_CPP='gcc -E'
ac_cv_build_prog_cc_c89=
ac_cv_build_prog_cc_g=yes
ac_cv_c_bigendian=no
ac_cv_c_char_unsigned=no
ac_cv_c_compiler_gnu=yes
ac_cv_c_const=yes
ac_cv_cxx_compiler_gnu=yes
ac_cv_env_CCC_set=
ac_cv_env_CCC_value=
ac_cv_env_CC_set=
ac_cv_env_CC_value=
ac_cv_env_CFLAGS_set=
ac_cv_env_CFLAGS_value=
ac_cv_env_CPPFLAGS_set=set
ac_cv_env_CPPFLAGS_value=-I/home/kawato/micromamba/include
ac_cv_env_CPP_set=
ac_cv_env_CPP_value=
ac_cv_env_CXXCPP_set=
ac_cv_env_CXXCPP_value=
ac_cv_env_CXXFLAGS_set=
ac_cv_env_CXXFLAGS_value=
ac_cv_env_CXX_set=
ac_cv_env_CXX_value=
ac_cv_env_LDFLAGS_set=set
ac_cv_env_LDFLAGS_value=-L/home/kawato/micromamba/lib
ac_cv_env_LIBS_set=
ac_cv_env_LIBS_value=
ac_cv_env_XMKMF_set=
ac_cv_env_XMKMF_value=
ac_cv_env_build_alias_set=
ac_cv_env_build_alias_value=
ac_cv_env_host_alias_set=
ac_cv_env_host_alias_value=
ac_cv_env_target_alias_set=
ac_cv_env_target_alias_value=
ac_cv_func_FCGX_Accept_r=no
ac_cv_func___builtin_mul_overflow=no
ac_cv_func__doprnt=no
ac_cv_func_accept4=yes
ac_cv_func_alarm=yes
ac_cv_func_alloca_works=yes
ac_cv_func_asprintf=yes
ac_cv_func_atoll=yes
ac_cv_func_basename=yes
ac_cv_func_bcopy=yes
ac_cv_func_clock_gettime=yes
ac_cv_func_daemon=yes
ac_cv_func_dbopen=no
ac_cv_func_erf=yes
ac_cv_func_error_message=yes
ac_cv_func_euidaccess=yes
ac_cv_func_eventfd=yes
ac_cv_func_execvpe=yes
ac_cv_func_freehostent=no
ac_cv_func_fseeko=yes
ac_cv_func_fstat=yes
ac_cv_func_getaddrinfo=yes
ac_cv_func_getgrouplist=yes
ac_cv_func_gethostent_r=yes
ac_cv_func_gethrtime=no
ac_cv_func_getipnodebyaddr=no
ac_cv_func_getipnodebyname=no
ac_cv_func_getloadavg=yes
ac_cv_func_getnameinfo=yes
ac_cv_func_getopt=yes
ac_cv_func_getpagesize=yes
ac_cv_func_getpass=yes
ac_cv_func_getpassphrase=no
ac_cv_func_getpwuid=yes
ac_cv_func_getrusage=yes
ac_cv_func_gettimeofday=yes
ac_cv_func_getuid=yes
ac_cv_func_inet_ntoa_r=no
ac_cv_func_inet_ntop=yes
ac_cv_func_lchown=yes
ac_cv_func_localtime_r=yes
ac_cv_func_lutimes=yes
ac_cv_func_mallinfo2=yes
ac_cv_func_mallinfo=yes
ac_cv_func_malloc_options=no
ac_cv_func_memfd_create=yes
ac_cv_func_memmove=yes
ac_cv_func_memrchr=yes
ac_cv_func_mkostemp=yes
ac_cv_func_nanosleep=yes
ac_cv_func_nl_langinfo=yes
ac_cv_func_pipe2=yes
ac_cv_func_poll=yes
ac_cv_func_pthread_atfork=yes
ac_cv_func_pthread_cond_timedwait_relative_np=no
ac_cv_func_pthread_condattr_setclock=yes
ac_cv_func_pthread_setconcurrency=yes
ac_cv_func_putenv=yes
ac_cv_func_readpassphrase=no
ac_cv_func_readv=yes
ac_cv_func_realpath=yes
ac_cv_func_sched_yield=yes
ac_cv_func_secure_getenv=yes
ac_cv_func_select=yes
ac_cv_func_setenv=yes
ac_cv_func_setitimer=yes
ac_cv_func_setrlimit=yes
ac_cv_func_snprintf=yes
ac_cv_func_socketpair=yes
ac_cv_func_sqlite3_unlock_notify=yes
ac_cv_func_statfs=yes
ac_cv_func_statvfs=yes
ac_cv_func_strcasecmp=yes
ac_cv_func_strdup=yes
ac_cv_func_strerror=yes
ac_cv_func_strlcat=yes
ac_cv_func_strlcpy=yes
ac_cv_func_strndup=yes
ac_cv_func_strnlen=yes
ac_cv_func_strsep=yes
ac_cv_func_strtok_r=yes
ac_cv_func_sysmp=no
ac_cv_func_timegm=yes
ac_cv_func_usleep=yes
ac_cv_func_utimes=yes
ac_cv_func_vasprintf=yes
ac_cv_func_vprintf=yes
ac_cv_func_vsnprintf=yes
ac_cv_func_which_localtime_r=struct
ac_cv_func_writev=yes
ac_cv_have_decl_CLOCK_MONOTONIC=yes
ac_cv_have_decl_CLOCK_REALTIME=yes
ac_cv_have_decl_CLOCK_SGI_CYCLE=no
ac_cv_have_decl__LIBCPP_VERSION=no
ac_cv_have_decl_abi____cxa_demangle=yes
ac_cv_have_x=have_x=no
ac_cv_header_Accelerate_Accelerate_h=no
ac_cv_header_arpa_inet_h=yes
ac_cv_header_atomic_h=no
ac_cv_header_backward_hpp=no
ac_cv_header_clapack_h=no
ac_cv_header_com_err_h=yes
ac_cv_header_cpuid_h=yes
ac_cv_header_cxxabi_h=yes
ac_cv_header_dirent_h=yes
ac_cv_header_dlfcn_h=yes
ac_cv_header_errno_h=yes
ac_cv_header_fcntl_h=yes
ac_cv_header_fstream=yes
ac_cv_header_fstream_h=no
ac_cv_header_getopt_h=yes
ac_cv_header_gsl_gsl=no
ac_cv_header_ieeefp_h=no
ac_cv_header_inttypes_h=yes
ac_cv_header_iostream=yes
ac_cv_header_iostream_h=no
ac_cv_header_langinfo_h=yes
ac_cv_header_lapacke_h=no
ac_cv_header_lapacke_lapacke_h=no
ac_cv_header_libgen_h=yes
ac_cv_header_limits=yes
ac_cv_header_limits_h=yes
ac_cv_header_locale_h=yes
ac_cv_header_malloc_h=yes
ac_cv_header_memory_h=yes
ac_cv_header_minix_config_h=no
ac_cv_header_net_inet_in_h=no
ac_cv_header_netdb_h=yes
ac_cv_header_netinet_in_h=yes
ac_cv_header_netinet_tcp_h=yes
ac_cv_header_omp_h=yes
ac_cv_header_paths_h=yes
ac_cv_header_poll_h=yes
ac_cv_header_roken_h=no
ac_cv_header_select_h=no
ac_cv_header_signal_h=yes
ac_cv_header_sqlite3async_h=no
ac_cv_header_stdbool_h=yes
ac_cv_header_stdc=yes
ac_cv_header_stddef_h=yes
ac_cv_header_stdint_h=yes
ac_cv_header_stdio_h=yes
ac_cv_header_stdlib_h=yes
ac_cv_header_string_h=yes
ac_cv_header_strings_h=yes
ac_cv_header_strstrea_h=no
ac_cv_header_strstream=yes
ac_cv_header_strstream_h=no
ac_cv_header_sys_epoll_h=yes
ac_cv_header_sys_eventfd_h=yes
ac_cv_header_sys_file_h=yes
ac_cv_header_sys_ioctl_h=yes
ac_cv_header_sys_mount_h=yes
ac_cv_header_sys_param_h=yes
ac_cv_header_sys_resource_h=yes
ac_cv_header_sys_select_h=yes
ac_cv_header_sys_socket_h=yes
ac_cv_header_sys_sockio_h=no
ac_cv_header_sys_stat_h=yes
ac_cv_header_sys_statvfs_h=yes
ac_cv_header_sys_sysinfo_h=yes
ac_cv_header_sys_sysmacros_h=yes
ac_cv_header_sys_time_h=yes
ac_cv_header_sys_types_h=yes
ac_cv_header_sys_vfs_h=yes
ac_cv_header_sys_wait_h=yes
ac_cv_header_time=yes
ac_cv_header_unistd_h=yes
ac_cv_header_valgrind_memcheck_h=yes
ac_cv_header_wchar_h=yes
ac_cv_header_windows_h=no
ac_cv_header_x86intrin_h=yes
ac_cv_host=x86_64-unknown-linux-gnu
ac_cv_lib_Xext_XextCreateExtension=yes
ac_cv_lib_Xmu_XmuMakeAtom=no
ac_cv_lib_Xt_XtMainLoop=no
ac_cv_lib_resolv_res_search=yes
ac_cv_member_struct_sockaddr_in_sin_len=no
ac_cv_member_struct_tm___tm_zone=no
ac_cv_member_struct_tm_tm_zone=yes
ac_cv_objext=o
ac_cv_path_AWK=/usr/bin/gawk
ac_cv_path_BASENAME=/usr/bin/basename
ac_cv_path_CURL_CONFIG=/home/kawato/micromamba/bin/curl-config
ac_cv_path_DPKG_ARCHITECTURE=/usr/bin/dpkg-architecture
ac_cv_path_EGREP='/usr/bin/grep -E'
ac_cv_path_GREP=/usr/bin/grep
ac_cv_path_GRPC_CPP_PLUGIN=/home/kawato/micromamba/bin/grpc_cpp_plugin
ac_cv_path_KRB5_CONFIG=/home/kawato/micromamba/bin/krb5-config
ac_cv_path_LDD=/bin/ldd
ac_cv_path_LIBGCRYPT_CONFIG=no
ac_cv_path_LIBGNUTLS_CONFIG=no
ac_cv_path_MAKE=/usr/bin/make
ac_cv_path_PERL=/bin/perl
ac_cv_path_PROTOC=/home/kawato/micromamba/bin/protoc
ac_cv_path_PYTHON3=/home/kawato/micromamba/bin/python3
ac_cv_path_PYTHON=/home/kawato/micromamba/bin/python
ac_cv_path_SED=/usr/bin/sed
ac_cv_path_TAIL=/usr/bin/tail
ac_cv_path_TOUCH=/bin/touch
ac_cv_path_UUIDGEN=/usr/bin/uuidgen
ac_cv_path_XSLTPROC=/home/kawato/micromamba/bin/xsltproc
ac_cv_path_freetype_config=/home/kawato/micromamba/bin/freetype-config
ac_cv_path_install='/usr/bin/install -c'
ac_cv_prog_AR='ar cr'
ac_cv_prog_AWK=gawk
ac_cv_prog_CPP='gcc -E'
ac_cv_prog_CXXCPP='/usr/bin/g++  -std=gnu++20 -msse4.2 -E'
ac_cv_prog_STRIP=strip
ac_cv_prog_VALGRIND_PATH=valgrind
ac_cv_prog_ac_ct_CC=gcc
ac_cv_prog_ac_ct_CC_FOR_BUILD=gcc
ac_cv_prog_ac_ct_CXX=g++
ac_cv_prog_ac_ct_RANLIB=ranlib
ac_cv_prog_cc_c89=
ac_cv_prog_cc_g=yes
ac_cv_prog_cxx_g=yes
ac_cv_safe_to_define___extensions__=yes
ac_cv_search_clock_gettime='none required'
ac_cv_search_connect='none required'
ac_cv_search_cplus_demangle=no
ac_cv_search_dlopen='none required'
ac_cv_search_fuse_loop=no
ac_cv_search_gethostbyname='none required'
ac_cv_search_iconv=-liconv
ac_cv_search_kstat_open=no
ac_cv_search_rstat=no
ac_cv_search_setkey=no
ac_cv_search_uuid_generate=-luuid
ac_cv_sizeof___int64=0
ac_cv_sizeof_char=1
ac_cv_sizeof_double=8
ac_cv_sizeof_float=4
ac_cv_sizeof_int=4
ac_cv_sizeof_long=8
ac_cv_sizeof_long_double=16
ac_cv_sizeof_long_long=8
ac_cv_sizeof_short=2
ac_cv_sizeof_size_t=8
ac_cv_sizeof_voidp=8
ac_cv_sizeof_wchar_t=4
ac_cv_type_intptr_t=yes
ac_cv_type_signal=void
ac_cv_type_size_t=yes
ac_cv_type_socklen_t=yes
ac_cv_type_uintptr_t=yes
ac_cv_type_union_semun=no
ac_cv_type_wstring_linkable=yes
ac_cv_working_alloca_h=yes
am_cv_proto_iconv='extern size_t iconv (iconv_t cd, char * *inbuf, size_t *inbytesleft, char * *outbuf, size_t *outbytesleft);'
am_cv_proto_iconv_arg1=
ax_cv_gnu_make_command=make
ncbi_cv_c_attribute_visibility_default=unnecessary
ncbi_cv_c_forceinline='inline __attribute__((always_inline))'
ncbi_cv_c_restrict=__restrict__
ncbi_cv_c_stdio_locked=yes
ncbi_cv_c_tls_var=__thread
ncbi_cv_cc_aes=yes
ncbi_cv_cc_fdiagnostics_color_always=yes
ncbi_cv_cc_sse4_1=yes
ncbi_cv_cc_unsafe_math=yes
ncbi_cv_cc_vector_math=yes
ncbi_cv_cpp_gnu_varargs=yes
ncbi_cv_cpp_std_varargs=yes
ncbi_cv_cxx_builtin_bswap32=yes
ncbi_cv_cxx_builtin_expect=yes
ncbi_cv_cxx_restrict=__restrict__
ncbi_cv_cxx_throw_spec=yes
ncbi_cv_decl_fionbio_needs_bsd_comp=no
ncbi_cv_decl_inaddr_none=yes
ncbi_cv_func_gethostbyaddr_r=8
ncbi_cv_func_gethostbyname_r=6
ncbi_cv_func_getlogin_r=yes
ncbi_cv_func_getpwuid_r=5
ncbi_cv_func_getservbyname_r=6
ncbi_cv_func_ios_register_callback=yes
ncbi_cv_func_pthread_mutex=yes
ncbi_cv_func_readdir_r=3
ncbi_cv_func_select_updates_timeout=yes
ncbi_cv_func_strcasecmp_lc=yes
ncbi_cv_func_sysinfo_1=yes
ncbi_cv_lib_apache_arrow=yes
ncbi_cv_lib_atomic64='none required'
ncbi_cv_lib_avro=no
ncbi_cv_lib_aws_sdk=no
ncbi_cv_lib_berkeley_db=no
ncbi_cv_lib_boost_chrono=no
ncbi_cv_lib_boost_filesystem=no
ncbi_cv_lib_boost_iostreams=no
ncbi_cv_lib_boost_program_options=no
ncbi_cv_lib_boost_regex=no
ncbi_cv_lib_boost_serialization=no
ncbi_cv_lib_boost_spirit=no
ncbi_cv_lib_boost_system=no
ncbi_cv_lib_boost_test=no
ncbi_cv_lib_boost_thread=no
ncbi_cv_lib_bz2=yes
ncbi_cv_lib_cassandra=no
ncbi_cv_lib_cereal=no
ncbi_cv_lib_cppkafka=no
ncbi_cv_lib_crc32c=yes
ncbi_cv_lib_ctools=no
ncbi_cv_lib_curl=yes
ncbi_cv_lib_cxx20_format=yes
ncbi_cv_lib_drmaa2=no
ncbi_cv_lib_expat=yes
ncbi_cv_lib_fastcgipp=no
ncbi_cv_lib_fcgi=no
ncbi_cv_lib_freetds=no
ncbi_cv_lib_freetype=yes
ncbi_cv_lib_freetype_fix_include=no
ncbi_cv_lib_ftgl=no
ncbi_cv_lib_gif=no
ncbi_cv_lib_gmock=no
ncbi_cv_lib_gmp=no
ncbi_cv_lib_google_cloud=no
ncbi_cv_lib_grpc=yes
ncbi_cv_lib_gsoap=no
ncbi_cv_lib_h2o=no
ncbi_cv_lib_hdf5=no
ncbi_cv_lib_hiredis=no
ncbi_cv_lib_icu=yes
ncbi_cv_lib_influxdb=no
ncbi_cv_lib_jaeger=no
ncbi_cv_lib_jpeg=yes
ncbi_cv_lib_krb5=yes
ncbi_cv_lib_lapack=yes
ncbi_cv_lib_leveldb=no
ncbi_cv_lib_libdw=no
ncbi_cv_lib_libexslt=yes
ncbi_cv_lib_librdkafka=no
ncbi_cv_lib_libssh2=yes
ncbi_cv_lib_libssh=no
ncbi_cv_lib_liburing=no
ncbi_cv_lib_libuv=yes
ncbi_cv_lib_libxlsxwriter=no
ncbi_cv_lib_libxml=yes
ncbi_cv_lib_libxslt=yes
ncbi_cv_lib_lmdb=no
ncbi_cv_lib_lzo=yes
ncbi_cv_lib_magic=no
ncbi_cv_lib_mimetic=no
ncbi_cv_lib_mongodb3=no
ncbi_cv_lib_mongodb=no
ncbi_cv_lib_muparser=no
ncbi_cv_lib_ncbicrypt=no
ncbi_cv_lib_nettle=no
ncbi_cv_lib_nghttp2=yes
ncbi_cv_lib_nlohmann_json=yes
ncbi_cv_lib_oechem=no
ncbi_cv_lib_opengl=no
ncbi_cv_lib_openssl=yes
ncbi_cv_lib_opentelemetry=yes
ncbi_cv_lib_opentracing=no
ncbi_cv_lib_orbacus=no
ncbi_cv_lib_pcre2=yes
ncbi_cv_lib_pcre=no
ncbi_cv_lib_perl=no
ncbi_cv_lib_png=yes
ncbi_cv_lib_protobuf=yes
ncbi_cv_lib_python25=no
ncbi_cv_lib_python26=no
ncbi_cv_lib_python27=no
ncbi_cv_lib_python3=yes
ncbi_cv_lib_python=yes
ncbi_cv_lib_rocksdb=no
ncbi_cv_lib_sablot=no
ncbi_cv_lib_sasl2=yes
ncbi_cv_lib_sge=no
ncbi_cv_lib_sqlite3=yes
ncbi_cv_lib_sybase=no
ncbi_cv_lib_thrift=yes
ncbi_cv_lib_tiff=yes
ncbi_cv_lib_ungif=no
ncbi_cv_lib_wxwidgets=no
ncbi_cv_lib_xalan_c=no
ncbi_cv_lib_xerces_c=no
ncbi_cv_lib_xpm=no
ncbi_cv_lib_yaml_cpp=yes
ncbi_cv_lib_z=yes
ncbi_cv_lib_zorba=no
ncbi_cv_lib_zstd=yes
ncbi_cv_prog_c_sse42=yes
ncbi_cv_prog_cc_as_needed=-Wl,--as-needed
ncbi_cv_prog_cc_export_all=-Wl,-export-dynamic
ncbi_cv_prog_cc_new_dtags=yes
ncbi_cv_prog_cc_whole_archive=-Wl,--whole-archive
ncbi_cv_prog_cc_wl_no_asu=yes
ncbi_cv_prog_cxx_sse42=yes
ncbi_cv_prog_cxx_stdlib_libcxx=no
ncbi_cv_prog_modern_c='-std=gnu18 -fgnu89-inline'
ncbi_cv_prog_modern_cxx=-std=gnu++20
ncbi_cv_prog_ranlib_effect=neutral
ncbi_cv_strip_loses_rtti=no
ncbi_cv_sys_semaphores=yes
ncbi_cv_sys_stack_dir=down
ncbi_cv_sys_unaligned_reads=yes
ncbi_cv_sys_xdir_ln=yes

## ----------------- ##
## Output variables. ##
## ----------------- ##

AES_FLAG='-maes'
ALLOCA=''
ALLOW_UNDEF=''
AMQ=''
APACHE_ARROW_INCLUDE=' '
APACHE_ARROW_LIBS='-lparquet -larrow'
APACHE_ARROW_STATIC_LIBS='-lparquet -larrow'
APP_LDFLAGS=''
APP_LIBS_SETTING='$(LIBS)'
APP_LIB_SETTING='$(LIB)'
APP_NOCOPY=''
APP_OR_NULL='app'
AR='ar cr'
AR_FILTER=''
AR_WRAPPER=''
AS_NEEDED='-Wl,--as-needed'
ATOMIC64_LIBS=''
AVROGENCPP=''
AVRO_INCLUDE=''
AVRO_LIBS=''
AVRO_STATIC_LIBS=''
AWK='/usr/bin/gawk'
AWS_SDK_INCLUDE=''
AWS_SDK_LIBS=''
AWS_SDK_STATIC_LIBS=''
BACKWARD_CPP_INCLUDE=''
BACKWARD_CPP_LIBS=''
BASENAME='/usr/bin/basename'
BDB_CACHE_LIB=''
BDB_LIB=''
BERKELEYDB_CXX_LIBS=''
BERKELEYDB_CXX_STATIC_LIBS=''
BERKELEYDB_INCLUDE=''
BERKELEYDB_LIBS=''
BERKELEYDB_STATIC_LIBS=''
BINCOPY='/bin/bash $(top_srcdir)/scripts/common/impl/if_diff.sh "/bin/ln -f"'
BOOST_CHRONO_LIBS=''
BOOST_CHRONO_STATIC_LIBS=''
BOOST_FILESYSTEM_LIBS=''
BOOST_FILESYSTEM_STATIC_LIBS=''
BOOST_INCLUDE=' -Wno-unused-local-typedefs -DBOOST_DISABLE_THREADS'
BOOST_IOSTREAMS_LIBS=''
BOOST_IOSTREAMS_STATIC_LIBS=''
BOOST_LIBPATH=''
BOOST_PROGRAM_OPTIONS_LIBS=''
BOOST_PROGRAM_OPTIONS_STATIC_LIBS=''
BOOST_REGEX_LIBS=''
BOOST_REGEX_STATIC_LIBS=''
BOOST_SERIALIZATION_LIBS=''
BOOST_SERIALIZATION_STATIC_LIBS=''
BOOST_STATIC_TAG='-gcc133-s-x64-'
BOOST_SYSTEM_LIBS=''
BOOST_SYSTEM_STATIC_LIBS=''
BOOST_TAG='-gcc133-x64-'
BOOST_TEST_PEM_LIBS=''
BOOST_TEST_PEM_STATIC_LIBS=''
BOOST_TEST_TEM_LIBS=''
BOOST_TEST_TEM_STATIC_LIBS=''
BOOST_TEST_UTF_LIBS=''
BOOST_TEST_UTF_STATIC_LIBS=''
BOOST_THREAD_LIBS=''
BOOST_THREAD_STATIC_LIBS=''
BUILD_EXEEXT=''
BUILD_OBJEXT='o'
BZ2_INCLUDE=' '
BZ2_LIB=''
BZ2_LIBS='-lbz2 '
CASSANDRA_INCLUDE=''
CASSANDRA_LIBS=''
CASSANDRA_STATIC_LIBS=''
CC='/usr/bin/gcc  -msse4.2 -std=gnu18 -fgnu89-inline'
CCACHE=''
CC_FILTER=''
CC_FOR_BUILD='gcc'
CC_WRAPPER=''
CD_REPORTER=''
CEREAL_INCLUDE=''
CFLAGS=' -Wall -Wno-format-y2k   -O2 -fPIC '
CFLAGS_DLL=''
CFLAGS_FOR_BUILD='-g -O2'
CHECK_ARG=''
CHECK_OS_NAME='ubuntu'
CHECK_TIMEOUT_MULT='1'
CHECK_TOOLS=''
COLOR_DIAGNOSTICS='-fdiagnostics-color=always'
COMPILER='gcc'
CONNEXT=''
CPP='gcc -E'
CPPFLAGS='-DNDEBUG -D_LARGEFILE_SOURCE -D_FILE_OFFSET_BITS=64 -D_LARGEFILE64_SOURCE  -I/home/kawato/micromamba/include -DNCBI_WITHOUT_MT'
CPPFLAGS_FOR_BUILD=''
CPPKAFKA_INCLUDE=''
CPPKAFKA_LIBS=''
CPPKAFKA_STATIC_LIBS=''
CPP_FOR_BUILD='gcc -E'
CRC32C_INCLUDE=' '
CRC32C_LIBS='-lcrc32c '
CRC32C_STATIC_LIBS=''
CRYPT_LIBS=''
CURL_CONFIG='/home/kawato/micromamba/bin/curl-config'
CURL_INCLUDE='  -I/home/kawato/micromamba/include'
CURL_LIBS='-L/home/kawato/micromamba/lib -Wl,-rpath,/home/kawato/micromamba/lib -lcurl '
CURL_STATIC_LIBS='/home/kawato/micromamba/lib/libcurl.a -L/home/kawato/micromamba/lib -L/home/kawato/micromamba/lib -L/home/kawato/micromamba/lib -L/home/kawato/micromamba/lib -L/home/kawato/micromamba/lib -lnghttp2 -lssh2 -lssh2 -lssl -lcrypto -lssl -lcrypto -L/home/kawato/micromamba/lib -lgssapi_krb5 -lzstd -lzstd -lz -pthread'
CXX='/usr/bin/g++  -std=gnu++20 -msse4.2'
CXXCPP='/usr/bin/g++  -std=gnu++20 -msse4.2 -E'
CXXFLAGS=' -Wall -Wno-format-y2k   -O2 -fPIC '
CXXFLAGS_DLL=''
CXX_FILTER=''
CXX_WRAPPER=''
C_LIBS='-lm '
C_LINK='$(CC)'
DBAPI_CTLIB=''
DBAPI_DRIVER='dbapi_driver'
DBAPI_FTDS100='ncbi_xdbapi_ftds100'
DBAPI_FTDS14='ncbi_xdbapi_ftds14'
DBAPI_FTDS='ncbi_xdbapi_ftds'
DBAPI_MYSQL=''
DBAPI_ODBC=''
DEBUG_SFX='Release'
DEFS='-DHAVE_CONFIG_H'
DEMANGLE_LIBS=''
DEPFLAGS='-M'
DEPFLAGS_POST=''
DISTCC=''
DLL='-dll'
DLL_LDFLAGS=' -fPIC'
DLL_LIB_SETTING='$(DLL_LIB)'
DL_LIBS=''
DPKG_ARCHITECTURE='/usr/bin/dpkg-architecture'
DRMAA2_INCLUDE=''
DRMAA2_LIBS=''
D_SFX=''
ECHO_C=''
ECHO_N='-n'
ECHO_T=''
EGREP='/usr/bin/grep -E'
EGREP_Q='/usr/bin/grep -E -q'
EXEEXT=''
EXPAT_INCLUDE=' '
EXPAT_LIBS='-lexpat '
EXPAT_STATIC_LIBS='-lexpat '
FASTCGIPP_INCLUDE=''
FASTCGIPP_LIBS=''
FASTCGI_INCLUDE=''
FASTCGI_LIBS=''
FASTCGI_OBJS=''
FAST_CFLAGS='  -Wall -Wno-format-y2k   -fPIC   -O3 -finline-functions -fstrict-aliasing -fomit-frame-pointer'
FAST_CXXFLAGS='  -Wall -Wno-format-y2k   -fPIC   -O3 -finline-functions -fstrict-aliasing -fomit-frame-pointer'
FAST_LDFLAGS='  -Wl,--enable-new-dtags -Wl,-export-dynamic   -L/home/kawato/micromamba/lib   -O3 -finline-functions -fstrict-aliasing -fomit-frame-pointer'
FEATURES='-AIX algo APACHE_ARROW app -AppleClang -AVRO -AWS_SDK -BACKWARD_CPP -bdb -BerkeleyDB -BM64 -Boost.Chrono -Boost.Filesystem -Boost.Iostreams -Boost.Program-Options -Boost.Regex -Boost.Serialization -Boost.Spirit -Boost.System -Boost.Test -Boost.Test.Included -Boost.Thread -BSD BZ2 -CASSANDRA -Cereal cgi -ChaosMonkey -check -Clang -CompaqCompiler -CPPKAFKA -Cray CRC32C -C-Toolkit -ctools CURL Cxx2020_format_api -Cygwin -CygwinMT -Darwin dbapi -DBLib DLL -DLL_BUILD -DRMAA2 EXPAT -Fast-CGI -FASTCGIPP -FreeTDS FreeType -FTGL -full-blastdb -full-test-data -FUSE -gbench GCC -GCRYPT -GIF -GL2PS -GLEW -GLUT -GMOCK -GMP -GNUTLS -GOOGLE_CLOUD GRPC -GSOAP -gui -H2O -HDF5 -HIREDIS -ICC Iconv ICU -INFLUXDB -in-house-resources -Int4GI Int8GI -IRIX -JAEGER -JDK JPEG -KCC KRB5 LAPACK -LEVELDB LFS -LIBDW LIBEXSLT -LIBRDKAFKA -LIBSSH LIBSSH2 -LIBUNWIND -LIBURING LIBUV -LIBXLSXWRITER LIBXML LIBXSLT -LimitedLinker Linux -LLVMClang LMDB -LocalBZ2 LocalLMDB -LocalMSGMAIL2 -LocalNCBILS -LocalPCRE -LocalSSS -LocalZ LZO -MacOS -MAGIC -MaxDebug MBEDTLS -MESA -MIMETIC -MIPSpro -MONGODB -MONGODB3 -MSGSL -MSVC -MSWin -MT -MUPARSER -MySQL -NCBICRYPT -Ncbi-JNI -NCBILS2 -NETTLE NGHTTP2 -NGS NLohmann_JSON objects -ODBC -OECHEM -OpenGL OPENSSL OPENTELEMETRY -OPENTRACING -ORBacus -OSF -PCRE PCRE2 -PERL PNG PROTOBUF -PSGLoader -PubSeqOS PYTHON -PYTHON25 -PYTHON26 -PYTHON27 PYTHON3 -ROCKSDB -SABLOT SASL2 serial -SGE -Solaris -SP SQLITE3 -SQLITE3ASYNC -SSSDB -SSSUTILS -StrictEntrezID -StrictGI -StrictTaxID -Sybase THRIFT TIFF -UNGIF unix UUID -Valgrind -VDB -VisualAge WinMain -WorkShop -wx2.8 -wxWidgets -Xalan -XCODE -Xerces -XPM YAML_CPP Z -Zorba ZSTD'
FORBID_UNDEF='-Wl,--no-undefined -Wl,--no-allow-shlib-undefined'
FORCE_STATIC_LIB=''
FOUNDATION_LIBS=''
FREETYPE_INCLUDE='-I/home/kawato/micromamba/include/freetype2'
FREETYPE_LIBS='-L/home/kawato/micromamba/lib -Wl,-rpath,/home/kawato/micromamba/lib -lfreetype'
FTDS100_CTLIB_INCLUDE=''
FTDS100_CTLIB_LIB=''
FTDS100_CTLIB_LIBS=''
FTDS100_INCLUDE=''
FTDS100_LIB=''
FTDS100_LIBS=''
FTDS14_CTLIB_INCLUDE=''
FTDS14_CTLIB_LIB=''
FTDS14_CTLIB_LIBS=''
FTDS14_INCLUDE=''
FTDS14_LIB=''
FTDS14_LIBS=''
FTDS_INCLUDE=''
FTDS_LIB=''
FTDS_LIBS=''
FTGL_INCLUDE=''
FTGL_LIBS=''
GCCPCH='#'
GCRYPT_INCLUDE=''
GCRYPT_LIBS=''
GIF_INCLUDE=''
GIF_LIBS=''
GL2PS_INCLUDE=''
GL2PS_LIBS=''
GL2PS_STATIC_LIBS=''
GLEW_INCLUDE=''
GLEW_LIBS=''
GLEW_STATIC_LIBS=''
GLUT_INCLUDE=''
GLUT_LIBS=''
GMOCK_INCLUDE=''
GMOCK_LIBS=''
GMOCK_STATIC_LIBS=''
GMP_INCLUDE=''
GMP_LIBS=''
GNUTLS_INCLUDE=''
GNUTLS_LIBS=''
GOOGLE_CLOUD_INCLUDE=''
GOOGLE_CLOUD_LIBS=''
GREP='/usr/bin/grep'
GRPC_BIN='/home/kawato/micromamba/bin'
GRPC_CPP_PLUGIN='/home/kawato/micromamba/bin/grpc_cpp_plugin'
GRPC_INCLUDE='  '
GRPC_LIBS=' -lgrpc++ -lgrpc -lgpr -lprotobuf -lcares -lre2 -lssl -lcrypto -lpthread'
GRPC_REFLECTION_LIBS='-Wl,--whole-archive -Wl,--no-as-needed  -lgrpc++_reflection -Wl,--no-whole-archive -Wl,--as-needed'
GRPC_UNSECURE_LIBS='-lgrpc++_unsecure -lgrpc_unsecure -lgpr -lprotobuf -lcares -lre2 -lpthread'
GSOAP_INCLUDE=''
GSOAP_LIBS=''
GSOAP_PATH='No_GSOAP'
GSOAP_SOAPCPP2=''
GSOAP_WSDL2H=''
H2O_INCLUDE=''
H2O_LIBS=''
H2O_STATIC_LIBS=''
HDF5_INCLUDE=''
HDF5_LIBS=''
HIREDIS_INCLUDE=''
HIREDIS_LIBS=''
HIREDIS_STATIC_LIBS=''
ICONV_LIBS='-liconv'
ICU_CONFIG='/home/kawato/micromamba/bin/icu-config'
ICU_INCLUDE='-I/home/kawato/micromamba/include '
ICU_LIBS='-L/home/kawato/micromamba/lib -Wl,-rpath,/home/kawato/micromamba/lib -licui18n -licuuc -licudata '
ICU_STATIC_LIBS='-L/home/kawato/micromamba/lib  -lsicui18n -lsicuuc -lsicudata '
IF_DEACTIVATING=''
IF_REBUILDING_CONDITIONALLY='#'
IF_REBUILDING_LIBS='#'
IF_WITH_DLL='# '
INFLUXDB_INCLUDE=''
INSTALL_DATA='${INSTALL} -m 644'
INSTALL_PROGRAM='${INSTALL}'
INSTALL_SCRIPT='${INSTALL}'
JAEGER_INCLUDE=''
JAEGER_LIBS=''
JAEGER_STATIC_LIBS=''
JDK_INCLUDE=''
JDK_PATH=''
JPEG_INCLUDE=' '
JPEG_LIBS='-ljpeg '
KRB5_CONFIG='/home/kawato/micromamba/bin/krb5-config'
KRB5_INCLUDE=' -I/home/kawato/micromamba/include '
KRB5_LIBS='-L/home/kawato/micromamba/lib -Wl,-rpath,/home/kawato/micromamba/lib -lgssapi_krb5 -lkrb5 -lk5crypto -lcom_err'
KSTAT_LIBS=''
KeepStateTarget=''
LAPACK_INCLUDE=' '
LAPACK_LIBS='-llapack -lblas'
LDD='/bin/ldd'
LDD_R='/bin/ldd -r'
LDFLAGS=' -Wl,--enable-new-dtags -Wl,-export-dynamic   -L/home/kawato/micromamba/lib  -O2'
LDFLAGS_FOR_BUILD=''
LEVELDB_INCLUDE=''
LEVELDB_LIBS=''
LIBDW_INCLUDE=''
LIBDW_LIBS=''
LIBEXSLT_INCLUDE='-I/usr/include/libxml2  '
LIBEXSLT_LIBS='-lexslt '
LIBEXSLT_STATIC_LIBS='-lexslt '
LIBGCRYPT_CONFIG='no'
LIBGNUTLS_CONFIG='no'
LIBIMR=''
LIBOB=''
LIBOBJS=''
LIBRDKAFKA_INCLUDE=''
LIBRDKAFKA_LIBS=''
LIBRDKAFKA_STATIC_LIBS=''
LIBS='   -lm '
LIBSSH2_INCLUDE=' '
LIBSSH2_LIBS='-lssh2 -lssl -lcrypto'
LIBSSH2_STATIC_LIBS='-lssh2 -lssl -lcrypto'
LIBSSH_INCLUDE=''
LIBSSH_LIBS=''
LIBSSH_STATIC_LIBS=''
LIBSSSDB=''
LIBSSSUTILS=''
LIBUNWIND_INCLUDE=''
LIBUNWIND_LIBS=''
LIBURING_INCLUDE=''
LIBURING_LIBS=''
LIBUV_INCLUDE=' '
LIBUV_LIBS='-luv '
LIBUV_STATIC_LIBS='-luv '
LIBXLSXWRITER_INCLUDE=''
LIBXLSXWRITER_LIBS=''
LIBXLSXWRITER_STATIC_LIBS=''
LIBXML_INCLUDE='-I/usr/include/libxml2'
LIBXML_LIBS='-lxml2 -liconv'
LIBXML_STATIC_LIBS='-lxml2 -liconv'
LIBXSLT_INCLUDE='-I/usr/include/libxml2 '
LIBXSLT_LIBS='-lxslt '
LIBXSLT_STATIC_LIBS='-lxslt '
LIB_OR_DLL='lib'
LINK='$(CXX)'
LINK_DLL='$(CXX)  -shared -o'
LINK_FILTER=''
LINK_LOADABLE=''
LINK_WRAPPER=''
LMDB_INCLUDE='-I$(includedir)/util/lmdb -I$(includedir0)/util/lmdb'
LMDB_LIB='lmdb'
LMDB_LIBS='-lpthread'
LMDB_STATIC_LIBS='-lpthread'
LN_S='/bin/ln -s'
LTLIBOBJS=''
LZO_INCLUDE=' '
LZO_LIBS='-llzo2 '
MAGIC_INCLUDE=''
MAGIC_LIBS=''
MAKE='/usr/bin/make'
MATH_LIBS='-lm'
MBEDTLS_INCLUDE=''
MBEDTLS_LIBS='-lz '
MIMETIC_INCLUDE=''
MIMETIC_LIBS=''
MONGODB3_INCLUDE=''
MONGODB3_LIBS=''
MONGODB3_STATIC_LIBS=''
MONGODB_INCLUDE=''
MONGODB_LIBS=''
MONGODB_STATIC_LIBS=''
MSGSL_INCLUDE=''
MT_SFX=''
MUPARSER_INCLUDE=''
MUPARSER_LIBS=''
MYSQL_INCLUDE=''
MYSQL_LIBS=''
NCBIATOMIC_LIB=''
NCBICRYPT_INCLUDE=''
NCBICRYPT_LIBS=''
NCBI_C_INCLUDE=''
NCBI_C_LIBPATH=''
NCBI_C_ncbi=''
NCBI_GIT_BRANCH=''
NCBI_PLATFORM_BITS='64'
NCBI_REVISION=''
NCBI_SC_VERSION='0'
NCBI_SSS_INCLUDE=''
NCBI_SSS_LIBPATH=''
NCBI_SUBVERSION_REVISION='0'
NCBI_TEAMCITY_BUILDCONF_NAME=''
NCBI_TEAMCITY_BUILD_ID=''
NCBI_TEAMCITY_BUILD_NUMBER='0'
NCBI_TEAMCITY_PROJECT_NAME=''
NETTLE_INCLUDE=''
NETTLE_LIBS=''
NETWORK_LIBS=' -lz  -lresolv  '
NETWORK_PURE_LIBS=' -lz  -lresolv  '
NGHTTP2_INCLUDE=' '
NGHTTP2_LIBS='-lnghttp2 '
NGHTTP2_STATIC_LIBS='-lnghttp2 '
NGS_INCLUDE=''
NGS_LIBS=''
NGS_STATIC_LIBS=''
NLOHMANN_JSON_INCLUDE='-I/include'
NO_AS_NEEDED='-Wl,--no-as-needed'
NO_STRICT_ALIASING='-fno-strict-aliasing'
NO_WHOLE_ARCHIVE='-Wl,--no-whole-archive'
OBJCXX_CXXFLAGS=''
OBJCXX_LIBS=''
OBJEXT='o'
ODBC_INCLUDE='-I$(includedir)/dbapi/driver/odbc/unix_odbc -I$(includedir0)/dbapi/driver/odbc/unix_odbc'
ODBC_LIBS=''
OECHEM_INCLUDE=''
OECHEM_LIBS=''
OPENGL_INCLUDE=''
OPENGL_LIBS=''
OPENGL_STATIC_LIBS=''
OPENMP_FLAGS=''
OPENSSL_INCLUDE=' '
OPENSSL_LIBS='-lssl -lcrypto'
OPENSSL_STATIC_LIBS='-lssl -lcrypto'
OPENTELEMETRY_INCLUDE='    '
OPENTELEMETRY_LIBS='-lopentelemetry_exporter_otlp_grpc -lopentelemetry_exporter_otlp_grpc_client -lopentelemetry_proto_grpc -lopentelemetry_exporter_otlp_http -lopentelemetry_exporter_otlp_http_client -lopentelemetry_otlp_recordable -lopentelemetry_exporter_ostream_span -lopentelemetry_trace -lopentelemetry_proto -lopentelemetry_http_client_curl -lopentelemetry_logs -lopentelemetry_metrics -lopentelemetry_resources -lopentelemetry_common'
OPENTELEMETRY_STATIC_LIBS='-lopentelemetry_exporter_otlp_grpc -lopentelemetry_exporter_otlp_grpc_client -lopentelemetry_proto_grpc -lopentelemetry_exporter_otlp_http -lopentelemetry_exporter_otlp_http_client -lopentelemetry_otlp_recordable -lopentelemetry_exporter_ostream_span -lopentelemetry_trace -lopentelemetry_proto -lopentelemetry_http_client_curl -lopentelemetry_logs -lopentelemetry_metrics -lopentelemetry_resources -lopentelemetry_common'
OPENTRACING_INCLUDE=''
OPENTRACING_LIBS=''
OPENTRACING_STATIC_LIBS=''
OPT_GROUPS=' internal'
ORBACUS_INCLUDE=''
ORBACUS_LIBPATH=''
OSMESA_INCLUDE=''
OSMESA_LIBS=''
OSMESA_STATIC_LIBS=''
OSTYPE='linux'
PACKAGE_BUGREPORT='cpp-core@ncbi.nlm.nih.gov'
PACKAGE_NAME='ncbi-tools++'
PACKAGE_STRING='ncbi-tools++ 0.0'
PACKAGE_TARNAME='ncbi-tools--'
PACKAGE_URL=''
PACKAGE_VERSION='0.0'
PATH_SEPARATOR=':'
PCRE2_INCLUDE=' '
PCRE2_LIBS='-lpcre2-8 '
PCREPOSIX_LIBS='-lpcre2posix -lpcre2-8 '
PCRE_INCLUDE=''
PCRE_LEGACY_LIBS=''
PCRE_LIB=''
PCRE_LIBS='-lpcre2-8 '
PERL='/bin/perl'
PERL_INCLUDE=''
PERL_LIBS=''
PNG_INCLUDE='  '
PNG_LIBS='-lpng -lz '
PROJECTS='$(top_srcdir)/scripts/projects/blast/project.lst'
PROTOBUF_BIN='/home/kawato/micromamba/bin'
PROTOBUF_INCLUDE=' '
PROTOBUF_LIBS='-lprotobuf -lprotobuf'
PROTOC='/home/kawato/micromamba/bin/protoc'
PYTHON25=''
PYTHON25_INCLUDE=''
PYTHON25_LIBS=''
PYTHON26=''
PYTHON26_INCLUDE=''
PYTHON26_LIBS=''
PYTHON27=''
PYTHON27_INCLUDE=''
PYTHON27_LIBS=''
PYTHON3='/home/kawato/micromamba/bin/python3'
PYTHON3_INCLUDE='-I/home/kawato/micromamba/include/python3.13 -I/home/kawato/micromamba/include/python3.13'
PYTHON3_LIBS='-L/home/kawato/micromamba/lib -L/home/kawato/micromamba/lib/python3.13/config-3.13-x86_64-linux-gnu -Wl,-rpath,/home/kawato/micromamba/lib:/home/kawato/micromamba/lib/python3.13/config-3.13-x86_64-linux-gnu -lpython3.13 -lpthread -ldl  -lutil -lm'
PYTHON='/home/kawato/micromamba/bin/python'
PYTHON_INCLUDE='-I/home/kawato/micromamba/include/python3.13 -I/home/kawato/micromamba/include/python3.13'
PYTHON_LIBS='-L/home/kawato/micromamba/lib -L/home/kawato/micromamba/lib/python3.13/config-3.13-x86_64-linux-gnu -Wl,-rpath,/home/kawato/micromamba/lib:/home/kawato/micromamba/lib/python3.13/config-3.13-x86_64-linux-gnu -lpython3.13 -lpthread -ldl  -lutil -lm'
RANLIB='ranlib'
RESOLVER_LIBS='-lresolv'
ROCKSDB_INCLUDE=''
ROCKSDB_LIBS=''
RPCSVC_LIBS=''
RT_LIBS=''
RUNPATH_ORIGIN='-Wl,-rpath,'\''$$ORIGIN'\'''
Rules='rules_with_autodep'
SABLOT_INCLUDE=''
SABLOT_LIBS=''
SABLOT_STATIC_LIBS=''
SASL2_INCLUDE=' '
SASL2_LIBS='-lsasl2 '
SED='/usr/bin/sed'
SGE_INCLUDE=''
SGE_LIBS=''
SHELL='/bin/bash'
SP_INCLUDE=''
SP_LIBS=''
SQLITE3_INCLUDE=' -I/home/kawato/micromamba/pkgs/libsqlite-3.53.2-hf4e2dac_1/include'
SQLITE3_LIBS='-L/home/kawato/micromamba/pkgs/libsqlite-3.53.2-hf4e2dac_1/lib -Wl,-rpath,/home/kawato/micromamba/pkgs/libsqlite-3.53.2-hf4e2dac_1/lib -lsqlite3 '
SQLITE3_STATIC_LIBS='-L/home/kawato/micromamba/pkgs/libsqlite-3.53.2-hf4e2dac_1/lib -Wl,-rpath,/home/kawato/micromamba/pkgs/libsqlite-3.53.2-hf4e2dac_1/lib -lsqlite3 '
SQLITE3_WRAPPER='sqlitewrapp'
SSE4_1_FLAG='-msse4.1'
STATIC='-static'
STRIP='strip'
SYBASE_DBLIBS=''
SYBASE_DLLS=''
SYBASE_INCLUDE=''
SYBASE_LCL_PATH=''
SYBASE_LIBS=''
SYBASE_PATH='No_Sybase'
TAIL='/usr/bin/tail'
TAIL_N='/usr/bin/tail -n '
TCHECK_CL=''
THREAD_LIBS='-lpthread'
THRIFT_INCLUDE=' -Wno-unused-local-typedefs -DBOOST_DISABLE_THREADS '
THRIFT_LIBS='-lthrift '
THRIFT_STATIC_LIBS='-lthrift '
TIFF_INCLUDE=' '
TIFF_LIBS='-ltiff -lz '
TOUCH='/bin/touch'
UNGIF_INCLUDE=''
UNGIF_LIBS=''
UNIX_SRC='$(UNIX_SRC)'
UNIX_USR_PROJ='$(UNIX_USR_PROJ)'
UNLESS_PUBSEQOS=''
UNLESS_WITH_DLL=''
UNSAFE_MATH_FLAG='-funsafe-math-optimizations'
USUAL_AND_DLL='both'
USUAL_AND_LIB='lib'
UUIDGEN='/usr/bin/uuidgen'
UUID_LIBS='-luuid'
VALGRIND_PATH='valgrind'
VDB_INCLUDE=''
VDB_LIBS=''
VDB_POST_LINK=':'
VDB_REQ='VDB'
VDB_STATIC_LIBS=''
WHOLE_ARCHIVE='-Wl,--whole-archive'
WXWIDGETS_GL_LIBS=''
WXWIDGETS_GL_STATIC_LIBS=''
WXWIDGETS_INCLUDE=''
WXWIDGETS_LIBS=''
WXWIDGETS_POST_LINK=':'
WXWIDGETS_STATIC_LIBS=''
XALAN_INCLUDE=''
XALAN_LIBS=''
XALAN_STATIC_LIBS=''
XCONNEXT=''
XERCES_INCLUDE=''
XERCES_LIBS=''
XERCES_STATIC_LIBS=''
XMKMF=''
XPM_INCLUDE=''
XPM_LIBS=''
XSLTPROC='/home/kawato/micromamba/bin/xsltproc'
X_CFLAGS=''
X_EXTRA_LIBS=''
X_LIBS=' '
X_PRE_LIBS=''
YAML_CPP_INCLUDE=' '
YAML_CPP_LIBS='-lyaml-cpp '
YAML_CPP_STATIC_LIBS='-lyaml-cpp '
ZORBA_INCLUDE=''
ZORBA_LIBS=''
ZORBA_STATIC_LIBS=''
ZSTD_INCLUDE=' '
ZSTD_LIBS='-lzstd '
ZSTD_STATIC_LIBS='-lzstd '
Z_INCLUDE=' '
Z_LIB=''
Z_LIBS='-lz '
_ACJNI_JAVAC=''
ac_ct_CC='gcc'
ac_ct_CC_FOR_BUILD='gcc'
ac_ct_CXX='g++'
algo='algo'
app='app'
bamread=''
bdb=''
bindir='${exec_prefix}/bin'
build='x86_64-unknown-linux-gnu'
build_alias=''
build_cpu='x86_64'
build_os='linux-gnu'
build_root='/tmp/ncbi-blast-598d-build'
build_vendor='unknown'
builddir='/tmp/ncbi-blast-598d-build/build'
c_ncbi_runpath='/tmp/ncbi-blast-598d-build/lib'
check=''
compiler='GCC'
compiler_root='/usr'
compiler_version='1330'
configurables_mfname='configurables'
datadir='${datarootdir}'
datarootdir='${prefix}/share'
dbapi='dbapi'
dll_ext='.so'
docdir='${datarootdir}/doc/${PACKAGE_TARNAME}'
dvidir='${docdir}'
exe_ext=''
exec_prefix='${prefix}'
f_compile='-c '
f_libpath='-L'
f_outexe='-o '
f_outlib=''
f_outobj='-o '
f_runpath='-Wl,-rpath,'
freetds=''
freetype_config='/home/kawato/micromamba/bin/freetype-config'
gui=''
has_dll_loadable='@# '
host='x86_64-unknown-linux-gnu'
host_alias=''
host_cpu='x86_64'
host_os='linux-gnu'
host_vendor='unknown'
htmldir='${docdir}'
ifGNUmake=''
includedir='${prefix}/include'
infodir='${datarootdir}/info'
internal='internal'
lib_ext='.a'
lib_l_ext=''
lib_l_pre='-l'
lib_pre='lib'
libdir='${exec_prefix}/lib'
libexecdir='${exec_prefix}/libexec'
loadable_ext='.so'
localedir='${datarootdir}/locale'
localstatedir='${prefix}/var'
make_shell='SHELL=/bin/bash'
mandir='${datarootdir}/man'
mysql_config=''
ncbi_id2proc_snp=''
ncbi_id2proc_wgs=''
ncbi_java=''
ncbi_runpath='/tmp/ncbi-blast-598d-build/lib'
ncbi_xloader_bam=''
ncbi_xloader_csra=''
ncbi_xloader_snp=''
ncbi_xloader_sra=''
ncbi_xloader_vdbgraph=''
ncbi_xloader_wgs=''
ncbi_xreader_pubseqos2=''
ncbi_xreader_pubseqos=''
ncbicntr=''
obj_ext='.o'
objects='objects'
oldincludedir='/usr/include'
pdfdir='${docdir}'
prefix='/usr/local'
program_transform_name='s,x,x,'
psdir='${docdir}'
runpath='-Wl,-rpath,$(libdir)'
sbindir='${exec_prefix}/sbin'
script_shell='#! /bin/bash'
serial='serial'
serial_ws50_rtti_kludge=''
sharedstatedir='${prefix}/com'
signature='GCC_1330-Release64--x86_64-unknown-linux5.15.167.4-gnu2.39-kawato'
sraread=''
srcdir='/tmp/ncbi-current-DHTMHZ/c++'
sssutils=''
status_dir='/tmp/ncbi-blast-598d-build/status'
sysconfdir='${prefix}/etc'
target_alias=''
top_srcdir=''
wxconf=''

## ----------- ##
## confdefs.h. ##
## ----------- ##

/* confdefs.h */
#define NCBI_INT8_GI 1
#define NCBI_CXX_TOOLKIT 1
#define HAVE_COMMON_NCBI_BUILD_VER_H 1
#define HOST "x86_64-unknown-linux-gnu"
#define HOST_CPU "x86_64"
#define HOST_VENDOR "unknown"
#define HOST_OS "linux-gnu"
#define NCBI_COMPILER "GCC"
#define NCBI_COMPILER_GCC 1
#define NCBI_COMPILER_VERSION 1330
#define STDC_HEADERS 1
#define HAVE_SYS_TYPES_H 1
#define HAVE_SYS_STAT_H 1
#define HAVE_STDLIB_H 1
#define HAVE_STRING_H 1
#define HAVE_MEMORY_H 1
#define HAVE_STRINGS_H 1
#define HAVE_INTTYPES_H 1
#define HAVE_STDINT_H 1
#define HAVE_UNISTD_H 1
#define __EXTENSIONS__ 1
#define _ALL_SOURCE 1
#define _GNU_SOURCE 1
#define _POSIX_PTHREAD_SEMANTICS 1
#define _TANDEM_SOURCE 1
#define SIZEOF_SIZE_T 8
#define NCBI_PLATFORM_BITS 64
#define NCBI_SIGNATURE "GCC_1330-Release64--x86_64-unknown-linux5.15.167.4-gnu2.39-kawato"
#define NCBI_DLL_SUPPORT 1
#define HAVE_IOSTREAM 1
#define HAVE_FSTREAM 1
#define HAVE_STRSTREAM 1
#define HAVE_INTTYPES_H 1
#define HAVE_LIMITS 1
#define HAVE_LIMITS_H 1
#define HAVE_UNISTD_H 1
#define NCBI_OS_UNIX 1
#define NCBI_OS "UNIX"
#define NCBI_OS_LINUX 1
#define HAVE_WSTRING 1
#define HAVE_SOCKLEN_T 1
#define HAVE_CPUID_H 1
#define HAVE_DLFCN_H 1
#define HAVE_POLL_H 1
#define HAVE_STDIO_H 1
#define HAVE_STRING_H 1
#define HAVE_STRINGS_H 1
#define HAVE_SYS_EPOLL_H 1
#define HAVE_SYS_MOUNT_H 1
#define HAVE_SYS_STAT_H 1
#define HAVE_SYS_STATVFS_H 1
#define HAVE_SYS_SYSINFO_H 1
#define HAVE_SYS_SYSMACROS_H 1
#define HAVE_SYS_TYPES_H 1
#define HAVE_SYS_VFS_H 1
#define HAVE_X86INTRIN_H 1
#define HAVE_ARPA_INET_H 1
#define HAVE_DIRENT_H 1
#define HAVE_ERRNO_H 1
#define HAVE_FCNTL_H 1
#define HAVE_GETOPT_H 1
#define HAVE_LANGINFO_H 1
#define HAVE_LIBGEN_H 1
#define HAVE_LOCALE_H 1
#define HAVE_MALLOC_H 1
#define HAVE_NETDB_H 1
#define HAVE_NETINET_IN_H 1
#define HAVE_NETINET_TCP_H 1
#define HAVE_PATHS_H 1
#define HAVE_SIGNAL_H 1
#define HAVE_STDBOOL_H 1
#define HAVE_STDDEF_H 1
#define HAVE_SYS_EVENTFD_H 1
#define HAVE_SYS_FILE_H 1
#define HAVE_SYS_IOCTL_H 1
#define HAVE_SYS_PARAM_H 1
#define HAVE_SYS_RESOURCE_H 1
#define HAVE_SYS_SELECT_H 1
#define HAVE_SYS_SOCKET_H 1
#define HAVE_SYS_TIME_H 1
#define HAVE_SYS_WAIT_H 1
#define HAVE_VALGRIND_MEMCHECK_H 1
#define HAVE_WCHAR_H 1
#define HAVE_ALLOCA_H 1
#define HAVE_ALLOCA 1
#define TIME_WITH_SYS_TIME 1
#define HAVE_CXXABI_H 1
#define HAVE_CXA_DEMANGLE 1
#define NCBI_HAVE_GETHOSTBYNAME_R 6
#define NCBI_HAVE_GETHOSTBYADDR_R 8
#define NCBI_HAVE_GETSERVBYNAME_R 6
#define NCBI_HAVE_GETPWUID_R 5
#define HAVE_GETLOGIN_R 1
#define HAVE_LOCALTIME_R 1
#define HAVE_PTHREAD_SETCONCURRENCY 1
#define HAVE_PTHREAD_ATFORK 1
#define HAVE_FUNC_LOCALTIME_R_TM 1
#define HAVE_PTHREAD_MUTEX 1
#define HAVE_VPRINTF 1
#define HAVE_ACCEPT4 1
#define HAVE_ALARM 1
#define HAVE_ASPRINTF 1
#define HAVE_ATOLL 1
#define HAVE_BASENAME 1
#define HAVE_BCOPY 1
#define HAVE_DAEMON 1
#define HAVE_EUIDACCESS 1
#define HAVE_EVENTFD 1
#define HAVE_EXECVPE 1
#define HAVE_FSEEKO 1
#define HAVE_FSTAT 1
#define HAVE_GETGROUPLIST 1
#define HAVE_GETOPT 1
#define HAVE_GETPAGESIZE 1
#define HAVE_GETPASS 1
#define HAVE_GETPWUID 1
#define HAVE_GETRUSAGE 1
#define HAVE_GETTIMEOFDAY 1
#define HAVE_GETUID 1
#define HAVE_LCHOWN 1
#define HAVE_LUTIMES 1
#define HAVE_MALLINFO 1
#define HAVE_MALLINFO2 1
#define HAVE_MEMFD_CREATE 1
#define HAVE_MEMMOVE 1
#define HAVE_MEMRCHR 1
#define HAVE_MKOSTEMP 1
#define HAVE_NL_LANGINFO 1
#define HAVE_PIPE2 1
#define HAVE_POLL 1
#define HAVE_PUTENV 1
#define HAVE_READV 1
#define HAVE_REALPATH 1
#define HAVE_SECURE_GETENV 1
#define HAVE_SELECT 1
#define HAVE_SETENV 1
#define HAVE_SETITIMER 1
#define HAVE_SETRLIMIT 1
#define HAVE_SNPRINTF 1
#define HAVE_STATFS 1
#define HAVE_STATVFS 1
#define HAVE_STRCASECMP 1
#define HAVE_STRDUP 1
#define HAVE_STRERROR 1
#define HAVE_STRLCAT 1
#define HAVE_STRLCPY 1
#define HAVE_STRNDUP 1
#define HAVE_STRNLEN 1
#define HAVE_STRSEP 1
#define HAVE_STRTOK_R 1
#define HAVE_TIMEGM 1
#define HAVE_USLEEP 1
#define HAVE_UTIMES 1
#define HAVE_VASPRINTF 1
#define HAVE_VSNPRINTF 1
#define HAVE_WRITEV 1
#define RETSIGTYPE void
#define SELECT_UPDATES_TIMEOUT 1
#define HAVE_STRCASECMP_LC 1
#define HAVE_SYSINFO_1 1
#define HAVE_GETLOADAVG 1
#define NCBI_HAVE_READDIR_R 3
#define NCBI_HAVE_STDIO_LOCKED 1
#define SIZEOF_CHAR 1
#define SIZEOF_DOUBLE 8
#define SIZEOF_FLOAT 4
#define SIZEOF_INT 4
#define SIZEOF_LONG 8
#define SIZEOF_LONG_DOUBLE 16
#define SIZEOF_LONG_LONG 8
#define SIZEOF_SHORT 2
#define SIZEOF_VOIDP 8
#define SIZEOF_WCHAR_T 4
#define SIZEOF___INT64 0
#define HAVE_INTPTR_T 1
#define HAVE_UINTPTR_T 1
#define HAVE_STRUCT_TM_TM_ZONE 1
#define NCBI_USE_THROW_SPEC 1
#define HAVE_IOS_REGISTER_CALLBACK 1
#define HAVE_SYSV_SEMAPHORES 1
#define STACK_GROWS_DOWN 1
#define HAVE_CPP_STD_VARARGS 1
#define HAVE_CPP_GNU_VARARGS 1
#define NCBI_FORCEINLINE inline __attribute__((always_inline))
#define NCBI_RESTRICT_C __restrict__
#define HAVE_RESTRICT_C 1
#define NCBI_RESTRICT_CXX __restrict__
#define HAVE_RESTRICT_CXX 1
#define NCBI_TLS_VAR __thread
#define HAVE_UNALIGNED_READS 1
#define HAVE_VECTOR_MATH 1
#define HAVE_BUILTIN_BSWAP 1
#define HAVE_BUILTIN_EXPECT 1
#define HAVE_GETADDRINFO 1
#define HAVE_GETNAMEINFO 1
#define HAVE_GETHOSTENT_R 1
#define HAVE_INET_NTOP 1
#define HAVE_SOCKETPAIR 1
#define HAVE_ERF 1
#define HAVE_LIBDL 1
#define HAVE_LIBRT 1
#define HAVE_CLOCK_GETTIME 1
#define HAVE_NANOSLEEP 1
#define HAVE_PTHREAD_CONDATTR_SETCLOCK 1
#define HAVE_SCHED_YIELD 1
#define HAVE_DECL_CLOCK_MONOTONIC 1
#define HAVE_DECL_CLOCK_SGI_CYCLE 0
#define HAVE_DECL_CLOCK_REALTIME 1
#define HAVE_LIBICONV 1
#define ICONV_CONST 
#define HAVE_LIBZ 1
#define HAVE_LIBZCF 1
#define HAVE_LIBBZ2 1
#define HAVE_LIBLZO 1
#define HAVE_LIBZSTD 1
#define HAVE_LIBPCRE2 1
#define HAVE_LIBOPENSSL 1
#define HAVE_LIBKRB5 1
#define HAVE_ERROR_MESSAGE 1
#define HAVE_COM_ERR_H 1
#define HAVE_LIBCURL 1
#define HAVE_SQLLEN 1
#define HAVE_SQLSETPOSIROW 1
#define NCBI_SQLCOLATTRIBUTE_SQLLEN 1
#define NCBI_SQLPARAMOPTIONS_SQLLEN 1
#define HAVE_PYTHON 1
#define HAVE_PYTHON3 1
#define NCBI_EXPECTED_BOOST_VERSION 
#define X_DISPLAY_MISSING 1
#define HAVE_ICU 1
#define HAVE_LIBEXPAT 1
#define HAVE_LIBXML 1
#define HAVE_LIBXSLT 1
#define HAVE_LIBEXSLT 1
#define HAVE_LIBSQLITE3 1
#define HAVE_SQLITE3_UNLOCK_NOTIFY 1
#define HAVE_LIBJPEG 1
#define HAVE_LIBPNG 1
#define HAVE_LIBTIFF 1
#define HAVE_FREETYPE 1
#define HAVE_LIBSASL2 1
#define HAVE_LIBLAPACK 1
#define USE_LOCAL_LMDB 1
#define HAVE_LIBUV 1
#define HAVE_LIBSSH2 1
#define HAVE_LIBNGHTTP2 1
#define HAVE_LIBPROTOBUF 1
#define HAVE_LIBGRPC 1
#define HAVE_LIBCRC32C 1
#define HAVE_LIBAPACHE_ARROW 1
#define HAVE_LIBTHRIFT 1
#define HAVE_LIBYAML_CPP 1
#define HAVE_LIBOPENTELEMETRY 1
#define HAVE_LIBCONNEXT 1

configure: exit 0
