(node:59099) ExperimentalWarning: WASI is an experimental feature and might change at any time
(Use `node --trace-warnings ...` to show where the warning was created)
ok threads describe, validate, register, scan
ok threads n1 pairwise_default_serial,pairwise_default_serial.fmt0,pairwise_default_serial.fmt7,pairwise_default_thread4,pairwise_default_thread4.fmt0,pairwise_default_thread4.fmt7
(node:59099) ExperimentalWarning: WASI is an experimental feature and might change at any time
(Use `node --trace-warnings ...` to show where the warning was created)
ok threads n2 pairwise_default_serial,pairwise_default_serial.fmt0,pairwise_default_serial.fmt7,pairwise_default_thread4,pairwise_default_thread4.fmt0,pairwise_default_thread4.fmt7
(node:59099) ExperimentalWarning: WASI is an experimental feature and might change at any time
(Use `node --trace-warnings ...` to show where the warning was created)
(node:59099) ExperimentalWarning: WASI is an experimental feature and might change at any time
(Use `node --trace-warnings ...` to show where the warning was created)
(node:59099) ExperimentalWarning: WASI is an experimental feature and might change at any time
(Use `node --trace-warnings ...` to show where the warning was created)
ok threads n4 pairwise_default_serial,pairwise_default_serial.fmt0,pairwise_default_serial.fmt7,pairwise_default_thread4,pairwise_default_thread4.fmt0,pairwise_default_thread4.fmt7
ok threads n1 pairwise_limit1_serial,pairwise_limit1_serial.fmt0,pairwise_limit1_serial.fmt7
(node:59099) ExperimentalWarning: WASI is an experimental feature and might change at any time
(Use `node --trace-warnings ...` to show where the warning was created)
ok threads n2 pairwise_limit1_serial,pairwise_limit1_serial.fmt0,pairwise_limit1_serial.fmt7
(node:59099) ExperimentalWarning: WASI is an experimental feature and might change at any time
(Use `node --trace-warnings ...` to show where the warning was created)
(node:59099) ExperimentalWarning: WASI is an experimental feature and might change at any time
(Use `node --trace-warnings ...` to show where the warning was created)
(node:59099) ExperimentalWarning: WASI is an experimental feature and might change at any time
(Use `node --trace-warnings ...` to show where the warning was created)
ok threads n4 pairwise_limit1_serial,pairwise_limit1_serial.fmt0,pairwise_limit1_serial.fmt7
ok threads n1 pairwise_limit5_serial,pairwise_limit5_serial.fmt0,pairwise_limit5_serial.fmt7
(node:59099) ExperimentalWarning: WASI is an experimental feature and might change at any time
(Use `node --trace-warnings ...` to show where the warning was created)
ok threads n2 pairwise_limit5_serial,pairwise_limit5_serial.fmt0,pairwise_limit5_serial.fmt7
(node:59099) ExperimentalWarning: WASI is an experimental feature and might change at any time
(Use `node --trace-warnings ...` to show where the warning was created)
(node:59099) ExperimentalWarning: WASI is an experimental feature and might change at any time
(Use `node --trace-warnings ...` to show where the warning was created)
(node:59099) ExperimentalWarning: WASI is an experimental feature and might change at any time
(Use `node --trace-warnings ...` to show where the warning was created)
ok threads n4 pairwise_limit5_serial,pairwise_limit5_serial.fmt0,pairwise_limit5_serial.fmt7
ok threads n1 pairwise_nohit_serial,pairwise_nohit_serial.fmt0,pairwise_nohit_serial.fmt7
(node:59099) ExperimentalWarning: WASI is an experimental feature and might change at any time
(Use `node --trace-warnings ...` to show where the warning was created)
ok threads n2 pairwise_nohit_serial,pairwise_nohit_serial.fmt0,pairwise_nohit_serial.fmt7
(node:59099) ExperimentalWarning: WASI is an experimental feature and might change at any time
(Use `node --trace-warnings ...` to show where the warning was created)
(node:59099) ExperimentalWarning: WASI is an experimental feature and might change at any time
(Use `node --trace-warnings ...` to show where the warning was created)
(node:59099) ExperimentalWarning: WASI is an experimental feature and might change at any time
(Use `node --trace-warnings ...` to show where the warning was created)
ok threads n4 pairwise_nohit_serial,pairwise_nohit_serial.fmt0,pairwise_nohit_serial.fmt7
ok threads n1 all_hsp_forward_serial,all_hsp_forward_serial.fmt0,all_hsp_forward_serial.fmt7,all_hsp_forward_thread4,all_hsp_forward_thread4.fmt0,all_hsp_forward_thread4.fmt7
(node:59099) ExperimentalWarning: WASI is an experimental feature and might change at any time
(Use `node --trace-warnings ...` to show where the warning was created)
ok threads n2 all_hsp_forward_serial,all_hsp_forward_serial.fmt0,all_hsp_forward_serial.fmt7,all_hsp_forward_thread4,all_hsp_forward_thread4.fmt0,all_hsp_forward_thread4.fmt7
(node:59099) ExperimentalWarning: WASI is an experimental feature and might change at any time
(Use `node --trace-warnings ...` to show where the warning was created)
(node:59099) ExperimentalWarning: WASI is an experimental feature and might change at any time
(Use `node --trace-warnings ...` to show where the warning was created)
(node:59099) ExperimentalWarning: WASI is an experimental feature and might change at any time
(Use `node --trace-warnings ...` to show where the warning was created)
ok threads n4 all_hsp_forward_serial,all_hsp_forward_serial.fmt0,all_hsp_forward_serial.fmt7,all_hsp_forward_thread4,all_hsp_forward_thread4.fmt0,all_hsp_forward_thread4.fmt7
ok threads n1 all_hsp_reverse_limit5_serial,all_hsp_reverse_limit5_serial.fmt0,all_hsp_reverse_limit5_serial.fmt7
(node:59099) ExperimentalWarning: WASI is an experimental feature and might change at any time
(Use `node --trace-warnings ...` to show where the warning was created)
ok threads n2 all_hsp_reverse_limit5_serial,all_hsp_reverse_limit5_serial.fmt0,all_hsp_reverse_limit5_serial.fmt7
(node:59099) ExperimentalWarning: WASI is an experimental feature and might change at any time
(Use `node --trace-warnings ...` to show where the warning was created)
(node:59099) ExperimentalWarning: WASI is an experimental feature and might change at any time
(Use `node --trace-warnings ...` to show where the warning was created)
(node:59099) ExperimentalWarning: WASI is an experimental feature and might change at any time
(Use `node --trace-warnings ...` to show where the warning was created)
ok threads n4 all_hsp_reverse_limit5_serial,all_hsp_reverse_limit5_serial.fmt0,all_hsp_reverse_limit5_serial.fmt7
ok threads n1 all_hsp_self_serial,all_hsp_self_serial.fmt0,all_hsp_self_serial.fmt7
(node:59099) ExperimentalWarning: WASI is an experimental feature and might change at any time
(Use `node --trace-warnings ...` to show where the warning was created)
ok threads n2 all_hsp_self_serial,all_hsp_self_serial.fmt0,all_hsp_self_serial.fmt7
(node:59099) ExperimentalWarning: WASI is an experimental feature and might change at any time
(Use `node --trace-warnings ...` to show where the warning was created)
(node:59099) ExperimentalWarning: WASI is an experimental feature and might change at any time
(Use `node --trace-warnings ...` to show where the warning was created)
(node:59099) ExperimentalWarning: WASI is an experimental feature and might change at any time
(Use `node --trace-warnings ...` to show where the warning was created)
ok threads n4 all_hsp_self_serial,all_hsp_self_serial.fmt0,all_hsp_self_serial.fmt7
ok threads n1 width.blastp
(node:59099) ExperimentalWarning: WASI is an experimental feature and might change at any time
(Use `node --trace-warnings ...` to show where the warning was created)
ok threads n2 width.blastp
(node:59099) ExperimentalWarning: WASI is an experimental feature and might change at any time
(Use `node --trace-warnings ...` to show where the warning was created)
(node:59099) ExperimentalWarning: WASI is an experimental feature and might change at any time
(Use `node --trace-warnings ...` to show where the warning was created)
(node:59099) ExperimentalWarning: WASI is an experimental feature and might change at any time
(Use `node --trace-warnings ...` to show where the warning was created)
ok threads n4 width.blastp
ok threads n1 seg.blastp.6
(node:59099) ExperimentalWarning: WASI is an experimental feature and might change at any time
(Use `node --trace-warnings ...` to show where the warning was created)
ok threads n2 seg.blastp.6
(node:59099) ExperimentalWarning: WASI is an experimental feature and might change at any time
(Use `node --trace-warnings ...` to show where the warning was created)
(node:59099) ExperimentalWarning: WASI is an experimental feature and might change at any time
(Use `node --trace-warnings ...` to show where the warning was created)
(node:59099) ExperimentalWarning: WASI is an experimental feature and might change at any time
(Use `node --trace-warnings ...` to show where the warning was created)
ok threads n4 seg.blastp.6
ok threads n1 method.blastp
(node:59099) ExperimentalWarning: WASI is an experimental feature and might change at any time
(Use `node --trace-warnings ...` to show where the warning was created)
ok threads n2 method.blastp
(node:59099) ExperimentalWarning: WASI is an experimental feature and might change at any time
(Use `node --trace-warnings ...` to show where the warning was created)
(node:59099) ExperimentalWarning: WASI is an experimental feature and might change at any time
(Use `node --trace-warnings ...` to show where the warning was created)
(node:59099) ExperimentalWarning: WASI is an experimental feature and might change at any time
(Use `node --trace-warnings ...` to show where the warning was created)
ok threads n4 method.blastp
ok threads n1 e2e.blastp.seg_lcase
(node:59099) ExperimentalWarning: WASI is an experimental feature and might change at any time
(Use `node --trace-warnings ...` to show where the warning was created)
ok threads n2 e2e.blastp.seg_lcase
(node:59099) ExperimentalWarning: WASI is an experimental feature and might change at any time
(Use `node --trace-warnings ...` to show where the warning was created)
(node:59099) ExperimentalWarning: WASI is an experimental feature and might change at any time
(Use `node --trace-warnings ...` to show where the warning was created)
(node:59099) ExperimentalWarning: WASI is an experimental feature and might change at any time
(Use `node --trace-warnings ...` to show where the warning was created)
ok threads n4 e2e.blastp.seg_lcase
ok threads n1 e2e.blastp.seg_window
(node:59099) ExperimentalWarning: WASI is an experimental feature and might change at any time
(Use `node --trace-warnings ...` to show where the warning was created)
ok threads n2 e2e.blastp.seg_window
(node:59099) ExperimentalWarning: WASI is an experimental feature and might change at any time
(Use `node --trace-warnings ...` to show where the warning was created)
(node:59099) ExperimentalWarning: WASI is an experimental feature and might change at any time
(Use `node --trace-warnings ...` to show where the warning was created)
(node:59099) ExperimentalWarning: WASI is an experimental feature and might change at any time
(Use `node --trace-warnings ...` to show where the warning was created)
ok threads n4 e2e.blastp.seg_window
ok threads n1 e2e.blastp.matrix_case
(node:59099) ExperimentalWarning: WASI is an experimental feature and might change at any time
(Use `node --trace-warnings ...` to show where the warning was created)
ok threads n2 e2e.blastp.matrix_case
(node:59099) ExperimentalWarning: WASI is an experimental feature and might change at any time
(Use `node --trace-warnings ...` to show where the warning was created)
(node:59099) ExperimentalWarning: WASI is an experimental feature and might change at any time
(Use `node --trace-warnings ...` to show where the warning was created)
(node:59099) ExperimentalWarning: WASI is an experimental feature and might change at any time
(Use `node --trace-warnings ...` to show where the warning was created)
ok threads n4 e2e.blastp.matrix_case
ok threads n1 e2e.blastp.threshold_real
(node:59099) ExperimentalWarning: WASI is an experimental feature and might change at any time
(Use `node --trace-warnings ...` to show where the warning was created)
ok threads n2 e2e.blastp.threshold_real
(node:59099) ExperimentalWarning: WASI is an experimental feature and might change at any time
(Use `node --trace-warnings ...` to show where the warning was created)
(node:59099) ExperimentalWarning: WASI is an experimental feature and might change at any time
(Use `node --trace-warnings ...` to show where the warning was created)
(node:59099) ExperimentalWarning: WASI is an experimental feature and might change at any time
(Use `node --trace-warnings ...` to show where the warning was created)
ok threads n4 e2e.blastp.threshold_real
ok threads n1 e2e.blastp.threshold_inf
(node:59099) ExperimentalWarning: WASI is an experimental feature and might change at any time
(Use `node --trace-warnings ...` to show where the warning was created)
ok threads n2 e2e.blastp.threshold_inf
(node:59099) ExperimentalWarning: WASI is an experimental feature and might change at any time
(Use `node --trace-warnings ...` to show where the warning was created)
(node:59099) ExperimentalWarning: WASI is an experimental feature and might change at any time
(Use `node --trace-warnings ...` to show where the warning was created)
(node:59099) ExperimentalWarning: WASI is an experimental feature and might change at any time
(Use `node --trace-warnings ...` to show where the warning was created)
ok threads n4 e2e.blastp.threshold_inf
ok threads n1 e2e.blastp.word5
(node:59099) ExperimentalWarning: WASI is an experimental feature and might change at any time
(Use `node --trace-warnings ...` to show where the warning was created)
ok threads n2 e2e.blastp.word5
(node:59099) ExperimentalWarning: WASI is an experimental feature and might change at any time
(Use `node --trace-warnings ...` to show where the warning was created)
(node:59099) ExperimentalWarning: WASI is an experimental feature and might change at any time
(Use `node --trace-warnings ...` to show where the warning was created)
(node:59099) ExperimentalWarning: WASI is an experimental feature and might change at any time
(Use `node --trace-warnings ...` to show where the warning was created)
ok threads n4 e2e.blastp.word5
ok threads n1 e2e.blastp.fast
(node:59099) ExperimentalWarning: WASI is an experimental feature and might change at any time
(Use `node --trace-warnings ...` to show where the warning was created)
ok threads n2 e2e.blastp.fast
(node:59099) ExperimentalWarning: WASI is an experimental feature and might change at any time
(Use `node --trace-warnings ...` to show where the warning was created)
(node:59099) ExperimentalWarning: WASI is an experimental feature and might change at any time
(Use `node --trace-warnings ...` to show where the warning was created)
(node:59099) ExperimentalWarning: WASI is an experimental feature and might change at any time
(Use `node --trace-warnings ...` to show where the warning was created)
ok threads n4 e2e.blastp.fast
ok threads n1 e2e.blastp.evalue_huge,e2e.blastp.evalue_huge7
(node:59099) ExperimentalWarning: WASI is an experimental feature and might change at any time
(Use `node --trace-warnings ...` to show where the warning was created)
ok threads n2 e2e.blastp.evalue_huge,e2e.blastp.evalue_huge7
(node:59099) ExperimentalWarning: WASI is an experimental feature and might change at any time
(Use `node --trace-warnings ...` to show where the warning was created)
(node:59099) ExperimentalWarning: WASI is an experimental feature and might change at any time
(Use `node --trace-warnings ...` to show where the warning was created)
(node:59099) ExperimentalWarning: WASI is an experimental feature and might change at any time
(Use `node --trace-warnings ...` to show where the warning was created)
ok threads n4 e2e.blastp.evalue_huge,e2e.blastp.evalue_huge7
ok threads n1 e2e.blastp.mts3
(node:59099) ExperimentalWarning: WASI is an experimental feature and might change at any time
(Use `node --trace-warnings ...` to show where the warning was created)
ok threads n2 e2e.blastp.mts3
(node:59099) ExperimentalWarning: WASI is an experimental feature and might change at any time
(Use `node --trace-warnings ...` to show where the warning was created)
(node:59099) ExperimentalWarning: WASI is an experimental feature and might change at any time
(Use `node --trace-warnings ...` to show where the warning was created)
(node:59099) ExperimentalWarning: WASI is an experimental feature and might change at any time
(Use `node --trace-warnings ...` to show where the warning was created)
ok threads n4 e2e.blastp.mts3
ok threads n1 e2e.blastp.many
(node:59099) ExperimentalWarning: WASI is an experimental feature and might change at any time
(Use `node --trace-warnings ...` to show where the warning was created)
ok threads n2 e2e.blastp.many
(node:59099) ExperimentalWarning: WASI is an experimental feature and might change at any time
(Use `node --trace-warnings ...` to show where the warning was created)
(node:59099) ExperimentalWarning: WASI is an experimental feature and might change at any time
(Use `node --trace-warnings ...` to show where the warning was created)
(node:59099) ExperimentalWarning: WASI is an experimental feature and might change at any time
(Use `node --trace-warnings ...` to show where the warning was created)
ok threads n4 e2e.blastp.many
ok threads n1 e2e.blastp.many_mts280
(node:59099) ExperimentalWarning: WASI is an experimental feature and might change at any time
(Use `node --trace-warnings ...` to show where the warning was created)
ok threads n2 e2e.blastp.many_mts280
(node:59099) ExperimentalWarning: WASI is an experimental feature and might change at any time
(Use `node --trace-warnings ...` to show where the warning was created)
(node:59099) ExperimentalWarning: WASI is an experimental feature and might change at any time
(Use `node --trace-warnings ...` to show where the warning was created)
(node:59099) ExperimentalWarning: WASI is an experimental feature and might change at any time
(Use `node --trace-warnings ...` to show where the warning was created)
ok threads n4 e2e.blastp.many_mts280
ok threads n1 e2e.blastp.titles
(node:59099) ExperimentalWarning: WASI is an experimental feature and might change at any time
(Use `node --trace-warnings ...` to show where the warning was created)
ok threads n2 e2e.blastp.titles
(node:59099) ExperimentalWarning: WASI is an experimental feature and might change at any time
(Use `node --trace-warnings ...` to show where the warning was created)
(node:59099) ExperimentalWarning: WASI is an experimental feature and might change at any time
(Use `node --trace-warnings ...` to show where the warning was created)
(node:59099) ExperimentalWarning: WASI is an experimental feature and might change at any time
(Use `node --trace-warnings ...` to show where the warning was created)
ok threads n4 e2e.blastp.titles
ok threads n1 e2e.blastp.invalid_o,e2e.blastp.invalid_o7
(node:59099) ExperimentalWarning: WASI is an experimental feature and might change at any time
(Use `node --trace-warnings ...` to show where the warning was created)
ok threads n2 e2e.blastp.invalid_o,e2e.blastp.invalid_o7
(node:59099) ExperimentalWarning: WASI is an experimental feature and might change at any time
(Use `node --trace-warnings ...` to show where the warning was created)
(node:59099) ExperimentalWarning: WASI is an experimental feature and might change at any time
(Use `node --trace-warnings ...` to show where the warning was created)
(node:59099) ExperimentalWarning: WASI is an experimental feature and might change at any time
(Use `node --trace-warnings ...` to show where the warning was created)
ok threads n4 e2e.blastp.invalid_o,e2e.blastp.invalid_o7
ok threads n1 e2e.blastp.allx,e2e.blastp.allx7
(node:59099) ExperimentalWarning: WASI is an experimental feature and might change at any time
(Use `node --trace-warnings ...` to show where the warning was created)
ok threads n2 e2e.blastp.allx,e2e.blastp.allx7
(node:59099) ExperimentalWarning: WASI is an experimental feature and might change at any time
(Use `node --trace-warnings ...` to show where the warning was created)
(node:59099) ExperimentalWarning: WASI is an experimental feature and might change at any time
(Use `node --trace-warnings ...` to show where the warning was created)
(node:59099) ExperimentalWarning: WASI is an experimental feature and might change at any time
(Use `node --trace-warnings ...` to show where the warning was created)
ok threads n4 e2e.blastp.allx,e2e.blastp.allx7
ok threads n1 e2e.blastp.o_subject
(node:59099) ExperimentalWarning: WASI is an experimental feature and might change at any time
(Use `node --trace-warnings ...` to show where the warning was created)
ok threads n2 e2e.blastp.o_subject
(node:59099) ExperimentalWarning: WASI is an experimental feature and might change at any time
(Use `node --trace-warnings ...` to show where the warning was created)
(node:59099) ExperimentalWarning: WASI is an experimental feature and might change at any time
(Use `node --trace-warnings ...` to show where the warning was created)
(node:59099) ExperimentalWarning: WASI is an experimental feature and might change at any time
(Use `node --trace-warnings ...` to show where the warning was created)
ok threads n4 e2e.blastp.o_subject
ok threads n1 e2e.blastp.empty_subject
(node:59099) ExperimentalWarning: WASI is an experimental feature and might change at any time
(Use `node --trace-warnings ...` to show where the warning was created)
ok threads n2 e2e.blastp.empty_subject
(node:59099) ExperimentalWarning: WASI is an experimental feature and might change at any time
(Use `node --trace-warnings ...` to show where the warning was created)
(node:59099) ExperimentalWarning: WASI is an experimental feature and might change at any time
(Use `node --trace-warnings ...` to show where the warning was created)
(node:59099) ExperimentalWarning: WASI is an experimental feature and might change at any time
(Use `node --trace-warnings ...` to show where the warning was created)
ok threads n4 e2e.blastp.empty_subject
ok threads n1 e2e.blastp.o_identity,e2e.blastp.o_identity0
(node:59099) ExperimentalWarning: WASI is an experimental feature and might change at any time
(Use `node --trace-warnings ...` to show where the warning was created)
ok threads n2 e2e.blastp.o_identity,e2e.blastp.o_identity0
(node:59099) ExperimentalWarning: WASI is an experimental feature and might change at any time
(Use `node --trace-warnings ...` to show where the warning was created)
(node:59099) ExperimentalWarning: WASI is an experimental feature and might change at any time
(Use `node --trace-warnings ...` to show where the warning was created)
(node:59099) ExperimentalWarning: WASI is an experimental feature and might change at any time
(Use `node --trace-warnings ...` to show where the warning was created)
ok threads n4 e2e.blastp.o_identity,e2e.blastp.o_identity0
ok threads n1 e2e.blastp.empty_only
(node:59099) ExperimentalWarning: WASI is an experimental feature and might change at any time
(Use `node --trace-warnings ...` to show where the warning was created)
ok threads n2 e2e.blastp.empty_only
(node:59099) ExperimentalWarning: WASI is an experimental feature and might change at any time
(Use `node --trace-warnings ...` to show where the warning was created)
(node:59099) ExperimentalWarning: WASI is an experimental feature and might change at any time
(Use `node --trace-warnings ...` to show where the warning was created)
(node:59099) ExperimentalWarning: WASI is an experimental feature and might change at any time
(Use `node --trace-warnings ...` to show where the warning was created)
ok threads n4 e2e.blastp.empty_only
ok threads n1 e2e.blastp.o_invalid_order
(node:59099) ExperimentalWarning: WASI is an experimental feature and might change at any time
(Use `node --trace-warnings ...` to show where the warning was created)
ok threads n2 e2e.blastp.o_invalid_order
(node:59099) ExperimentalWarning: WASI is an experimental feature and might change at any time
(Use `node --trace-warnings ...` to show where the warning was created)
(node:59099) ExperimentalWarning: WASI is an experimental feature and might change at any time
(Use `node --trace-warnings ...` to show where the warning was created)
(node:59099) ExperimentalWarning: WASI is an experimental feature and might change at any time
(Use `node --trace-warnings ...` to show where the warning was created)
ok threads n4 e2e.blastp.o_invalid_order
ok threads n1 e2e.blastp.mts_wrap
(node:59099) ExperimentalWarning: WASI is an experimental feature and might change at any time
(Use `node --trace-warnings ...` to show where the warning was created)
ok threads n2 e2e.blastp.mts_wrap
(node:59099) ExperimentalWarning: WASI is an experimental feature and might change at any time
(Use `node --trace-warnings ...` to show where the warning was created)
(node:59099) ExperimentalWarning: WASI is an experimental feature and might change at any time
(Use `node --trace-warnings ...` to show where the warning was created)
(node:59099) ExperimentalWarning: WASI is an experimental feature and might change at any time
(Use `node --trace-warnings ...` to show where the warning was created)
ok threads n4 e2e.blastp.mts_wrap
ok threads n1 e2e.blastp.query_split
(node:59099) ExperimentalWarning: WASI is an experimental feature and might change at any time
(Use `node --trace-warnings ...` to show where the warning was created)
ok threads n2 e2e.blastp.query_split
(node:59099) ExperimentalWarning: WASI is an experimental feature and might change at any time
(Use `node --trace-warnings ...` to show where the warning was created)
(node:59099) ExperimentalWarning: WASI is an experimental feature and might change at any time
(Use `node --trace-warnings ...` to show where the warning was created)
(node:59099) ExperimentalWarning: WASI is an experimental feature and might change at any time
(Use `node --trace-warnings ...` to show where the warning was created)
ok threads n4 e2e.blastp.query_split
ok threads n1 e2e.blastp.query_split_two
(node:59099) ExperimentalWarning: WASI is an experimental feature and might change at any time
(Use `node --trace-warnings ...` to show where the warning was created)
ok threads n2 e2e.blastp.query_split_two
(node:59099) ExperimentalWarning: WASI is an experimental feature and might change at any time
(Use `node --trace-warnings ...` to show where the warning was created)
(node:59099) ExperimentalWarning: WASI is an experimental feature and might change at any time
(Use `node --trace-warnings ...` to show where the warning was created)
(node:59099) ExperimentalWarning: WASI is an experimental feature and might change at any time
(Use `node --trace-warnings ...` to show where the warning was created)
ok threads n4 e2e.blastp.query_split_two
ok threads n1 e2e.blastp.compressed_short_subject
(node:59099) ExperimentalWarning: WASI is an experimental feature and might change at any time
(Use `node --trace-warnings ...` to show where the warning was created)
ok threads n2 e2e.blastp.compressed_short_subject
(node:59099) ExperimentalWarning: WASI is an experimental feature and might change at any time
(Use `node --trace-warnings ...` to show where the warning was created)
(node:59099) ExperimentalWarning: WASI is an experimental feature and might change at any time
(Use `node --trace-warnings ...` to show where the warning was created)
(node:59099) ExperimentalWarning: WASI is an experimental feature and might change at any time
(Use `node --trace-warnings ...` to show where the warning was created)
ok threads n4 e2e.blastp.compressed_short_subject
ok threads n1 e2e.blastp.one_hit_negative_width
(node:59099) ExperimentalWarning: WASI is an experimental feature and might change at any time
(Use `node --trace-warnings ...` to show where the warning was created)
ok threads n2 e2e.blastp.one_hit_negative_width
(node:59099) ExperimentalWarning: WASI is an experimental feature and might change at any time
(Use `node --trace-warnings ...` to show where the warning was created)
(node:59099) ExperimentalWarning: WASI is an experimental feature and might change at any time
(Use `node --trace-warnings ...` to show where the warning was created)
(node:59099) ExperimentalWarning: WASI is an experimental feature and might change at any time
(Use `node --trace-warnings ...` to show where the warning was created)
ok threads n4 e2e.blastp.one_hit_negative_width
ok threads n1 e2e.blastp.fast_lone_hsp
(node:59099) ExperimentalWarning: WASI is an experimental feature and might change at any time
(Use `node --trace-warnings ...` to show where the warning was created)
ok threads n2 e2e.blastp.fast_lone_hsp
(node:59099) ExperimentalWarning: WASI is an experimental feature and might change at any time
(Use `node --trace-warnings ...` to show where the warning was created)
(node:59099) ExperimentalWarning: WASI is an experimental feature and might change at any time
(Use `node --trace-warnings ...` to show where the warning was created)
(node:59099) ExperimentalWarning: WASI is an experimental feature and might change at any time
(Use `node --trace-warnings ...` to show where the warning was created)
ok threads n4 e2e.blastp.fast_lone_hsp
ok threads n1 e2e.blastp.fast_lone_hsp_window
(node:59099) ExperimentalWarning: WASI is an experimental feature and might change at any time
(Use `node --trace-warnings ...` to show where the warning was created)
ok threads n2 e2e.blastp.fast_lone_hsp_window
(node:59099) ExperimentalWarning: WASI is an experimental feature and might change at any time
(Use `node --trace-warnings ...` to show where the warning was created)
(node:59099) ExperimentalWarning: WASI is an experimental feature and might change at any time
(Use `node --trace-warnings ...` to show where the warning was created)
(node:59099) ExperimentalWarning: WASI is an experimental feature and might change at any time
(Use `node --trace-warnings ...` to show where the warning was created)
ok threads n4 e2e.blastp.fast_lone_hsp_window
ok threads n1 e2d.blastp.qloc.0,e2d.blastp.qloc.6,e2d.blastp.qloc.7
(node:59099) ExperimentalWarning: WASI is an experimental feature and might change at any time
(Use `node --trace-warnings ...` to show where the warning was created)
ok threads n2 e2d.blastp.qloc.0,e2d.blastp.qloc.6,e2d.blastp.qloc.7
(node:59099) ExperimentalWarning: WASI is an experimental feature and might change at any time
(Use `node --trace-warnings ...` to show where the warning was created)
(node:59099) ExperimentalWarning: WASI is an experimental feature and might change at any time
(Use `node --trace-warnings ...` to show where the warning was created)
(node:59099) ExperimentalWarning: WASI is an experimental feature and might change at any time
(Use `node --trace-warnings ...` to show where the warning was created)
ok threads n4 e2d.blastp.qloc.0,e2d.blastp.qloc.6,e2d.blastp.qloc.7
ok threads n1 e2d.blastp.fields.6f,e2d.blastp.fields.7f
(node:59099) ExperimentalWarning: WASI is an experimental feature and might change at any time
(Use `node --trace-warnings ...` to show where the warning was created)
ok threads n2 e2d.blastp.fields.6f,e2d.blastp.fields.7f
(node:59099) ExperimentalWarning: WASI is an experimental feature and might change at any time
(Use `node --trace-warnings ...` to show where the warning was created)
(node:59099) ExperimentalWarning: WASI is an experimental feature and might change at any time
(Use `node --trace-warnings ...` to show where the warning was created)
(node:59099) ExperimentalWarning: WASI is an experimental feature and might change at any time
(Use `node --trace-warnings ...` to show where the warning was created)
ok threads n4 e2d.blastp.fields.6f,e2d.blastp.fields.7f
ok threads n1 e2d.blastp.end_past.6f
(node:59099) ExperimentalWarning: WASI is an experimental feature and might change at any time
(Use `node --trace-warnings ...` to show where the warning was created)
ok threads n2 e2d.blastp.end_past.6f
(node:59099) ExperimentalWarning: WASI is an experimental feature and might change at any time
(Use `node --trace-warnings ...` to show where the warning was created)
(node:59099) ExperimentalWarning: WASI is an experimental feature and might change at any time
(Use `node --trace-warnings ...` to show where the warning was created)
(node:59099) ExperimentalWarning: WASI is an experimental feature and might change at any time
(Use `node --trace-warnings ...` to show where the warning was created)
ok threads n4 e2d.blastp.end_past.6f
ok threads n1 e2d.blastp.multi_skip.0,e2d.blastp.multi_skip.7
(node:59099) ExperimentalWarning: WASI is an experimental feature and might change at any time
(Use `node --trace-warnings ...` to show where the warning was created)
ok threads n2 e2d.blastp.multi_skip.0,e2d.blastp.multi_skip.7
(node:59099) ExperimentalWarning: WASI is an experimental feature and might change at any time
(Use `node --trace-warnings ...` to show where the warning was created)
(node:59099) ExperimentalWarning: WASI is an experimental feature and might change at any time
(Use `node --trace-warnings ...` to show where the warning was created)
(node:59099) ExperimentalWarning: WASI is an experimental feature and might change at any time
(Use `node --trace-warnings ...` to show where the warning was created)
ok threads n4 e2d.blastp.multi_skip.0,e2d.blastp.multi_skip.7
ok threads n1 e2d.blastp.sloc.0,e2d.blastp.sloc.7
(node:59099) ExperimentalWarning: WASI is an experimental feature and might change at any time
(Use `node --trace-warnings ...` to show where the warning was created)
ok threads n2 e2d.blastp.sloc.0,e2d.blastp.sloc.7
(node:59099) ExperimentalWarning: WASI is an experimental feature and might change at any time
(Use `node --trace-warnings ...` to show where the warning was created)
(node:59099) ExperimentalWarning: WASI is an experimental feature and might change at any time
(Use `node --trace-warnings ...` to show where the warning was created)
(node:59099) ExperimentalWarning: WASI is an experimental feature and might change at any time
(Use `node --trace-warnings ...` to show where the warning was created)
ok threads n4 e2d.blastp.sloc.0,e2d.blastp.sloc.7
ok threads n1 e2d.blastp.sloc_empty.0
(node:59099) ExperimentalWarning: WASI is an experimental feature and might change at any time
(Use `node --trace-warnings ...` to show where the warning was created)
ok threads n2 e2d.blastp.sloc_empty.0
(node:59099) ExperimentalWarning: WASI is an experimental feature and might change at any time
(Use `node --trace-warnings ...` to show where the warning was created)
(node:59099) ExperimentalWarning: WASI is an experimental feature and might change at any time
(Use `node --trace-warnings ...` to show where the warning was created)
(node:59099) ExperimentalWarning: WASI is an experimental feature and might change at any time
(Use `node --trace-warnings ...` to show where the warning was created)
ok threads n4 e2d.blastp.sloc_empty.0
ok threads n1 e2d.blastp.seg.0
(node:59099) ExperimentalWarning: WASI is an experimental feature and might change at any time
(Use `node --trace-warnings ...` to show where the warning was created)
ok threads n2 e2d.blastp.seg.0
(node:59099) ExperimentalWarning: WASI is an experimental feature and might change at any time
(Use `node --trace-warnings ...` to show where the warning was created)
(node:59099) ExperimentalWarning: WASI is an experimental feature and might change at any time
(Use `node --trace-warnings ...` to show where the warning was created)
(node:59099) ExperimentalWarning: WASI is an experimental feature and might change at any time
(Use `node --trace-warnings ...` to show where the warning was created)
ok threads n4 e2d.blastp.seg.0
ok threads n1 e2d.blastp.o.0
(node:59099) ExperimentalWarning: WASI is an experimental feature and might change at any time
(Use `node --trace-warnings ...` to show where the warning was created)
ok threads n2 e2d.blastp.o.0
(node:59099) ExperimentalWarning: WASI is an experimental feature and might change at any time
(Use `node --trace-warnings ...` to show where the warning was created)
(node:59099) ExperimentalWarning: WASI is an experimental feature and might change at any time
(Use `node --trace-warnings ...` to show where the warning was created)
(node:59099) ExperimentalWarning: WASI is an experimental feature and might change at any time
(Use `node --trace-warnings ...` to show where the warning was created)
ok threads n4 e2d.blastp.o.0
ok threads n1 e2d.blastp.split.6
(node:59099) ExperimentalWarning: WASI is an experimental feature and might change at any time
(Use `node --trace-warnings ...` to show where the warning was created)
ok threads n2 e2d.blastp.split.6
(node:59099) ExperimentalWarning: WASI is an experimental feature and might change at any time
(Use `node --trace-warnings ...` to show where the warning was created)
(node:59099) ExperimentalWarning: WASI is an experimental feature and might change at any time
(Use `node --trace-warnings ...` to show where the warning was created)
(node:59099) ExperimentalWarning: WASI is an experimental feature and might change at any time
(Use `node --trace-warnings ...` to show where the warning was created)
ok threads n4 e2d.blastp.split.6
ok threads n1 e2d.blastp.fast.0
(node:59099) ExperimentalWarning: WASI is an experimental feature and might change at any time
(Use `node --trace-warnings ...` to show where the warning was created)
ok threads n2 e2d.blastp.fast.0
(node:59099) ExperimentalWarning: WASI is an experimental feature and might change at any time
(Use `node --trace-warnings ...` to show where the warning was created)
(node:59099) ExperimentalWarning: WASI is an experimental feature and might change at any time
(Use `node --trace-warnings ...` to show where the warning was created)
(node:59099) ExperimentalWarning: WASI is an experimental feature and might change at any time
(Use `node --trace-warnings ...` to show where the warning was created)
ok threads n4 e2d.blastp.fast.0
138 runs matched the native CLI; frozen hashes: 156/156 equal
