(node:3063305) ExperimentalWarning: WASI is an experimental feature and might change at any time
(Use `node --trace-warnings ...` to show where the warning was created)
ok threads describe, validate, register, scan
ok threads n1 pairwise_default_serial,pairwise_default_serial.fmt0,pairwise_default_serial.fmt7,pairwise_default_thread4,pairwise_default_thread4.fmt0,pairwise_default_thread4.fmt7
(node:3063305) ExperimentalWarning: WASI is an experimental feature and might change at any time
(Use `node --trace-warnings ...` to show where the warning was created)
ok threads n2 pairwise_default_serial,pairwise_default_serial.fmt0,pairwise_default_serial.fmt7,pairwise_default_thread4,pairwise_default_thread4.fmt0,pairwise_default_thread4.fmt7
(node:3063305) ExperimentalWarning: WASI is an experimental feature and might change at any time
(Use `node --trace-warnings ...` to show where the warning was created)
(node:3063305) ExperimentalWarning: WASI is an experimental feature and might change at any time
(Use `node --trace-warnings ...` to show where the warning was created)
(node:3063305) ExperimentalWarning: WASI is an experimental feature and might change at any time
(Use `node --trace-warnings ...` to show where the warning was created)
ok threads n4 pairwise_default_serial,pairwise_default_serial.fmt0,pairwise_default_serial.fmt7,pairwise_default_thread4,pairwise_default_thread4.fmt0,pairwise_default_thread4.fmt7
ok threads n1 pairwise_limit1_serial,pairwise_limit1_serial.fmt0,pairwise_limit1_serial.fmt7
(node:3063305) ExperimentalWarning: WASI is an experimental feature and might change at any time
(Use `node --trace-warnings ...` to show where the warning was created)
ok threads n2 pairwise_limit1_serial,pairwise_limit1_serial.fmt0,pairwise_limit1_serial.fmt7
(node:3063305) ExperimentalWarning: WASI is an experimental feature and might change at any time
(Use `node --trace-warnings ...` to show where the warning was created)
(node:3063305) ExperimentalWarning: WASI is an experimental feature and might change at any time
(Use `node --trace-warnings ...` to show where the warning was created)
(node:3063305) ExperimentalWarning: WASI is an experimental feature and might change at any time
(Use `node --trace-warnings ...` to show where the warning was created)
ok threads n4 pairwise_limit1_serial,pairwise_limit1_serial.fmt0,pairwise_limit1_serial.fmt7
ok threads n1 pairwise_limit5_serial,pairwise_limit5_serial.fmt0,pairwise_limit5_serial.fmt7
(node:3063305) ExperimentalWarning: WASI is an experimental feature and might change at any time
(Use `node --trace-warnings ...` to show where the warning was created)
ok threads n2 pairwise_limit5_serial,pairwise_limit5_serial.fmt0,pairwise_limit5_serial.fmt7
(node:3063305) ExperimentalWarning: WASI is an experimental feature and might change at any time
(Use `node --trace-warnings ...` to show where the warning was created)
(node:3063305) ExperimentalWarning: WASI is an experimental feature and might change at any time
(Use `node --trace-warnings ...` to show where the warning was created)
(node:3063305) ExperimentalWarning: WASI is an experimental feature and might change at any time
(Use `node --trace-warnings ...` to show where the warning was created)
ok threads n4 pairwise_limit5_serial,pairwise_limit5_serial.fmt0,pairwise_limit5_serial.fmt7
ok threads n1 pairwise_nohit_serial,pairwise_nohit_serial.fmt0,pairwise_nohit_serial.fmt7
(node:3063305) ExperimentalWarning: WASI is an experimental feature and might change at any time
(Use `node --trace-warnings ...` to show where the warning was created)
ok threads n2 pairwise_nohit_serial,pairwise_nohit_serial.fmt0,pairwise_nohit_serial.fmt7
(node:3063305) ExperimentalWarning: WASI is an experimental feature and might change at any time
(Use `node --trace-warnings ...` to show where the warning was created)
(node:3063305) ExperimentalWarning: WASI is an experimental feature and might change at any time
(Use `node --trace-warnings ...` to show where the warning was created)
(node:3063305) ExperimentalWarning: WASI is an experimental feature and might change at any time
(Use `node --trace-warnings ...` to show where the warning was created)
ok threads n4 pairwise_nohit_serial,pairwise_nohit_serial.fmt0,pairwise_nohit_serial.fmt7
ok threads n1 all_hsp_forward_serial,all_hsp_forward_serial.fmt0,all_hsp_forward_serial.fmt7,all_hsp_forward_thread4,all_hsp_forward_thread4.fmt0,all_hsp_forward_thread4.fmt7
(node:3063305) ExperimentalWarning: WASI is an experimental feature and might change at any time
(Use `node --trace-warnings ...` to show where the warning was created)
ok threads n2 all_hsp_forward_serial,all_hsp_forward_serial.fmt0,all_hsp_forward_serial.fmt7,all_hsp_forward_thread4,all_hsp_forward_thread4.fmt0,all_hsp_forward_thread4.fmt7
(node:3063305) ExperimentalWarning: WASI is an experimental feature and might change at any time
(Use `node --trace-warnings ...` to show where the warning was created)
(node:3063305) ExperimentalWarning: WASI is an experimental feature and might change at any time
(Use `node --trace-warnings ...` to show where the warning was created)
(node:3063305) ExperimentalWarning: WASI is an experimental feature and might change at any time
(Use `node --trace-warnings ...` to show where the warning was created)
ok threads n4 all_hsp_forward_serial,all_hsp_forward_serial.fmt0,all_hsp_forward_serial.fmt7,all_hsp_forward_thread4,all_hsp_forward_thread4.fmt0,all_hsp_forward_thread4.fmt7
ok threads n1 all_hsp_reverse_limit5_serial,all_hsp_reverse_limit5_serial.fmt0,all_hsp_reverse_limit5_serial.fmt7
(node:3063305) ExperimentalWarning: WASI is an experimental feature and might change at any time
(Use `node --trace-warnings ...` to show where the warning was created)
ok threads n2 all_hsp_reverse_limit5_serial,all_hsp_reverse_limit5_serial.fmt0,all_hsp_reverse_limit5_serial.fmt7
(node:3063305) ExperimentalWarning: WASI is an experimental feature and might change at any time
(Use `node --trace-warnings ...` to show where the warning was created)
(node:3063305) ExperimentalWarning: WASI is an experimental feature and might change at any time
(Use `node --trace-warnings ...` to show where the warning was created)
(node:3063305) ExperimentalWarning: WASI is an experimental feature and might change at any time
(Use `node --trace-warnings ...` to show where the warning was created)
ok threads n4 all_hsp_reverse_limit5_serial,all_hsp_reverse_limit5_serial.fmt0,all_hsp_reverse_limit5_serial.fmt7
ok threads n1 all_hsp_self_serial,all_hsp_self_serial.fmt0,all_hsp_self_serial.fmt7
(node:3063305) ExperimentalWarning: WASI is an experimental feature and might change at any time
(Use `node --trace-warnings ...` to show where the warning was created)
ok threads n2 all_hsp_self_serial,all_hsp_self_serial.fmt0,all_hsp_self_serial.fmt7
(node:3063305) ExperimentalWarning: WASI is an experimental feature and might change at any time
(Use `node --trace-warnings ...` to show where the warning was created)
(node:3063305) ExperimentalWarning: WASI is an experimental feature and might change at any time
(Use `node --trace-warnings ...` to show where the warning was created)
(node:3063305) ExperimentalWarning: WASI is an experimental feature and might change at any time
(Use `node --trace-warnings ...` to show where the warning was created)
ok threads n4 all_hsp_self_serial,all_hsp_self_serial.fmt0,all_hsp_self_serial.fmt7
ok threads n1 width.blastp
(node:3063305) ExperimentalWarning: WASI is an experimental feature and might change at any time
(Use `node --trace-warnings ...` to show where the warning was created)
ok threads n2 width.blastp
(node:3063305) ExperimentalWarning: WASI is an experimental feature and might change at any time
(Use `node --trace-warnings ...` to show where the warning was created)
(node:3063305) ExperimentalWarning: WASI is an experimental feature and might change at any time
(Use `node --trace-warnings ...` to show where the warning was created)
(node:3063305) ExperimentalWarning: WASI is an experimental feature and might change at any time
(Use `node --trace-warnings ...` to show where the warning was created)
ok threads n4 width.blastp
24 runs matched the native CLI; frozen hashes: 24/24 equal
