[TRACE_BLASTN] stage=ungapped subject=NZ_CP006932.1(0) context=0 seed=(0, 0) ungapped=q0..657101 s0..657101 raw_score=1314202 cutoff=31 x_dropoff=26 off_found=false accepted=true
[TRACE_BLASTN] stage=seed subject=NZ_CP006932.1(0) context=1 q_off=30640 s_off=239014 lut_word_length=11 lookup_index=687742 diag=-448728 last_hit_pending
[TRACE_BLASTN] stage=ungapped subject=NZ_CP006932.1(0) context=1 seed=(30640, 239014) ungapped=q30642..30651 s239016..239025 raw_score=16 cutoff=31 x_dropoff=26 off_found=false accepted=false
[TRACE_BLASTN] stage=seed subject=NZ_CP006932.1(0) context=1 q_off=30554 s_off=239078 lut_word_length=11 lookup_index=687656 diag=-448578 last_hit_pending
[TRACE_BLASTN] stage=ungapped subject=NZ_CP006932.1(0) context=1 seed=(30554, 239078) ungapped=q30493..30576 s239017..239100 raw_score=56 cutoff=31 x_dropoff=26 off_found=false accepted=true
[TRACE_BLASTN] stage=seed subject=NZ_CP006932.1(0) context=1 q_off=30684 s_off=239205 lut_word_length=11 lookup_index=687786 diag=-448581 last_hit_pending
[TRACE_BLASTN] stage=ungapped subject=NZ_CP006932.1(0) context=1 seed=(30684, 239205) ungapped=q30684..30739 s239205..239260 raw_score=70 cutoff=31 x_dropoff=26 off_found=false accepted=true
[TRACE_BLASTN] stage=seed subject=NZ_CP006932.1(0) context=1 q_off=30724 s_off=239245 lut_word_length=11 lookup_index=687826 diag=-448581 last_hit_pending
[TRACE_BLASTN] stage=seed subject=NZ_CP006932.1(0) context=1 q_off=30725 s_off=239246 lut_word_length=11 lookup_index=687827 diag=-448581 last_hit_pending
[TRACE_BLASTN] stage=seed subject=NZ_CP006932.1(0) context=1 q_off=30536 s_off=239246 lut_word_length=11 lookup_index=687638 diag=-448392 last_hit_pending
[TRACE_BLASTN] stage=ungapped subject=NZ_CP006932.1(0) context=1 seed=(30536, 239246) ungapped=q30494..30550 s239204..239260 raw_score=72 cutoff=31 x_dropoff=26 off_found=false accepted=true
[TRACE_BLASTN] stage=seed subject=NZ_CP006932.1(0) context=1 q_off=30726 s_off=239247 lut_word_length=11 lookup_index=687828 diag=-448581 last_hit_pending
[TRACE_BLASTN] stage=seed subject=NZ_CP006932.1(0) context=1 q_off=30537 s_off=239247 lut_word_length=11 lookup_index=687639 diag=-448392 last_hit_pending
[TRACE_BLASTN] stage=seed subject=NZ_CP006932.1(0) context=1 q_off=30727 s_off=239248 lut_word_length=11 lookup_index=687829 diag=-448581 last_hit_pending
[TRACE_BLASTN] stage=seed subject=NZ_CP006932.1(0) context=1 q_off=30538 s_off=239248 lut_word_length=11 lookup_index=687640 diag=-448392 last_hit_pending
[TRACE_BLASTN] stage=seed subject=NZ_CP006932.1(0) context=1 q_off=30728 s_off=239249 lut_word_length=11 lookup_index=687830 diag=-448581 last_hit_pending
[TRACE_BLASTN] stage=seed subject=NZ_CP006932.1(0) context=1 q_off=30539 s_off=239249 lut_word_length=11 lookup_index=687641 diag=-448392 last_hit_pending
[TRACE_BLASTN] stage=seed subject=NZ_CP006932.1(0) context=1 q_off=30684 s_off=239391 lut_word_length=11 lookup_index=687786 diag=-448395 last_hit_pending
[TRACE_BLASTN] stage=ungapped subject=NZ_CP006932.1(0) context=1 seed=(30684, 239391) ungapped=q30635..30766 s239342..239473 raw_score=92 cutoff=31 x_dropoff=26 off_found=false accepted=true
[TRACE_BLASTN] stage=seed subject=NZ_CP006932.1(0) context=1 q_off=30719 s_off=239426 lut_word_length=11 lookup_index=687821 diag=-448395 last_hit_pending
[TRACE_BLASTN] stage=seed subject=NZ_CP006932.1(0) context=1 q_off=30747 s_off=239454 lut_word_length=11 lookup_index=687849 diag=-448395 last_hit_pending
[TRACE_BLASTN] stage=seed subject=NZ_CP006932.1(0) context=1 q_off=30748 s_off=239455 lut_word_length=11 lookup_index=687850 diag=-448395 last_hit_pending
[TRACE_BLASTN] stage=seed subject=NZ_CP006932.1(0) context=1 q_off=30749 s_off=239456 lut_word_length=11 lookup_index=687851 diag=-448395 last_hit_pending
[TRACE_BLASTN] stage=seed subject=NZ_CP006932.1(0) context=1 q_off=30750 s_off=239457 lut_word_length=11 lookup_index=687852 diag=-448395 last_hit_pending
[TRACE_BLASTN] stage=seed subject=NZ_CP006932.1(0) context=1 q_off=30561 s_off=239457 lut_word_length=11 lookup_index=687663 diag=-448206 last_hit_pending
[TRACE_BLASTN] stage=ungapped subject=NZ_CP006932.1(0) context=1 seed=(30561, 239457) ungapped=q30497..30576 s239393..239472 raw_score=68 cutoff=31 x_dropoff=26 off_found=false accepted=true
[TRACE_BLASTN] stage=seed subject=NZ_CP006932.1(0) context=1 q_off=30751 s_off=239458 lut_word_length=11 lookup_index=687853 diag=-448395 last_hit_pending
[TRACE_BLASTN] stage=seed subject=NZ_CP006932.1(0) context=1 q_off=30562 s_off=239458 lut_word_length=11 lookup_index=687664 diag=-448206 last_hit_pending
[TRACE_BLASTN] stage=seed subject=NZ_CP006932.1(0) context=1 q_off=30941 s_off=239459 lut_word_length=11 lookup_index=688043 diag=-448584 last_hit_pending
[TRACE_BLASTN] stage=ungapped subject=NZ_CP006932.1(0) context=1 seed=(30941, 239459) ungapped=q30875..30955 s239393..239473 raw_score=70 cutoff=31 x_dropoff=26 off_found=false accepted=true
[TRACE_BLASTN] stage=seed subject=NZ_CP006932.1(0) context=1 q_off=30752 s_off=239459 lut_word_length=11 lookup_index=687854 diag=-448395 last_hit_pending
[TRACE_BLASTN] stage=seed subject=NZ_CP006932.1(0) context=1 q_off=30563 s_off=239459 lut_word_length=11 lookup_index=687665 diag=-448206 last_hit_pending
[TRACE_BLASTN] stage=seed subject=NZ_CP006932.1(0) context=1 q_off=30942 s_off=239460 lut_word_length=11 lookup_index=688044 diag=-448584 last_hit_pending
[TRACE_BLASTN] stage=seed subject=NZ_CP006932.1(0) context=1 q_off=30753 s_off=239460 lut_word_length=11 lookup_index=687855 diag=-448395 last_hit_pending
[TRACE_BLASTN] stage=seed subject=NZ_CP006932.1(0) context=1 q_off=30564 s_off=239460 lut_word_length=11 lookup_index=687666 diag=-448206 last_hit_pending
[TRACE_BLASTN] stage=seed subject=NZ_CP006932.1(0) context=1 q_off=30943 s_off=239461 lut_word_length=11 lookup_index=688045 diag=-448584 last_hit_pending
[TRACE_BLASTN] stage=seed subject=NZ_CP006932.1(0) context=1 q_off=30754 s_off=239461 lut_word_length=11 lookup_index=687856 diag=-448395 last_hit_pending
[TRACE_BLASTN] stage=seed subject=NZ_CP006932.1(0) context=1 q_off=30565 s_off=239461 lut_word_length=11 lookup_index=687667 diag=-448206 last_hit_pending
[TRACE_BLASTN] stage=seed subject=NZ_CP006932.1(0) context=1 q_off=30944 s_off=239462 lut_word_length=11 lookup_index=688046 diag=-448584 last_hit_pending
[TRACE_BLASTN] stage=seed subject=NZ_CP006932.1(0) context=1 q_off=30755 s_off=239462 lut_word_length=11 lookup_index=687857 diag=-448395 last_hit_pending
[TRACE_BLASTN] stage=prelim subject=NZ_CP006932.1(0) context=0 ungapped=q0..657101 s0..657101 raw_score=1314202 tree_contains=false min_diag_separation=50
[TRACE_BLASTN] stage=prelim subject=NZ_CP006932.1(0) context=0 seed=(3, 3) prelim=q0..657101 s0..657101 raw_score=1314202 cutoff=31 x_drop_score_only=33 accepted=true
[TRACE_BLASTN] stage=prelim subject=NZ_CP006932.1(0) context=1 ungapped=q30635..30766 s239342..239473 raw_score=92 tree_contains=false min_diag_separation=50
[TRACE_BLASTN] stage=prelim subject=NZ_CP006932.1(0) context=1 seed=(30687, 239394) prelim=q30635..30836 s239342..239543 raw_score=94 cutoff=31 x_drop_score_only=33 accepted=true
[TRACE_BLASTN] stage=prelim subject=NZ_CP006932.1(0) context=1 ungapped=q30494..30550 s239204..239260 raw_score=72 tree_contains=false min_diag_separation=50
[TRACE_BLASTN] stage=prelim subject=NZ_CP006932.1(0) context=1 seed=(30539, 239249) prelim=q30494..30550 s239204..239260 raw_score=72 cutoff=31 x_drop_score_only=33 accepted=true
[TRACE_BLASTN] stage=prelim subject=NZ_CP006932.1(0) context=1 ungapped=q30684..30739 s239205..239260 raw_score=70 tree_contains=false min_diag_separation=50
[TRACE_BLASTN] stage=prelim subject=NZ_CP006932.1(0) context=1 seed=(30687, 239208) prelim=q30493..30739 s239017..239260 raw_score=94 cutoff=31 x_drop_score_only=33 accepted=true
[TRACE_BLASTN] stage=prelim subject=NZ_CP006932.1(0) context=1 ungapped=q30875..30955 s239393..239473 raw_score=70 tree_contains=false min_diag_separation=50
[TRACE_BLASTN] stage=prelim subject=NZ_CP006932.1(0) context=1 seed=(30944, 239462) prelim=q30875..31025 s239393..239543 raw_score=72 cutoff=31 x_drop_score_only=33 accepted=true
[TRACE_BLASTN] stage=prelim subject=NZ_CP006932.1(0) context=1 ungapped=q30497..30576 s239393..239472 raw_score=68 tree_contains=false min_diag_separation=50
[TRACE_BLASTN] stage=prelim subject=NZ_CP006932.1(0) context=1 seed=(30564, 239460) prelim=q30497..30576 s239393..239472 raw_score=68 cutoff=31 x_drop_score_only=33 accepted=true
[TRACE_BLASTN] stage=prelim subject=NZ_CP006932.1(0) context=1 ungapped=q30493..30576 s239017..239100 raw_score=56 tree_contains=true min_diag_separation=50
[TRACE_BLASTN] stage=traceback subject=NZ_CP006932.1(0) context=0 prelim=q0..657101 s0..657101 raw_score=1314202 tree_contains=false
[TRACE_BLASTN] stage=traceback subject=NZ_CP006932.1(0) context=0 start=(3, 3) adjusted_start=(3, 3) start_shift=0 adjusted_s_len=657101 final=q0..657101 s0..657101 raw_score=1314202 x_drop=110 aln_len=657101 identities=657101 mismatches=0 gaps=0 gap_letters=0 edit_ops=1
[TRACE_BLASTN] stage=traceback subject=NZ_CP006932.1(0) context=1 prelim=q30493..30739 s239017..239260 raw_score=94 tree_contains=false
[TRACE_BLASTN] stage=traceback subject=NZ_CP006932.1(0) context=1 start=(30687, 239208) adjusted_start=(30687, 33687) start_shift=205521 adjusted_s_len=451580 final=q30493..31025 s239017..239543 raw_score=98 x_drop=110 aln_len=554 identities=357 mismatches=147 gaps=15 gap_letters=50 edit_ops=31
[TRACE_BLASTN] stage=traceback subject=NZ_CP006932.1(0) context=1 prelim=q30635..30836 s239342..239543 raw_score=94 tree_contains=false
[TRACE_BLASTN] stage=traceback subject=NZ_CP006932.1(0) context=1 start=(30687, 239394) adjusted_start=(30687, 33687) start_shift=205707 adjusted_s_len=451394 final=q30635..30836 s239342..239543 raw_score=94 x_drop=110 aln_len=204 identities=143 mismatches=55 gaps=3 gap_letters=6 edit_ops=7
[TRACE_BLASTN] stage=traceback subject=NZ_CP006932.1(0) context=1 start=(30161, 239054) adjusted_start=(30161, 33161) start_shift=205893 adjusted_s_len=451208 final=q30114..30743 s239007..239633 raw_score=154 x_drop=110 aln_len=646 identities=423 mismatches=186 gaps=12 gap_letters=37 edit_ops=25
[TRACE_BLASTN] stage=traceback subject=NZ_CP006932.1(0) context=1 prelim=q30494..30550 s239204..239260 raw_score=72 tree_contains=false
[TRACE_BLASTN] stage=traceback subject=NZ_CP006932.1(0) context=1 start=(30539, 239249) adjusted_start=(30539, 33539) start_shift=205710 adjusted_s_len=451391 final=q30494..30836 s239204..239543 raw_score=94 x_drop=110 aln_len=350 identities=232 mismatches=99 gaps=7 gap_letters=19 edit_ops=15
[TRACE_BLASTN] stage=traceback subject=NZ_CP006932.1(0) context=1 prelim=q30875..31025 s239393..239543 raw_score=72 tree_contains=true
[TRACE_BLASTN] stage=traceback subject=NZ_CP006932.1(0) context=0 start=(629363, 629288) adjusted_start=(629363, 629288) start_shift=0 adjusted_s_len=657101 final=q0..657101 s0..657101 raw_score=1313462 x_drop=110 aln_len=657176 identities=656979 mismatches=47 gaps=11 gap_letters=150 edit_ops=23
[TRACE_BLASTN] stage=traceback subject=NZ_CP006932.1(0) context=1 prelim=q30497..30576 s239393..239472 raw_score=68 tree_contains=true
[TRACE_BLASTN] stage=traceback subject=NZ_CP006932.1(0) context=1 start=(31095, 239241) adjusted_start=(31095, 34095) start_shift=205146 adjusted_s_len=451955 final=q30867..31124 s239013..239270 raw_score=77 x_drop=110 aln_len=259 identities=174 mismatches=81 gaps=4 gap_letters=4 edit_ops=9
[TRACE_BLASTN] stage=traceback subject=NZ_CP006932.1(0) context=0 start=(2902, 2962) adjusted_start=(2902, 2962) start_shift=0 adjusted_s_len=657101 final=q2899..657101 s2959..657101 raw_score=1308094 x_drop=110 aln_len=654202 identities=654133 mismatches=9 gaps=5 gap_letters=60 edit_ops=11
[TRACE_BLASTN] stage=traceback subject=NZ_CP006932.1(0) context=0 start=(652145, 652199) adjusted_start=(652145, 652199) start_shift=0 adjusted_s_len=657101 final=q0..657101 s0..657101 raw_score=1313843 x_drop=110 aln_len=657155 identities=657044 mismatches=3 gaps=4 gap_letters=108 edit_ops=9
[TRACE_BLASTN] stage=purge subject=NZ_CP006932.1(0) pass=common_endpoint_trim before=11646 after=11581 extra_start=10696
[TRACE_BLASTN] stage=purge subject=NZ_CP006932.1(0) context=1 pass=reeval q30494..30550 s239204..239260 deleted=false raw_score=72 evalue=5.067053024170e-9 bit_score=66.207581025160 identities=48 aln_len=56 identity=85.714286
[TRACE_BLASTN] stage=purge subject=NZ_CP006932.1(0) pass=post_reeval before=11581 after_reeval=11564 after_delete_purge=11480
[TRACE_BLASTN] stage=purge subject=NZ_CP006932.1(0) context=0 pass=final_interval_tree q0..657101 s0..657101 raw_score=1314202 contained=false min_diag_separation=50
[TRACE_BLASTN] stage=purge subject=NZ_CP006932.1(0) context=1 pass=final_interval_tree q30114..30743 s239007..239633 raw_score=154 contained=false min_diag_separation=50
[TRACE_BLASTN] stage=purge subject=NZ_CP006932.1(0) context=1 pass=final_interval_tree q30493..31025 s239017..239543 raw_score=98 contained=false min_diag_separation=50
[TRACE_BLASTN] stage=purge subject=NZ_CP006932.1(0) context=1 pass=final_interval_tree q30635..30836 s239342..239543 raw_score=94 contained=false min_diag_separation=50
[TRACE_BLASTN] stage=purge subject=NZ_CP006932.1(0) context=1 pass=final_interval_tree q30867..31124 s239013..239270 raw_score=77 contained=false min_diag_separation=50
[TRACE_BLASTN] stage=purge subject=NZ_CP006932.1(0) context=1 pass=final_interval_tree q30494..30550 s239204..239260 raw_score=72 contained=false min_diag_separation=50
[TRACE_BLASTN] stage=hitlist query=NZ_CP006932.1 subject=NZ_CP006932.1 q=1..657101 s=1..657101 raw_score=1314202 bit_score=1184996.728883158648 evalue=0.000000000000e0 length=657101 identities=657101 mismatches=0 gapopen=0
[TRACE_BLASTN] stage=hitlist query=NZ_CP006932.1 subject=NZ_CP006932.1 q=626359..626987 s=239633..239008 raw_score=154 bit_score=140.145701870719 evalue=2.800033655461e-31 length=646 identities=423 mismatches=186 gapopen=12
[TRACE_BLASTN] stage=hitlist query=NZ_CP006932.1 subject=NZ_CP006932.1 q=626077..626608 s=239543..239018 raw_score=98 bit_score=89.651375439606 evalue=4.440891044491e-16 length=554 identities=357 mismatches=147 gapopen=15
[TRACE_BLASTN] stage=hitlist query=NZ_CP006932.1 subject=NZ_CP006932.1 q=626266..626466 s=239543..239343 raw_score=94 bit_score=86.044637837383 evalue=5.410112832965e-15 length=204 identities=143 mismatches=55 gapopen=3
[TRACE_BLASTN] stage=hitlist query=NZ_CP006932.1 subject=NZ_CP006932.1 q=625978..626234 s=239270..239014 raw_score=77 bit_score=70.716003027938 evalue=2.226307723892e-10 length=259 identities=174 mismatches=81 gapopen=4
[TRACE_BLASTN] stage=hitlist query=NZ_CP006932.1 subject=NZ_CP006932.1 q=626552..626607 s=239260..239205 raw_score=72 bit_score=66.207581025160 evalue=5.067053024170e-9 length=56 identities=48 mismatches=8 gapopen=0
