D_CALL	0	evalue	41	5000320	1	0	0	1
D_CONTEXT	0	0	120	190009044	82
D_LIST	0	evalue_before	0	0	2	0
D_HSP	0	evalue_before	0	0	1	0	120	4999950	5000070	660	0	0	0	0	0	4999979
D_HSP	0	evalue_before	1	1	1	0	70	4999975	5000045	397	0	0	0	0	0	4999980
D_RETURN	0	evalue	0
D_LIST	0	evalue_after	0	0	2	1.3581798242247882e-81
D_HSP	0	evalue_after	0	0	1	0	120	4999950	5000070	660	0	0	1.3581798242247882e-81	0	0	4999979
D_HSP	0	evalue_after	1	1	1	0	70	4999975	5000045	397	0	0	4.3481931091650905e-47	0	0	4999980
D_CALL	1	evalue	41	5000320	1	0	0	1
D_CONTEXT	1	1	70	125006875	45
D_LIST	1	evalue_before	0	1	1	4.3481931091650905e-47
D_HSP	1	evalue_before	0	1	1	0	70	4999975	5000045	393	70	0	4.3481931091650905e-47	0	0	4999980
D_RETURN	1	evalue	0
D_LIST	1	evalue_after	0	1	1	1.5062844427735441e-46
D_HSP	1	evalue_after	0	1	1	0	70	4999975	5000045	393	70	0	1.5062844427735441e-46	0	0	4999980
D_CALL	2	reap
D_LIST	2	reap_before	0	1	1	1.5062844427735441e-46
D_HSP	2	reap_before	0	1	1	0	70	4999975	5000045	393	70	0	1.5062844427735441e-46	0	0	4999980
D_RETURN	2	reap	0
D_LIST	2	reap_after	0	1	1	1.5062844427735441e-46
D_HSP	2	reap_after	0	1	1	0	70	4999975	5000045	393	70	0	1.5062844427735441e-46	0	0	4999980
D_CALL	3	bits	1
D_LIST	3	bits_before	0	1	1	1.5062844427735441e-46
D_HSP	3	bits_before	0	1	1	0	70	4999975	5000045	393	70	0	1.5062844427735441e-46	0	0	4999980
D_RETURN	3	bits	0
D_LIST	3	bits_after	0	1	1	1.5062844427735441e-46
D_HSP	3	bits_after	0	1	1	0	70	4999975	5000045	393	70	0	1.5062844427735441e-46	155.99166561556385	0	4999980
D_CALL	4	evalue	41	5000320	1	0	0	1
D_CONTEXT	4	0	120	190009044	82
D_LIST	4	evalue_before	0	0	1	1.3581798242247882e-81
D_HSP	4	evalue_before	0	0	1	0	120	4999950	5000070	656	120	0	1.3581798242247882e-81	0	0	4999979
D_RETURN	4	evalue	0
D_LIST	4	evalue_after	0	0	1	4.6937138297278998e-81
D_HSP	4	evalue_after	0	0	1	0	120	4999950	5000070	656	120	0	4.6937138297278998e-81	0	0	4999979
D_CALL	5	reap
D_LIST	5	reap_before	0	0	1	4.6937138297278998e-81
D_HSP	5	reap_before	0	0	1	0	120	4999950	5000070	656	120	0	4.6937138297278998e-81	0	0	4999979
D_RETURN	5	reap	0
D_LIST	5	reap_after	0	0	1	4.6937138297278998e-81
D_HSP	5	reap_after	0	0	1	0	120	4999950	5000070	656	120	0	4.6937138297278998e-81	0	0	4999979
D_CALL	6	bits	1
D_LIST	6	bits_before	0	0	1	4.6937138297278998e-81
D_HSP	6	bits_before	0	0	1	0	120	4999950	5000070	656	120	0	4.6937138297278998e-81	0	0	4999979
D_RETURN	6	bits	0
D_LIST	6	bits_after	0	0	1	4.6937138297278998e-81
D_HSP	6	bits_after	0	0	1	0	120	4999950	5000070	656	120	0	4.6937138297278998e-81	257.29915408182774	0	4999979
