(node:832210) ExperimentalWarning: WASI is an experimental feature and might change at any time
(Use `node --trace-warnings ...` to show where the warning was created)
ok threads describe, validate, register, scan
ok threads n1 PesePMNV.MjPMNV.task_blastn
(node:832210) ExperimentalWarning: WASI is an experimental feature and might change at any time
(Use `node --trace-warnings ...` to show where the warning was created)
ok threads n2 PesePMNV.MjPMNV.task_blastn
(node:832210) ExperimentalWarning: WASI is an experimental feature and might change at any time
(Use `node --trace-warnings ...` to show where the warning was created)
(node:832210) ExperimentalWarning: WASI is an experimental feature and might change at any time
(Use `node --trace-warnings ...` to show where the warning was created)
(node:832210) ExperimentalWarning: WASI is an experimental feature and might change at any time
(Use `node --trace-warnings ...` to show where the warning was created)
ok threads n4 PesePMNV.MjPMNV.task_blastn
ok threads n1 PmeNMV.MjPMNV.task_blastn
(node:832210) ExperimentalWarning: WASI is an experimental feature and might change at any time
(Use `node --trace-warnings ...` to show where the warning was created)
ok threads n2 PmeNMV.MjPMNV.task_blastn
(node:832210) ExperimentalWarning: WASI is an experimental feature and might change at any time
(Use `node --trace-warnings ...` to show where the warning was created)
(node:832210) ExperimentalWarning: WASI is an experimental feature and might change at any time
(Use `node --trace-warnings ...` to show where the warning was created)
(node:832210) ExperimentalWarning: WASI is an experimental feature and might change at any time
(Use `node --trace-warnings ...` to show where the warning was created)
ok threads n4 PmeNMV.MjPMNV.task_blastn
ok threads n1 PmeNMV.PesePMNV.task_blastn
(node:832210) ExperimentalWarning: WASI is an experimental feature and might change at any time
(Use `node --trace-warnings ...` to show where the warning was created)
ok threads n2 PmeNMV.PesePMNV.task_blastn
(node:832210) ExperimentalWarning: WASI is an experimental feature and might change at any time
(Use `node --trace-warnings ...` to show where the warning was created)
(node:832210) ExperimentalWarning: WASI is an experimental feature and might change at any time
(Use `node --trace-warnings ...` to show where the warning was created)
(node:832210) ExperimentalWarning: WASI is an experimental feature and might change at any time
(Use `node --trace-warnings ...` to show where the warning was created)
ok threads n4 PmeNMV.PesePMNV.task_blastn
ok threads n1 PeseMJNV.PemoMJNVB.task_blastn
(node:832210) ExperimentalWarning: WASI is an experimental feature and might change at any time
(Use `node --trace-warnings ...` to show where the warning was created)
ok threads n2 PeseMJNV.PemoMJNVB.task_blastn
(node:832210) ExperimentalWarning: WASI is an experimental feature and might change at any time
(Use `node --trace-warnings ...` to show where the warning was created)
(node:832210) ExperimentalWarning: WASI is an experimental feature and might change at any time
(Use `node --trace-warnings ...` to show where the warning was created)
(node:832210) ExperimentalWarning: WASI is an experimental feature and might change at any time
(Use `node --trace-warnings ...` to show where the warning was created)
ok threads n4 PeseMJNV.PemoMJNVB.task_blastn
ok threads n1 MelaMJNV.PemoMJNVA.task_blastn
(node:832210) ExperimentalWarning: WASI is an experimental feature and might change at any time
(Use `node --trace-warnings ...` to show where the warning was created)
ok threads n2 MelaMJNV.PemoMJNVA.task_blastn
(node:832210) ExperimentalWarning: WASI is an experimental feature and might change at any time
(Use `node --trace-warnings ...` to show where the warning was created)
(node:832210) ExperimentalWarning: WASI is an experimental feature and might change at any time
(Use `node --trace-warnings ...` to show where the warning was created)
(node:832210) ExperimentalWarning: WASI is an experimental feature and might change at any time
(Use `node --trace-warnings ...` to show where the warning was created)
ok threads n4 MelaMJNV.PemoMJNVA.task_blastn
ok threads n1 PemoMJNVA.PeseMJNV.task_blastn
(node:832210) ExperimentalWarning: WASI is an experimental feature and might change at any time
(Use `node --trace-warnings ...` to show where the warning was created)
ok threads n2 PemoMJNVA.PeseMJNV.task_blastn
(node:832210) ExperimentalWarning: WASI is an experimental feature and might change at any time
(Use `node --trace-warnings ...` to show where the warning was created)
(node:832210) ExperimentalWarning: WASI is an experimental feature and might change at any time
(Use `node --trace-warnings ...` to show where the warning was created)
(node:832210) ExperimentalWarning: WASI is an experimental feature and might change at any time
(Use `node --trace-warnings ...` to show where the warning was created)
ok threads n4 PemoMJNVA.PeseMJNV.task_blastn
ok threads n1 MjeNMV.MelaMJNV.task_blastn
(node:832210) ExperimentalWarning: WASI is an experimental feature and might change at any time
(Use `node --trace-warnings ...` to show where the warning was created)
ok threads n2 MjeNMV.MelaMJNV.task_blastn
(node:832210) ExperimentalWarning: WASI is an experimental feature and might change at any time
(Use `node --trace-warnings ...` to show where the warning was created)
(node:832210) ExperimentalWarning: WASI is an experimental feature and might change at any time
(Use `node --trace-warnings ...` to show where the warning was created)
(node:832210) ExperimentalWarning: WASI is an experimental feature and might change at any time
(Use `node --trace-warnings ...` to show where the warning was created)
ok threads n4 MjeNMV.MelaMJNV.task_blastn
ok threads n1 MjPMNV.MlPMNV.task_blastn
(node:832210) ExperimentalWarning: WASI is an experimental feature and might change at any time
(Use `node --trace-warnings ...` to show where the warning was created)
ok threads n2 MjPMNV.MlPMNV.task_blastn
(node:832210) ExperimentalWarning: WASI is an experimental feature and might change at any time
(Use `node --trace-warnings ...` to show where the warning was created)
(node:832210) ExperimentalWarning: WASI is an experimental feature and might change at any time
(Use `node --trace-warnings ...` to show where the warning was created)
(node:832210) ExperimentalWarning: WASI is an experimental feature and might change at any time
(Use `node --trace-warnings ...` to show where the warning was created)
ok threads n4 MjPMNV.MlPMNV.task_blastn
ok threads n1 NZ_CP006932.NZ_CP006932.task_blastn
(node:832210) ExperimentalWarning: WASI is an experimental feature and might change at any time
(Use `node --trace-warnings ...` to show where the warning was created)
ok threads n2 NZ_CP006932.NZ_CP006932.task_blastn
(node:832210) ExperimentalWarning: WASI is an experimental feature and might change at any time
(Use `node --trace-warnings ...` to show where the warning was created)
(node:832210) ExperimentalWarning: WASI is an experimental feature and might change at any time
(Use `node --trace-warnings ...` to show where the warning was created)
(node:832210) ExperimentalWarning: WASI is an experimental feature and might change at any time
(Use `node --trace-warnings ...` to show where the warning was created)
ok threads n4 NZ_CP006932.NZ_CP006932.task_blastn
ok threads n1 EDL933.Sakai.megablast
(node:832210) ExperimentalWarning: WASI is an experimental feature and might change at any time
(Use `node --trace-warnings ...` to show where the warning was created)
ok threads n2 EDL933.Sakai.megablast
(node:832210) ExperimentalWarning: WASI is an experimental feature and might change at any time
(Use `node --trace-warnings ...` to show where the warning was created)
(node:832210) ExperimentalWarning: WASI is an experimental feature and might change at any time
(Use `node --trace-warnings ...` to show where the warning was created)
(node:832210) ExperimentalWarning: WASI is an experimental feature and might change at any time
(Use `node --trace-warnings ...` to show where the warning was created)
ok threads n4 EDL933.Sakai.megablast
ok threads n1 Sakai.MG1655.megablast
(node:832210) ExperimentalWarning: WASI is an experimental feature and might change at any time
(Use `node --trace-warnings ...` to show where the warning was created)
ok threads n2 Sakai.MG1655.megablast
(node:832210) ExperimentalWarning: WASI is an experimental feature and might change at any time
(Use `node --trace-warnings ...` to show where the warning was created)
(node:832210) ExperimentalWarning: WASI is an experimental feature and might change at any time
(Use `node --trace-warnings ...` to show where the warning was created)
(node:832210) ExperimentalWarning: WASI is an experimental feature and might change at any time
(Use `node --trace-warnings ...` to show where the warning was created)
ok threads n4 Sakai.MG1655.megablast
ok threads n1 compact.multi_query.outfmt6,compact.multi_query.outfmt7
(node:832210) ExperimentalWarning: WASI is an experimental feature and might change at any time
(Use `node --trace-warnings ...` to show where the warning was created)
ok threads n2 compact.multi_query.outfmt6,compact.multi_query.outfmt7
(node:832210) ExperimentalWarning: WASI is an experimental feature and might change at any time
(Use `node --trace-warnings ...` to show where the warning was created)
(node:832210) ExperimentalWarning: WASI is an experimental feature and might change at any time
(Use `node --trace-warnings ...` to show where the warning was created)
(node:832210) ExperimentalWarning: WASI is an experimental feature and might change at any time
(Use `node --trace-warnings ...` to show where the warning was created)
ok threads n4 compact.multi_query.outfmt6,compact.multi_query.outfmt7
ok threads n1 compact.multi_query.no_hit.outfmt7
(node:832210) ExperimentalWarning: WASI is an experimental feature and might change at any time
(Use `node --trace-warnings ...` to show where the warning was created)
ok threads n2 compact.multi_query.no_hit.outfmt7
(node:832210) ExperimentalWarning: WASI is an experimental feature and might change at any time
(Use `node --trace-warnings ...` to show where the warning was created)
(node:832210) ExperimentalWarning: WASI is an experimental feature and might change at any time
(Use `node --trace-warnings ...` to show where the warning was created)
(node:832210) ExperimentalWarning: WASI is an experimental feature and might change at any time
(Use `node --trace-warnings ...` to show where the warning was created)
ok threads n4 compact.multi_query.no_hit.outfmt7
ok threads n1 compact.blastn
(node:832210) ExperimentalWarning: WASI is an experimental feature and might change at any time
(Use `node --trace-warnings ...` to show where the warning was created)
ok threads n2 compact.blastn
(node:832210) ExperimentalWarning: WASI is an experimental feature and might change at any time
(Use `node --trace-warnings ...` to show where the warning was created)
(node:832210) ExperimentalWarning: WASI is an experimental feature and might change at any time
(Use `node --trace-warnings ...` to show where the warning was created)
(node:832210) ExperimentalWarning: WASI is an experimental feature and might change at any time
(Use `node --trace-warnings ...` to show where the warning was created)
ok threads n4 compact.blastn
ok threads n1 compact.megablast
(node:832210) ExperimentalWarning: WASI is an experimental feature and might change at any time
(Use `node --trace-warnings ...` to show where the warning was created)
ok threads n2 compact.megablast
(node:832210) ExperimentalWarning: WASI is an experimental feature and might change at any time
(Use `node --trace-warnings ...` to show where the warning was created)
(node:832210) ExperimentalWarning: WASI is an experimental feature and might change at any time
(Use `node --trace-warnings ...` to show where the warning was created)
(node:832210) ExperimentalWarning: WASI is an experimental feature and might change at any time
(Use `node --trace-warnings ...` to show where the warning was created)
ok threads n4 compact.megablast
ok threads n1 compact.nohit.blastn
(node:832210) ExperimentalWarning: WASI is an experimental feature and might change at any time
(Use `node --trace-warnings ...` to show where the warning was created)
ok threads n2 compact.nohit.blastn
(node:832210) ExperimentalWarning: WASI is an experimental feature and might change at any time
(Use `node --trace-warnings ...` to show where the warning was created)
(node:832210) ExperimentalWarning: WASI is an experimental feature and might change at any time
(Use `node --trace-warnings ...` to show where the warning was created)
(node:832210) ExperimentalWarning: WASI is an experimental feature and might change at any time
(Use `node --trace-warnings ...` to show where the warning was created)
ok threads n4 compact.nohit.blastn
ok threads n1 compact.nohit.megablast
(node:832210) ExperimentalWarning: WASI is an experimental feature and might change at any time
(Use `node --trace-warnings ...` to show where the warning was created)
ok threads n2 compact.nohit.megablast
(node:832210) ExperimentalWarning: WASI is an experimental feature and might change at any time
(Use `node --trace-warnings ...` to show where the warning was created)
(node:832210) ExperimentalWarning: WASI is an experimental feature and might change at any time
(Use `node --trace-warnings ...` to show where the warning was created)
(node:832210) ExperimentalWarning: WASI is an experimental feature and might change at any time
(Use `node --trace-warnings ...` to show where the warning was created)
ok threads n4 compact.nohit.megablast
ok threads n1 LC738874_LC738870.megablast
(node:832210) ExperimentalWarning: WASI is an experimental feature and might change at any time
(Use `node --trace-warnings ...` to show where the warning was created)
ok threads n2 LC738874_LC738870.megablast
(node:832210) ExperimentalWarning: WASI is an experimental feature and might change at any time
(Use `node --trace-warnings ...` to show where the warning was created)
(node:832210) ExperimentalWarning: WASI is an experimental feature and might change at any time
(Use `node --trace-warnings ...` to show where the warning was created)
(node:832210) ExperimentalWarning: WASI is an experimental feature and might change at any time
(Use `node --trace-warnings ...` to show where the warning was created)
ok threads n4 LC738874_LC738870.megablast
ok threads n1 AP027152_AP027202.blastn
(node:832210) ExperimentalWarning: WASI is an experimental feature and might change at any time
(Use `node --trace-warnings ...` to show where the warning was created)
ok threads n2 AP027152_AP027202.blastn
(node:832210) ExperimentalWarning: WASI is an experimental feature and might change at any time
(Use `node --trace-warnings ...` to show where the warning was created)
(node:832210) ExperimentalWarning: WASI is an experimental feature and might change at any time
(Use `node --trace-warnings ...` to show where the warning was created)
(node:832210) ExperimentalWarning: WASI is an experimental feature and might change at any time
(Use `node --trace-warnings ...` to show where the warning was created)
ok threads n4 AP027152_AP027202.blastn
ok threads n1 strand.blastn
(node:832210) ExperimentalWarning: WASI is an experimental feature and might change at any time
(Use `node --trace-warnings ...` to show where the warning was created)
ok threads n2 strand.blastn
(node:832210) ExperimentalWarning: WASI is an experimental feature and might change at any time
(Use `node --trace-warnings ...` to show where the warning was created)
(node:832210) ExperimentalWarning: WASI is an experimental feature and might change at any time
(Use `node --trace-warnings ...` to show where the warning was created)
(node:832210) ExperimentalWarning: WASI is an experimental feature and might change at any time
(Use `node --trace-warnings ...` to show where the warning was created)
ok threads n4 strand.blastn
ok threads n1 strand.megablast
(node:832210) ExperimentalWarning: WASI is an experimental feature and might change at any time
(Use `node --trace-warnings ...` to show where the warning was created)
ok threads n2 strand.megablast
(node:832210) ExperimentalWarning: WASI is an experimental feature and might change at any time
(Use `node --trace-warnings ...` to show where the warning was created)
(node:832210) ExperimentalWarning: WASI is an experimental feature and might change at any time
(Use `node --trace-warnings ...` to show where the warning was created)
(node:832210) ExperimentalWarning: WASI is an experimental feature and might change at any time
(Use `node --trace-warnings ...` to show where the warning was created)
ok threads n4 strand.megablast
ok threads n1 mask.dust.blastn
(node:832210) ExperimentalWarning: WASI is an experimental feature and might change at any time
(Use `node --trace-warnings ...` to show where the warning was created)
ok threads n2 mask.dust.blastn
(node:832210) ExperimentalWarning: WASI is an experimental feature and might change at any time
(Use `node --trace-warnings ...` to show where the warning was created)
(node:832210) ExperimentalWarning: WASI is an experimental feature and might change at any time
(Use `node --trace-warnings ...` to show where the warning was created)
(node:832210) ExperimentalWarning: WASI is an experimental feature and might change at any time
(Use `node --trace-warnings ...` to show where the warning was created)
ok threads n4 mask.dust.blastn
ok threads n1 mask.nodust.blastn
(node:832210) ExperimentalWarning: WASI is an experimental feature and might change at any time
(Use `node --trace-warnings ...` to show where the warning was created)
ok threads n2 mask.nodust.blastn
(node:832210) ExperimentalWarning: WASI is an experimental feature and might change at any time
(Use `node --trace-warnings ...` to show where the warning was created)
(node:832210) ExperimentalWarning: WASI is an experimental feature and might change at any time
(Use `node --trace-warnings ...` to show where the warning was created)
(node:832210) ExperimentalWarning: WASI is an experimental feature and might change at any time
(Use `node --trace-warnings ...` to show where the warning was created)
ok threads n4 mask.nodust.blastn
ok threads n1 mask.lcase.blastn
(node:832210) ExperimentalWarning: WASI is an experimental feature and might change at any time
(Use `node --trace-warnings ...` to show where the warning was created)
ok threads n2 mask.lcase.blastn
(node:832210) ExperimentalWarning: WASI is an experimental feature and might change at any time
(Use `node --trace-warnings ...` to show where the warning was created)
(node:832210) ExperimentalWarning: WASI is an experimental feature and might change at any time
(Use `node --trace-warnings ...` to show where the warning was created)
(node:832210) ExperimentalWarning: WASI is an experimental feature and might change at any time
(Use `node --trace-warnings ...` to show where the warning was created)
ok threads n4 mask.lcase.blastn
ok threads n1 mask.lcase_nodust.blastn
(node:832210) ExperimentalWarning: WASI is an experimental feature and might change at any time
(Use `node --trace-warnings ...` to show where the warning was created)
ok threads n2 mask.lcase_nodust.blastn
(node:832210) ExperimentalWarning: WASI is an experimental feature and might change at any time
(Use `node --trace-warnings ...` to show where the warning was created)
(node:832210) ExperimentalWarning: WASI is an experimental feature and might change at any time
(Use `node --trace-warnings ...` to show where the warning was created)
(node:832210) ExperimentalWarning: WASI is an experimental feature and might change at any time
(Use `node --trace-warnings ...` to show where the warning was created)
ok threads n4 mask.lcase_nodust.blastn
ok threads n1 mask.lcase.megablast
(node:832210) ExperimentalWarning: WASI is an experimental feature and might change at any time
(Use `node --trace-warnings ...` to show where the warning was created)
ok threads n2 mask.lcase.megablast
(node:832210) ExperimentalWarning: WASI is an experimental feature and might change at any time
(Use `node --trace-warnings ...` to show where the warning was created)
(node:832210) ExperimentalWarning: WASI is an experimental feature and might change at any time
(Use `node --trace-warnings ...` to show where the warning was created)
(node:832210) ExperimentalWarning: WASI is an experimental feature and might change at any time
(Use `node --trace-warnings ...` to show where the warning was created)
ok threads n4 mask.lcase.megablast
ok threads n1 mask.subjlc_lcase.blastn
(node:832210) ExperimentalWarning: WASI is an experimental feature and might change at any time
(Use `node --trace-warnings ...` to show where the warning was created)
ok threads n2 mask.subjlc_lcase.blastn
(node:832210) ExperimentalWarning: WASI is an experimental feature and might change at any time
(Use `node --trace-warnings ...` to show where the warning was created)
(node:832210) ExperimentalWarning: WASI is an experimental feature and might change at any time
(Use `node --trace-warnings ...` to show where the warning was created)
(node:832210) ExperimentalWarning: WASI is an experimental feature and might change at any time
(Use `node --trace-warnings ...` to show where the warning was created)
ok threads n4 mask.subjlc_lcase.blastn
ok threads n1 mask.subjlc.blastn
(node:832210) ExperimentalWarning: WASI is an experimental feature and might change at any time
(Use `node --trace-warnings ...` to show where the warning was created)
ok threads n2 mask.subjlc.blastn
(node:832210) ExperimentalWarning: WASI is an experimental feature and might change at any time
(Use `node --trace-warnings ...` to show where the warning was created)
(node:832210) ExperimentalWarning: WASI is an experimental feature and might change at any time
(Use `node --trace-warnings ...` to show where the warning was created)
(node:832210) ExperimentalWarning: WASI is an experimental feature and might change at any time
(Use `node --trace-warnings ...` to show where the warning was created)
ok threads n4 mask.subjlc.blastn
ok threads n1 mask.lcase_minus.blastn
(node:832210) ExperimentalWarning: WASI is an experimental feature and might change at any time
(Use `node --trace-warnings ...` to show where the warning was created)
ok threads n2 mask.lcase_minus.blastn
(node:832210) ExperimentalWarning: WASI is an experimental feature and might change at any time
(Use `node --trace-warnings ...` to show where the warning was created)
(node:832210) ExperimentalWarning: WASI is an experimental feature and might change at any time
(Use `node --trace-warnings ...` to show where the warning was created)
(node:832210) ExperimentalWarning: WASI is an experimental feature and might change at any time
(Use `node --trace-warnings ...` to show where the warning was created)
ok threads n4 mask.lcase_minus.blastn
ok threads n1 mask.lcase_minus.megablast
(node:832210) ExperimentalWarning: WASI is an experimental feature and might change at any time
(Use `node --trace-warnings ...` to show where the warning was created)
ok threads n2 mask.lcase_minus.megablast
(node:832210) ExperimentalWarning: WASI is an experimental feature and might change at any time
(Use `node --trace-warnings ...` to show where the warning was created)
(node:832210) ExperimentalWarning: WASI is an experimental feature and might change at any time
(Use `node --trace-warnings ...` to show where the warning was created)
(node:832210) ExperimentalWarning: WASI is an experimental feature and might change at any time
(Use `node --trace-warnings ...` to show where the warning was created)
ok threads n4 mask.lcase_minus.megablast
ok threads n1 multi.blastn
(node:832210) ExperimentalWarning: WASI is an experimental feature and might change at any time
(Use `node --trace-warnings ...` to show where the warning was created)
ok threads n2 multi.blastn
(node:832210) ExperimentalWarning: WASI is an experimental feature and might change at any time
(Use `node --trace-warnings ...` to show where the warning was created)
(node:832210) ExperimentalWarning: WASI is an experimental feature and might change at any time
(Use `node --trace-warnings ...` to show where the warning was created)
(node:832210) ExperimentalWarning: WASI is an experimental feature and might change at any time
(Use `node --trace-warnings ...` to show where the warning was created)
ok threads n4 multi.blastn
ok threads n1 multi.megablast
(node:832210) ExperimentalWarning: WASI is an experimental feature and might change at any time
(Use `node --trace-warnings ...` to show where the warning was created)
ok threads n2 multi.megablast
(node:832210) ExperimentalWarning: WASI is an experimental feature and might change at any time
(Use `node --trace-warnings ...` to show where the warning was created)
(node:832210) ExperimentalWarning: WASI is an experimental feature and might change at any time
(Use `node --trace-warnings ...` to show where the warning was created)
(node:832210) ExperimentalWarning: WASI is an experimental feature and might change at any time
(Use `node --trace-warnings ...` to show where the warning was created)
ok threads n4 multi.megablast
ok threads n1 multi.mts3.blastn
(node:832210) ExperimentalWarning: WASI is an experimental feature and might change at any time
(Use `node --trace-warnings ...` to show where the warning was created)
ok threads n2 multi.mts3.blastn
(node:832210) ExperimentalWarning: WASI is an experimental feature and might change at any time
(Use `node --trace-warnings ...` to show where the warning was created)
(node:832210) ExperimentalWarning: WASI is an experimental feature and might change at any time
(Use `node --trace-warnings ...` to show where the warning was created)
(node:832210) ExperimentalWarning: WASI is an experimental feature and might change at any time
(Use `node --trace-warnings ...` to show where the warning was created)
ok threads n4 multi.mts3.blastn
ok threads n1 multi.mts1.blastn
(node:832210) ExperimentalWarning: WASI is an experimental feature and might change at any time
(Use `node --trace-warnings ...` to show where the warning was created)
ok threads n2 multi.mts1.blastn
(node:832210) ExperimentalWarning: WASI is an experimental feature and might change at any time
(Use `node --trace-warnings ...` to show where the warning was created)
(node:832210) ExperimentalWarning: WASI is an experimental feature and might change at any time
(Use `node --trace-warnings ...` to show where the warning was created)
(node:832210) ExperimentalWarning: WASI is an experimental feature and might change at any time
(Use `node --trace-warnings ...` to show where the warning was created)
ok threads n4 multi.mts1.blastn
ok threads n1 multi.ws7_e1000.blastn
(node:832210) ExperimentalWarning: WASI is an experimental feature and might change at any time
(Use `node --trace-warnings ...` to show where the warning was created)
ok threads n2 multi.ws7_e1000.blastn
(node:832210) ExperimentalWarning: WASI is an experimental feature and might change at any time
(Use `node --trace-warnings ...` to show where the warning was created)
(node:832210) ExperimentalWarning: WASI is an experimental feature and might change at any time
(Use `node --trace-warnings ...` to show where the warning was created)
(node:832210) ExperimentalWarning: WASI is an experimental feature and might change at any time
(Use `node --trace-warnings ...` to show where the warning was created)
ok threads n4 multi.ws7_e1000.blastn
ok threads n1 multi.maxhsps1.blastn
(node:832210) ExperimentalWarning: WASI is an experimental feature and might change at any time
(Use `node --trace-warnings ...` to show where the warning was created)
ok threads n2 multi.maxhsps1.blastn
(node:832210) ExperimentalWarning: WASI is an experimental feature and might change at any time
(Use `node --trace-warnings ...` to show where the warning was created)
(node:832210) ExperimentalWarning: WASI is an experimental feature and might change at any time
(Use `node --trace-warnings ...` to show where the warning was created)
(node:832210) ExperimentalWarning: WASI is an experimental feature and might change at any time
(Use `node --trace-warnings ...` to show where the warning was created)
ok threads n4 multi.maxhsps1.blastn
ok threads n1 multi.perc97.blastn
(node:832210) ExperimentalWarning: WASI is an experimental feature and might change at any time
(Use `node --trace-warnings ...` to show where the warning was created)
ok threads n2 multi.perc97.blastn
(node:832210) ExperimentalWarning: WASI is an experimental feature and might change at any time
(Use `node --trace-warnings ...` to show where the warning was created)
(node:832210) ExperimentalWarning: WASI is an experimental feature and might change at any time
(Use `node --trace-warnings ...` to show where the warning was created)
(node:832210) ExperimentalWarning: WASI is an experimental feature and might change at any time
(Use `node --trace-warnings ...` to show where the warning was created)
ok threads n4 multi.perc97.blastn
ok threads n1 multi.besthit.blastn
(node:832210) ExperimentalWarning: WASI is an experimental feature and might change at any time
(Use `node --trace-warnings ...` to show where the warning was created)
ok threads n2 multi.besthit.blastn
(node:832210) ExperimentalWarning: WASI is an experimental feature and might change at any time
(Use `node --trace-warnings ...` to show where the warning was created)
(node:832210) ExperimentalWarning: WASI is an experimental feature and might change at any time
(Use `node --trace-warnings ...` to show where the warning was created)
(node:832210) ExperimentalWarning: WASI is an experimental feature and might change at any time
(Use `node --trace-warnings ...` to show where the warning was created)
ok threads n4 multi.besthit.blastn
ok threads n1 multi.r2p3g00.megablast
(node:832210) ExperimentalWarning: WASI is an experimental feature and might change at any time
(Use `node --trace-warnings ...` to show where the warning was created)
ok threads n2 multi.r2p3g00.megablast
(node:832210) ExperimentalWarning: WASI is an experimental feature and might change at any time
(Use `node --trace-warnings ...` to show where the warning was created)
(node:832210) ExperimentalWarning: WASI is an experimental feature and might change at any time
(Use `node --trace-warnings ...` to show where the warning was created)
(node:832210) ExperimentalWarning: WASI is an experimental feature and might change at any time
(Use `node --trace-warnings ...` to show where the warning was created)
ok threads n4 multi.r2p3g00.megablast
ok threads n1 many.blastn
(node:832210) ExperimentalWarning: WASI is an experimental feature and might change at any time
(Use `node --trace-warnings ...` to show where the warning was created)
ok threads n2 many.blastn
(node:832210) ExperimentalWarning: WASI is an experimental feature and might change at any time
(Use `node --trace-warnings ...` to show where the warning was created)
(node:832210) ExperimentalWarning: WASI is an experimental feature and might change at any time
(Use `node --trace-warnings ...` to show where the warning was created)
(node:832210) ExperimentalWarning: WASI is an experimental feature and might change at any time
(Use `node --trace-warnings ...` to show where the warning was created)
ok threads n4 many.blastn
ok threads n1 many.mts255.blastn
(node:832210) ExperimentalWarning: WASI is an experimental feature and might change at any time
(Use `node --trace-warnings ...` to show where the warning was created)
ok threads n2 many.mts255.blastn
(node:832210) ExperimentalWarning: WASI is an experimental feature and might change at any time
(Use `node --trace-warnings ...` to show where the warning was created)
(node:832210) ExperimentalWarning: WASI is an experimental feature and might change at any time
(Use `node --trace-warnings ...` to show where the warning was created)
(node:832210) ExperimentalWarning: WASI is an experimental feature and might change at any time
(Use `node --trace-warnings ...` to show where the warning was created)
ok threads n4 many.mts255.blastn
ok threads n1 many.mts500.blastn
(node:832210) ExperimentalWarning: WASI is an experimental feature and might change at any time
(Use `node --trace-warnings ...` to show where the warning was created)
ok threads n2 many.mts500.blastn
(node:832210) ExperimentalWarning: WASI is an experimental feature and might change at any time
(Use `node --trace-warnings ...` to show where the warning was created)
(node:832210) ExperimentalWarning: WASI is an experimental feature and might change at any time
(Use `node --trace-warnings ...` to show where the warning was created)
(node:832210) ExperimentalWarning: WASI is an experimental feature and might change at any time
(Use `node --trace-warnings ...` to show where the warning was created)
ok threads n4 many.mts500.blastn
ok threads n1 width.blastn
(node:832210) ExperimentalWarning: WASI is an experimental feature and might change at any time
(Use `node --trace-warnings ...` to show where the warning was created)
ok threads n2 width.blastn
(node:832210) ExperimentalWarning: WASI is an experimental feature and might change at any time
(Use `node --trace-warnings ...` to show where the warning was created)
(node:832210) ExperimentalWarning: WASI is an experimental feature and might change at any time
(Use `node --trace-warnings ...` to show where the warning was created)
(node:832210) ExperimentalWarning: WASI is an experimental feature and might change at any time
(Use `node --trace-warnings ...` to show where the warning was created)
ok threads n4 width.blastn
ok threads n1 width.megablast
(node:832210) ExperimentalWarning: WASI is an experimental feature and might change at any time
(Use `node --trace-warnings ...` to show where the warning was created)
ok threads n2 width.megablast
(node:832210) ExperimentalWarning: WASI is an experimental feature and might change at any time
(Use `node --trace-warnings ...` to show where the warning was created)
(node:832210) ExperimentalWarning: WASI is an experimental feature and might change at any time
(Use `node --trace-warnings ...` to show where the warning was created)
(node:832210) ExperimentalWarning: WASI is an experimental feature and might change at any time
(Use `node --trace-warnings ...` to show where the warning was created)
ok threads n4 width.megablast
ok threads n1 edge.allN.blastn
(node:832210) ExperimentalWarning: WASI is an experimental feature and might change at any time
(Use `node --trace-warnings ...` to show where the warning was created)
ok threads n2 edge.allN.blastn
(node:832210) ExperimentalWarning: WASI is an experimental feature and might change at any time
(Use `node --trace-warnings ...` to show where the warning was created)
(node:832210) ExperimentalWarning: WASI is an experimental feature and might change at any time
(Use `node --trace-warnings ...` to show where the warning was created)
(node:832210) ExperimentalWarning: WASI is an experimental feature and might change at any time
(Use `node --trace-warnings ...` to show where the warning was created)
ok threads n4 edge.allN.blastn
ok threads n1 edge.alllower_lcase.blastn
(node:832210) ExperimentalWarning: WASI is an experimental feature and might change at any time
(Use `node --trace-warnings ...` to show where the warning was created)
ok threads n2 edge.alllower_lcase.blastn
(node:832210) ExperimentalWarning: WASI is an experimental feature and might change at any time
(Use `node --trace-warnings ...` to show where the warning was created)
(node:832210) ExperimentalWarning: WASI is an experimental feature and might change at any time
(Use `node --trace-warnings ...` to show where the warning was created)
(node:832210) ExperimentalWarning: WASI is an experimental feature and might change at any time
(Use `node --trace-warnings ...` to show where the warning was created)
ok threads n4 edge.alllower_lcase.blastn
ok threads n1 edge.mixed_allN.blastn
(node:832210) ExperimentalWarning: WASI is an experimental feature and might change at any time
(Use `node --trace-warnings ...` to show where the warning was created)
ok threads n2 edge.mixed_allN.blastn
(node:832210) ExperimentalWarning: WASI is an experimental feature and might change at any time
(Use `node --trace-warnings ...` to show where the warning was created)
(node:832210) ExperimentalWarning: WASI is an experimental feature and might change at any time
(Use `node --trace-warnings ...` to show where the warning was created)
(node:832210) ExperimentalWarning: WASI is an experimental feature and might change at any time
(Use `node --trace-warnings ...` to show where the warning was created)
ok threads n4 edge.mixed_allN.blastn
ok threads n1 edge.ambig.blastn
(node:832210) ExperimentalWarning: WASI is an experimental feature and might change at any time
(Use `node --trace-warnings ...` to show where the warning was created)
ok threads n2 edge.ambig.blastn
(node:832210) ExperimentalWarning: WASI is an experimental feature and might change at any time
(Use `node --trace-warnings ...` to show where the warning was created)
(node:832210) ExperimentalWarning: WASI is an experimental feature and might change at any time
(Use `node --trace-warnings ...` to show where the warning was created)
(node:832210) ExperimentalWarning: WASI is an experimental feature and might change at any time
(Use `node --trace-warnings ...` to show where the warning was created)
ok threads n4 edge.ambig.blastn
ok threads n1 edge.ambig.megablast
(node:832210) ExperimentalWarning: WASI is an experimental feature and might change at any time
(Use `node --trace-warnings ...` to show where the warning was created)
ok threads n2 edge.ambig.megablast
(node:832210) ExperimentalWarning: WASI is an experimental feature and might change at any time
(Use `node --trace-warnings ...` to show where the warning was created)
(node:832210) ExperimentalWarning: WASI is an experimental feature and might change at any time
(Use `node --trace-warnings ...` to show where the warning was created)
(node:832210) ExperimentalWarning: WASI is an experimental feature and might change at any time
(Use `node --trace-warnings ...` to show where the warning was created)
ok threads n4 edge.ambig.megablast
ok threads n1 edge.batch_allN.blastn
(node:832210) ExperimentalWarning: WASI is an experimental feature and might change at any time
(Use `node --trace-warnings ...` to show where the warning was created)
ok threads n2 edge.batch_allN.blastn
(node:832210) ExperimentalWarning: WASI is an experimental feature and might change at any time
(Use `node --trace-warnings ...` to show where the warning was created)
(node:832210) ExperimentalWarning: WASI is an experimental feature and might change at any time
(Use `node --trace-warnings ...` to show where the warning was created)
(node:832210) ExperimentalWarning: WASI is an experimental feature and might change at any time
(Use `node --trace-warnings ...` to show where the warning was created)
ok threads n4 edge.batch_allN.blastn
ok threads n1 edge.batch_allN.megablast
(node:832210) ExperimentalWarning: WASI is an experimental feature and might change at any time
(Use `node --trace-warnings ...` to show where the warning was created)
ok threads n2 edge.batch_allN.megablast
(node:832210) ExperimentalWarning: WASI is an experimental feature and might change at any time
(Use `node --trace-warnings ...` to show where the warning was created)
(node:832210) ExperimentalWarning: WASI is an experimental feature and might change at any time
(Use `node --trace-warnings ...` to show where the warning was created)
(node:832210) ExperimentalWarning: WASI is an experimental feature and might change at any time
(Use `node --trace-warnings ...` to show where the warning was created)
ok threads n4 edge.batch_allN.megablast
ok threads n1 longdef.megablast
(node:832210) ExperimentalWarning: WASI is an experimental feature and might change at any time
(Use `node --trace-warnings ...` to show where the warning was created)
ok threads n2 longdef.megablast
(node:832210) ExperimentalWarning: WASI is an experimental feature and might change at any time
(Use `node --trace-warnings ...` to show where the warning was created)
(node:832210) ExperimentalWarning: WASI is an experimental feature and might change at any time
(Use `node --trace-warnings ...` to show where the warning was created)
(node:832210) ExperimentalWarning: WASI is an experimental feature and might change at any time
(Use `node --trace-warnings ...` to show where the warning was created)
ok threads n4 longdef.megablast
ok threads n1 scoring.reward1.blastn
(node:832210) ExperimentalWarning: WASI is an experimental feature and might change at any time
(Use `node --trace-warnings ...` to show where the warning was created)
ok threads n2 scoring.reward1.blastn
(node:832210) ExperimentalWarning: WASI is an experimental feature and might change at any time
(Use `node --trace-warnings ...` to show where the warning was created)
(node:832210) ExperimentalWarning: WASI is an experimental feature and might change at any time
(Use `node --trace-warnings ...` to show where the warning was created)
(node:832210) ExperimentalWarning: WASI is an experimental feature and might change at any time
(Use `node --trace-warnings ...` to show where the warning was created)
ok threads n4 scoring.reward1.blastn
ok threads n1 scoring.beyond_table.megablast
(node:832210) ExperimentalWarning: WASI is an experimental feature and might change at any time
(Use `node --trace-warnings ...` to show where the warning was created)
ok threads n2 scoring.beyond_table.megablast
(node:832210) ExperimentalWarning: WASI is an experimental feature and might change at any time
(Use `node --trace-warnings ...` to show where the warning was created)
(node:832210) ExperimentalWarning: WASI is an experimental feature and might change at any time
(Use `node --trace-warnings ...` to show where the warning was created)
(node:832210) ExperimentalWarning: WASI is an experimental feature and might change at any time
(Use `node --trace-warnings ...` to show where the warning was created)
ok threads n4 scoring.beyond_table.megablast
ok threads n1 scoring.divisor.blastn
(node:832210) ExperimentalWarning: WASI is an experimental feature and might change at any time
(Use `node --trace-warnings ...` to show where the warning was created)
ok threads n2 scoring.divisor.blastn
(node:832210) ExperimentalWarning: WASI is an experimental feature and might change at any time
(Use `node --trace-warnings ...` to show where the warning was created)
(node:832210) ExperimentalWarning: WASI is an experimental feature and might change at any time
(Use `node --trace-warnings ...` to show where the warning was created)
(node:832210) ExperimentalWarning: WASI is an experimental feature and might change at any time
(Use `node --trace-warnings ...` to show where the warning was created)
ok threads n4 scoring.divisor.blastn
ok threads n1 scoring.beyond_table_iupac.blastn
(node:832210) ExperimentalWarning: WASI is an experimental feature and might change at any time
(Use `node --trace-warnings ...` to show where the warning was created)
ok threads n2 scoring.beyond_table_iupac.blastn
(node:832210) ExperimentalWarning: WASI is an experimental feature and might change at any time
(Use `node --trace-warnings ...` to show where the warning was created)
(node:832210) ExperimentalWarning: WASI is an experimental feature and might change at any time
(Use `node --trace-warnings ...` to show where the warning was created)
(node:832210) ExperimentalWarning: WASI is an experimental feature and might change at any time
(Use `node --trace-warnings ...` to show where the warning was created)
ok threads n4 scoring.beyond_table_iupac.blastn
ok threads n1 input.rna.megablast
(node:832210) ExperimentalWarning: WASI is an experimental feature and might change at any time
(Use `node --trace-warnings ...` to show where the warning was created)
ok threads n2 input.rna.megablast
(node:832210) ExperimentalWarning: WASI is an experimental feature and might change at any time
(Use `node --trace-warnings ...` to show where the warning was created)
(node:832210) ExperimentalWarning: WASI is an experimental feature and might change at any time
(Use `node --trace-warnings ...` to show where the warning was created)
(node:832210) ExperimentalWarning: WASI is an experimental feature and might change at any time
(Use `node --trace-warnings ...` to show where the warning was created)
ok threads n4 input.rna.megablast
ok threads n1 edge.short_invalid.blastn
(node:832210) ExperimentalWarning: WASI is an experimental feature and might change at any time
(Use `node --trace-warnings ...` to show where the warning was created)
ok threads n2 edge.short_invalid.blastn
(node:832210) ExperimentalWarning: WASI is an experimental feature and might change at any time
(Use `node --trace-warnings ...` to show where the warning was created)
(node:832210) ExperimentalWarning: WASI is an experimental feature and might change at any time
(Use `node --trace-warnings ...` to show where the warning was created)
(node:832210) ExperimentalWarning: WASI is an experimental feature and might change at any time
(Use `node --trace-warnings ...` to show where the warning was created)
ok threads n4 edge.short_invalid.blastn
ok threads n1 dc.default,dc.default.7
(node:832210) ExperimentalWarning: WASI is an experimental feature and might change at any time
(Use `node --trace-warnings ...` to show where the warning was created)
ok threads n2 dc.default,dc.default.7
(node:832210) ExperimentalWarning: WASI is an experimental feature and might change at any time
(Use `node --trace-warnings ...` to show where the warning was created)
(node:832210) ExperimentalWarning: WASI is an experimental feature and might change at any time
(Use `node --trace-warnings ...` to show where the warning was created)
(node:832210) ExperimentalWarning: WASI is an experimental feature and might change at any time
(Use `node --trace-warnings ...` to show where the warning was created)
ok threads n4 dc.default,dc.default.7
ok threads n1 dc.small
(node:832210) ExperimentalWarning: WASI is an experimental feature and might change at any time
(Use `node --trace-warnings ...` to show where the warning was created)
ok threads n2 dc.small
(node:832210) ExperimentalWarning: WASI is an experimental feature and might change at any time
(Use `node --trace-warnings ...` to show where the warning was created)
(node:832210) ExperimentalWarning: WASI is an experimental feature and might change at any time
(Use `node --trace-warnings ...` to show where the warning was created)
(node:832210) ExperimentalWarning: WASI is an experimental feature and might change at any time
(Use `node --trace-warnings ...` to show where the warning was created)
ok threads n4 dc.small
ok threads n1 dc.optimal16
(node:832210) ExperimentalWarning: WASI is an experimental feature and might change at any time
(Use `node --trace-warnings ...` to show where the warning was created)
ok threads n2 dc.optimal16
(node:832210) ExperimentalWarning: WASI is an experimental feature and might change at any time
(Use `node --trace-warnings ...` to show where the warning was created)
(node:832210) ExperimentalWarning: WASI is an experimental feature and might change at any time
(Use `node --trace-warnings ...` to show where the warning was created)
(node:832210) ExperimentalWarning: WASI is an experimental feature and might change at any time
(Use `node --trace-warnings ...` to show where the warning was created)
ok threads n4 dc.optimal16
ok threads n1 dc.two21
(node:832210) ExperimentalWarning: WASI is an experimental feature and might change at any time
(Use `node --trace-warnings ...` to show where the warning was created)
ok threads n2 dc.two21
(node:832210) ExperimentalWarning: WASI is an experimental feature and might change at any time
(Use `node --trace-warnings ...` to show where the warning was created)
(node:832210) ExperimentalWarning: WASI is an experimental feature and might change at any time
(Use `node --trace-warnings ...` to show where the warning was created)
(node:832210) ExperimentalWarning: WASI is an experimental feature and might change at any time
(Use `node --trace-warnings ...` to show where the warning was created)
ok threads n4 dc.two21
ok threads n1 dc.word12_coding18.7
(node:832210) ExperimentalWarning: WASI is an experimental feature and might change at any time
(Use `node --trace-warnings ...` to show where the warning was created)
ok threads n2 dc.word12_coding18.7
(node:832210) ExperimentalWarning: WASI is an experimental feature and might change at any time
(Use `node --trace-warnings ...` to show where the warning was created)
(node:832210) ExperimentalWarning: WASI is an experimental feature and might change at any time
(Use `node --trace-warnings ...` to show where the warning was created)
(node:832210) ExperimentalWarning: WASI is an experimental feature and might change at any time
(Use `node --trace-warnings ...` to show where the warning was created)
ok threads n4 dc.word12_coding18.7
ok threads n1 dc.lcase
(node:832210) ExperimentalWarning: WASI is an experimental feature and might change at any time
(Use `node --trace-warnings ...` to show where the warning was created)
ok threads n2 dc.lcase
(node:832210) ExperimentalWarning: WASI is an experimental feature and might change at any time
(Use `node --trace-warnings ...` to show where the warning was created)
(node:832210) ExperimentalWarning: WASI is an experimental feature and might change at any time
(Use `node --trace-warnings ...` to show where the warning was created)
(node:832210) ExperimentalWarning: WASI is an experimental feature and might change at any time
(Use `node --trace-warnings ...` to show where the warning was created)
ok threads n4 dc.lcase
ok threads n1 dc.nodust
(node:832210) ExperimentalWarning: WASI is an experimental feature and might change at any time
(Use `node --trace-warnings ...` to show where the warning was created)
ok threads n2 dc.nodust
(node:832210) ExperimentalWarning: WASI is an experimental feature and might change at any time
(Use `node --trace-warnings ...` to show where the warning was created)
(node:832210) ExperimentalWarning: WASI is an experimental feature and might change at any time
(Use `node --trace-warnings ...` to show where the warning was created)
(node:832210) ExperimentalWarning: WASI is an experimental feature and might change at any time
(Use `node --trace-warnings ...` to show where the warning was created)
ok threads n4 dc.nodust
ok threads n1 dc.scores
(node:832210) ExperimentalWarning: WASI is an experimental feature and might change at any time
(Use `node --trace-warnings ...` to show where the warning was created)
ok threads n2 dc.scores
(node:832210) ExperimentalWarning: WASI is an experimental feature and might change at any time
(Use `node --trace-warnings ...` to show where the warning was created)
(node:832210) ExperimentalWarning: WASI is an experimental feature and might change at any time
(Use `node --trace-warnings ...` to show where the warning was created)
(node:832210) ExperimentalWarning: WASI is an experimental feature and might change at any time
(Use `node --trace-warnings ...` to show where the warning was created)
ok threads n4 dc.scores
ok threads n1 dc.max
(node:832210) ExperimentalWarning: WASI is an experimental feature and might change at any time
(Use `node --trace-warnings ...` to show where the warning was created)
ok threads n2 dc.max
(node:832210) ExperimentalWarning: WASI is an experimental feature and might change at any time
(Use `node --trace-warnings ...` to show where the warning was created)
(node:832210) ExperimentalWarning: WASI is an experimental feature and might change at any time
(Use `node --trace-warnings ...` to show where the warning was created)
(node:832210) ExperimentalWarning: WASI is an experimental feature and might change at any time
(Use `node --trace-warnings ...` to show where the warning was created)
ok threads n4 dc.max
ok threads n1 dc.megablast_template
(node:832210) ExperimentalWarning: WASI is an experimental feature and might change at any time
(Use `node --trace-warnings ...` to show where the warning was created)
ok threads n2 dc.megablast_template
(node:832210) ExperimentalWarning: WASI is an experimental feature and might change at any time
(Use `node --trace-warnings ...` to show where the warning was created)
(node:832210) ExperimentalWarning: WASI is an experimental feature and might change at any time
(Use `node --trace-warnings ...` to show where the warning was created)
(node:832210) ExperimentalWarning: WASI is an experimental feature and might change at any time
(Use `node --trace-warnings ...` to show where the warning was created)
ok threads n4 dc.megablast_template
ok threads n1 dc.nohit
(node:832210) ExperimentalWarning: WASI is an experimental feature and might change at any time
(Use `node --trace-warnings ...` to show where the warning was created)
ok threads n2 dc.nohit
(node:832210) ExperimentalWarning: WASI is an experimental feature and might change at any time
(Use `node --trace-warnings ...` to show where the warning was created)
(node:832210) ExperimentalWarning: WASI is an experimental feature and might change at any time
(Use `node --trace-warnings ...` to show where the warning was created)
(node:832210) ExperimentalWarning: WASI is an experimental feature and might change at any time
(Use `node --trace-warnings ...` to show where the warning was created)
ok threads n4 dc.nohit
ok threads n1 short.default,short.default.7
(node:832210) ExperimentalWarning: WASI is an experimental feature and might change at any time
(Use `node --trace-warnings ...` to show where the warning was created)
ok threads n2 short.default,short.default.7
(node:832210) ExperimentalWarning: WASI is an experimental feature and might change at any time
(Use `node --trace-warnings ...` to show where the warning was created)
(node:832210) ExperimentalWarning: WASI is an experimental feature and might change at any time
(Use `node --trace-warnings ...` to show where the warning was created)
(node:832210) ExperimentalWarning: WASI is an experimental feature and might change at any time
(Use `node --trace-warnings ...` to show where the warning was created)
ok threads n4 short.default,short.default.7
ok threads n1 short.word11
(node:832210) ExperimentalWarning: WASI is an experimental feature and might change at any time
(Use `node --trace-warnings ...` to show where the warning was created)
ok threads n2 short.word11
(node:832210) ExperimentalWarning: WASI is an experimental feature and might change at any time
(Use `node --trace-warnings ...` to show where the warning was created)
(node:832210) ExperimentalWarning: WASI is an experimental feature and might change at any time
(Use `node --trace-warnings ...` to show where the warning was created)
(node:832210) ExperimentalWarning: WASI is an experimental feature and might change at any time
(Use `node --trace-warnings ...` to show where the warning was created)
ok threads n4 short.word11
ok threads n1 short.scores
(node:832210) ExperimentalWarning: WASI is an experimental feature and might change at any time
(Use `node --trace-warnings ...` to show where the warning was created)
ok threads n2 short.scores
(node:832210) ExperimentalWarning: WASI is an experimental feature and might change at any time
(Use `node --trace-warnings ...` to show where the warning was created)
(node:832210) ExperimentalWarning: WASI is an experimental feature and might change at any time
(Use `node --trace-warnings ...` to show where the warning was created)
(node:832210) ExperimentalWarning: WASI is an experimental feature and might change at any time
(Use `node --trace-warnings ...` to show where the warning was created)
ok threads n4 short.scores
ok threads n1 short.evalue10
(node:832210) ExperimentalWarning: WASI is an experimental feature and might change at any time
(Use `node --trace-warnings ...` to show where the warning was created)
ok threads n2 short.evalue10
(node:832210) ExperimentalWarning: WASI is an experimental feature and might change at any time
(Use `node --trace-warnings ...` to show where the warning was created)
(node:832210) ExperimentalWarning: WASI is an experimental feature and might change at any time
(Use `node --trace-warnings ...` to show where the warning was created)
(node:832210) ExperimentalWarning: WASI is an experimental feature and might change at any time
(Use `node --trace-warnings ...` to show where the warning was created)
ok threads n4 short.evalue10
ok threads n1 short.dust
(node:832210) ExperimentalWarning: WASI is an experimental feature and might change at any time
(Use `node --trace-warnings ...` to show where the warning was created)
ok threads n2 short.dust
(node:832210) ExperimentalWarning: WASI is an experimental feature and might change at any time
(Use `node --trace-warnings ...` to show where the warning was created)
(node:832210) ExperimentalWarning: WASI is an experimental feature and might change at any time
(Use `node --trace-warnings ...` to show where the warning was created)
(node:832210) ExperimentalWarning: WASI is an experimental feature and might change at any time
(Use `node --trace-warnings ...` to show where the warning was created)
ok threads n4 short.dust
ok threads n1 short.lcase
(node:832210) ExperimentalWarning: WASI is an experimental feature and might change at any time
(Use `node --trace-warnings ...` to show where the warning was created)
ok threads n2 short.lcase
(node:832210) ExperimentalWarning: WASI is an experimental feature and might change at any time
(Use `node --trace-warnings ...` to show where the warning was created)
(node:832210) ExperimentalWarning: WASI is an experimental feature and might change at any time
(Use `node --trace-warnings ...` to show where the warning was created)
(node:832210) ExperimentalWarning: WASI is an experimental feature and might change at any time
(Use `node --trace-warnings ...` to show where the warning was created)
ok threads n4 short.lcase
ok threads n1 short.max
(node:832210) ExperimentalWarning: WASI is an experimental feature and might change at any time
(Use `node --trace-warnings ...` to show where the warning was created)
ok threads n2 short.max
(node:832210) ExperimentalWarning: WASI is an experimental feature and might change at any time
(Use `node --trace-warnings ...` to show where the warning was created)
(node:832210) ExperimentalWarning: WASI is an experimental feature and might change at any time
(Use `node --trace-warnings ...` to show where the warning was created)
(node:832210) ExperimentalWarning: WASI is an experimental feature and might change at any time
(Use `node --trace-warnings ...` to show where the warning was created)
ok threads n4 short.max
ok threads n1 short.nohit
(node:832210) ExperimentalWarning: WASI is an experimental feature and might change at any time
(Use `node --trace-warnings ...` to show where the warning was created)
ok threads n2 short.nohit
(node:832210) ExperimentalWarning: WASI is an experimental feature and might change at any time
(Use `node --trace-warnings ...` to show where the warning was created)
(node:832210) ExperimentalWarning: WASI is an experimental feature and might change at any time
(Use `node --trace-warnings ...` to show where the warning was created)
(node:832210) ExperimentalWarning: WASI is an experimental feature and might change at any time
(Use `node --trace-warnings ...` to show where the warning was created)
ok threads n4 short.nohit
231 runs matched the native CLI; frozen hashes: 237/240 equal, differing: Sakai.MG1655.megablast outfmt 7
