K_TRACE_PRELIM	0	0	656	0	1	0	120	29	0	120	29
K_TRACE_PRELIM	0	1	16	0	-3	21	27	24	102	108	105
K_TRACE_ENTER	0	0	41	24	105	120	119	2076	352	32	1	32
K_TRACE_QUERY	0	0c120516140b1313130701070713070a11140b12090f0b090f0d080613140516040e120905041116100a0f14130904070512030b0b04090b041201070f05051614010c10040f160c1012070507060b03130601090d0d120a1106050409080f1610050f090a10130a04110404130e0c130b13070d0a03040b
K_TRACE_SUBJECT	0	04080916160f0e050e140508080f0d0b1908131906130804090405160b0f0a0914161619140f0a0812050d0b080f16011609040801140e0d090b0b040f0f160e05160e01040a0608080f190e091316040a0d0b0f14140408090e0a0f0d0406051113051411010a091615151515151515150e010d090f11
K_TRACE_RETURN	0	0	0	48	19	25	100	106	0
K_TRACE_EDIT	0	1	3:6
K_TRACE_ENTER	0	1	41	29	29	120	120	2076	352	32	1	32
K_TRACE_QUERY	1	0c120516140b1313130701070713070a11140b12090f0b090f0d080613140516040e120905041116100a0f14130904070512030b0b04090b041201070f05051614010c10040f160c1012070507060b03130601090d0d120a1106050409080f1610050f090a10130a04110404130e0c130b13070d0a03040b
K_TRACE_SUBJECT	1	0c120516140b1313130701070713070a11140b12090f0b090f0d080613140516040e120905041116100a0f14130904070512030b0b04090b041201070f05051614010c10040f160c1012070507060b03130601090d0d120a1106050409080f1610050f090a10130a04110404130e0c130b13070d0a03040b
K_TRACE_RETURN	0	1	0	20493	0	120	0	120	0
K_TRACE_EDIT	1	1	3:120
K_TRACE_HEAP_WOULD	0	3.3904733561272406e-93	20493	0	500	100	0.002	0	1
K_TRACE_HEAP_INSERT	0	3.3904733561272406e-93	20493	0	1	3.3904733561272406e-93
K_TRACE_HEAP_HSP	0	0	640	251.13596086715009	3.3904733561272406e-93	120	0	1	0	120	0	120	1
K_TRACE_HEAP_INSERT_RETURN	0	0	1	3.3904733561272406e-93	-1
K_TRACE_HEAP_POP	0	0	3.3904733561272406e-93
K_TRACE_HEAP_POP	-1	0	-1
K_TRACE_HEAP_POP	-1	0	-1
K_TRACE_HEAP_POP	-1	0	-1
