WORD_CONTEXT_CUTOFF	0	0	16	16	9
PARAM	0	16	16	9
CAND	0	0	0	0
CAND	0	1	1	1
CAND	0	2	5	5
CAND	0	3	6	6
CAND	0	4	7	7
CAND	0	5	8	8
CAND	0	6	9	9
CAND	0	7	10	10
CAND	0	8	11	11
CAND	0	9	12	12
CAND	0	10	13	13
CAND	0	11	14	14
CAND	0	12	18	18
CAND	0	13	19	19
CAND	0	14	20	20
CAND	0	15	21	21
CAND	0	16	22	22
CAND	0	17	23	23
CAND	0	18	24	24
CAND	0	19	25	25
CAND	0	20	26	26
CAND	0	21	30	30
CAND	0	22	31	31
CAND	0	23	32	32
CAND	0	24	33	33
CAND	0	25	34	34
CAND	0	26	35	35
CAND	0	27	36	36
CAND	0	28	68	37
CAND	0	29	37	37
CAND	0	30	38	38
CAND	0	31	95	39
CAND	0	32	39	39
CAND	0	33	40	40
CAND	0	34	44	44
CAND	0	35	45	45
CAND	0	36	46	46
CAND	0	37	47	47
CAND	0	38	48	48
CAND	0	39	49	49
CAND	0	40	50	50
CAND	0	41	51	51
CAND	0	42	52	52
CAND	0	43	53	53
CAND	0	44	54	54
CAND	0	45	55	55
CAND	0	46	56	56
CAND	0	47	57	57
CAND	0	48	58	58
CAND	0	49	59	59
CAND	0	50	60	60
CAND	0	51	61	61
CAND	0	52	65	65
CAND	0	53	66	66
CAND	0	54	67	67
CAND	0	55	68	68
CAND	0	56	37	68
CAND	0	57	69	69
CAND	0	58	70	70
CAND	0	59	71	71
CAND	0	60	72	72
CAND	0	61	73	73
CAND	0	62	74	74
CAND	0	63	75	75
CAND	0	64	76	76
CAND	0	65	77	77
CAND	0	66	78	78
CAND	0	67	79	79
CAND	0	68	80	80
CAND	0	69	81	81
CAND	0	70	82	82
CAND	0	71	83	83
CAND	0	72	84	84
CAND	0	73	85	85
CAND	0	74	86	86
CAND	0	75	87	87
CAND	0	76	88	88
CAND	0	77	89	89
CAND	0	78	90	90
CAND	0	79	91	91
CAND	0	80	92	92
CAND	0	81	93	93
CAND	0	82	94	94
CAND	0	83	95	95
CAND	0	84	39	95
CAND	0	85	96	96
CAND	0	86	97	97
CAND	0	87	98	98
CAND	0	88	99	99
CAND	0	89	100	100
CAND	0	90	101	101
CAND	0	91	102	102
CAND	0	92	103	103
CAND	0	93	104	104
CAND	0	94	105	105
CAND	0	95	106	106
CAND	0	96	107	107
CAND	0	97	108	108
CAND	0	98	109	109
CAND	0	99	110	110
CAND	0	100	111	111
CAND	0	101	112	112
CAND	0	102	113	113
CAND	0	103	114	114
CAND	0	104	115	115
CAND	0	105	116	116
CAND	0	106	117	117
END	0	107
WORD_CONTEXT_CUTOFF	1	0	16	16	9
PARAM	1	16	16	9
CAND	1	0	16	4
CAND	1	1	3	4
CAND	1	2	17	5
CAND	1	3	4	5
CAND	1	4	43	5
CAND	1	5	111	9
CAND	1	6	5	10
CAND	1	7	111	12
CAND	1	8	83	40
CAND	1	9	43	52
CAND	1	10	63	54
CAND	1	11	3	54
CAND	1	12	4	55
CAND	1	13	43	55
CAND	1	14	78	65
CAND	1	15	79	66
CAND	1	16	78	70
CAND	1	17	50	71
CAND	1	18	79	71
CAND	1	19	111	72
CAND	1	20	78	77
CAND	1	21	79	78
CAND	1	22	27	108
CAND	1	23	16	111
CAND	1	24	63	111
CAND	1	25	3	111
CAND	1	26	17	112
CAND	1	27	4	112
CAND	1	28	43	112
END	1	29
WORD_CONTEXT_CUTOFF	2	0	16	16	9
PARAM	2	16	16	9
CAND	2	0	63	10
CAND	2	1	87	24
CAND	2	2	27	56
CAND	2	3	2	71
CAND	2	4	62	71
CAND	2	5	63	72
CAND	2	6	3	72
CAND	2	7	9	110
END	2	8
WORD_CONTEXT_CUTOFF	3	0	16	16	9
PARAM	3	16	16	9
CAND	3	0	24	7
CAND	3	1	23	63
CAND	3	2	83	73
CAND	3	3	21	114
END	3	4
WORD_CONTEXT_CUTOFF	4	0	16	16	9
PARAM	4	16	16	9
CAND	4	0	7	84
CAND	4	1	107	103
END	4	2
WORD_CONTEXT_CUTOFF	5	0	16	16	9
PARAM	5	16	16	9
CAND	5	0	31	4
CAND	5	1	68	25
CAND	5	2	37	25
CAND	5	3	61	25
CAND	5	4	24	37
CAND	5	5	92	43
CAND	5	6	93	44
CAND	5	7	51	57
CAND	5	8	24	105
CAND	5	9	93	107
END	5	10
