
> losat-web@0.0.0 e2e
> playwright test --reporter=list

[WebServer] (!) Your Vite config uses features that are unsupported by `configLoader: 'native'`, which is planned to become the default in a future major version of Vite:
[WebServer]   - import "./output-format" without a file extension (src/domain/verification.ts:9:35). Add the file extension
[WebServer]   - import "./programs" without a file extension (src/domain/verification.ts:10:32). Add the file extension
[WebServer] Set `VITE_CONFIG_NATIVE_IGNORE_WARNING=true` to suppress this warning.
[WebServer] (!) Your Vite config uses features that are unsupported by `configLoader: 'native'`, which is planned to become the default in a future major version of Vite:
[WebServer]   - import "./output-format" without a file extension (src/domain/verification.ts:9:35). Add the file extension
[WebServer]   - import "./programs" without a file extension (src/domain/verification.ts:10:32). Add the file extension
[WebServer] Set `VITE_CONFIG_NATIVE_IGNORE_WARNING=true` to suppress this warning.

Running 267 tests using 2 workers

  -    1 [chromium] › tests/e2e/browsers.spec.ts:34:3 › BlockStore contract: opfs store in a dedicated worker (without storage full)
  -    2 [chromium] › tests/e2e/browsers.spec.ts:49:1 › run output contract: a writer in its own worker and the real Data worker (without storage full)
  -    3 [chromium] › tests/e2e/browsers.spec.ts:34:3 › BlockStore contract: memory store in a dedicated worker (without storage full)
  -    5 [chromium] › tests/e2e/candidates.spec.ts:154:3 › FakeEngine build › an empty tray says how to add candidates
  -    6 [chromium] › tests/e2e/candidates.spec.ts:161:3 › FakeEngine build › candidates are added from the Descriptions' marks, the Alignments and the dot plot popup, of two runs; Origins name the runs
  -    7 [chromium] › tests/e2e/candidates.spec.ts:289:3 › FakeEngine build › notes, orders, moves and removal; "Show in results" lands on the HSP and says which view filters it cleared
  -    8 [chromium] › tests/e2e/candidates.spec.ts:371:3 › FakeEngine build › downloads: the residues of the input at the HSPs (regions, flanks cut at the ends, spanning, complete, queries) and the aligned rows of the HSP records
  -    9 [chromium] › tests/e2e/candidates.spec.ts:487:3 › FakeEngine build › a phone: the Descriptions' marks and the tray fit the screen; a row shows #, Subject, Range, the note and the actions first
  -    4 [chromium] › tests/e2e/browsers.spec.ts:59:1 › the application keeps results in OPFS, or in memory with the reason shown
  ✓   11 [chromium] › tests/e2e/candidates.spec.ts:548:3 › engine build › BLASTN: a hit on the minus strand of one of two subject records with the same ID; the saved residues are the file's letters at the outfmt 6 intervals (1.5s)
  ✓   10 [chromium] › tests/e2e/candidates.spec.ts:606:3 › engine build › TBLASTN: the saved subject residues (nt) and query residues (aa) are the files' letters at the outfmt 6 intervals (1.6s)
pass [opfs] write and seal: a block reads back exactly the bytes appended to it
pass [opfs] read: any range of a sealed block, and nothing beyond its end
pass [opfs] write: the store keeps a copy, so the caller may reuse its buffer
pass [opfs] staging: a block cannot be read before it is sealed
pass [opfs] seal: a sealed block takes no more bytes and cannot be sealed again
pass [opfs] discard: a staged or sealed block disappears and its bytes are freed
pass [opfs] create: a path that exists cannot be created again
pass [opfs] removeAll: removes one directory, sealed or not, and leaves the rest
pass [opfs] paths: empty and relative names are rejected
pass [opfs] an empty block can be sealed and read
pass [run output] every stream arrives in order and the run commits
pass [run output] many small chunks and one large chunk arrive unchanged
pass [run output] a run without output commits with empty outputs
pass [opfs] a large block: 48 MiB in 1 MiB appends reads back unchanged
pass [opfs] storage full: an append fails with StorageFullError, the block can only be discarded, and sealed blocks stay readable
  ✓   12 [chromium] › tests/e2e/contracts.spec.ts:32:3 › BlockStore contract: opfs store in a dedicated worker (795ms)
pass [run output] staging: a run cannot be read before it is committed, and the commit waits for end
pass [run output] an end whose totals disagree fails the commit and discards the run
pass [run output] a message outside the protocol fails the commit
pass [memory] write and seal: a block reads back exactly the bytes appended to it
pass [memory] read: any range of a sealed block, and nothing beyond its end
pass [memory] write: the store keeps a copy, so the caller may reuse its buffer
pass [memory] staging: a block cannot be read before it is sealed
pass [memory] seal: a sealed block takes no more bytes and cannot be sealed again
pass [memory] discard: a staged or sealed block disappears and its bytes are freed
pass [memory] create: a path that exists cannot be created again
pass [memory] removeAll: removes one directory, sealed or not, and leaves the rest
pass [memory] paths: empty and relative names are rejected
pass [memory] an empty block can be sealed and read
pass [memory] a large block: 48 MiB in 1 MiB appends reads back unchanged
pass [memory] storage full: an append fails with StorageFullError, the block can only be discarded, and sealed blocks stay readable
  ✓   14 [chromium] › tests/e2e/contracts.spec.ts:32:3 › BlockStore contract: memory store in a dedicated worker (480ms)
pass [run output] discard drops a staged run and ignores its late chunks
pass [run output] a committed run is kept by discard and removed by delete
pass [run output] two staged runs keep their outputs apart
pass [run output] the writer refuses to write after end
pass [run output] storage full: the run fails with the reason, and committed runs stay readable
  ✓   13 [chromium] › tests/e2e/contracts.spec.ts:40:1 › run output contract: a writer in its own worker and the real Data worker (OPFS) (1.4s)
pass [record scanner] scan kind 1: several records with regular lines (LF)
pass [record scanner] scan kind 2: several records with regular lines (LF)
pass [record scanner] scan kind 1: CR LF line ends
pass [record scanner] scan kind 2: CR LF line ends
pass [record scanner] scan kind 1: CR line ends
pass [record scanner] scan kind 2: CR line ends
pass [record scanner] scan kind 1: LF and CR LF line ends in one file
pass [record scanner] scan kind 2: LF and CR LF line ends in one file
pass [record scanner] scan kind 1: lower case residues are counted upper-cased
pass [record scanner] scan kind 2: lower case residues are counted upper-cased
pass [record scanner] scan kind 1: comment lines (!, # and ;) before and inside records
pass [record scanner] scan kind 2: comment lines (!, # and ;) before and inside records
pass [record scanner] scan kind 1: ; ends the data of a line
pass [record scanner] scan kind 2: ; ends the data of a line
pass [record scanner] scan kind 1: blank lines and white space
pass [record scanner] scan kind 2: blank lines and white space
pass [record scanner] scan kind 1: a first record without a defline
pass [record scanner] scan kind 2: a first record without a defline
pass [record scanner] scan kind 1: a first record without a defline after a comment line
pass [record scanner] scan kind 2: a first record without a defline after a comment line
pass [record scanner] scan kind 1: records without residues, the last a defline without a newline
pass [record scanner] scan kind 2: records without residues, the last a defline without a newline
pass [record scanner] scan kind 1: U is stored as T in kind 1
pass [record scanner] scan kind 2: U is stored as T in kind 1
pass [record scanner] scan kind 1: * and the protein letters are stored in kind 2 only
pass [record scanner] scan kind 2: * and the protein letters are stored in kind 2 only
pass [record scanner] scan kind 1: bytes that the kind does not store are skipped
pass [record scanner] scan kind 2: bytes that the kind does not store are skipped
pass [record scanner] scan kind 1: the ID is the title up to its first space, after the white space that follows >
pass [record scanner] scan kind 2: the ID is the title up to its first space, after the white space that follows >
pass [record scanner] scan kind 1: a non-ASCII title
pass [record scanner] scan kind 2: a non-ASCII title
pass [record scanner] scan kind 1: an empty input has no records
pass [record scanner] scan kind 2: an empty input has no records
pass [record scanner] scan kind 1: white space, blank and comment lines only have no records
pass [record scanner] scan kind 2: white space, blank and comment lines only have no records
pass [record scanner] scan kind 1: a long record (4 checkpoints) with lines of 60 and 61 residues
pass [record scanner] scan kind 2: a long record (4 checkpoints) with lines of 60 and 61 residues
multi.blastn n=1: subject registered
multi.megablast n=1: subject retained
pass [record scanner] scan kind 1: a long record with regular 80-residue lines
iupac.beyond_table.blastn n=1: subject retained
rna.megablast n=1: subject retained
multi.mts3.blastn n=1: subject retained
pass [record scanner] scan kind 2: a long record with regular 80-residue lines
pass [record scanner] scan: a multi-byte character split across chunks
pass [record scanner] scan: an unknown parser kind is refused
  ✓   15 [chromium] › tests/e2e/engine.spec.ts:97:1 › record scanner contract: the serial reactor (759ms)
multi.ws7_e1000.blastn n=4: subject registered
multi.besthit.blastn n=4: subject retained
tblastx.multi n=1: subject registered
pass [engine input] register: the run proceeds when the record tables agree
tblastx.batch n=1: subject retained
tblastx.mts1 n=4: subject registered
tblastx.thrwin n=4: subject retained
pass [engine input] register: a query record with another ID stops the run before any output
pass [engine input] register: a subject record with another length stops the run before any output
pass [engine input] register: a missing record stops the run before any output
  ✓   17 [chromium] › tests/e2e/engine.spec.ts:105:3 › engine input contract: the real EngineGateway at 1 thread(s) (1.2s)
pass [engine input] register: the run proceeds when the record tables agree
  ✓   16 [chromium] › tests/e2e/engine.spec.ts:174:1 › R1: searches of one subject with other queries and options reuse it and give the expected bytes (2.1s)
pass [engine input] register: a query record with another ID stops the run before any output
pass [engine input] register: a subject record with another length stops the run before any output
pass [engine input] register: a missing record stops the run before any output
  ✓   18 [chromium] › tests/e2e/engine.spec.ts:105:3 › engine input contract: the real EngineGateway at 4 thread(s) (1.2s)
pass [run output, Engine worker] every stream arrives in order and the run commits
pass [run output, Engine worker] many small chunks and one large chunk arrive unchanged
pass [run output, Engine worker] a run without output commits with empty outputs
pass [run output, Engine worker] staging: a run cannot be read before it is committed, and the commit waits for end
pass [run output, Engine worker] an end whose totals disagree fails the commit and discards the run
pass [run output, Engine worker] a message outside the protocol fails the commit
pass [run output, Engine worker] discard drops a staged run and ignores its late chunks
pass [run output, Engine worker] a committed run is kept by discard and removed by delete
pass [run output, Engine worker] two staged runs keep their outputs apart
pass [run output, Engine worker] the writer refuses to write after end
FAIL [run output, Engine worker] storage full: the run fails with the reason, and committed runs stay readable: ContractError: commit: expected a rejection matching /StorageFullError: Not enough temporary storage/, but it resolved
  ✓   20 [chromium] › tests/e2e/engine.spec.ts:132:1 › run output contract: the writer in the Engine worker, the real Data worker (without storage full) (1.3s)
completed compact.blastn n=1 n=1 176 ms
completed compact.blastn n=2 n=2 47 ms
completed compact.blastn n=4 n=4 36 ms
completed multi.blastn n=1 n=1 28 ms
completed multi.blastn n=2 n=2 34 ms
completed multi.blastn n=4 n=4 38 ms
completed mask.lcase.megablast n=1 n=1 26 ms
completed mask.lcase.megablast n=2 n=2 26 ms
completed mask.lcase.megablast n=4 n=4 24 ms
completed width.blastp n=1 n=1 35 ms
completed width.blastp n=2 n=2 42 ms
completed width.blastp n=4 n=4 32 ms
completed width.tblastn n=1 n=1 26 ms
completed width.tblastn n=2 n=2 32 ms
completed width.tblastn n=4 n=4 28 ms
completed tblastx.multi n=1 n=1 107 ms
completed tblastx.multi n=2 n=2 99 ms
completed tblastx.multi n=4 n=4 74 ms
completed tblastn.code4 n=1 n=1 25 ms
completed tblastn.code4 n=2 n=2 30 ms
completed tblastn.code4 n=4 n=4 34 ms
completed tblastn.batches n=1 n=1 778 ms
completed tblastn.query_batches n=2 n=2 4714 ms
completed tblastn.batches n=2 n=2 739 ms
completed tblastn.batches n=4 n=4 748 ms
completed tblastx.threaded-direct n=1 n=1 43 ms
completed tblastx.threaded-direct n=2 n=2 46 ms
completed tblastx.threaded-direct n=4 n=4 57 ms
  ✓   21 [chromium] › tests/e2e/engine.spec.ts:141:1 › V-BR: searches through the application give the expected bytes at 1, 2 and 4 threads (5.9s)
  -   22 [chromium] › tests/e2e/exports.spec.ts:142:3 › FakeEngine build › CSV, JSON and the report of each scope say what they are and keep hostile IDs as text
  ✓   23 [chromium] › tests/e2e/exports.spec.ts:274:3 › engine build › the files of a BLASTN search hold its stored outputs as written (2.3s)
  -   24 [chromium] › tests/e2e/measure.spec.ts:207:1 › dw8: the share of a warm search that subject-only preprocessing can take
  -   25 [chromium] › tests/e2e/measure.spec.ts:238:1 › memory: the linear memory of one instance over repeated searches
  -   26 [chromium] › tests/e2e/measure.spec.ts:272:1 › auto: the search phase at 1, 2 and 4 threads by input size
  -   27 [chromium] › tests/e2e/measure.spec.ts:298:1 › cancel: the time to cancel and to prepare the next search in a new runtime
  ✓   28 [chromium] › tests/e2e/repro.spec.ts:41:1 › settings: saved from the form, the form changed, loaded back; broken and newer files are refused (1.8s)
  ✓   29 [chromium] › tests/e2e/repro.spec.ts:112:1 › Run details: the commands from the run's argv, the run's input FASTA and settings; Edit Search fills the form without searching (2.0s)
  ✓   30 [chromium] › tests/e2e/repro.spec.ts:179:1 › a run that NCBI BLAST+ cannot run as LOSAT did gets the reason instead of an NCBI command (2.2s)
  -   31 [chromium] › tests/e2e/results-measure.spec.ts:595:3 › 10,000 queries: opening the run, the query picker, finding and sorting
  -   32 [chromium] › tests/e2e/results-measure.spec.ts:595:3 › 100,000 queries: opening the run, the query picker, finding and sorting
  -   33 [chromium] › tests/e2e/results-measure.spec.ts:1267:1 › many HSPs in one query-subject pair: the dot plot and the HSP list
completed tblastn.query_batches n=4 n=4 4058 ms
  ✓   19 [chromium] › tests/e2e/engine.spec.ts:216:1 › a search that builds one thread pool after another runs threaded from a new runtime (19.0s)
  ✓   34 [chromium] › tests/e2e/results.spec.ts:512:3 › BLASTN: the header block is the run's; the Descriptions, Graphic Summary and HSP table are the outfmt 6 rows, the Alignments outfmt 0's text; units, frames and run details (2.8s)
cancel n=1: cancelled in 3 ms; next search prepared in 16 ms
cancel n=4: cancelled in 2 ms; next search prepared in 30 ms
  ✓   35 [chromium] › tests/e2e/engine.spec.ts:241:1 › a cancelled search ends its runtime; the next search runs in a new one with the expected bytes (1.2s)
renewed 0 n=1: subject registered
renewed 1 n=1: subject retained
renewed 2 n=4: subject registered
renewed 3 n=4: subject retained
renewed 0 n=1: subject registered
renewed 1 n=1: subject registered
renewed 2 n=4: subject registered
renewed 3 n=4: subject registered
  ✓   37 [chromium] › tests/e2e/engine.spec.ts:270:1 › a runtime renewed after every search gives the same bytes and registers the subject again (677ms)
completed compact.blastn n=4 n=4 177 ms
  ✓   38 [chromium] › tests/e2e/engine.spec.ts:293:1 › without cross-origin isolation, a threaded search runs on the serial module with the reason (264ms)
  ✓   36 [chromium] › tests/e2e/results.spec.ts:512:3 › BLASTP: the header block is the run's; the Descriptions, Graphic Summary and HSP table are the outfmt 6 rows, the Alignments outfmt 0's text; units, frames and run details (5.6s)
  ✓   39 [chromium] › tests/e2e/results.spec.ts:512:3 › TBLASTN: the header block is the run's; the Descriptions, Graphic Summary and HSP table are the outfmt 6 rows, the Alignments outfmt 0's text; units, frames and run details (4.2s)
  ✓   41 [chromium] › tests/e2e/results.spec.ts:842:1 › an HSP that outfmt 0 does not show, and a hit list that may have reached its limit (1.7s)
  ✓   42 [chromium] › tests/e2e/results.spec.ts:941:1 › the Descriptions cut at 100 subjects: the marks follow the listed rows (code review 2 L2) (1.1s)
  ✓   40 [chromium] › tests/e2e/results.spec.ts:512:3 › TBLASTX: the header block is the run's; the Descriptions, Graphic Summary and HSP table are the outfmt 6 rows, the Alignments outfmt 0's text; units, frames and run details (4.7s)
  ✓   43 [chromium] › tests/e2e/results.spec.ts:984:1 › BLASTN: an HSP of one letter has no orientation in its record; the note points to outfmt 0's Strand= line (2.5s)
  ✓   45 [chromium] › tests/e2e/results.spec.ts:1097:1 › the one page (NCBI classic): the Graphic Summary, the Descriptions and the Alignments without a tab click; a Description chosen brings its alignments into view (2.8s)
  ✓   44 [chromium] › tests/e2e/results.spec.ts:1043:1 › selection by HSP identity: sorting keeps the selected HSP; another subject or query moves it (5.4s)
  ✓   47 [chromium] › tests/e2e/results.spec.ts:1329:1 › many queries; view filters change the view, not the search; the notices tell filtered out, no hits and a failed run apart (5.0s)
  ✓   46 [chromium] › tests/e2e/results.spec.ts:1159:1 › the Alignments: a block per Range; Next, Previous and First Match; the previous and next subject; Ranges far apart in a window (10.0s)
  ✓   48 [chromium] › tests/e2e/results.spec.ts:1503:1 › the dot plot: the HSPs of the pair on a canvas; zoom; choosing an HSP on it or in the list; its popup (3.8s)
  ✓   49 [chromium] › tests/e2e/results.spec.ts:1654:1 › the dot plot: Download SVG saves the plot as shown, as a plain SVG with the canvas's titles and without the halo (S15) (1.8s)
  ✓   50 [chromium] › tests/e2e/results.spec.ts:1709:1 › the dot plot: on a desktop screen, a popup that has no room beside a short plot is scrolled into view by the first click (S13b code review 2) (1.7s)
  -   52 [chromium] › tests/e2e/screens.spec.ts:58:3 › search screen at the desktop size
  -   53 [chromium] › tests/e2e/screens.spec.ts:58:3 › search screen at the phone size
  -   54 [chromium] › tests/e2e/screens.spec.ts:250:3 › results screen at the desktop size
  -   55 [chromium] › tests/e2e/screens.spec.ts:250:3 › results screen at the phone size
  -   56 [chromium] › tests/e2e/screens.spec.ts:511:3 › outputs, reproduction and session files at the desktop size
  -   57 [chromium] › tests/e2e/screens.spec.ts:511:3 › outputs, reproduction and session files at the phone size
  -   58 [chromium] › tests/e2e/search-measure.spec.ts:90:1 › index, check, exclusion and queueing of many records
  ✓   59 [chromium] › tests/e2e/search.spec.ts:49:1 › a file is summarized with its records, not put in the paste box; files can also be dropped (299ms)
  ✓   51 [chromium] › tests/e2e/results.spec.ts:1732:1 › narrow screens: the results are no wider than the screen; "Open results" shows them; the tables show the key values first (1.9s)
  ✓   61 [chromium] › tests/e2e/search.spec.ts:134:1 › the same subject, another query: the engine keeps the subject (R1) (2.6s)
  ✓   60 [chromium] › tests/e2e/search.spec.ts:84:1 › records: duplicate IDs by number, the engine refuses a record, exclusion, and a run after exclusion (4.2s)
  ✓   63 [chromium] › tests/e2e/search.spec.ts:237:1 › cancel a running search; the next one runs (1.9s)
  ✓   62 [chromium] › tests/e2e/search.spec.ts:152:1 › several runs in the queue; the next job is edited while one runs; separate searches as a group (2.8s)
  ✓   64 [chromium] › tests/e2e/search.spec.ts:253:1 › the region of a role with one record: the drag, the fields, the limits and the argv (3.5s)
  ✓   65 [chromium] › tests/e2e/search.spec.ts:307:1 › the options form: the engine's defaults are not written; tasks, templates and genetic codes (5.5s)
  ✓   66 [chromium] › tests/e2e/search.spec.ts:380:1 › the engine's refusals of option values are shown as the engine writes them, and nothing is queued (4.5s)
  ✓   68 [chromium] › tests/e2e/search.spec.ts:444:1 › a program of another reader kind reads the sources again, clears their exclusions and says so (Owner decision 2) (1.7s)
  ✓   67 [chromium] › tests/e2e/search.spec.ts:407:1 › empty inputs, every record excluded, a sequence without a defline, and BLASTX (4.5s)
  ✓   69 [chromium] › tests/e2e/search.spec.ts:479:1 › the reader-change notice never outlives its program (screen review M1) (1.7s)
  ✓   70 [chromium] › tests/e2e/search.spec.ts:506:1 › the sequence kind warning is an estimate and does not change the program (1.0s)
  ✓   71 [chromium] › tests/e2e/search.spec.ts:518:3 › leaving and returning › the wake lock is held during a search; the page warns before it is left; the state is checked on return (2.4s)
  ✓   72 [chromium] › tests/e2e/search.spec.ts:576:1 › the search screen in NCBI's order and words (W4b) (2.4s)
  ✓   74 [chromium] › tests/e2e/search.spec.ts:746:1 › narrow screens put the inputs and the queue one under the other, without horizontal scrolling (2.4s)
  -   75 [chromium] › tests/e2e/session.spec.ts:97:3 › FakeEngine build › saves the runs, results, candidates and notes, and opens them in a new page without searching
  -   76 [chromium] › tests/e2e/session.spec.ts:165:3 › FakeEngine build › a damaged or foreign file is refused with its reason and changes nothing
  -   77 [chromium] › tests/e2e/session.spec.ts:197:3 › FakeEngine build › names, IDs, titles and notes that look like HTML, scripts or URLs are shown as text, and run nothing
  -   78 [chromium] › tests/e2e/session.spec.ts:239:3 › FakeEngine build › Run details attaches the original FASTA only when it matches; then sequences are extracted as before saving
  ✓   73 [chromium] › tests/e2e/search.spec.ts:677:1 › Algorithm parameters: closed at start, the changed values marked and counted, the defaults restored; the Job Title and the second button (4.2s)
  ✓   80 [chromium] › tests/e2e/smoke.spec.ts:4:1 › the page is cross-origin isolated, so the threaded engine can use shared memory (696ms)
  ✓   81 [chromium] › tests/e2e/smoke.spec.ts:10:1 › paste, queue, run, view and export with the engine (1.6s)
  ✓   82 [chromium] › tests/e2e/smoke.spec.ts:42:1 › a BLASTN query of white space only has no record: the engine reads it, and the run ends without a search (886ms)
  ✓   83 [chromium] › tests/e2e/storage.spec.ts:24:1 › a tab keeps its outputs in OPFS under tmp/<session>/runs/<run>/, named by tokens only (1.4s)
  ✓   84 [chromium] › tests/e2e/storage.spec.ts:47:3 › the next tab removes the data of a tab that is killed, and keeps its own (2.0s)
  ✓   79 [chromium] › tests/e2e/session.spec.ts:426:3 › engine build › real searches saved and opened in a new page: nothing is searched, the outputs are those before saving and the native CLI's, and the originals attach only when chosen and matching (10.8s)
  ✓   85 [chromium] › tests/e2e/storage.spec.ts:47:3 › the next tab removes the data of a tab that is closed, and keeps its own (2.8s)
  ✓   87 [chromium] › tests/e2e/storage.spec.ts:107:1 › two tabs that start at the same time remove an abandoned session once and keep each other (2.4s)
  ✓   86 [chromium] › tests/e2e/storage.spec.ts:80:1 › two open tabs, started one after the other, never remove each other's data (4.0s)
  ✓   88 [chromium] › tests/e2e/storage.spec.ts:128:1 › a stopped (frozen) tab keeps its data while another tab starts (2.2s)
  ✓   89 [chromium] › tests/e2e/storage.spec.ts:147:1 › a run that runs out of storage fails with the reason; earlier results stay and later runs work (2.1s)
pass [opfs] write and seal: a block reads back exactly the bytes appended to it
pass [opfs] read: any range of a sealed block, and nothing beyond its end
pass [opfs] write: the store keeps a copy, so the caller may reuse its buffer
pass [opfs] staging: a block cannot be read before it is sealed
pass [opfs] seal: a sealed block takes no more bytes and cannot be sealed again
pass [run output] every stream arrives in order and the run commits
pass [opfs] discard: a staged or sealed block disappears and its bytes are freed
pass [opfs] create: a path that exists cannot be created again
pass [run output] many small chunks and one large chunk arrive unchanged
pass [run output] a run without output commits with empty outputs
pass [opfs] removeAll: removes one directory, sealed or not, and leaves the rest
pass [opfs] paths: empty and relative names are rejected
pass [opfs] an empty block can be sealed and read
pass [run output] staging: a run cannot be read before it is committed, and the commit waits for end
pass [opfs] a large block: 48 MiB in 1 MiB appends reads back unchanged
pass [run output] an end whose totals disagree fails the commit and discards the run
FAIL [opfs] storage full: an append fails with StorageFullError, the block can only be discarded, and sealed blocks stay readable: ContractError: an append beyond the storage: expected an error matching /StorageFullError/, but nothing was thrown
  ✓   90 [firefox] › tests/e2e/browsers.spec.ts:34:3 › BlockStore contract: opfs store in a dedicated worker (without storage full) (8.7s)
pass [memory] write and seal: a block reads back exactly the bytes appended to it
pass [memory] read: any range of a sealed block, and nothing beyond its end
pass [memory] write: the store keeps a copy, so the caller may reuse its buffer
pass [memory] staging: a block cannot be read before it is sealed
pass [memory] seal: a sealed block takes no more bytes and cannot be sealed again
pass [memory] discard: a staged or sealed block disappears and its bytes are freed
pass [memory] create: a path that exists cannot be created again
pass [memory] removeAll: removes one directory, sealed or not, and leaves the rest
pass [memory] paths: empty and relative names are rejected
pass [memory] an empty block can be sealed and read
pass [memory] a large block: 48 MiB in 1 MiB appends reads back unchanged
pass [memory] storage full: an append fails with StorageFullError, the block can only be discarded, and sealed blocks stay readable
  ✓   92 [firefox] › tests/e2e/browsers.spec.ts:34:3 › BlockStore contract: memory store in a dedicated worker (without storage full) (426ms)
  -   93 [firefox] › tests/e2e/candidates.spec.ts:154:3 › FakeEngine build › an empty tray says how to add candidates
  -   94 [firefox] › tests/e2e/candidates.spec.ts:161:3 › FakeEngine build › candidates are added from the Descriptions' marks, the Alignments and the dot plot popup, of two runs; Origins name the runs
  -   95 [firefox] › tests/e2e/candidates.spec.ts:289:3 › FakeEngine build › notes, orders, moves and removal; "Show in results" lands on the HSP and says which view filters it cleared
  -   96 [firefox] › tests/e2e/candidates.spec.ts:371:3 › FakeEngine build › downloads: the residues of the input at the HSPs (regions, flanks cut at the ends, spanning, complete, queries) and the aligned rows of the HSP records
  -   97 [firefox] › tests/e2e/candidates.spec.ts:487:3 › FakeEngine build › a phone: the Descriptions' marks and the tray fit the screen; a row shows #, Subject, Range, the note and the actions first
pass [run output] a message outside the protocol fails the commit
pass [run output] discard drops a staged run and ignores its late chunks
  ✓   98 [firefox] › tests/e2e/candidates.spec.ts:548:3 › engine build › BLASTN: a hit on the minus strand of one of two subject records with the same ID; the saved residues are the file's letters at the outfmt 6 intervals (2.8s)
pass [run output] a committed run is kept by discard and removed by delete
pass [run output] two staged runs keep their outputs apart
pass [run output] the writer refuses to write after end
FAIL [run output] storage full: the run fails with the reason, and committed runs stay readable: ContractError: commit: expected a rejection matching /StorageFullError: Not enough temporary storage/, but it resolved
run output contract on the opfs store
  ✓   91 [firefox] › tests/e2e/browsers.spec.ts:49:1 › run output contract: a writer in its own worker and the real Data worker (without storage full) (15.4s)
  ✓   99 [firefox] › tests/e2e/candidates.spec.ts:606:3 › engine build › TBLASTN: the saved subject residues (nt) and query residues (aa) are the files' letters at the outfmt 6 intervals (5.4s)
  -  101 [firefox] › tests/e2e/contracts.spec.ts:32:3 › BlockStore contract: opfs store in a dedicated worker
  -  102 [firefox] › tests/e2e/contracts.spec.ts:32:3 › BlockStore contract: memory store in a dedicated worker
  -  103 [firefox] › tests/e2e/contracts.spec.ts:40:1 › run output contract: a writer in its own worker and the real Data worker (OPFS)
pass [record scanner] scan kind 1: several records with regular lines (LF)
pass [record scanner] scan kind 2: several records with regular lines (LF)
pass [record scanner] scan kind 1: CR LF line ends
pass [record scanner] scan kind 2: CR LF line ends
pass [record scanner] scan kind 1: CR line ends
pass [record scanner] scan kind 2: CR line ends
pass [record scanner] scan kind 1: LF and CR LF line ends in one file
pass [record scanner] scan kind 2: LF and CR LF line ends in one file
pass [record scanner] scan kind 1: lower case residues are counted upper-cased
pass [record scanner] scan kind 2: lower case residues are counted upper-cased
pass [record scanner] scan kind 1: comment lines (!, # and ;) before and inside records
pass [record scanner] scan kind 2: comment lines (!, # and ;) before and inside records
pass [record scanner] scan kind 1: ; ends the data of a line
pass [record scanner] scan kind 2: ; ends the data of a line
pass [record scanner] scan kind 1: blank lines and white space
pass [record scanner] scan kind 2: blank lines and white space
pass [record scanner] scan kind 1: a first record without a defline
pass [record scanner] scan kind 2: a first record without a defline
pass [record scanner] scan kind 1: a first record without a defline after a comment line
pass [record scanner] scan kind 2: a first record without a defline after a comment line
pass [record scanner] scan kind 1: records without residues, the last a defline without a newline
pass [record scanner] scan kind 2: records without residues, the last a defline without a newline
pass [record scanner] scan kind 1: U is stored as T in kind 1
pass [record scanner] scan kind 2: U is stored as T in kind 1
pass [record scanner] scan kind 1: * and the protein letters are stored in kind 2 only
pass [record scanner] scan kind 2: * and the protein letters are stored in kind 2 only
pass [record scanner] scan kind 1: bytes that the kind does not store are skipped
pass [record scanner] scan kind 2: bytes that the kind does not store are skipped
pass [record scanner] scan kind 1: the ID is the title up to its first space, after the white space that follows >
pass [record scanner] scan kind 2: the ID is the title up to its first space, after the white space that follows >
pass [record scanner] scan kind 1: a non-ASCII title
pass [record scanner] scan kind 2: a non-ASCII title
pass [record scanner] scan kind 1: an empty input has no records
pass [record scanner] scan kind 2: an empty input has no records
pass [record scanner] scan kind 1: white space, blank and comment lines only have no records
pass [record scanner] scan kind 2: white space, blank and comment lines only have no records
  ✓  100 [firefox] › tests/e2e/browsers.spec.ts:59:1 › the application keeps results in OPFS, or in memory with the reason shown (1.9s)
pass [record scanner] scan kind 1: a long record (4 checkpoints) with lines of 60 and 61 residues
multi.blastn n=1: subject registered
multi.megablast n=1: subject retained
pass [record scanner] scan kind 2: a long record (4 checkpoints) with lines of 60 and 61 residues
iupac.beyond_table.blastn n=1: subject retained
rna.megablast n=1: subject retained
pass [record scanner] scan kind 1: a long record with regular 80-residue lines
multi.mts3.blastn n=1: subject retained
multi.ws7_e1000.blastn n=4: subject registered
multi.besthit.blastn n=4: subject retained
pass [record scanner] scan kind 2: a long record with regular 80-residue lines
pass [record scanner] scan: a multi-byte character split across chunks
pass [record scanner] scan: an unknown parser kind is refused
  ✓  104 [firefox] › tests/e2e/engine.spec.ts:97:1 › record scanner contract: the serial reactor (6.9s)
pass [engine input] register: the run proceeds when the record tables agree
tblastx.multi n=1: subject registered
pass [engine input] register: a query record with another ID stops the run before any output
pass [engine input] register: a subject record with another length stops the run before any output
pass [engine input] register: a missing record stops the run before any output
  ✓  106 [firefox] › tests/e2e/engine.spec.ts:105:3 › engine input contract: the real EngineGateway at 1 thread(s) (1.3s)
pass [engine input] register: the run proceeds when the record tables agree
tblastx.batch n=1: subject retained
pass [engine input] register: a query record with another ID stops the run before any output
pass [engine input] register: a subject record with another length stops the run before any output
pass [engine input] register: a missing record stops the run before any output
  ✓  107 [firefox] › tests/e2e/engine.spec.ts:105:3 › engine input contract: the real EngineGateway at 4 thread(s) (1.3s)
tblastx.mts1 n=4: subject registered
tblastx.thrwin n=4: subject retained
pass [run output, Engine worker] every stream arrives in order and the run commits
  ✓  105 [firefox] › tests/e2e/engine.spec.ts:174:1 › R1: searches of one subject with other queries and options reuse it and give the expected bytes (10.9s)
pass [run output, Engine worker] many small chunks and one large chunk arrive unchanged
pass [run output, Engine worker] a run without output commits with empty outputs
pass [run output, Engine worker] staging: a run cannot be read before it is committed, and the commit waits for end
pass [run output, Engine worker] an end whose totals disagree fails the commit and discards the run
pass [run output, Engine worker] a message outside the protocol fails the commit
pass [run output, Engine worker] discard drops a staged run and ignores its late chunks
pass [run output, Engine worker] a committed run is kept by discard and removed by delete
pass [run output, Engine worker] two staged runs keep their outputs apart
pass [run output, Engine worker] the writer refuses to write after end
FAIL [run output, Engine worker] storage full: the run fails with the reason, and committed runs stay readable: ContractError: commit: expected a rejection matching /StorageFullError: Not enough temporary storage/, but it resolved
  ✓  108 [firefox] › tests/e2e/engine.spec.ts:132:1 › run output contract: the writer in the Engine worker, the real Data worker (without storage full) (7.4s)
completed compact.blastn n=1 n=1 704 ms
completed compact.blastn n=2 n=2 317 ms
completed compact.blastn n=4 n=4 508 ms
completed multi.blastn n=1 n=1 278 ms
completed multi.blastn n=2 n=2 368 ms
completed multi.blastn n=4 n=4 392 ms
completed mask.lcase.megablast n=1 n=1 1249 ms
completed mask.lcase.megablast n=2 n=2 336 ms
completed mask.lcase.megablast n=4 n=4 361 ms
completed width.blastp n=1 n=1 288 ms
completed width.blastp n=2 n=2 389 ms
completed width.blastp n=4 n=4 399 ms
completed width.tblastn n=1 n=1 437 ms
completed width.tblastn n=2 n=2 269 ms
completed width.tblastn n=4 n=4 379 ms
completed tblastx.multi n=1 n=1 1552 ms
completed tblastx.multi n=2 n=2 719 ms
completed tblastx.multi n=4 n=4 1196 ms
completed tblastn.code4 n=1 n=1 718 ms
completed tblastn.code4 n=2 n=2 287 ms
completed tblastn.code4 n=4 n=4 389 ms
completed tblastn.batches n=1 n=1 5213 ms
completed tblastn.batches n=2 n=2 4621 ms
completed tblastn.query_batches n=2 n=2 28553 ms
completed tblastn.batches n=4 n=4 3952 ms
completed tblastx.threaded-direct n=1 n=1 562 ms
completed tblastx.threaded-direct n=2 n=2 559 ms
completed tblastx.threaded-direct n=4 n=4 410 ms
  ✓  110 [firefox] › tests/e2e/engine.spec.ts:141:1 › V-BR: searches through the application give the expected bytes at 1, 2 and 4 threads (29.3s)
  -  111 [firefox] › tests/e2e/exports.spec.ts:142:3 › FakeEngine build › CSV, JSON and the report of each scope say what they are and keep hostile IDs as text
  ✓  112 [firefox] › tests/e2e/exports.spec.ts:274:3 › engine build › the files of a BLASTN search hold its stored outputs as written (4.2s)
  -  113 [firefox] › tests/e2e/measure.spec.ts:207:1 › dw8: the share of a warm search that subject-only preprocessing can take
  -  114 [firefox] › tests/e2e/measure.spec.ts:238:1 › memory: the linear memory of one instance over repeated searches
  -  115 [firefox] › tests/e2e/measure.spec.ts:272:1 › auto: the search phase at 1, 2 and 4 threads by input size
  -  116 [firefox] › tests/e2e/measure.spec.ts:298:1 › cancel: the time to cancel and to prepare the next search in a new runtime
  ✓  117 [firefox] › tests/e2e/repro.spec.ts:41:1 › settings: saved from the form, the form changed, loaded back; broken and newer files are refused (3.1s)
  ✓  118 [firefox] › tests/e2e/repro.spec.ts:112:1 › Run details: the commands from the run's argv, the run's input FASTA and settings; Edit Search fills the form without searching (2.6s)
  ✓  119 [firefox] › tests/e2e/repro.spec.ts:179:1 › a run that NCBI BLAST+ cannot run as LOSAT did gets the reason instead of an NCBI command (3.1s)
  -  120 [firefox] › tests/e2e/results-measure.spec.ts:595:3 › 10,000 queries: opening the run, the query picker, finding and sorting
  -  121 [firefox] › tests/e2e/results-measure.spec.ts:595:3 › 100,000 queries: opening the run, the query picker, finding and sorting
  -  122 [firefox] › tests/e2e/results-measure.spec.ts:1267:1 › many HSPs in one query-subject pair: the dot plot and the HSP list
  ✓  123 [firefox] › tests/e2e/results.spec.ts:512:3 › BLASTN: the header block is the run's; the Descriptions, Graphic Summary and HSP table are the outfmt 6 rows, the Alignments outfmt 0's text; units, frames and run details (5.9s)
  ✓  124 [firefox] › tests/e2e/results.spec.ts:512:3 › BLASTP: the header block is the run's; the Descriptions, Graphic Summary and HSP table are the outfmt 6 rows, the Alignments outfmt 0's text; units, frames and run details (10.5s)
completed tblastn.query_batches n=4 n=4 27098 ms
  ✓  109 [firefox] › tests/e2e/engine.spec.ts:216:1 › a search that builds one thread pool after another runs threaded from a new runtime (1.1m)
cancel n=1: cancelled in 562 ms; next search prepared in 253 ms
cancel n=4: cancelled in 159 ms; next search prepared in 184 ms
  ✓  126 [firefox] › tests/e2e/engine.spec.ts:241:1 › a cancelled search ends its runtime; the next search runs in a new one with the expected bytes (4.1s)
renewed 0 n=1: subject registered
renewed 1 n=1: subject retained
  ✓  125 [firefox] › tests/e2e/results.spec.ts:512:3 › TBLASTN: the header block is the run's; the Descriptions, Graphic Summary and HSP table are the outfmt 6 rows, the Alignments outfmt 0's text; units, frames and run details (7.5s)
renewed 2 n=4: subject registered
renewed 3 n=4: subject retained
renewed 0 n=1: subject registered
renewed 1 n=1: subject registered
renewed 2 n=4: subject registered
renewed 3 n=4: subject registered
  ✓  127 [firefox] › tests/e2e/engine.spec.ts:270:1 › a runtime renewed after every search gives the same bytes and registers the subject again (6.5s)
completed compact.blastn n=4 n=4 685 ms
  ✓  129 [firefox] › tests/e2e/engine.spec.ts:293:1 › without cross-origin isolation, a threaded search runs on the serial module with the reason (899ms)
  ✓  128 [firefox] › tests/e2e/results.spec.ts:512:3 › TBLASTX: the header block is the run's; the Descriptions, Graphic Summary and HSP table are the outfmt 6 rows, the Alignments outfmt 0's text; units, frames and run details (7.6s)
  ✓  131 [firefox] › tests/e2e/results.spec.ts:941:1 › the Descriptions cut at 100 subjects: the marks follow the listed rows (code review 2 L2) (3.2s)
  ✓  130 [firefox] › tests/e2e/results.spec.ts:842:1 › an HSP that outfmt 0 does not show, and a hit list that may have reached its limit (7.0s)
  ✓  132 [firefox] › tests/e2e/results.spec.ts:984:1 › BLASTN: an HSP of one letter has no orientation in its record; the note points to outfmt 0's Strand= line (3.8s)
  ✓  134 [firefox] › tests/e2e/results.spec.ts:1097:1 › the one page (NCBI classic): the Graphic Summary, the Descriptions and the Alignments without a tab click; a Description chosen brings its alignments into view (4.2s)
  ✓  133 [firefox] › tests/e2e/results.spec.ts:1043:1 › selection by HSP identity: sorting keeps the selected HSP; another subject or query moves it (6.9s)
  ✓  136 [firefox] › tests/e2e/results.spec.ts:1329:1 › many queries; view filters change the view, not the search; the notices tell filtered out, no hits and a failed run apart (8.7s)
  ✓  135 [firefox] › tests/e2e/results.spec.ts:1159:1 › the Alignments: a block per Range; Next, Previous and First Match; the previous and next subject; Ranges far apart in a window (11.5s)
  ✓  137 [firefox] › tests/e2e/results.spec.ts:1503:1 › the dot plot: the HSPs of the pair on a canvas; zoom; choosing an HSP on it or in the list; its popup (6.0s)
  ✓  138 [firefox] › tests/e2e/results.spec.ts:1654:1 › the dot plot: Download SVG saves the plot as shown, as a plain SVG with the canvas's titles and without the halo (S15) (5.3s)
  ✓  139 [firefox] › tests/e2e/results.spec.ts:1709:1 › the dot plot: on a desktop screen, a popup that has no room beside a short plot is scrolled into view by the first click (S13b code review 2) (4.6s)
  -  141 [firefox] › tests/e2e/screens.spec.ts:58:3 › search screen at the desktop size
  -  142 [firefox] › tests/e2e/screens.spec.ts:58:3 › search screen at the phone size
  -  143 [firefox] › tests/e2e/screens.spec.ts:250:3 › results screen at the desktop size
  -  144 [firefox] › tests/e2e/screens.spec.ts:250:3 › results screen at the phone size
  -  145 [firefox] › tests/e2e/screens.spec.ts:511:3 › outputs, reproduction and session files at the desktop size
  -  146 [firefox] › tests/e2e/screens.spec.ts:511:3 › outputs, reproduction and session files at the phone size
  -  147 [firefox] › tests/e2e/search-measure.spec.ts:90:1 › index, check, exclusion and queueing of many records
  ✓  140 [firefox] › tests/e2e/results.spec.ts:1732:1 › narrow screens: the results are no wider than the screen; "Open results" shows them; the tables show the key values first (4.0s)
  ✓  148 [firefox] › tests/e2e/search.spec.ts:49:1 › a file is summarized with its records, not put in the paste box; files can also be dropped (1.8s)
  ✓  150 [firefox] › tests/e2e/search.spec.ts:134:1 › the same subject, another query: the engine keeps the subject (R1) (5.3s)
  ✓  149 [firefox] › tests/e2e/search.spec.ts:84:1 › records: duplicate IDs by number, the engine refuses a record, exclusion, and a run after exclusion (6.9s)
  ✓  152 [firefox] › tests/e2e/search.spec.ts:237:1 › cancel a running search; the next one runs (5.6s)
  ✓  151 [firefox] › tests/e2e/search.spec.ts:152:1 › several runs in the queue; the next job is edited while one runs; separate searches as a group (7.0s)
  ✓  153 [firefox] › tests/e2e/search.spec.ts:253:1 › the region of a role with one record: the drag, the fields, the limits and the argv (4.7s)
  ✓  155 [firefox] › tests/e2e/search.spec.ts:380:1 › the engine's refusals of option values are shown as the engine writes them, and nothing is queued (4.8s)
  ✓  154 [firefox] › tests/e2e/search.spec.ts:307:1 › the options form: the engine's defaults are not written; tasks, templates and genetic codes (8.4s)
  ✓  157 [firefox] › tests/e2e/search.spec.ts:444:1 › a program of another reader kind reads the sources again, clears their exclusions and says so (Owner decision 2) (1.9s)
  ✓  158 [firefox] › tests/e2e/search.spec.ts:479:1 › the reader-change notice never outlives its program (screen review M1) (2.5s)
  ✓  156 [firefox] › tests/e2e/search.spec.ts:407:1 › empty inputs, every record excluded, a sequence without a defline, and BLASTX (5.1s)
  ✓  159 [firefox] › tests/e2e/search.spec.ts:506:1 › the sequence kind warning is an estimate and does not change the program (1.3s)
  ✓  161 [firefox] › tests/e2e/search.spec.ts:576:1 › the search screen in NCBI's order and words (W4b) (2.5s)
  ✓  160 [firefox] › tests/e2e/search.spec.ts:518:3 › leaving and returning › the wake lock is held during a search; the page warns before it is left; the state is checked on return (3.4s)
  ✓  163 [firefox] › tests/e2e/search.spec.ts:746:1 › narrow screens put the inputs and the queue one under the other, without horizontal scrolling (1.6s)
  -  164 [firefox] › tests/e2e/session.spec.ts:97:3 › FakeEngine build › saves the runs, results, candidates and notes, and opens them in a new page without searching
  -  165 [firefox] › tests/e2e/session.spec.ts:165:3 › FakeEngine build › a damaged or foreign file is refused with its reason and changes nothing
  -  166 [firefox] › tests/e2e/session.spec.ts:197:3 › FakeEngine build › names, IDs, titles and notes that look like HTML, scripts or URLs are shown as text, and run nothing
  -  167 [firefox] › tests/e2e/session.spec.ts:239:3 › FakeEngine build › Run details attaches the original FASTA only when it matches; then sequences are extracted as before saving
  ✓  162 [firefox] › tests/e2e/search.spec.ts:677:1 › Algorithm parameters: closed at start, the changed values marked and counted, the defaults restored; the Job Title and the second button (4.1s)
  ✓  169 [firefox] › tests/e2e/smoke.spec.ts:4:1 › the page is cross-origin isolated, so the threaded engine can use shared memory (387ms)
  ✓  170 [firefox] › tests/e2e/smoke.spec.ts:10:1 › paste, queue, run, view and export with the engine (1.8s)
  ✓  171 [firefox] › tests/e2e/smoke.spec.ts:42:1 › a BLASTN query of white space only has no record: the engine reads it, and the run ends without a search (1.3s)
  -  172 [firefox] › tests/e2e/storage.spec.ts:24:1 › a tab keeps its outputs in OPFS under tmp/<session>/runs/<run>/, named by tokens only
  -  173 [firefox] › tests/e2e/storage.spec.ts:47:3 › the next tab removes the data of a tab that is killed, and keeps its own
  -  174 [firefox] › tests/e2e/storage.spec.ts:47:3 › the next tab removes the data of a tab that is closed, and keeps its own
  -  175 [firefox] › tests/e2e/storage.spec.ts:80:1 › two open tabs, started one after the other, never remove each other's data
  -  176 [firefox] › tests/e2e/storage.spec.ts:107:1 › two tabs that start at the same time remove an abandoned session once and keep each other
  -  177 [firefox] › tests/e2e/storage.spec.ts:128:1 › a stopped (frozen) tab keeps its data while another tab starts
  -  178 [firefox] › tests/e2e/storage.spec.ts:147:1 › a run that runs out of storage fails with the reason; earlier results stay and later runs work
  -  179 [webkit] › tests/e2e/browsers.spec.ts:34:3 › BlockStore contract: opfs store in a dedicated worker (without storage full)
pass [memory] write and seal: a block reads back exactly the bytes appended to it
pass [memory] read: any range of a sealed block, and nothing beyond its end
pass [memory] write: the store keeps a copy, so the caller may reuse its buffer
pass [memory] staging: a block cannot be read before it is sealed
pass [memory] seal: a sealed block takes no more bytes and cannot be sealed again
pass [memory] discard: a staged or sealed block disappears and its bytes are freed
pass [memory] create: a path that exists cannot be created again
pass [memory] removeAll: removes one directory, sealed or not, and leaves the rest
pass [memory] paths: empty and relative names are rejected
pass [memory] an empty block can be sealed and read
pass [memory] a large block: 48 MiB in 1 MiB appends reads back unchanged
pass [memory] storage full: an append fails with StorageFullError, the block can only be discarded, and sealed blocks stay readable
  ✓  180 [webkit] › tests/e2e/browsers.spec.ts:34:3 › BlockStore contract: memory store in a dedicated worker (without storage full) (605ms)
pass [run output] every stream arrives in order and the run commits
pass [run output] many small chunks and one large chunk arrive unchanged
pass [run output] a run without output commits with empty outputs
pass [run output] staging: a run cannot be read before it is committed, and the commit waits for end
pass [run output] an end whose totals disagree fails the commit and discards the run
pass [run output] a message outside the protocol fails the commit
pass [run output] discard drops a staged run and ignores its late chunks
pass [run output] a committed run is kept by discard and removed by delete
pass [run output] two staged runs keep their outputs apart
pass [run output] the writer refuses to write after end
FAIL [run output] storage full: the run fails with the reason, and committed runs stay readable: ContractError: commit: expected a rejection matching /StorageFullError: Not enough temporary storage/, but it resolved
run output contract on the memory store
  ✓  181 [webkit] › tests/e2e/browsers.spec.ts:49:1 › run output contract: a writer in its own worker and the real Data worker (without storage full) (1.2s)
  ✓  182 [webkit] › tests/e2e/browsers.spec.ts:59:1 › the application keeps results in OPFS, or in memory with the reason shown (605ms)
  -  183 [webkit] › tests/e2e/candidates.spec.ts:154:3 › FakeEngine build › an empty tray says how to add candidates
  -  184 [webkit] › tests/e2e/candidates.spec.ts:161:3 › FakeEngine build › candidates are added from the Descriptions' marks, the Alignments and the dot plot popup, of two runs; Origins name the runs
  -  185 [webkit] › tests/e2e/candidates.spec.ts:289:3 › FakeEngine build › notes, orders, moves and removal; "Show in results" lands on the HSP and says which view filters it cleared
  -  186 [webkit] › tests/e2e/candidates.spec.ts:371:3 › FakeEngine build › downloads: the residues of the input at the HSPs (regions, flanks cut at the ends, spanning, complete, queries) and the aligned rows of the HSP records
  -  187 [webkit] › tests/e2e/candidates.spec.ts:487:3 › FakeEngine build › a phone: the Descriptions' marks and the tray fit the screen; a row shows #, Subject, Range, the note and the actions first
  ✓  188 [webkit] › tests/e2e/candidates.spec.ts:548:3 › engine build › BLASTN: a hit on the minus strand of one of two subject records with the same ID; the saved residues are the file's letters at the outfmt 6 intervals (2.6s)
  ✓  168 [firefox] › tests/e2e/session.spec.ts:426:3 › engine build › real searches saved and opened in a new page: nothing is searched, the outputs are those before saving and the native CLI's, and the originals attach only when chosen and matching (14.5s)
  -  190 [webkit] › tests/e2e/contracts.spec.ts:32:3 › BlockStore contract: opfs store in a dedicated worker
  -  191 [webkit] › tests/e2e/contracts.spec.ts:32:3 › BlockStore contract: memory store in a dedicated worker
  -  192 [webkit] › tests/e2e/contracts.spec.ts:40:1 › run output contract: a writer in its own worker and the real Data worker (OPFS)
  ✓  189 [webkit] › tests/e2e/candidates.spec.ts:606:3 › engine build › TBLASTN: the saved subject residues (nt) and query residues (aa) are the files' letters at the outfmt 6 intervals (3.6s)
pass [record scanner] scan kind 1: several records with regular lines (LF)
pass [record scanner] scan kind 2: several records with regular lines (LF)
pass [record scanner] scan kind 1: CR LF line ends
pass [record scanner] scan kind 2: CR LF line ends
pass [record scanner] scan kind 1: CR line ends
pass [record scanner] scan kind 2: CR line ends
pass [record scanner] scan kind 1: LF and CR LF line ends in one file
pass [record scanner] scan kind 2: LF and CR LF line ends in one file
pass [record scanner] scan kind 1: lower case residues are counted upper-cased
pass [record scanner] scan kind 2: lower case residues are counted upper-cased
pass [record scanner] scan kind 1: comment lines (!, # and ;) before and inside records
pass [record scanner] scan kind 2: comment lines (!, # and ;) before and inside records
pass [record scanner] scan kind 1: ; ends the data of a line
pass [record scanner] scan kind 2: ; ends the data of a line
pass [record scanner] scan kind 1: blank lines and white space
pass [record scanner] scan kind 2: blank lines and white space
pass [record scanner] scan kind 1: a first record without a defline
pass [record scanner] scan kind 2: a first record without a defline
pass [record scanner] scan kind 1: a first record without a defline after a comment line
pass [record scanner] scan kind 2: a first record without a defline after a comment line
pass [record scanner] scan kind 1: records without residues, the last a defline without a newline
pass [record scanner] scan kind 2: records without residues, the last a defline without a newline
pass [record scanner] scan kind 1: U is stored as T in kind 1
pass [record scanner] scan kind 2: U is stored as T in kind 1
pass [record scanner] scan kind 1: * and the protein letters are stored in kind 2 only
pass [record scanner] scan kind 2: * and the protein letters are stored in kind 2 only
pass [record scanner] scan kind 1: bytes that the kind does not store are skipped
pass [record scanner] scan kind 2: bytes that the kind does not store are skipped
pass [record scanner] scan kind 1: the ID is the title up to its first space, after the white space that follows >
pass [record scanner] scan kind 2: the ID is the title up to its first space, after the white space that follows >
pass [record scanner] scan kind 1: a non-ASCII title
pass [record scanner] scan kind 2: a non-ASCII title
pass [record scanner] scan kind 1: an empty input has no records
pass [record scanner] scan kind 2: an empty input has no records
pass [record scanner] scan kind 1: white space, blank and comment lines only have no records
pass [record scanner] scan kind 2: white space, blank and comment lines only have no records
pass [record scanner] scan kind 1: a long record (4 checkpoints) with lines of 60 and 61 residues
pass [record scanner] scan kind 2: a long record (4 checkpoints) with lines of 60 and 61 residues
pass [record scanner] scan kind 1: a long record with regular 80-residue lines
pass [record scanner] scan kind 2: a long record with regular 80-residue lines
pass [record scanner] scan: a multi-byte character split across chunks
pass [record scanner] scan: an unknown parser kind is refused
multi.blastn n=1: subject registered
multi.megablast n=1: subject retained
  ✓  193 [webkit] › tests/e2e/engine.spec.ts:97:1 › record scanner contract: the serial reactor (1.5s)
iupac.beyond_table.blastn n=1: subject retained
rna.megablast n=1: subject retained
multi.mts3.blastn n=1: subject retained
multi.ws7_e1000.blastn n=4: subject registered
multi.besthit.blastn n=4: subject retained
tblastx.multi n=1: subject registered
pass [engine input] register: the run proceeds when the record tables agree
tblastx.batch n=1: subject retained
tblastx.mts1 n=4: subject registered
pass [engine input] register: a query record with another ID stops the run before any output
tblastx.thrwin n=4: subject retained
pass [engine input] register: a subject record with another length stops the run before any output
pass [engine input] register: a missing record stops the run before any output
  ✓  195 [webkit] › tests/e2e/engine.spec.ts:105:3 › engine input contract: the real EngineGateway at 1 thread(s) (1.6s)
pass [engine input] register: the run proceeds when the record tables agree
  ✓  194 [webkit] › tests/e2e/engine.spec.ts:174:1 › R1: searches of one subject with other queries and options reuse it and give the expected bytes (3.1s)
pass [engine input] register: a query record with another ID stops the run before any output
pass [engine input] register: a subject record with another length stops the run before any output
pass [engine input] register: a missing record stops the run before any output
  ✓  196 [webkit] › tests/e2e/engine.spec.ts:105:3 › engine input contract: the real EngineGateway at 4 thread(s) (1.5s)
pass [run output, Engine worker] every stream arrives in order and the run commits
pass [run output, Engine worker] many small chunks and one large chunk arrive unchanged
pass [run output, Engine worker] a run without output commits with empty outputs
pass [run output, Engine worker] staging: a run cannot be read before it is committed, and the commit waits for end
pass [run output, Engine worker] an end whose totals disagree fails the commit and discards the run
pass [run output, Engine worker] a message outside the protocol fails the commit
pass [run output, Engine worker] discard drops a staged run and ignores its late chunks
pass [run output, Engine worker] a committed run is kept by discard and removed by delete
pass [run output, Engine worker] two staged runs keep their outputs apart
pass [run output, Engine worker] the writer refuses to write after end
FAIL [run output, Engine worker] storage full: the run fails with the reason, and committed runs stay readable: ContractError: commit: expected a rejection matching /StorageFullError: Not enough temporary storage/, but it resolved
  ✓  198 [webkit] › tests/e2e/engine.spec.ts:132:1 › run output contract: the writer in the Engine worker, the real Data worker (without storage full) (1.3s)
completed compact.blastn n=1 n=1 218 ms
completed compact.blastn n=2 n=2 39 ms
completed compact.blastn n=4 n=4 63 ms
completed multi.blastn n=1 n=1 32 ms
completed multi.blastn n=2 n=2 55 ms
completed multi.blastn n=4 n=4 79 ms
completed mask.lcase.megablast n=1 n=1 18 ms
completed mask.lcase.megablast n=2 n=2 55 ms
completed mask.lcase.megablast n=4 n=4 67 ms
completed width.blastp n=1 n=1 40 ms
completed width.blastp n=2 n=2 65 ms
completed width.blastp n=4 n=4 26 ms
completed width.tblastn n=1 n=1 24 ms
completed width.tblastn n=2 n=2 33 ms
completed width.tblastn n=4 n=4 27 ms
completed tblastx.multi n=1 n=1 127 ms
completed tblastx.multi n=2 n=2 123 ms
completed tblastx.multi n=4 n=4 92 ms
completed tblastn.code4 n=1 n=1 20 ms
completed tblastn.code4 n=2 n=2 27 ms
completed tblastn.code4 n=4 n=4 23 ms
completed tblastn.batches n=1 n=1 923 ms
completed tblastn.batches n=2 n=2 833 ms
completed tblastn.query_batches n=2 n=2 5472 ms
completed tblastn.batches n=4 n=4 809 ms
completed tblastx.threaded-direct n=1 n=1 42 ms
completed tblastx.threaded-direct n=2 n=2 54 ms
completed tblastx.threaded-direct n=4 n=4 64 ms
  ✓  199 [webkit] › tests/e2e/engine.spec.ts:141:1 › V-BR: searches through the application give the expected bytes at 1, 2 and 4 threads (6.8s)
  -  200 [webkit] › tests/e2e/exports.spec.ts:142:3 › FakeEngine build › CSV, JSON and the report of each scope say what they are and keep hostile IDs as text
  ✓  201 [webkit] › tests/e2e/exports.spec.ts:274:3 › engine build › the files of a BLASTN search hold its stored outputs as written (4.2s)
  -  202 [webkit] › tests/e2e/measure.spec.ts:207:1 › dw8: the share of a warm search that subject-only preprocessing can take
  -  203 [webkit] › tests/e2e/measure.spec.ts:238:1 › memory: the linear memory of one instance over repeated searches
  -  204 [webkit] › tests/e2e/measure.spec.ts:272:1 › auto: the search phase at 1, 2 and 4 threads by input size
  -  205 [webkit] › tests/e2e/measure.spec.ts:298:1 › cancel: the time to cancel and to prepare the next search in a new runtime
  ✓  206 [webkit] › tests/e2e/repro.spec.ts:41:1 › settings: saved from the form, the form changed, loaded back; broken and newer files are refused (3.5s)
  ✓  207 [webkit] › tests/e2e/repro.spec.ts:112:1 › Run details: the commands from the run's argv, the run's input FASTA and settings; Edit Search fills the form without searching (3.5s)
  ✓  208 [webkit] › tests/e2e/repro.spec.ts:179:1 › a run that NCBI BLAST+ cannot run as LOSAT did gets the reason instead of an NCBI command (2.5s)
  -  209 [webkit] › tests/e2e/results-measure.spec.ts:595:3 › 10,000 queries: opening the run, the query picker, finding and sorting
  -  210 [webkit] › tests/e2e/results-measure.spec.ts:595:3 › 100,000 queries: opening the run, the query picker, finding and sorting
  -  211 [webkit] › tests/e2e/results-measure.spec.ts:1267:1 › many HSPs in one query-subject pair: the dot plot and the HSP list
completed tblastn.query_batches n=4 n=4 6666 ms
  ✓  197 [webkit] › tests/e2e/engine.spec.ts:216:1 › a search that builds one thread pool after another runs threaded from a new runtime (25.6s)
cancel n=1: cancelled in 2 ms; next search prepared in 17 ms
cancel n=4: cancelled in 2 ms; next search prepared in 121 ms
  ✓  213 [webkit] › tests/e2e/engine.spec.ts:241:1 › a cancelled search ends its runtime; the next search runs in a new one with the expected bytes (2.1s)
renewed 0 n=1: subject registered
renewed 1 n=1: subject retained
renewed 2 n=4: subject registered
renewed 3 n=4: subject retained
  ✓  212 [webkit] › tests/e2e/results.spec.ts:512:3 › BLASTN: the header block is the run's; the Descriptions, Graphic Summary and HSP table are the outfmt 6 rows, the Alignments outfmt 0's text; units, frames and run details (6.1s)
renewed 0 n=1: subject registered
renewed 1 n=1: subject registered
renewed 2 n=4: subject registered
renewed 3 n=4: subject registered
  ✓  214 [webkit] › tests/e2e/engine.spec.ts:270:1 › a runtime renewed after every search gives the same bytes and registers the subject again (1.8s)
completed compact.blastn n=4 n=4 270 ms
  ✓  216 [webkit] › tests/e2e/engine.spec.ts:293:1 › without cross-origin isolation, a threaded search runs on the serial module with the reason (620ms)
  ✓  217 [webkit] › tests/e2e/results.spec.ts:512:3 › TBLASTN: the header block is the run's; the Descriptions, Graphic Summary and HSP table are the outfmt 6 rows, the Alignments outfmt 0's text; units, frames and run details (8.6s)
  ✓  215 [webkit] › tests/e2e/results.spec.ts:512:3 › BLASTP: the header block is the run's; the Descriptions, Graphic Summary and HSP table are the outfmt 6 rows, the Alignments outfmt 0's text; units, frames and run details (10.5s)
  ✓  219 [webkit] › tests/e2e/results.spec.ts:842:1 › an HSP that outfmt 0 does not show, and a hit list that may have reached its limit (4.4s)
  ✓  220 [webkit] › tests/e2e/results.spec.ts:941:1 › the Descriptions cut at 100 subjects: the marks follow the listed rows (code review 2 L2) (3.4s)
  ✓  218 [webkit] › tests/e2e/results.spec.ts:512:3 › TBLASTX: the header block is the run's; the Descriptions, Graphic Summary and HSP table are the outfmt 6 rows, the Alignments outfmt 0's text; units, frames and run details (8.5s)
  ✓  221 [webkit] › tests/e2e/results.spec.ts:984:1 › BLASTN: an HSP of one letter has no orientation in its record; the note points to outfmt 0's Strand= line (3.5s)
  ✓  223 [webkit] › tests/e2e/results.spec.ts:1097:1 › the one page (NCBI classic): the Graphic Summary, the Descriptions and the Alignments without a tab click; a Description chosen brings its alignments into view (4.9s)
  ✓  222 [webkit] › tests/e2e/results.spec.ts:1043:1 › selection by HSP identity: sorting keeps the selected HSP; another subject or query moves it (8.7s)
  ✓  225 [webkit] › tests/e2e/results.spec.ts:1329:1 › many queries; view filters change the view, not the search; the notices tell filtered out, no hits and a failed run apart (9.2s)
  ✓  224 [webkit] › tests/e2e/results.spec.ts:1159:1 › the Alignments: a block per Range; Next, Previous and First Match; the previous and next subject; Ranges far apart in a window (13.5s)
  ✓  226 [webkit] › tests/e2e/results.spec.ts:1503:1 › the dot plot: the HSPs of the pair on a canvas; zoom; choosing an HSP on it or in the list; its popup (5.6s)
  ✓  227 [webkit] › tests/e2e/results.spec.ts:1654:1 › the dot plot: Download SVG saves the plot as shown, as a plain SVG with the canvas's titles and without the halo (S15) (2.7s)
  ✓  228 [webkit] › tests/e2e/results.spec.ts:1709:1 › the dot plot: on a desktop screen, a popup that has no room beside a short plot is scrolled into view by the first click (S13b code review 2) (2.6s)
  -  230 [webkit] › tests/e2e/screens.spec.ts:58:3 › search screen at the desktop size
  -  231 [webkit] › tests/e2e/screens.spec.ts:58:3 › search screen at the phone size
  -  232 [webkit] › tests/e2e/screens.spec.ts:250:3 › results screen at the desktop size
  -  233 [webkit] › tests/e2e/screens.spec.ts:250:3 › results screen at the phone size
  -  234 [webkit] › tests/e2e/screens.spec.ts:511:3 › outputs, reproduction and session files at the desktop size
  -  235 [webkit] › tests/e2e/screens.spec.ts:511:3 › outputs, reproduction and session files at the phone size
  -  236 [webkit] › tests/e2e/search-measure.spec.ts:90:1 › index, check, exclusion and queueing of many records
  ✓  237 [webkit] › tests/e2e/search.spec.ts:49:1 › a file is summarized with its records, not put in the paste box; files can also be dropped (1.1s)
  ✓  229 [webkit] › tests/e2e/results.spec.ts:1732:1 › narrow screens: the results are no wider than the screen; "Open results" shows them; the tables show the key values first (3.7s)
  ✓  239 [webkit] › tests/e2e/search.spec.ts:134:1 › the same subject, another query: the engine keeps the subject (R1) (4.0s)
  ✓  238 [webkit] › tests/e2e/search.spec.ts:84:1 › records: duplicate IDs by number, the engine refuses a record, exclusion, and a run after exclusion (5.2s)
  ✓  241 [webkit] › tests/e2e/search.spec.ts:237:1 › cancel a running search; the next one runs (3.5s)
  ✓  240 [webkit] › tests/e2e/search.spec.ts:152:1 › several runs in the queue; the next job is edited while one runs; separate searches as a group (5.9s)
  ✓  242 [webkit] › tests/e2e/search.spec.ts:253:1 › the region of a role with one record: the drag, the fields, the limits and the argv (4.3s)
  ✓  244 [webkit] › tests/e2e/search.spec.ts:380:1 › the engine's refusals of option values are shown as the engine writes them, and nothing is queued (4.4s)
  ✓  243 [webkit] › tests/e2e/search.spec.ts:307:1 › the options form: the engine's defaults are not written; tasks, templates and genetic codes (8.6s)
  ✓  246 [webkit] › tests/e2e/search.spec.ts:444:1 › a program of another reader kind reads the sources again, clears their exclusions and says so (Owner decision 2) (2.8s)
  ✓  245 [webkit] › tests/e2e/search.spec.ts:407:1 › empty inputs, every record excluded, a sequence without a defline, and BLASTX (5.9s)
  ✓  248 [webkit] › tests/e2e/search.spec.ts:506:1 › the sequence kind warning is an estimate and does not change the program (1.8s)
  ✓  247 [webkit] › tests/e2e/search.spec.ts:479:1 › the reader-change notice never outlives its program (screen review M1) (3.0s)
  ✓  250 [webkit] › tests/e2e/search.spec.ts:576:1 › the search screen in NCBI's order and words (W4b) (2.8s)
  ✓  249 [webkit] › tests/e2e/search.spec.ts:518:3 › leaving and returning › the wake lock is held during a search; the page warns before it is left; the state is checked on return (3.5s)
  ✓  252 [webkit] › tests/e2e/search.spec.ts:746:1 › narrow screens put the inputs and the queue one under the other, without horizontal scrolling (1.8s)
  -  253 [webkit] › tests/e2e/session.spec.ts:97:3 › FakeEngine build › saves the runs, results, candidates and notes, and opens them in a new page without searching
  -  254 [webkit] › tests/e2e/session.spec.ts:165:3 › FakeEngine build › a damaged or foreign file is refused with its reason and changes nothing
  -  255 [webkit] › tests/e2e/session.spec.ts:197:3 › FakeEngine build › names, IDs, titles and notes that look like HTML, scripts or URLs are shown as text, and run nothing
  -  256 [webkit] › tests/e2e/session.spec.ts:239:3 › FakeEngine build › Run details attaches the original FASTA only when it matches; then sequences are extracted as before saving
  ✓  251 [webkit] › tests/e2e/search.spec.ts:677:1 › Algorithm parameters: closed at start, the changed values marked and counted, the defaults restored; the Job Title and the second button (4.2s)
  ✓  258 [webkit] › tests/e2e/smoke.spec.ts:4:1 › the page is cross-origin isolated, so the threaded engine can use shared memory (557ms)
  ✓  259 [webkit] › tests/e2e/smoke.spec.ts:10:1 › paste, queue, run, view and export with the engine (2.6s)
  ✓  260 [webkit] › tests/e2e/smoke.spec.ts:42:1 › a BLASTN query of white space only has no record: the engine reads it, and the run ends without a search (1.7s)
  -  261 [webkit] › tests/e2e/storage.spec.ts:24:1 › a tab keeps its outputs in OPFS under tmp/<session>/runs/<run>/, named by tokens only
  -  262 [webkit] › tests/e2e/storage.spec.ts:47:3 › the next tab removes the data of a tab that is killed, and keeps its own
  -  263 [webkit] › tests/e2e/storage.spec.ts:47:3 › the next tab removes the data of a tab that is closed, and keeps its own
  -  264 [webkit] › tests/e2e/storage.spec.ts:80:1 › two open tabs, started one after the other, never remove each other's data
  -  265 [webkit] › tests/e2e/storage.spec.ts:107:1 › two tabs that start at the same time remove an abandoned session once and keep each other
  -  266 [webkit] › tests/e2e/storage.spec.ts:128:1 › a stopped (frozen) tab keeps its data while another tab starts
  -  267 [webkit] › tests/e2e/storage.spec.ts:147:1 › a run that runs out of storage fails with the reason; earlier results stay and later runs work
  ✓  257 [webkit] › tests/e2e/session.spec.ts:426:3 › engine build › real searches saved and opened in a new page: nothing is searched, the outputs are those before saving and the native CLI's, and the originals attach only when chosen and matching (13.0s)

  97 skipped
  170 passed (6.8m)
