
> losat-web@0.0.0 e2e
> playwright test --reporter=list

[WebServer] (!) Your Vite config uses features that are unsupported by `configLoader: 'native'`, which is planned to become the default in a future major version of Vite:
[WebServer]   - import "./output-format" without a file extension (src/domain/verification.ts:9:35). Add the file extension
[WebServer]   - import "./programs" without a file extension (src/domain/verification.ts:10:32). Add the file extension
[WebServer] Set `VITE_CONFIG_NATIVE_IGNORE_WARNING=true` to suppress this warning.
[WebServer] (!) Your Vite config uses features that are unsupported by `configLoader: 'native'`, which is planned to become the default in a future major version of Vite:
[WebServer]   - import "./output-format" without a file extension (src/domain/verification.ts:9:35). Add the file extension
[WebServer]   - import "./programs" without a file extension (src/domain/verification.ts:10:32). Add the file extension
[WebServer] Set `VITE_CONFIG_NATIVE_IGNORE_WARNING=true` to suppress this warning.

Running 267 tests using 2 workers

  -    2 [chromium] › tests/e2e/browsers.spec.ts:34:3 › BlockStore contract: opfs store in a dedicated worker (without storage full)
  -    1 [chromium] › tests/e2e/browsers.spec.ts:49:1 › run output contract: a writer in its own worker and the real Data worker (without storage full)
  -    3 [chromium] › tests/e2e/browsers.spec.ts:34:3 › BlockStore contract: memory store in a dedicated worker (without storage full)
  -    4 [chromium] › tests/e2e/browsers.spec.ts:59:1 › the application keeps results in OPFS, or in memory with the reason shown
  ✓    5 [chromium] › tests/e2e/candidates.spec.ts:154:3 › FakeEngine build › an empty tray says how to add candidates (221ms)
  ✓    7 [chromium] › tests/e2e/candidates.spec.ts:289:3 › FakeEngine build › notes, orders, moves and removal; "Show in results" lands on the HSP and says which view filters it cleared (4.5s)
  ✓    6 [chromium] › tests/e2e/candidates.spec.ts:161:3 › FakeEngine build › candidates are added from the Descriptions' marks, the Alignments and the dot plot popup, of two runs; Origins name the runs (4.7s)
  ✓    9 [chromium] › tests/e2e/candidates.spec.ts:487:3 › FakeEngine build › a phone: the Descriptions' marks and the tray fit the screen; a row shows #, Subject, Range, the note and the actions first (2.2s)
  -   10 [chromium] › tests/e2e/candidates.spec.ts:548:3 › engine build › BLASTN: a hit on the minus strand of one of two subject records with the same ID; the saved residues are the file's letters at the outfmt 6 intervals
  -   11 [chromium] › tests/e2e/candidates.spec.ts:606:3 › engine build › TBLASTN: the saved subject residues (nt) and query residues (aa) are the files' letters at the outfmt 6 intervals
pass [opfs] write and seal: a block reads back exactly the bytes appended to it
pass [opfs] read: any range of a sealed block, and nothing beyond its end
pass [opfs] write: the store keeps a copy, so the caller may reuse its buffer
pass [opfs] staging: a block cannot be read before it is sealed
pass [opfs] seal: a sealed block takes no more bytes and cannot be sealed again
pass [opfs] discard: a staged or sealed block disappears and its bytes are freed
pass [opfs] create: a path that exists cannot be created again
pass [opfs] removeAll: removes one directory, sealed or not, and leaves the rest
pass [opfs] paths: empty and relative names are rejected
pass [opfs] an empty block can be sealed and read
  ✓    8 [chromium] › tests/e2e/candidates.spec.ts:371:3 › FakeEngine build › downloads: the residues of the input at the HSPs (regions, flanks cut at the ends, spanning, complete, queries) and the aligned rows of the HSP records (3.1s)
pass [opfs] a large block: 48 MiB in 1 MiB appends reads back unchanged
pass [opfs] storage full: an append fails with StorageFullError, the block can only be discarded, and sealed blocks stay readable
  ✓   12 [chromium] › tests/e2e/contracts.spec.ts:32:3 › BlockStore contract: opfs store in a dedicated worker (835ms)
pass [memory] write and seal: a block reads back exactly the bytes appended to it
pass [memory] read: any range of a sealed block, and nothing beyond its end
pass [memory] write: the store keeps a copy, so the caller may reuse its buffer
pass [memory] staging: a block cannot be read before it is sealed
pass [memory] seal: a sealed block takes no more bytes and cannot be sealed again
pass [memory] discard: a staged or sealed block disappears and its bytes are freed
pass [memory] create: a path that exists cannot be created again
pass [memory] removeAll: removes one directory, sealed or not, and leaves the rest
pass [memory] paths: empty and relative names are rejected
pass [memory] an empty block can be sealed and read
pass [memory] a large block: 48 MiB in 1 MiB appends reads back unchanged
pass [memory] storage full: an append fails with StorageFullError, the block can only be discarded, and sealed blocks stay readable
  ✓   14 [chromium] › tests/e2e/contracts.spec.ts:32:3 › BlockStore contract: memory store in a dedicated worker (511ms)
  -   15 [chromium] › tests/e2e/engine.spec.ts:97:1 › record scanner contract: the serial reactor
  -   16 [chromium] › tests/e2e/engine.spec.ts:105:3 › engine input contract: the real EngineGateway at 1 thread(s)
  -   17 [chromium] › tests/e2e/engine.spec.ts:105:3 › engine input contract: the real EngineGateway at 4 thread(s)
  -   18 [chromium] › tests/e2e/engine.spec.ts:132:1 › run output contract: the writer in the Engine worker, the real Data worker (without storage full)
  -   19 [chromium] › tests/e2e/engine.spec.ts:141:1 › V-BR: searches through the application give the expected bytes at 1, 2 and 4 threads
  -   20 [chromium] › tests/e2e/engine.spec.ts:174:1 › R1: searches of one subject with other queries and options reuse it and give the expected bytes
  -   21 [chromium] › tests/e2e/engine.spec.ts:216:1 › a search that builds one thread pool after another runs threaded from a new runtime
  -   22 [chromium] › tests/e2e/engine.spec.ts:241:1 › a cancelled search ends its runtime; the next search runs in a new one with the expected bytes
  -   23 [chromium] › tests/e2e/engine.spec.ts:270:1 › a runtime renewed after every search gives the same bytes and registers the subject again
  -   24 [chromium] › tests/e2e/engine.spec.ts:293:1 › without cross-origin isolation, a threaded search runs on the serial module with the reason
pass [run output] every stream arrives in order and the run commits
pass [run output] many small chunks and one large chunk arrive unchanged
pass [run output] a run without output commits with empty outputs
pass [run output] staging: a run cannot be read before it is committed, and the commit waits for end
pass [run output] an end whose totals disagree fails the commit and discards the run
pass [run output] a message outside the protocol fails the commit
pass [run output] discard drops a staged run and ignores its late chunks
pass [run output] a committed run is kept by discard and removed by delete
pass [run output] two staged runs keep their outputs apart
pass [run output] the writer refuses to write after end
pass [run output] storage full: the run fails with the reason, and committed runs stay readable
  ✓   13 [chromium] › tests/e2e/contracts.spec.ts:40:1 › run output contract: a writer in its own worker and the real Data worker (OPFS) (1.2s)
  -   26 [chromium] › tests/e2e/exports.spec.ts:274:3 › engine build › the files of a BLASTN search hold its stored outputs as written
  -   27 [chromium] › tests/e2e/measure.spec.ts:207:1 › dw8: the share of a warm search that subject-only preprocessing can take
  -   28 [chromium] › tests/e2e/measure.spec.ts:238:1 › memory: the linear memory of one instance over repeated searches
  -   29 [chromium] › tests/e2e/measure.spec.ts:272:1 › auto: the search phase at 1, 2 and 4 threads by input size
  -   30 [chromium] › tests/e2e/measure.spec.ts:298:1 › cancel: the time to cancel and to prepare the next search in a new runtime
  ✓   31 [chromium] › tests/e2e/repro.spec.ts:41:1 › settings: saved from the form, the form changed, loaded back; broken and newer files are refused (2.2s)
  ✓   25 [chromium] › tests/e2e/exports.spec.ts:142:3 › FakeEngine build › CSV, JSON and the report of each scope say what they are and keep hostile IDs as text (3.4s)
  ✓   32 [chromium] › tests/e2e/repro.spec.ts:112:1 › Run details: the commands from the run's argv, the run's input FASTA and settings; Edit Search fills the form without searching (1.7s)
  -   34 [chromium] › tests/e2e/results-measure.spec.ts:595:3 › 10,000 queries: opening the run, the query picker, finding and sorting
  -   35 [chromium] › tests/e2e/results-measure.spec.ts:595:3 › 100,000 queries: opening the run, the query picker, finding and sorting
  -   36 [chromium] › tests/e2e/results-measure.spec.ts:1267:1 › many HSPs in one query-subject pair: the dot plot and the HSP list
  ✓   33 [chromium] › tests/e2e/repro.spec.ts:179:1 › a run that NCBI BLAST+ cannot run as LOSAT did gets the reason instead of an NCBI command (2.2s)
  ✓   37 [chromium] › tests/e2e/results.spec.ts:512:3 › BLASTN: the header block is the run's; the Descriptions, Graphic Summary and HSP table are the outfmt 6 rows, the Alignments outfmt 0's text; units, frames and run details (4.0s)
  ✓   38 [chromium] › tests/e2e/results.spec.ts:512:3 › BLASTP: the header block is the run's; the Descriptions, Graphic Summary and HSP table are the outfmt 6 rows, the Alignments outfmt 0's text; units, frames and run details (4.2s)
  ✓   40 [chromium] › tests/e2e/results.spec.ts:512:3 › TBLASTX: the header block is the run's; the Descriptions, Graphic Summary and HSP table are the outfmt 6 rows, the Alignments outfmt 0's text; units, frames and run details (1.7s)
  ✓   41 [chromium] › tests/e2e/results.spec.ts:842:1 › an HSP that outfmt 0 does not show, and a hit list that may have reached its limit (1.5s)
  -   42 [chromium] › tests/e2e/results.spec.ts:941:1 › the Descriptions cut at 100 subjects: the marks follow the listed rows (code review 2 L2)
  ✓   39 [chromium] › tests/e2e/results.spec.ts:512:3 › TBLASTN: the header block is the run's; the Descriptions, Graphic Summary and HSP table are the outfmt 6 rows, the Alignments outfmt 0's text; units, frames and run details (4.6s)
  ✓   43 [chromium] › tests/e2e/results.spec.ts:984:1 › BLASTN: an HSP of one letter has no orientation in its record; the note points to outfmt 0's Strand= line (2.4s)
  ✓   45 [chromium] › tests/e2e/results.spec.ts:1097:1 › the one page (NCBI classic): the Graphic Summary, the Descriptions and the Alignments without a tab click; a Description chosen brings its alignments into view (2.8s)
  ✓   44 [chromium] › tests/e2e/results.spec.ts:1043:1 › selection by HSP identity: sorting keeps the selected HSP; another subject or query moves it (5.0s)
  ✓   46 [chromium] › tests/e2e/results.spec.ts:1159:1 › the Alignments: a block per Range; Next, Previous and First Match; the previous and next subject; Ranges far apart in a window (3.1s)
  ✓   47 [chromium] › tests/e2e/results.spec.ts:1329:1 › many queries; view filters change the view, not the search; the notices tell filtered out, no hits and a failed run apart (3.4s)
  ✓   49 [chromium] › tests/e2e/results.spec.ts:1654:1 › the dot plot: Download SVG saves the plot as shown, as a plain SVG with the canvas's titles and without the halo (S15) (2.3s)
  ✓   48 [chromium] › tests/e2e/results.spec.ts:1503:1 › the dot plot: the HSPs of the pair on a canvas; zoom; choosing an HSP on it or in the list; its popup (3.6s)
  ✓   50 [chromium] › tests/e2e/results.spec.ts:1709:1 › the dot plot: on a desktop screen, a popup that has no room beside a short plot is scrolled into view by the first click (S13b code review 2) (2.1s)
  -   52 [chromium] › tests/e2e/screens.spec.ts:58:3 › search screen at the desktop size
  -   53 [chromium] › tests/e2e/screens.spec.ts:58:3 › search screen at the phone size
  -   54 [chromium] › tests/e2e/screens.spec.ts:250:3 › results screen at the desktop size
  -   55 [chromium] › tests/e2e/screens.spec.ts:250:3 › results screen at the phone size
  -   56 [chromium] › tests/e2e/screens.spec.ts:511:3 › outputs, reproduction and session files at the desktop size
  -   57 [chromium] › tests/e2e/screens.spec.ts:511:3 › outputs, reproduction and session files at the phone size
  -   58 [chromium] › tests/e2e/search-measure.spec.ts:90:1 › index, check, exclusion and queueing of many records
  ✓   51 [chromium] › tests/e2e/results.spec.ts:1732:1 › narrow screens: the results are no wider than the screen; "Open results" shows them; the tables show the key values first (1.6s)
  ✓   59 [chromium] › tests/e2e/search.spec.ts:49:1 › a file is summarized with its records, not put in the paste box; files can also be dropped (261ms)
  ✓   61 [chromium] › tests/e2e/search.spec.ts:134:1 › the same subject, another query: the engine keeps the subject (R1) (3.0s)
  ✓   60 [chromium] › tests/e2e/search.spec.ts:84:1 › records: duplicate IDs by number, the engine refuses a record, exclusion, and a run after exclusion (3.9s)
  -   63 [chromium] › tests/e2e/search.spec.ts:237:1 › cancel a running search; the next one runs
  ✓   62 [chromium] › tests/e2e/search.spec.ts:152:1 › several runs in the queue; the next job is edited while one runs; separate searches as a group (2.1s)
  ✓   64 [chromium] › tests/e2e/search.spec.ts:253:1 › the region of a role with one record: the drag, the fields, the limits and the argv (2.5s)
  -   66 [chromium] › tests/e2e/search.spec.ts:380:1 › the engine's refusals of option values are shown as the engine writes them, and nothing is queued
  ✓   65 [chromium] › tests/e2e/search.spec.ts:307:1 › the options form: the engine's defaults are not written; tasks, templates and genetic codes (2.6s)
  ✓   67 [chromium] › tests/e2e/search.spec.ts:407:1 › empty inputs, every record excluded, a sequence without a defline, and BLASTX (1.9s)
  ✓   68 [chromium] › tests/e2e/search.spec.ts:444:1 › a program of another reader kind reads the sources again, clears their exclusions and says so (Owner decision 2) (2.0s)
  ✓   70 [chromium] › tests/e2e/search.spec.ts:506:1 › the sequence kind warning is an estimate and does not change the program (970ms)
  -   71 [chromium] › tests/e2e/search.spec.ts:518:3 › leaving and returning › the wake lock is held during a search; the page warns before it is left; the state is checked on return
  ✓   69 [chromium] › tests/e2e/search.spec.ts:479:1 › the reader-change notice never outlives its program (screen review M1) (2.2s)
  ✓   72 [chromium] › tests/e2e/search.spec.ts:576:1 › the search screen in NCBI's order and words (W4b) (1.3s)
  ✓   74 [chromium] › tests/e2e/search.spec.ts:746:1 › narrow screens put the inputs and the queue one under the other, without horizontal scrolling (1.2s)
  ✓   73 [chromium] › tests/e2e/search.spec.ts:677:1 › Algorithm parameters: closed at start, the changed values marked and counted, the defaults restored; the Job Title and the second button (2.6s)
  ✓   76 [chromium] › tests/e2e/session.spec.ts:165:3 › FakeEngine build › a damaged or foreign file is refused with its reason and changes nothing (1.6s)
  ✓   77 [chromium] › tests/e2e/session.spec.ts:197:3 › FakeEngine build › names, IDs, titles and notes that look like HTML, scripts or URLs are shown as text, and run nothing (1.8s)
  ✓   75 [chromium] › tests/e2e/session.spec.ts:97:3 › FakeEngine build › saves the runs, results, candidates and notes, and opens them in a new page without searching (3.9s)
  -   79 [chromium] › tests/e2e/session.spec.ts:426:3 › engine build › real searches saved and opened in a new page: nothing is searched, the outputs are those before saving and the native CLI's, and the originals attach only when chosen and matching
  ✓   80 [chromium] › tests/e2e/smoke.spec.ts:4:1 › the page is cross-origin isolated, so the threaded engine can use shared memory (112ms)
  ✓   81 [chromium] › tests/e2e/smoke.spec.ts:10:1 › paste, queue, run, view and export with the fake engine (790ms)
  ✓   82 [chromium] › tests/e2e/smoke.spec.ts:42:1 › a BLASTN query of white space only has no record: the engine reads it, and the run ends without a search (689ms)
  ✓   78 [chromium] › tests/e2e/session.spec.ts:239:3 › FakeEngine build › Run details attaches the original FASTA only when it matches; then sequences are extracted as before saving (2.2s)
  ✓   83 [chromium] › tests/e2e/storage.spec.ts:24:1 › a tab keeps its outputs in OPFS under tmp/<session>/runs/<run>/, named by tokens only (795ms)
  ✓   84 [chromium] › tests/e2e/storage.spec.ts:47:3 › the next tab removes the data of a tab that is killed, and keeps its own (1.7s)
  ✓   85 [chromium] › tests/e2e/storage.spec.ts:47:3 › the next tab removes the data of a tab that is closed, and keeps its own (1.8s)
  ✓   87 [chromium] › tests/e2e/storage.spec.ts:107:1 › two tabs that start at the same time remove an abandoned session once and keep each other (1.3s)
  ✓   86 [chromium] › tests/e2e/storage.spec.ts:80:1 › two open tabs, started one after the other, never remove each other's data (2.7s)
  ✓   88 [chromium] › tests/e2e/storage.spec.ts:128:1 › a stopped (frozen) tab keeps its data while another tab starts (1.1s)
  ✓   89 [chromium] › tests/e2e/storage.spec.ts:147:1 › a run that runs out of storage fails with the reason; earlier results stay and later runs work (2.0s)
pass [opfs] write and seal: a block reads back exactly the bytes appended to it
pass [opfs] read: any range of a sealed block, and nothing beyond its end
pass [opfs] write: the store keeps a copy, so the caller may reuse its buffer
pass [opfs] staging: a block cannot be read before it is sealed
pass [opfs] seal: a sealed block takes no more bytes and cannot be sealed again
pass [opfs] discard: a staged or sealed block disappears and its bytes are freed
pass [opfs] create: a path that exists cannot be created again
pass [opfs] removeAll: removes one directory, sealed or not, and leaves the rest
pass [opfs] paths: empty and relative names are rejected
pass [opfs] an empty block can be sealed and read
pass [opfs] a large block: 48 MiB in 1 MiB appends reads back unchanged
FAIL [opfs] storage full: an append fails with StorageFullError, the block can only be discarded, and sealed blocks stay readable: ContractError: an append beyond the storage: expected an error matching /StorageFullError/, but nothing was thrown
  ✓   90 [firefox] › tests/e2e/browsers.spec.ts:34:3 › BlockStore contract: opfs store in a dedicated worker (without storage full) (2.2s)
pass [memory] write and seal: a block reads back exactly the bytes appended to it
pass [memory] read: any range of a sealed block, and nothing beyond its end
pass [memory] write: the store keeps a copy, so the caller may reuse its buffer
pass [memory] staging: a block cannot be read before it is sealed
pass [memory] seal: a sealed block takes no more bytes and cannot be sealed again
pass [memory] discard: a staged or sealed block disappears and its bytes are freed
pass [memory] create: a path that exists cannot be created again
pass [memory] removeAll: removes one directory, sealed or not, and leaves the rest
pass [memory] paths: empty and relative names are rejected
pass [memory] an empty block can be sealed and read
pass [run output] every stream arrives in order and the run commits
pass [memory] a large block: 48 MiB in 1 MiB appends reads back unchanged
pass [memory] storage full: an append fails with StorageFullError, the block can only be discarded, and sealed blocks stay readable
  ✓   92 [firefox] › tests/e2e/browsers.spec.ts:34:3 › BlockStore contract: memory store in a dedicated worker (without storage full) (364ms)
pass [run output] many small chunks and one large chunk arrive unchanged
pass [run output] a run without output commits with empty outputs
  ✓   93 [firefox] › tests/e2e/candidates.spec.ts:154:3 › FakeEngine build › an empty tray says how to add candidates (289ms)
pass [run output] staging: a run cannot be read before it is committed, and the commit waits for end
pass [run output] an end whose totals disagree fails the commit and discards the run
pass [run output] a message outside the protocol fails the commit
pass [run output] discard drops a staged run and ignores its late chunks
pass [run output] a committed run is kept by discard and removed by delete
pass [run output] two staged runs keep their outputs apart
pass [run output] the writer refuses to write after end
FAIL [run output] storage full: the run fails with the reason, and committed runs stay readable: ContractError: commit: expected a rejection matching /StorageFullError: Not enough temporary storage/, but it resolved
run output contract on the opfs store
  ✓   91 [firefox] › tests/e2e/browsers.spec.ts:49:1 › run output contract: a writer in its own worker and the real Data worker (without storage full) (3.4s)
  ✓   95 [firefox] › tests/e2e/browsers.spec.ts:59:1 › the application keeps results in OPFS, or in memory with the reason shown (359ms)
  ✓   94 [firefox] › tests/e2e/candidates.spec.ts:161:3 › FakeEngine build › candidates are added from the Descriptions' marks, the Alignments and the dot plot popup, of two runs; Origins name the runs (6.6s)
  ✓   96 [firefox] › tests/e2e/candidates.spec.ts:289:3 › FakeEngine build › notes, orders, moves and removal; "Show in results" lands on the HSP and says which view filters it cleared (6.3s)
  ✓   97 [firefox] › tests/e2e/candidates.spec.ts:371:3 › FakeEngine build › downloads: the residues of the input at the HSPs (regions, flanks cut at the ends, spanning, complete, queries) and the aligned rows of the HSP records (4.2s)
  -   99 [firefox] › tests/e2e/candidates.spec.ts:548:3 › engine build › BLASTN: a hit on the minus strand of one of two subject records with the same ID; the saved residues are the file's letters at the outfmt 6 intervals
  -  100 [firefox] › tests/e2e/candidates.spec.ts:606:3 › engine build › TBLASTN: the saved subject residues (nt) and query residues (aa) are the files' letters at the outfmt 6 intervals
  -  101 [firefox] › tests/e2e/contracts.spec.ts:32:3 › BlockStore contract: opfs store in a dedicated worker
  -  102 [firefox] › tests/e2e/contracts.spec.ts:32:3 › BlockStore contract: memory store in a dedicated worker
  -  103 [firefox] › tests/e2e/contracts.spec.ts:40:1 › run output contract: a writer in its own worker and the real Data worker (OPFS)
  -  104 [firefox] › tests/e2e/engine.spec.ts:97:1 › record scanner contract: the serial reactor
  -  105 [firefox] › tests/e2e/engine.spec.ts:105:3 › engine input contract: the real EngineGateway at 1 thread(s)
  -  106 [firefox] › tests/e2e/engine.spec.ts:105:3 › engine input contract: the real EngineGateway at 4 thread(s)
  -  107 [firefox] › tests/e2e/engine.spec.ts:132:1 › run output contract: the writer in the Engine worker, the real Data worker (without storage full)
  -  108 [firefox] › tests/e2e/engine.spec.ts:141:1 › V-BR: searches through the application give the expected bytes at 1, 2 and 4 threads
  -  109 [firefox] › tests/e2e/engine.spec.ts:174:1 › R1: searches of one subject with other queries and options reuse it and give the expected bytes
  -  110 [firefox] › tests/e2e/engine.spec.ts:216:1 › a search that builds one thread pool after another runs threaded from a new runtime
  -  111 [firefox] › tests/e2e/engine.spec.ts:241:1 › a cancelled search ends its runtime; the next search runs in a new one with the expected bytes
  -  112 [firefox] › tests/e2e/engine.spec.ts:270:1 › a runtime renewed after every search gives the same bytes and registers the subject again
  -  113 [firefox] › tests/e2e/engine.spec.ts:293:1 › without cross-origin isolation, a threaded search runs on the serial module with the reason
  ✓   98 [firefox] › tests/e2e/candidates.spec.ts:487:3 › FakeEngine build › a phone: the Descriptions' marks and the tray fit the screen; a row shows #, Subject, Range, the note and the actions first (2.7s)
  -  115 [firefox] › tests/e2e/exports.spec.ts:274:3 › engine build › the files of a BLASTN search hold its stored outputs as written
  -  116 [firefox] › tests/e2e/measure.spec.ts:207:1 › dw8: the share of a warm search that subject-only preprocessing can take
  -  117 [firefox] › tests/e2e/measure.spec.ts:238:1 › memory: the linear memory of one instance over repeated searches
  -  118 [firefox] › tests/e2e/measure.spec.ts:272:1 › auto: the search phase at 1, 2 and 4 threads by input size
  -  119 [firefox] › tests/e2e/measure.spec.ts:298:1 › cancel: the time to cancel and to prepare the next search in a new runtime
  ✓  120 [firefox] › tests/e2e/repro.spec.ts:41:1 › settings: saved from the form, the form changed, loaded back; broken and newer files are refused (2.7s)
  ✓  114 [firefox] › tests/e2e/exports.spec.ts:142:3 › FakeEngine build › CSV, JSON and the report of each scope say what they are and keep hostile IDs as text (4.8s)
  ✓  121 [firefox] › tests/e2e/repro.spec.ts:112:1 › Run details: the commands from the run's argv, the run's input FASTA and settings; Edit Search fills the form without searching (2.9s)
  -  123 [firefox] › tests/e2e/results-measure.spec.ts:595:3 › 10,000 queries: opening the run, the query picker, finding and sorting
  -  124 [firefox] › tests/e2e/results-measure.spec.ts:595:3 › 100,000 queries: opening the run, the query picker, finding and sorting
  -  125 [firefox] › tests/e2e/results-measure.spec.ts:1267:1 › many HSPs in one query-subject pair: the dot plot and the HSP list
  ✓  122 [firefox] › tests/e2e/repro.spec.ts:179:1 › a run that NCBI BLAST+ cannot run as LOSAT did gets the reason instead of an NCBI command (3.0s)
  ✓  126 [firefox] › tests/e2e/results.spec.ts:512:3 › BLASTN: the header block is the run's; the Descriptions, Graphic Summary and HSP table are the outfmt 6 rows, the Alignments outfmt 0's text; units, frames and run details (6.4s)
  ✓  127 [firefox] › tests/e2e/results.spec.ts:512:3 › BLASTP: the header block is the run's; the Descriptions, Graphic Summary and HSP table are the outfmt 6 rows, the Alignments outfmt 0's text; units, frames and run details (6.8s)
  ✓  129 [firefox] › tests/e2e/results.spec.ts:512:3 › TBLASTX: the header block is the run's; the Descriptions, Graphic Summary and HSP table are the outfmt 6 rows, the Alignments outfmt 0's text; units, frames and run details (3.0s)
  ✓  128 [firefox] › tests/e2e/results.spec.ts:512:3 › TBLASTN: the header block is the run's; the Descriptions, Graphic Summary and HSP table are the outfmt 6 rows, the Alignments outfmt 0's text; units, frames and run details (6.7s)
  -  131 [firefox] › tests/e2e/results.spec.ts:941:1 › the Descriptions cut at 100 subjects: the marks follow the listed rows (code review 2 L2)
  ✓  130 [firefox] › tests/e2e/results.spec.ts:842:1 › an HSP that outfmt 0 does not show, and a hit list that may have reached its limit (3.5s)
  ✓  132 [firefox] › tests/e2e/results.spec.ts:984:1 › BLASTN: an HSP of one letter has no orientation in its record; the note points to outfmt 0's Strand= line (3.4s)
  ✓  134 [firefox] › tests/e2e/results.spec.ts:1097:1 › the one page (NCBI classic): the Graphic Summary, the Descriptions and the Alignments without a tab click; a Description chosen brings its alignments into view (3.3s)
  ✓  133 [firefox] › tests/e2e/results.spec.ts:1043:1 › selection by HSP identity: sorting keeps the selected HSP; another subject or query moves it (6.3s)
  ✓  135 [firefox] › tests/e2e/results.spec.ts:1159:1 › the Alignments: a block per Range; Next, Previous and First Match; the previous and next subject; Ranges far apart in a window (3.6s)
  ✓  136 [firefox] › tests/e2e/results.spec.ts:1329:1 › many queries; view filters change the view, not the search; the notices tell filtered out, no hits and a failed run apart (4.1s)
  ✓  137 [firefox] › tests/e2e/results.spec.ts:1503:1 › the dot plot: the HSPs of the pair on a canvas; zoom; choosing an HSP on it or in the list; its popup (4.4s)
  ✓  138 [firefox] › tests/e2e/results.spec.ts:1654:1 › the dot plot: Download SVG saves the plot as shown, as a plain SVG with the canvas's titles and without the halo (S15) (3.2s)
  ✓  139 [firefox] › tests/e2e/results.spec.ts:1709:1 › the dot plot: on a desktop screen, a popup that has no room beside a short plot is scrolled into view by the first click (S13b code review 2) (3.0s)
  -  141 [firefox] › tests/e2e/screens.spec.ts:58:3 › search screen at the desktop size
  -  142 [firefox] › tests/e2e/screens.spec.ts:58:3 › search screen at the phone size
  -  143 [firefox] › tests/e2e/screens.spec.ts:250:3 › results screen at the desktop size
  -  144 [firefox] › tests/e2e/screens.spec.ts:250:3 › results screen at the phone size
  -  145 [firefox] › tests/e2e/screens.spec.ts:511:3 › outputs, reproduction and session files at the desktop size
  -  146 [firefox] › tests/e2e/screens.spec.ts:511:3 › outputs, reproduction and session files at the phone size
  -  147 [firefox] › tests/e2e/search-measure.spec.ts:90:1 › index, check, exclusion and queueing of many records
  ✓  140 [firefox] › tests/e2e/results.spec.ts:1732:1 › narrow screens: the results are no wider than the screen; "Open results" shows them; the tables show the key values first (2.8s)
  ✓  148 [firefox] › tests/e2e/search.spec.ts:49:1 › a file is summarized with its records, not put in the paste box; files can also be dropped (619ms)
  ✓  150 [firefox] › tests/e2e/search.spec.ts:134:1 › the same subject, another query: the engine keeps the subject (R1) (4.4s)
  ✓  149 [firefox] › tests/e2e/search.spec.ts:84:1 › records: duplicate IDs by number, the engine refuses a record, exclusion, and a run after exclusion (5.4s)
  -  152 [firefox] › tests/e2e/search.spec.ts:237:1 › cancel a running search; the next one runs
  ✓  151 [firefox] › tests/e2e/search.spec.ts:152:1 › several runs in the queue; the next job is edited while one runs; separate searches as a group (2.9s)
  ✓  153 [firefox] › tests/e2e/search.spec.ts:253:1 › the region of a role with one record: the drag, the fields, the limits and the argv (3.3s)
  -  155 [firefox] › tests/e2e/search.spec.ts:380:1 › the engine's refusals of option values are shown as the engine writes them, and nothing is queued
  ✓  154 [firefox] › tests/e2e/search.spec.ts:307:1 › the options form: the engine's defaults are not written; tasks, templates and genetic codes (3.6s)
  ✓  156 [firefox] › tests/e2e/search.spec.ts:407:1 › empty inputs, every record excluded, a sequence without a defline, and BLASTX (2.2s)
  ✓  157 [firefox] › tests/e2e/search.spec.ts:444:1 › a program of another reader kind reads the sources again, clears their exclusions and says so (Owner decision 2) (2.3s)
  ✓  158 [firefox] › tests/e2e/search.spec.ts:479:1 › the reader-change notice never outlives its program (screen review M1) (2.8s)
  -  160 [firefox] › tests/e2e/search.spec.ts:518:3 › leaving and returning › the wake lock is held during a search; the page warns before it is left; the state is checked on return
  ✓  159 [firefox] › tests/e2e/search.spec.ts:506:1 › the sequence kind warning is an estimate and does not change the program (1.4s)
  ✓  161 [firefox] › tests/e2e/search.spec.ts:576:1 › the search screen in NCBI's order and words (W4b) (1.8s)
  ✓  163 [firefox] › tests/e2e/search.spec.ts:746:1 › narrow screens put the inputs and the queue one under the other, without horizontal scrolling (1.5s)
  ✓  162 [firefox] › tests/e2e/search.spec.ts:677:1 › Algorithm parameters: closed at start, the changed values marked and counted, the defaults restored; the Job Title and the second button (4.1s)
  ✓  165 [firefox] › tests/e2e/session.spec.ts:165:3 › FakeEngine build › a damaged or foreign file is refused with its reason and changes nothing (3.4s)
  ✓  164 [firefox] › tests/e2e/session.spec.ts:97:3 › FakeEngine build › saves the runs, results, candidates and notes, and opens them in a new page without searching (7.9s)
  ✓  166 [firefox] › tests/e2e/session.spec.ts:197:3 › FakeEngine build › names, IDs, titles and notes that look like HTML, scripts or URLs are shown as text, and run nothing (3.6s)
  -  168 [firefox] › tests/e2e/session.spec.ts:426:3 › engine build › real searches saved and opened in a new page: nothing is searched, the outputs are those before saving and the native CLI's, and the originals attach only when chosen and matching
  ✓  169 [firefox] › tests/e2e/smoke.spec.ts:4:1 › the page is cross-origin isolated, so the threaded engine can use shared memory (403ms)
  ✓  170 [firefox] › tests/e2e/smoke.spec.ts:10:1 › paste, queue, run, view and export with the fake engine (2.1s)
  ✓  167 [firefox] › tests/e2e/session.spec.ts:239:3 › FakeEngine build › Run details attaches the original FASTA only when it matches; then sequences are extracted as before saving (5.9s)
  -  172 [firefox] › tests/e2e/storage.spec.ts:24:1 › a tab keeps its outputs in OPFS under tmp/<session>/runs/<run>/, named by tokens only
  -  173 [firefox] › tests/e2e/storage.spec.ts:47:3 › the next tab removes the data of a tab that is killed, and keeps its own
  -  174 [firefox] › tests/e2e/storage.spec.ts:47:3 › the next tab removes the data of a tab that is closed, and keeps its own
  -  175 [firefox] › tests/e2e/storage.spec.ts:80:1 › two open tabs, started one after the other, never remove each other's data
  -  176 [firefox] › tests/e2e/storage.spec.ts:107:1 › two tabs that start at the same time remove an abandoned session once and keep each other
  -  177 [firefox] › tests/e2e/storage.spec.ts:128:1 › a stopped (frozen) tab keeps its data while another tab starts
  -  178 [firefox] › tests/e2e/storage.spec.ts:147:1 › a run that runs out of storage fails with the reason; earlier results stay and later runs work
  ✓  171 [firefox] › tests/e2e/smoke.spec.ts:42:1 › a BLASTN query of white space only has no record: the engine reads it, and the run ends without a search (4.2s)
  -  179 [webkit] › tests/e2e/browsers.spec.ts:34:3 › BlockStore contract: opfs store in a dedicated worker (without storage full)
pass [run output] every stream arrives in order and the run commits
pass [run output] many small chunks and one large chunk arrive unchanged
pass [run output] a run without output commits with empty outputs
pass [run output] staging: a run cannot be read before it is committed, and the commit waits for end
pass [run output] an end whose totals disagree fails the commit and discards the run
pass [run output] a message outside the protocol fails the commit
pass [memory] write and seal: a block reads back exactly the bytes appended to it
pass [memory] read: any range of a sealed block, and nothing beyond its end
pass [memory] write: the store keeps a copy, so the caller may reuse its buffer
pass [memory] staging: a block cannot be read before it is sealed
pass [memory] seal: a sealed block takes no more bytes and cannot be sealed again
pass [memory] discard: a staged or sealed block disappears and its bytes are freed
pass [memory] create: a path that exists cannot be created again
pass [memory] removeAll: removes one directory, sealed or not, and leaves the rest
pass [memory] paths: empty and relative names are rejected
pass [memory] an empty block can be sealed and read
pass [run output] discard drops a staged run and ignores its late chunks
pass [run output] a committed run is kept by discard and removed by delete
pass [run output] two staged runs keep their outputs apart
pass [run output] the writer refuses to write after end
FAIL [run output] storage full: the run fails with the reason, and committed runs stay readable: ContractError: commit: expected a rejection matching /StorageFullError: Not enough temporary storage/, but it resolved
run output contract on the memory store
  ✓  180 [webkit] › tests/e2e/browsers.spec.ts:49:1 › run output contract: a writer in its own worker and the real Data worker (without storage full) (2.7s)
pass [memory] a large block: 48 MiB in 1 MiB appends reads back unchanged
pass [memory] storage full: an append fails with StorageFullError, the block can only be discarded, and sealed blocks stay readable
  ✓  181 [webkit] › tests/e2e/browsers.spec.ts:34:3 › BlockStore contract: memory store in a dedicated worker (without storage full) (1.9s)
  ✓  182 [webkit] › tests/e2e/browsers.spec.ts:59:1 › the application keeps results in OPFS, or in memory with the reason shown (1.1s)
  ✓  183 [webkit] › tests/e2e/candidates.spec.ts:154:3 › FakeEngine build › an empty tray says how to add candidates (1.2s)
  ✓  185 [webkit] › tests/e2e/candidates.spec.ts:289:3 › FakeEngine build › notes, orders, moves and removal; "Show in results" lands on the HSP and says which view filters it cleared (6.3s)
  ✓  184 [webkit] › tests/e2e/candidates.spec.ts:161:3 › FakeEngine build › candidates are added from the Descriptions' marks, the Alignments and the dot plot popup, of two runs; Origins name the runs (7.5s)
  ✓  187 [webkit] › tests/e2e/candidates.spec.ts:487:3 › FakeEngine build › a phone: the Descriptions' marks and the tray fit the screen; a row shows #, Subject, Range, the note and the actions first (3.1s)
  -  188 [webkit] › tests/e2e/candidates.spec.ts:548:3 › engine build › BLASTN: a hit on the minus strand of one of two subject records with the same ID; the saved residues are the file's letters at the outfmt 6 intervals
  -  189 [webkit] › tests/e2e/candidates.spec.ts:606:3 › engine build › TBLASTN: the saved subject residues (nt) and query residues (aa) are the files' letters at the outfmt 6 intervals
  -  190 [webkit] › tests/e2e/contracts.spec.ts:32:3 › BlockStore contract: opfs store in a dedicated worker
  -  191 [webkit] › tests/e2e/contracts.spec.ts:32:3 › BlockStore contract: memory store in a dedicated worker
  -  192 [webkit] › tests/e2e/contracts.spec.ts:40:1 › run output contract: a writer in its own worker and the real Data worker (OPFS)
  -  193 [webkit] › tests/e2e/engine.spec.ts:97:1 › record scanner contract: the serial reactor
  -  194 [webkit] › tests/e2e/engine.spec.ts:105:3 › engine input contract: the real EngineGateway at 1 thread(s)
  -  195 [webkit] › tests/e2e/engine.spec.ts:105:3 › engine input contract: the real EngineGateway at 4 thread(s)
  -  196 [webkit] › tests/e2e/engine.spec.ts:132:1 › run output contract: the writer in the Engine worker, the real Data worker (without storage full)
  -  197 [webkit] › tests/e2e/engine.spec.ts:141:1 › V-BR: searches through the application give the expected bytes at 1, 2 and 4 threads
  -  198 [webkit] › tests/e2e/engine.spec.ts:174:1 › R1: searches of one subject with other queries and options reuse it and give the expected bytes
  -  199 [webkit] › tests/e2e/engine.spec.ts:216:1 › a search that builds one thread pool after another runs threaded from a new runtime
  -  200 [webkit] › tests/e2e/engine.spec.ts:241:1 › a cancelled search ends its runtime; the next search runs in a new one with the expected bytes
  -  201 [webkit] › tests/e2e/engine.spec.ts:270:1 › a runtime renewed after every search gives the same bytes and registers the subject again
  -  202 [webkit] › tests/e2e/engine.spec.ts:293:1 › without cross-origin isolation, a threaded search runs on the serial module with the reason
  ✓  186 [webkit] › tests/e2e/candidates.spec.ts:371:3 › FakeEngine build › downloads: the residues of the input at the HSPs (regions, flanks cut at the ends, spanning, complete, queries) and the aligned rows of the HSP records (4.3s)
  -  204 [webkit] › tests/e2e/exports.spec.ts:274:3 › engine build › the files of a BLASTN search hold its stored outputs as written
  -  205 [webkit] › tests/e2e/measure.spec.ts:207:1 › dw8: the share of a warm search that subject-only preprocessing can take
  -  206 [webkit] › tests/e2e/measure.spec.ts:238:1 › memory: the linear memory of one instance over repeated searches
  -  207 [webkit] › tests/e2e/measure.spec.ts:272:1 › auto: the search phase at 1, 2 and 4 threads by input size
  -  208 [webkit] › tests/e2e/measure.spec.ts:298:1 › cancel: the time to cancel and to prepare the next search in a new runtime
  ✓  209 [webkit] › tests/e2e/repro.spec.ts:41:1 › settings: saved from the form, the form changed, loaded back; broken and newer files are refused (3.3s)
  ✓  203 [webkit] › tests/e2e/exports.spec.ts:142:3 › FakeEngine build › CSV, JSON and the report of each scope say what they are and keep hostile IDs as text (5.3s)
  ✓  210 [webkit] › tests/e2e/repro.spec.ts:112:1 › Run details: the commands from the run's argv, the run's input FASTA and settings; Edit Search fills the form without searching (2.9s)
  -  212 [webkit] › tests/e2e/results-measure.spec.ts:595:3 › 10,000 queries: opening the run, the query picker, finding and sorting
  -  213 [webkit] › tests/e2e/results-measure.spec.ts:595:3 › 100,000 queries: opening the run, the query picker, finding and sorting
  -  214 [webkit] › tests/e2e/results-measure.spec.ts:1267:1 › many HSPs in one query-subject pair: the dot plot and the HSP list
  ✓  211 [webkit] › tests/e2e/repro.spec.ts:179:1 › a run that NCBI BLAST+ cannot run as LOSAT did gets the reason instead of an NCBI command (2.7s)
  ✓  215 [webkit] › tests/e2e/results.spec.ts:512:3 › BLASTN: the header block is the run's; the Descriptions, Graphic Summary and HSP table are the outfmt 6 rows, the Alignments outfmt 0's text; units, frames and run details (8.1s)
  ✓  216 [webkit] › tests/e2e/results.spec.ts:512:3 › BLASTP: the header block is the run's; the Descriptions, Graphic Summary and HSP table are the outfmt 6 rows, the Alignments outfmt 0's text; units, frames and run details (9.1s)
  ✓  218 [webkit] › tests/e2e/results.spec.ts:512:3 › TBLASTX: the header block is the run's; the Descriptions, Graphic Summary and HSP table are the outfmt 6 rows, the Alignments outfmt 0's text; units, frames and run details (7.2s)
  ✓  219 [webkit] › tests/e2e/results.spec.ts:842:1 › an HSP that outfmt 0 does not show, and a hit list that may have reached its limit (4.8s)
  ✓  217 [webkit] › tests/e2e/results.spec.ts:512:3 › TBLASTN: the header block is the run's; the Descriptions, Graphic Summary and HSP table are the outfmt 6 rows, the Alignments outfmt 0's text; units, frames and run details (14.8s)
  -  220 [webkit] › tests/e2e/results.spec.ts:941:1 › the Descriptions cut at 100 subjects: the marks follow the listed rows (code review 2 L2)
  ✓  221 [webkit] › tests/e2e/results.spec.ts:984:1 › BLASTN: an HSP of one letter has no orientation in its record; the note points to outfmt 0's Strand= line (4.9s)
  ✓  223 [webkit] › tests/e2e/results.spec.ts:1097:1 › the one page (NCBI classic): the Graphic Summary, the Descriptions and the Alignments without a tab click; a Description chosen brings its alignments into view (6.2s)
  ✓  222 [webkit] › tests/e2e/results.spec.ts:1043:1 › selection by HSP identity: sorting keeps the selected HSP; another subject or query moves it (10.9s)
  ✓  224 [webkit] › tests/e2e/results.spec.ts:1159:1 › the Alignments: a block per Range; Next, Previous and First Match; the previous and next subject; Ranges far apart in a window (4.3s)
  ✓  225 [webkit] › tests/e2e/results.spec.ts:1329:1 › many queries; view filters change the view, not the search; the notices tell filtered out, no hits and a failed run apart (5.4s)
  ✓  227 [webkit] › tests/e2e/results.spec.ts:1654:1 › the dot plot: Download SVG saves the plot as shown, as a plain SVG with the canvas's titles and without the halo (S15) (2.9s)
  ✓  226 [webkit] › tests/e2e/results.spec.ts:1503:1 › the dot plot: the HSPs of the pair on a canvas; zoom; choosing an HSP on it or in the list; its popup (5.0s)
  ✓  228 [webkit] › tests/e2e/results.spec.ts:1709:1 › the dot plot: on a desktop screen, a popup that has no room beside a short plot is scrolled into view by the first click (S13b code review 2) (2.7s)
  -  230 [webkit] › tests/e2e/screens.spec.ts:58:3 › search screen at the desktop size
  -  231 [webkit] › tests/e2e/screens.spec.ts:58:3 › search screen at the phone size
  -  232 [webkit] › tests/e2e/screens.spec.ts:250:3 › results screen at the desktop size
  -  233 [webkit] › tests/e2e/screens.spec.ts:250:3 › results screen at the phone size
  -  234 [webkit] › tests/e2e/screens.spec.ts:511:3 › outputs, reproduction and session files at the desktop size
  -  235 [webkit] › tests/e2e/screens.spec.ts:511:3 › outputs, reproduction and session files at the phone size
  -  236 [webkit] › tests/e2e/search-measure.spec.ts:90:1 › index, check, exclusion and queueing of many records
  ✓  237 [webkit] › tests/e2e/search.spec.ts:49:1 › a file is summarized with its records, not put in the paste box; files can also be dropped (806ms)
  ✓  229 [webkit] › tests/e2e/results.spec.ts:1732:1 › narrow screens: the results are no wider than the screen; "Open results" shows them; the tables show the key values first (2.8s)
  ✓  239 [webkit] › tests/e2e/search.spec.ts:134:1 › the same subject, another query: the engine keeps the subject (R1) (3.4s)
  ✓  238 [webkit] › tests/e2e/search.spec.ts:84:1 › records: duplicate IDs by number, the engine refuses a record, exclusion, and a run after exclusion (4.4s)
  -  241 [webkit] › tests/e2e/search.spec.ts:237:1 › cancel a running search; the next one runs
  ✓  240 [webkit] › tests/e2e/search.spec.ts:152:1 › several runs in the queue; the next job is edited while one runs; separate searches as a group (3.1s)
  ✓  242 [webkit] › tests/e2e/search.spec.ts:253:1 › the region of a role with one record: the drag, the fields, the limits and the argv (3.4s)
  -  244 [webkit] › tests/e2e/search.spec.ts:380:1 › the engine's refusals of option values are shown as the engine writes them, and nothing is queued
  ✓  243 [webkit] › tests/e2e/search.spec.ts:307:1 › the options form: the engine's defaults are not written; tasks, templates and genetic codes (3.1s)
  ✓  245 [webkit] › tests/e2e/search.spec.ts:407:1 › empty inputs, every record excluded, a sequence without a defline, and BLASTX (2.7s)
  ✓  246 [webkit] › tests/e2e/search.spec.ts:444:1 › a program of another reader kind reads the sources again, clears their exclusions and says so (Owner decision 2) (2.5s)
  ✓  248 [webkit] › tests/e2e/search.spec.ts:506:1 › the sequence kind warning is an estimate and does not change the program (1.4s)
  -  249 [webkit] › tests/e2e/search.spec.ts:518:3 › leaving and returning › the wake lock is held during a search; the page warns before it is left; the state is checked on return
  ✓  247 [webkit] › tests/e2e/search.spec.ts:479:1 › the reader-change notice never outlives its program (screen review M1) (2.8s)
  ✓  250 [webkit] › tests/e2e/search.spec.ts:576:1 › the search screen in NCBI's order and words (W4b) (2.4s)
  ✓  251 [webkit] › tests/e2e/search.spec.ts:677:1 › Algorithm parameters: closed at start, the changed values marked and counted, the defaults restored; the Job Title and the second button (3.4s)
  ✓  252 [webkit] › tests/e2e/search.spec.ts:746:1 › narrow screens put the inputs and the queue one under the other, without horizontal scrolling (2.0s)
  ✓  254 [webkit] › tests/e2e/session.spec.ts:165:3 › FakeEngine build › a damaged or foreign file is refused with its reason and changes nothing (2.6s)
  ✓  253 [webkit] › tests/e2e/session.spec.ts:97:3 › FakeEngine build › saves the runs, results, candidates and notes, and opens them in a new page without searching (5.9s)
  ✓  255 [webkit] › tests/e2e/session.spec.ts:197:3 › FakeEngine build › names, IDs, titles and notes that look like HTML, scripts or URLs are shown as text, and run nothing (3.0s)
  -  257 [webkit] › tests/e2e/session.spec.ts:426:3 › engine build › real searches saved and opened in a new page: nothing is searched, the outputs are those before saving and the native CLI's, and the originals attach only when chosen and matching
  ✓  258 [webkit] › tests/e2e/smoke.spec.ts:4:1 › the page is cross-origin isolated, so the threaded engine can use shared memory (530ms)
  ✓  259 [webkit] › tests/e2e/smoke.spec.ts:10:1 › paste, queue, run, view and export with the fake engine (1.8s)
  ✓  256 [webkit] › tests/e2e/session.spec.ts:239:3 › FakeEngine build › Run details attaches the original FASTA only when it matches; then sequences are extracted as before saving (3.5s)
  -  261 [webkit] › tests/e2e/storage.spec.ts:24:1 › a tab keeps its outputs in OPFS under tmp/<session>/runs/<run>/, named by tokens only
  -  262 [webkit] › tests/e2e/storage.spec.ts:47:3 › the next tab removes the data of a tab that is killed, and keeps its own
  -  263 [webkit] › tests/e2e/storage.spec.ts:47:3 › the next tab removes the data of a tab that is closed, and keeps its own
  -  264 [webkit] › tests/e2e/storage.spec.ts:80:1 › two open tabs, started one after the other, never remove each other's data
  -  265 [webkit] › tests/e2e/storage.spec.ts:107:1 › two tabs that start at the same time remove an abandoned session once and keep each other
  -  266 [webkit] › tests/e2e/storage.spec.ts:128:1 › a stopped (frozen) tab keeps its data while another tab starts
  -  267 [webkit] › tests/e2e/storage.spec.ts:147:1 › a run that runs out of storage fails with the reason; earlier results stay and later runs work
  ✓  260 [webkit] › tests/e2e/smoke.spec.ts:42:1 › a BLASTN query of white space only has no record: the engine reads it, and the run ends without a search (1.3s)

  121 skipped
  146 passed (4.1m)
