ok blastp native: median 0.473s [0.468, 0.577] -> 0.482s [0.480, 0.483] (x1.020), output same
ok blastp serial-wasi: median 0.674s [0.672, 0.694] -> 0.673s [0.669, 0.741] (x0.998), output same
ok blastp threaded-wasi: median 0.568s [0.537, 1.001] -> 0.559s [0.548, 1.287] (x0.985), output same
FAIL blastp-fmt0 native: median 0.482s [0.475, 0.508] -> 0.480s [0.479, 0.535] (x0.996), output DIFFERENT
FAIL blastp-fmt0 serial-wasi: median 0.694s [0.679, 0.943] -> 0.701s [0.688, 0.934] (x1.010), output DIFFERENT
FAIL blastp-fmt0 threaded-wasi: median 0.651s [0.651, 1.466] -> 0.681s [0.634, 0.771] (x1.046), output DIFFERENT
ok tblastn native: median 0.053s [0.053, 0.087] -> 0.055s [0.051, 0.095] (x1.043), output same
FAIL tblastn serial-wasi: median 0.143s [0.142, 0.145] -> 0.165s [0.161, 0.182] (x1.153), output same
ok tblastn threaded-wasi: median 0.432s [0.360, 0.502] -> 0.415s [0.341, 0.446] (x0.962), output same
FAIL tblastn-fmt0 native: median 0.053s [0.052, 0.113] -> 0.065s [0.051, 0.089] (x1.215), output same
ok tblastn-fmt0 serial-wasi: median 0.163s [0.143, 0.232] -> 0.162s [0.143, 0.196] (x0.996), output same
ok tblastn-fmt0 threaded-wasi: median 0.372s [0.340, 0.449] -> 0.346s [0.315, 0.421] (x0.930), output same
ok tblastx native: median 0.894s [0.883, 0.975] -> 0.918s [0.886, 0.998] (x1.027), output same
ok tblastx serial-wasi: median 1.376s [1.330, 1.576] -> 1.377s [1.342, 1.393] (x1.001), output same
ok tblastx threaded-wasi: median 1.523s [1.517, 1.531] -> 1.518s [1.516, 1.534] (x0.997), output same
ok tblastx-multi native: median 0.128s [0.127, 0.128] -> 0.128s [0.127, 0.129] (x1.004), output same
ok tblastx-multi serial-wasi: median 0.233s [0.233, 0.239] -> 0.234s [0.231, 0.235] (x1.003), output same
ok tblastx-multi threaded-wasi: median 0.416s [0.412, 0.419] -> 0.422s [0.420, 0.425] (x1.016), output same
ok tblastx-many native: median 0.013s [0.013, 0.015] -> 0.014s [0.013, 0.014] (x1.035), output same
FAIL tblastx-many serial-wasi: median 0.091s [0.091, 0.091] -> 0.099s [0.091, 0.100] (x1.092), output same
FAIL tblastx-many threaded-wasi: median 0.273s [0.265, 0.290] -> 0.297s [0.274, 0.301] (x1.089), output same
ok blastn-large native: median 0.822s [0.816, 0.826] -> 0.815s [0.812, 0.852] (x0.992), output same
ok blastn-large serial-wasi: median 1.195s [1.182, 1.227] -> 1.207s [1.205, 1.209] (x1.010), output same
ok blastn-large threaded-wasi: median 1.349s [1.336, 1.369] -> 1.334s [1.324, 1.335] (x0.989), output same
