LOSAT/src/algorithm/blastp/args.rs:13 src/algo/blast/blastinput/blast_args.cpp:825-876: 1 line(s) not found, e.g. '    compo_mode = ... eCompositionMatrixAdjust;'
LOSAT/src/algorithm/blastp/args.rs:66 src/algo/blast/blastinput/blast_args.cpp:825-886: 2 line(s) not found, e.g. "case '0': ... case '1': ... case '2': ... case '3': ..."
LOSAT/src/algorithm/blastp/args.rs:138 src/algo/blast/api/blast_prot_options.cpp:55-83: 5 line(s) not found, e.g. '    case 3: m_Opts->SetWordThreshold(BLAST_WORD_THRESHOLD_BLASTP); break;'
LOSAT/src/algorithm/blastp/blast_engine.rs:87 include/algo/blast/core/blast_extend.h:142-154: 1 line(s) not found, e.g. '} BlastInitHSP;'
LOSAT/src/algorithm/blastp/blast_engine.rs:129 src/algo/blast/core/blast_engine.c:1409-1498: 2 line(s) not found, e.g. '   status = s_BlastSearchEngineCore(..., &hsp_list, ...);'
LOSAT/src/algorithm/blastp/blast_engine.rs:138 src/algo/blast/core/blast_engine.c:1633-1688: 3 line(s) not found, e.g. 'aux_arg->hsp_list = NULL;'
LOSAT/src/algorithm/blastp/blast_engine.rs:162 src/algo/blast/core/blast_engine.c:1409-1554: 2 line(s) not found, e.g. 'while ((seq_arg.oid = BlastSeqSrcIteratorNext(seq_src, itr)) != BLAST_SEQSRC_EOF) {'
LOSAT/src/algorithm/blastp/blast_engine.rs:181 src/algo/blast/core/blast_extend.c:109-144: 3 line(s) not found, e.g. 'diag_table->hit_level_array = (DiagStruct *)'
LOSAT/src/algorithm/blastp/blast_engine.rs:191 src/algo/blast/core/blast_extend.c:253-267: 5 line(s) not found, e.g. 'BlastInitHitList* BLAST_InitHitListNew(void)'
LOSAT/src/algorithm/blastp/blast_engine.rs:208 src/algo/blast/core/blast_gapalign.c:3628-3633: 1 line(s) not found, e.g. 'if (nodes[k].best_score - gap_score + ... < ...) {'
LOSAT/src/algorithm/blastp/blast_engine.rs:243 src/algo/blast/core/blast_gapalign.c:3748-3786: 1 line(s) not found, e.g. '    init_hsp->ungapped_data->score < reduced_cutoff;'
LOSAT/src/algorithm/blastp/blast_engine.rs:265 src/algo/blast/core/blast_engine.c:1633-1681: 4 line(s) not found, e.g. 'BLAST_GapAlignSetUp(..., &score_params, &ext_params,'
LOSAT/src/algorithm/blastp/blast_engine.rs:275 src/algo/blast/core/blast_engine.c:1409-1554: 2 line(s) not found, e.g. 'while ((seq_arg.oid = BlastSeqSrcIteratorNext(seq_src, itr)) != BLAST_SEQSRC_EOF) {'
LOSAT/src/algorithm/blastp/blast_engine.rs:363 src/algo/blast/core/blast_engine.c:1633-1705: 1 line(s) not found, e.g. 'BLAST_PreliminarySearchEngine(..., diagnostics, ...);'
LOSAT/src/algorithm/blastp/blast_engine.rs:384 src/algo/blast/core/blast_engine.c:1470-1475: 2 line(s) not found, e.g. 'status = s_BlastSearchEngineCore(program_number, query, query_info,'
LOSAT/src/algorithm/blastp/blast_engine.rs:401 src/algo/blast/core/blast_engine.c:1674-1681: 2 line(s) not found, e.g. 'status = BLAST_PreliminarySearchEngine(program, query, query_info,'
LOSAT/src/algorithm/blastp/blast_engine.rs:421 src/algo/blast/core/blast_engine.c:1633-1705: 2 line(s) not found, e.g. 'BLAST_GapAlignSetUp(...);'
LOSAT/src/algorithm/blastp/blast_engine.rs:500 src/algo/blast/core/blast_extend.c:253-267: 2 line(s) not found, e.g. 'init_hitlist->init_hsp_array ='
LOSAT/src/algorithm/blastp/blast_engine.rs:532 src/algo/blast/core/blast_extend.c:109-144: 3 line(s) not found, e.g. 'diag_table->hit_level_array = (DiagStruct *)'
LOSAT/src/algorithm/blastp/blast_engine.rs:574 src/algo/blast/core/blast_extend.c:152-169: 3 line(s) not found, e.g. '    s_BlastDiagClear(ewp->diag_table);'
LOSAT/src/algorithm/blastp/blast_engine.rs:640 src/algo/blast/core/blast_engine.c:1659-1668: 2 line(s) not found, e.g. '  argument can be shared between multiple threads ... */'
LOSAT/src/algorithm/blastp/blast_engine.rs:673 src/algo/blast/core/blast_engine.c:1633-1688: 2 line(s) not found, e.g. 'BLAST_GapAlignSetUp(..., &gap_align)'
LOSAT/src/algorithm/blastp/blast_engine.rs:738 src/algo/blast/core/blast_kappa.c:2402-2404: 3 line(s) not found, e.g. '/* Bit score per alignment position threshold for preliminaru near identical'
LOSAT/src/algorithm/blastp/blast_engine.rs:777 src/algo/blast/core/blast_kappa.c:2387-2415: 3 line(s) not found, e.g. 'gapping_params->x_dropoff = (Int4)'
LOSAT/src/algorithm/blastp/blast_engine.rs:802 src/algo/blast/core/blast_kappa.c:2453-2462: 1 line(s) not found, e.g. 'if (do_link_hsps) {'
LOSAT/src/algorithm/blastp/blast_engine.rs:823 include/algo/blast/core/blast_parameters.h:189-193: 3 line(s) not found, e.g. '/** Because approximate gapped alignment adds extra overhead,'
LOSAT/src/algorithm/blastp/blast_engine.rs:842 src/algo/blast/core/blast_parameters.c:932-940: 2 line(s) not found, e.g. '                    avg_subject_length);'
LOSAT/src/algorithm/blastp/blast_engine.rs:861 src/algo/blast/core/blast_parameters.c:932-940: 2 line(s) not found, e.g. '                    avg_subject_length);'
LOSAT/src/algorithm/blastp/blast_engine.rs:888 src/algo/blast/blastinput/blast_args.cpp:825-886: 4 line(s) not found, e.g. "case '0': ... eNoCompositionBasedStats;"
LOSAT/src/algorithm/blastp/blast_engine.rs:944 src/algo/blast/core/blast_engine.c:1409-1475: 1 line(s) not found, e.g. '   status = s_BlastSearchEngineCore(...);'
LOSAT/src/algorithm/blastp/blast_engine.rs:1009 src/algo/blast/core/blast_extend.c:152-169: 3 line(s) not found, e.g. '    s_BlastDiagClear(ewp->diag_table);'
LOSAT/src/algorithm/blastp/blast_engine.rs:1036 src/algo/blast/core/hspfilter_collector.c:139-159: 1 line(s) not found, e.g. 'Blast_HitListUpdate(results->hitlist_array[0], hsp_list);'
LOSAT/src/algorithm/blastp/blast_engine.rs:1050 src/algo/blast/core/hspfilter_collector.c:139-159: 1 line(s) not found, e.g. 'Blast_HitListUpdate(results->hitlist_array[0], hsp_list);'
LOSAT/src/algorithm/blastp/blast_engine.rs:1109 src/algo/blast/core/blast_util.c:112-121: 1 line(s) not found, e.g. '(*seq_blk)->length = length;'
LOSAT/src/algorithm/blastp/blast_engine.rs:1176 src/algo/blast/core/blast_parameters.c:917-940: 2 line(s) not found, e.g. 'params->cutoffs[context].cutoff_score = new_cutoff;'
LOSAT/src/algorithm/blastp/blast_engine.rs:1230 src/algo/blast/core/blast_setup.c:969-983: 2 line(s) not found, e.g. '                            (*ext_params)->options->compositionBasedStats,'
LOSAT/src/algorithm/blastp/blast_engine.rs:1247 src/algo/blast/core/blast_engine.c:1369-1439: 2 line(s) not found, e.g. 'BlastInitialWordParametersNew(..., BlastSeqSrcGetAvgSeqLen(seq_src), &word_params);'
LOSAT/src/algorithm/blastp/blast_engine.rs:1302 src/algo/blast/core/blast_traceback.c:234-242: 1 line(s) not found, e.g. '                        hsp_list, TRUE, FALSE, sbp, 0.0, 1.0);'
LOSAT/src/algorithm/blastp/blast_engine.rs:1318 src/algo/blast/core/blast_hits.c:151-178: 2 line(s) not found, e.g. '              Int2 query_frame, Int2 subject_frame, Int4 score, ...)'
LOSAT/src/algorithm/blastp/blast_engine.rs:1428 src/algo/blast/core/blast_gapalign.c:2360-2366: 5 line(s) not found, e.g. 'static NCBI_INLINE Int4'
LOSAT/src/algorithm/blastp/blast_engine.rs:1482 src/algo/blast/core/blast_query_info.c:219-235: 2 line(s) not found, e.g. '    while (b < e - 1) { ... }'
LOSAT/src/algorithm/blastp/blast_engine.rs:1505 src/algo/blast/core/blast_query_info.c:225-234: 4 line(s) not found, e.g. 'while (b < e - 1) {'
LOSAT/src/algorithm/blastp/blast_engine.rs:1527 src/algo/blast/core/blast_query_info.c:219-235: 1 line(s) not found, e.g. 'return b;'
LOSAT/src/algorithm/blastp/blast_engine.rs:1583 src/algo/blast/core/blast_gapalign.c:3870-3878: 4 line(s) not found, e.g. '   gappaed alignments for a single query ... Until index reaches redo_index'
LOSAT/src/algorithm/blastp/blast_engine.rs:1636 src/algo/blast/core/blast_gapalign.c:2445-2466: 1 line(s) not found, e.g. 's_AdjustInitialHSPOffsets(init_hsp, query_start);'
LOSAT/src/algorithm/blastp/blast_engine.rs:1664 src/algo/blast/core/blast_gapalign.c:2445-2466: 2 line(s) not found, e.g. 'single_query->sequence = concatenated_query->sequence + *query_start;'
LOSAT/src/algorithm/blastp/blast_engine.rs:1713 src/algo/blast/core/aa_ungapped.c:484-496: 3 line(s) not found, e.g. 'if (lookup_wrap->lut_type == eAaLookupTable) {'
LOSAT/src/algorithm/blastp/blast_engine.rs:1757 src/algo/blast/core/blast_aascan.c:86-93: 4 line(s) not found, e.g. 'for (i = 0; i < numhits; i++) {'
LOSAT/src/algorithm/blastp/blast_engine.rs:1778 src/algo/blast/core/aa_ungapped.c:492-505: 1 line(s) not found, e.g. '    hits = scansub(lookup_wrap, subject, offset_pairs, array_size, scan_range);'
LOSAT/src/algorithm/blastp/blast_engine.rs:1787 src/algo/blast/core/aa_ungapped.c:763-769: 2 line(s) not found, e.g. 'scan_range[0] = 0;'
LOSAT/src/algorithm/blastp/blast_engine.rs:1796 src/algo/blast/core/blast_util.c:112-121: 1 line(s) not found, e.g. '(*seq_blk)->length = length;'
LOSAT/src/algorithm/blastp/blast_engine.rs:1824 src/algo/blast/core/aa_ungapped.c:492-769: 1 line(s) not found, e.g. '    hits = scansub(lookup_wrap, subject, offset_pairs, array_size, scan_range);'
LOSAT/src/algorithm/blastp/blast_engine.rs:1875 src/algo/blast/core/blast_kappa.c:3036-3062: 1 line(s) not found, e.g. 'if (program_number != eBlastTypeBlastp ||'
LOSAT/src/algorithm/blastp/blast_engine.rs:1885 src/algo/blast/core/blast_gapalign.c:4209-4319: 4 line(s) not found, e.g. 's_BlastProtGappedAlignment(..., const BlastScoringParameters* score_params,'
LOSAT/src/algorithm/blastp/blast_engine.rs:1937 src/algo/blast/blastinput/cmdline_flags.cpp:113-113: 1 line(s) not found, e.g. 'const string kArgUseSWTraceback(\\"use_sw_tback\\");'
LOSAT/src/algorithm/blastp/blast_engine.rs:1985 src/objtools/align_format/format_flags.cpp:39-45: 1 line(s) not found, e.g. 'const char* kDfltArgTabularOutputFmt ='
LOSAT/src/algorithm/blastp/blast_engine.rs:2088 src/objtools/align_format/tabular.cpp:900-990: 1 line(s) not found, e.g. '    x_IsFieldRequested(eBTOP) || ...) {'
LOSAT/src/algorithm/blastp/blast_engine.rs:2915 src/algo/blast/core/blast_kappa.c:518-523: 1 line(s) not found, e.g. 'query = query_blk->sequence + query_info->contexts[hsp->context].query_offset;'
LOSAT/src/algorithm/blastp/blast_engine.rs:2922 src/algo/blast/core/blast_traceback.c:649-653: 1 line(s) not found, e.g. 'query = query_blk->sequence + query_info->contexts[hsp->context].query_offset;'
LOSAT/src/algorithm/blastp/blast_engine.rs:3208 src/algo/blast/core/blast_hits.c:746-824: 2 line(s) not found, e.g. 's_Blast_HSPGetNumIdentitiesAndPositives(...)'
LOSAT/src/algorithm/blastp/blast_engine.rs:3303 src/objtools/align_format/tabular.cpp:1049-1093: 1 line(s) not found, e.g. '          num_positives, query_frame, subject_frame);'
LOSAT/src/algorithm/blastp/blast_engine.rs:3342 src/algo/blast/core/blast_gapalign.c:3748-3786: 4 line(s) not found, e.g. '/* find the first ungapped alignment for each query and determine'
LOSAT/src/algorithm/blastp/blast_engine.rs:3361 src/algo/blast/core/blast_gapalign.c:3752-3786: 1 line(s) not found, e.g. '    (Int4)(kRestrictedMult * hit_params->cutoffs[contxt].cutoff_score)) {'
LOSAT/src/algorithm/blastp/blast_engine.rs:3388 src/algo/blast/core/blast_gapalign.c:3748-3786: 2 line(s) not found, e.g. '    (Int4)(kRestrictedMult * hit_params->cutoffs[contxt].cutoff_score)) {'
LOSAT/src/algorithm/blastp/blast_engine.rs:3435 src/algo/blast/core/blast_gapalign_priv.h:153-156: 5 line(s) not found, e.g. 'typedef struct BlastInitHSPNode {'
LOSAT/src/algorithm/blastp/blast_engine.rs:3449 src/algo/blast/core/blast_gapalign.c:3468-3499: 4 line(s) not found, e.g. '    if (h1->ungapped_data->q_start < h2->ungapped_data->q_start) return -1;'
LOSAT/src/algorithm/blastp/blast_engine.rs:3467 src/algo/blast/core/blast_extend.c:274-299: 2 line(s) not found, e.g. '                       h1->ungapped_data->length);'
LOSAT/src/algorithm/blastp/blast_engine.rs:3491 src/algo/blast/core/blast_gapalign.c:3468-3499: 2 line(s) not found, e.g. 'qsort(init_hitlist->init_hsp_array, init_hitlist->total,'
LOSAT/src/algorithm/blastp/blast_engine.rs:3530 src/algo/blast/core/blast_gapalign.c:3642-3657: 2 line(s) not found, e.g. 'while (init_hitlist->total > 0 &&'
LOSAT/src/algorithm/blastp/blast_engine.rs:3584 src/algo/blast/core/blast_gapalign.c:3502-3658: 1 line(s) not found, e.g. 'static Int2 s_ChainingAlignment(..., BlastInitHitList* init_hitlist)'
LOSAT/src/algorithm/blastp/blast_engine.rs:3635 src/algo/blast/core/blast_gapalign.c:3536-3558: 1 line(s) not found, e.g. '        pctx->query_offset + pctx->query_length)) {'
LOSAT/src/algorithm/blastp/blast_engine.rs:3720 src/algo/blast/core/blast_gapalign.c:3949-4008: 5 line(s) not found, e.g. 'status = s_BlastProtGappedAlignment(..., restricted_alignment, ...);'
LOSAT/src/algorithm/blastp/blast_engine.rs:3797 src/algo/blast/core/blast_hits.c:1330-1353: 2 line(s) not found, e.g. 'int ScoreCompareHSPs(const void* h1, const void* h2) {'
LOSAT/src/algorithm/blastp/blast_engine.rs:3815 src/algo/blast/core/blast_hits.c:2268-2315: 7 line(s) not found, e.g. 'static int'
LOSAT/src/algorithm/blastp/blast_engine.rs:3841 src/algo/blast/core/blast_hits.c:2333-2379: 7 line(s) not found, e.g. 'static int'
LOSAT/src/algorithm/blastp/blast_engine.rs:3920 src/algo/blast/core/blast_hits.c:2478-2502: 1 line(s) not found, e.g. '    for (k=i+j; k<hsp_count; k++) hsp_array[k] = hsp_array[k+1];'
LOSAT/src/algorithm/blastp/blast_engine.rs:3944 src/algo/blast/core/blast_hits.c:2504-2527: 1 line(s) not found, e.g. '    for (k=i+j; k<hsp_count; k++) hsp_array[k] = hsp_array[k+1];'
LOSAT/src/algorithm/blastp/blast_engine.rs:4013 src/algo/blast/core/blast_hits.c:2455-2538: 1 line(s) not found, e.g. 'Blast_HSPListPurgeHSPsWithCommonEndpoints(..., Boolean purge)'
LOSAT/src/algorithm/blastp/blast_engine.rs:4054 src/algo/blast/core/blast_kappa.c:3612-3619: 3 line(s) not found, e.g. 'localMatch->hsp_array,  /* i */'
LOSAT/src/algorithm/blastp/blast_engine.rs:4132 src/algo/blast/core/blast_gapalign.c:3975-3997: 1 line(s) not found, e.g. '    if (q_index2 != query_index) { ... } else { ... }'
LOSAT/src/algorithm/blastp/blast_engine.rs:4152 src/algo/blast/core/blast_kappa.c:3577-3584: 1 line(s) not found, e.g. ');'
LOSAT/src/algorithm/blastp/blast_engine.rs:4205 src/algo/blast/core/blast_gapalign.c:3975-4000: 2 line(s) not found, e.g. '    BlastIntervalTreeAddHSP(hsp_list->hsp_array[index2], tree,'
LOSAT/src/algorithm/blastp/blast_engine.rs:4234 src/algo/blast/core/blast_gapalign.c:3777-3786: 2 line(s) not found, e.g. '    (Int4)(kRestrictedMult * hit_params->cutoffs[contxt].cutoff_score)) {'
LOSAT/src/algorithm/blastp/blast_engine.rs:4257 src/algo/blast/core/blast_gapalign.c:3900-3949: 3 line(s) not found, e.g. '   BlastGetStartForGappedAlignment(query_tmp.sequence, subject->sequence,'
LOSAT/src/algorithm/blastp/blast_engine.rs:4346 src/algo/blast/core/blast_gapalign.c:3900-3945: 3 line(s) not found, e.g. '   BlastGetStartForGappedAlignment(query_tmp.sequence, subject->sequence,'
LOSAT/src/algorithm/blastp/blast_engine.rs:4359 src/algo/blast/core/blast_gapalign.c:3937-3945: 1 line(s) not found, e.g. 'max_offset ='
LOSAT/src/algorithm/blastp/blast_engine.rs:4392 src/algo/blast/core/blast_gapalign.c:3943-3949: 1 line(s) not found, e.g. 'status = s_BlastProtGappedAlignment(...);'
LOSAT/src/algorithm/blastp/blast_engine.rs:4399 src/algo/blast/core/blast_gapalign.c:3949-3978: 1 line(s) not found, e.g. '}'
LOSAT/src/algorithm/blastp/blast_engine.rs:4445 src/algo/blast/api/blast_setup_cxx.cpp:606-617: 2 line(s) not found, e.g. 'sequence = queries.GetBlastSequence(index, encoding,'
LOSAT/src/algorithm/blastp/blast_engine.rs:4455 src/algo/blast/core/blast_engine.c:1407-1427: 1 line(s) not found, e.g. 'while ((seq_arg.oid = BlastSeqSrcIteratorNext(seq_src, itr)) != BLAST_SEQSRC_EOF) {'
LOSAT/src/algorithm/blastp/blast_engine.rs:4467 src/algo/blast/api/blast_setup_cxx.cpp:486-651: 3 line(s) not found, e.g. 'void'
LOSAT/src/algorithm/blastp/blast_engine.rs:4484 src/algo/blast/api/blast_setup_cxx.cpp:606-617: 2 line(s) not found, e.g. 'sequence = queries.GetBlastSequence(index, encoding,'
LOSAT/src/algorithm/blastp/blast_engine.rs:4493 src/algo/blast/core/blast_engine.c:1407-1427: 1 line(s) not found, e.g. 'while ((seq_arg.oid = BlastSeqSrcIteratorNext(seq_src, itr)) != BLAST_SEQSRC_EOF) {'
LOSAT/src/algorithm/blastp/blast_engine.rs:4540 src/algo/blast/api/blast_setup_cxx.cpp:486-651: 2 line(s) not found, e.g. 'SetupQueries_OMF(IBlastQuerySource& queries,'
LOSAT/src/algorithm/blastp/blast_engine.rs:4549 src/algo/blast/core/blast_engine.c:1407-1427: 1 line(s) not found, e.g. 'while ((seq_arg.oid = BlastSeqSrcIteratorNext(seq_src, itr)) != BLAST_SEQSRC_EOF) {'
LOSAT/src/algorithm/blastp/blast_engine.rs:4801 src/app/blast/blastp_app.cpp:195-295: 1 line(s) not found, e.g. '                       fmt_args->GetFormattedOutputChoice(), ...);'
LOSAT/src/algorithm/blastp/blast_engine.rs:4815 src/algo/blast/blastinput/blast_args.cpp:2894-2978: 1 line(s) not found, e.g. '} else {'
LOSAT/src/algorithm/blastp/blast_engine.rs:4947 src/algo/blast/api/blast_setup_cxx.cpp:606-617: 2 line(s) not found, e.g. 'sequence = queries.GetBlastSequence(index, encoding,'
LOSAT/src/algorithm/blastp/blast_engine.rs:4956 src/algo/blast/core/blast_engine.c:1407-1427: 1 line(s) not found, e.g. 'while ((seq_arg.oid = BlastSeqSrcIteratorNext(seq_src, itr)) != BLAST_SEQSRC_EOF) {'
LOSAT/src/algorithm/blastp/blast_engine.rs:5203 src/algo/blast/core/blast_engine.c:1633-1681: 2 line(s) not found, e.g. 'BLAST_GapAlignSetUp(...);'
LOSAT/src/algorithm/blastp/blast_engine.rs:5212 src/algo/blast/core/blast_engine.c:1633-1705: 1 line(s) not found, e.g. 'BLAST_PreliminarySearchEngine(..., diagnostics, ...);'
LOSAT/src/algorithm/blastp/blast_engine.rs:5224 src/algo/blast/blastinput/blast_args.cpp:3205-3222: 1 line(s) not found, e.g. '} else {'
LOSAT/src/algorithm/blastp/blast_engine.rs:5334 src/algo/blast/core/blast_stat.c:2833-2852: 1 line(s) not found, e.g. 'Blast_ScoreBlkKbpIdealCalc(BlastScoreBlk* sbp)'
LOSAT/src/algorithm/blastp/blast_engine.rs:5346 src/algo/blast/core/blast_hits.c:1833-1839: 2 line(s) not found, e.g. 'hsp->evalue = BLAST_KarlinStoE_simple(hsp->score, kbp[hsp->context],'
LOSAT/src/algorithm/blastp/blast_engine.rs:5388 src/algo/blast/core/blast_aalookup.c:1349-1352: 2 line(s) not found, e.g. '                                query, locations);'
LOSAT/src/algorithm/blastp/blast_engine.rs:5452 src/algo/blast/core/blast_setup.c:914-921: 2 line(s) not found, e.g. '/* Set the database length for new FSC */'
LOSAT/src/algorithm/blastp/blast_engine.rs:5553 src/algo/blast/core/blast_setup.c:1008-1018: 2 line(s) not found, e.g. 'BLAST_OneSubjectUpdateParameters(..., subject_length, ...);'
LOSAT/src/algorithm/blastp/blast_engine.rs:5579 src/algo/blast/core/blast_traceback.c:369-372: 1 line(s) not found, e.g. '                              subject_blk->length / CODON_LENGTH) + 1);'
LOSAT/src/algorithm/blastp/blast_engine.rs:5587 src/algo/blast/core/blast_engine.c:1409-1498: 2 line(s) not found, e.g. '   status = s_BlastSearchEngineCore(..., &hsp_list, ...);'
LOSAT/src/algorithm/blastp/blast_engine.rs:5598 src/algo/blast/core/blast_engine.c:1409-1554: 2 line(s) not found, e.g. 'while ((seq_arg.oid = BlastSeqSrcIteratorNext(seq_src, itr)) != BLAST_SEQSRC_EOF) {'
LOSAT/src/algorithm/blastp/blast_engine.rs:5607 src/algo/blast/core/blast_util.c:112-121: 1 line(s) not found, e.g. '(*seq_blk)->length = length;'
LOSAT/src/algorithm/blastp/blast_engine.rs:5616 src/algo/blast/core/blast_setup.c:999-1018: 4 line(s) not found, e.g. 'BLAST_OneSubjectUpdateParameters(..., subject_length, ...);'
LOSAT/src/algorithm/blastp/blast_engine.rs:5626 src/algo/blast/core/blast_parameters.c:917-960: 3 line(s) not found, e.g. 'new_cutoff = BLAST_SpougeEtoS(...,'
LOSAT/src/algorithm/blastp/blast_engine.rs:5636 src/algo/blast/core/blast_extend.c:253-267: 2 line(s) not found, e.g. 'init_hitlist->init_hsp_array ='
LOSAT/src/algorithm/blastp/blast_engine.rs:5670 src/algo/blast/core/aa_ungapped.c:713-775: 8 line(s) not found, e.g. 'diff = subject_offset -'
LOSAT/src/algorithm/blastp/blast_engine.rs:5688 src/algo/blast/core/aa_ungapped.c:787-793: 4 line(s) not found, e.g. 'Int4 curr_context = BSearchContextInfo(query_offset,'
LOSAT/src/algorithm/blastp/blast_engine.rs:5703 src/algo/blast/core/aa_ungapped.c:1040-1044: 1 line(s) not found, e.g. 'if (use_pssm)'
LOSAT/src/algorithm/blastp/blast_engine.rs:5756 src/algo/blast/core/aa_ungapped.c:488-574: 8 line(s) not found, e.g. '} else {'
LOSAT/src/algorithm/blastp/blast_engine.rs:5778 src/algo/blast/core/aa_ungapped.c:509-521: 8 line(s) not found, e.g. '    diag_array[diag_coord].last_hit) {'
LOSAT/src/algorithm/blastp/blast_engine.rs:5809 src/algo/blast/core/aa_ungapped.c:551-560: 2 line(s) not found, e.g. 'if (query_offset - diff <'
LOSAT/src/algorithm/blastp/blast_engine.rs:5823 src/algo/blast/core/aa_ungapped.c:562-570: 3 line(s) not found, e.g. '        subject_offset + diag_offset;'
LOSAT/src/algorithm/blastp/blast_engine.rs:5840 src/algo/blast/core/aa_ungapped.c:1112-1116: 3 line(s) not found, e.g. 'if (use_pssm)'
LOSAT/src/algorithm/blastp/blast_engine.rs:5862 src/algo/blast/core/aa_ungapped.c:575-588: 12 line(s) not found, e.g. '    BlastSaveInitHsp(ungapped_hsps, hsp_q, hsp_s,'
LOSAT/src/algorithm/blastp/blast_engine.rs:5900 src/algo/blast/core/blast_extend.c:152-169: 3 line(s) not found, e.g. '    s_BlastDiagClear(ewp->diag_table);'
LOSAT/src/algorithm/blastp/blast_engine.rs:5924 src/algo/blast/core/aa_ungapped.c:228-234: 1 line(s) not found, e.g. 'return status;'
LOSAT/src/algorithm/blastp/blast_engine.rs:5931 src/algo/blast/core/blast_gapalign.c:3716-3724: 2 line(s) not found, e.g. '    status = s_ChainingAlignment(..., init_hitlist);'
LOSAT/src/algorithm/blastp/blast_engine.rs:5951 src/algo/blast/core/blast_gapalign.c:3735-3789: 1 line(s) not found, e.g. 'restricted_align_array = calloc(...);'
LOSAT/src/algorithm/blastp/blast_engine.rs:5961 src/algo/blast/core/blast_gapalign.c:3735-3789: 1 line(s) not found, e.g. '    restricted_align_array = calloc(...);'
LOSAT/src/algorithm/blastp/blast_engine.rs:6001 src/algo/blast/core/blast_engine.c:1481-1497: 1 line(s) not found, e.g. '    status = Blast_HSPListReevaluateUngapped(...);'
LOSAT/src/algorithm/blastp/blast_engine.rs:6009 src/algo/blast/core/blast_gapalign.c:3697-3698: 2 line(s) not found, e.g. 'Int4 redo_index = -1; /* these are used for recomputing alignmnets if the */'
LOSAT/src/algorithm/blastp/blast_engine.rs:6017 src/algo/blast/core/blast_gapalign.c:3870-3878: 2 line(s) not found, e.g. '    continue;'
LOSAT/src/algorithm/blastp/blast_engine.rs:6030 src/algo/blast/core/blast_gapalign.c:4209-4319: 1 line(s) not found, e.g. 's_BlastProtGappedAlignment(..., BlastGapAlignStruct* gap_align, ...)'
LOSAT/src/algorithm/blastp/blast_engine.rs:6038 src/algo/blast/core/blast_gapalign.c:3852-3868: 1 line(s) not found, e.g. 'query_index = Blast_GetQueryIndexFromContext(context, program_number);'
LOSAT/src/algorithm/blastp/blast_engine.rs:6054 src/algo/blast/core/blast_gapalign.c:3870-3878: 2 line(s) not found, e.g. '    continue;'
LOSAT/src/algorithm/blastp/blast_engine.rs:6071 src/algo/blast/core/blast_gapalign.c:3908-3918: 1 line(s) not found, e.g. '                                  hit_options->min_diag_separation))'
LOSAT/src/algorithm/blastp/blast_engine.rs:6164 src/algo/blast/core/blast_gapalign.c:3935-3953: 2 line(s) not found, e.g. 'max_offset = BlastGetStartForGappedAlignment(...);'
LOSAT/src/algorithm/blastp/blast_engine.rs:6204 src/algo/blast/core/blast_gapalign.c:3975-4000: 1 line(s) not found, e.g. 'for (index2 = 0; index2 < hsp_list->hspcnt; index2++) { ... }'
LOSAT/src/algorithm/blastp/blast_engine.rs:6249 src/algo/blast/core/blast_gapalign.c:3975-4007: 1 line(s) not found, e.g. 'redo_query = query_index;'
LOSAT/src/algorithm/blastp/blast_engine.rs:6270 src/algo/blast/core/blast_gapalign.c:4001-4007: 3 line(s) not found, e.g. 'redo_query = query_index;'
LOSAT/src/algorithm/blastp/blast_engine.rs:6280 src/algo/blast/core/blast_gapalign.c:3870-3878: 2 line(s) not found, e.g. '    continue;'
LOSAT/src/algorithm/blastp/blast_engine.rs:6405 src/algo/blast/core/blast_engine.c:1523-1539: 1 line(s) not found, e.g. 'Blast_HSPListGetEvalues(program_number, query_info,'
LOSAT/src/algorithm/blastp/blast_engine.rs:6440 src/algo/blast/core/blast_engine.c:1409-1498: 2 line(s) not found, e.g. '   status = s_BlastSearchEngineCore(..., &hsp_list, ...);'
LOSAT/src/algorithm/blastp/blast_engine.rs:6453 src/algo/blast/core/blast_engine.c:1409-1475: 1 line(s) not found, e.g. '   status = s_BlastSearchEngineCore(...);'
LOSAT/src/algorithm/blastp/blast_engine.rs:6481 src/algo/blast/core/blast_engine.c:1633-1688: 3 line(s) not found, e.g. 'aux_arg->gap_align = BLAST_GapAlignStructNew(...);'
LOSAT/src/algorithm/blastp/blast_engine.rs:6495 src/algo/blast/core/blast_engine.c:1409-1554: 2 line(s) not found, e.g. 'while ((seq_arg.oid = BlastSeqSrcIteratorNext(seq_src, itr)) != BLAST_SEQSRC_EOF) {'
LOSAT/src/algorithm/blastp/blast_engine.rs:6602 src/algo/blast/core/blast_kappa.c:3329-3334: 1 line(s) not found, e.g. '}'
LOSAT/src/algorithm/blastp/blast_engine.rs:6633 src/algo/blast/core/blast_kappa.c:2216-2231: 2 line(s) not found, e.g. 'Blast_Int4MatrixFromFreq(self->startMatrix, self->cols,'
LOSAT/src/algorithm/blastp/blast_engine.rs:6647 src/algo/blast/core/blast_kappa.c:2216-2231: 2 line(s) not found, e.g. 'Blast_Int4MatrixFromFreq(self->startMatrix, self->cols,'
LOSAT/src/algorithm/blastp/blast_engine.rs:6655 include/algo/blast/composition_adjustment/redo_alignment.h:97-106: 3 line(s) not found, e.g. '    int x_dropoff;'
LOSAT/src/algorithm/blastp/blast_engine.rs:6685 src/algo/blast/composition_adjustment/redo_alignment.c:1107-1118: 2 line(s) not found, e.g. 'Blast_RedoOneMatch(..., int ** matrix, int alphsize,'
LOSAT/src/algorithm/blastp/blast_engine.rs:6713 src/algo/blast/composition_adjustment/redo_alignment.c:382-406: 3 line(s) not found, e.g. 'Nearly identical alignments are computed with exact subjects,'
LOSAT/src/algorithm/blastp/blast_engine.rs:6742 src/algo/blast/core/blast_kappa.c:3429-3449: 1 line(s) not found, e.g. '#pragma omp parallel ... num_threads(actual_num_threads)'
LOSAT/src/algorithm/blastp/blast_engine.rs:6768 src/algo/blast/core/blast_kappa.c:3429-3449: 1 line(s) not found, e.g. '#pragma omp parallel ... num_threads(actual_num_threads)'
LOSAT/src/algorithm/blastp/blast_engine.rs:6824 src/algo/blast/core/blast_kappa.c:3429-3449: 1 line(s) not found, e.g. '#pragma omp parallel ... num_threads(actual_num_threads)'
LOSAT/src/algorithm/blastp/blast_engine.rs:6838 src/algo/blast/core/blast_kappa.c:3429-3459: 1 line(s) not found, e.g. '#pragma omp parallel default(none) num_threads(actual_num_threads)'
LOSAT/src/algorithm/blastp/blast_engine.rs:6894 src/algo/blast/core/blast_kappa.c:3577-3585: 1 line(s) not found, e.g. '*pStatusCode = s_ResultHspToDistinctAlign(...);'
LOSAT/src/algorithm/blastp/blast_engine.rs:6918 src/algo/blast/core/blast_kappa.c:3525-3529: 2 line(s) not found, e.g. 'if (BlastCompo_EarlyTermination(localMatch->best_evalue,'
LOSAT/src/algorithm/blastp/blast_engine.rs:6961 src/algo/blast/core/blast_kappa.c:3119-3128: 1 line(s) not found, e.g. '    BlastCompo_HeapInitialize(&redoneMatches[query_index], ...);'
LOSAT/src/algorithm/blastp/blast_engine.rs:6969 src/algo/blast/core/blast_kappa.c:3329-3334: 1 line(s) not found, e.g. 'status_code = Blast_CompositionWorkspaceInit(...);'
LOSAT/src/algorithm/blastp/blast_engine.rs:6975 src/algo/blast/core/blast_kappa.c:3436-3459: 1 line(s) not found, e.g. '    ... redoneMatches = redoneMatches_tld[tid];'
LOSAT/src/algorithm/blastp/blast_engine.rs:6981 src/algo/blast/core/blast_kappa.c:3429-3459: 1 line(s) not found, e.g. '#pragma omp parallel default(none) num_threads(actual_num_threads)'
LOSAT/src/algorithm/blastp/blast_engine.rs:7039 src/algo/blast/core/blast_kappa.c:3525-3528: 2 line(s) not found, e.g. 'if (BlastCompo_EarlyTermination(localMatch->best_evalue,'
LOSAT/src/algorithm/blastp/blast_engine.rs:7090 src/algo/blast/core/blast_kappa.c:3329-3334: 2 line(s) not found, e.g. '    status_code = Blast_CompositionWorkspaceInit(...);'
LOSAT/src/algorithm/blastp/blast_engine.rs:7113 src/algo/blast/core/blast_kappa.c:1934-1942: 1 line(s) not found, e.g. '    BLAST_GappedAlignmentWithTraceback(..., gapAlign,'
LOSAT/src/algorithm/blastp/blast_engine.rs:7135 src/algo/blast/core/blast_setup.c:821-847: 1 line(s) not found, e.g. 'BLAST_ComputeLengthAdjustment(..., query_length, db_length,'
LOSAT/src/algorithm/blastp/blast_engine.rs:7143 src/algo/blast/core/blast_kappa.c:3244-3248: 1 line(s) not found, e.g. 'query_info_tld[i] = s_GetQueryInfo(queryBlk->sequence, queryInfo, ...);'
LOSAT/src/algorithm/blastp/blast_engine.rs:7180 src/algo/blast/core/blast_kappa.c:3612-3619: 3 line(s) not found, e.g. 'localMatch->hsp_array,  /* i */'
LOSAT/src/algorithm/blastp/blast_engine.rs:7200 src/algo/blast/core/blast_kappa.c:3525-3528: 3 line(s) not found, e.g. 'if (BlastCompo_EarlyTermination(localMatch->best_evalue,'
LOSAT/src/algorithm/blastp/blast_engine.rs:7252 src/algo/blast/core/blast_traceback.c:845-852: 1 line(s) not found, e.g. 'for (subject_index = 0; subject_index < hit_list->hsplist_count; ++subject_index) {'
LOSAT/src/algorithm/blastp/blast_engine.rs:7372 src/objtools/align_format/tabular.cpp:973-986: 1 line(s) not found, e.g. '    ...) {'
LOSAT/src/algorithm/blastp/blast_engine.rs:7498 src/algo/blast/format/blast_format.cpp:68-93: 3 line(s) not found, e.g. 'CBlastFormat::CBlastFormat(..., CNcbiOstream& outfile, ...)'
LOSAT/src/algorithm/blastp/blast_engine.rs:7665 src/algo/blast/core/blast_engine.c:1633-1705: 1 line(s) not found, e.g. 'BLAST_PreliminarySearchEngine(..., diagnostics, ...);'
LOSAT/src/algorithm/blastp/blast_engine.rs:7778 src/algo/blast/core/blast_engine.c:1409-1554: 2 line(s) not found, e.g. 'while ((seq_arg.oid = BlastSeqSrcIteratorNext(seq_src, itr)) != BLAST_SEQSRC_EOF) {'
LOSAT/src/algorithm/blastp/blast_engine.rs:7870 src/algo/blast/core/blast_lookup.c:87-129: 2 line(s) not found, e.g. '    BlastLookupAddWordHit(backbone, lut_word_length, charsize,'
LOSAT/src/algorithm/blastp/blast_engine.rs:8055 src/algo/blast/core/aa_ungapped.c:509-521: 7 line(s) not found, e.g. '    diag_array[diag_coord].last_hit) {'
LOSAT/src/algorithm/blastp/blast_engine.rs:8091 src/algo/blast/core/aa_ungapped.c:581-588: 9 line(s) not found, e.g. 'if (right_extend) {'
LOSAT/src/algorithm/blastp/blast_engine.rs:8121 src/algo/blast/core/aa_ungapped.c:554-561: 6 line(s) not found, e.g. 'if (query_offset - diff <'
LOSAT/src/algorithm/blastp/blast_engine.rs:8162 src/algo/blast/core/aa_ungapped.c:787-800: 2 line(s) not found, e.g. 'score = s_BlastAaExtendOneHit(..., &hsp_q, &hsp_s, &hsp_len, ...);'
LOSAT/src/algorithm/blastp/blast_engine.rs:8211 src/algo/blast/core/aa_ungapped.c:566-583: 5 line(s) not found, e.g. 'score = s_BlastAaExtendTwoHit(..., &hsp_q, &hsp_s, &hsp_len, ...,'
LOSAT/src/algorithm/blastp/blast_engine.rs:8261 src/algo/blast/core/aa_ungapped.c:566-583: 5 line(s) not found, e.g. 'score = s_BlastAaExtendTwoHit(..., &hsp_q, &hsp_s, &hsp_len, ...,'
LOSAT/src/algorithm/blastp/blast_engine.rs:8324 src/algo/blast/core/aa_ungapped.c:492-505: 5 line(s) not found, e.g. '    hits = scansub(lookup_wrap, subject, offset_pairs, array_size, scan_range);'
LOSAT/src/algorithm/blastp/blast_engine.rs:8372 src/algo/blast/core/blast_lookup.c:102-128: 2 line(s) not found, e.g. 'BlastLookupAddWordHit(backbone, lut_word_length, charsize,'
LOSAT/src/algorithm/blastp/blast_engine.rs:8378 src/algo/blast/core/aa_ungapped.c:492-505: 2 line(s) not found, e.g. 'Uint4 query_offset = offset_pairs[i].qs_offsets.q_off;'
LOSAT/src/algorithm/blastp/blast_engine.rs:8416 src/algo/blast/core/blast_aascan.c:552-568: 1 line(s) not found, e.g. 'if (lookup_wrap->lut_type == eAaLookupTable) { ... }'
LOSAT/src/algorithm/blastp/blast_engine.rs:8472 src/algo/blast/core/blast_util.c:112-121: 1 line(s) not found, e.g. '(*seq_blk)->length = length;'
LOSAT/src/algorithm/blastp/blast_engine.rs:8497 src/algo/blast/core/aa_ungapped.c:551-560: 2 line(s) not found, e.g. 'if (query_offset - diff <'
LOSAT/src/algorithm/blastp/blast_engine.rs:8539 src/algo/blast/core/blast_gapalign.c:2445-2466: 1 line(s) not found, e.g. 's_AdjustInitialHSPOffsets(init_hsp, query_start);'
LOSAT/src/algorithm/blastp/blast_engine.rs:8624 src/objtools/align_format/format_flags.cpp:39-45: 1 line(s) not found, e.g. 'const char* kDfltArgTabularOutputFmt ='
LOSAT/src/algorithm/blastp/blast_engine.rs:8775 src/algo/blast/core/blast_aalookup.c:1289-1292: 1 line(s) not found, e.g. 'ASSERT(word_size == 5 || word_size == 6 || word_size == 7);'
LOSAT/src/algorithm/blastp/blast_engine.rs:8802 src/algo/blast/core/blast_gapalign.c:4209-4319: 2 line(s) not found, e.g. 's_BlastProtGappedAlignment(..., const BlastScoringParameters* score_params,'
LOSAT/src/algorithm/blastp/blast_engine.rs:8819 src/algo/blast/core/blast_kappa.c:2387-2415: 3 line(s) not found, e.g. 'gapping_params->x_dropoff = (Int4)'
LOSAT/src/algorithm/blastp/blast_engine.rs:8870 src/algo/blast/core/blast_parameters.c:932-940: 1 line(s) not found, e.g. '                    avg_subject_length);'
LOSAT/src/algorithm/blastp/blast_engine.rs:8920 src/algo/blast/core/blast_setup.c:969-983: 1 line(s) not found, e.g. 'BlastHitSavingParametersNew(..., min_subject_length, ..., hit_params);'
LOSAT/src/algorithm/blastp/blast_engine.rs:8929 src/algo/blast/core/blast_engine.c:1403-1440: 1 line(s) not found, e.g. '    BLAST_OneSubjectUpdateParameters(..., seq_arg.seq->length, ...);'
LOSAT/src/algorithm/blastp/blast_engine.rs:9202 src/algo/blast/core/blast_gapalign.c:3975-4000: 2 line(s) not found, e.g. '    BlastIntervalTreeAddHSP(hsp_list->hsp_array[index2], tree,'
LOSAT/src/algorithm/blastp/blast_engine.rs:9298 src/algo/blast/core/blast_parameters.c:204-921: 1 line(s) not found, e.g. '   curr_cutoffs->cutoff_score = INT4_MAX;'
LOSAT/src/algorithm/blastp/blast_engine.rs:9319 src/algo/blast/core/blast_stat.c:3577-3622: 2 line(s) not found, e.g. 'Blast_KarlinBlkGappedLoadFromTables(kbp, gap_open,'
LOSAT/src/algorithm/blastp/blast_engine.rs:9348 src/algo/blast/core/blast_extend.c:306-309: 1 line(s) not found, e.g. '}'
LOSAT/src/algorithm/blastp/blast_engine.rs:9428 src/algo/blast/core/blast_gapalign.c:3468-3499: 2 line(s) not found, e.g. 'qsort(init_hitlist->init_hsp_array, init_hitlist->total,'
LOSAT/src/algorithm/blastp/blast_engine.rs:9460 src/algo/blast/core/blast_extend.c:274-299: 2 line(s) not found, e.g. '                       h1->ungapped_data->length);'
LOSAT/src/algorithm/blastp/blast_engine.rs:9501 src/algo/blast/core/blast_gapalign.c:3642-3657: 2 line(s) not found, e.g. 'while (init_hitlist->total > 0 &&'
LOSAT/src/algorithm/blastp/encoding.rs:40 src/algo/blast/core/blast_encoding.c:110-121: 1 line(s) not found, e.g. '... AMINOACID_TO_NCBISTDAA ...'
LOSAT/src/algorithm/blastp/encoding.rs:71 src/algo/blast/core/blast_setup.c:382-385: 1 line(s) not found, e.g. 'if (Blast_QueryIsProtein(program_number))'
LOSAT/src/algorithm/blastp/encoding.rs:77 src/algo/blast/core/blast_filter.c:337-370: 3 line(s) not found, e.g. 'BlastSetUp_Filter(..., query_blk, ...);'
LOSAT/src/algorithm/blastp/encoding.rs:113 src/algo/blast/core/blast_query_info.c:311-315: 5 line(s) not found, e.g. 'query_offset = 0;'
LOSAT/src/algorithm/blastp/gapalign.rs:35 src/algo/blast/core/blast_gapalign.c:59-60: 2 line(s) not found, e.g. '/** Lower bound for scores. Divide by two to prevent underflows. */'
LOSAT/src/algorithm/blastp/gapalign.rs:46 src/algo/blast/core/blast_gapalign.c:339-360: 2 line(s) not found, e.g. '#define MAX_SUBJECT_OFFSET 90000'
LOSAT/src/algorithm/blastp/gapalign.rs:53 src/algo/blast/core/blast_gapalign.c:963-965: 1 line(s) not found, e.g. '#define RESTRICT_SIZE 10'
LOSAT/src/algorithm/blastp/gapalign.rs:61 src/algo/blast/core/blast_gapalign.c:399-414: 4 line(s) not found, e.g. 'matrix = gap_align->sbp->matrix->data;'
LOSAT/src/algorithm/blastp/gapalign.rs:69 src/algo/blast/core/blast_kappa.c:1748-1770: 1 line(s) not found, e.g. 's_NewAlignmentFromGapAlign(...);'
LOSAT/src/algorithm/blastp/gapalign.rs:74 src/algo/blast/core/blast_kappa.c:1902-1945: 1 line(s) not found, e.g. 'BLAST_GappedAlignmentWithTraceback(...);'
LOSAT/src/algorithm/blastp/gapalign.rs:80 src/algo/blast/core/blast_gapalign.c:737-957: 1 line(s) not found, e.g. 'next_score = score_array[b_index].best + matrix_row[*b_ptr];'
LOSAT/src/algorithm/blastp/gapalign.rs:91 src/algo/blast/core/blast_gapalign.c:737-957: 1 line(s) not found, e.g. 'next_score = score_array[b_index].best + matrix_row[*b_ptr];'
LOSAT/src/algorithm/blastp/gapalign.rs:108 src/algo/blast/core/blast_hits.c:547-549: 1 line(s) not found, e.g. '}'
LOSAT/src/algorithm/blastp/gapalign.rs:115 src/algo/blast/core/blast_hits.c:779-790: 1 line(s) not found, e.g. 'if (*q == *s) {'
LOSAT/src/algorithm/blastp/gapalign.rs:133 src/algo/blast/core/blast_gapalign.c:737-957: 1 line(s) not found, e.g. 'next_score = score_array[b_index].best + matrix_row[*b_ptr];'
LOSAT/src/algorithm/blastp/gapalign.rs:148 src/algo/blast/core/blast_gapalign.c:830-831: 1 line(s) not found, e.g. 'next_score = score_array[b_index].best + matrix_row[*b_ptr];'
LOSAT/src/algorithm/blastp/gapalign.rs:178 src/algo/blast/core/blast_gapalign.c:841-849: 4 line(s) not found, e.g. '/* pick out the row of the score matrix'
LOSAT/src/algorithm/blastp/gapalign.rs:194 src/algo/blast/core/blast_gapalign.c:841-849: 2 line(s) not found, e.g. '/* pick out the row of the score matrix'
LOSAT/src/algorithm/blastp/gapalign.rs:214 src/algo/blast/core/blast_gapalign.c:859-859: 1 line(s) not found, e.g. 'next_score = score_array[b_index].best + matrix_row[ *b_ptr ];'
LOSAT/src/algorithm/blastp/gapalign.rs:219 src/algo/blast/core/blast_gapalign.c:1099-1099: 1 line(s) not found, e.g. 'next_score = score_array[b_index].best + matrix_row[ *b_ptr ];'
LOSAT/src/algorithm/blastp/gapalign.rs:239 src/algo/blast/core/blast_hits.c:523-550: 12 line(s) not found, e.g. '    op_index++;'
LOSAT/src/algorithm/blastp/gapalign.rs:323 include/algo/blast/core/blast_gapalign.h:56-62: 1 line(s) not found, e.g. 'typedef struct BlastGapDP {'
LOSAT/src/algorithm/blastp/gapalign.rs:336 include/algo/blast/core/blast_gapalign.h:69-80: 3 line(s) not found, e.g. '   Uint1** edit_script;'
LOSAT/src/algorithm/blastp/gapalign.rs:362 src/algo/blast/core/blast_gapalign.c:313-319: 1 line(s) not found, e.g. 'gap_align->dp_mem = (BlastGapDP *) calloc(gap_align->dp_mem_alloc,'
LOSAT/src/algorithm/blastp/gapalign.rs:391 src/algo/blast/core/blast_gapalign.c:4077-4081: 3 line(s) not found, e.g. 'Blast_HSPInit(gap_align->query_start, gap_align->query_stop,'
LOSAT/src/algorithm/blastp/gapalign.rs:420 src/algo/blast/core/blast_gapalign.c:4077-4091: 5 line(s) not found, e.g. 'Blast_HSPInit(gap_align->query_start, gap_align->query_stop,'
LOSAT/src/algorithm/blastp/gapalign.rs:446 src/algo/blast/core/blast_gapalign.c:4209-4319: 5 line(s) not found, e.g. 'static Int2'
LOSAT/src/algorithm/blastp/gapalign.rs:468 src/algo/blast/core/blast_gapalign.c:4209-4319: 1 line(s) not found, e.g. 's_BlastProtGappedAlignment(..., Boolean restricted_alignment, ...)'
LOSAT/src/algorithm/blastp/gapalign.rs:589 src/algo/blast/core/blast_gapalign.c:128-139: 2 line(s) not found, e.g. 'static void s_GapPurgeState(BlastGapAlignStruct* gap_align)'
LOSAT/src/algorithm/blastp/gapalign.rs:600 src/algo/blast/core/blast_gapalign.c:70-115: 1 line(s) not found, e.g. 's_GapGetState(...)'
LOSAT/src/algorithm/blastp/gapalign.rs:640 src/algo/blast/core/blast_gapalign.c:560-665: 2 line(s) not found, e.g. '   edit_script[b_index - orig_b_index] = script;'
LOSAT/src/algorithm/blastp/gapalign.rs:659 src/algo/blast/core/blast_gapalign.c:3410-3438: 3 line(s) not found, e.g. 'if (q_length <= HSP_MAX_WINDOW) {'
LOSAT/src/algorithm/blastp/gapalign.rs:676 src/algo/blast/core/blast_gapalign.c:3410-3438: 3 line(s) not found, e.g. 'if (q_length <= HSP_MAX_WINDOW) {'
LOSAT/src/algorithm/blastp/gapalign.rs:696 src/algo/blast/core/blast_gapalign.c:3410-3438: 3 line(s) not found, e.g. 'if (q_length <= HSP_MAX_WINDOW) {'
LOSAT/src/algorithm/blastp/gapalign.rs:751 src/algo/blast/core/blast_gapalign.c:340-377: 2 line(s) not found, e.g. 'void AdjustSubjectRange(Int4* subject_offset_ptr, Int4* subject_length_ptr,'
LOSAT/src/algorithm/blastp/gapalign.rs:838 src/algo/blast/core/blast_gapalign.c:4681-4707: 2 line(s) not found, e.g. '    score_left += score_params->gap_open + esp->num[0] * score_params->gap_extend;'
LOSAT/src/algorithm/blastp/gapalign.rs:907 src/algo/blast/core/blast_hits.c:745-818: 1 line(s) not found, e.g. 'else if (matrix[*q][*s] > 0)'
LOSAT/src/algorithm/blastp/gapalign.rs:922 src/algo/blast/core/blast_hits.c:779-790: 1 line(s) not found, e.g. 'if (*q == *s) {'
LOSAT/src/algorithm/blastp/gapalign.rs:964 src/algo/blast/core/blast_hits.c:767-811: 2 line(s) not found, e.g. '         if (*q == *s) { num_ident++; }'
LOSAT/src/algorithm/blastp/gapalign.rs:1055 src/algo/blast/core/blast_gapalign.c:852-866: 1 line(s) not found, e.g. 'next_score = score_array[b_index].best + matrix_row[*b_ptr];'
LOSAT/src/algorithm/blastp/gapalign.rs:1202 src/algo/blast/core/blast_gapalign.c:737-957: 6 line(s) not found, e.g. 'Int4 Blast_SemiGappedAlign(..., Boolean score_only, ...) {'
LOSAT/src/algorithm/blastp/gapalign.rs:1263 src/algo/blast/core/blast_gapalign.c:841-849: 1 line(s) not found, e.g. 'if(reverse_sequence)'
LOSAT/src/algorithm/blastp/gapalign.rs:1349 src/algo/blast/core/blast_gapalign.c:991-1285: 3 line(s) not found, e.g. 'static Int4'
LOSAT/src/algorithm/blastp/gapalign.rs:1673 src/algo/blast/core/blast_gapalign.c:364-733: 2 line(s) not found, e.g. 'static Int4 ALIGN_EX(const Uint1* A, const Uint1* B, Int4 M, Int4 N,'
LOSAT/src/algorithm/blastp/gapalign.rs:1891 src/algo/blast/core/blast_gapalign.c:543-551: 1 line(s) not found, e.g. 'if(reverse_sequence)'
LOSAT/src/algorithm/blastp/gapalign.rs:1903 src/algo/blast/core/blast_gapalign.c:560-569: 4 line(s) not found, e.g. '    if (matrix_index == FENCE_SENTRY) {'
LOSAT/src/algorithm/blastp/gapalign.rs:1919 src/algo/blast/core/blast_gapalign.c:563-635: 2 line(s) not found, e.g. '    next_score = score_array[b_index].best + matrix_row[*b_ptr];'
LOSAT/src/algorithm/blastp/gapalign.rs:1967 src/algo/blast/core/blast_gapalign.c:571-573: 4 line(s) not found, e.g. 'matrix_index = *b_ptr;'
LOSAT/src/algorithm/blastp/gapalign.rs:2190 src/algo/blast/core/blast_gapalign.c:2494-2534: 3 line(s) not found, e.g. ' * started from the highest scoring point and worked backwards. The'
LOSAT/src/algorithm/blastp/gapalign.rs:2213 src/algo/blast/core/blast_gapalign.c:4549-4712: 1 line(s) not found, e.g. 'Int2 BLAST_GappedAlignmentWithTraceback(...);'
LOSAT/src/algorithm/blastp/gapalign.rs:2232 src/algo/blast/core/blast_kappa.c:1914-1944: 1 line(s) not found, e.g. 'BLAST_GappedAlignmentWithTraceback(..., gapAlign, ...);'
LOSAT/src/algorithm/blastp/gapalign.rs:2254 src/algo/blast/core/blast_kappa.c:1914-1944: 1 line(s) not found, e.g. 'status = BLAST_GappedAlignmentWithTraceback(..., gapAlign, ...);'
LOSAT/src/algorithm/blastp/gapalign.rs:2369 src/algo/blast/core/blast_gapalign.c:4599-4611: 4 line(s) not found, e.g. '                      &private_q_length, &private_s_length, rev_prelim_tback, ...,'
LOSAT/src/algorithm/blastp/gapalign.rs:2403 src/algo/blast/core/blast_gapalign.c:4629-4642: 5 line(s) not found, e.g. 'score_right = ALIGN_EX(query+q_start, subject+s_start,'
LOSAT/src/algorithm/blastp/gapalign.rs:2411 src/algo/blast/core/blast_gapalign.c:4624-4642: 7 line(s) not found, e.g. 'if ((! (fence_hit && *fence_hit)) &&'
LOSAT/src/algorithm/blastp/gapalign.rs:2523 src/algo/blast/core/blast_gapalign.c:4209-4319: 5 line(s) not found, e.g. 'static Int2'
LOSAT/src/algorithm/blastp/gapalign.rs:2582 src/algo/blast/core/blast_gapalign.c:4209-4319: 4 line(s) not found, e.g. 's_BlastProtGappedAlignment(..., const BlastScoringParameters* score_params,'
LOSAT/src/algorithm/blastp/gapalign.rs:2592 src/algo/blast/core/blast_gapalign.c:4266-4278: 3 line(s) not found, e.g. '                                     q_length, s_length, ...);'
LOSAT/src/algorithm/blastp/gapalign.rs:2633 src/algo/blast/core/blast_gapalign.c:4280-4281: 2 line(s) not found, e.g. 'gap_align->query_start = q_length - private_q_start;'
LOSAT/src/algorithm/blastp/gapalign.rs:2641 src/algo/blast/core/blast_gapalign.c:4300-4313: 4 line(s) not found, e.g. 'if (q_length < query_length && s_length < subject_length) {'
LOSAT/src/algorithm/blastp/gapalign.rs:2690 src/algo/blast/core/blast_gapalign.c:4342-4344: 1 line(s) not found, e.g. '}'
LOSAT/src/algorithm/blastp/gapalign.rs:2768 src/algo/blast/core/blast_kappa.c:1924-1946: 1 line(s) not found, e.g. 'status = BLAST_GappedAlignmentWithTraceback(..., q_start, s_start, ...);'
LOSAT/src/algorithm/blastp/gapalign.rs:2788 src/algo/blast/core/blast_hits.c:151-182: 2 line(s) not found, e.g. '              Int4 subject_end, ...)'
LOSAT/src/algorithm/blastp/gapalign.rs:2831 include/algo/blast/core/blast_hits.h:125-143: 1 line(s) not found, e.g. '} BlastHSP;'
LOSAT/src/algorithm/blastp/gapalign.rs:2848 src/algo/blast/core/blast_traceback.c:647-662: 3 line(s) not found, e.g. '    delete_hsp = Blast_HSPReevaluateWithAmbiguitiesGapped(hsp, query, ...);'
LOSAT/src/algorithm/blastp/gapalign.rs:2859 src/algo/blast/core/blast_traceback.c:234-250: 1 line(s) not found, e.g. '                        hsp_list, kGapped, FALSE, sbp, 0, scale_factor);'
LOSAT/src/algorithm/blastp/gapalign.rs:2891 src/algo/blast/core/blast_hits.c:440-477: 1 line(s) not found, e.g. 'static Boolean'
LOSAT/src/algorithm/blastp/gapalign.rs:2906 src/algo/blast/core/blast_hits.c:440-642: 2 line(s) not found, e.g. 'static Boolean s_UpdateReevaluatedHSP(...);'
LOSAT/src/algorithm/blastp/gapalign.rs:2912 src/algo/blast/core/blast_gapalign.c:399-414: 1 line(s) not found, e.g. 'matrix = gap_align->sbp->matrix->data;'
LOSAT/src/algorithm/blastp/gapalign.rs:2926 src/algo/blast/core/blast_hits.c:547-549: 1 line(s) not found, e.g. '}'
LOSAT/src/algorithm/blastp/gapalign.rs:2957 src/algo/blast/core/blast_hits.c:523-550: 1 line(s) not found, e.g. '    op_index++;'
LOSAT/src/algorithm/blastp/gapalign.rs:2985 src/algo/blast/core/blast_options.c:787-804: 2 line(s) not found, e.g. 'if (!Blast_ProgramIsNucleotide(program_number)) {/*protein-protein options.*/'
LOSAT/src/algorithm/blastp/gapalign.rs:3041 src/algo/blast/core/blast_hits.c:547-549: 1 line(s) not found, e.g. '}'
LOSAT/src/algorithm/blastp/gapalign.rs:3071 src/algo/blast/core/blast_hits.c:562-569: 4 line(s) not found, e.g. '    op_index = 0;'
LOSAT/src/algorithm/blastp/gapalign.rs:3127 src/algo/blast/core/blast_hits.c:618-637: 4 line(s) not found, e.g. 'if (best_start_esp_index < esp->size && best_end_esp_index < esp->size) {'
LOSAT/src/algorithm/blastp/gapalign.rs:3220 src/algo/blast/core/blast_traceback.c:649-660: 4 line(s) not found, e.g. 'query = query_blk->sequence + query_info->contexts[hsp->context].query_offset;'
LOSAT/src/algorithm/blastp/gapalign.rs:3341 src/algo/blast/core/blast_gapalign.c:2488-2533: 1 line(s) not found, e.g. '/* The fwd_prelim_tback script will get reversed here ... */'
LOSAT/src/algorithm/blastp/gapalign.rs:3395 src/algo/blast/core/blast_gapalign.c:4681-4707: 2 line(s) not found, e.g. '    score_left += score_params->gap_open + esp->num[0] * score_params->gap_extend;'
LOSAT/src/algorithm/blastp/gapalign.rs:3614 src/algo/blast/core/blast_hits.c:547-549: 1 line(s) not found, e.g. '}'
LOSAT/src/algorithm/blastp/gapalign.rs:3705 src/algo/blast/core/blast_gapalign.c:4338-4343: 1 line(s) not found, e.g. '    gap_align->subject_stop = init_hsp->offsets.qs_offsets.s_off;'
LOSAT/src/algorithm/blastp/gapalign.rs:3717 src/algo/blast/core/blast_gapalign.c:4257-4291: 1 line(s) not found, e.g. '                                   q_length, s_length, ...);'
LOSAT/src/algorithm/blastp/gapalign.rs:3753 src/algo/blast/core/blast_gapalign.c:4273-4291: 1 line(s) not found, e.g. '                                        q_length, s_length, ...);'
LOSAT/src/algorithm/blastp/gapalign.rs:3857 src/algo/blast/core/blast_gapalign.c:4708-4711: 2 line(s) not found, e.g. 'gap_align->score = score_right + score_left;'
LOSAT/src/algorithm/blastp/gapalign.rs:3863 src/algo/blast/core/blast_hits.c:523-550: 4 line(s) not found, e.g. '} else if (esp->op_type[index] == eGapAlignDel) {'
LOSAT/src/algorithm/blastp/gapalign.rs:3925 src/algo/blast/core/blast_kappa.c:1902-1945: 1 line(s) not found, e.g. 'status = BLAST_GappedAlignmentWithTraceback(..., q_start, s_start, ...);'
LOSAT/src/algorithm/blastp/gapalign.rs:3932 src/algo/blast/core/blast_gapalign.c:4549-4715: 1 line(s) not found, e.g. 'Int2 BLAST_GappedAlignmentWithTraceback(...);'
LOSAT/src/algorithm/blastp/gapalign.rs:3948 src/algo/blast/core/blast_hits.c:523-550: 4 line(s) not found, e.g. '} else if (esp->op_type[index] == eGapAlignDel) {'
LOSAT/src/algorithm/blastp/gapalign.rs:4097 src/algo/blast/core/blast_gapalign.c:571-573: 4 line(s) not found, e.g. 'matrix_index = *b_ptr;'
LOSAT/src/algorithm/blastp/gapalign.rs:4134 src/algo/blast/core/blast_gapalign.c:4620-4716: 1 line(s) not found, e.g. 'if ((! (fence_hit && *fence_hit)) && ... ) { /* right extension */ }'
LOSAT/src/algorithm/blastp/gapalign.rs:4320 src/algo/blast/core/blast_gapalign.c:4620-4716: 1 line(s) not found, e.g. 'if ((! (fence_hit && *fence_hit)) && (q_start < q_length) && (s_start < s_length)) {'
LOSAT/src/algorithm/blastp/hsp.rs:154 include/algo/blast/core/blast_hits.h:125-143: 1 line(s) not found, e.g. '} BlastHSP;'
LOSAT/src/algorithm/blastp/hsp.rs:172 include/algo/blast/core/blast_hits.h:153-166: 1 line(s) not found, e.g. '   Int4 query_index; /**< Index of the query which this HSPList corresponds to. */'
LOSAT/src/algorithm/blastp/hsp.rs:217 src/algo/blast/composition_adjustment/compo_heap.c:67-76: 4 line(s) not found, e.g. '    int           bestScore;'
LOSAT/src/algorithm/blastp/hsp.rs:231 src/algo/blast/composition_adjustment/compo_heap.c:67-76: 1 line(s) not found, e.g. 'void * theseAlignments;'
LOSAT/src/algorithm/blastp/hsp.rs:252 include/algo/blast/composition_adjustment/compo_heap.h:79-95: 3 line(s) not found, e.g. '    struct BlastCompo_HeapRecord *array;'
LOSAT/src/algorithm/blastp/hsp.rs:275 src/algo/blast/composition_adjustment/compo_heap.c:50-57: 2 line(s) not found, e.g. '#define HEAP_RESIZE_FACTOR 1.5'
LOSAT/src/algorithm/blastp/hsp.rs:285 src/algo/blast/composition_adjustment/redo_alignment.c:53-54: 2 line(s) not found, e.g. '/** by what factor might initially reported E-value exceed true E-value */'
LOSAT/src/algorithm/blastp/hsp.rs:292 src/algo/blast/core/blast_hits.c:1389-1403: 5 line(s) not found, e.g. 'static int s_EvalueComp(double evalue1, double evalue2)'
LOSAT/src/algorithm/blastp/hsp.rs:316 src/algo/blast/composition_adjustment/compo_heap.c:81-93: 3 line(s) not found, e.g. '        0 == (result = CMP(place2->bestScore, place1->bestScore))) {'
LOSAT/src/algorithm/blastp/hsp.rs:355 src/algo/blast/composition_adjustment/compo_heap.c:154-186: 1 line(s) not found, e.g. 's_CompoHeapifyDown(BlastCompo_HeapRecord * heapArray, int top, int n)'
LOSAT/src/algorithm/blastp/hsp.rs:384 src/algo/blast/composition_adjustment/compo_heap.c:197-214: 1 line(s) not found, e.g. '}'
LOSAT/src/algorithm/blastp/hsp.rs:401 src/algo/blast/core/blast_hits.c:1330-1353: 4 line(s) not found, e.g. 'int ScoreCompareHSPs(const void* h1, const void* h2) {'
LOSAT/src/algorithm/blastp/hsp.rs:446 src/algo/blast/core/blast_hits.c:1330-1353: 2 line(s) not found, e.g. 'int ScoreCompareHSPs(const void* h1, const void* h2) {'
LOSAT/src/algorithm/blastp/hsp.rs:578 src/algo/blast/core/blast_hits.c:1739-1748: 2 line(s) not found, e.g. 'static double s_BlastGetBestEvalue(const BlastHSPList* hsp_list)'
LOSAT/src/algorithm/blastp/hsp.rs:595 src/algo/blast/core/blast_hits.c:2049-2067: 1 line(s) not found, e.g. 'Int2 Blast_HSPListReapByEvalue(BlastHSPList* hsp_list,'
LOSAT/src/algorithm/blastp/hsp.rs:641 src/algo/blast/core/blast_hits.c:3077-3106: 2 line(s) not found, e.g. 'static int s_EvalueCompareHSPLists(const void* v1, const void* v2)'
LOSAT/src/algorithm/blastp/hsp.rs:670 src/algo/blast/core/blast_hits.c:1627-1676: 2 line(s) not found, e.g. 'static void s_Heapify(...);'
LOSAT/src/algorithm/blastp/hsp.rs:696 src/algo/blast/core/blast_hits.c:1659-1676: 1 line(s) not found, e.g. 'static void s_CreateHeap(...);'
LOSAT/src/algorithm/blastp/hsp.rs:713 src/algo/blast/composition_adjustment/compo_heap.c:361-375: 9 line(s) not found, e.g. 'BlastCompo_HeapInitialize(BlastCompo_Heap * self, int heapThreshold,'
LOSAT/src/algorithm/blastp/hsp.rs:766 src/algo/blast/composition_adjustment/compo_heap.c:257-284: 5 line(s) not found, e.g. 'int'
LOSAT/src/algorithm/blastp/hsp.rs:868 src/algo/blast/composition_adjustment/compo_heap.c:356-359: 4 line(s) not found, e.g. 'BlastCompo_HeapFilledToCutoff(const BlastCompo_Heap * self)'
LOSAT/src/algorithm/blastp/hsp.rs:881 src/algo/blast/composition_adjustment/compo_heap.c:391-414: 2 line(s) not found, e.g. 'void *'
LOSAT/src/algorithm/blastp/hsp.rs:914 src/algo/blast/composition_adjustment/redo_alignment.c:1561-1576: 1 line(s) not found, e.g. 'BlastCompo_EarlyTermination(double evalue,'
LOSAT/src/algorithm/blastp/hsp.rs:941 src/algo/blast/core/blast_kappa.c:2494-2514: 2 line(s) not found, e.g. 'static void'
LOSAT/src/algorithm/blastp/hsp.rs:997 src/algo/blast/core/blast_hits.c:3125-3133: 1 line(s) not found, e.g. '}'
LOSAT/src/algorithm/blastp/hsp.rs:1017 src/algo/blast/core/blast_hits.c:3219-3240: 1 line(s) not found, e.g. '}'
LOSAT/src/algorithm/blastp/hsp.rs:1042 src/algo/blast/core/blast_hits.c:3196-3209: 1 line(s) not found, e.g. 'static void s_BlastHitListInsertHSPListInHeap(BlastHitList* hit_list,'
LOSAT/src/algorithm/blastp/hsp.rs:1068 src/algo/blast/core/blast_hits.c:3243-3297: 1 line(s) not found, e.g. 'Int2 Blast_HitListUpdate(BlastHitList* hit_list, BlastHSPList* hsp_list)'
LOSAT/src/algorithm/blastp/hsp.rs:1117 src/algo/blast/core/blast_hits.c:3172-3187: 1 line(s) not found, e.g. 'static void s_BlastHitListPurge(BlastHitList* hit_list)'
LOSAT/src/algorithm/blastp/hsp.rs:1150 src/algo/blast/core/blast_traceback.c:877-892: 1 line(s) not found, e.g. 'static void s_BlastPruneExtraHits(BlastHSPResults* results, Int4 hitlist_size)'
LOSAT/src/algorithm/blastp/hsp.rs:1185 src/algo/blast/core/blast_hits.c:2455-2535: 1 line(s) not found, e.g. 'Blast_HSPListPurgeHSPsWithCommonEndpoints(..., Boolean purge)'
LOSAT/src/algorithm/blastp/hsp.rs:1207 src/algo/blast/core/blast_hits.c:2392-2452: 1 line(s) not found, e.g. 'static void'
LOSAT/src/algorithm/blastp/hsp.rs:1332 src/algo/blast/core/blast_hits.c:2268-2315: 7 line(s) not found, e.g. 'static int'
LOSAT/src/algorithm/blastp/hsp.rs:1364 src/algo/blast/core/blast_hits.c:2333-2379: 7 line(s) not found, e.g. 'static int'
LOSAT/src/algorithm/blastp/hsp.rs:1566 src/algo/blast/core/blast_hits.c:2478-2502: 1 line(s) not found, e.g. '   while (i+j < hsp_count && ... same start endpoint ...) {'
LOSAT/src/algorithm/blastp/hsp.rs:1581 src/algo/blast/core/blast_hits.c:2504-2527: 1 line(s) not found, e.g. 'while (i+j < hsp_count && ... same end endpoint ...) {'
LOSAT/src/algorithm/blastp/hsp.rs:1640 src/algo/blast/core/blast_hits.c:2455-2535: 1 line(s) not found, e.g. 'Int4 Blast_HSPListPurgeHSPsWithCommonEndpoints(..., Boolean purge)'
LOSAT/src/algorithm/blastp/hsp.rs:1652 src/algo/blast/core/blast_hits.c:2455-2535: 1 line(s) not found, e.g. 'Int4 Blast_HSPListPurgeHSPsWithCommonEndpoints(..., Boolean purge)'
LOSAT/src/algorithm/blastp/hsp.rs:1671 src/algo/blast/core/blast_hits.c:2455-2535: 1 line(s) not found, e.g. 'Int4 Blast_HSPListPurgeHSPsWithCommonEndpoints(..., Boolean purge)'
LOSAT/src/algorithm/blastp/hsp.rs:1774 include/algo/blast/core/blast_hits.h:153-180: 2 line(s) not found, e.g. 'typedef struct BlastHSPList { ... } BlastHSPList;'
LOSAT/src/algorithm/blastp/hsp.rs:1856 src/algo/blast/core/blast_hits.c:1355-1377: 3 line(s) not found, e.g. 'if (!Blast_HSPListIsSortedByScore(hsp_list)) {'
LOSAT/src/algorithm/blastp/hsp.rs:2005 src/algo/blast/core/blast_hits.c:2480-2500: 1 line(s) not found, e.g. '       hsp_array[i]->subject.offset == hsp_array[i+j]->subject.offset) {'
LOSAT/src/algorithm/blastp/hsp.rs:2097 src/algo/blast/core/blast_hits.c:1976-1999: 3 line(s) not found, e.g. '         hsp_array[hsp_cnt] = hsp_array[index];'
LOSAT/src/algorithm/blastp/hsp.rs:2171 src/algo/blast/composition_adjustment/compo_heap.c:257-284: 1 line(s) not found, e.g. 'BlastCompo_HeapWouldInsert(...);'
LOSAT/src/algorithm/blastp/hsp.rs:2191 src/algo/blast/composition_adjustment/compo_heap.c:391-414: 1 line(s) not found, e.g. 'void * BlastCompo_HeapPop(BlastCompo_Heap * self)'
LOSAT/src/algorithm/blastp/kappa.rs:73 src/algo/blast/core/blast_kappa.c:3658-3716: 4 line(s) not found, e.g. 's_HSPListFromDistinctAlignments(...);'
LOSAT/src/algorithm/blastp/kappa.rs:81 src/algo/blast/core/blast_hits.c:746-824: 1 line(s) not found, e.g. 's_Blast_HSPGetNumIdentitiesAndPositives(...)'
LOSAT/src/algorithm/blastp/kappa.rs:223 src/algo/blast/core/blast_hits.c:745-818: 1 line(s) not found, e.g. 'else if (matrix[*q][*s] > 0)'
LOSAT/src/algorithm/blastp/kappa.rs:238 src/algo/blast/core/blast_kappa.c:3675-3716: 2 line(s) not found, e.g. 's_HitlistEvaluateAndPurge(&best_score, &best_evalue, ...);'
LOSAT/src/algorithm/blastp/kappa.rs:253 src/algo/blast/core/blast_kappa.c:2308-2336: 2 line(s) not found, e.g. '    query_info->eff_search_space = (double) query_context->eff_searchsp;'
LOSAT/src/algorithm/blastp/kappa.rs:267 src/algo/blast/core/blast_kappa.c:432-435: 2 line(s) not found, e.g. 's_AdjustEvaluesForComposition(...,'
LOSAT/src/algorithm/blastp/kappa.rs:352 src/algo/blast/core/blast_kappa.c:1000-1004: 4 line(s) not found, e.g. "/** NCBIstdaa encoding for 'X' character */"
LOSAT/src/algorithm/blastp/kappa.rs:388 src/algo/blast/core/blast_kappa.c:770-803: 1 line(s) not found, e.g. '    BlastCompo_AlignmentNew(..., hsp->subject.frame, hsp);'
LOSAT/src/algorithm/blastp/kappa.rs:416 src/algo/blast/core/blast_kappa.c:1755-1770: 1 line(s) not found, e.g. '    queryStart, queryEnd, queryIndex, matchStart, matchEnd, frame, *edit_script);'
LOSAT/src/algorithm/blastp/kappa.rs:436 src/algo/blast/core/blast_kappa.c:1748-1770: 3 line(s) not found, e.g. 's_NewAlignmentFromGapAlign(..., BlastCompo_SequenceRange * query_range,'
LOSAT/src/algorithm/blastp/kappa.rs:448 src/algo/blast/core/blast_kappa.c:1902-1945: 2 line(s) not found, e.g. 'status = BLAST_GappedAlignmentWithTraceback(..., q_start, s_start, ...);'
LOSAT/src/algorithm/blastp/kappa.rs:474 src/algo/blast/core/blast_kappa.c:1914-1944: 1 line(s) not found, e.g. 'status = BLAST_GappedAlignmentWithTraceback(..., gapAlign, ...);'
LOSAT/src/algorithm/blastp/kappa.rs:494 src/algo/blast/core/blast_kappa.c:1760-1946: 2 line(s) not found, e.g. 'if (status == 0) return s_NewAlignmentFromGapAlign(gapAlign, &gapAlign->edit_script,'
LOSAT/src/algorithm/blastp/kappa.rs:605 src/algo/blast/core/blast_kappa.c:1896-1945: 2 line(s) not found, e.g. 's_RedoOneAlignment(..., BlastCompo_GappingParams * gapping_params)'
LOSAT/src/algorithm/blastp/kappa.rs:660 src/algo/blast/core/blast_kappa.c:1767-1772: 2 line(s) not found, e.g. 'obj = BlastCompo_AlignmentNew(..., *edit_script);'
LOSAT/src/algorithm/blastp/kappa.rs:694 src/algo/blast/core/blast_kappa.c:551-570: 2 line(s) not found, e.g. 'static double'
LOSAT/src/algorithm/blastp/kappa.rs:716 src/algo/blast/core/blast_kappa.c:305-354: 1 line(s) not found, e.g. '    Blast_HSPInit(..., align->score, &editScript, &new_hsp);'
LOSAT/src/algorithm/blastp/kappa.rs:787 include/algo/blast/core/blast_hits.h:125-143: 1 line(s) not found, e.g. '} BlastHSP;'
LOSAT/src/algorithm/blastp/kappa.rs:809 src/algo/blast/core/blast_kappa.c:305-354: 1 line(s) not found, e.g. '    Blast_HSPInit(..., align->score, &editScript, &new_hsp);'
LOSAT/src/algorithm/blastp/kappa.rs:839 src/algo/blast/core/blast_kappa.c:305-354: 1 line(s) not found, e.g. '    Blast_HSPListSortByScore(hsp_list);'
LOSAT/src/algorithm/blastp/kappa.rs:870 src/algo/blast/core/blast_kappa.c:323-329: 2 line(s) not found, e.g. 'status = Blast_HSPInit(..., align->score,'
LOSAT/src/algorithm/blastp/kappa.rs:933 include/algo/blast/core/blast_hits.h:125-143: 1 line(s) not found, e.g. '} BlastHSP;'
LOSAT/src/algorithm/blastp/kappa.rs:1015 src/algo/blast/core/blast_kappa.c:1510-1647: 3 line(s) not found, e.g. 's_SequenceGetProteinRange(..., const Boolean shouldTestIdentical, ...)'
LOSAT/src/algorithm/blastp/kappa.rs:1094 src/algo/blast/core/blast_kappa.c:1677-1709: 1 line(s) not found, e.g. 'return s_SequenceGetProteinRange(..., queryData, ...);'
LOSAT/src/algorithm/blastp/kappa.rs:1106 src/algo/blast/core/blast_kappa.c:1626-1636: 3 line(s) not found, e.g. '    if ((!shouldTestIdentical)'
LOSAT/src/algorithm/blastp/kappa.rs:1202 src/algo/blast/core/blast_kappa.c:224-260: 1 line(s) not found, e.g. 'static void'
LOSAT/src/algorithm/blastp/kappa.rs:1234 src/algo/blast/core/blast_kappa.c:248-259: 1 line(s) not found, e.g. '}'
LOSAT/src/algorithm/blastp/kappa.rs:1282 src/algo/blast/core/blast_kappa.c:102-116: 1 line(s) not found, e.g. 'static void'
LOSAT/src/algorithm/blastp/kappa.rs:1336 src/algo/blast/core/blast_kappa.c:2308-2336: 2 line(s) not found, e.g. '    query_info->eff_search_space = (double) query_context->eff_searchsp;'
LOSAT/src/algorithm/blastp/kappa.rs:1371 src/algo/blast/core/blast_hits.c:746-824: 1 line(s) not found, e.g. 'static Int2'
LOSAT/src/algorithm/blastp/kappa.rs:1383 src/algo/blast/core/blast_kappa.c:518-529: 2 line(s) not found, e.g. 'query = query_blk->sequence + query_info->contexts[hsp->context].query_offset;'
LOSAT/src/algorithm/blastp/kappa.rs:1398 src/algo/blast/core/blast_hits.c:745-818: 1 line(s) not found, e.g. 'else if (matrix[*q][*s] > 0)'
LOSAT/src/algorithm/blastp/kappa.rs:1412 src/algo/blast/core/blast_hits.c:746-824: 1 line(s) not found, e.g. 'static Int2'
LOSAT/src/algorithm/blastp/kappa.rs:1551 src/algo/blast/core/blast_kappa.c:135-193: 4 line(s) not found, e.g. 'static void'
LOSAT/src/algorithm/blastp/kappa.rs:1573 src/algo/blast/core/blast_kappa.c:184-191: 5 line(s) not found, e.g. '/* suppress unused parameter warnings if diagnostics are not printed */'
LOSAT/src/algorithm/blastp/kappa.rs:1608 src/algo/blast/core/blast_kappa.c:395-457: 2 line(s) not found, e.g. 'static int'
LOSAT/src/algorithm/blastp/kappa.rs:1631 src/algo/blast/core/blast_kappa.c:414-427: 1 line(s) not found, e.g. '                            hsp_list, TRUE, FALSE, sbp, 0.0, 1.0);'
LOSAT/src/algorithm/blastp/kappa.rs:1638 src/algo/blast/core/blast_kappa.c:429-435: 2 line(s) not found, e.g. '    s_AdjustEvaluesForComposition(..., LambdaRatio, ...);'
LOSAT/src/algorithm/blastp/kappa.rs:1682 src/algo/blast/core/blast_kappa.c:3658-3710: 5 line(s) not found, e.g. 's_HSPListFromDistinctAlignments(...);'
LOSAT/src/algorithm/blastp/kappa.rs:1726 src/algo/blast/core/blast_kappa.c:3612-3619: 3 line(s) not found, e.g. 'localMatch->hsp_array,  /* i */'
LOSAT/src/algorithm/blastp/kappa.rs:1898 src/algo/blast/core/blast_kappa.c:459-535: 2 line(s) not found, e.g. 's_ComputeNumIdentities(...);'
LOSAT/src/algorithm/blastp/kappa.rs:2010 src/algo/blast/core/blast_kappa.c:224-260: 2 line(s) not found, e.g. '     hsp2->subject.offset, hsp2->subject.end, hsp1->subject.offset) &&'
LOSAT/src/algorithm/blastp/kappa.rs:2206 src/algo/blast/core/blast_hits.c:1811-1893: 3 line(s) not found, e.g. '    hsp->evalue = BLAST_SpougeStoE(score, kbp[kbp_context], sbp->gbp,'
LOSAT/src/algorithm/blastp/kappa.rs:2375 src/algo/blast/core/blast_kappa.c:2939-2955: 4 line(s) not found, e.g. 'while (allMatches) {'
LOSAT/src/algorithm/blastp/kappa.rs:2468 src/algo/blast/core/blast_kappa.c:1626-1636: 2 line(s) not found, e.g. '    status = s_DoSegSequenceData(..., subject_maybe_biased);'
LOSAT/src/algorithm/blastp/kappa.rs:2635 src/algo/blast/core/blast_kappa.c:1638-1643: 2 line(s) not found, e.g. 'seqData->data    = &seqData->data[range->begin - 1];'
LOSAT/src/algorithm/blastp/kappa.rs:2742 src/algo/blast/core/blast_kappa.c:248-259: 1 line(s) not found, e.g. '}'
LOSAT/src/algorithm/blastp/kappa.rs:2780 src/algo/blast/core/blast_kappa.c:1760-1946: 3 line(s) not found, e.g. 'status = BLAST_GappedAlignmentWithTraceback(..., &fence_hit);'
LOSAT/src/algorithm/blastp/mod.rs:24 src/algo/blast/core/blast_kappa.c:102-3691: 4 line(s) not found, e.g. 'static void s_HSPListNormalizeScores(...);'
LOSAT/src/algorithm/blastp/mod.rs:35 src/algo/blast/api/blast_setup_cxx.cpp:486-651: 2 line(s) not found, e.g. 'SetupQueries_OMF(IBlastQuerySource& queries,'
LOSAT/src/algorithm/tblastn/kappa.rs:27 src/algo/blast/core/blast_kappa.c:1738-1957: 5 line(s) not found, e.g. 'status = BLAST_GappedAlignmentWithTraceback(context->prog_number,'
LOSAT/src/algorithm/tblastn/kappa.rs:334 src/algo/blast/core/blast_kappa.c:770-1948: 3 line(s) not found, e.g. 'new_align = BlastCompo_AlignmentNew((int)(hsp->score * localScalingFactor),'
LOSAT/src/algorithm/tblastn/kappa.rs:348 src/algo/blast/core/blast_kappa.c:1896-1957: 1 line(s) not found, e.g. 'status = BLAST_GappedAlignmentWithTraceback(..., &fence_hit);'
LOSAT/src/algorithm/tblastn/kappa.rs:406 src/algo/blast/core/blast_kappa.c:2389-2394: 1 line(s) not found, e.g. 'static const Blast_RedoAlignCallbacks redo_align_callbacks = {'
LOSAT/src/algorithm/tblastn/kappa.rs:421 src/algo/blast/core/blast_kappa.c:770-3639: 6 line(s) not found, e.g. 's_ResultHspToDistinctAlign(incoming_align_set, numAligns,'
LOSAT/src/algorithm/tblastn/kappa.rs:543 src/algo/blast/core/blast_kappa.c:770-3689: 3 line(s) not found, e.g. 's_ResultHspToDistinctAlign(..., localScalingFactor);'
LOSAT/src/algorithm/tblastn/kappa.rs:867 src/algo/blast/core/blast_kappa.c:3577-3595: 2 line(s) not found, e.g. 's_ResultHspToDistinctAlign(incoming_align_set, numAligns,'
LOSAT/src/algorithm/tblastn/kappa.rs:1478 src/algo/blast/core/blast_kappa.c:3577-3595: 2 line(s) not found, e.g. 's_ResultHspToDistinctAlign(incoming_align_set, numAligns,'
LOSAT/src/algorithm/tblastn/kappa.rs:1584 core/blast_kappa.c:305-3685: 3 line(s) not found, e.g. 's_HSPListFromDistinctAlignments(...);'
LOSAT/src/algorithm/tblastn/kappa.rs:1714 core/blast_kappa.c:3671-3736: 5 line(s) not found, e.g. 's_HitlistReapContained(...);'
LOSAT/src/algorithm/tblastn/kappa.rs:2599 src/algo/blast/core/blast_kappa.c:1760-1946: 3 line(s) not found, e.g. 'status = BLAST_GappedAlignmentWithTraceback(..., &fence_hit);'
LOSAT/src/algorithm/tblastn/search_gapped.rs:1621 src/algo/blast/core/blast_traceback.c:516-596: 2 line(s) not found, e.g. 'if (fence_error) { break; }'
LOSAT/src/algorithm/tblastx/blast_engine/mod.rs:43 include/algo/blast/blastinput/blast_args.hpp:1290-1296: 3 line(s) not found, e.g. 'CMTArgs(...)'
LOSAT/src/algorithm/tblastx/blast_engine/mod.rs:95 src/algo/blast/core/link_hsps.c:553-558: 5 line(s) not found, e.g. 'if (sum_params->link_hsp_params) {'
LOSAT/src/algorithm/tblastx/blast_engine/mod.rs:209 src/algo/blast/core/blast_engine.c:1411-1475: 1 line(s) not found, e.g. '   status = s_BlastSearchEngineCore(..., &hsp_list, ...);'
LOSAT/src/algorithm/tblastx/blast_engine/mod.rs:442 src/algo/blast/core/blast_hits.c:1347-1353: 1 line(s) not found, e.g. '}'
LOSAT/src/algorithm/tblastx/blast_engine/run_impl.rs:31 src/algo/blast/core/aa_ungapped.c:492-505: 1 line(s) not found, e.g. '    hits = scansub(lookup_wrap, subject, offset_pairs, array_size, scan_range);'
LOSAT/src/algorithm/tblastx/blast_engine/run_impl.rs:54 src/algo/blast/core/blast_engine.c:221-251: 3 line(s) not found, e.g. '} else {'
LOSAT/src/algorithm/tblastx/blast_engine/run_impl.rs:117 src/algo/blast/core/blast_engine.c:221-310: 4 line(s) not found, e.g. 'subject->seq_ranges = subject->seq_ranges_allocated;'
LOSAT/src/algorithm/tblastx/blast_engine/run_impl.rs:160 include/algo/blast/core/blast_hits.h:190-192: 1 line(s) not found, e.g. '/** Size of overlap in splitting query or database sequence */'
LOSAT/src/algorithm/tblastx/blast_engine/run_impl.rs:167 src/algo/blast/core/blast_hits.c:1534-1539: 1 line(s) not found, e.g. '/** Maximal diagonal distance between HSP starting offsets, within which HSPs'
LOSAT/src/algorithm/tblastx/blast_engine/run_impl.rs:210 src/algo/blast/core/blast_engine.c:452-584: 3 line(s) not found, e.g. 'aux_struct->WordFinder(..., init_hitlist, ...);'
LOSAT/src/algorithm/tblastx/blast_engine/run_impl.rs:279 src/algo/blast/core/blast_engine.c:580-584: 2 line(s) not found, e.g. 'Blast_HSPListAdjustOffsets(hsp_list, backup.offset);'
LOSAT/src/algorithm/tblastx/blast_engine/run_impl.rs:358 src/algo/blast/core/blast_hits.c:1488-1533: 4 line(s) not found, e.g. 'static Boolean'
LOSAT/src/algorithm/tblastx/blast_engine/run_impl.rs:423 src/algo/blast/core/blast_hits.c:2857-2995: 4 line(s) not found, e.g. '   if (hsp1->subject.end > split_offsets[0]) { ... }'
LOSAT/src/algorithm/tblastx/blast_engine/run_impl.rs:501 src/algo/blast/core/blast_hits.c:3038-3051: 2 line(s) not found, e.g. 'void Blast_HSPListAdjustOffsets(BlastHSPList* hsp_list, Int4 offset)'
LOSAT/src/algorithm/tblastx/blast_engine/run_impl.rs:570 src/algo/blast/api/blast_setup_cxx.cpp:486-651: 3 line(s) not found, e.g. 'void'
LOSAT/src/algorithm/tblastx/blast_engine/run_impl.rs:1324 src/algo/blast/format/blast_format.cpp:68-93: 2 line(s) not found, e.g. 'CBlastFormat::CBlastFormat(..., CNcbiOstream& outfile, ...)'
LOSAT/src/algorithm/tblastx/blast_engine/run_impl.rs:1571 src/algo/blast/core/aa_ungapped.c:575-582: 3 line(s) not found, e.g. '    last_hit + wordsize, subject_offset, query_offset,'
LOSAT/src/algorithm/tblastx/blast_engine/run_impl.rs:1588 include/algo/blast/blastinput/blast_args.hpp:1290-1296: 3 line(s) not found, e.g. 'CMTArgs(...)'
LOSAT/src/algorithm/tblastx/blast_engine/run_impl.rs:1598 src/algo/blast/blastinput/blast_args.cpp:3205-3222: 1 line(s) not found, e.g. '} else {'
LOSAT/src/algorithm/tblastx/blast_engine/run_impl.rs:1623 src/algo/blast/core/blast_engine.c:1002-1003: 1 line(s) not found, e.g. 'status = s_BlastSetUpAuxStructures(..., aux_struct);'
LOSAT/src/algorithm/tblastx/blast_engine/run_impl.rs:1665 src/algo/blast/blastinput/blast_args.cpp:3265-3273: 1 line(s) not found, e.g. '#endif /* _BLAST_DEBUG */'
LOSAT/src/algorithm/tblastx/blast_engine/run_impl.rs:1701 src/algo/blast/api/blast_setup_cxx.cpp:486-651: 2 line(s) not found, e.g. 'SetupQueries_OMF(IBlastQuerySource& queries,'
LOSAT/src/algorithm/tblastx/blast_engine/run_impl.rs:1870 src/algo/blast/core/blast_engine.c:1409-1475: 1 line(s) not found, e.g. '   status = s_BlastSearchEngineCore(...);'
LOSAT/src/algorithm/tblastx/blast_engine/run_impl.rs:1878 src/algo/blast/core/blast_engine.c:452-584: 1 line(s) not found, e.g. '   status = Blast_HSPListsMerge(&hsp_list, &combined_hsp_list, ...);'
LOSAT/src/algorithm/tblastx/blast_engine/run_impl.rs:1983 src/algo/blast/core/blast_engine.c:1411-1475: 1 line(s) not found, e.g. '   status = s_BlastSearchEngineCore(..., &hsp_list, ...);'
LOSAT/src/algorithm/tblastx/blast_engine/run_impl.rs:2054 src/algo/blast/core/blast_engine.c:1411-1475: 1 line(s) not found, e.g. '   status = s_BlastSearchEngineCore(...);'
LOSAT/src/algorithm/tblastx/blast_engine/run_impl.rs:2062 src/algo/blast/core/blast_engine.c:1411-1475: 1 line(s) not found, e.g. '   status = s_BlastSearchEngineCore(...);'
LOSAT/src/algorithm/tblastx/blast_engine/run_impl.rs:2239 src/algo/blast/core/blast_parameters.c:360-374: 2 line(s) not found, e.g. '              MIN((Uint8)subj_length, (Uint8)query_length)*((Uint8)subj_length),'
LOSAT/src/algorithm/tblastx/blast_engine/run_impl.rs:2489 src/algo/blast/core/blast_engine.c:804-855: 2 line(s) not found, e.g. '   status = s_BlastSearchEngineOneContext(..., &hsp_list_for_chunks, ...);'
LOSAT/src/algorithm/tblastx/blast_engine/run_impl.rs:3011 src/algo/blast/core/aa_ungapped.c:614-614: 1 line(s) not found, e.g. '/* increment the offset in the diagonal array */'
LOSAT/src/algorithm/tblastx/blast_engine/run_impl.rs:3050 src/algo/blast/core/blast_engine.c:452-584: 3 line(s) not found, e.g. '   aux_struct->WordFinder(..., init_hitlist, ...);'
LOSAT/src/algorithm/tblastx/blast_engine/run_impl.rs:3113 src/algo/blast/core/blast_engine.c:452-584: 1 line(s) not found, e.g. '   status = Blast_HSPListsMerge(...);'
LOSAT/src/algorithm/tblastx/blast_engine/run_impl.rs:3218 src/algo/blast/core/blast_engine.c:452-584: 3 line(s) not found, e.g. '   aux_struct->WordFinder(..., init_hitlist, ...);'
LOSAT/src/algorithm/tblastx/blast_engine/run_impl.rs:3259 src/algo/blast/core/blast_engine.c:804-845: 1 line(s) not found, e.g. '    Blast_HSPListAppend(&hsp_list_for_chunks, &hsp_list_out, kHspNumMax);'
LOSAT/src/algorithm/tblastx/blast_engine/run_impl.rs:3283 src/algo/blast/core/blast_engine.c:561-584: 1 line(s) not found, e.g. 'Blast_HSPListsMerge(...);'
LOSAT/src/algorithm/tblastx/blast_engine/run_impl.rs:3413 src/algo/blast/core/blast_hits.c:1374-1381: 1 line(s) not found, e.g. '}'
LOSAT/src/algorithm/tblastx/blast_engine/run_impl.rs:3433 src/algo/blast/blastinput/blast_args.cpp:3265-3273: 1 line(s) not found, e.g. '#endif /* _BLAST_DEBUG */'
LOSAT/src/algorithm/tblastx/blast_engine/run_impl.rs:3510 src/algo/blast/core/link_hsps.c:553-558: 1 line(s) not found, e.g. '}'
LOSAT/src/algorithm/tblastx/blast_engine/run_impl.rs:3528 src/algo/blast/core/link_hsps.c:959-982: 2 line(s) not found, e.g. 'H->hsp->evalue = (best_evalue == -1) ? H->hsp->evalue :'
LOSAT/src/algorithm/tblastx/blast_engine/run_impl.rs:3564 src/algo/blast/blastinput/blast_args.cpp:3265-3273: 1 line(s) not found, e.g. '#endif /* _BLAST_DEBUG */'
LOSAT/src/algorithm/tblastx/blast_engine/run_impl.rs:3627 src/algo/blast/core/blast_hits.c:2708-2720: 2 line(s) not found, e.g. '    subject_start, hsp, score_params->options, &align_length, sbp);'
LOSAT/src/algorithm/tblastx/blast_engine/run_impl.rs:3659 src/algo/blast/core/blast_filter.c:1379-1404: 1 line(s) not found, e.g. 'Blast_MaskTheResidues(buffer, query_length, kIsNucl, ...);'
LOSAT/src/algorithm/tblastx/blast_engine/run_impl.rs:3665 src/algo/blast/core/blast_hits.c:699-700: 1 line(s) not found, e.g. 'query++;'
LOSAT/src/algorithm/tblastx/blast_engine/run_impl.rs:3786 src/algo/blast/core/blast_gapalign.c:4754-4767: 2 line(s) not found, e.g. 'Blast_HSPInit(ungapped_data->q_start, ...,'
LOSAT/src/algorithm/tblastx/blast_engine/run_impl.rs:3838 src/algo/blast/core/link_hsps.c:1018-1059: 1 line(s) not found, e.g. 'while (H->hsp_link.link[ordering_method]) { ... }'
LOSAT/src/algorithm/tblastx/blast_engine/run_impl.rs:3859 src/algo/blast/blastinput/blast_args.cpp:3265-3273: 1 line(s) not found, e.g. '#endif /* _BLAST_DEBUG */'
LOSAT/src/algorithm/tblastx/blast_engine/run_impl.rs:3900 src/algo/blast/core/blast_engine.c:1411-1497: 2 line(s) not found, e.g. 'while (...) {'
LOSAT/src/algorithm/tblastx/blast_engine/run_impl.rs:3915 src/algo/blast/core/blast_engine.c:1411-1475: 1 line(s) not found, e.g. '   status = s_BlastSearchEngineCore(...);'
LOSAT/src/algorithm/tblastx/blast_engine/run_impl.rs:3933 src/algo/blast/core/blast_engine.c:1411-1475: 1 line(s) not found, e.g. '   status = s_BlastSearchEngineCore(...);'
LOSAT/src/algorithm/tblastx/blast_engine/run_impl.rs:3958 src/algo/blast/api/blast_seqalign.cpp:1569-1577: 1 line(s) not found, e.g. '}'
LOSAT/src/algorithm/tblastx/blast_engine/run_impl.rs:3974 src/algo/blast/core/blast_engine.c:1411-1475: 1 line(s) not found, e.g. '   status = s_BlastSearchEngineCore(...);'
LOSAT/src/algorithm/tblastx/blast_engine/run_impl.rs:4011 src/algo/blast/core/blast_engine.c:1411-1475: 2 line(s) not found, e.g. 'while (...) {'
LOSAT/src/algorithm/tblastx/blast_engine/run_impl.rs:4036 src/algo/blast/core/blast_engine.c:1411-1475: 2 line(s) not found, e.g. 'while (...) {'
LOSAT/src/algorithm/tblastx/blast_engine/run_impl.rs:4058 src/algo/blast/core/blast_engine.c:1411-1475: 2 line(s) not found, e.g. 'while (...) {'
LOSAT/src/algorithm/tblastx/blast_engine/run_impl.rs:4085 src/algo/blast/core/blast_engine.c:1411-1475: 2 line(s) not found, e.g. 'while (...) {'
LOSAT/src/algorithm/tblastx/blast_engine/run_impl.rs:4110 src/algo/blast/api/blast_seqalign.cpp:1569-1577: 1 line(s) not found, e.g. '}'
LOSAT/src/algorithm/tblastx/blast_engine/run_impl.rs:4128 src/algo/blast/core/blast_engine.c:1409-1427: 1 line(s) not found, e.g. '   status = s_BlastSearchEngineCore(...);'
LOSAT/src/algorithm/tblastx/blast_engine/run_impl.rs:4175 src/algo/blast/core/blast_engine.c:1411-1497: 2 line(s) not found, e.g. 'while (...) {'
LOSAT/src/algorithm/tblastx/blast_engine/run_impl.rs:4330 src/algo/blast/core/blast_hits.c:2857-2995: 3 line(s) not found, e.g. 'if (hsp1->subject.end > split_offsets[0]) { ... }'
LOSAT/src/algorithm/tblastx/blast_engine/run_impl.rs:4400 src/algo/blast/core/blast_hits.c:2857-2995: 2 line(s) not found, e.g. '   if (hsp1->subject.end > split_offsets[0]) { ... }'
LOSAT/src/algorithm/tblastx/blast_engine/run_impl.rs:4417 src/algo/blast/core/blast_hits.c:2857-2995: 1 line(s) not found, e.g. '   if (hsp2->subject.offset < split_offsets[0] + chunk_overlap_size) { ... }'
LOSAT/src/algorithm/tblastx/blast_engine/run_impl.rs:4433 src/algo/blast/core/blast_hits.c:1488-1533: 2 line(s) not found, e.g. 'if(hsp1->subject.frame != hsp2->subject.frame) return FALSE;'
LOSAT/src/algorithm/tblastx/blast_engine/run_impl.rs:4455 src/algo/blast/core/blast_hits.c:1488-1533: 1 line(s) not found, e.g. 'if(hsp1->subject.frame != hsp2->subject.frame) return FALSE;'
LOSAT/src/algorithm/tblastx/blast_engine/run_impl.rs:4498 src/algo/blast/core/blast_aascan.c:83-127: 1 line(s) not found, e.g. 'for (s = s_first; s <= s_last; s++) { ... }'
LOSAT/src/algorithm/tblastx/lookup/compressed.rs:49 src/algo/blast/core/blast_aalookup.c:763-775: 1 line(s) not found, e.g. 'lookup->overflow_banks[bank_idx] = (CompressedOverflowCell*) malloc(...);'
LOSAT/src/algorithm/tblastx/lookup/compressed.rs:64 include/algo/blast/core/blast_aalookup.h:210-231: 1 line(s) not found, e.g. '    union { Int4 query_offsets[4]; CompressedMixedOffsets overflow_list; } payload;'
LOSAT/src/algorithm/tblastx/lookup/compressed.rs:85 src/algo/blast/core/blast_aalookup.c:787-801: 1 line(s) not found, e.g. 'switch (num_entries) { case 0: ... case 1: ... }'
LOSAT/src/algorithm/tblastx/lookup/compressed.rs:97 include/algo/blast/core/blast_aalookup.h:221-231: 1 line(s) not found, e.g. '    union { ... } payload;'
LOSAT/src/algorithm/tblastx/lookup/compressed.rs:142 src/algo/blast/core/blast_aascan.c:270-278: 3 line(s) not found, e.g. 'scaled_compress_table = lookup->scaled_compress_table;'
LOSAT/src/algorithm/tblastx/lookup/compressed.rs:176 src/algo/blast/core/blast_aalookup.c:1289-1320: 1 line(s) not found, e.g. 'lookup->backbone = calloc(lookup->backbone_size, sizeof(...));'
LOSAT/src/algorithm/tblastx/lookup/compressed.rs:225 src/algo/blast/core/blast_aalookup.c:753-775: 2 line(s) not found, e.g. 'if (lookup->curr_overflow_cell == COMPRESSED_OVERFLOW_CELLS_IN_BANK) {'
LOSAT/src/algorithm/tblastx/lookup/compressed.rs:266 src/algo/blast/core/blast_aalookup.c:782-849: 3 line(s) not found, e.g. 'case 1: case 2: case 3: case 4:'
LOSAT/src/algorithm/tblastx/lookup/compressed.rs:360 src/algo/blast/core/blast_aalookup.c:859-909: 1 line(s) not found, e.g. '    index = w[0] + W7p1[w[1]] + ... + W7p6[w[6]];'
LOSAT/src/algorithm/tblastx/lookup/compressed.rs:409 src/algo/blast/core/blast_aalookup.c:1071-1110: 4 line(s) not found, e.g. 'score = info->row_max[w[0]];'
LOSAT/src/algorithm/tblastx/lookup/compressed.rs:468 src/algo/blast/core/blast_aalookup.c:1008-1053: 1 line(s) not found, e.g. '        s_CompressedLookupAddEncoded(lookup, subject_word, query_offset);'
LOSAT/src/algorithm/tblastx/lookup/compressed.rs:572 src/algo/blast/core/blast_aascan.c:343-384: 2 line(s) not found, e.g. '} else {'
LOSAT/src/algorithm/tblastx/lookup/compressed.rs:646 src/algo/blast/core/blast_aascan.c:343-384: 1 line(s) not found, e.g. '} else { ... while (curr_cell != NULL) { ... } }'
LOSAT/src/algorithm/tblastx/lookup/compressed.rs:733 src/algo/blast/core/blast_aascan.c:229-384: 3 line(s) not found, e.g. '        index = s_ComputeCompressedIndex(word_length - 1, s, ...);'
LOSAT/src/algorithm/tblastx/lookup/compressed.rs:834 src/algo/blast/core/blast_aascan.c:278-300: 3 line(s) not found, e.g. '    for(skip = word_length-1; skip && (s <= s_last) ; s++){ ... }'
LOSAT/src/algorithm/tblastx/lookup/compressed.rs:888 src/algo/blast/core/blast_aascan.c:373-378: 2 line(s) not found, e.g. 's_range[1] = (Int4)(s - subject->sequence);'
LOSAT/src/algorithm/tblastx/lookup/compressed.rs:908 src/algo/blast/core/blast_aalookup.c:1182-1242: 2 line(s) not found, e.g. 'pv = lookup->pv = calloc((lookup->backbone_size >> pv_array_bts) + 1,'
LOSAT/src/algorithm/tblastx/lookup/compressed.rs:988 src/algo/blast/core/blast_aascan.c:272-274: 1 line(s) not found, e.g. 'preshift = (Int4)((((Int8)index) * recip) >> 32);'
LOSAT/src/algorithm/tblastx/lookup/compressed.rs:999 src/algo/blast/core/blast_aalookup.c:969-998: 1 line(s) not found, e.g. '    for (shortChar = 0; shortChar < info->compressed_alphabet_size; shortChar++) {'
LOSAT/src/algorithm/tblastx/lookup/compressed.rs:1053 src/algo/blast/core/blast_aalookup.c:1289-1299: 1 line(s) not found, e.g. '    lookup->reciprocal_alphabet_size = 429496730;'
LOSAT/src/algorithm/tblastx/lookup/compressed.rs:1163 src/algo/blast/core/blast_stat.c:4818-4858: 2 line(s) not found, e.g. '        if (aa < 0) break;'
LOSAT/src/algorithm/tblastx/lookup/compressed.rs:1196 src/algo/blast/core/blast_stat.c:4886-4937: 1 line(s) not found, e.g. '            if (aa < 0) break;'
LOSAT/src/algorithm/tblastx/lookup/compressed.rs:1287 src/algo/blast/core/blast_aalookup.c:1339-1347: 1 line(s) not found, e.g. '}'
LOSAT/src/algorithm/tblastx/lookup/compressed.rs:1316 src/algo/blast/core/blast_aalookup.c:1339-1347: 2 line(s) not found, e.g. 'lookup->scaled_compress_table = (Int4 *)malloc('
LOSAT/src/algorithm/tblastx/lookup/compressed.rs:1324 src/algo/blast/core/blast_aascan.c:270-278: 2 line(s) not found, e.g. 'scaled_compress_table = lookup->scaled_compress_table;'
LOSAT/src/algorithm/tblastx/lookup/compressed.rs:1390 include/algo/blast/core/blast_aalookup.h:304-322: 1 line(s) not found, e.g. 'return index;'
LOSAT/src/algorithm/tblastx/lookup/compressed.rs:1425 include/algo/blast/core/blast_aalookup.h:304-322: 1 line(s) not found, e.g. 'return index;'
LOSAT/src/algorithm/tblastx/lookup/compressed.rs:1458 include/algo/blast/core/blast_lookup.h:49-57: 4 line(s) not found, e.g. '#define PV_SET(lookup, index, pv_array_bts) \\'
LOSAT/src/algorithm/tblastx/lookup/compressed.rs:1470 include/algo/blast/core/blast_lookup.h:49-57: 2 line(s) not found, e.g. '#define PV_SET(lookup, index, pv_array_bts) \\'
LOSAT/src/algorithm/tblastx/lookup/compressed.rs:1545 src/algo/blast/core/blast_aalookup.c:859-929: 1 line(s) not found, e.g. 's_CompressedLookupAddEncoded(lookup, subject_word, query_offset);'
LOSAT/src/algorithm/tblastx/lookup/compressed.rs:1576 src/algo/blast/core/blast_aascan.c:322-384: 1 line(s) not found, e.g. '    totalhits += numhits;'
LOSAT/src/algorithm/tblastx/lookup/compressed.rs:1630 src/algo/blast/core/blast_aascan.c:373-378: 4 line(s) not found, e.g. 'else {'
LOSAT/src/blastinput/value_parsers.rs:5 src/algo/blast/blastinput/blast_args.cpp:410-420: 4 line(s) not found, e.g. 'if (dust_opts == kDfltArgNoFiltering) { opt.SetDustFiltering(false); }'
LOSAT/src/cli.rs:55 src/algo/blast/blastinput/blast_args.cpp:166-349: 3 line(s) not found, e.g. 'arg_desc.AddOptionalKey(kArgWordSize, "int_value", description, CArgDescriptions::eInteger);'
LOSAT/src/report/pairwise.rs:155 src/algo/blast/format/blast_format.cpp:2248-2285: 3 line(s) not found, e.g. '          << options.GetWordThreshold() << "\\n";'
LOSAT/src/report/pairwise.rs:1038 src/algo/blast/format/blastfmtutil.cpp:73-111: 2 line(s) not found, e.g. 'if (m_Program == "psiblast" || m_Program == "blastp") {'
LOSAT/src/report/pairwise.rs:1045 src/algo/blast/api/version.cpp:46-69: 2 line(s) not found, e.g. '"Stephen F. Altschul, Thomas L. Madden, Alejandro A. Schaffer, ..."'
LOSAT/src/report/pairwise.rs:1099 src/algo/blast/format/blastfmtutil.cpp:125-138: 3 line(s) not found, e.g. 'out << "           " << NStr::IntToString(nNumSeqs,NStr::fWithCommas)'
LOSAT/src/report/pairwise.rs:1318 src/algo/blast/format/blast_format.cpp:445-477: 3 line(s) not found, e.g. '    CBlastFormatUtil::PrintKAParameters(..., false, gbp);'
LOSAT/src/report/pairwise.rs:1450 src/objtools/align_format/align_format_util.cpp:503-579: 2 line(s) not found, e.g. 'out << NStr::Int8ToString(dbinfo->total_length, NStr::fWithCommas) << "\\n";'
LOSAT/src/report/pairwise.rs:1460 src/algo/blast/format/blast_format.cpp:2258-2285: 3 line(s) not found, e.g. '        << options.GetWordThreshold() << "\\n";'
LOSAT/src/report/pairwise.rs:1532 src/algo/blast/format/blast_format.cpp:372-424: 3 line(s) not found, e.g. 'CBlastFormatUtil::BlastPrintVersionInfo(m_Program, m_IsHTML, m_Outfile);'
LOSAT/src/report/pairwise.rs:2050 src/algo/blast/format/blast_format.cpp:451-478: 3 line(s) not found, e.g. '        CBlastFormatUtil::PrintKAParameters(kbp_ungap->Lambda, kbp_ungap->K,'
LOSAT/src/report/pairwise.rs:3075 src/objtools/align_format/showalign.cpp:1408-1469: 1 line(s) not found, e.g. 'void CDisplaySeqalign::x_DisplayRowData(SAlnRowInfo *alnRoInfo, CNcbiOstream& out)'
LOSAT/src/report/pairwise.rs:3098 src/algo/blast/format/blast_format.cpp:790-803: 1 line(s) not found, e.g. 'tabinfo.PrintHeader(..., dbname, ...);'
LOSAT/src/report/pairwise.rs:3128 src/objtools/align_format/showalign.cpp:2278-2315: 1 line(s) not found, e.g. 'string CDisplaySeqalign::x_PrintDefLine(...)'
LOSAT/src/web_api.rs:29 src/algo/blast/api/blast_setup_cxx.cpp:606-617: 2 line(s) not found, e.g. 'sequence = queries.GetBlastSequence(index, encoding,'
LOSAT/src/web_api.rs:38 src/algo/blast/core/blast_engine.c:1407-1427: 1 line(s) not found, e.g. 'while ((seq_arg.oid = BlastSeqSrcIteratorNext(seq_src, itr)) != BLAST_SEQSRC_EOF) {'
LOSAT/src/web_api.rs:161 src/algo/blast/api/blast_setup_cxx.cpp:486-651: 2 line(s) not found, e.g. 'SetupQueries_OMF(IBlastQuerySource& queries,'
LOSAT/src/web_api.rs:179 src/algo/blast/blastinput/cmdline_flags.cpp:46-94: 2 line(s) not found, e.g. 'const string kArgOutputFormat("outfmt");'
LOSAT/src/web_api.rs:213 src/algo/blast/blastinput/blast_args.cpp:3205-3222: 1 line(s) not found, e.g. '} else {'
LOSAT/src/web_api.rs:342 src/algo/blast/blastinput/tblastx_args.cpp:66-118: 1 line(s) not found, e.g. 'arg.Reset(new CFormattingArgs);'
LOSAT/src/web_api.rs:430 src/algo/blast/blastinput/blast_args.cpp:825-886: 5 line(s) not found, e.g. "case '0': case 'F': case 'f': compo_mode = eNoCompositionBasedStats; break;"
LOSAT/src/web_api.rs:464 src/algo/blast/blastinput/blastp_args.cpp:71-115: 2 line(s) not found, e.g. 'arg.Reset(new CGenericSearchArgs(kQueryIsProtein, false, false, false, false, true));'
LOSAT/src/web_api.rs:682 src/algo/blast/api/blast_setup_cxx.cpp:486-651: 2 line(s) not found, e.g. 'SetupQueries_OMF(IBlastQuerySource& queries,'
LOSAT/src/web_api.rs:705 src/algo/blast/blastinput/blastp_args.cpp:71-115: 1 line(s) not found, e.g. 'arg.Reset(new CFormattingArgs);'
LOSAT/src/web_api.rs:763 src/algo/blast/api/blast_setup_cxx.cpp:606-617: 2 line(s) not found, e.g. 'sequence = queries.GetBlastSequence(index, encoding,'
LOSAT/src/web_api.rs:772 src/algo/blast/core/blast_engine.c:1407-1427: 1 line(s) not found, e.g. 'while ((seq_arg.oid = BlastSeqSrcIteratorNext(seq_src, itr)) != BLAST_SEQSRC_EOF) {'
LOSAT/src/web_api.rs:866 src/algo/blast/api/blast_setup_cxx.cpp:486-651: 2 line(s) not found, e.g. 'SetupQueries_OMF(IBlastQuerySource& queries,'
LOSAT/src/web_api.rs:901 src/algo/blast/core/blast_engine.c:1407-1427: 1 line(s) not found, e.g. 'while ((seq_arg.oid = BlastSeqSrcIteratorNext(seq_src, itr)) != BLAST_SEQSRC_EOF) {'
LOSAT/src/web_api.rs:1057 src/algo/blast/api/blast_setup_cxx.cpp:486-651: 2 line(s) not found, e.g. 'SetupQueries_OMF(IBlastQuerySource& queries,'
LOSAT/src/web_api.rs:1194 src/algo/blast/core/blast_engine.c:1407-1427: 1 line(s) not found, e.g. 'while ((seq_arg.oid = BlastSeqSrcIteratorNext(seq_src, itr)) != BLAST_SEQSRC_EOF) {'
LOSAT/tests/cli_smoke.rs:56 src/algo/blast/blastinput/tblastx_args.cpp:47-52: 1 line(s) not found, e.g. 'm_ClientId = string(kProgram) + " " + CBlastVersion().Print();'
LOSAT/tests/cli_smoke.rs:230 src/algo/blast/blastinput/blast_args.cpp:3265-3273: 1 line(s) not found, e.g. '#endif /* _BLAST_DEBUG */'
LOSAT/tests/run_local_tblastn.rs:69 src/algo/blast/format/blast_format.cpp:1443-1451: 1 line(s) not found, e.g. 'if (results.HasWarnings()) ERR_POST(Warning << results.GetWarningStrings());'
LOSAT/tests/unit/tblastx/run_engine.rs:88 src/algo/blast/blastinput/blast_args.cpp:3265-3273: 1 line(s) not found, e.g. '#endif /* _BLAST_DEBUG */'
LOSAT/tests/unit/tblastx/run_engine.rs:176 src/algo/blast/core/blast_engine.c:452-584: 1 line(s) not found, e.g. 'status = Blast_HSPListsMerge(&hsp_list, &combined_hsp_list, ...);'
LOSAT/tests/unit/tblastx/run_engine.rs:277 src/algo/blast/core/aa_ungapped.c:614-614: 1 line(s) not found, e.g. '/* increment the offset in the diagonal array */'
LOSAT/tests/unit/tblastx/run_engine.rs:299 src/algo/blast/core/blast_engine.c:452-584: 1 line(s) not found, e.g. 'aux_struct->WordFinder(..., init_hitlist, ...);'
exit 0
