
> losat-web@0.0.0 e2e
> playwright test --reporter=list

[WebServer] [PLUGIN_TIMINGS] JavaScript callbacks ran for 2.5s of this 3.3s build (76%).
[WebServer] 1 callback is listed without a time. Its calls overlapped, so the time inside one call includes work from other calls. To find its cost, profile the build with `node --cpu-prof`:
[WebServer]   - plugin vite:worker-import-meta-url transform (2 calls)
[WebServer] See https://rolldown.rs/reference/InputOptions.checks#bundlertimings for more details.
[WebServer] 

Running 138 tests using 2 workers

  -    2 [chromium] › tests/e2e/browsers.spec.ts:34:3 › BlockStore contract: opfs store in a dedicated worker (without storage full)
  -    1 [chromium] › tests/e2e/browsers.spec.ts:49:1 › run output contract: a writer in its own worker and the real Data worker (without storage full)
  -    3 [chromium] › tests/e2e/browsers.spec.ts:34:3 › BlockStore contract: memory store in a dedicated worker (without storage full)
  -    4 [chromium] › tests/e2e/browsers.spec.ts:59:1 › the application keeps results in OPFS, or in memory with the reason shown
[PLUGIN_TIMINGS] JavaScript callbacks ran for 2.7s of this 3.4s build (79%).
1 callback is listed without a time. Its calls overlapped, so the time inside one call includes work from other calls. To find its cost, profile the build with `node --cpu-prof`:
  - plugin vite:worker-import-meta-url transform (4 calls)
See https://rolldown.rs/reference/InputOptions.checks#bundlertimings for more details.

[PLUGIN_TIMINGS] JavaScript callbacks ran for 2.6s of this 3.4s build (78%).
1 callback is listed without a time. Its calls overlapped, so the time inside one call includes work from other calls. To find its cost, profile the build with `node --cpu-prof`:
  - plugin vite:worker-import-meta-url transform (4 calls)
See https://rolldown.rs/reference/InputOptions.checks#bundlertimings for more details.

pass [opfs] write and seal: a block reads back exactly the bytes appended to it
pass [opfs] read: any range of a sealed block, and nothing beyond its end
pass [opfs] write: the store keeps a copy, so the caller may reuse its buffer
pass [opfs] staging: a block cannot be read before it is sealed
pass [opfs] seal: a sealed block takes no more bytes and cannot be sealed again
pass [run output] every stream arrives in order and the run commits
pass [opfs] discard: a staged or sealed block disappears and its bytes are freed
pass [opfs] create: a path that exists cannot be created again
pass [opfs] removeAll: removes one directory, sealed or not, and leaves the rest
pass [opfs] paths: empty and relative names are rejected
pass [opfs] an empty block can be sealed and read
pass [run output] many small chunks and one large chunk arrive unchanged
pass [run output] a run without output commits with empty outputs
pass [run output] staging: a run cannot be read before it is committed, and the commit waits for end
pass [run output] an end whose totals disagree fails the commit and discards the run
pass [opfs] a large block: 48 MiB in 1 MiB appends reads back unchanged
pass [run output] a message outside the protocol fails the commit
pass [opfs] storage full: an append fails with StorageFullError, the block can only be discarded, and sealed blocks stay readable
  ✓    6 [chromium] › tests/e2e/contracts.spec.ts:32:3 › BlockStore contract: opfs store in a dedicated worker (3.3s)
pass [run output] discard drops a staged run and ignores its late chunks
pass [memory] write and seal: a block reads back exactly the bytes appended to it
pass [memory] read: any range of a sealed block, and nothing beyond its end
pass [memory] write: the store keeps a copy, so the caller may reuse its buffer
pass [memory] staging: a block cannot be read before it is sealed
pass [memory] seal: a sealed block takes no more bytes and cannot be sealed again
pass [memory] discard: a staged or sealed block disappears and its bytes are freed
pass [memory] create: a path that exists cannot be created again
pass [memory] removeAll: removes one directory, sealed or not, and leaves the rest
pass [memory] paths: empty and relative names are rejected
pass [memory] an empty block can be sealed and read
pass [run output] a committed run is kept by discard and removed by delete
pass [memory] a large block: 48 MiB in 1 MiB appends reads back unchanged
pass [memory] storage full: an append fails with StorageFullError, the block can only be discarded, and sealed blocks stay readable
  ✓    7 [chromium] › tests/e2e/contracts.spec.ts:32:3 › BlockStore contract: memory store in a dedicated worker (673ms)
pass [run output] two staged runs keep their outputs apart
pass [run output] the writer refuses to write after end
pass [run output] storage full: the run fails with the reason, and committed runs stay readable
  ✓    5 [chromium] › tests/e2e/contracts.spec.ts:40:1 › run output contract: a writer in its own worker and the real Data worker (OPFS) (6.1s)
[PLUGIN_TIMINGS] JavaScript callbacks ran for 3.3s of this 3.7s build (88%).
The slowest callbacks, timed inside each callback (the wait before a callback starts is excluded, the time it awaits is included):
  - plugin vite:build-html transform (46%, 1.7s, 1 call)
Additional callback time came from the callbacks below and from callbacks under 1s.
1 callback is listed without a time. Its calls overlapped, so the time inside one call includes work from other calls. To find its cost, profile the build with `node --cpu-prof`:
  - plugin vite:worker-import-meta-url transform (4 calls)
See https://rolldown.rs/reference/InputOptions.checks#bundlertimings for more details.

pass [record scanner] scan: one record with regular lines (LF)
pass [record scanner] scan: CRLF line ends
pass [record scanner] scan: lines of different lengths
pass [record scanner] scan: several records, the last without a final newline
pass [record scanner] scan: a blank line inside a sequence
pass [record scanner] scan: interior white space belongs to the sequence, trailing white space does not
pass [record scanner] scan: a non-ASCII header
pass [record scanner] scan: residues keep their case
pass [record scanner] scan: a record without residues
pass [record scanner] scan: an empty record ends the input (bio stops reading there)
pass [record scanner] scan: a header line without a newline at the end of the input
pass [record scanner] scan: an empty input has no records
pass [record scanner] scan: a U+FEFF at the start of a header is part of the ID
pass [record scanner] scan: bytes after the empty record that ends the input are not read
pass [record scanner] scan: a long record (4 checkpoints) with lines of 60 and 61 residues
pass [record scanner] scan: a long record with regular 80-residue lines
pass [record scanner] scan: the parser's error for text before the first header
pass [record scanner] scan: the parser's error for a blank line before the first header
pass [record scanner] scan: the parser's error for white space only
pass [record scanner] scan: the parser's error for a first line that is not a header, before bytes that are not UTF-8
pass [record scanner] scan: the parser's error for bytes that are not UTF-8
pass [record scanner] scan: a multi-byte character split across chunks
pass [record scanner] scan: parser kind 1 is refused until SX
  ✓    8 [chromium] › tests/e2e/engine.spec.ts:94:1 › record scanner contract: the serial reactor (467ms)
pass [engine input] register: the run proceeds when the record tables agree
pass [engine input] register: a query record with another ID stops the run before any output
pass [engine input] register: a subject record with another length stops the run before any output
pass [engine input] register: a missing record stops the run before any output
  ✓   10 [chromium] › tests/e2e/engine.spec.ts:102:3 › engine input contract: the real EngineGateway at 1 thread(s) (1.1s)
pass [engine input] register: the run proceeds when the record tables agree
[PLUGIN_TIMINGS] JavaScript callbacks ran for 3.0s of this 3.7s build (81%).
1 callback is listed without a time. Its calls overlapped, so the time inside one call includes work from other calls. To find its cost, profile the build with `node --cpu-prof`:
  - plugin vite:worker-import-meta-url transform (4 calls)
See https://rolldown.rs/reference/InputOptions.checks#bundlertimings for more details.

pass [engine input] register: a query record with another ID stops the run before any output
pass [engine input] register: a subject record with another length stops the run before any output
multi.blastn n=1: subject registered
multi.megablast n=1: subject retained
iupac.beyond_table.blastn n=1: subject retained
rna.megablast n=1: subject retained
multi.mts3.blastn n=1: subject retained
multi.ws7_e1000.blastn n=4: subject registered
multi.besthit.blastn n=4: subject retained
pass [engine input] register: a missing record stops the run before any output
  ✓   11 [chromium] › tests/e2e/engine.spec.ts:102:3 › engine input contract: the real EngineGateway at 4 thread(s) (1.1s)
tblastx.multi n=1: subject registered
pass [run output, Engine worker] every stream arrives in order and the run commits
tblastx.batch n=1: subject retained
tblastx.mts1 n=4: subject registered
tblastx.thrwin n=4: subject retained
pass [run output, Engine worker] many small chunks and one large chunk arrive unchanged
pass [run output, Engine worker] a run without output commits with empty outputs
pass [run output, Engine worker] staging: a run cannot be read before it is committed, and the commit waits for end
pass [run output, Engine worker] an end whose totals disagree fails the commit and discards the run
pass [run output, Engine worker] a message outside the protocol fails the commit
pass [run output, Engine worker] discard drops a staged run and ignores its late chunks
pass [run output, Engine worker] a committed run is kept by discard and removed by delete
pass [run output, Engine worker] two staged runs keep their outputs apart
pass [run output, Engine worker] the writer refuses to write after end
FAIL [run output, Engine worker] storage full: the run fails with the reason, and committed runs stay readable: ContractError: commit: expected a rejection matching /StorageFullError: Not enough temporary storage/, but it resolved
  ✓   12 [chromium] › tests/e2e/engine.spec.ts:129:1 › run output contract: the writer in the Engine worker, the real Data worker (without storage full) (1.3s)
completed compact.blastn n=1 n=1 174 ms
completed compact.blastn n=2 n=2 66 ms
completed compact.blastn n=4 n=4 51 ms
completed multi.blastn n=1 n=1 47 ms
completed multi.blastn n=2 n=2 45 ms
completed multi.blastn n=4 n=4 51 ms
completed mask.lcase.megablast n=1 n=1 34 ms
completed mask.lcase.megablast n=2 n=2 37 ms
completed mask.lcase.megablast n=4 n=4 35 ms
completed width.blastp n=1 n=1 50 ms
completed width.blastp n=2 n=2 51 ms
completed width.blastp n=4 n=4 40 ms
completed width.tblastn n=1 n=1 35 ms
completed width.tblastn n=2 n=2 38 ms
completed width.tblastn n=4 n=4 40 ms
  ✓    9 [chromium] › tests/e2e/engine.spec.ts:171:1 › R1: searches of one subject with other queries and options reuse it and give the expected bytes (3.2s)
completed tblastx.multi n=1 n=1 124 ms
completed tblastx.multi n=2 n=2 149 ms
completed tblastx.multi n=4 n=4 107 ms
completed tblastn.code4 n=1 n=1 41 ms
completed tblastn.code4 n=2 n=2 44 ms
completed tblastn.code4 n=4 n=4 46 ms
completed tblastn.batches n=1 n=1 805 ms
completed tblastn.batches n=2 n=2 709 ms
completed tblastn.batches n=4 n=4 747 ms
completed tblastx.threaded-direct n=1 n=1 55 ms
completed tblastx.threaded-direct n=2 n=2 57 ms
completed tblastx.threaded-direct n=4 n=4 60 ms
completed tblastn.query_batches n=2 n=2 4595 ms
  ✓   13 [chromium] › tests/e2e/engine.spec.ts:138:1 › V-BR: searches through the application give the expected bytes at 1, 2 and 4 threads (6.5s)
  -   15 [chromium] › tests/e2e/measure.spec.ts:207:1 › dw8: the share of a warm search that subject-only preprocessing can take
  -   16 [chromium] › tests/e2e/measure.spec.ts:238:1 › memory: the linear memory of one instance over repeated searches
  -   17 [chromium] › tests/e2e/measure.spec.ts:272:1 › auto: the search phase at 1, 2 and 4 threads by input size
  -   18 [chromium] › tests/e2e/measure.spec.ts:298:1 › cancel: the time to cancel and to prepare the next search in a new runtime
  -   19 [chromium] › tests/e2e/screens.spec.ts:36:3 › search screen at the desktop size
  -   20 [chromium] › tests/e2e/screens.spec.ts:36:3 › search screen at the phone size
  -   21 [chromium] › tests/e2e/search-measure.spec.ts:90:1 › index, check, exclusion and queueing of many records
  ✓   22 [chromium] › tests/e2e/search.spec.ts:100:1 › a file is summarized with its records, not put in the paste box; files can also be dropped (449ms)
  ✓   23 [chromium] › tests/e2e/search.spec.ts:128:1 › records: duplicate IDs by number, the engine refuses a record, exclusion, and a run after exclusion (4.1s)
  ✓   24 [chromium] › tests/e2e/search.spec.ts:164:1 › the same subject, another query: the engine keeps the subject (R1) (3.1s)
  ✓   25 [chromium] › tests/e2e/search.spec.ts:182:1 › several runs in the queue; the next job is edited while one runs; separate searches as a group (2.5s)
  ✓   26 [chromium] › tests/e2e/search.spec.ts:240:1 › cancel a running search; the next one runs (1.9s)
completed tblastn.query_batches n=4 n=4 4710 ms
  ✓   14 [chromium] › tests/e2e/engine.spec.ts:213:1 › a search that builds one thread pool after another runs threaded from a new runtime (19.7s)
cancel n=1: cancelled in 2 ms; next search prepared in 17 ms
  ✓   27 [chromium] › tests/e2e/search.spec.ts:256:1 › the region of a role with one record: the drag, the fields, the limits and the argv (3.4s)
cancel n=4: cancelled in 3 ms; next search prepared in 31 ms
  ✓   28 [chromium] › tests/e2e/engine.spec.ts:238:1 › a cancelled search ends its runtime; the next search runs in a new one with the expected bytes (1.4s)
renewed 0 n=1: subject registered
renewed 1 n=1: subject retained
renewed 2 n=4: subject registered
renewed 3 n=4: subject retained
renewed 0 n=1: subject registered
renewed 1 n=1: subject registered
renewed 2 n=4: subject registered
renewed 3 n=4: subject registered
  ✓   30 [chromium] › tests/e2e/engine.spec.ts:267:1 › a runtime renewed after every search gives the same bytes and registers the subject again (737ms)
completed compact.blastn n=4 n=4 202 ms
  ✓   31 [chromium] › tests/e2e/engine.spec.ts:290:1 › without cross-origin isolation, a threaded search runs on the serial module with the reason (317ms)
  ✓   29 [chromium] › tests/e2e/search.spec.ts:309:1 › the options form: the engine's defaults are not written; tasks, templates and genetic codes (4.8s)
  ✓   32 [chromium] › tests/e2e/search.spec.ts:351:1 › the engine's refusals of option values are shown as the engine writes them, and nothing is queued (4.4s)
  ✓   34 [chromium] › tests/e2e/search.spec.ts:401:1 › the sequence kind warning is an estimate and does not change the program (1.0s)
  ✓   33 [chromium] › tests/e2e/search.spec.ts:377:1 › empty inputs, every record excluded, a sequence without a defline, and BLASTX (2.9s)
  ✓   36 [chromium] › tests/e2e/search.spec.ts:471:1 › narrow screens put the inputs and the queue one under the other, without horizontal scrolling (616ms)
  ✓   37 [chromium] › tests/e2e/smoke.spec.ts:4:1 › the page is cross-origin isolated, so the threaded engine can use shared memory (148ms)
  ✓   35 [chromium] › tests/e2e/search.spec.ts:413:3 › leaving and returning › the wake lock is held during a search; the page warns before it is left; the state is checked on return (2.1s)
  ✓   39 [chromium] › tests/e2e/smoke.spec.ts:37:1 › a BLASTN query of white space only is refused with the index scan error, before it is queued (297ms)
  ✓   38 [chromium] › tests/e2e/smoke.spec.ts:10:1 › paste, queue, run, view and export with the engine (813ms)
  ✓   40 [chromium] › tests/e2e/storage.spec.ts:24:1 › a tab keeps its outputs in OPFS under tmp/<session>/runs/<run>/, named by tokens only (2.8s)
  ✓   41 [chromium] › tests/e2e/storage.spec.ts:47:3 › the next tab removes the data of a tab that is killed, and keeps its own (5.3s)
  ✓   42 [chromium] › tests/e2e/storage.spec.ts:47:3 › the next tab removes the data of a tab that is closed, and keeps its own (5.3s)
  ✓   44 [chromium] › tests/e2e/storage.spec.ts:107:1 › two tabs that start at the same time remove an abandoned session once and keep each other (3.9s)
  ✓   43 [chromium] › tests/e2e/storage.spec.ts:80:1 › two open tabs, started one after the other, never remove each other's data (6.5s)
  ✓   46 [chromium] › tests/e2e/storage.spec.ts:147:1 › a run that runs out of storage fails with the reason; earlier results stay and later runs work (3.8s)
  ✓   45 [chromium] › tests/e2e/storage.spec.ts:128:1 › a stopped (frozen) tab keeps its data while another tab starts (3.9s)
[PLUGIN_TIMINGS] JavaScript callbacks ran for 2.6s of this 3.1s build (83%).
1 callback is listed without a time. Its calls overlapped, so the time inside one call includes work from other calls. To find its cost, profile the build with `node --cpu-prof`:
  - plugin vite:worker-import-meta-url transform (4 calls)
See https://rolldown.rs/reference/InputOptions.checks#bundlertimings for more details.

[PLUGIN_TIMINGS] JavaScript callbacks ran for 3.3s of this 3.9s build (85%).
1 callback is listed without a time. Its calls overlapped, so the time inside one call includes work from other calls. To find its cost, profile the build with `node --cpu-prof`:
  - plugin vite:worker-import-meta-url transform (4 calls)
See https://rolldown.rs/reference/InputOptions.checks#bundlertimings for more details.

pass [opfs] write and seal: a block reads back exactly the bytes appended to it
pass [opfs] read: any range of a sealed block, and nothing beyond its end
pass [opfs] write: the store keeps a copy, so the caller may reuse its buffer
pass [opfs] staging: a block cannot be read before it is sealed
pass [opfs] seal: a sealed block takes no more bytes and cannot be sealed again
pass [opfs] discard: a staged or sealed block disappears and its bytes are freed
pass [opfs] create: a path that exists cannot be created again
pass [opfs] removeAll: removes one directory, sealed or not, and leaves the rest
pass [opfs] paths: empty and relative names are rejected
pass [opfs] an empty block can be sealed and read
pass [opfs] a large block: 48 MiB in 1 MiB appends reads back unchanged
FAIL [opfs] storage full: an append fails with StorageFullError, the block can only be discarded, and sealed blocks stay readable: ContractError: an append beyond the storage: expected an error matching /StorageFullError/, but nothing was thrown
  ✓   47 [firefox] › tests/e2e/browsers.spec.ts:34:3 › BlockStore contract: opfs store in a dedicated worker (without storage full) (2.4s)
pass [run output] every stream arrives in order and the run commits
pass [memory] write and seal: a block reads back exactly the bytes appended to it
pass [memory] read: any range of a sealed block, and nothing beyond its end
pass [memory] write: the store keeps a copy, so the caller may reuse its buffer
pass [memory] staging: a block cannot be read before it is sealed
pass [memory] seal: a sealed block takes no more bytes and cannot be sealed again
pass [memory] discard: a staged or sealed block disappears and its bytes are freed
pass [memory] create: a path that exists cannot be created again
pass [memory] removeAll: removes one directory, sealed or not, and leaves the rest
pass [memory] paths: empty and relative names are rejected
pass [memory] an empty block can be sealed and read
pass [run output] many small chunks and one large chunk arrive unchanged
pass [memory] a large block: 48 MiB in 1 MiB appends reads back unchanged
pass [memory] storage full: an append fails with StorageFullError, the block can only be discarded, and sealed blocks stay readable
  ✓   49 [firefox] › tests/e2e/browsers.spec.ts:34:3 › BlockStore contract: memory store in a dedicated worker (without storage full) (449ms)
pass [run output] a run without output commits with empty outputs
  -   50 [firefox] › tests/e2e/contracts.spec.ts:32:3 › BlockStore contract: opfs store in a dedicated worker
  -   51 [firefox] › tests/e2e/contracts.spec.ts:32:3 › BlockStore contract: memory store in a dedicated worker
  -   52 [firefox] › tests/e2e/contracts.spec.ts:40:1 › run output contract: a writer in its own worker and the real Data worker (OPFS)
pass [run output] staging: a run cannot be read before it is committed, and the commit waits for end
pass [run output] an end whose totals disagree fails the commit and discards the run
pass [run output] a message outside the protocol fails the commit
pass [run output] discard drops a staged run and ignores its late chunks
pass [run output] a committed run is kept by discard and removed by delete
pass [run output] two staged runs keep their outputs apart
pass [run output] the writer refuses to write after end
FAIL [run output] storage full: the run fails with the reason, and committed runs stay readable: ContractError: commit: expected a rejection matching /StorageFullError: Not enough temporary storage/, but it resolved
run output contract on the opfs store
  ✓   48 [firefox] › tests/e2e/browsers.spec.ts:49:1 › run output contract: a writer in its own worker and the real Data worker (without storage full) (4.0s)
  ✓   54 [firefox] › tests/e2e/browsers.spec.ts:59:1 › the application keeps results in OPFS, or in memory with the reason shown (476ms)
pass [record scanner] scan: one record with regular lines (LF)
pass [record scanner] scan: CRLF line ends
pass [record scanner] scan: lines of different lengths
pass [record scanner] scan: several records, the last without a final newline
pass [record scanner] scan: a blank line inside a sequence
pass [record scanner] scan: interior white space belongs to the sequence, trailing white space does not
pass [record scanner] scan: a non-ASCII header
pass [record scanner] scan: residues keep their case
pass [record scanner] scan: a record without residues
pass [record scanner] scan: an empty record ends the input (bio stops reading there)
pass [record scanner] scan: a header line without a newline at the end of the input
pass [record scanner] scan: an empty input has no records
pass [record scanner] scan: a U+FEFF at the start of a header is part of the ID
pass [record scanner] scan: bytes after the empty record that ends the input are not read
pass [record scanner] scan: a long record (4 checkpoints) with lines of 60 and 61 residues
pass [record scanner] scan: a long record with regular 80-residue lines
pass [record scanner] scan: the parser's error for text before the first header
pass [record scanner] scan: the parser's error for a blank line before the first header
pass [record scanner] scan: the parser's error for white space only
pass [record scanner] scan: the parser's error for a first line that is not a header, before bytes that are not UTF-8
pass [record scanner] scan: the parser's error for bytes that are not UTF-8
pass [record scanner] scan: a multi-byte character split across chunks
pass [record scanner] scan: parser kind 1 is refused until SX
  ✓   53 [firefox] › tests/e2e/engine.spec.ts:94:1 › record scanner contract: the serial reactor (3.0s)
pass [engine input] register: the run proceeds when the record tables agree
pass [engine input] register: a query record with another ID stops the run before any output
multi.blastn n=1: subject registered
pass [engine input] register: a subject record with another length stops the run before any output
multi.megablast n=1: subject retained
iupac.beyond_table.blastn n=1: subject retained
pass [engine input] register: a missing record stops the run before any output
  ✓   56 [firefox] › tests/e2e/engine.spec.ts:102:3 › engine input contract: the real EngineGateway at 1 thread(s) (1.3s)
rna.megablast n=1: subject retained
multi.mts3.blastn n=1: subject retained
pass [engine input] register: the run proceeds when the record tables agree
multi.ws7_e1000.blastn n=4: subject registered
pass [engine input] register: a query record with another ID stops the run before any output
multi.besthit.blastn n=4: subject retained
pass [engine input] register: a subject record with another length stops the run before any output
tblastx.multi n=1: subject registered
pass [engine input] register: a missing record stops the run before any output
  ✓   57 [firefox] › tests/e2e/engine.spec.ts:102:3 › engine input contract: the real EngineGateway at 4 thread(s) (1.3s)
tblastx.batch n=1: subject retained
pass [run output, Engine worker] every stream arrives in order and the run commits
tblastx.mts1 n=4: subject registered
pass [run output, Engine worker] many small chunks and one large chunk arrive unchanged
pass [run output, Engine worker] a run without output commits with empty outputs
tblastx.thrwin n=4: subject retained
pass [run output, Engine worker] staging: a run cannot be read before it is committed, and the commit waits for end
pass [run output, Engine worker] an end whose totals disagree fails the commit and discards the run
pass [run output, Engine worker] a message outside the protocol fails the commit
pass [run output, Engine worker] discard drops a staged run and ignores its late chunks
pass [run output, Engine worker] a committed run is kept by discard and removed by delete
  ✓   55 [firefox] › tests/e2e/engine.spec.ts:171:1 › R1: searches of one subject with other queries and options reuse it and give the expected bytes (5.2s)
pass [run output, Engine worker] two staged runs keep their outputs apart
pass [run output, Engine worker] the writer refuses to write after end
FAIL [run output, Engine worker] storage full: the run fails with the reason, and committed runs stay readable: ContractError: commit: expected a rejection matching /StorageFullError: Not enough temporary storage/, but it resolved
  ✓   58 [firefox] › tests/e2e/engine.spec.ts:129:1 › run output contract: the writer in the Engine worker, the real Data worker (without storage full) (3.3s)
completed compact.blastn n=1 n=1 487 ms
completed compact.blastn n=2 n=2 183 ms
completed compact.blastn n=4 n=4 175 ms
completed multi.blastn n=1 n=1 178 ms
completed multi.blastn n=2 n=2 171 ms
completed multi.blastn n=4 n=4 186 ms
completed mask.lcase.megablast n=1 n=1 173 ms
completed mask.lcase.megablast n=2 n=2 183 ms
completed mask.lcase.megablast n=4 n=4 199 ms
completed width.blastp n=1 n=1 181 ms
completed width.blastp n=2 n=2 202 ms
completed width.blastp n=4 n=4 203 ms
completed width.tblastn n=1 n=1 215 ms
completed width.tblastn n=2 n=2 225 ms
completed width.tblastn n=4 n=4 225 ms
completed tblastx.multi n=1 n=1 577 ms
completed tblastx.multi n=2 n=2 583 ms
completed tblastx.multi n=4 n=4 465 ms
completed tblastn.code4 n=1 n=1 194 ms
completed tblastn.code4 n=2 n=2 189 ms
completed tblastn.code4 n=4 n=4 189 ms
completed tblastn.batches n=1 n=1 4981 ms
completed tblastn.batches n=2 n=2 4730 ms
completed tblastn.batches n=4 n=4 4015 ms
completed tblastx.threaded-direct n=1 n=1 255 ms
completed tblastx.threaded-direct n=2 n=2 282 ms
completed tblastx.threaded-direct n=4 n=4 298 ms
  ✓   60 [firefox] › tests/e2e/engine.spec.ts:138:1 › V-BR: searches through the application give the expected bytes at 1, 2 and 4 threads (22.9s)
  -   61 [firefox] › tests/e2e/measure.spec.ts:207:1 › dw8: the share of a warm search that subject-only preprocessing can take
  -   62 [firefox] › tests/e2e/measure.spec.ts:238:1 › memory: the linear memory of one instance over repeated searches
  -   63 [firefox] › tests/e2e/measure.spec.ts:272:1 › auto: the search phase at 1, 2 and 4 threads by input size
  -   64 [firefox] › tests/e2e/measure.spec.ts:298:1 › cancel: the time to cancel and to prepare the next search in a new runtime
  -   65 [firefox] › tests/e2e/screens.spec.ts:36:3 › search screen at the desktop size
  -   66 [firefox] › tests/e2e/screens.spec.ts:36:3 › search screen at the phone size
  -   67 [firefox] › tests/e2e/search-measure.spec.ts:90:1 › index, check, exclusion and queueing of many records
  ✓   68 [firefox] › tests/e2e/search.spec.ts:100:1 › a file is summarized with its records, not put in the paste box; files can also be dropped (888ms)
  ✓   69 [firefox] › tests/e2e/search.spec.ts:128:1 › records: duplicate IDs by number, the engine refuses a record, exclusion, and a run after exclusion (5.0s)
completed tblastn.query_batches n=2 n=2 30931 ms
  ✓   70 [firefox] › tests/e2e/search.spec.ts:164:1 › the same subject, another query: the engine keeps the subject (R1) (4.7s)
  ✓   71 [firefox] › tests/e2e/search.spec.ts:182:1 › several runs in the queue; the next job is edited while one runs; separate searches as a group (4.2s)
  ✓   72 [firefox] › tests/e2e/search.spec.ts:240:1 › cancel a running search; the next one runs (3.6s)
  ✓   73 [firefox] › tests/e2e/search.spec.ts:256:1 › the region of a role with one record: the drag, the fields, the limits and the argv (4.4s)
  ✓   74 [firefox] › tests/e2e/search.spec.ts:309:1 › the options form: the engine's defaults are not written; tasks, templates and genetic codes (5.9s)
  ✓   75 [firefox] › tests/e2e/search.spec.ts:351:1 › the engine's refusals of option values are shown as the engine writes them, and nothing is queued (4.1s)
  ✓   76 [firefox] › tests/e2e/search.spec.ts:377:1 › empty inputs, every record excluded, a sequence without a defline, and BLASTX (4.0s)
  ✓   77 [firefox] › tests/e2e/search.spec.ts:401:1 › the sequence kind warning is an estimate and does not change the program (1.3s)
  ✓   78 [firefox] › tests/e2e/search.spec.ts:413:3 › leaving and returning › the wake lock is held during a search; the page warns before it is left; the state is checked on return (3.4s)
  ✓   79 [firefox] › tests/e2e/search.spec.ts:471:1 › narrow screens put the inputs and the queue one under the other, without horizontal scrolling (1.3s)
  ✓   80 [firefox] › tests/e2e/smoke.spec.ts:4:1 › the page is cross-origin isolated, so the threaded engine can use shared memory (668ms)
  ✓   81 [firefox] › tests/e2e/smoke.spec.ts:10:1 › paste, queue, run, view and export with the engine (1.5s)
  ✓   82 [firefox] › tests/e2e/smoke.spec.ts:37:1 › a BLASTN query of white space only is refused with the index scan error, before it is queued (504ms)
  -   83 [firefox] › tests/e2e/storage.spec.ts:24:1 › a tab keeps its outputs in OPFS under tmp/<session>/runs/<run>/, named by tokens only
  -   84 [firefox] › tests/e2e/storage.spec.ts:47:3 › the next tab removes the data of a tab that is killed, and keeps its own
  -   85 [firefox] › tests/e2e/storage.spec.ts:47:3 › the next tab removes the data of a tab that is closed, and keeps its own
  -   86 [firefox] › tests/e2e/storage.spec.ts:80:1 › two open tabs, started one after the other, never remove each other's data
  -   87 [firefox] › tests/e2e/storage.spec.ts:107:1 › two tabs that start at the same time remove an abandoned session once and keep each other
  -   88 [firefox] › tests/e2e/storage.spec.ts:128:1 › a stopped (frozen) tab keeps its data while another tab starts
  -   89 [firefox] › tests/e2e/storage.spec.ts:147:1 › a run that runs out of storage fails with the reason; earlier results stay and later runs work
completed tblastn.query_batches n=4 n=4 29532 ms
  ✓   59 [firefox] › tests/e2e/engine.spec.ts:213:1 › a search that builds one thread pool after another runs threaded from a new runtime (1.2m)
cancel n=1: cancelled in 62 ms; next search prepared in 91 ms
cancel n=4: cancelled in 65 ms; next search prepared in 124 ms
  ✓   90 [firefox] › tests/e2e/engine.spec.ts:238:1 › a cancelled search ends its runtime; the next search runs in a new one with the expected bytes (2.5s)
renewed 0 n=1: subject registered
renewed 1 n=1: subject retained
renewed 2 n=4: subject registered
renewed 3 n=4: subject retained
renewed 0 n=1: subject registered
renewed 1 n=1: subject registered
renewed 2 n=4: subject registered
renewed 3 n=4: subject registered
  ✓   92 [firefox] › tests/e2e/engine.spec.ts:267:1 › a runtime renewed after every search gives the same bytes and registers the subject again (2.4s)
completed compact.blastn n=4 n=4 414 ms
  ✓   93 [firefox] › tests/e2e/engine.spec.ts:290:1 › without cross-origin isolation, a threaded search runs on the serial module with the reason (966ms)
[PLUGIN_TIMINGS] JavaScript callbacks ran for 3.1s of this 3.7s build (83%).
1 callback is listed without a time. Its calls overlapped, so the time inside one call includes work from other calls. To find its cost, profile the build with `node --cpu-prof`:
  - plugin vite:worker-import-meta-url transform (4 calls)
See https://rolldown.rs/reference/InputOptions.checks#bundlertimings for more details.

  -   91 [webkit] › tests/e2e/browsers.spec.ts:34:3 › BlockStore contract: opfs store in a dedicated worker (without storage full)
pass [memory] write and seal: a block reads back exactly the bytes appended to it
pass [memory] read: any range of a sealed block, and nothing beyond its end
pass [memory] write: the store keeps a copy, so the caller may reuse its buffer
pass [memory] staging: a block cannot be read before it is sealed
pass [memory] seal: a sealed block takes no more bytes and cannot be sealed again
pass [memory] discard: a staged or sealed block disappears and its bytes are freed
pass [memory] create: a path that exists cannot be created again
pass [memory] removeAll: removes one directory, sealed or not, and leaves the rest
pass [memory] paths: empty and relative names are rejected
pass [memory] an empty block can be sealed and read
pass [memory] a large block: 48 MiB in 1 MiB appends reads back unchanged
pass [memory] storage full: an append fails with StorageFullError, the block can only be discarded, and sealed blocks stay readable
  ✓   94 [webkit] › tests/e2e/browsers.spec.ts:34:3 › BlockStore contract: memory store in a dedicated worker (without storage full) (513ms)
  -   95 [webkit] › tests/e2e/contracts.spec.ts:32:3 › BlockStore contract: opfs store in a dedicated worker
  -   96 [webkit] › tests/e2e/contracts.spec.ts:32:3 › BlockStore contract: memory store in a dedicated worker
  -   97 [webkit] › tests/e2e/contracts.spec.ts:40:1 › run output contract: a writer in its own worker and the real Data worker (OPFS)
pass [record scanner] scan: one record with regular lines (LF)
pass [record scanner] scan: CRLF line ends
pass [record scanner] scan: lines of different lengths
pass [record scanner] scan: several records, the last without a final newline
pass [record scanner] scan: a blank line inside a sequence
pass [record scanner] scan: interior white space belongs to the sequence, trailing white space does not
pass [record scanner] scan: a non-ASCII header
pass [record scanner] scan: residues keep their case
pass [record scanner] scan: a record without residues
pass [record scanner] scan: an empty record ends the input (bio stops reading there)
pass [record scanner] scan: a header line without a newline at the end of the input
pass [record scanner] scan: an empty input has no records
pass [record scanner] scan: a U+FEFF at the start of a header is part of the ID
pass [record scanner] scan: bytes after the empty record that ends the input are not read
pass [record scanner] scan: a long record (4 checkpoints) with lines of 60 and 61 residues
pass [record scanner] scan: a long record with regular 80-residue lines
pass [record scanner] scan: the parser's error for text before the first header
pass [record scanner] scan: the parser's error for a blank line before the first header
pass [record scanner] scan: the parser's error for white space only
pass [record scanner] scan: the parser's error for a first line that is not a header, before bytes that are not UTF-8
pass [record scanner] scan: the parser's error for bytes that are not UTF-8
pass [record scanner] scan: a multi-byte character split across chunks
pass [record scanner] scan: parser kind 1 is refused until SX
  ✓   98 [webkit] › tests/e2e/engine.spec.ts:94:1 › record scanner contract: the serial reactor (735ms)
pass [engine input] register: the run proceeds when the record tables agree
pass [engine input] register: a query record with another ID stops the run before any output
pass [engine input] register: a subject record with another length stops the run before any output
pass [engine input] register: a missing record stops the run before any output
  ✓  100 [webkit] › tests/e2e/engine.spec.ts:102:3 › engine input contract: the real EngineGateway at 1 thread(s) (1.5s)
pass [engine input] register: the run proceeds when the record tables agree
[PLUGIN_TIMINGS] JavaScript callbacks ran for 2.5s of this 3.1s build (80%).
1 callback is listed without a time. Its calls overlapped, so the time inside one call includes work from other calls. To find its cost, profile the build with `node --cpu-prof`:
  - plugin vite:worker-import-meta-url transform (4 calls)
See https://rolldown.rs/reference/InputOptions.checks#bundlertimings for more details.

pass [engine input] register: a query record with another ID stops the run before any output
pass [run output] every stream arrives in order and the run commits
pass [run output] many small chunks and one large chunk arrive unchanged
pass [run output] a run without output commits with empty outputs
pass [engine input] register: a subject record with another length stops the run before any output
pass [run output] staging: a run cannot be read before it is committed, and the commit waits for end
pass [run output] an end whose totals disagree fails the commit and discards the run
pass [run output] a message outside the protocol fails the commit
pass [engine input] register: a missing record stops the run before any output
  ✓  101 [webkit] › tests/e2e/engine.spec.ts:102:3 › engine input contract: the real EngineGateway at 4 thread(s) (1.5s)
pass [run output] discard drops a staged run and ignores its late chunks
pass [run output] a committed run is kept by discard and removed by delete
pass [run output] two staged runs keep their outputs apart
pass [run output] the writer refuses to write after end
FAIL [run output] storage full: the run fails with the reason, and committed runs stay readable: ContractError: commit: expected a rejection matching /StorageFullError: Not enough temporary storage/, but it resolved
run output contract on the memory store
  ✓   99 [webkit] › tests/e2e/browsers.spec.ts:49:1 › run output contract: a writer in its own worker and the real Data worker (without storage full) (1.1s)
pass [run output, Engine worker] every stream arrives in order and the run commits
pass [run output, Engine worker] many small chunks and one large chunk arrive unchanged
pass [run output, Engine worker] a run without output commits with empty outputs
pass [run output, Engine worker] staging: a run cannot be read before it is committed, and the commit waits for end
pass [run output, Engine worker] an end whose totals disagree fails the commit and discards the run
pass [run output, Engine worker] a message outside the protocol fails the commit
  ✓  103 [webkit] › tests/e2e/browsers.spec.ts:59:1 › the application keeps results in OPFS, or in memory with the reason shown (462ms)
pass [run output, Engine worker] discard drops a staged run and ignores its late chunks
pass [run output, Engine worker] a committed run is kept by discard and removed by delete
pass [run output, Engine worker] two staged runs keep their outputs apart
pass [run output, Engine worker] the writer refuses to write after end
FAIL [run output, Engine worker] storage full: the run fails with the reason, and committed runs stay readable: ContractError: commit: expected a rejection matching /StorageFullError: Not enough temporary storage/, but it resolved
  ✓  102 [webkit] › tests/e2e/engine.spec.ts:129:1 › run output contract: the writer in the Engine worker, the real Data worker (without storage full) (1.1s)
completed compact.blastn n=1 n=1 189 ms
completed compact.blastn n=2 n=2 45 ms
completed compact.blastn n=4 n=4 61 ms
completed multi.blastn n=1 n=1 39 ms
completed multi.blastn n=2 n=2 51 ms
completed multi.blastn n=4 n=4 77 ms
completed mask.lcase.megablast n=1 n=1 23 ms
completed mask.lcase.megablast n=2 n=2 39 ms
completed mask.lcase.megablast n=4 n=4 47 ms
completed width.blastp n=1 n=1 44 ms
completed width.blastp n=2 n=2 53 ms
completed width.blastp n=4 n=4 32 ms
completed width.tblastn n=1 n=1 26 ms
completed width.tblastn n=2 n=2 32 ms
completed width.tblastn n=4 n=4 29 ms
completed tblastx.multi n=1 n=1 122 ms
completed tblastx.multi n=2 n=2 127 ms
completed tblastx.multi n=4 n=4 89 ms
completed tblastn.code4 n=1 n=1 22 ms
completed tblastn.code4 n=2 n=2 44 ms
completed tblastn.code4 n=4 n=4 38 ms
completed tblastn.batches n=1 n=1 844 ms
completed tblastn.batches n=2 n=2 701 ms
multi.blastn n=1: subject registered
multi.megablast n=1: subject retained
iupac.beyond_table.blastn n=1: subject retained
rna.megablast n=1: subject retained
multi.mts3.blastn n=1: subject retained
multi.ws7_e1000.blastn n=4: subject registered
multi.besthit.blastn n=4: subject retained
completed tblastn.batches n=4 n=4 854 ms
completed tblastx.threaded-direct n=1 n=1 51 ms
tblastx.multi n=1: subject registered
completed tblastx.threaded-direct n=2 n=2 59 ms
tblastx.batch n=1: subject retained
completed tblastx.threaded-direct n=4 n=4 67 ms
tblastx.mts1 n=4: subject registered
tblastx.thrwin n=4: subject retained
  ✓  104 [webkit] › tests/e2e/engine.spec.ts:171:1 › R1: searches of one subject with other queries and options reuse it and give the expected bytes (2.8s)
  ✓  105 [webkit] › tests/e2e/engine.spec.ts:138:1 › V-BR: searches through the application give the expected bytes at 1, 2 and 4 threads (6.8s)
  -  107 [webkit] › tests/e2e/measure.spec.ts:207:1 › dw8: the share of a warm search that subject-only preprocessing can take
  -  108 [webkit] › tests/e2e/measure.spec.ts:238:1 › memory: the linear memory of one instance over repeated searches
  -  109 [webkit] › tests/e2e/measure.spec.ts:272:1 › auto: the search phase at 1, 2 and 4 threads by input size
  -  110 [webkit] › tests/e2e/measure.spec.ts:298:1 › cancel: the time to cancel and to prepare the next search in a new runtime
  -  111 [webkit] › tests/e2e/screens.spec.ts:36:3 › search screen at the desktop size
  -  112 [webkit] › tests/e2e/screens.spec.ts:36:3 › search screen at the phone size
  -  113 [webkit] › tests/e2e/search-measure.spec.ts:90:1 › index, check, exclusion and queueing of many records
  ✓  114 [webkit] › tests/e2e/search.spec.ts:100:1 › a file is summarized with its records, not put in the paste box; files can also be dropped (904ms)
completed tblastn.query_batches n=2 n=2 5004 ms
  ✓  115 [webkit] › tests/e2e/search.spec.ts:128:1 › records: duplicate IDs by number, the engine refuses a record, exclusion, and a run after exclusion (3.8s)
  ✓  116 [webkit] › tests/e2e/search.spec.ts:164:1 › the same subject, another query: the engine keeps the subject (R1) (3.2s)
  ✓  117 [webkit] › tests/e2e/search.spec.ts:182:1 › several runs in the queue; the next job is edited while one runs; separate searches as a group (3.7s)
  ✓  118 [webkit] › tests/e2e/search.spec.ts:240:1 › cancel a running search; the next one runs (2.7s)
  ✓  119 [webkit] › tests/e2e/search.spec.ts:256:1 › the region of a role with one record: the drag, the fields, the limits and the argv (3.8s)
completed tblastn.query_batches n=4 n=4 5592 ms
  ✓  106 [webkit] › tests/e2e/engine.spec.ts:213:1 › a search that builds one thread pool after another runs threaded from a new runtime (23.2s)
  ✓  120 [webkit] › tests/e2e/search.spec.ts:309:1 › the options form: the engine's defaults are not written; tasks, templates and genetic codes (4.4s)
cancel n=1: cancelled in 2 ms; next search prepared in 13 ms
cancel n=4: cancelled in 2 ms; next search prepared in 83 ms
  ✓  121 [webkit] › tests/e2e/engine.spec.ts:238:1 › a cancelled search ends its runtime; the next search runs in a new one with the expected bytes (1.8s)
renewed 0 n=1: subject registered
renewed 1 n=1: subject retained
renewed 2 n=4: subject registered
renewed 3 n=4: subject retained
renewed 0 n=1: subject registered
renewed 1 n=1: subject registered
renewed 2 n=4: subject registered
renewed 3 n=4: subject registered
  ✓  123 [webkit] › tests/e2e/engine.spec.ts:267:1 › a runtime renewed after every search gives the same bytes and registers the subject again (1.4s)
completed compact.blastn n=4 n=4 212 ms
  ✓  124 [webkit] › tests/e2e/engine.spec.ts:290:1 › without cross-origin isolation, a threaded search runs on the serial module with the reason (480ms)
  ✓  122 [webkit] › tests/e2e/search.spec.ts:351:1 › the engine's refusals of option values are shown as the engine writes them, and nothing is queued (4.5s)
  ✓  126 [webkit] › tests/e2e/search.spec.ts:401:1 › the sequence kind warning is an estimate and does not change the program (1.1s)
  ✓  125 [webkit] › tests/e2e/search.spec.ts:377:1 › empty inputs, every record excluded, a sequence without a defline, and BLASTX (3.3s)
  ✓  128 [webkit] › tests/e2e/search.spec.ts:471:1 › narrow screens put the inputs and the queue one under the other, without horizontal scrolling (1.1s)
  ✓  129 [webkit] › tests/e2e/smoke.spec.ts:4:1 › the page is cross-origin isolated, so the threaded engine can use shared memory (513ms)
  ✓  127 [webkit] › tests/e2e/search.spec.ts:413:3 › leaving and returning › the wake lock is held during a search; the page warns before it is left; the state is checked on return (3.4s)
  ✓  130 [webkit] › tests/e2e/smoke.spec.ts:10:1 › paste, queue, run, view and export with the engine (1.7s)
  -  132 [webkit] › tests/e2e/storage.spec.ts:24:1 › a tab keeps its outputs in OPFS under tmp/<session>/runs/<run>/, named by tokens only
  -  133 [webkit] › tests/e2e/storage.spec.ts:47:3 › the next tab removes the data of a tab that is killed, and keeps its own
  -  134 [webkit] › tests/e2e/storage.spec.ts:47:3 › the next tab removes the data of a tab that is closed, and keeps its own
  ✓  131 [webkit] › tests/e2e/smoke.spec.ts:37:1 › a BLASTN query of white space only is refused with the index scan error, before it is queued (918ms)
  -  135 [webkit] › tests/e2e/storage.spec.ts:80:1 › two open tabs, started one after the other, never remove each other's data
  -  136 [webkit] › tests/e2e/storage.spec.ts:128:1 › a stopped (frozen) tab keeps its data while another tab starts
  -  137 [webkit] › tests/e2e/storage.spec.ts:147:1 › a run that runs out of storage fails with the reason; earlier results stay and later runs work
  -  138 [webkit] › tests/e2e/storage.spec.ts:107:1 › two tabs that start at the same time remove an abandoned session once and keep each other

  46 skipped
  92 passed (3.9m)
