
> losat-web@0.0.0 e2e
> playwright test --reporter=list

[WebServer] [PLUGIN_TIMINGS] JavaScript callbacks ran for 4.0s of this 4.5s build (89%).
[WebServer] The slowest callbacks, timed inside each callback (the wait before a callback starts is excluded, the time it awaits is included):
[WebServer]   - plugin vite:css-post renderChunk (51%, 2.3s, 1 call)
[WebServer] Additional callback time came from the callbacks below and from callbacks under 1s.
[WebServer] 1 callback is listed without a time. Its calls overlapped, so the time inside one call includes work from other calls. To find its cost, profile the build with `node --cpu-prof`:
[WebServer]   - plugin vite:worker-import-meta-url transform (2 calls)
[WebServer] See https://rolldown.rs/reference/InputOptions.checks#bundlertimings for more details.
[WebServer] 

Running 138 tests using 2 workers

  -    1 [chromium] › tests/e2e/browsers.spec.ts:49:1 › run output contract: a writer in its own worker and the real Data worker (without storage full)
  -    2 [chromium] › tests/e2e/browsers.spec.ts:34:3 › BlockStore contract: opfs store in a dedicated worker (without storage full)
  -    3 [chromium] › tests/e2e/browsers.spec.ts:59:1 › the application keeps results in OPFS, or in memory with the reason shown
  -    4 [chromium] › tests/e2e/browsers.spec.ts:34:3 › BlockStore contract: memory store in a dedicated worker (without storage full)
[PLUGIN_TIMINGS] JavaScript callbacks ran for 3.3s of this 3.7s build (88%).
The slowest callbacks, timed inside each callback (the wait before a callback starts is excluded, the time it awaits is included):
  - plugin vite:build-html transform (43%, 1.6s, 1 call)
Additional callback time came from the callbacks below and from callbacks under 1s.
1 callback is listed without a time. Its calls overlapped, so the time inside one call includes work from other calls. To find its cost, profile the build with `node --cpu-prof`:
  - plugin vite:worker-import-meta-url transform (4 calls)
See https://rolldown.rs/reference/InputOptions.checks#bundlertimings for more details.

[PLUGIN_TIMINGS] JavaScript callbacks ran for 3.2s of this 4.0s build (80%).
The slowest callbacks, timed inside each callback (the wait before a callback starts is excluded, the time it awaits is included):
  - plugin vite:build-html transform (39%, 1.5s, 1 call)
Additional callback time came from the callbacks below and from callbacks under 1s.
1 callback is listed without a time. Its calls overlapped, so the time inside one call includes work from other calls. To find its cost, profile the build with `node --cpu-prof`:
  - plugin vite:worker-import-meta-url transform (4 calls)
See https://rolldown.rs/reference/InputOptions.checks#bundlertimings for more details.

pass [opfs] write and seal: a block reads back exactly the bytes appended to it
pass [opfs] read: any range of a sealed block, and nothing beyond its end
pass [opfs] write: the store keeps a copy, so the caller may reuse its buffer
pass [run output] every stream arrives in order and the run commits
pass [opfs] staging: a block cannot be read before it is sealed
pass [opfs] seal: a sealed block takes no more bytes and cannot be sealed again
pass [opfs] discard: a staged or sealed block disappears and its bytes are freed
pass [opfs] create: a path that exists cannot be created again
pass [opfs] removeAll: removes one directory, sealed or not, and leaves the rest
pass [opfs] paths: empty and relative names are rejected
pass [opfs] an empty block can be sealed and read
pass [run output] many small chunks and one large chunk arrive unchanged
pass [run output] a run without output commits with empty outputs
pass [run output] staging: a run cannot be read before it is committed, and the commit waits for end
pass [run output] an end whose totals disagree fails the commit and discards the run
pass [run output] a message outside the protocol fails the commit
pass [opfs] a large block: 48 MiB in 1 MiB appends reads back unchanged
pass [opfs] storage full: an append fails with StorageFullError, the block can only be discarded, and sealed blocks stay readable
pass [run output] discard drops a staged run and ignores its late chunks
  ✓    6 [chromium] › tests/e2e/contracts.spec.ts:32:3 › BlockStore contract: opfs store in a dedicated worker (5.8s)
pass [run output] a committed run is kept by discard and removed by delete
pass [memory] write and seal: a block reads back exactly the bytes appended to it
pass [memory] read: any range of a sealed block, and nothing beyond its end
pass [memory] write: the store keeps a copy, so the caller may reuse its buffer
pass [memory] staging: a block cannot be read before it is sealed
pass [memory] seal: a sealed block takes no more bytes and cannot be sealed again
pass [memory] discard: a staged or sealed block disappears and its bytes are freed
pass [memory] create: a path that exists cannot be created again
pass [memory] removeAll: removes one directory, sealed or not, and leaves the rest
pass [memory] paths: empty and relative names are rejected
pass [memory] an empty block can be sealed and read
pass [memory] a large block: 48 MiB in 1 MiB appends reads back unchanged
pass [memory] storage full: an append fails with StorageFullError, the block can only be discarded, and sealed blocks stay readable
  ✓    7 [chromium] › tests/e2e/contracts.spec.ts:32:3 › BlockStore contract: memory store in a dedicated worker (556ms)
  -    8 [chromium] › tests/e2e/engine.spec.ts:94:1 › record scanner contract: the serial reactor
  -    9 [chromium] › tests/e2e/engine.spec.ts:102:3 › engine input contract: the real EngineGateway at 1 thread(s)
  -   10 [chromium] › tests/e2e/engine.spec.ts:102:3 › engine input contract: the real EngineGateway at 4 thread(s)
  -   11 [chromium] › tests/e2e/engine.spec.ts:129:1 › run output contract: the writer in the Engine worker, the real Data worker (without storage full)
  -   12 [chromium] › tests/e2e/engine.spec.ts:138:1 › V-BR: searches through the application give the expected bytes at 1, 2 and 4 threads
  -   13 [chromium] › tests/e2e/engine.spec.ts:171:1 › R1: searches of one subject with other queries and options reuse it and give the expected bytes
  -   14 [chromium] › tests/e2e/engine.spec.ts:213:1 › a search that builds one thread pool after another runs threaded from a new runtime
  -   15 [chromium] › tests/e2e/engine.spec.ts:238:1 › a cancelled search ends its runtime; the next search runs in a new one with the expected bytes
  -   16 [chromium] › tests/e2e/engine.spec.ts:267:1 › a runtime renewed after every search gives the same bytes and registers the subject again
  -   17 [chromium] › tests/e2e/engine.spec.ts:290:1 › without cross-origin isolation, a threaded search runs on the serial module with the reason
  -   18 [chromium] › tests/e2e/measure.spec.ts:207:1 › dw8: the share of a warm search that subject-only preprocessing can take
  -   19 [chromium] › tests/e2e/measure.spec.ts:238:1 › memory: the linear memory of one instance over repeated searches
  -   20 [chromium] › tests/e2e/measure.spec.ts:272:1 › auto: the search phase at 1, 2 and 4 threads by input size
  -   21 [chromium] › tests/e2e/measure.spec.ts:298:1 › cancel: the time to cancel and to prepare the next search in a new runtime
  -   22 [chromium] › tests/e2e/screens.spec.ts:36:3 › search screen at the desktop size
  -   23 [chromium] › tests/e2e/screens.spec.ts:36:3 › search screen at the phone size
  -   24 [chromium] › tests/e2e/search-measure.spec.ts:90:1 › index, check, exclusion and queueing of many records
pass [run output] two staged runs keep their outputs apart
pass [run output] the writer refuses to write after end
  ✓   25 [chromium] › tests/e2e/search.spec.ts:100:1 › a file is summarized with its records, not put in the paste box; files can also be dropped (555ms)
pass [run output] storage full: the run fails with the reason, and committed runs stay readable
  ✓    5 [chromium] › tests/e2e/contracts.spec.ts:40:1 › run output contract: a writer in its own worker and the real Data worker (OPFS) (8.3s)
  ✓   26 [chromium] › tests/e2e/search.spec.ts:128:1 › records: duplicate IDs by number, the engine refuses a record, exclusion, and a run after exclusion (4.0s)
  ✓   27 [chromium] › tests/e2e/search.spec.ts:164:1 › the same subject, another query: the engine keeps the subject (R1) (3.2s)
  -   29 [chromium] › tests/e2e/search.spec.ts:240:1 › cancel a running search; the next one runs
  ✓   28 [chromium] › tests/e2e/search.spec.ts:182:1 › several runs in the queue; the next job is edited while one runs; separate searches as a group (2.1s)
  ✓   30 [chromium] › tests/e2e/search.spec.ts:256:1 › the region of a role with one record: the drag, the fields, the limits and the argv (2.6s)
  -   32 [chromium] › tests/e2e/search.spec.ts:351:1 › the engine's refusals of option values are shown as the engine writes them, and nothing is queued
  ✓   31 [chromium] › tests/e2e/search.spec.ts:309:1 › the options form: the engine's defaults are not written; tasks, templates and genetic codes (2.5s)
  ✓   34 [chromium] › tests/e2e/search.spec.ts:401:1 › the sequence kind warning is an estimate and does not change the program (1.1s)
  -   35 [chromium] › tests/e2e/search.spec.ts:413:3 › leaving and returning › the wake lock is held during a search; the page warns before it is left; the state is checked on return
  ✓   33 [chromium] › tests/e2e/search.spec.ts:377:1 › empty inputs, every record excluded, a sequence without a defline, and BLASTX (2.9s)
  ✓   37 [chromium] › tests/e2e/smoke.spec.ts:4:1 › the page is cross-origin isolated, so the threaded engine can use shared memory (153ms)
  ✓   36 [chromium] › tests/e2e/search.spec.ts:471:1 › narrow screens put the inputs and the queue one under the other, without horizontal scrolling (1.2s)
  ✓   38 [chromium] › tests/e2e/smoke.spec.ts:10:1 › paste, queue, run, view and export with the fake engine (744ms)
  ✓   39 [chromium] › tests/e2e/smoke.spec.ts:37:1 › a BLASTN query of white space only is refused with the index scan error, before it is queued (297ms)
  ✓   40 [chromium] › tests/e2e/storage.spec.ts:24:1 › a tab keeps its outputs in OPFS under tmp/<session>/runs/<run>/, named by tokens only (2.4s)
  ✓   41 [chromium] › tests/e2e/storage.spec.ts:47:3 › the next tab removes the data of a tab that is killed, and keeps its own (5.6s)
  ✓   42 [chromium] › tests/e2e/storage.spec.ts:47:3 › the next tab removes the data of a tab that is closed, and keeps its own (5.9s)
  ✓   44 [chromium] › tests/e2e/storage.spec.ts:107:1 › two tabs that start at the same time remove an abandoned session once and keep each other (4.4s)
  ✓   43 [chromium] › tests/e2e/storage.spec.ts:80:1 › two open tabs, started one after the other, never remove each other's data (7.2s)
  ✓   45 [chromium] › tests/e2e/storage.spec.ts:128:1 › a stopped (frozen) tab keeps its data while another tab starts (4.9s)
  ✓   46 [chromium] › tests/e2e/storage.spec.ts:147:1 › a run that runs out of storage fails with the reason; earlier results stay and later runs work (5.9s)
[PLUGIN_TIMINGS] JavaScript callbacks ran for 2.7s of this 3.6s build (75%).
1 callback is listed without a time. Its calls overlapped, so the time inside one call includes work from other calls. To find its cost, profile the build with `node --cpu-prof`:
  - plugin vite:worker-import-meta-url transform (4 calls)
See https://rolldown.rs/reference/InputOptions.checks#bundlertimings for more details.

[PLUGIN_TIMINGS] JavaScript callbacks ran for 3.6s of this 4.3s build (83%).
1 callback is listed without a time. Its calls overlapped, so the time inside one call includes work from other calls. To find its cost, profile the build with `node --cpu-prof`:
  - plugin vite:worker-import-meta-url transform (4 calls)
See https://rolldown.rs/reference/InputOptions.checks#bundlertimings for more details.

pass [opfs] write and seal: a block reads back exactly the bytes appended to it
pass [opfs] read: any range of a sealed block, and nothing beyond its end
pass [opfs] write: the store keeps a copy, so the caller may reuse its buffer
pass [opfs] staging: a block cannot be read before it is sealed
pass [opfs] seal: a sealed block takes no more bytes and cannot be sealed again
pass [opfs] discard: a staged or sealed block disappears and its bytes are freed
pass [opfs] create: a path that exists cannot be created again
pass [opfs] removeAll: removes one directory, sealed or not, and leaves the rest
pass [opfs] paths: empty and relative names are rejected
pass [opfs] an empty block can be sealed and read
pass [opfs] a large block: 48 MiB in 1 MiB appends reads back unchanged
FAIL [opfs] storage full: an append fails with StorageFullError, the block can only be discarded, and sealed blocks stay readable: ContractError: an append beyond the storage: expected an error matching /StorageFullError/, but nothing was thrown
  ✓   47 [firefox] › tests/e2e/browsers.spec.ts:34:3 › BlockStore contract: opfs store in a dedicated worker (without storage full) (2.3s)
pass [run output] every stream arrives in order and the run commits
pass [memory] write and seal: a block reads back exactly the bytes appended to it
pass [memory] read: any range of a sealed block, and nothing beyond its end
pass [memory] write: the store keeps a copy, so the caller may reuse its buffer
pass [memory] staging: a block cannot be read before it is sealed
pass [memory] seal: a sealed block takes no more bytes and cannot be sealed again
pass [memory] discard: a staged or sealed block disappears and its bytes are freed
pass [memory] create: a path that exists cannot be created again
pass [memory] removeAll: removes one directory, sealed or not, and leaves the rest
pass [memory] paths: empty and relative names are rejected
pass [memory] an empty block can be sealed and read
pass [memory] a large block: 48 MiB in 1 MiB appends reads back unchanged
pass [memory] storage full: an append fails with StorageFullError, the block can only be discarded, and sealed blocks stay readable
pass [run output] many small chunks and one large chunk arrive unchanged
  ✓   49 [firefox] › tests/e2e/browsers.spec.ts:34:3 › BlockStore contract: memory store in a dedicated worker (without storage full) (429ms)
  -   50 [firefox] › tests/e2e/contracts.spec.ts:32:3 › BlockStore contract: opfs store in a dedicated worker
  -   51 [firefox] › tests/e2e/contracts.spec.ts:32:3 › BlockStore contract: memory store in a dedicated worker
pass [run output] a run without output commits with empty outputs
  -   52 [firefox] › tests/e2e/contracts.spec.ts:40:1 › run output contract: a writer in its own worker and the real Data worker (OPFS)
  -   53 [firefox] › tests/e2e/engine.spec.ts:94:1 › record scanner contract: the serial reactor
  -   54 [firefox] › tests/e2e/engine.spec.ts:102:3 › engine input contract: the real EngineGateway at 1 thread(s)
  -   55 [firefox] › tests/e2e/engine.spec.ts:102:3 › engine input contract: the real EngineGateway at 4 thread(s)
  -   56 [firefox] › tests/e2e/engine.spec.ts:129:1 › run output contract: the writer in the Engine worker, the real Data worker (without storage full)
  -   57 [firefox] › tests/e2e/engine.spec.ts:138:1 › V-BR: searches through the application give the expected bytes at 1, 2 and 4 threads
  -   58 [firefox] › tests/e2e/engine.spec.ts:171:1 › R1: searches of one subject with other queries and options reuse it and give the expected bytes
  -   59 [firefox] › tests/e2e/engine.spec.ts:213:1 › a search that builds one thread pool after another runs threaded from a new runtime
  -   60 [firefox] › tests/e2e/engine.spec.ts:238:1 › a cancelled search ends its runtime; the next search runs in a new one with the expected bytes
  -   61 [firefox] › tests/e2e/engine.spec.ts:267:1 › a runtime renewed after every search gives the same bytes and registers the subject again
  -   62 [firefox] › tests/e2e/engine.spec.ts:290:1 › without cross-origin isolation, a threaded search runs on the serial module with the reason
  -   63 [firefox] › tests/e2e/measure.spec.ts:207:1 › dw8: the share of a warm search that subject-only preprocessing can take
  -   64 [firefox] › tests/e2e/measure.spec.ts:238:1 › memory: the linear memory of one instance over repeated searches
  -   65 [firefox] › tests/e2e/measure.spec.ts:272:1 › auto: the search phase at 1, 2 and 4 threads by input size
  -   66 [firefox] › tests/e2e/measure.spec.ts:298:1 › cancel: the time to cancel and to prepare the next search in a new runtime
  -   67 [firefox] › tests/e2e/screens.spec.ts:36:3 › search screen at the desktop size
  -   68 [firefox] › tests/e2e/screens.spec.ts:36:3 › search screen at the phone size
  -   69 [firefox] › tests/e2e/search-measure.spec.ts:90:1 › index, check, exclusion and queueing of many records
pass [run output] staging: a run cannot be read before it is committed, and the commit waits for end
pass [run output] an end whose totals disagree fails the commit and discards the run
pass [run output] a message outside the protocol fails the commit
  ✓   70 [firefox] › tests/e2e/search.spec.ts:100:1 › a file is summarized with its records, not put in the paste box; files can also be dropped (738ms)
pass [run output] discard drops a staged run and ignores its late chunks
pass [run output] a committed run is kept by discard and removed by delete
pass [run output] two staged runs keep their outputs apart
pass [run output] the writer refuses to write after end
FAIL [run output] storage full: the run fails with the reason, and committed runs stay readable: ContractError: commit: expected a rejection matching /StorageFullError: Not enough temporary storage/, but it resolved
run output contract on the opfs store
  ✓   48 [firefox] › tests/e2e/browsers.spec.ts:49:1 › run output contract: a writer in its own worker and the real Data worker (without storage full) (3.9s)
  ✓   72 [firefox] › tests/e2e/browsers.spec.ts:59:1 › the application keeps results in OPFS, or in memory with the reason shown (735ms)
  ✓   71 [firefox] › tests/e2e/search.spec.ts:128:1 › records: duplicate IDs by number, the engine refuses a record, exclusion, and a run after exclusion (5.5s)
  ✓   73 [firefox] › tests/e2e/search.spec.ts:164:1 › the same subject, another query: the engine keeps the subject (R1) (4.5s)
  -   75 [firefox] › tests/e2e/search.spec.ts:240:1 › cancel a running search; the next one runs
  ✓   74 [firefox] › tests/e2e/search.spec.ts:182:1 › several runs in the queue; the next job is edited while one runs; separate searches as a group (2.4s)
  ✓   76 [firefox] › tests/e2e/search.spec.ts:256:1 › the region of a role with one record: the drag, the fields, the limits and the argv (3.6s)
  -   78 [firefox] › tests/e2e/search.spec.ts:351:1 › the engine's refusals of option values are shown as the engine writes them, and nothing is queued
  ✓   77 [firefox] › tests/e2e/search.spec.ts:309:1 › the options form: the engine's defaults are not written; tasks, templates and genetic codes (3.5s)
  ✓   80 [firefox] › tests/e2e/search.spec.ts:401:1 › the sequence kind warning is an estimate and does not change the program (1.3s)
  -   81 [firefox] › tests/e2e/search.spec.ts:413:3 › leaving and returning › the wake lock is held during a search; the page warns before it is left; the state is checked on return
  ✓   82 [firefox] › tests/e2e/search.spec.ts:471:1 › narrow screens put the inputs and the queue one under the other, without horizontal scrolling (1.3s)
  ✓   79 [firefox] › tests/e2e/search.spec.ts:377:1 › empty inputs, every record excluded, a sequence without a defline, and BLASTX (3.3s)
  ✓   83 [firefox] › tests/e2e/smoke.spec.ts:4:1 › the page is cross-origin isolated, so the threaded engine can use shared memory (308ms)
  ✓   85 [firefox] › tests/e2e/smoke.spec.ts:37:1 › a BLASTN query of white space only is refused with the index scan error, before it is queued (947ms)
  -   86 [firefox] › tests/e2e/storage.spec.ts:24:1 › a tab keeps its outputs in OPFS under tmp/<session>/runs/<run>/, named by tokens only
  -   87 [firefox] › tests/e2e/storage.spec.ts:47:3 › the next tab removes the data of a tab that is killed, and keeps its own
  -   88 [firefox] › tests/e2e/storage.spec.ts:47:3 › the next tab removes the data of a tab that is closed, and keeps its own
  -   89 [firefox] › tests/e2e/storage.spec.ts:80:1 › two open tabs, started one after the other, never remove each other's data
  -   90 [firefox] › tests/e2e/storage.spec.ts:107:1 › two tabs that start at the same time remove an abandoned session once and keep each other
  -   91 [firefox] › tests/e2e/storage.spec.ts:128:1 › a stopped (frozen) tab keeps its data while another tab starts
  -   92 [firefox] › tests/e2e/storage.spec.ts:147:1 › a run that runs out of storage fails with the reason; earlier results stay and later runs work
  ✓   84 [firefox] › tests/e2e/smoke.spec.ts:10:1 › paste, queue, run, view and export with the fake engine (1.5s)
[PLUGIN_TIMINGS] JavaScript callbacks ran for 3.0s of this 3.9s build (77%).
1 callback is listed without a time. Its calls overlapped, so the time inside one call includes work from other calls. To find its cost, profile the build with `node --cpu-prof`:
  - plugin vite:worker-import-meta-url transform (4 calls)
See https://rolldown.rs/reference/InputOptions.checks#bundlertimings for more details.

  -   93 [webkit] › tests/e2e/browsers.spec.ts:34:3 › BlockStore contract: opfs store in a dedicated worker (without storage full)
[PLUGIN_TIMINGS] JavaScript callbacks ran for 3.3s of this 4.1s build (80%).
1 callback is listed without a time. Its calls overlapped, so the time inside one call includes work from other calls. To find its cost, profile the build with `node --cpu-prof`:
  - plugin vite:worker-import-meta-url transform (4 calls)
See https://rolldown.rs/reference/InputOptions.checks#bundlertimings for more details.

pass [memory] write and seal: a block reads back exactly the bytes appended to it
pass [memory] read: any range of a sealed block, and nothing beyond its end
pass [memory] write: the store keeps a copy, so the caller may reuse its buffer
pass [memory] staging: a block cannot be read before it is sealed
pass [memory] seal: a sealed block takes no more bytes and cannot be sealed again
pass [memory] discard: a staged or sealed block disappears and its bytes are freed
pass [memory] create: a path that exists cannot be created again
pass [memory] removeAll: removes one directory, sealed or not, and leaves the rest
pass [memory] paths: empty and relative names are rejected
pass [memory] an empty block can be sealed and read
pass [memory] a large block: 48 MiB in 1 MiB appends reads back unchanged
pass [memory] storage full: an append fails with StorageFullError, the block can only be discarded, and sealed blocks stay readable
  ✓   95 [webkit] › tests/e2e/browsers.spec.ts:34:3 › BlockStore contract: memory store in a dedicated worker (without storage full) (600ms)
pass [run output] every stream arrives in order and the run commits
  -   96 [webkit] › tests/e2e/contracts.spec.ts:32:3 › BlockStore contract: opfs store in a dedicated worker
  -   97 [webkit] › tests/e2e/contracts.spec.ts:32:3 › BlockStore contract: memory store in a dedicated worker
pass [run output] many small chunks and one large chunk arrive unchanged
pass [run output] a run without output commits with empty outputs
  -   98 [webkit] › tests/e2e/contracts.spec.ts:40:1 › run output contract: a writer in its own worker and the real Data worker (OPFS)
  -   99 [webkit] › tests/e2e/engine.spec.ts:94:1 › record scanner contract: the serial reactor
  -  100 [webkit] › tests/e2e/engine.spec.ts:102:3 › engine input contract: the real EngineGateway at 1 thread(s)
  -  101 [webkit] › tests/e2e/engine.spec.ts:102:3 › engine input contract: the real EngineGateway at 4 thread(s)
  -  102 [webkit] › tests/e2e/engine.spec.ts:129:1 › run output contract: the writer in the Engine worker, the real Data worker (without storage full)
  -  103 [webkit] › tests/e2e/engine.spec.ts:138:1 › V-BR: searches through the application give the expected bytes at 1, 2 and 4 threads
  -  104 [webkit] › tests/e2e/engine.spec.ts:171:1 › R1: searches of one subject with other queries and options reuse it and give the expected bytes
  -  105 [webkit] › tests/e2e/engine.spec.ts:213:1 › a search that builds one thread pool after another runs threaded from a new runtime
  -  106 [webkit] › tests/e2e/engine.spec.ts:238:1 › a cancelled search ends its runtime; the next search runs in a new one with the expected bytes
  -  107 [webkit] › tests/e2e/engine.spec.ts:267:1 › a runtime renewed after every search gives the same bytes and registers the subject again
  -  108 [webkit] › tests/e2e/engine.spec.ts:290:1 › without cross-origin isolation, a threaded search runs on the serial module with the reason
  -  109 [webkit] › tests/e2e/measure.spec.ts:207:1 › dw8: the share of a warm search that subject-only preprocessing can take
  -  110 [webkit] › tests/e2e/measure.spec.ts:238:1 › memory: the linear memory of one instance over repeated searches
  -  111 [webkit] › tests/e2e/measure.spec.ts:272:1 › auto: the search phase at 1, 2 and 4 threads by input size
  -  112 [webkit] › tests/e2e/measure.spec.ts:298:1 › cancel: the time to cancel and to prepare the next search in a new runtime
  -  113 [webkit] › tests/e2e/screens.spec.ts:36:3 › search screen at the desktop size
  -  114 [webkit] › tests/e2e/screens.spec.ts:36:3 › search screen at the phone size
  -  115 [webkit] › tests/e2e/search-measure.spec.ts:90:1 › index, check, exclusion and queueing of many records
pass [run output] staging: a run cannot be read before it is committed, and the commit waits for end
pass [run output] an end whose totals disagree fails the commit and discards the run
pass [run output] a message outside the protocol fails the commit
pass [run output] discard drops a staged run and ignores its late chunks
pass [run output] a committed run is kept by discard and removed by delete
pass [run output] two staged runs keep their outputs apart
pass [run output] the writer refuses to write after end
FAIL [run output] storage full: the run fails with the reason, and committed runs stay readable: ContractError: commit: expected a rejection matching /StorageFullError: Not enough temporary storage/, but it resolved
run output contract on the memory store
  ✓   94 [webkit] › tests/e2e/browsers.spec.ts:49:1 › run output contract: a writer in its own worker and the real Data worker (without storage full) (1.2s)
  ✓  116 [webkit] › tests/e2e/search.spec.ts:100:1 › a file is summarized with its records, not put in the paste box; files can also be dropped (911ms)
  ✓  117 [webkit] › tests/e2e/browsers.spec.ts:59:1 › the application keeps results in OPFS, or in memory with the reason shown (628ms)
  ✓  119 [webkit] › tests/e2e/search.spec.ts:164:1 › the same subject, another query: the engine keeps the subject (R1) (2.7s)
  ✓  118 [webkit] › tests/e2e/search.spec.ts:128:1 › records: duplicate IDs by number, the engine refuses a record, exclusion, and a run after exclusion (3.8s)
  -  121 [webkit] › tests/e2e/search.spec.ts:240:1 › cancel a running search; the next one runs
  ✓  120 [webkit] › tests/e2e/search.spec.ts:182:1 › several runs in the queue; the next job is edited while one runs; separate searches as a group (2.7s)
  ✓  122 [webkit] › tests/e2e/search.spec.ts:256:1 › the region of a role with one record: the drag, the fields, the limits and the argv (3.1s)
  -  124 [webkit] › tests/e2e/search.spec.ts:351:1 › the engine's refusals of option values are shown as the engine writes them, and nothing is queued
  ✓  123 [webkit] › tests/e2e/search.spec.ts:309:1 › the options form: the engine's defaults are not written; tasks, templates and genetic codes (3.0s)
  ✓  126 [webkit] › tests/e2e/search.spec.ts:401:1 › the sequence kind warning is an estimate and does not change the program (1.5s)
  -  127 [webkit] › tests/e2e/search.spec.ts:413:3 › leaving and returning › the wake lock is held during a search; the page warns before it is left; the state is checked on return
  ✓  125 [webkit] › tests/e2e/search.spec.ts:377:1 › empty inputs, every record excluded, a sequence without a defline, and BLASTX (3.4s)
  ✓  128 [webkit] › tests/e2e/search.spec.ts:471:1 › narrow screens put the inputs and the queue one under the other, without horizontal scrolling (1.4s)
  ✓  129 [webkit] › tests/e2e/smoke.spec.ts:4:1 › the page is cross-origin isolated, so the threaded engine can use shared memory (541ms)
  ✓  131 [webkit] › tests/e2e/smoke.spec.ts:37:1 › a BLASTN query of white space only is refused with the index scan error, before it is queued (967ms)
  -  132 [webkit] › tests/e2e/storage.spec.ts:24:1 › a tab keeps its outputs in OPFS under tmp/<session>/runs/<run>/, named by tokens only
  -  133 [webkit] › tests/e2e/storage.spec.ts:47:3 › the next tab removes the data of a tab that is killed, and keeps its own
  -  134 [webkit] › tests/e2e/storage.spec.ts:47:3 › the next tab removes the data of a tab that is closed, and keeps its own
  -  135 [webkit] › tests/e2e/storage.spec.ts:80:1 › two open tabs, started one after the other, never remove each other's data
  -  136 [webkit] › tests/e2e/storage.spec.ts:107:1 › two tabs that start at the same time remove an abandoned session once and keep each other
  -  137 [webkit] › tests/e2e/storage.spec.ts:128:1 › a stopped (frozen) tab keeps its data while another tab starts
  -  138 [webkit] › tests/e2e/storage.spec.ts:147:1 › a run that runs out of storage fails with the reason; earlier results stay and later runs work
  ✓  130 [webkit] › tests/e2e/smoke.spec.ts:10:1 › paste, queue, run, view and export with the fake engine (1.5s)

  85 skipped
  53 passed (2.2m)
