
Running 72 tests using 2 workers

  ✓   1 [chromium] › tests/e2e/search.spec.ts:100:1 › a file is summarized with its records, not put in the paste box; files can also be dropped (515ms)
  ✓   3 [chromium] › tests/e2e/search.spec.ts:164:1 › the same subject, another query: the engine keeps the subject (R1) (3.1s)
  ✓   2 [chromium] › tests/e2e/search.spec.ts:128:1 › records: duplicate IDs by number, the engine refuses a record, exclusion, and a run after exclusion (4.2s)
  ✓   4 [chromium] › tests/e2e/search.spec.ts:182:1 › several runs in the queue; the next job is edited while one runs; separate searches as a group (2.4s)
  ✓   5 [chromium] › tests/e2e/search.spec.ts:240:1 › cancel a running search; the next one runs (1.9s)
  ✓   6 [chromium] › tests/e2e/search.spec.ts:256:1 › the region of a role with one record: the drag, the fields, the limits and the argv (3.3s)
  ✓   7 [chromium] › tests/e2e/search.spec.ts:309:1 › the options form: the engine's defaults are not written; tasks, templates and genetic codes (4.0s)
  ✓   9 [chromium] › tests/e2e/search.spec.ts:377:1 › empty inputs, every record excluded, a sequence without a defline, and BLASTX (2.9s)
  ✓   8 [chromium] › tests/e2e/search.spec.ts:351:1 › the engine's refusals of option values are shown as the engine writes them, and nothing is queued (4.3s)
  ✓  10 [chromium] › tests/e2e/search.spec.ts:401:1 › the sequence kind warning is an estimate and does not change the program (1.0s)
  ✓  12 [chromium] › tests/e2e/search.spec.ts:471:1 › narrow screens put the inputs and the queue one under the other, without horizontal scrolling (1.0s)
  ✓  11 [chromium] › tests/e2e/search.spec.ts:413:3 › leaving and returning › the wake lock is held during a search; the page warns before it is left; the state is checked on return (2.8s)
  ✓  13 [chromium] › tests/e2e/search.spec.ts:100:1 › a file is summarized with its records, not put in the paste box; files can also be dropped (475ms)
  ✓  14 [chromium] › tests/e2e/search.spec.ts:164:1 › the same subject, another query: the engine keeps the subject (R1) (3.1s)
  ✓  15 [chromium] › tests/e2e/search.spec.ts:128:1 › records: duplicate IDs by number, the engine refuses a record, exclusion, and a run after exclusion (3.7s)
  ✓  16 [chromium] › tests/e2e/search.spec.ts:182:1 › several runs in the queue; the next job is edited while one runs; separate searches as a group (2.4s)
  ✓  17 [chromium] › tests/e2e/search.spec.ts:240:1 › cancel a running search; the next one runs (2.0s)
  ✓  18 [chromium] › tests/e2e/search.spec.ts:256:1 › the region of a role with one record: the drag, the fields, the limits and the argv (3.3s)
  ✓  19 [chromium] › tests/e2e/search.spec.ts:309:1 › the options form: the engine's defaults are not written; tasks, templates and genetic codes (4.0s)
  ✓  20 [chromium] › tests/e2e/search.spec.ts:351:1 › the engine's refusals of option values are shown as the engine writes them, and nothing is queued (4.3s)
  ✓  21 [chromium] › tests/e2e/search.spec.ts:377:1 › empty inputs, every record excluded, a sequence without a defline, and BLASTX (2.9s)
  ✓  22 [chromium] › tests/e2e/search.spec.ts:401:1 › the sequence kind warning is an estimate and does not change the program (980ms)
  ✓  24 [chromium] › tests/e2e/search.spec.ts:471:1 › narrow screens put the inputs and the queue one under the other, without horizontal scrolling (979ms)
  ✓  23 [chromium] › tests/e2e/search.spec.ts:413:3 › leaving and returning › the wake lock is held during a search; the page warns before it is left; the state is checked on return (2.1s)
  ✓  25 [firefox] › tests/e2e/search.spec.ts:100:1 › a file is summarized with its records, not put in the paste box; files can also be dropped (1.4s)
  ✓  27 [firefox] › tests/e2e/search.spec.ts:164:1 › the same subject, another query: the engine keeps the subject (R1) (4.2s)
  ✓  26 [firefox] › tests/e2e/search.spec.ts:128:1 › records: duplicate IDs by number, the engine refuses a record, exclusion, and a run after exclusion (5.4s)
  ✓  29 [firefox] › tests/e2e/search.spec.ts:240:1 › cancel a running search; the next one runs (3.5s)
  ✓  28 [firefox] › tests/e2e/search.spec.ts:182:1 › several runs in the queue; the next job is edited while one runs; separate searches as a group (3.7s)
  ✓  30 [firefox] › tests/e2e/search.spec.ts:256:1 › the region of a role with one record: the drag, the fields, the limits and the argv (3.6s)
  ✓  31 [firefox] › tests/e2e/search.spec.ts:309:1 › the options form: the engine's defaults are not written; tasks, templates and genetic codes (5.2s)
  ✓  32 [firefox] › tests/e2e/search.spec.ts:351:1 › the engine's refusals of option values are shown as the engine writes them, and nothing is queued (4.5s)
  ✓  33 [firefox] › tests/e2e/search.spec.ts:377:1 › empty inputs, every record excluded, a sequence without a defline, and BLASTX (3.3s)
  ✓  34 [firefox] › tests/e2e/search.spec.ts:401:1 › the sequence kind warning is an estimate and does not change the program (1.2s)
  ✓  36 [firefox] › tests/e2e/search.spec.ts:471:1 › narrow screens put the inputs and the queue one under the other, without horizontal scrolling (1.2s)
  ✓  35 [firefox] › tests/e2e/search.spec.ts:413:3 › leaving and returning › the wake lock is held during a search; the page warns before it is left; the state is checked on return (3.2s)
  ✓  37 [firefox] › tests/e2e/search.spec.ts:100:1 › a file is summarized with its records, not put in the paste box; files can also be dropped (1.5s)
  ✓  39 [firefox] › tests/e2e/search.spec.ts:164:1 › the same subject, another query: the engine keeps the subject (R1) (3.7s)
  ✓  38 [firefox] › tests/e2e/search.spec.ts:128:1 › records: duplicate IDs by number, the engine refuses a record, exclusion, and a run after exclusion (5.0s)
  ✓  41 [firefox] › tests/e2e/search.spec.ts:240:1 › cancel a running search; the next one runs (3.1s)
  ✓  40 [firefox] › tests/e2e/search.spec.ts:182:1 › several runs in the queue; the next job is edited while one runs; separate searches as a group (3.9s)
  ✓  42 [firefox] › tests/e2e/search.spec.ts:256:1 › the region of a role with one record: the drag, the fields, the limits and the argv (3.8s)
  ✓  43 [firefox] › tests/e2e/search.spec.ts:309:1 › the options form: the engine's defaults are not written; tasks, templates and genetic codes (5.3s)
  ✓  44 [firefox] › tests/e2e/search.spec.ts:351:1 › the engine's refusals of option values are shown as the engine writes them, and nothing is queued (4.6s)
  ✓  46 [firefox] › tests/e2e/search.spec.ts:401:1 › the sequence kind warning is an estimate and does not change the program (745ms)
  ✓  45 [firefox] › tests/e2e/search.spec.ts:377:1 › empty inputs, every record excluded, a sequence without a defline, and BLASTX (4.0s)
  ✓  48 [firefox] › tests/e2e/search.spec.ts:471:1 › narrow screens put the inputs and the queue one under the other, without horizontal scrolling (1.2s)
  ✓  47 [firefox] › tests/e2e/search.spec.ts:413:3 › leaving and returning › the wake lock is held during a search; the page warns before it is left; the state is checked on return (3.2s)
  ✓  49 [webkit] › tests/e2e/search.spec.ts:100:1 › a file is summarized with its records, not put in the paste box; files can also be dropped (887ms)
  ✓  50 [webkit] › tests/e2e/search.spec.ts:164:1 › the same subject, another query: the engine keeps the subject (R1) (3.4s)
  ✓  51 [webkit] › tests/e2e/search.spec.ts:128:1 › records: duplicate IDs by number, the engine refuses a record, exclusion, and a run after exclusion (4.8s)
  ✓  52 [webkit] › tests/e2e/search.spec.ts:182:1 › several runs in the queue; the next job is edited while one runs; separate searches as a group (4.0s)
  ✓  53 [webkit] › tests/e2e/search.spec.ts:240:1 › cancel a running search; the next one runs (3.8s)
  ✓  54 [webkit] › tests/e2e/search.spec.ts:256:1 › the region of a role with one record: the drag, the fields, the limits and the argv (3.9s)
  ✓  55 [webkit] › tests/e2e/search.spec.ts:309:1 › the options form: the engine's defaults are not written; tasks, templates and genetic codes (4.2s)
  ✓  56 [webkit] › tests/e2e/search.spec.ts:351:1 › the engine's refusals of option values are shown as the engine writes them, and nothing is queued (3.7s)
  ✓  58 [webkit] › tests/e2e/search.spec.ts:401:1 › the sequence kind warning is an estimate and does not change the program (1.4s)
  ✓  57 [webkit] › tests/e2e/search.spec.ts:377:1 › empty inputs, every record excluded, a sequence without a defline, and BLASTX (3.1s)
  ✓  60 [webkit] › tests/e2e/search.spec.ts:471:1 › narrow screens put the inputs and the queue one under the other, without horizontal scrolling (1.1s)
  ✓  59 [webkit] › tests/e2e/search.spec.ts:413:3 › leaving and returning › the wake lock is held during a search; the page warns before it is left; the state is checked on return (3.2s)
  ✓  61 [webkit] › tests/e2e/search.spec.ts:100:1 › a file is summarized with its records, not put in the paste box; files can also be dropped (856ms)
  ✓  62 [webkit] › tests/e2e/search.spec.ts:164:1 › the same subject, another query: the engine keeps the subject (R1) (3.3s)
  ✓  63 [webkit] › tests/e2e/search.spec.ts:128:1 › records: duplicate IDs by number, the engine refuses a record, exclusion, and a run after exclusion (4.3s)
  ✓  64 [webkit] › tests/e2e/search.spec.ts:182:1 › several runs in the queue; the next job is edited while one runs; separate searches as a group (4.1s)
  ✓  65 [webkit] › tests/e2e/search.spec.ts:240:1 › cancel a running search; the next one runs (4.1s)
  ✓  66 [webkit] › tests/e2e/search.spec.ts:256:1 › the region of a role with one record: the drag, the fields, the limits and the argv (3.9s)
  ✓  67 [webkit] › tests/e2e/search.spec.ts:309:1 › the options form: the engine's defaults are not written; tasks, templates and genetic codes (4.1s)
  ✓  68 [webkit] › tests/e2e/search.spec.ts:351:1 › the engine's refusals of option values are shown as the engine writes them, and nothing is queued (3.9s)
  ✓  70 [webkit] › tests/e2e/search.spec.ts:401:1 › the sequence kind warning is an estimate and does not change the program (1.5s)
  ✓  69 [webkit] › tests/e2e/search.spec.ts:377:1 › empty inputs, every record excluded, a sequence without a defline, and BLASTX (3.5s)
  ✓  72 [webkit] › tests/e2e/search.spec.ts:471:1 › narrow screens put the inputs and the queue one under the other, without horizontal scrolling (1.1s)
  ✓  71 [webkit] › tests/e2e/search.spec.ts:413:3 › leaving and returning › the wake lock is held during a search; the page warns before it is left; the state is checked on return (3.1s)

  72 passed (2.3m)
