
> losat-web@0.0.0 e2e
> playwright test --reporter=list


Running 138 tests using 2 workers

  -    1 [chromium] › tests/e2e/browsers.spec.ts:34:3 › BlockStore contract: opfs store in a dedicated worker (without storage full)
  -    2 [chromium] › tests/e2e/browsers.spec.ts:49:1 › run output contract: a writer in its own worker and the real Data worker (without storage full)
  -    3 [chromium] › tests/e2e/browsers.spec.ts:34:3 › BlockStore contract: memory store in a dedicated worker (without storage full)
  -    4 [chromium] › tests/e2e/browsers.spec.ts:59:1 › the application keeps results in OPFS, or in memory with the reason shown
pass [opfs] write and seal: a block reads back exactly the bytes appended to it
pass [opfs] read: any range of a sealed block, and nothing beyond its end
pass [run output] every stream arrives in order and the run commits
pass [opfs] write: the store keeps a copy, so the caller may reuse its buffer
pass [opfs] staging: a block cannot be read before it is sealed
pass [opfs] seal: a sealed block takes no more bytes and cannot be sealed again
pass [opfs] discard: a staged or sealed block disappears and its bytes are freed
pass [opfs] create: a path that exists cannot be created again
pass [opfs] removeAll: removes one directory, sealed or not, and leaves the rest
pass [opfs] paths: empty and relative names are rejected
pass [opfs] an empty block can be sealed and read
pass [run output] many small chunks and one large chunk arrive unchanged
pass [run output] a run without output commits with empty outputs
pass [run output] staging: a run cannot be read before it is committed, and the commit waits for end
pass [run output] an end whose totals disagree fails the commit and discards the run
pass [run output] a message outside the protocol fails the commit
pass [opfs] a large block: 48 MiB in 1 MiB appends reads back unchanged
pass [opfs] storage full: an append fails with StorageFullError, the block can only be discarded, and sealed blocks stay readable
  ✓    6 [chromium] › tests/e2e/contracts.spec.ts:32:3 › BlockStore contract: opfs store in a dedicated worker (3.0s)
pass [run output] discard drops a staged run and ignores its late chunks
pass [memory] write and seal: a block reads back exactly the bytes appended to it
pass [memory] read: any range of a sealed block, and nothing beyond its end
pass [memory] write: the store keeps a copy, so the caller may reuse its buffer
pass [memory] staging: a block cannot be read before it is sealed
pass [memory] seal: a sealed block takes no more bytes and cannot be sealed again
pass [memory] discard: a staged or sealed block disappears and its bytes are freed
pass [memory] create: a path that exists cannot be created again
pass [memory] removeAll: removes one directory, sealed or not, and leaves the rest
pass [memory] paths: empty and relative names are rejected
pass [memory] an empty block can be sealed and read
pass [run output] a committed run is kept by discard and removed by delete
pass [memory] a large block: 48 MiB in 1 MiB appends reads back unchanged
pass [memory] storage full: an append fails with StorageFullError, the block can only be discarded, and sealed blocks stay readable
  ✓    7 [chromium] › tests/e2e/contracts.spec.ts:32:3 › BlockStore contract: memory store in a dedicated worker (643ms)
pass [run output] two staged runs keep their outputs apart
pass [run output] the writer refuses to write after end
pass [run output] storage full: the run fails with the reason, and committed runs stay readable
  ✓    5 [chromium] › tests/e2e/contracts.spec.ts:40:1 › run output contract: a writer in its own worker and the real Data worker (OPFS) (4.8s)
pass [record scanner] scan: one record with regular lines (LF)
pass [record scanner] scan: CRLF line ends
pass [record scanner] scan: lines of different lengths
pass [record scanner] scan: several records, the last without a final newline
pass [record scanner] scan: a blank line inside a sequence
pass [record scanner] scan: interior white space belongs to the sequence, trailing white space does not
pass [record scanner] scan: a non-ASCII header
pass [record scanner] scan: residues keep their case
pass [record scanner] scan: a record without residues
pass [record scanner] scan: an empty record ends the input (bio stops reading there)
pass [record scanner] scan: a header line without a newline at the end of the input
pass [record scanner] scan: an empty input has no records
pass [record scanner] scan: a U+FEFF at the start of a header is part of the ID
pass [record scanner] scan: bytes after the empty record that ends the input are not read
pass [record scanner] scan: a long record (4 checkpoints) with lines of 60 and 61 residues
pass [record scanner] scan: a long record with regular 80-residue lines
pass [record scanner] scan: the parser's error for text before the first header
pass [record scanner] scan: the parser's error for a blank line before the first header
pass [record scanner] scan: the parser's error for white space only
pass [record scanner] scan: the parser's error for a first line that is not a header, before bytes that are not UTF-8
pass [record scanner] scan: the parser's error for bytes that are not UTF-8
pass [record scanner] scan: a multi-byte character split across chunks
pass [record scanner] scan: parser kind 1 is refused until SX
  ✓    8 [chromium] › tests/e2e/engine.spec.ts:94:1 › record scanner contract: the serial reactor (969ms)
pass [engine input] register: the run proceeds when the record tables agree
pass [engine input] register: a query record with another ID stops the run before any output
[PLUGIN_TIMINGS] JavaScript callbacks ran for 3.3s of this 3.8s build (86%).
The slowest callbacks, timed inside each callback (the wait before a callback starts is excluded, the time it awaits is included):
  - plugin vite:build-html transform (34%, 1.3s, 1 call)
Additional callback time came from the callbacks below and from callbacks under 1s.
1 callback is listed without a time. Its calls overlapped, so the time inside one call includes work from other calls. To find its cost, profile the build with `node --cpu-prof`:
  - plugin vite:worker-import-meta-url transform (4 calls)
See https://rolldown.rs/reference/InputOptions.checks#bundlertimings for more details.

pass [engine input] register: a subject record with another length stops the run before any output
pass [engine input] register: a missing record stops the run before any output
  ✓   10 [chromium] › tests/e2e/engine.spec.ts:102:3 › engine input contract: the real EngineGateway at 1 thread(s) (1.2s)
multi.blastn n=1: subject registered
multi.megablast n=1: subject retained
iupac.beyond_table.blastn n=1: subject retained
rna.megablast n=1: subject retained
multi.mts3.blastn n=1: subject retained
pass [engine input] register: the run proceeds when the record tables agree
multi.ws7_e1000.blastn n=4: subject registered
multi.besthit.blastn n=4: subject retained
tblastx.multi n=1: subject registered
tblastx.batch n=1: subject retained
pass [engine input] register: a query record with another ID stops the run before any output
tblastx.mts1 n=4: subject registered
tblastx.thrwin n=4: subject retained
pass [engine input] register: a subject record with another length stops the run before any output
pass [engine input] register: a missing record stops the run before any output
  ✓   11 [chromium] › tests/e2e/engine.spec.ts:102:3 › engine input contract: the real EngineGateway at 4 thread(s) (1.2s)
pass [run output, Engine worker] every stream arrives in order and the run commits
pass [run output, Engine worker] many small chunks and one large chunk arrive unchanged
pass [run output, Engine worker] a run without output commits with empty outputs
pass [run output, Engine worker] staging: a run cannot be read before it is committed, and the commit waits for end
pass [run output, Engine worker] an end whose totals disagree fails the commit and discards the run
pass [run output, Engine worker] a message outside the protocol fails the commit
  ✓    9 [chromium] › tests/e2e/engine.spec.ts:171:1 › R1: searches of one subject with other queries and options reuse it and give the expected bytes (2.4s)
pass [run output, Engine worker] discard drops a staged run and ignores its late chunks
pass [run output, Engine worker] a committed run is kept by discard and removed by delete
pass [run output, Engine worker] two staged runs keep their outputs apart
pass [run output, Engine worker] the writer refuses to write after end
FAIL [run output, Engine worker] storage full: the run fails with the reason, and committed runs stay readable: ContractError: commit: expected a rejection matching /StorageFullError: Not enough temporary storage/, but it resolved
  ✓   12 [chromium] › tests/e2e/engine.spec.ts:129:1 › run output contract: the writer in the Engine worker, the real Data worker (without storage full) (1.3s)
completed compact.blastn n=1 n=1 205 ms
completed compact.blastn n=2 n=2 64 ms
completed compact.blastn n=4 n=4 40 ms
completed multi.blastn n=1 n=1 35 ms
completed multi.blastn n=2 n=2 38 ms
completed multi.blastn n=4 n=4 39 ms
completed mask.lcase.megablast n=1 n=1 34 ms
completed mask.lcase.megablast n=2 n=2 39 ms
completed mask.lcase.megablast n=4 n=4 40 ms
completed width.blastp n=1 n=1 46 ms
completed width.blastp n=2 n=2 49 ms
completed width.blastp n=4 n=4 40 ms
completed width.tblastn n=1 n=1 37 ms
completed width.tblastn n=2 n=2 42 ms
completed width.tblastn n=4 n=4 40 ms
completed tblastx.multi n=1 n=1 138 ms
completed tblastx.multi n=2 n=2 124 ms
completed tblastx.multi n=4 n=4 89 ms
completed tblastn.code4 n=1 n=1 32 ms
completed tblastn.code4 n=2 n=2 35 ms
completed tblastn.code4 n=4 n=4 35 ms
completed tblastn.batches n=1 n=1 798 ms
completed tblastn.batches n=2 n=2 786 ms
completed tblastn.batches n=4 n=4 822 ms
completed tblastx.threaded-direct n=1 n=1 65 ms
completed tblastx.threaded-direct n=2 n=2 64 ms
completed tblastx.threaded-direct n=4 n=4 69 ms
completed tblastn.query_batches n=2 n=2 5044 ms
  ✓   14 [chromium] › tests/e2e/engine.spec.ts:138:1 › V-BR: searches through the application give the expected bytes at 1, 2 and 4 threads (7.0s)
  -   15 [chromium] › tests/e2e/measure.spec.ts:207:1 › dw8: the share of a warm search that subject-only preprocessing can take
  -   16 [chromium] › tests/e2e/measure.spec.ts:238:1 › memory: the linear memory of one instance over repeated searches
  -   17 [chromium] › tests/e2e/measure.spec.ts:272:1 › auto: the search phase at 1, 2 and 4 threads by input size
  -   18 [chromium] › tests/e2e/measure.spec.ts:298:1 › cancel: the time to cancel and to prepare the next search in a new runtime
  -   19 [chromium] › tests/e2e/screens.spec.ts:36:3 › search screen at the desktop size
  -   20 [chromium] › tests/e2e/screens.spec.ts:36:3 › search screen at the phone size
  -   21 [chromium] › tests/e2e/search-measure.spec.ts:90:1 › index, check, exclusion and queueing of many records
  ✓   22 [chromium] › tests/e2e/search.spec.ts:100:1 › a file is summarized with its records, not put in the paste box; files can also be dropped (482ms)
  ✓   23 [chromium] › tests/e2e/search.spec.ts:128:1 › records: duplicate IDs by number, the engine refuses a record, exclusion, and a run after exclusion (3.9s)
  ✓   24 [chromium] › tests/e2e/search.spec.ts:164:1 › the same subject, another query: the engine keeps the subject (R1) (3.3s)
  ✓   25 [chromium] › tests/e2e/search.spec.ts:182:1 › several runs in the queue; the next job is edited while one runs; separate searches as a group (2.5s)
  ✓   26 [chromium] › tests/e2e/search.spec.ts:240:1 › cancel a running search; the next one runs (2.0s)
completed tblastn.query_batches n=4 n=4 5111 ms
  ✓   13 [chromium] › tests/e2e/engine.spec.ts:213:1 › a search that builds one thread pool after another runs threaded from a new runtime (21.4s)
cancel n=1: cancelled in 2 ms; next search prepared in 14 ms
cancel n=4: cancelled in 3 ms; next search prepared in 37 ms
  ✓   28 [chromium] › tests/e2e/engine.spec.ts:238:1 › a cancelled search ends its runtime; the next search runs in a new one with the expected bytes (1.3s)
renewed 0 n=1: subject registered
renewed 1 n=1: subject retained
renewed 2 n=4: subject registered
renewed 3 n=4: subject retained
  ✓   27 [chromium] › tests/e2e/search.spec.ts:256:1 › the region of a role with one record: the drag, the fields, the limits and the argv (3.4s)
renewed 0 n=1: subject registered
renewed 1 n=1: subject registered
renewed 2 n=4: subject registered
renewed 3 n=4: subject registered
  ✓   29 [chromium] › tests/e2e/engine.spec.ts:267:1 › a runtime renewed after every search gives the same bytes and registers the subject again (806ms)
completed compact.blastn n=4 n=4 182 ms
  ✓   31 [chromium] › tests/e2e/engine.spec.ts:290:1 › without cross-origin isolation, a threaded search runs on the serial module with the reason (304ms)
  ✓   30 [chromium] › tests/e2e/search.spec.ts:309:1 › the options form: the engine's defaults are not written; tasks, templates and genetic codes (4.2s)
  ✓   32 [chromium] › tests/e2e/search.spec.ts:351:1 › the engine's refusals of option values are shown as the engine writes them, and nothing is queued (4.4s)
  ✓   34 [chromium] › tests/e2e/search.spec.ts:401:1 › the sequence kind warning is an estimate and does not change the program (1.0s)
  ✓   33 [chromium] › tests/e2e/search.spec.ts:377:1 › empty inputs, every record excluded, a sequence without a defline, and BLASTX (3.0s)
  ✓   36 [chromium] › tests/e2e/search.spec.ts:471:1 › narrow screens put the inputs and the queue one under the other, without horizontal scrolling (1.0s)
  ✓   37 [chromium] › tests/e2e/smoke.spec.ts:4:1 › the page is cross-origin isolated, so the threaded engine can use shared memory (146ms)
  ✓   35 [chromium] › tests/e2e/search.spec.ts:413:3 › leaving and returning › the wake lock is held during a search; the page warns before it is left; the state is checked on return (2.2s)
  ✓   39 [chromium] › tests/e2e/smoke.spec.ts:37:1 › a BLASTN query of white space only is refused with the index scan error, before it is queued (346ms)
  ✓   38 [chromium] › tests/e2e/smoke.spec.ts:10:1 › paste, queue, run, view and export with the engine (705ms)
  ✓   40 [chromium] › tests/e2e/storage.spec.ts:24:1 › a tab keeps its outputs in OPFS under tmp/<session>/runs/<run>/, named by tokens only (2.7s)
  ✓   41 [chromium] › tests/e2e/storage.spec.ts:47:3 › the next tab removes the data of a tab that is killed, and keeps its own (5.5s)
  ✓   42 [chromium] › tests/e2e/storage.spec.ts:47:3 › the next tab removes the data of a tab that is closed, and keeps its own (5.4s)
  ✓   44 [chromium] › tests/e2e/storage.spec.ts:107:1 › two tabs that start at the same time remove an abandoned session once and keep each other (3.9s)
  ✓   43 [chromium] › tests/e2e/storage.spec.ts:80:1 › two open tabs, started one after the other, never remove each other's data (6.9s)
  ✓   45 [chromium] › tests/e2e/storage.spec.ts:128:1 › a stopped (frozen) tab keeps its data while another tab starts (3.8s)
  ✓   46 [chromium] › tests/e2e/storage.spec.ts:147:1 › a run that runs out of storage fails with the reason; earlier results stay and later runs work (4.1s)
pass [opfs] write and seal: a block reads back exactly the bytes appended to it
pass [opfs] read: any range of a sealed block, and nothing beyond its end
pass [opfs] write: the store keeps a copy, so the caller may reuse its buffer
pass [opfs] staging: a block cannot be read before it is sealed
[PLUGIN_TIMINGS] JavaScript callbacks ran for 2.5s of this 3.0s build (84%).
1 callback is listed without a time. Its calls overlapped, so the time inside one call includes work from other calls. To find its cost, profile the build with `node --cpu-prof`:
  - plugin vite:worker-import-meta-url transform (4 calls)
See https://rolldown.rs/reference/InputOptions.checks#bundlertimings for more details.

pass [opfs] seal: a sealed block takes no more bytes and cannot be sealed again
pass [opfs] discard: a staged or sealed block disappears and its bytes are freed
pass [opfs] create: a path that exists cannot be created again
pass [opfs] removeAll: removes one directory, sealed or not, and leaves the rest
pass [opfs] paths: empty and relative names are rejected
pass [opfs] an empty block can be sealed and read
pass [opfs] a large block: 48 MiB in 1 MiB appends reads back unchanged
FAIL [opfs] storage full: an append fails with StorageFullError, the block can only be discarded, and sealed blocks stay readable: ContractError: an append beyond the storage: expected an error matching /StorageFullError/, but nothing was thrown
  ✓   47 [firefox] › tests/e2e/browsers.spec.ts:34:3 › BlockStore contract: opfs store in a dedicated worker (without storage full) (2.8s)
pass [memory] write and seal: a block reads back exactly the bytes appended to it
pass [memory] read: any range of a sealed block, and nothing beyond its end
pass [memory] write: the store keeps a copy, so the caller may reuse its buffer
pass [memory] staging: a block cannot be read before it is sealed
pass [memory] seal: a sealed block takes no more bytes and cannot be sealed again
pass [memory] discard: a staged or sealed block disappears and its bytes are freed
pass [memory] create: a path that exists cannot be created again
pass [memory] removeAll: removes one directory, sealed or not, and leaves the rest
pass [memory] paths: empty and relative names are rejected
pass [memory] an empty block can be sealed and read
pass [run output] every stream arrives in order and the run commits
pass [memory] a large block: 48 MiB in 1 MiB appends reads back unchanged
pass [memory] storage full: an append fails with StorageFullError, the block can only be discarded, and sealed blocks stay readable
  ✓   49 [firefox] › tests/e2e/browsers.spec.ts:34:3 › BlockStore contract: memory store in a dedicated worker (without storage full) (498ms)
  -   50 [firefox] › tests/e2e/contracts.spec.ts:32:3 › BlockStore contract: opfs store in a dedicated worker
  -   51 [firefox] › tests/e2e/contracts.spec.ts:32:3 › BlockStore contract: memory store in a dedicated worker
  -   52 [firefox] › tests/e2e/contracts.spec.ts:40:1 › run output contract: a writer in its own worker and the real Data worker (OPFS)
pass [run output] many small chunks and one large chunk arrive unchanged
pass [run output] a run without output commits with empty outputs
pass [run output] staging: a run cannot be read before it is committed, and the commit waits for end
pass [run output] an end whose totals disagree fails the commit and discards the run
pass [run output] a message outside the protocol fails the commit
pass [run output] discard drops a staged run and ignores its late chunks
pass [run output] a committed run is kept by discard and removed by delete
pass [run output] two staged runs keep their outputs apart
pass [run output] the writer refuses to write after end
FAIL [run output] storage full: the run fails with the reason, and committed runs stay readable: ContractError: commit: expected a rejection matching /StorageFullError: Not enough temporary storage/, but it resolved
run output contract on the opfs store
  ✓   48 [firefox] › tests/e2e/browsers.spec.ts:49:1 › run output contract: a writer in its own worker and the real Data worker (without storage full) (4.3s)
  ✓   54 [firefox] › tests/e2e/browsers.spec.ts:59:1 › the application keeps results in OPFS, or in memory with the reason shown (513ms)
pass [record scanner] scan: one record with regular lines (LF)
pass [record scanner] scan: CRLF line ends
pass [record scanner] scan: lines of different lengths
pass [record scanner] scan: several records, the last without a final newline
pass [record scanner] scan: a blank line inside a sequence
pass [record scanner] scan: interior white space belongs to the sequence, trailing white space does not
pass [record scanner] scan: a non-ASCII header
pass [record scanner] scan: residues keep their case
pass [record scanner] scan: a record without residues
pass [record scanner] scan: an empty record ends the input (bio stops reading there)
pass [record scanner] scan: a header line without a newline at the end of the input
pass [record scanner] scan: an empty input has no records
pass [record scanner] scan: a U+FEFF at the start of a header is part of the ID
pass [record scanner] scan: bytes after the empty record that ends the input are not read
pass [record scanner] scan: a long record (4 checkpoints) with lines of 60 and 61 residues
pass [record scanner] scan: a long record with regular 80-residue lines
pass [record scanner] scan: the parser's error for text before the first header
pass [record scanner] scan: the parser's error for a blank line before the first header
pass [record scanner] scan: the parser's error for white space only
pass [record scanner] scan: the parser's error for a first line that is not a header, before bytes that are not UTF-8
pass [record scanner] scan: the parser's error for bytes that are not UTF-8
pass [record scanner] scan: a multi-byte character split across chunks
pass [record scanner] scan: parser kind 1 is refused until SX
  ✓   53 [firefox] › tests/e2e/engine.spec.ts:94:1 › record scanner contract: the serial reactor (3.2s)
pass [engine input] register: the run proceeds when the record tables agree
multi.blastn n=1: subject registered
pass [engine input] register: a query record with another ID stops the run before any output
multi.megablast n=1: subject retained
iupac.beyond_table.blastn n=1: subject retained
pass [engine input] register: a subject record with another length stops the run before any output
rna.megablast n=1: subject retained
multi.mts3.blastn n=1: subject retained
pass [engine input] register: a missing record stops the run before any output
  ✓   56 [firefox] › tests/e2e/engine.spec.ts:102:3 › engine input contract: the real EngineGateway at 1 thread(s) (1.3s)
multi.ws7_e1000.blastn n=4: subject registered
pass [engine input] register: the run proceeds when the record tables agree
multi.besthit.blastn n=4: subject retained
pass [engine input] register: a query record with another ID stops the run before any output
tblastx.multi n=1: subject registered
pass [engine input] register: a subject record with another length stops the run before any output
pass [engine input] register: a missing record stops the run before any output
  ✓   57 [firefox] › tests/e2e/engine.spec.ts:102:3 › engine input contract: the real EngineGateway at 4 thread(s) (1.4s)
tblastx.batch n=1: subject retained
pass [run output, Engine worker] every stream arrives in order and the run commits
tblastx.mts1 n=4: subject registered
pass [run output, Engine worker] many small chunks and one large chunk arrive unchanged
pass [run output, Engine worker] a run without output commits with empty outputs
tblastx.thrwin n=4: subject retained
pass [run output, Engine worker] staging: a run cannot be read before it is committed, and the commit waits for end
pass [run output, Engine worker] an end whose totals disagree fails the commit and discards the run
pass [run output, Engine worker] a message outside the protocol fails the commit
pass [run output, Engine worker] discard drops a staged run and ignores its late chunks
pass [run output, Engine worker] a committed run is kept by discard and removed by delete
  ✓   55 [firefox] › tests/e2e/engine.spec.ts:171:1 › R1: searches of one subject with other queries and options reuse it and give the expected bytes (5.5s)
pass [run output, Engine worker] two staged runs keep their outputs apart
pass [run output, Engine worker] the writer refuses to write after end
FAIL [run output, Engine worker] storage full: the run fails with the reason, and committed runs stay readable: ContractError: commit: expected a rejection matching /StorageFullError: Not enough temporary storage/, but it resolved
  ✓   58 [firefox] › tests/e2e/engine.spec.ts:129:1 › run output contract: the writer in the Engine worker, the real Data worker (without storage full) (3.3s)
completed compact.blastn n=1 n=1 430 ms
completed compact.blastn n=2 n=2 185 ms
completed compact.blastn n=4 n=4 235 ms
completed multi.blastn n=1 n=1 198 ms
completed multi.blastn n=2 n=2 182 ms
completed multi.blastn n=4 n=4 201 ms
completed mask.lcase.megablast n=1 n=1 181 ms
completed mask.lcase.megablast n=2 n=2 212 ms
completed mask.lcase.megablast n=4 n=4 210 ms
completed width.blastp n=1 n=1 182 ms
completed width.blastp n=2 n=2 193 ms
completed width.blastp n=4 n=4 210 ms
completed width.tblastn n=1 n=1 182 ms
completed width.tblastn n=2 n=2 192 ms
completed width.tblastn n=4 n=4 194 ms
completed tblastx.multi n=1 n=1 473 ms
completed tblastx.multi n=2 n=2 473 ms
completed tblastx.multi n=4 n=4 426 ms
completed tblastn.code4 n=1 n=1 186 ms
completed tblastn.code4 n=2 n=2 234 ms
completed tblastn.code4 n=4 n=4 211 ms
completed tblastn.batches n=1 n=1 5234 ms
completed tblastn.batches n=2 n=2 4488 ms
completed tblastn.batches n=4 n=4 3848 ms
completed tblastx.threaded-direct n=1 n=1 294 ms
completed tblastx.threaded-direct n=2 n=2 279 ms
completed tblastx.threaded-direct n=4 n=4 286 ms
  ✓   60 [firefox] › tests/e2e/engine.spec.ts:138:1 › V-BR: searches through the application give the expected bytes at 1, 2 and 4 threads (22.6s)
  -   61 [firefox] › tests/e2e/measure.spec.ts:207:1 › dw8: the share of a warm search that subject-only preprocessing can take
  -   62 [firefox] › tests/e2e/measure.spec.ts:238:1 › memory: the linear memory of one instance over repeated searches
  -   63 [firefox] › tests/e2e/measure.spec.ts:272:1 › auto: the search phase at 1, 2 and 4 threads by input size
  -   64 [firefox] › tests/e2e/measure.spec.ts:298:1 › cancel: the time to cancel and to prepare the next search in a new runtime
  -   65 [firefox] › tests/e2e/screens.spec.ts:36:3 › search screen at the desktop size
  -   66 [firefox] › tests/e2e/screens.spec.ts:36:3 › search screen at the phone size
  -   67 [firefox] › tests/e2e/search-measure.spec.ts:90:1 › index, check, exclusion and queueing of many records
  ✓   68 [firefox] › tests/e2e/search.spec.ts:100:1 › a file is summarized with its records, not put in the paste box; files can also be dropped (776ms)
  ✓   69 [firefox] › tests/e2e/search.spec.ts:128:1 › records: duplicate IDs by number, the engine refuses a record, exclusion, and a run after exclusion (5.3s)
completed tblastn.query_batches n=2 n=2 29404 ms
  ✓   70 [firefox] › tests/e2e/search.spec.ts:164:1 › the same subject, another query: the engine keeps the subject (R1) (4.0s)
  ✓   71 [firefox] › tests/e2e/search.spec.ts:182:1 › several runs in the queue; the next job is edited while one runs; separate searches as a group (4.0s)
  ✓   72 [firefox] › tests/e2e/search.spec.ts:240:1 › cancel a running search; the next one runs (3.0s)
  ✓   73 [firefox] › tests/e2e/search.spec.ts:256:1 › the region of a role with one record: the drag, the fields, the limits and the argv (3.8s)
  ✓   74 [firefox] › tests/e2e/search.spec.ts:309:1 › the options form: the engine's defaults are not written; tasks, templates and genetic codes (4.8s)
  ✓   75 [firefox] › tests/e2e/search.spec.ts:351:1 › the engine's refusals of option values are shown as the engine writes them, and nothing is queued (4.6s)
  ✓   76 [firefox] › tests/e2e/search.spec.ts:377:1 › empty inputs, every record excluded, a sequence without a defline, and BLASTX (3.4s)
  ✓   77 [firefox] › tests/e2e/search.spec.ts:401:1 › the sequence kind warning is an estimate and does not change the program (728ms)
  ✓   78 [firefox] › tests/e2e/search.spec.ts:413:3 › leaving and returning › the wake lock is held during a search; the page warns before it is left; the state is checked on return (3.3s)
  ✓   79 [firefox] › tests/e2e/search.spec.ts:471:1 › narrow screens put the inputs and the queue one under the other, without horizontal scrolling (1.2s)
  ✓   80 [firefox] › tests/e2e/smoke.spec.ts:4:1 › the page is cross-origin isolated, so the threaded engine can use shared memory (701ms)
  ✓   81 [firefox] › tests/e2e/smoke.spec.ts:10:1 › paste, queue, run, view and export with the engine (1.6s)
  ✓   82 [firefox] › tests/e2e/smoke.spec.ts:37:1 › a BLASTN query of white space only is refused with the index scan error, before it is queued (595ms)
  -   83 [firefox] › tests/e2e/storage.spec.ts:24:1 › a tab keeps its outputs in OPFS under tmp/<session>/runs/<run>/, named by tokens only
  -   84 [firefox] › tests/e2e/storage.spec.ts:47:3 › the next tab removes the data of a tab that is killed, and keeps its own
  -   85 [firefox] › tests/e2e/storage.spec.ts:47:3 › the next tab removes the data of a tab that is closed, and keeps its own
  -   86 [firefox] › tests/e2e/storage.spec.ts:80:1 › two open tabs, started one after the other, never remove each other's data
  -   87 [firefox] › tests/e2e/storage.spec.ts:107:1 › two tabs that start at the same time remove an abandoned session once and keep each other
  -   88 [firefox] › tests/e2e/storage.spec.ts:128:1 › a stopped (frozen) tab keeps its data while another tab starts
  -   89 [firefox] › tests/e2e/storage.spec.ts:147:1 › a run that runs out of storage fails with the reason; earlier results stay and later runs work
completed tblastn.query_batches n=4 n=4 29233 ms
  ✓   59 [firefox] › tests/e2e/engine.spec.ts:213:1 › a search that builds one thread pool after another runs threaded from a new runtime (1.2m)
cancel n=1: cancelled in 68 ms; next search prepared in 116 ms
cancel n=4: cancelled in 64 ms; next search prepared in 137 ms
  ✓   91 [firefox] › tests/e2e/engine.spec.ts:238:1 › a cancelled search ends its runtime; the next search runs in a new one with the expected bytes (2.6s)
  -   90 [webkit] › tests/e2e/browsers.spec.ts:34:3 › BlockStore contract: opfs store in a dedicated worker (without storage full)
pass [memory] write and seal: a block reads back exactly the bytes appended to it
pass [memory] read: any range of a sealed block, and nothing beyond its end
pass [memory] write: the store keeps a copy, so the caller may reuse its buffer
pass [memory] staging: a block cannot be read before it is sealed
pass [memory] seal: a sealed block takes no more bytes and cannot be sealed again
pass [memory] discard: a staged or sealed block disappears and its bytes are freed
pass [memory] create: a path that exists cannot be created again
pass [memory] removeAll: removes one directory, sealed or not, and leaves the rest
pass [memory] paths: empty and relative names are rejected
pass [memory] an empty block can be sealed and read
pass [memory] a large block: 48 MiB in 1 MiB appends reads back unchanged
pass [memory] storage full: an append fails with StorageFullError, the block can only be discarded, and sealed blocks stay readable
  ✓   93 [webkit] › tests/e2e/browsers.spec.ts:34:3 › BlockStore contract: memory store in a dedicated worker (without storage full) (601ms)
renewed 0 n=1: subject registered
renewed 1 n=1: subject retained
renewed 2 n=4: subject registered
renewed 3 n=4: subject retained
renewed 0 n=1: subject registered
renewed 1 n=1: subject registered
renewed 2 n=4: subject registered
renewed 3 n=4: subject registered
  ✓   92 [firefox] › tests/e2e/engine.spec.ts:267:1 › a runtime renewed after every search gives the same bytes and registers the subject again (2.6s)
completed compact.blastn n=4 n=4 436 ms
  ✓   95 [firefox] › tests/e2e/engine.spec.ts:290:1 › without cross-origin isolation, a threaded search runs on the serial module with the reason (682ms)
pass [run output] every stream arrives in order and the run commits
pass [run output] many small chunks and one large chunk arrive unchanged
pass [run output] a run without output commits with empty outputs
pass [run output] staging: a run cannot be read before it is committed, and the commit waits for end
pass [run output] an end whose totals disagree fails the commit and discards the run
pass [run output] a message outside the protocol fails the commit
pass [run output] discard drops a staged run and ignores its late chunks
pass [run output] a committed run is kept by discard and removed by delete
pass [run output] two staged runs keep their outputs apart
pass [run output] the writer refuses to write after end
FAIL [run output] storage full: the run fails with the reason, and committed runs stay readable: ContractError: commit: expected a rejection matching /StorageFullError: Not enough temporary storage/, but it resolved
run output contract on the memory store
  ✓   94 [webkit] › tests/e2e/browsers.spec.ts:49:1 › run output contract: a writer in its own worker and the real Data worker (without storage full) (1.1s)
  ✓   96 [webkit] › tests/e2e/browsers.spec.ts:59:1 › the application keeps results in OPFS, or in memory with the reason shown (485ms)
  -   97 [webkit] › tests/e2e/contracts.spec.ts:40:1 › run output contract: a writer in its own worker and the real Data worker (OPFS)
  -   99 [webkit] › tests/e2e/contracts.spec.ts:32:3 › BlockStore contract: opfs store in a dedicated worker
  -  100 [webkit] › tests/e2e/contracts.spec.ts:32:3 › BlockStore contract: memory store in a dedicated worker
[PLUGIN_TIMINGS] JavaScript callbacks ran for 3.2s of this 3.7s build (86%).
The slowest callbacks, timed inside each callback (the wait before a callback starts is excluded, the time it awaits is included):
  - plugin vite:build-html transform (39%, 1.4s, 1 call)
Additional callback time came from the callbacks below and from callbacks under 1s.
1 callback is listed without a time. Its calls overlapped, so the time inside one call includes work from other calls. To find its cost, profile the build with `node --cpu-prof`:
  - plugin vite:worker-import-meta-url transform (4 calls)
See https://rolldown.rs/reference/InputOptions.checks#bundlertimings for more details.

pass [record scanner] scan: one record with regular lines (LF)
pass [record scanner] scan: CRLF line ends
pass [record scanner] scan: lines of different lengths
pass [record scanner] scan: several records, the last without a final newline
pass [record scanner] scan: a blank line inside a sequence
pass [record scanner] scan: interior white space belongs to the sequence, trailing white space does not
pass [record scanner] scan: a non-ASCII header
pass [record scanner] scan: residues keep their case
pass [record scanner] scan: a record without residues
pass [record scanner] scan: an empty record ends the input (bio stops reading there)
pass [record scanner] scan: a header line without a newline at the end of the input
pass [record scanner] scan: an empty input has no records
pass [record scanner] scan: a U+FEFF at the start of a header is part of the ID
pass [record scanner] scan: bytes after the empty record that ends the input are not read
pass [record scanner] scan: a long record (4 checkpoints) with lines of 60 and 61 residues
pass [record scanner] scan: a long record with regular 80-residue lines
pass [record scanner] scan: the parser's error for text before the first header
pass [record scanner] scan: the parser's error for a blank line before the first header
pass [record scanner] scan: the parser's error for white space only
pass [record scanner] scan: the parser's error for a first line that is not a header, before bytes that are not UTF-8
pass [record scanner] scan: the parser's error for bytes that are not UTF-8
pass [record scanner] scan: a multi-byte character split across chunks
pass [record scanner] scan: parser kind 1 is refused until SX
  ✓   98 [webkit] › tests/e2e/engine.spec.ts:94:1 › record scanner contract: the serial reactor (722ms)
pass [engine input] register: the run proceeds when the record tables agree
pass [engine input] register: a query record with another ID stops the run before any output
pass [engine input] register: a subject record with another length stops the run before any output
[PLUGIN_TIMINGS] JavaScript callbacks ran for 2.8s of this 3.5s build (82%).
1 callback is listed without a time. Its calls overlapped, so the time inside one call includes work from other calls. To find its cost, profile the build with `node --cpu-prof`:
  - plugin vite:worker-import-meta-url transform (4 calls)
See https://rolldown.rs/reference/InputOptions.checks#bundlertimings for more details.

pass [engine input] register: a missing record stops the run before any output
  ✓  102 [webkit] › tests/e2e/engine.spec.ts:102:3 › engine input contract: the real EngineGateway at 1 thread(s) (1.4s)
pass [engine input] register: the run proceeds when the record tables agree
multi.blastn n=1: subject registered
multi.megablast n=1: subject retained
iupac.beyond_table.blastn n=1: subject retained
rna.megablast n=1: subject retained
multi.mts3.blastn n=1: subject retained
pass [engine input] register: a query record with another ID stops the run before any output
multi.ws7_e1000.blastn n=4: subject registered
multi.besthit.blastn n=4: subject retained
tblastx.multi n=1: subject registered
tblastx.batch n=1: subject retained
pass [engine input] register: a subject record with another length stops the run before any output
tblastx.mts1 n=4: subject registered
tblastx.thrwin n=4: subject retained
pass [engine input] register: a missing record stops the run before any output
  ✓  103 [webkit] › tests/e2e/engine.spec.ts:102:3 › engine input contract: the real EngineGateway at 4 thread(s) (1.5s)
pass [run output, Engine worker] every stream arrives in order and the run commits
pass [run output, Engine worker] many small chunks and one large chunk arrive unchanged
pass [run output, Engine worker] a run without output commits with empty outputs
pass [run output, Engine worker] staging: a run cannot be read before it is committed, and the commit waits for end
pass [run output, Engine worker] an end whose totals disagree fails the commit and discards the run
pass [run output, Engine worker] a message outside the protocol fails the commit
pass [run output, Engine worker] discard drops a staged run and ignores its late chunks
pass [run output, Engine worker] a committed run is kept by discard and removed by delete
pass [run output, Engine worker] two staged runs keep their outputs apart
pass [run output, Engine worker] the writer refuses to write after end
FAIL [run output, Engine worker] storage full: the run fails with the reason, and committed runs stay readable: ContractError: commit: expected a rejection matching /StorageFullError: Not enough temporary storage/, but it resolved
  ✓  104 [webkit] › tests/e2e/engine.spec.ts:129:1 › run output contract: the writer in the Engine worker, the real Data worker (without storage full) (1.0s)
  ✓  101 [webkit] › tests/e2e/engine.spec.ts:171:1 › R1: searches of one subject with other queries and options reuse it and give the expected bytes (2.7s)
completed compact.blastn n=1 n=1 301 ms
completed compact.blastn n=2 n=2 92 ms
completed compact.blastn n=4 n=4 75 ms
completed multi.blastn n=1 n=1 49 ms
completed multi.blastn n=2 n=2 90 ms
completed multi.blastn n=4 n=4 117 ms
completed mask.lcase.megablast n=1 n=1 25 ms
completed mask.lcase.megablast n=2 n=2 61 ms
completed mask.lcase.megablast n=4 n=4 64 ms
completed width.blastp n=1 n=1 49 ms
completed width.blastp n=2 n=2 54 ms
completed width.blastp n=4 n=4 33 ms
completed width.tblastn n=1 n=1 27 ms
completed width.tblastn n=2 n=2 39 ms
completed width.tblastn n=4 n=4 32 ms
completed tblastx.multi n=1 n=1 134 ms
completed tblastx.multi n=2 n=2 133 ms
completed tblastx.multi n=4 n=4 95 ms
completed tblastn.code4 n=1 n=1 30 ms
completed tblastn.code4 n=2 n=2 36 ms
completed tblastn.code4 n=4 n=4 42 ms
completed tblastn.batches n=1 n=1 920 ms
completed tblastn.batches n=2 n=2 767 ms
completed tblastn.batches n=4 n=4 795 ms
completed tblastx.threaded-direct n=1 n=1 44 ms
completed tblastx.threaded-direct n=2 n=2 49 ms
completed tblastx.threaded-direct n=4 n=4 52 ms
completed tblastn.query_batches n=2 n=2 5193 ms
  ✓  105 [webkit] › tests/e2e/engine.spec.ts:138:1 › V-BR: searches through the application give the expected bytes at 1, 2 and 4 threads (7.3s)
  -  107 [webkit] › tests/e2e/measure.spec.ts:207:1 › dw8: the share of a warm search that subject-only preprocessing can take
  -  108 [webkit] › tests/e2e/measure.spec.ts:238:1 › memory: the linear memory of one instance over repeated searches
  -  109 [webkit] › tests/e2e/measure.spec.ts:272:1 › auto: the search phase at 1, 2 and 4 threads by input size
  -  110 [webkit] › tests/e2e/measure.spec.ts:298:1 › cancel: the time to cancel and to prepare the next search in a new runtime
  -  111 [webkit] › tests/e2e/screens.spec.ts:36:3 › search screen at the desktop size
  -  112 [webkit] › tests/e2e/screens.spec.ts:36:3 › search screen at the phone size
  -  113 [webkit] › tests/e2e/search-measure.spec.ts:90:1 › index, check, exclusion and queueing of many records
  ✓  114 [webkit] › tests/e2e/search.spec.ts:100:1 › a file is summarized with its records, not put in the paste box; files can also be dropped (895ms)
  ✓  115 [webkit] › tests/e2e/search.spec.ts:128:1 › records: duplicate IDs by number, the engine refuses a record, exclusion, and a run after exclusion (3.7s)
  ✓  116 [webkit] › tests/e2e/search.spec.ts:164:1 › the same subject, another query: the engine keeps the subject (R1) (3.4s)
  ✓  117 [webkit] › tests/e2e/search.spec.ts:182:1 › several runs in the queue; the next job is edited while one runs; separate searches as a group (3.6s)
  ✓  118 [webkit] › tests/e2e/search.spec.ts:240:1 › cancel a running search; the next one runs (3.1s)
completed tblastn.query_batches n=4 n=4 6589 ms
  ✓  106 [webkit] › tests/e2e/engine.spec.ts:213:1 › a search that builds one thread pool after another runs threaded from a new runtime (25.6s)
  ✓  119 [webkit] › tests/e2e/search.spec.ts:256:1 › the region of a role with one record: the drag, the fields, the limits and the argv (3.8s)
cancel n=1: cancelled in 2 ms; next search prepared in 15 ms
cancel n=4: cancelled in 1 ms; next search prepared in 145 ms
  ✓  120 [webkit] › tests/e2e/engine.spec.ts:238:1 › a cancelled search ends its runtime; the next search runs in a new one with the expected bytes (2.0s)
renewed 0 n=1: subject registered
renewed 1 n=1: subject retained
renewed 2 n=4: subject registered
renewed 3 n=4: subject retained
renewed 0 n=1: subject registered
renewed 1 n=1: subject registered
renewed 2 n=4: subject registered
renewed 3 n=4: subject registered
  ✓  122 [webkit] › tests/e2e/engine.spec.ts:267:1 › a runtime renewed after every search gives the same bytes and registers the subject again (1.9s)
  ✓  121 [webkit] › tests/e2e/search.spec.ts:309:1 › the options form: the engine's defaults are not written; tasks, templates and genetic codes (3.9s)
completed compact.blastn n=4 n=4 224 ms
  ✓  123 [webkit] › tests/e2e/engine.spec.ts:290:1 › without cross-origin isolation, a threaded search runs on the serial module with the reason (522ms)
  ✓  125 [webkit] › tests/e2e/search.spec.ts:377:1 › empty inputs, every record excluded, a sequence without a defline, and BLASTX (3.0s)
  ✓  124 [webkit] › tests/e2e/search.spec.ts:351:1 › the engine's refusals of option values are shown as the engine writes them, and nothing is queued (4.2s)
  ✓  126 [webkit] › tests/e2e/search.spec.ts:401:1 › the sequence kind warning is an estimate and does not change the program (1.6s)
  ✓  128 [webkit] › tests/e2e/search.spec.ts:471:1 › narrow screens put the inputs and the queue one under the other, without horizontal scrolling (1.2s)
  ✓  129 [webkit] › tests/e2e/smoke.spec.ts:4:1 › the page is cross-origin isolated, so the threaded engine can use shared memory (534ms)
  ✓  127 [webkit] › tests/e2e/search.spec.ts:413:3 › leaving and returning › the wake lock is held during a search; the page warns before it is left; the state is checked on return (4.1s)
  ✓  130 [webkit] › tests/e2e/smoke.spec.ts:10:1 › paste, queue, run, view and export with the engine (2.3s)
  -  132 [webkit] › tests/e2e/storage.spec.ts:24:1 › a tab keeps its outputs in OPFS under tmp/<session>/runs/<run>/, named by tokens only
  -  133 [webkit] › tests/e2e/storage.spec.ts:47:3 › the next tab removes the data of a tab that is killed, and keeps its own
  -  134 [webkit] › tests/e2e/storage.spec.ts:47:3 › the next tab removes the data of a tab that is closed, and keeps its own
  -  135 [webkit] › tests/e2e/storage.spec.ts:80:1 › two open tabs, started one after the other, never remove each other's data
  -  136 [webkit] › tests/e2e/storage.spec.ts:107:1 › two tabs that start at the same time remove an abandoned session once and keep each other
  -  137 [webkit] › tests/e2e/storage.spec.ts:128:1 › a stopped (frozen) tab keeps its data while another tab starts
  -  138 [webkit] › tests/e2e/storage.spec.ts:147:1 › a run that runs out of storage fails with the reason; earlier results stay and later runs work
  ✓  131 [webkit] › tests/e2e/smoke.spec.ts:37:1 › a BLASTN query of white space only is refused with the index scan error, before it is queued (939ms)

  46 skipped
  92 passed (4.2m)
