[WebServer] (!) Your Vite config uses features that are unsupported by `configLoader: 'native'`, which is planned to become the default in a future major version of Vite:
[WebServer]   - import "./output-format" without a file extension (src/domain/verification.ts:9:35). Add the file extension
[WebServer]   - import "./programs" without a file extension (src/domain/verification.ts:10:32). Add the file extension
[WebServer] Set `VITE_CONFIG_NATIVE_IGNORE_WARNING=true` to suppress this warning.
[WebServer] (!) Your Vite config uses features that are unsupported by `configLoader: 'native'`, which is planned to become the default in a future major version of Vite:
[WebServer]   - import "./output-format" without a file extension (src/domain/verification.ts:9:35). Add the file extension
[WebServer]   - import "./programs" without a file extension (src/domain/verification.ts:10:32). Add the file extension
[WebServer] Set `VITE_CONFIG_NATIVE_IGNORE_WARNING=true` to suppress this warning.

Running 3 tests using 1 worker

webkit 10000 queries: search {"indexMs":880,"checkMs":5,"enqueueMs":142,"searchMs":4974,"elapsed":"0:04","path":"threaded, 4 threads (requested: Auto)"}
webkit 10000 queries: FAILED object null is not iterable (cannot read property Symbol(Symbol.iterator))
  ✓  1 [webkit] › tests/e2e/results-measure.spec.ts:595:3 › 10,000 queries: opening the run, the query picker, finding and sorting (6.1s)
webkit 100000 queries: search {"indexMs":4892,"checkMs":967,"enqueueMs":412,"searchMs":5310,"elapsed":"0:05","path":"threaded, 4 threads (requested: Auto)"}
webkit 100000 queries: FAILED object null is not iterable (cannot read property Symbol(Symbol.iterator))
  ✓  2 [webkit] › tests/e2e/results-measure.spec.ts:595:3 › 100,000 queries: opening the run, the query picker, finding and sorting (15.9s)
webkit 1500 copies: search {"indexMs":38,"checkMs":7,"enqueueMs":105,"searchMs":4312,"elapsed":"0:04","path":"threaded, 4 threads (requested: Auto)"}
webkit 1500 copies: 2995 HSPs {"open":{"ms":{"median":240,"min":177,"max":242},"paintMs":{"median":294,"min":231,"max":302}},"hsps":{"median":2995,"min":2995,"max":2995},"hspRowsDrawn":{"median":20,"min":20,"max":20},"showDotPlot":{"ms":{"median":14,"min":12,"max":19},"paintMs":{"median":80,"min":76,"max":89}},"segments":{"median":2995,"min":2995,"max":2995},"coloured":{"median":2958386,"min":2958386,"max":2958386},"zoomIn":{"ms":{"median":10,"min":9,"max":20},"paintMs":{"median":61,"min":59,"max":67}},"zoomOut":{"ms":{"median":11,"min":5,"max":12},"paintMs":{"median":47,"min":45,"max":50}},"zoomToHsp":{"ms":{"median":17,"min":5,"max":29},"paintMs":{"median":69,"min":58,"max":70}},"reset":{"ms":{"median":7,"min":4,"max":13},"paintMs":{"median":46,"min":44,"max":53}},"selectByKey":{"ms":{"median":43,"min":42,"max":50},"paintMs":{"median":55,"min":55,"max":63}},"selectByClick":{"ms":{"median":48,"min":48,"max":50},"paintMs":{"median":59,"min":58,"max":59}},"clickHitTarget":{"median":0,"min":0,"max":0},"popupByKey":{"ms":{"median":16,"min":14,"max":36},"paintMs":{"median":49,"min":48,"max":54}},"selectInList":{"ms":{"median":24,"min":24,"max":25},"paintMs":{"median":77,"min":77,"max":77}},"sortHsps":{"ms":{"median":10,"min":10,"max":11},"paintMs":{"median":57,"min":54,"max":58}},"scrollHspList":{"ms":{"median":4,"min":4,"max":14},"paintMs":{"median":19,"min":19,"max":28}}}
webkit 3000 copies: FAILED run 3 ended failed: Not enough temporary storage for the results of this run: this browser keeps results in memory, at most 512 MB in a tab. Earlier results are kept.
webkit 4000 copies: FAILED run 4 ended failed: The engine stopped (it ran out of memory): memory allocation of 49861 bytes failed (Unreachable code should not be executed (evaluating 'e(...t)'))
webkit 1500 copies: tray {"addAll":{"ms":{"median":19,"min":15,"max":21},"paintMs":{"median":124,"min":115,"max":132}},"candidates":{"median":2995,"min":2995,"max":2995},"openTray":{"ms":{"median":12,"min":11,"max":39},"paintMs":{"median":73,"min":70,"max":98}},"scrollToEnd":{"ms":{"median":11,"min":8,"max":12},"paintMs":{"median":48,"min":37,"max":67}},"rowsDrawnAtEnd":{"median":14,"min":14,"max":14},"sortBySubject":{"ms":{"median":25,"min":19,"max":34},"paintMs":{"median":76,"min":58,"max":86}},"extract":{"ms":{"median":120,"min":120,"max":122},"paintMs":{"median":160,"min":154,"max":162}},"downloadMs":{"median":119,"min":112,"max":130},"sequences":{"median":100,"min":100,"max":100},"bytes":{"median":114675,"min":114675,"max":114675},"removeAll":{"ms":{"median":9,"min":6,"max":11},"paintMs":{"median":45,"min":45,"max":48}}}
webkit 1500 copies: files {"scope":"all","hsps":2995,"filteredHsps":2995,"outputsShownMs":299,"csv":{"name":"losat-run2-blastn-hsps.csv","bytes":316052,"ms":158,"paintMs":209,"downloadMs":29,"frames":4,"maxFrameGapMs":138,"maxFrameGapEndMs":164,"maxTaskLagMs":20},"json":{"name":"losat-run2-blastn-hsps.json","bytes":91763005,"ms":793,"paintMs":875,"downloadMs":791,"frames":46,"maxFrameGapMs":125,"maxFrameGapEndMs":134,"maxTaskLagMs":16},"report":{"name":"losat-run2-blastn-report.html","bytes":180484165,"ms":967,"paintMs":1014,"downloadMs":972,"frames":57,"maxFrameGapMs":150,"maxFrameGapEndMs":176,"maxTaskLagMs":18},"outfmt6":{"name":"losat-run2-blastn.outfmt6.txt","bytes":184414,"downloadMs":8,"frames":1,"maxFrameGapMs":13,"maxFrameGapEndMs":21,"maxTaskLagMs":0},"svg":{"name":"losat-run2-dotplot-q1-s1.svg","bytes":96713,"downloadMs":27,"frames":2,"maxFrameGapMs":20,"maxFrameGapEndMs":26,"maxTaskLagMs":18,"segments":2995}}
webkit 1500 copies: session {"candidates":2995,"runs":2,"save":{"name":"losat-session-20261011-014851.losat-session.gz","bytes":18448644,"ms":2506,"paintMs":2542,"downloadMs":6081,"frames":158,"maxFrameGapMs":41,"maxFrameGapEndMs":62,"maxTaskLagMs":19},"saveMessage":"Saved losat-session-20261011-014851.losat-session.gz: 2 runs and 2995 candidates with their notes.","open":{"ms":2027,"paintMs":2063,"frames":120,"maxFrameGapMs":84,"maxFrameGapEndMs":279,"maxTaskLagMs":50},"openMessage":"Opened measured.losat-session.gz: 2 runs (runs 1 to 2 here) and 2995 candidates with their notes. Nothing was searched again.","openedRuns":2,"openedCandidates":2995}
  ✓  3 [webkit] › tests/e2e/results-measure.spec.ts:1267:1 › many HSPs in one query-subject pair: the dot plot and the HSP list (1.9m)

  3 passed (2.3m)
