(node:1049309) ExperimentalWarning: WASI is an experimental feature and might change at any time
(Use `node --trace-warnings ...` to show where the warning was created)
ok threads describe, validate, register, scan
ok threads n1 code1.fmt0.n1.r0,code1.fmt0.n4.r0,code1.fmt6.n1.r0,code1.fmt6.n4.r0,code1.fmt7.n1.r0,code1.fmt7.n4.r0
(node:1049309) ExperimentalWarning: WASI is an experimental feature and might change at any time
(Use `node --trace-warnings ...` to show where the warning was created)
ok threads n2 code1.fmt0.n1.r0,code1.fmt0.n4.r0,code1.fmt6.n1.r0,code1.fmt6.n4.r0,code1.fmt7.n1.r0,code1.fmt7.n4.r0
(node:1049309) ExperimentalWarning: WASI is an experimental feature and might change at any time
(Use `node --trace-warnings ...` to show where the warning was created)
(node:1049309) ExperimentalWarning: WASI is an experimental feature and might change at any time
(Use `node --trace-warnings ...` to show where the warning was created)
(node:1049309) ExperimentalWarning: WASI is an experimental feature and might change at any time
(Use `node --trace-warnings ...` to show where the warning was created)
ok threads n4 code1.fmt0.n1.r0,code1.fmt0.n4.r0,code1.fmt6.n1.r0,code1.fmt6.n4.r0,code1.fmt7.n1.r0,code1.fmt7.n4.r0
ok threads n1 code2.fmt0.n1.r0,code2.fmt0.n4.r0,code2.fmt6.n1.r0,code2.fmt6.n4.r0,code2.fmt7.n1.r0,code2.fmt7.n4.r0
(node:1049309) ExperimentalWarning: WASI is an experimental feature and might change at any time
(Use `node --trace-warnings ...` to show where the warning was created)
ok threads n2 code2.fmt0.n1.r0,code2.fmt0.n4.r0,code2.fmt6.n1.r0,code2.fmt6.n4.r0,code2.fmt7.n1.r0,code2.fmt7.n4.r0
(node:1049309) ExperimentalWarning: WASI is an experimental feature and might change at any time
(Use `node --trace-warnings ...` to show where the warning was created)
(node:1049309) ExperimentalWarning: WASI is an experimental feature and might change at any time
(Use `node --trace-warnings ...` to show where the warning was created)
(node:1049309) ExperimentalWarning: WASI is an experimental feature and might change at any time
(Use `node --trace-warnings ...` to show where the warning was created)
ok threads n4 code2.fmt0.n1.r0,code2.fmt0.n4.r0,code2.fmt6.n1.r0,code2.fmt6.n4.r0,code2.fmt7.n1.r0,code2.fmt7.n4.r0
ok threads n1 code3.fmt0.n1.r0,code3.fmt0.n4.r0,code3.fmt6.n1.r0,code3.fmt6.n4.r0,code3.fmt7.n1.r0,code3.fmt7.n4.r0
(node:1049309) ExperimentalWarning: WASI is an experimental feature and might change at any time
(Use `node --trace-warnings ...` to show where the warning was created)
ok threads n2 code3.fmt0.n1.r0,code3.fmt0.n4.r0,code3.fmt6.n1.r0,code3.fmt6.n4.r0,code3.fmt7.n1.r0,code3.fmt7.n4.r0
(node:1049309) ExperimentalWarning: WASI is an experimental feature and might change at any time
(Use `node --trace-warnings ...` to show where the warning was created)
(node:1049309) ExperimentalWarning: WASI is an experimental feature and might change at any time
(Use `node --trace-warnings ...` to show where the warning was created)
(node:1049309) ExperimentalWarning: WASI is an experimental feature and might change at any time
(Use `node --trace-warnings ...` to show where the warning was created)
ok threads n4 code3.fmt0.n1.r0,code3.fmt0.n4.r0,code3.fmt6.n1.r0,code3.fmt6.n4.r0,code3.fmt7.n1.r0,code3.fmt7.n4.r0
ok threads n1 code4.fmt0.n1.r0,code4.fmt0.n4.r0,code4.fmt6.n1.r0,code4.fmt6.n4.r0,code4.fmt7.n1.r0,code4.fmt7.n4.r0
(node:1049309) ExperimentalWarning: WASI is an experimental feature and might change at any time
(Use `node --trace-warnings ...` to show where the warning was created)
ok threads n2 code4.fmt0.n1.r0,code4.fmt0.n4.r0,code4.fmt6.n1.r0,code4.fmt6.n4.r0,code4.fmt7.n1.r0,code4.fmt7.n4.r0
(node:1049309) ExperimentalWarning: WASI is an experimental feature and might change at any time
(Use `node --trace-warnings ...` to show where the warning was created)
(node:1049309) ExperimentalWarning: WASI is an experimental feature and might change at any time
(Use `node --trace-warnings ...` to show where the warning was created)
(node:1049309) ExperimentalWarning: WASI is an experimental feature and might change at any time
(Use `node --trace-warnings ...` to show where the warning was created)
ok threads n4 code4.fmt0.n1.r0,code4.fmt0.n4.r0,code4.fmt6.n1.r0,code4.fmt6.n4.r0,code4.fmt7.n1.r0,code4.fmt7.n4.r0
ok threads n1 code5.fmt0.n1.r0,code5.fmt0.n4.r0,code5.fmt6.n1.r0,code5.fmt6.n4.r0,code5.fmt7.n1.r0,code5.fmt7.n4.r0
(node:1049309) ExperimentalWarning: WASI is an experimental feature and might change at any time
(Use `node --trace-warnings ...` to show where the warning was created)
ok threads n2 code5.fmt0.n1.r0,code5.fmt0.n4.r0,code5.fmt6.n1.r0,code5.fmt6.n4.r0,code5.fmt7.n1.r0,code5.fmt7.n4.r0
(node:1049309) ExperimentalWarning: WASI is an experimental feature and might change at any time
(Use `node --trace-warnings ...` to show where the warning was created)
(node:1049309) ExperimentalWarning: WASI is an experimental feature and might change at any time
(Use `node --trace-warnings ...` to show where the warning was created)
(node:1049309) ExperimentalWarning: WASI is an experimental feature and might change at any time
(Use `node --trace-warnings ...` to show where the warning was created)
ok threads n4 code5.fmt0.n1.r0,code5.fmt0.n4.r0,code5.fmt6.n1.r0,code5.fmt6.n4.r0,code5.fmt7.n1.r0,code5.fmt7.n4.r0
ok threads n1 code6.fmt0.n1.r0,code6.fmt0.n4.r0,code6.fmt6.n1.r0,code6.fmt6.n4.r0,code6.fmt7.n1.r0,code6.fmt7.n4.r0
(node:1049309) ExperimentalWarning: WASI is an experimental feature and might change at any time
(Use `node --trace-warnings ...` to show where the warning was created)
ok threads n2 code6.fmt0.n1.r0,code6.fmt0.n4.r0,code6.fmt6.n1.r0,code6.fmt6.n4.r0,code6.fmt7.n1.r0,code6.fmt7.n4.r0
(node:1049309) ExperimentalWarning: WASI is an experimental feature and might change at any time
(Use `node --trace-warnings ...` to show where the warning was created)
(node:1049309) ExperimentalWarning: WASI is an experimental feature and might change at any time
(Use `node --trace-warnings ...` to show where the warning was created)
(node:1049309) ExperimentalWarning: WASI is an experimental feature and might change at any time
(Use `node --trace-warnings ...` to show where the warning was created)
ok threads n4 code6.fmt0.n1.r0,code6.fmt0.n4.r0,code6.fmt6.n1.r0,code6.fmt6.n4.r0,code6.fmt7.n1.r0,code6.fmt7.n4.r0
ok threads n1 code9.fmt0.n1.r0,code9.fmt0.n4.r0,code9.fmt6.n1.r0,code9.fmt6.n4.r0,code9.fmt7.n1.r0,code9.fmt7.n4.r0
(node:1049309) ExperimentalWarning: WASI is an experimental feature and might change at any time
(Use `node --trace-warnings ...` to show where the warning was created)
ok threads n2 code9.fmt0.n1.r0,code9.fmt0.n4.r0,code9.fmt6.n1.r0,code9.fmt6.n4.r0,code9.fmt7.n1.r0,code9.fmt7.n4.r0
(node:1049309) ExperimentalWarning: WASI is an experimental feature and might change at any time
(Use `node --trace-warnings ...` to show where the warning was created)
(node:1049309) ExperimentalWarning: WASI is an experimental feature and might change at any time
(Use `node --trace-warnings ...` to show where the warning was created)
(node:1049309) ExperimentalWarning: WASI is an experimental feature and might change at any time
(Use `node --trace-warnings ...` to show where the warning was created)
ok threads n4 code9.fmt0.n1.r0,code9.fmt0.n4.r0,code9.fmt6.n1.r0,code9.fmt6.n4.r0,code9.fmt7.n1.r0,code9.fmt7.n4.r0
ok threads n1 code10.fmt0.n1.r0,code10.fmt0.n4.r0,code10.fmt6.n1.r0,code10.fmt6.n4.r0,code10.fmt7.n1.r0,code10.fmt7.n4.r0
(node:1049309) ExperimentalWarning: WASI is an experimental feature and might change at any time
(Use `node --trace-warnings ...` to show where the warning was created)
ok threads n2 code10.fmt0.n1.r0,code10.fmt0.n4.r0,code10.fmt6.n1.r0,code10.fmt6.n4.r0,code10.fmt7.n1.r0,code10.fmt7.n4.r0
(node:1049309) ExperimentalWarning: WASI is an experimental feature and might change at any time
(Use `node --trace-warnings ...` to show where the warning was created)
(node:1049309) ExperimentalWarning: WASI is an experimental feature and might change at any time
(Use `node --trace-warnings ...` to show where the warning was created)
(node:1049309) ExperimentalWarning: WASI is an experimental feature and might change at any time
(Use `node --trace-warnings ...` to show where the warning was created)
ok threads n4 code10.fmt0.n1.r0,code10.fmt0.n4.r0,code10.fmt6.n1.r0,code10.fmt6.n4.r0,code10.fmt7.n1.r0,code10.fmt7.n4.r0
ok threads n1 code11.fmt0.n1.r0,code11.fmt0.n4.r0,code11.fmt6.n1.r0,code11.fmt6.n4.r0,code11.fmt7.n1.r0,code11.fmt7.n4.r0
(node:1049309) ExperimentalWarning: WASI is an experimental feature and might change at any time
(Use `node --trace-warnings ...` to show where the warning was created)
ok threads n2 code11.fmt0.n1.r0,code11.fmt0.n4.r0,code11.fmt6.n1.r0,code11.fmt6.n4.r0,code11.fmt7.n1.r0,code11.fmt7.n4.r0
(node:1049309) ExperimentalWarning: WASI is an experimental feature and might change at any time
(Use `node --trace-warnings ...` to show where the warning was created)
(node:1049309) ExperimentalWarning: WASI is an experimental feature and might change at any time
(Use `node --trace-warnings ...` to show where the warning was created)
(node:1049309) ExperimentalWarning: WASI is an experimental feature and might change at any time
(Use `node --trace-warnings ...` to show where the warning was created)
ok threads n4 code11.fmt0.n1.r0,code11.fmt0.n4.r0,code11.fmt6.n1.r0,code11.fmt6.n4.r0,code11.fmt7.n1.r0,code11.fmt7.n4.r0
ok threads n1 code12.fmt0.n1.r0,code12.fmt0.n4.r0,code12.fmt6.n1.r0,code12.fmt6.n4.r0,code12.fmt7.n1.r0,code12.fmt7.n4.r0
(node:1049309) ExperimentalWarning: WASI is an experimental feature and might change at any time
(Use `node --trace-warnings ...` to show where the warning was created)
ok threads n2 code12.fmt0.n1.r0,code12.fmt0.n4.r0,code12.fmt6.n1.r0,code12.fmt6.n4.r0,code12.fmt7.n1.r0,code12.fmt7.n4.r0
(node:1049309) ExperimentalWarning: WASI is an experimental feature and might change at any time
(Use `node --trace-warnings ...` to show where the warning was created)
(node:1049309) ExperimentalWarning: WASI is an experimental feature and might change at any time
(Use `node --trace-warnings ...` to show where the warning was created)
(node:1049309) ExperimentalWarning: WASI is an experimental feature and might change at any time
(Use `node --trace-warnings ...` to show where the warning was created)
ok threads n4 code12.fmt0.n1.r0,code12.fmt0.n4.r0,code12.fmt6.n1.r0,code12.fmt6.n4.r0,code12.fmt7.n1.r0,code12.fmt7.n4.r0
ok threads n1 code13.fmt0.n1.r0,code13.fmt0.n4.r0,code13.fmt6.n1.r0,code13.fmt6.n4.r0,code13.fmt7.n1.r0,code13.fmt7.n4.r0
(node:1049309) ExperimentalWarning: WASI is an experimental feature and might change at any time
(Use `node --trace-warnings ...` to show where the warning was created)
ok threads n2 code13.fmt0.n1.r0,code13.fmt0.n4.r0,code13.fmt6.n1.r0,code13.fmt6.n4.r0,code13.fmt7.n1.r0,code13.fmt7.n4.r0
(node:1049309) ExperimentalWarning: WASI is an experimental feature and might change at any time
(Use `node --trace-warnings ...` to show where the warning was created)
(node:1049309) ExperimentalWarning: WASI is an experimental feature and might change at any time
(Use `node --trace-warnings ...` to show where the warning was created)
(node:1049309) ExperimentalWarning: WASI is an experimental feature and might change at any time
(Use `node --trace-warnings ...` to show where the warning was created)
ok threads n4 code13.fmt0.n1.r0,code13.fmt0.n4.r0,code13.fmt6.n1.r0,code13.fmt6.n4.r0,code13.fmt7.n1.r0,code13.fmt7.n4.r0
ok threads n1 code14.fmt0.n1.r0,code14.fmt0.n4.r0,code14.fmt6.n1.r0,code14.fmt6.n4.r0,code14.fmt7.n1.r0,code14.fmt7.n4.r0
(node:1049309) ExperimentalWarning: WASI is an experimental feature and might change at any time
(Use `node --trace-warnings ...` to show where the warning was created)
ok threads n2 code14.fmt0.n1.r0,code14.fmt0.n4.r0,code14.fmt6.n1.r0,code14.fmt6.n4.r0,code14.fmt7.n1.r0,code14.fmt7.n4.r0
(node:1049309) ExperimentalWarning: WASI is an experimental feature and might change at any time
(Use `node --trace-warnings ...` to show where the warning was created)
(node:1049309) ExperimentalWarning: WASI is an experimental feature and might change at any time
(Use `node --trace-warnings ...` to show where the warning was created)
(node:1049309) ExperimentalWarning: WASI is an experimental feature and might change at any time
(Use `node --trace-warnings ...` to show where the warning was created)
ok threads n4 code14.fmt0.n1.r0,code14.fmt0.n4.r0,code14.fmt6.n1.r0,code14.fmt6.n4.r0,code14.fmt7.n1.r0,code14.fmt7.n4.r0
ok threads n1 code15.fmt0.n1.r0,code15.fmt0.n4.r0,code15.fmt6.n1.r0,code15.fmt6.n4.r0,code15.fmt7.n1.r0,code15.fmt7.n4.r0
(node:1049309) ExperimentalWarning: WASI is an experimental feature and might change at any time
(Use `node --trace-warnings ...` to show where the warning was created)
ok threads n2 code15.fmt0.n1.r0,code15.fmt0.n4.r0,code15.fmt6.n1.r0,code15.fmt6.n4.r0,code15.fmt7.n1.r0,code15.fmt7.n4.r0
(node:1049309) ExperimentalWarning: WASI is an experimental feature and might change at any time
(Use `node --trace-warnings ...` to show where the warning was created)
(node:1049309) ExperimentalWarning: WASI is an experimental feature and might change at any time
(Use `node --trace-warnings ...` to show where the warning was created)
(node:1049309) ExperimentalWarning: WASI is an experimental feature and might change at any time
(Use `node --trace-warnings ...` to show where the warning was created)
ok threads n4 code15.fmt0.n1.r0,code15.fmt0.n4.r0,code15.fmt6.n1.r0,code15.fmt6.n4.r0,code15.fmt7.n1.r0,code15.fmt7.n4.r0
ok threads n1 code16.fmt0.n1.r0,code16.fmt0.n4.r0,code16.fmt6.n1.r0,code16.fmt6.n4.r0,code16.fmt7.n1.r0,code16.fmt7.n4.r0
(node:1049309) ExperimentalWarning: WASI is an experimental feature and might change at any time
(Use `node --trace-warnings ...` to show where the warning was created)
ok threads n2 code16.fmt0.n1.r0,code16.fmt0.n4.r0,code16.fmt6.n1.r0,code16.fmt6.n4.r0,code16.fmt7.n1.r0,code16.fmt7.n4.r0
(node:1049309) ExperimentalWarning: WASI is an experimental feature and might change at any time
(Use `node --trace-warnings ...` to show where the warning was created)
(node:1049309) ExperimentalWarning: WASI is an experimental feature and might change at any time
(Use `node --trace-warnings ...` to show where the warning was created)
(node:1049309) ExperimentalWarning: WASI is an experimental feature and might change at any time
(Use `node --trace-warnings ...` to show where the warning was created)
ok threads n4 code16.fmt0.n1.r0,code16.fmt0.n4.r0,code16.fmt6.n1.r0,code16.fmt6.n4.r0,code16.fmt7.n1.r0,code16.fmt7.n4.r0
ok threads n1 code21.fmt0.n1.r0,code21.fmt0.n4.r0,code21.fmt6.n1.r0,code21.fmt6.n4.r0,code21.fmt7.n1.r0,code21.fmt7.n4.r0
(node:1049309) ExperimentalWarning: WASI is an experimental feature and might change at any time
(Use `node --trace-warnings ...` to show where the warning was created)
ok threads n2 code21.fmt0.n1.r0,code21.fmt0.n4.r0,code21.fmt6.n1.r0,code21.fmt6.n4.r0,code21.fmt7.n1.r0,code21.fmt7.n4.r0
(node:1049309) ExperimentalWarning: WASI is an experimental feature and might change at any time
(Use `node --trace-warnings ...` to show where the warning was created)
(node:1049309) ExperimentalWarning: WASI is an experimental feature and might change at any time
(Use `node --trace-warnings ...` to show where the warning was created)
(node:1049309) ExperimentalWarning: WASI is an experimental feature and might change at any time
(Use `node --trace-warnings ...` to show where the warning was created)
ok threads n4 code21.fmt0.n1.r0,code21.fmt0.n4.r0,code21.fmt6.n1.r0,code21.fmt6.n4.r0,code21.fmt7.n1.r0,code21.fmt7.n4.r0
ok threads n1 code22.fmt0.n1.r0,code22.fmt0.n4.r0,code22.fmt6.n1.r0,code22.fmt6.n4.r0,code22.fmt7.n1.r0,code22.fmt7.n4.r0
(node:1049309) ExperimentalWarning: WASI is an experimental feature and might change at any time
(Use `node --trace-warnings ...` to show where the warning was created)
ok threads n2 code22.fmt0.n1.r0,code22.fmt0.n4.r0,code22.fmt6.n1.r0,code22.fmt6.n4.r0,code22.fmt7.n1.r0,code22.fmt7.n4.r0
(node:1049309) ExperimentalWarning: WASI is an experimental feature and might change at any time
(Use `node --trace-warnings ...` to show where the warning was created)
(node:1049309) ExperimentalWarning: WASI is an experimental feature and might change at any time
(Use `node --trace-warnings ...` to show where the warning was created)
(node:1049309) ExperimentalWarning: WASI is an experimental feature and might change at any time
(Use `node --trace-warnings ...` to show where the warning was created)
ok threads n4 code22.fmt0.n1.r0,code22.fmt0.n4.r0,code22.fmt6.n1.r0,code22.fmt6.n4.r0,code22.fmt7.n1.r0,code22.fmt7.n4.r0
ok threads n1 code23.fmt0.n1.r0,code23.fmt0.n4.r0,code23.fmt6.n1.r0,code23.fmt6.n4.r0,code23.fmt7.n1.r0,code23.fmt7.n4.r0
(node:1049309) ExperimentalWarning: WASI is an experimental feature and might change at any time
(Use `node --trace-warnings ...` to show where the warning was created)
ok threads n2 code23.fmt0.n1.r0,code23.fmt0.n4.r0,code23.fmt6.n1.r0,code23.fmt6.n4.r0,code23.fmt7.n1.r0,code23.fmt7.n4.r0
(node:1049309) ExperimentalWarning: WASI is an experimental feature and might change at any time
(Use `node --trace-warnings ...` to show where the warning was created)
(node:1049309) ExperimentalWarning: WASI is an experimental feature and might change at any time
(Use `node --trace-warnings ...` to show where the warning was created)
(node:1049309) ExperimentalWarning: WASI is an experimental feature and might change at any time
(Use `node --trace-warnings ...` to show where the warning was created)
ok threads n4 code23.fmt0.n1.r0,code23.fmt0.n4.r0,code23.fmt6.n1.r0,code23.fmt6.n4.r0,code23.fmt7.n1.r0,code23.fmt7.n4.r0
ok threads n1 code24.fmt0.n1.r0,code24.fmt0.n4.r0,code24.fmt6.n1.r0,code24.fmt6.n4.r0,code24.fmt7.n1.r0,code24.fmt7.n4.r0
(node:1049309) ExperimentalWarning: WASI is an experimental feature and might change at any time
(Use `node --trace-warnings ...` to show where the warning was created)
ok threads n2 code24.fmt0.n1.r0,code24.fmt0.n4.r0,code24.fmt6.n1.r0,code24.fmt6.n4.r0,code24.fmt7.n1.r0,code24.fmt7.n4.r0
(node:1049309) ExperimentalWarning: WASI is an experimental feature and might change at any time
(Use `node --trace-warnings ...` to show where the warning was created)
(node:1049309) ExperimentalWarning: WASI is an experimental feature and might change at any time
(Use `node --trace-warnings ...` to show where the warning was created)
(node:1049309) ExperimentalWarning: WASI is an experimental feature and might change at any time
(Use `node --trace-warnings ...` to show where the warning was created)
ok threads n4 code24.fmt0.n1.r0,code24.fmt0.n4.r0,code24.fmt6.n1.r0,code24.fmt6.n4.r0,code24.fmt7.n1.r0,code24.fmt7.n4.r0
ok threads n1 code25.fmt0.n1.r0,code25.fmt0.n4.r0,code25.fmt6.n1.r0,code25.fmt6.n4.r0,code25.fmt7.n1.r0,code25.fmt7.n4.r0
(node:1049309) ExperimentalWarning: WASI is an experimental feature and might change at any time
(Use `node --trace-warnings ...` to show where the warning was created)
ok threads n2 code25.fmt0.n1.r0,code25.fmt0.n4.r0,code25.fmt6.n1.r0,code25.fmt6.n4.r0,code25.fmt7.n1.r0,code25.fmt7.n4.r0
(node:1049309) ExperimentalWarning: WASI is an experimental feature and might change at any time
(Use `node --trace-warnings ...` to show where the warning was created)
(node:1049309) ExperimentalWarning: WASI is an experimental feature and might change at any time
(Use `node --trace-warnings ...` to show where the warning was created)
(node:1049309) ExperimentalWarning: WASI is an experimental feature and might change at any time
(Use `node --trace-warnings ...` to show where the warning was created)
ok threads n4 code25.fmt0.n1.r0,code25.fmt0.n4.r0,code25.fmt6.n1.r0,code25.fmt6.n4.r0,code25.fmt7.n1.r0,code25.fmt7.n4.r0
ok threads n1 code26.fmt0.n1.r0,code26.fmt0.n4.r0,code26.fmt6.n1.r0,code26.fmt6.n4.r0,code26.fmt7.n1.r0,code26.fmt7.n4.r0
(node:1049309) ExperimentalWarning: WASI is an experimental feature and might change at any time
(Use `node --trace-warnings ...` to show where the warning was created)
ok threads n2 code26.fmt0.n1.r0,code26.fmt0.n4.r0,code26.fmt6.n1.r0,code26.fmt6.n4.r0,code26.fmt7.n1.r0,code26.fmt7.n4.r0
(node:1049309) ExperimentalWarning: WASI is an experimental feature and might change at any time
(Use `node --trace-warnings ...` to show where the warning was created)
(node:1049309) ExperimentalWarning: WASI is an experimental feature and might change at any time
(Use `node --trace-warnings ...` to show where the warning was created)
(node:1049309) ExperimentalWarning: WASI is an experimental feature and might change at any time
(Use `node --trace-warnings ...` to show where the warning was created)
ok threads n4 code26.fmt0.n1.r0,code26.fmt0.n4.r0,code26.fmt6.n1.r0,code26.fmt6.n4.r0,code26.fmt7.n1.r0,code26.fmt7.n4.r0
ok threads n1 code27.fmt0.n1.r0,code27.fmt0.n4.r0,code27.fmt6.n1.r0,code27.fmt6.n4.r0,code27.fmt7.n1.r0,code27.fmt7.n4.r0
(node:1049309) ExperimentalWarning: WASI is an experimental feature and might change at any time
(Use `node --trace-warnings ...` to show where the warning was created)
ok threads n2 code27.fmt0.n1.r0,code27.fmt0.n4.r0,code27.fmt6.n1.r0,code27.fmt6.n4.r0,code27.fmt7.n1.r0,code27.fmt7.n4.r0
(node:1049309) ExperimentalWarning: WASI is an experimental feature and might change at any time
(Use `node --trace-warnings ...` to show where the warning was created)
(node:1049309) ExperimentalWarning: WASI is an experimental feature and might change at any time
(Use `node --trace-warnings ...` to show where the warning was created)
(node:1049309) ExperimentalWarning: WASI is an experimental feature and might change at any time
(Use `node --trace-warnings ...` to show where the warning was created)
ok threads n4 code27.fmt0.n1.r0,code27.fmt0.n4.r0,code27.fmt6.n1.r0,code27.fmt6.n4.r0,code27.fmt7.n1.r0,code27.fmt7.n4.r0
ok threads n1 code28.fmt0.n1.r0,code28.fmt0.n4.r0,code28.fmt6.n1.r0,code28.fmt6.n4.r0,code28.fmt7.n1.r0,code28.fmt7.n4.r0
(node:1049309) ExperimentalWarning: WASI is an experimental feature and might change at any time
(Use `node --trace-warnings ...` to show where the warning was created)
ok threads n2 code28.fmt0.n1.r0,code28.fmt0.n4.r0,code28.fmt6.n1.r0,code28.fmt6.n4.r0,code28.fmt7.n1.r0,code28.fmt7.n4.r0
(node:1049309) ExperimentalWarning: WASI is an experimental feature and might change at any time
(Use `node --trace-warnings ...` to show where the warning was created)
(node:1049309) ExperimentalWarning: WASI is an experimental feature and might change at any time
(Use `node --trace-warnings ...` to show where the warning was created)
(node:1049309) ExperimentalWarning: WASI is an experimental feature and might change at any time
(Use `node --trace-warnings ...` to show where the warning was created)
ok threads n4 code28.fmt0.n1.r0,code28.fmt0.n4.r0,code28.fmt6.n1.r0,code28.fmt6.n4.r0,code28.fmt7.n1.r0,code28.fmt7.n4.r0
ok threads n1 code29.fmt0.n1.r0,code29.fmt0.n4.r0,code29.fmt6.n1.r0,code29.fmt6.n4.r0,code29.fmt7.n1.r0,code29.fmt7.n4.r0
(node:1049309) ExperimentalWarning: WASI is an experimental feature and might change at any time
(Use `node --trace-warnings ...` to show where the warning was created)
ok threads n2 code29.fmt0.n1.r0,code29.fmt0.n4.r0,code29.fmt6.n1.r0,code29.fmt6.n4.r0,code29.fmt7.n1.r0,code29.fmt7.n4.r0
(node:1049309) ExperimentalWarning: WASI is an experimental feature and might change at any time
(Use `node --trace-warnings ...` to show where the warning was created)
(node:1049309) ExperimentalWarning: WASI is an experimental feature and might change at any time
(Use `node --trace-warnings ...` to show where the warning was created)
(node:1049309) ExperimentalWarning: WASI is an experimental feature and might change at any time
(Use `node --trace-warnings ...` to show where the warning was created)
ok threads n4 code29.fmt0.n1.r0,code29.fmt0.n4.r0,code29.fmt6.n1.r0,code29.fmt6.n4.r0,code29.fmt7.n1.r0,code29.fmt7.n4.r0
ok threads n1 code30.fmt0.n1.r0,code30.fmt0.n4.r0,code30.fmt6.n1.r0,code30.fmt6.n4.r0,code30.fmt7.n1.r0,code30.fmt7.n4.r0
(node:1049309) ExperimentalWarning: WASI is an experimental feature and might change at any time
(Use `node --trace-warnings ...` to show where the warning was created)
ok threads n2 code30.fmt0.n1.r0,code30.fmt0.n4.r0,code30.fmt6.n1.r0,code30.fmt6.n4.r0,code30.fmt7.n1.r0,code30.fmt7.n4.r0
(node:1049309) ExperimentalWarning: WASI is an experimental feature and might change at any time
(Use `node --trace-warnings ...` to show where the warning was created)
(node:1049309) ExperimentalWarning: WASI is an experimental feature and might change at any time
(Use `node --trace-warnings ...` to show where the warning was created)
(node:1049309) ExperimentalWarning: WASI is an experimental feature and might change at any time
(Use `node --trace-warnings ...` to show where the warning was created)
ok threads n4 code30.fmt0.n1.r0,code30.fmt0.n4.r0,code30.fmt6.n1.r0,code30.fmt6.n4.r0,code30.fmt7.n1.r0,code30.fmt7.n4.r0
ok threads n1 code31.fmt0.n1.r0,code31.fmt0.n4.r0,code31.fmt6.n1.r0,code31.fmt6.n4.r0,code31.fmt7.n1.r0,code31.fmt7.n4.r0
(node:1049309) ExperimentalWarning: WASI is an experimental feature and might change at any time
(Use `node --trace-warnings ...` to show where the warning was created)
ok threads n2 code31.fmt0.n1.r0,code31.fmt0.n4.r0,code31.fmt6.n1.r0,code31.fmt6.n4.r0,code31.fmt7.n1.r0,code31.fmt7.n4.r0
(node:1049309) ExperimentalWarning: WASI is an experimental feature and might change at any time
(Use `node --trace-warnings ...` to show where the warning was created)
(node:1049309) ExperimentalWarning: WASI is an experimental feature and might change at any time
(Use `node --trace-warnings ...` to show where the warning was created)
(node:1049309) ExperimentalWarning: WASI is an experimental feature and might change at any time
(Use `node --trace-warnings ...` to show where the warning was created)
ok threads n4 code31.fmt0.n1.r0,code31.fmt0.n4.r0,code31.fmt6.n1.r0,code31.fmt6.n4.r0,code31.fmt7.n1.r0,code31.fmt7.n4.r0
ok threads n1 code32.fmt0.n1.r0,code32.fmt0.n4.r0,code32.fmt6.n1.r0,code32.fmt6.n4.r0,code32.fmt7.n1.r0,code32.fmt7.n4.r0
(node:1049309) ExperimentalWarning: WASI is an experimental feature and might change at any time
(Use `node --trace-warnings ...` to show where the warning was created)
ok threads n2 code32.fmt0.n1.r0,code32.fmt0.n4.r0,code32.fmt6.n1.r0,code32.fmt6.n4.r0,code32.fmt7.n1.r0,code32.fmt7.n4.r0
(node:1049309) ExperimentalWarning: WASI is an experimental feature and might change at any time
(Use `node --trace-warnings ...` to show where the warning was created)
(node:1049309) ExperimentalWarning: WASI is an experimental feature and might change at any time
(Use `node --trace-warnings ...` to show where the warning was created)
(node:1049309) ExperimentalWarning: WASI is an experimental feature and might change at any time
(Use `node --trace-warnings ...` to show where the warning was created)
ok threads n4 code32.fmt0.n1.r0,code32.fmt0.n4.r0,code32.fmt6.n1.r0,code32.fmt6.n4.r0,code32.fmt7.n1.r0,code32.fmt7.n4.r0
ok threads n1 code33.fmt0.n1.r0,code33.fmt0.n4.r0,code33.fmt6.n1.r0,code33.fmt6.n4.r0,code33.fmt7.n1.r0,code33.fmt7.n4.r0
(node:1049309) ExperimentalWarning: WASI is an experimental feature and might change at any time
(Use `node --trace-warnings ...` to show where the warning was created)
ok threads n2 code33.fmt0.n1.r0,code33.fmt0.n4.r0,code33.fmt6.n1.r0,code33.fmt6.n4.r0,code33.fmt7.n1.r0,code33.fmt7.n4.r0
(node:1049309) ExperimentalWarning: WASI is an experimental feature and might change at any time
(Use `node --trace-warnings ...` to show where the warning was created)
(node:1049309) ExperimentalWarning: WASI is an experimental feature and might change at any time
(Use `node --trace-warnings ...` to show where the warning was created)
(node:1049309) ExperimentalWarning: WASI is an experimental feature and might change at any time
(Use `node --trace-warnings ...` to show where the warning was created)
ok threads n4 code33.fmt0.n1.r0,code33.fmt0.n4.r0,code33.fmt6.n1.r0,code33.fmt6.n4.r0,code33.fmt7.n1.r0,code33.fmt7.n4.r0
81 runs matched the native CLI; frozen hashes: 243/243 equal
