
> losat-web@0.0.0 e2e
> playwright test --reporter=list


Running 90 tests using 2 workers

  -   1 [chromium] › tests/e2e/browsers.spec.ts:34:3 › BlockStore contract: opfs store in a dedicated worker (without storage full)
  -   2 [chromium] › tests/e2e/browsers.spec.ts:49:1 › run output contract: a writer in its own worker and the real Data worker (without storage full)
  -   3 [chromium] › tests/e2e/browsers.spec.ts:34:3 › BlockStore contract: memory store in a dedicated worker (without storage full)
  -   4 [chromium] › tests/e2e/browsers.spec.ts:59:1 › the application keeps results in OPFS, or in memory with the reason shown
[PLUGIN_TIMINGS] JavaScript callbacks ran for 2.6s of this 3.3s build (79%).
The slowest callbacks, timed inside each callback (the wait before a callback starts is excluded, the time it awaits is included):
  - plugin vite:build-html transform (33%, 1.1s, 1 call)
Additional callback time came from the callbacks below and from callbacks under 1s.
1 callback is listed without a time. Its calls overlapped, so the time inside one call includes work from other calls. To find its cost, profile the build with `node --cpu-prof`:
  - plugin vite:worker-import-meta-url transform (4 calls)
See https://rolldown.rs/reference/InputOptions.checks#bundlertimings for more details.

[PLUGIN_TIMINGS] JavaScript callbacks ran for 2.6s of this 3.6s build (74%).
The slowest callbacks, timed inside each callback (the wait before a callback starts is excluded, the time it awaits is included):
  - plugin vite:build-html transform (31%, 1.1s, 1 call)
Additional callback time came from the callbacks below and from callbacks under 1s.
1 callback is listed without a time. Its calls overlapped, so the time inside one call includes work from other calls. To find its cost, profile the build with `node --cpu-prof`:
  - plugin vite:worker-import-meta-url transform (4 calls)
See https://rolldown.rs/reference/InputOptions.checks#bundlertimings for more details.

pass [opfs] write and seal: a block reads back exactly the bytes appended to it
pass [opfs] read: any range of a sealed block, and nothing beyond its end
pass [opfs] write: the store keeps a copy, so the caller may reuse its buffer
pass [opfs] staging: a block cannot be read before it is sealed
pass [opfs] seal: a sealed block takes no more bytes and cannot be sealed again
pass [run output] every stream arrives in order and the run commits
pass [opfs] discard: a staged or sealed block disappears and its bytes are freed
pass [opfs] create: a path that exists cannot be created again
pass [opfs] removeAll: removes one directory, sealed or not, and leaves the rest
pass [opfs] paths: empty and relative names are rejected
pass [opfs] an empty block can be sealed and read
pass [run output] many small chunks and one large chunk arrive unchanged
pass [run output] a run without output commits with empty outputs
pass [run output] staging: a run cannot be read before it is committed, and the commit waits for end
pass [run output] an end whose totals disagree fails the commit and discards the run
pass [run output] a message outside the protocol fails the commit
pass [opfs] a large block: 48 MiB in 1 MiB appends reads back unchanged
pass [opfs] storage full: an append fails with StorageFullError, the block can only be discarded, and sealed blocks stay readable
pass [run output] discard drops a staged run and ignores its late chunks
  ✓   5 [chromium] › tests/e2e/contracts.spec.ts:32:3 › BlockStore contract: opfs store in a dedicated worker (4.6s)
pass [memory] write and seal: a block reads back exactly the bytes appended to it
pass [memory] read: any range of a sealed block, and nothing beyond its end
pass [memory] write: the store keeps a copy, so the caller may reuse its buffer
pass [memory] staging: a block cannot be read before it is sealed
pass [memory] seal: a sealed block takes no more bytes and cannot be sealed again
pass [memory] discard: a staged or sealed block disappears and its bytes are freed
pass [memory] create: a path that exists cannot be created again
pass [memory] removeAll: removes one directory, sealed or not, and leaves the rest
pass [memory] paths: empty and relative names are rejected
pass [memory] an empty block can be sealed and read
pass [run output] a committed run is kept by discard and removed by delete
pass [memory] a large block: 48 MiB in 1 MiB appends reads back unchanged
pass [memory] storage full: an append fails with StorageFullError, the block can only be discarded, and sealed blocks stay readable
  ✓   7 [chromium] › tests/e2e/contracts.spec.ts:32:3 › BlockStore contract: memory store in a dedicated worker (819ms)
pass [run output] two staged runs keep their outputs apart
pass [run output] the writer refuses to write after end
pass [run output] storage full: the run fails with the reason, and committed runs stay readable
  ✓   6 [chromium] › tests/e2e/contracts.spec.ts:40:1 › run output contract: a writer in its own worker and the real Data worker (OPFS) (5.9s)
pass [record scanner] scan: one record with regular lines (LF)
pass [record scanner] scan: CRLF line ends
pass [record scanner] scan: lines of different lengths
pass [record scanner] scan: several records, the last without a final newline
pass [record scanner] scan: a blank line inside a sequence
pass [record scanner] scan: interior white space belongs to the sequence, trailing white space does not
pass [record scanner] scan: a non-ASCII header
pass [record scanner] scan: residues keep their case
pass [record scanner] scan: a record without residues
pass [record scanner] scan: an empty record ends the input (bio stops reading there)
pass [record scanner] scan: a header line without a newline at the end of the input
pass [record scanner] scan: an empty input has no records
pass [record scanner] scan: a U+FEFF at the start of a header is part of the ID
pass [record scanner] scan: bytes after the empty record that ends the input are not read
pass [record scanner] scan: a long record (4 checkpoints) with lines of 60 and 61 residues
pass [record scanner] scan: a long record with regular 80-residue lines
pass [record scanner] scan: the parser's error for text before the first header
pass [record scanner] scan: the parser's error for a blank line before the first header
pass [record scanner] scan: the parser's error for white space only
pass [record scanner] scan: the parser's error for a first line that is not a header, before bytes that are not UTF-8
pass [record scanner] scan: the parser's error for bytes that are not UTF-8
pass [record scanner] scan: a multi-byte character split across chunks
pass [record scanner] scan: parser kind 1 is refused until SX
  ✓   8 [chromium] › tests/e2e/engine.spec.ts:68:1 › record scanner contract: the serial reactor (802ms)
[PLUGIN_TIMINGS] JavaScript callbacks ran for 2.6s of this 3.1s build (84%).
1 callback is listed without a time. Its calls overlapped, so the time inside one call includes work from other calls. To find its cost, profile the build with `node --cpu-prof`:
  - plugin vite:worker-import-meta-url transform (4 calls)
See https://rolldown.rs/reference/InputOptions.checks#bundlertimings for more details.

pass [engine input] register: the run proceeds when the record tables agree
pass [engine input] register: a query record with another ID stops the run before any output
pass [engine input] register: a subject record with another length stops the run before any output
multi.blastn n=1: subject registered
multi.megablast n=1: subject retained
iupac.beyond_table.blastn n=1: subject retained
rna.megablast n=1: subject retained
multi.mts3.blastn n=1: subject retained
multi.ws7_e1000.blastn n=4: subject registered
pass [engine input] register: a missing record stops the run before any output
multi.besthit.blastn n=4: subject retained
  ✓  10 [chromium] › tests/e2e/engine.spec.ts:76:3 › engine input contract: the real EngineGateway at 1 thread(s) (1.2s)
tblastx.multi n=1: subject registered
pass [engine input] register: the run proceeds when the record tables agree
tblastx.batch n=1: subject retained
tblastx.mts1 n=4: subject registered
pass [engine input] register: a query record with another ID stops the run before any output
tblastx.thrwin n=4: subject retained
pass [engine input] register: a subject record with another length stops the run before any output
pass [engine input] register: a missing record stops the run before any output
  ✓  11 [chromium] › tests/e2e/engine.spec.ts:76:3 › engine input contract: the real EngineGateway at 4 thread(s) (1.2s)
pass [run output, Engine worker] every stream arrives in order and the run commits
pass [run output, Engine worker] many small chunks and one large chunk arrive unchanged
pass [run output, Engine worker] a run without output commits with empty outputs
pass [run output, Engine worker] staging: a run cannot be read before it is committed, and the commit waits for end
pass [run output, Engine worker] an end whose totals disagree fails the commit and discards the run
pass [run output, Engine worker] a message outside the protocol fails the commit
  ✓   9 [chromium] › tests/e2e/engine.spec.ts:145:1 › R1: searches of one subject with other queries and options reuse it and give the expected bytes (3.6s)
pass [run output, Engine worker] discard drops a staged run and ignores its late chunks
pass [run output, Engine worker] a committed run is kept by discard and removed by delete
pass [run output, Engine worker] two staged runs keep their outputs apart
pass [run output, Engine worker] the writer refuses to write after end
FAIL [run output, Engine worker] storage full: the run fails with the reason, and committed runs stay readable: ContractError: commit: expected a rejection matching /StorageFullError: Not enough temporary storage/, but it resolved
  ✓  12 [chromium] › tests/e2e/engine.spec.ts:103:1 › run output contract: the writer in the Engine worker, the real Data worker (without storage full) (1.8s)
completed compact.blastn n=1 n=1 265 ms
completed compact.blastn n=2 n=2 95 ms
completed compact.blastn n=4 n=4 58 ms
cancel n=1: cancelled in 5 ms; next search prepared in 33 ms
completed multi.blastn n=1 n=1 55 ms
completed multi.blastn n=2 n=2 74 ms
completed multi.blastn n=4 n=4 63 ms
completed mask.lcase.megablast n=1 n=1 58 ms
completed mask.lcase.megablast n=2 n=2 73 ms
completed mask.lcase.megablast n=4 n=4 58 ms
completed width.blastp n=1 n=1 76 ms
completed width.blastp n=2 n=2 80 ms
completed width.blastp n=4 n=4 60 ms
completed width.tblastn n=1 n=1 58 ms
cancel n=4: cancelled in 5 ms; next search prepared in 60 ms
completed width.tblastn n=2 n=2 68 ms
  ✓  13 [chromium] › tests/e2e/engine.spec.ts:187:1 › a cancelled search ends its runtime; the next search runs in a new one with the expected bytes (1.7s)
completed width.tblastn n=4 n=4 63 ms
completed tblastx.multi n=1 n=1 191 ms
renewed 0 n=1: subject registered
completed tblastx.multi n=2 n=2 191 ms
renewed 1 n=1: subject retained
renewed 2 n=4: subject registered
completed tblastx.multi n=4 n=4 134 ms
renewed 3 n=4: subject retained
completed tblastn.code4 n=1 n=1 51 ms
completed tblastn.code4 n=2 n=2 61 ms
completed tblastn.code4 n=4 n=4 60 ms
renewed 0 n=1: subject registered
renewed 1 n=1: subject registered
renewed 2 n=4: subject registered
renewed 3 n=4: subject registered
  ✓  15 [chromium] › tests/e2e/engine.spec.ts:216:1 › a runtime renewed after every search gives the same bytes and registers the subject again (1.1s)
completed compact.blastn n=4 n=4 257 ms
  ✓  16 [chromium] › tests/e2e/engine.spec.ts:239:1 › without cross-origin isolation, a threaded search runs on the serial module with the reason (405ms)
  -  17 [chromium] › tests/e2e/measure.spec.ts:207:1 › dw8: the share of a warm search that subject-only preprocessing can take
  -  18 [chromium] › tests/e2e/measure.spec.ts:238:1 › memory: the linear memory of one instance over repeated searches
  -  19 [chromium] › tests/e2e/measure.spec.ts:272:1 › auto: the search phase at 1, 2 and 4 threads by input size
  -  20 [chromium] › tests/e2e/measure.spec.ts:298:1 › cancel: the time to cancel and to prepare the next search in a new runtime
  ✓  21 [chromium] › tests/e2e/smoke.spec.ts:4:1 › the page is cross-origin isolated, so the threaded engine can use shared memory (170ms)
completed tblastn.batches n=1 n=1 1450 ms
  ✓  22 [chromium] › tests/e2e/smoke.spec.ts:10:1 › paste, queue, run, view and export with the engine (1.3s)
completed tblastn.batches n=2 n=2 1243 ms
  ✓  23 [chromium] › tests/e2e/smoke.spec.ts:37:1 › a BLASTN query of white space only is refused with the index scan error, before it is queued (476ms)
completed tblastn.batches n=4 n=4 1185 ms
completed tblastx.threaded-direct n=1 n=1 85 ms
completed tblastx.threaded-direct n=2 n=2 95 ms
completed tblastx.threaded-direct n=4 n=4 98 ms
  ✓  24 [chromium] › tests/e2e/storage.spec.ts:24:1 › a tab keeps its outputs in OPFS under tmp/<session>/runs/<run>/, named by tokens only (3.3s)
  ✓  14 [chromium] › tests/e2e/engine.spec.ts:112:1 › V-BR: searches through the application give the expected bytes at 1, 2 and 4 threads (10.9s)
  ✓  25 [chromium] › tests/e2e/storage.spec.ts:47:3 › the next tab removes the data of a tab that is killed, and keeps its own (7.0s)
  ✓  26 [chromium] › tests/e2e/storage.spec.ts:47:3 › the next tab removes the data of a tab that is closed, and keeps its own (6.0s)
  ✓  28 [chromium] › tests/e2e/storage.spec.ts:107:1 › two tabs that start at the same time remove an abandoned session once and keep each other (4.0s)
  ✓  27 [chromium] › tests/e2e/storage.spec.ts:80:1 › two open tabs, started one after the other, never remove each other's data (6.7s)
  ✓  29 [chromium] › tests/e2e/storage.spec.ts:128:1 › a stopped (frozen) tab keeps its data while another tab starts (3.2s)
  ✓  30 [chromium] › tests/e2e/storage.spec.ts:147:1 › a run that runs out of storage fails with the reason; earlier results stay and later runs work (4.3s)
[PLUGIN_TIMINGS] JavaScript callbacks ran for 2.9s of this 3.4s build (86%).
The slowest callbacks, timed inside each callback (the wait before a callback starts is excluded, the time it awaits is included):
  - plugin vite:build-html transform (35%, 1.2s, 1 call)
Additional callback time came from the callbacks below and from callbacks under 1s.
1 callback is listed without a time. Its calls overlapped, so the time inside one call includes work from other calls. To find its cost, profile the build with `node --cpu-prof`:
  - plugin vite:worker-import-meta-url transform (4 calls)
See https://rolldown.rs/reference/InputOptions.checks#bundlertimings for more details.

pass [opfs] write and seal: a block reads back exactly the bytes appended to it
pass [opfs] read: any range of a sealed block, and nothing beyond its end
pass [opfs] write: the store keeps a copy, so the caller may reuse its buffer
pass [opfs] staging: a block cannot be read before it is sealed
pass [opfs] seal: a sealed block takes no more bytes and cannot be sealed again
pass [opfs] discard: a staged or sealed block disappears and its bytes are freed
pass [opfs] create: a path that exists cannot be created again
pass [opfs] removeAll: removes one directory, sealed or not, and leaves the rest
pass [opfs] paths: empty and relative names are rejected
pass [opfs] an empty block can be sealed and read
[PLUGIN_TIMINGS] JavaScript callbacks ran for 2.9s of this 3.5s build (83%).
1 callback is listed without a time. Its calls overlapped, so the time inside one call includes work from other calls. To find its cost, profile the build with `node --cpu-prof`:
  - plugin vite:worker-import-meta-url transform (4 calls)
See https://rolldown.rs/reference/InputOptions.checks#bundlertimings for more details.

pass [opfs] a large block: 48 MiB in 1 MiB appends reads back unchanged
FAIL [opfs] storage full: an append fails with StorageFullError, the block can only be discarded, and sealed blocks stay readable: ContractError: an append beyond the storage: expected an error matching /StorageFullError/, but nothing was thrown
  ✓  31 [firefox] › tests/e2e/browsers.spec.ts:34:3 › BlockStore contract: opfs store in a dedicated worker (without storage full) (3.5s)
pass [memory] write and seal: a block reads back exactly the bytes appended to it
pass [memory] read: any range of a sealed block, and nothing beyond its end
pass [memory] write: the store keeps a copy, so the caller may reuse its buffer
pass [memory] staging: a block cannot be read before it is sealed
pass [memory] seal: a sealed block takes no more bytes and cannot be sealed again
pass [memory] discard: a staged or sealed block disappears and its bytes are freed
pass [memory] create: a path that exists cannot be created again
pass [memory] removeAll: removes one directory, sealed or not, and leaves the rest
pass [memory] paths: empty and relative names are rejected
pass [memory] an empty block can be sealed and read
pass [memory] a large block: 48 MiB in 1 MiB appends reads back unchanged
pass [memory] storage full: an append fails with StorageFullError, the block can only be discarded, and sealed blocks stay readable
  ✓  33 [firefox] › tests/e2e/browsers.spec.ts:34:3 › BlockStore contract: memory store in a dedicated worker (without storage full) (852ms)
  -  34 [firefox] › tests/e2e/contracts.spec.ts:32:3 › BlockStore contract: opfs store in a dedicated worker
  -  35 [firefox] › tests/e2e/contracts.spec.ts:32:3 › BlockStore contract: memory store in a dedicated worker
  -  36 [firefox] › tests/e2e/contracts.spec.ts:40:1 › run output contract: a writer in its own worker and the real Data worker (OPFS)
pass [run output] every stream arrives in order and the run commits
pass [run output] many small chunks and one large chunk arrive unchanged
pass [run output] a run without output commits with empty outputs
pass [run output] staging: a run cannot be read before it is committed, and the commit waits for end
pass [run output] an end whose totals disagree fails the commit and discards the run
pass [run output] a message outside the protocol fails the commit
pass [run output] discard drops a staged run and ignores its late chunks
[PLUGIN_TIMINGS] JavaScript callbacks ran for 2.5s of this 3.1s build (80%).
1 callback is listed without a time. Its calls overlapped, so the time inside one call includes work from other calls. To find its cost, profile the build with `node --cpu-prof`:
  - plugin vite:worker-import-meta-url transform (4 calls)
See https://rolldown.rs/reference/InputOptions.checks#bundlertimings for more details.

pass [run output] a committed run is kept by discard and removed by delete
pass [run output] two staged runs keep their outputs apart
pass [record scanner] scan: one record with regular lines (LF)
pass [record scanner] scan: CRLF line ends
pass [record scanner] scan: lines of different lengths
pass [record scanner] scan: several records, the last without a final newline
pass [record scanner] scan: a blank line inside a sequence
pass [record scanner] scan: interior white space belongs to the sequence, trailing white space does not
pass [record scanner] scan: a non-ASCII header
pass [record scanner] scan: residues keep their case
pass [record scanner] scan: a record without residues
pass [record scanner] scan: an empty record ends the input (bio stops reading there)
pass [record scanner] scan: a header line without a newline at the end of the input
pass [record scanner] scan: an empty input has no records
pass [record scanner] scan: a U+FEFF at the start of a header is part of the ID
pass [record scanner] scan: bytes after the empty record that ends the input are not read
pass [run output] the writer refuses to write after end
FAIL [run output] storage full: the run fails with the reason, and committed runs stay readable: ContractError: commit: expected a rejection matching /StorageFullError: Not enough temporary storage/, but it resolved
run output contract on the opfs store
  ✓  32 [firefox] › tests/e2e/browsers.spec.ts:49:1 › run output contract: a writer in its own worker and the real Data worker (without storage full) (5.7s)
  ✓  38 [firefox] › tests/e2e/browsers.spec.ts:59:1 › the application keeps results in OPFS, or in memory with the reason shown (781ms)
pass [record scanner] scan: a long record (4 checkpoints) with lines of 60 and 61 residues
pass [record scanner] scan: a long record with regular 80-residue lines
pass [record scanner] scan: the parser's error for text before the first header
pass [record scanner] scan: the parser's error for a blank line before the first header
pass [record scanner] scan: the parser's error for white space only
pass [record scanner] scan: the parser's error for a first line that is not a header, before bytes that are not UTF-8
pass [record scanner] scan: the parser's error for bytes that are not UTF-8
pass [record scanner] scan: a multi-byte character split across chunks
pass [record scanner] scan: parser kind 1 is refused until SX
  ✓  37 [firefox] › tests/e2e/engine.spec.ts:68:1 › record scanner contract: the serial reactor (6.4s)
multi.blastn n=1: subject registered
multi.megablast n=1: subject retained
iupac.beyond_table.blastn n=1: subject retained
pass [engine input] register: the run proceeds when the record tables agree
rna.megablast n=1: subject retained
pass [engine input] register: a query record with another ID stops the run before any output
multi.mts3.blastn n=1: subject retained
pass [engine input] register: a subject record with another length stops the run before any output
multi.ws7_e1000.blastn n=4: subject registered
pass [engine input] register: a missing record stops the run before any output
  ✓  40 [firefox] › tests/e2e/engine.spec.ts:76:3 › engine input contract: the real EngineGateway at 1 thread(s) (1.6s)
multi.besthit.blastn n=4: subject retained
pass [engine input] register: the run proceeds when the record tables agree
tblastx.multi n=1: subject registered
pass [engine input] register: a query record with another ID stops the run before any output
pass [engine input] register: a subject record with another length stops the run before any output
pass [engine input] register: a missing record stops the run before any output
  ✓  41 [firefox] › tests/e2e/engine.spec.ts:76:3 › engine input contract: the real EngineGateway at 4 thread(s) (1.5s)
tblastx.batch n=1: subject retained
tblastx.mts1 n=4: subject registered
pass [run output, Engine worker] every stream arrives in order and the run commits
pass [run output, Engine worker] many small chunks and one large chunk arrive unchanged
pass [run output, Engine worker] a run without output commits with empty outputs
tblastx.thrwin n=4: subject retained
pass [run output, Engine worker] staging: a run cannot be read before it is committed, and the commit waits for end
pass [run output, Engine worker] an end whose totals disagree fails the commit and discards the run
pass [run output, Engine worker] a message outside the protocol fails the commit
pass [run output, Engine worker] discard drops a staged run and ignores its late chunks
pass [run output, Engine worker] a committed run is kept by discard and removed by delete
  ✓  39 [firefox] › tests/e2e/engine.spec.ts:145:1 › R1: searches of one subject with other queries and options reuse it and give the expected bytes (7.9s)
pass [run output, Engine worker] two staged runs keep their outputs apart
pass [run output, Engine worker] the writer refuses to write after end
FAIL [run output, Engine worker] storage full: the run fails with the reason, and committed runs stay readable: ContractError: commit: expected a rejection matching /StorageFullError: Not enough temporary storage/, but it resolved
  ✓  42 [firefox] › tests/e2e/engine.spec.ts:103:1 › run output contract: the writer in the Engine worker, the real Data worker (without storage full) (4.4s)
cancel n=1: cancelled in 114 ms; next search prepared in 165 ms
completed compact.blastn n=1 n=1 725 ms
completed compact.blastn n=2 n=2 328 ms
completed compact.blastn n=4 n=4 266 ms
completed multi.blastn n=1 n=1 258 ms
completed multi.blastn n=2 n=2 351 ms
cancel n=4: cancelled in 124 ms; next search prepared in 240 ms
  ✓  43 [firefox] › tests/e2e/engine.spec.ts:187:1 › a cancelled search ends its runtime; the next search runs in a new one with the expected bytes (3.5s)
completed multi.blastn n=4 n=4 326 ms
completed mask.lcase.megablast n=1 n=1 268 ms
completed mask.lcase.megablast n=2 n=2 388 ms
completed mask.lcase.megablast n=4 n=4 311 ms
renewed 0 n=1: subject registered
completed width.blastp n=1 n=1 324 ms
renewed 1 n=1: subject retained
completed width.blastp n=2 n=2 402 ms
renewed 2 n=4: subject registered
renewed 3 n=4: subject retained
completed width.blastp n=4 n=4 374 ms
completed width.tblastn n=1 n=1 305 ms
renewed 0 n=1: subject registered
completed width.tblastn n=2 n=2 329 ms
renewed 1 n=1: subject registered
completed width.tblastn n=4 n=4 352 ms
renewed 2 n=4: subject registered
renewed 3 n=4: subject registered
  ✓  45 [firefox] › tests/e2e/engine.spec.ts:216:1 › a runtime renewed after every search gives the same bytes and registers the subject again (3.9s)
completed tblastx.multi n=1 n=1 772 ms
completed tblastx.multi n=2 n=2 722 ms
completed compact.blastn n=4 n=4 685 ms
  ✓  46 [firefox] › tests/e2e/engine.spec.ts:239:1 › without cross-origin isolation, a threaded search runs on the serial module with the reason (1.0s)
  -  47 [firefox] › tests/e2e/measure.spec.ts:207:1 › dw8: the share of a warm search that subject-only preprocessing can take
  -  48 [firefox] › tests/e2e/measure.spec.ts:238:1 › memory: the linear memory of one instance over repeated searches
  -  49 [firefox] › tests/e2e/measure.spec.ts:272:1 › auto: the search phase at 1, 2 and 4 threads by input size
  -  50 [firefox] › tests/e2e/measure.spec.ts:298:1 › cancel: the time to cancel and to prepare the next search in a new runtime
  ✓  51 [firefox] › tests/e2e/smoke.spec.ts:4:1 › the page is cross-origin isolated, so the threaded engine can use shared memory (377ms)
completed tblastx.multi n=4 n=4 656 ms
completed tblastn.code4 n=1 n=1 283 ms
completed tblastn.code4 n=2 n=2 446 ms
completed tblastn.code4 n=4 n=4 346 ms
  ✓  52 [firefox] › tests/e2e/smoke.spec.ts:10:1 › paste, queue, run, view and export with the engine (1.7s)
  ✓  53 [firefox] › tests/e2e/smoke.spec.ts:37:1 › a BLASTN query of white space only is refused with the index scan error, before it is queued (893ms)
  -  54 [firefox] › tests/e2e/storage.spec.ts:24:1 › a tab keeps its outputs in OPFS under tmp/<session>/runs/<run>/, named by tokens only
  -  55 [firefox] › tests/e2e/storage.spec.ts:47:3 › the next tab removes the data of a tab that is killed, and keeps its own
  -  56 [firefox] › tests/e2e/storage.spec.ts:47:3 › the next tab removes the data of a tab that is closed, and keeps its own
  -  57 [firefox] › tests/e2e/storage.spec.ts:80:1 › two open tabs, started one after the other, never remove each other's data
  -  58 [firefox] › tests/e2e/storage.spec.ts:107:1 › two tabs that start at the same time remove an abandoned session once and keep each other
  -  59 [firefox] › tests/e2e/storage.spec.ts:128:1 › a stopped (frozen) tab keeps its data while another tab starts
  -  60 [firefox] › tests/e2e/storage.spec.ts:147:1 › a run that runs out of storage fails with the reason; earlier results stay and later runs work
[PLUGIN_TIMINGS] JavaScript callbacks ran for 2.9s of this 3.7s build (80%).
The slowest callbacks, timed inside each callback (the wait before a callback starts is excluded, the time it awaits is included):
  - plugin vite:build-html transform (30%, 1.1s, 1 call)
Additional callback time came from the callbacks below and from callbacks under 1s.
1 callback is listed without a time. Its calls overlapped, so the time inside one call includes work from other calls. To find its cost, profile the build with `node --cpu-prof`:
  - plugin vite:worker-import-meta-url transform (4 calls)
See https://rolldown.rs/reference/InputOptions.checks#bundlertimings for more details.

completed tblastn.batches n=1 n=1 8678 ms
  -  61 [webkit] › tests/e2e/browsers.spec.ts:34:3 › BlockStore contract: opfs store in a dedicated worker (without storage full)
pass [memory] write and seal: a block reads back exactly the bytes appended to it
pass [memory] read: any range of a sealed block, and nothing beyond its end
pass [memory] write: the store keeps a copy, so the caller may reuse its buffer
pass [memory] staging: a block cannot be read before it is sealed
pass [memory] seal: a sealed block takes no more bytes and cannot be sealed again
pass [memory] discard: a staged or sealed block disappears and its bytes are freed
pass [memory] create: a path that exists cannot be created again
pass [memory] removeAll: removes one directory, sealed or not, and leaves the rest
pass [memory] paths: empty and relative names are rejected
pass [memory] an empty block can be sealed and read
pass [memory] a large block: 48 MiB in 1 MiB appends reads back unchanged
pass [memory] storage full: an append fails with StorageFullError, the block can only be discarded, and sealed blocks stay readable
  ✓  62 [webkit] › tests/e2e/browsers.spec.ts:34:3 › BlockStore contract: memory store in a dedicated worker (without storage full) (929ms)
pass [run output] every stream arrives in order and the run commits
pass [run output] many small chunks and one large chunk arrive unchanged
pass [run output] a run without output commits with empty outputs
pass [run output] staging: a run cannot be read before it is committed, and the commit waits for end
pass [run output] an end whose totals disagree fails the commit and discards the run
pass [run output] a message outside the protocol fails the commit
pass [run output] discard drops a staged run and ignores its late chunks
pass [run output] a committed run is kept by discard and removed by delete
pass [run output] two staged runs keep their outputs apart
pass [run output] the writer refuses to write after end
FAIL [run output] storage full: the run fails with the reason, and committed runs stay readable: ContractError: commit: expected a rejection matching /StorageFullError: Not enough temporary storage/, but it resolved
run output contract on the memory store
  ✓  63 [webkit] › tests/e2e/browsers.spec.ts:49:1 › run output contract: a writer in its own worker and the real Data worker (without storage full) (1.4s)
  ✓  64 [webkit] › tests/e2e/browsers.spec.ts:59:1 › the application keeps results in OPFS, or in memory with the reason shown (751ms)
  -  65 [webkit] › tests/e2e/contracts.spec.ts:32:3 › BlockStore contract: opfs store in a dedicated worker
  -  66 [webkit] › tests/e2e/contracts.spec.ts:32:3 › BlockStore contract: memory store in a dedicated worker
  -  67 [webkit] › tests/e2e/contracts.spec.ts:40:1 › run output contract: a writer in its own worker and the real Data worker (OPFS)
completed tblastn.batches n=2 n=2 7718 ms
[PLUGIN_TIMINGS] JavaScript callbacks ran for 3.0s of this 3.6s build (83%).
The slowest callbacks, timed inside each callback (the wait before a callback starts is excluded, the time it awaits is included):
  - plugin vite:build-html transform (39%, 1.4s, 1 call)
Additional callback time came from the callbacks below and from callbacks under 1s.
1 callback is listed without a time. Its calls overlapped, so the time inside one call includes work from other calls. To find its cost, profile the build with `node --cpu-prof`:
  - plugin vite:worker-import-meta-url transform (4 calls)
See https://rolldown.rs/reference/InputOptions.checks#bundlertimings for more details.

pass [record scanner] scan: one record with regular lines (LF)
pass [record scanner] scan: CRLF line ends
pass [record scanner] scan: lines of different lengths
pass [record scanner] scan: several records, the last without a final newline
pass [record scanner] scan: a blank line inside a sequence
pass [record scanner] scan: interior white space belongs to the sequence, trailing white space does not
pass [record scanner] scan: a non-ASCII header
pass [record scanner] scan: residues keep their case
pass [record scanner] scan: a record without residues
pass [record scanner] scan: an empty record ends the input (bio stops reading there)
pass [record scanner] scan: a header line without a newline at the end of the input
pass [record scanner] scan: an empty input has no records
pass [record scanner] scan: a U+FEFF at the start of a header is part of the ID
pass [record scanner] scan: bytes after the empty record that ends the input are not read
pass [record scanner] scan: a long record (4 checkpoints) with lines of 60 and 61 residues
pass [record scanner] scan: a long record with regular 80-residue lines
pass [record scanner] scan: the parser's error for text before the first header
pass [record scanner] scan: the parser's error for a blank line before the first header
pass [record scanner] scan: the parser's error for white space only
pass [record scanner] scan: the parser's error for a first line that is not a header, before bytes that are not UTF-8
pass [record scanner] scan: the parser's error for bytes that are not UTF-8
pass [record scanner] scan: a multi-byte character split across chunks
pass [record scanner] scan: parser kind 1 is refused until SX
  ✓  68 [webkit] › tests/e2e/engine.spec.ts:68:1 › record scanner contract: the serial reactor (1.2s)
pass [engine input] register: the run proceeds when the record tables agree
pass [engine input] register: a query record with another ID stops the run before any output
pass [engine input] register: a subject record with another length stops the run before any output
pass [engine input] register: a missing record stops the run before any output
  ✓  69 [webkit] › tests/e2e/engine.spec.ts:76:3 › engine input contract: the real EngineGateway at 1 thread(s) (1.7s)
completed tblastn.batches n=4 n=4 6784 ms
completed tblastx.threaded-direct n=1 n=1 498 ms
pass [engine input] register: the run proceeds when the record tables agree
completed tblastx.threaded-direct n=2 n=2 455 ms
pass [engine input] register: a query record with another ID stops the run before any output
completed tblastx.threaded-direct n=4 n=4 432 ms
pass [engine input] register: a subject record with another length stops the run before any output
pass [engine input] register: a missing record stops the run before any output
  ✓  70 [webkit] › tests/e2e/engine.spec.ts:76:3 › engine input contract: the real EngineGateway at 4 thread(s) (1.8s)
pass [run output, Engine worker] every stream arrives in order and the run commits
pass [run output, Engine worker] many small chunks and one large chunk arrive unchanged
pass [run output, Engine worker] a run without output commits with empty outputs
pass [run output, Engine worker] staging: a run cannot be read before it is committed, and the commit waits for end
pass [run output, Engine worker] an end whose totals disagree fails the commit and discards the run
pass [run output, Engine worker] a message outside the protocol fails the commit
pass [run output, Engine worker] discard drops a staged run and ignores its late chunks
pass [run output, Engine worker] a committed run is kept by discard and removed by delete
pass [run output, Engine worker] two staged runs keep their outputs apart
pass [run output, Engine worker] the writer refuses to write after end
FAIL [run output, Engine worker] storage full: the run fails with the reason, and committed runs stay readable: ContractError: commit: expected a rejection matching /StorageFullError: Not enough temporary storage/, but it resolved
  ✓  71 [webkit] › tests/e2e/engine.spec.ts:103:1 › run output contract: the writer in the Engine worker, the real Data worker (without storage full) (1.4s)
completed compact.blastn n=1 n=1 307 ms
completed compact.blastn n=2 n=2 70 ms
completed compact.blastn n=4 n=4 86 ms
completed multi.blastn n=1 n=1 60 ms
completed multi.blastn n=2 n=2 93 ms
completed multi.blastn n=4 n=4 103 ms
completed mask.lcase.megablast n=1 n=1 31 ms
completed mask.lcase.megablast n=2 n=2 61 ms
completed mask.lcase.megablast n=4 n=4 83 ms
completed width.blastp n=1 n=1 72 ms
completed width.blastp n=2 n=2 72 ms
completed width.blastp n=4 n=4 38 ms
completed width.tblastn n=1 n=1 38 ms
completed width.tblastn n=2 n=2 56 ms
completed width.tblastn n=4 n=4 48 ms
completed tblastx.multi n=1 n=1 187 ms
completed tblastx.multi n=2 n=2 209 ms
completed tblastx.multi n=4 n=4 127 ms
completed tblastn.code4 n=1 n=1 39 ms
completed tblastn.code4 n=2 n=2 48 ms
completed tblastn.code4 n=4 n=4 41 ms
  ✓  44 [firefox] › tests/e2e/engine.spec.ts:112:1 › V-BR: searches through the application give the expected bytes at 1, 2 and 4 threads (38.3s)
completed tblastn.batches n=1 n=1 1404 ms
completed tblastn.batches n=2 n=2 1182 ms
completed tblastn.batches n=4 n=4 1082 ms
completed tblastx.threaded-direct n=1 n=1 65 ms
completed tblastx.threaded-direct n=2 n=2 76 ms
completed tblastx.threaded-direct n=4 n=4 80 ms
multi.blastn n=1: subject registered
multi.megablast n=1: subject retained
iupac.beyond_table.blastn n=1: subject retained
rna.megablast n=1: subject retained
multi.mts3.blastn n=1: subject retained
multi.ws7_e1000.blastn n=4: subject registered
multi.besthit.blastn n=4: subject retained
tblastx.multi n=1: subject registered
tblastx.batch n=1: subject retained
  ✓  72 [webkit] › tests/e2e/engine.spec.ts:112:1 › V-BR: searches through the application give the expected bytes at 1, 2 and 4 threads (10.7s)
  -  74 [webkit] › tests/e2e/measure.spec.ts:207:1 › dw8: the share of a warm search that subject-only preprocessing can take
  -  75 [webkit] › tests/e2e/measure.spec.ts:238:1 › memory: the linear memory of one instance over repeated searches
  -  76 [webkit] › tests/e2e/measure.spec.ts:272:1 › auto: the search phase at 1, 2 and 4 threads by input size
  -  77 [webkit] › tests/e2e/measure.spec.ts:298:1 › cancel: the time to cancel and to prepare the next search in a new runtime
tblastx.mts1 n=4: subject registered
tblastx.thrwin n=4: subject retained
  ✓  78 [webkit] › tests/e2e/smoke.spec.ts:4:1 › the page is cross-origin isolated, so the threaded engine can use shared memory (622ms)
  ✓  73 [webkit] › tests/e2e/engine.spec.ts:145:1 › R1: searches of one subject with other queries and options reuse it and give the expected bytes (4.6s)
  ✓  79 [webkit] › tests/e2e/smoke.spec.ts:10:1 › paste, queue, run, view and export with the engine (2.0s)
  ✓  81 [webkit] › tests/e2e/smoke.spec.ts:37:1 › a BLASTN query of white space only is refused with the index scan error, before it is queued (1.0s)
  -  82 [webkit] › tests/e2e/storage.spec.ts:24:1 › a tab keeps its outputs in OPFS under tmp/<session>/runs/<run>/, named by tokens only
  -  83 [webkit] › tests/e2e/storage.spec.ts:47:3 › the next tab removes the data of a tab that is killed, and keeps its own
  -  84 [webkit] › tests/e2e/storage.spec.ts:47:3 › the next tab removes the data of a tab that is closed, and keeps its own
  -  85 [webkit] › tests/e2e/storage.spec.ts:80:1 › two open tabs, started one after the other, never remove each other's data
  -  86 [webkit] › tests/e2e/storage.spec.ts:107:1 › two tabs that start at the same time remove an abandoned session once and keep each other
  -  87 [webkit] › tests/e2e/storage.spec.ts:128:1 › a stopped (frozen) tab keeps its data while another tab starts
  -  88 [webkit] › tests/e2e/storage.spec.ts:147:1 › a run that runs out of storage fails with the reason; earlier results stay and later runs work
cancel n=1: cancelled in 3 ms; next search prepared in 14 ms
cancel n=4: cancelled in 1 ms; next search prepared in 28 ms
  ✓  80 [webkit] › tests/e2e/engine.spec.ts:187:1 › a cancelled search ends its runtime; the next search runs in a new one with the expected bytes (2.2s)
renewed 0 n=1: subject registered
renewed 1 n=1: subject retained
renewed 2 n=4: subject registered
renewed 3 n=4: subject retained
renewed 0 n=1: subject registered
renewed 1 n=1: subject registered
renewed 2 n=4: subject registered
renewed 3 n=4: subject registered
  ✓  89 [webkit] › tests/e2e/engine.spec.ts:216:1 › a runtime renewed after every search gives the same bytes and registers the subject again (1.9s)
completed compact.blastn n=4 n=4 250 ms
  ✓  90 [webkit] › tests/e2e/engine.spec.ts:239:1 › without cross-origin isolation, a threaded search runs on the serial module with the reason (632ms)

  37 skipped
  53 passed (2.4m)
