ok serial-blastn
ok threads-blastn
ok serial-tblastx-34
ok threads-tblastx-34
ok threads-tblastx-38
ok serial-tblastx-38
ok serial-tblastx-39
ok threads-tblastx-39
ok serial-tblastx-33
ok threads-blastp
ok serial-blastp
ok threads-tblastx-33
ok serial-tblastx-31
ok threads-tblastx-29
ok serial-tblastx-35
ok threads-tblastx-24
ok serial-tblastx-29
ok threads-tblastx-36
ok serial-tblastx-36
ok serial-tblastx-32
ok serial-tblastx-24
ok threads-tblastx-20
ok serial-tblastx-20
ok threads-tblastx-21
ok serial-tblastx-30
ok serial-tblastx-21
ok serial-tblastx-37
ok threads-tblastx-37
ok serial-tblastx-23
ok threads-tblastx-23
ok threads-tblastx-22
ok serial-tblastx-22
ok serial-tblastx-26
ok threads-tblastx-26
ok threads-tblastx-31
ok threads-tblastx-27
ok serial-tblastx-25
ok threads-tblastx-114
ok serial-tblastx-114
ok threads-tblastn
ok serial-tblastn
ok serial-tblastx-27
ok serial-tblastx-28
ok threads-tblastx-35
ok threads-tblastx-25
ok threads-tblastx-28
ok threads-tblastx-30
ok threads-tblastx-32
{
  "artifacts": {
    "native": "331fcba364472ea472329384a9a4c01e6f578b959f072591c3c27ddbd91e44d8",
    "serial": "cd47f7c11efe7e7a377cb697659c2b362a849e0c6e9685f4f756e623b2b5f85a",
    "threads": "a5593c2330ea343867a68d073e80c883a3152d5be3a51bb52780ea1f91887f83"
  },
  "runs": 460,
  "searches": 115,
  "by_engine_and_threads": {
    "serial n1": 115,
    "threads n1": 115,
    "threads n2": 115,
    "threads n4": 115
  },
  "frozen_equal": 672,
  "frozen_compared": 676,
  "frozen_differing": [
    "Sakai.MG1655.megablast outfmt 7"
  ],
  "failed_parts": []
}
exit 0
