D_CALL	0	evalue	41	2125	1	0	0	1
D_CONTEXT	0	0	120	182004	33
D_LIST	0	evalue_before	0	0	21	0
D_HSP	0	evalue_before	0	0	1	0	120	200	320	656	0	0	0	0	0	229
D_HSP	0	evalue_before	1	0	-3	0	120	200	320	656	0	0	0	0	0	229
D_HSP	0	evalue_before	2	0	2	0	120	521	641	656	0	0	0	0	0	550
D_HSP	0	evalue_before	3	0	-2	0	120	521	641	656	0	0	0	0	0	550
D_HSP	0	evalue_before	4	0	3	0	120	842	962	656	0	0	0	0	0	871
D_HSP	0	evalue_before	5	0	-1	0	120	842	962	656	0	0	0	0	0	871
D_HSP	0	evalue_before	6	1	1	0	70	225	295	393	0	0	0	0	0	230
D_HSP	0	evalue_before	7	1	-3	0	70	225	295	393	0	0	0	0	0	230
D_HSP	0	evalue_before	8	1	2	0	70	546	616	393	0	0	0	0	0	551
D_HSP	0	evalue_before	9	1	-2	0	70	546	616	393	0	0	0	0	0	551
D_HSP	0	evalue_before	10	1	3	0	70	867	937	393	0	0	0	0	0	872
D_HSP	0	evalue_before	11	1	-1	0	70	867	937	393	0	0	0	0	0	872
D_HSP	0	evalue_before	12	0	-2	17	30	954	967	36	0	0	0	0	0	959
D_HSP	0	evalue_before	13	1	-3	37	61	202	226	28	0	0	0	0	0	203
D_HSP	0	evalue_before	14	0	-3	78	118	49	92	27	0	0	0	0	0	54
D_HSP	0	evalue_before	15	0	-3	12	19	1430	1437	26	0	0	0	0	0	1433
D_HSP	0	evalue_before	16	1	-1	8	21	962	975	24	0	0	0	0	0	967
D_HSP	0	evalue_before	17	0	-1	33	46	962	975	24	0	0	0	0	0	967
D_HSP	0	evalue_before	18	1	-3	53	69	49	65	22	0	0	0	0	0	54
D_HSP	0	evalue_before	19	0	1	17	36	1703	1722	20	0	0	0	0	0	1708
D_HSP	0	evalue_before	20	1	3	6	21	1150	1165	18	0	0	0	0	0	1157
D_RETURN	0	evalue	0
D_LIST	0	evalue_after	0	0	21	1.9515258672289586e-84
D_HSP	0	evalue_after	0	0	1	0	120	200	320	656	0	0	1.9515258672289586e-84	0	0	229
D_HSP	0	evalue_after	1	0	-3	0	120	200	320	656	0	0	1.9515258672289586e-84	0	0	229
D_HSP	0	evalue_after	2	0	2	0	120	521	641	656	0	0	1.9515258672289586e-84	0	0	550
D_HSP	0	evalue_after	3	0	-2	0	120	521	641	656	0	0	1.9515258672289586e-84	0	0	550
D_HSP	0	evalue_after	4	0	3	0	120	842	962	656	0	0	1.9515258672289586e-84	0	0	871
D_HSP	0	evalue_after	5	0	-1	0	120	842	962	656	0	0	1.9515258672289586e-84	0	0	871
D_HSP	0	evalue_after	6	1	1	0	70	225	295	393	0	0	6.374306077022826e-50	0	0	230
D_HSP	0	evalue_after	7	1	-3	0	70	225	295	393	0	0	6.374306077022826e-50	0	0	230
D_HSP	0	evalue_after	8	1	2	0	70	546	616	393	0	0	6.374306077022826e-50	0	0	551
D_HSP	0	evalue_after	9	1	-2	0	70	546	616	393	0	0	6.374306077022826e-50	0	0	551
D_HSP	0	evalue_after	10	1	3	0	70	867	937	393	0	0	6.374306077022826e-50	0	0	872
D_HSP	0	evalue_after	11	1	-1	0	70	867	937	393	0	0	6.374306077022826e-50	0	0	872
D_HSP	0	evalue_after	12	0	-2	17	30	954	967	36	0	0	0.44878265460244859	0	0	959
D_HSP	0	evalue_after	13	1	-3	37	61	202	226	28	0	0	2.1251015432150129	0	0	203
D_HSP	0	evalue_after	14	0	-3	78	118	49	92	27	0	0	6.0819859577819457	0	0	54
D_HSP	0	evalue_after	15	0	-3	12	19	1430	1437	26	0	0	8.1087421877350909	0	0	1433
D_HSP	0	evalue_after	16	1	-1	8	21	962	975	24	0	0	7.2824904307327456	0	0	967
D_HSP	0	evalue_after	17	0	-1	33	46	962	975	24	0	0	14.39721928129536	0	0	967
D_HSP	0	evalue_after	18	1	-3	53	69	49	65	22	0	0	13.367186958262296	0	0	54
D_HSP	0	evalue_after	19	0	1	17	36	1703	1722	20	0	0	45.198983329464944	0	0	1708
D_HSP	0	evalue_after	20	1	3	6	21	1150	1165	18	0	0	44.426671058737405	0	0	1157
D_CALL	1	redo	41	1	1	1	3
D_LIST	1	redo_before	NULL
D_CALL	2	evalue	41	6377	1	0	0	1
D_CONTEXT	2	0	120	182004	33
D_LIST	2	evalue_before	0	0	11	0
D_HSP	2	evalue_before	0	0	-2	0	120	521	641	20931	0	0	0	0	2	0
D_HSP	2	evalue_before	1	0	-1	0	120	842	962	20569	0	0	0	0	2	0
D_HSP	2	evalue_before	2	0	2	0	120	521	641	20546	0	0	0	0	2	0
D_HSP	2	evalue_before	3	0	-3	0	120	200	320	20493	0	0	0	0	2	0
D_HSP	2	evalue_before	4	0	3	0	120	842	962	20493	0	0	0	0	2	0
D_HSP	2	evalue_before	5	0	1	0	120	200	320	20489	0	0	0	0	2	0
D_HSP	2	evalue_before	6	0	-2	17	30	954	967	1105	0	0	0	0	1	0
D_HSP	2	evalue_before	7	0	-3	78	118	49	92	771	0	0	0	0	1	0
D_HSP	2	evalue_before	8	0	-3	12	19	1430	1437	745	0	0	0	0	1	0
D_HSP	2	evalue_before	9	0	-1	33	46	962	975	677	0	0	0	0	2	0
D_HSP	2	evalue_before	10	0	1	17	36	1703	1722	627	0	0	0	0	1	0
D_RETURN	2	evalue	0
D_LIST	2	evalue_after	0	0	11	3.5759393755239433e-84
D_HSP	2	evalue_after	0	0	-2	0	120	521	641	20931	0	0	3.5759393755239433e-84	0	2	0
D_HSP	2	evalue_after	1	0	-1	0	120	842	962	20569	0	0	1.1926375945556565e-82	0	2	0
D_HSP	2	evalue_after	2	0	2	0	120	521	641	20546	0	0	1.4903312078150618e-82	0	2	0
D_HSP	2	evalue_after	3	0	-3	0	120	200	320	20493	0	0	2.490492139479824e-82	0	2	0
D_HSP	2	evalue_after	4	0	3	0	120	842	962	20493	0	0	2.490492139479824e-82	0	2	0
D_HSP	2	evalue_after	5	0	1	0	120	200	320	20489	0	0	2.588901845177426e-82	0	2	0
D_HSP	2	evalue_after	6	0	-2	17	30	954	967	1105	0	0	0.69549562910031104	0	1	0
D_HSP	2	evalue_after	7	0	-3	78	118	49	92	771	0	0	14.086007766353788	0	1	0
D_HSP	2	evalue_after	8	0	-3	12	19	1430	1437	745	0	0	17.770678061035472	0	1	0
D_HSP	2	evalue_after	9	0	-1	33	46	962	975	677	0	0	32.59710658824681	0	2	0
D_HSP	2	evalue_after	10	0	1	17	36	1703	1722	627	0	0	50.875555242349826	0	1	0
D_CALL	3	reap
D_LIST	3	reap_before	0	0	11	3.5759393755239433e-84
D_HSP	3	reap_before	0	0	-2	0	120	521	641	20931	0	0	3.5759393755239433e-84	0	2	0
D_HSP	3	reap_before	1	0	-1	0	120	842	962	20569	0	0	1.1926375945556565e-82	0	2	0
D_HSP	3	reap_before	2	0	2	0	120	521	641	20546	0	0	1.4903312078150618e-82	0	2	0
D_HSP	3	reap_before	3	0	-3	0	120	200	320	20493	0	0	2.490492139479824e-82	0	2	0
D_HSP	3	reap_before	4	0	3	0	120	842	962	20493	0	0	2.490492139479824e-82	0	2	0
D_HSP	3	reap_before	5	0	1	0	120	200	320	20489	0	0	2.588901845177426e-82	0	2	0
D_HSP	3	reap_before	6	0	-2	17	30	954	967	1105	0	0	0.69549562910031104	0	1	0
D_HSP	3	reap_before	7	0	-3	78	118	49	92	771	0	0	14.086007766353788	0	1	0
D_HSP	3	reap_before	8	0	-3	12	19	1430	1437	745	0	0	17.770678061035472	0	1	0
D_HSP	3	reap_before	9	0	-1	33	46	962	975	677	0	0	32.59710658824681	0	2	0
D_HSP	3	reap_before	10	0	1	17	36	1703	1722	627	0	0	50.875555242349826	0	1	0
D_RETURN	3	reap	0
D_LIST	3	reap_after	0	0	7	3.5759393755239433e-84
D_HSP	3	reap_after	0	0	-2	0	120	521	641	20931	0	0	3.5759393755239433e-84	0	2	0
D_HSP	3	reap_after	1	0	-1	0	120	842	962	20569	0	0	1.1926375945556565e-82	0	2	0
D_HSP	3	reap_after	2	0	2	0	120	521	641	20546	0	0	1.4903312078150618e-82	0	2	0
D_HSP	3	reap_after	3	0	-3	0	120	200	320	20493	0	0	2.490492139479824e-82	0	2	0
D_HSP	3	reap_after	4	0	3	0	120	842	962	20493	0	0	2.490492139479824e-82	0	2	0
D_HSP	3	reap_after	5	0	1	0	120	200	320	20489	0	0	2.588901845177426e-82	0	2	0
D_HSP	3	reap_after	6	0	-2	17	30	954	967	1105	0	0	0.69549562910031104	0	1	0
D_CALL	4	evalue	41	6377	1	0	0	1
D_CONTEXT	4	1	70	88074	28
D_LIST	4	evalue_before	0	0	9	0
D_HSP	4	evalue_before	0	1	-2	0	70	546	616	12920	0	0	0	0	1	0
D_HSP	4	evalue_before	1	1	2	0	70	546	616	12259	0	0	0	0	2	0
D_HSP	4	evalue_before	2	1	-1	0	70	867	937	12257	0	0	0	0	2	0
D_HSP	4	evalue_before	3	1	1	0	70	225	295	12222	0	0	0	0	2	0
D_HSP	4	evalue_before	4	1	3	0	70	867	937	12212	0	0	0	0	2	0
D_HSP	4	evalue_before	5	1	-3	0	70	225	295	12200	0	0	0	0	2	0
D_HSP	4	evalue_before	6	1	-1	8	21	962	975	696	0	0	0	0	2	0
D_HSP	4	evalue_before	7	1	-3	53	69	49	65	644	0	0	0	0	1	0
D_HSP	4	evalue_before	8	1	3	6	21	1150	1165	592	0	0	0	0	1	0
D_RETURN	4	evalue	0
D_LIST	4	evalue_after	0	0	9	2.2676233279041549e-51
D_HSP	4	evalue_after	0	1	-2	0	70	546	616	12920	0	0	2.2676233279041549e-51	0	1	0
D_HSP	4	evalue_after	1	1	2	0	70	546	616	12259	0	0	1.3869795131085446e-48	0	2	0
D_HSP	4	evalue_after	2	1	-1	0	70	867	937	12257	0	0	1.41417159435132e-48	0	2	0
D_HSP	4	evalue_after	3	1	1	0	70	225	295	12222	0	0	1.9863882210739548e-48	0	2	0
D_HSP	4	evalue_after	4	1	3	0	70	867	937	12212	0	0	2.1888954924477371e-48	0	2	0
D_HSP	4	evalue_after	5	1	-3	0	70	225	295	12200	0	0	2.4593383885025064e-48	0	2	0
D_HSP	4	evalue_after	6	1	-1	8	21	962	975	696	0	0	14.456558637586967	0	2	0
D_HSP	4	evalue_after	7	1	-3	53	69	49	65	644	0	0	23.565093878097887	0	1	0
D_HSP	4	evalue_after	8	1	3	6	21	1150	1165	592	0	0	38.306074801922229	0	1	0
D_CALL	5	reap
D_LIST	5	reap_before	0	0	9	2.2676233279041549e-51
D_HSP	5	reap_before	0	1	-2	0	70	546	616	12920	0	0	2.2676233279041549e-51	0	1	0
D_HSP	5	reap_before	1	1	2	0	70	546	616	12259	0	0	1.3869795131085446e-48	0	2	0
D_HSP	5	reap_before	2	1	-1	0	70	867	937	12257	0	0	1.41417159435132e-48	0	2	0
D_HSP	5	reap_before	3	1	1	0	70	225	295	12222	0	0	1.9863882210739548e-48	0	2	0
D_HSP	5	reap_before	4	1	3	0	70	867	937	12212	0	0	2.1888954924477371e-48	0	2	0
D_HSP	5	reap_before	5	1	-3	0	70	225	295	12200	0	0	2.4593383885025064e-48	0	2	0
D_HSP	5	reap_before	6	1	-1	8	21	962	975	696	0	0	14.456558637586967	0	2	0
D_HSP	5	reap_before	7	1	-3	53	69	49	65	644	0	0	23.565093878097887	0	1	0
D_HSP	5	reap_before	8	1	3	6	21	1150	1165	592	0	0	38.306074801922229	0	1	0
D_RETURN	5	reap	0
D_LIST	5	reap_after	0	0	6	2.2676233279041549e-51
D_HSP	5	reap_after	0	1	-2	0	70	546	616	12920	0	0	2.2676233279041549e-51	0	1	0
D_HSP	5	reap_after	1	1	2	0	70	546	616	12259	0	0	1.3869795131085446e-48	0	2	0
D_HSP	5	reap_after	2	1	-1	0	70	867	937	12257	0	0	1.41417159435132e-48	0	2	0
D_HSP	5	reap_after	3	1	1	0	70	225	295	12222	0	0	1.9863882210739548e-48	0	2	0
D_HSP	5	reap_after	4	1	3	0	70	867	937	12212	0	0	2.1888954924477371e-48	0	2	0
D_HSP	5	reap_after	5	1	-3	0	70	225	295	12200	0	0	2.4593383885025064e-48	0	2	0
D_RETURN	1	redo	0
D_LIST	1	redo_after	NULL
