D_CALL	0	link	41	6377	1	40	0.10000000000000001	40	22	0
D_CONTEXT	0	0	120	182004	33
D_LIST	0	link_before	0	0	17	0
D_HSP	0	link_before	0	0	1	0	120	200	320	656	0	0	0	0	0	229
D_HSP	0	link_before	1	0	-3	0	120	200	320	656	0	0	0	0	0	229
D_HSP	0	link_before	2	0	2	0	120	521	641	656	0	0	0	0	0	550
D_HSP	0	link_before	3	0	-2	0	120	521	641	656	0	0	0	0	0	550
D_HSP	0	link_before	4	0	3	0	120	842	962	656	0	0	0	0	0	871
D_HSP	0	link_before	5	0	-1	0	120	842	962	656	0	0	0	0	0	871
D_HSP	0	link_before	6	1	1	0	70	225	295	393	0	0	0	0	0	230
D_HSP	0	link_before	7	1	-3	0	70	225	295	393	0	0	0	0	0	230
D_HSP	0	link_before	8	1	2	0	70	546	616	393	0	0	0	0	0	551
D_HSP	0	link_before	9	1	-2	0	70	546	616	393	0	0	0	0	0	551
D_HSP	0	link_before	10	1	3	0	70	867	937	393	0	0	0	0	0	872
D_HSP	0	link_before	11	1	-1	0	70	867	937	393	0	0	0	0	0	872
D_HSP	0	link_before	12	0	-2	17	30	954	967	36	0	0	0	0	0	959
D_HSP	0	link_before	13	1	-3	37	61	202	226	28	0	0	0	0	0	203
D_HSP	0	link_before	14	0	-3	12	19	1430	1437	26	0	0	0	0	0	1433
D_HSP	0	link_before	15	1	-1	8	21	962	975	24	0	0	0	0	0	967
D_HSP	0	link_before	16	1	-3	53	69	49	65	22	0	0	0	0	0	54
D_CALL	1	evalue	41	2125	1	0	0.10000000000000001	1
D_CONTEXT	1	0	120	182004	33
D_LIST	1	evalue_before	0	0	17	0
D_HSP	1	evalue_before	0	0	1	0	120	200	320	656	0	1	0	0	0	229
D_HSP	1	evalue_before	1	0	-3	0	120	200	320	656	0	1	0	0	0	229
D_HSP	1	evalue_before	2	0	2	0	120	521	641	656	0	1	0	0	0	550
D_HSP	1	evalue_before	3	0	-2	0	120	521	641	656	0	1	0	0	0	550
D_HSP	1	evalue_before	4	0	3	0	120	842	962	656	0	1	0	0	0	871
D_HSP	1	evalue_before	5	0	-1	0	120	842	962	656	0	1	0	0	0	871
D_HSP	1	evalue_before	6	1	1	0	70	225	295	393	0	1	0	0	0	230
D_HSP	1	evalue_before	7	1	-3	0	70	225	295	393	0	1	0	0	0	230
D_HSP	1	evalue_before	8	1	2	0	70	546	616	393	0	1	0	0	0	551
D_HSP	1	evalue_before	9	1	-2	0	70	546	616	393	0	1	0	0	0	551
D_HSP	1	evalue_before	10	1	3	0	70	867	937	393	0	1	0	0	0	872
D_HSP	1	evalue_before	11	1	-1	0	70	867	937	393	0	1	0	0	0	872
D_HSP	1	evalue_before	12	0	-2	17	30	954	967	36	0	1	0	0	0	959
D_HSP	1	evalue_before	13	1	-3	37	61	202	226	28	0	1	0	0	0	203
D_HSP	1	evalue_before	14	0	-3	12	19	1430	1437	26	0	1	0	0	0	1433
D_HSP	1	evalue_before	15	1	-1	8	21	962	975	24	0	1	0	0	0	967
D_HSP	1	evalue_before	16	1	-3	53	69	49	65	22	0	1	0	0	0	54
D_RETURN	1	evalue	0
D_LIST	1	evalue_after	0	0	17	2.1683620746988426e-84
D_HSP	1	evalue_after	0	0	1	0	120	200	320	656	0	1	2.1683620746988426e-84	0	0	229
D_HSP	1	evalue_after	1	0	-3	0	120	200	320	656	0	1	2.1683620746988426e-84	0	0	229
D_HSP	1	evalue_after	2	0	2	0	120	521	641	656	0	1	2.1683620746988426e-84	0	0	550
D_HSP	1	evalue_after	3	0	-2	0	120	521	641	656	0	1	2.1683620746988426e-84	0	0	550
D_HSP	1	evalue_after	4	0	3	0	120	842	962	656	0	1	2.1683620746988426e-84	0	0	871
D_HSP	1	evalue_after	5	0	-1	0	120	842	962	656	0	1	2.1683620746988426e-84	0	0	871
D_HSP	1	evalue_after	6	1	1	0	70	225	295	393	0	1	7.0825623078031402e-50	0	0	230
D_HSP	1	evalue_after	7	1	-3	0	70	225	295	393	0	1	7.0825623078031402e-50	0	0	230
D_HSP	1	evalue_after	8	1	2	0	70	546	616	393	0	1	7.0825623078031402e-50	0	0	551
D_HSP	1	evalue_after	9	1	-2	0	70	546	616	393	0	1	7.0825623078031402e-50	0	0	551
D_HSP	1	evalue_after	10	1	3	0	70	867	937	393	0	1	7.0825623078031402e-50	0	0	872
D_HSP	1	evalue_after	11	1	-1	0	70	867	937	393	0	1	7.0825623078031402e-50	0	0	872
D_HSP	1	evalue_after	12	0	-2	17	30	954	967	36	0	1	0.49864739400272062	0	0	959
D_HSP	1	evalue_after	13	1	-3	37	61	202	226	28	0	1	2.3612239369055699	0	0	203
D_HSP	1	evalue_after	14	0	-3	12	19	1430	1437	26	0	1	9.0097135419278782	0	0	1433
D_HSP	1	evalue_after	15	1	-1	8	21	962	975	24	0	1	8.0916560341474941	0	0	967
D_HSP	1	evalue_after	16	1	-3	53	69	49	65	22	0	1	14.852429953624773	0	0	54
D_RETURN	0	link	0
D_LIST	0	link_after	0	0	17	2.1683620746988426e-84
D_HSP	0	link_after	0	0	1	0	120	200	320	656	0	1	2.1683620746988426e-84	0	0	229
D_HSP	0	link_after	1	0	-3	0	120	200	320	656	0	1	2.1683620746988426e-84	0	0	229
D_HSP	0	link_after	2	0	2	0	120	521	641	656	0	1	2.1683620746988426e-84	0	0	550
D_HSP	0	link_after	3	0	-2	0	120	521	641	656	0	1	2.1683620746988426e-84	0	0	550
D_HSP	0	link_after	4	0	3	0	120	842	962	656	0	1	2.1683620746988426e-84	0	0	871
D_HSP	0	link_after	5	0	-1	0	120	842	962	656	0	1	2.1683620746988426e-84	0	0	871
D_HSP	0	link_after	6	1	1	0	70	225	295	393	0	1	7.0825623078031402e-50	0	0	230
D_HSP	0	link_after	7	1	-3	0	70	225	295	393	0	1	7.0825623078031402e-50	0	0	230
D_HSP	0	link_after	8	1	2	0	70	546	616	393	0	1	7.0825623078031402e-50	0	0	551
D_HSP	0	link_after	9	1	-2	0	70	546	616	393	0	1	7.0825623078031402e-50	0	0	551
D_HSP	0	link_after	10	1	3	0	70	867	937	393	0	1	7.0825623078031402e-50	0	0	872
D_HSP	0	link_after	11	1	-1	0	70	867	937	393	0	1	7.0825623078031402e-50	0	0	872
D_HSP	0	link_after	12	0	-2	17	30	954	967	36	0	1	0.49864739400272062	0	0	959
D_HSP	0	link_after	13	1	-3	37	61	202	226	28	0	1	2.3612239369055699	0	0	203
D_HSP	0	link_after	14	0	-3	12	19	1430	1437	26	0	1	9.0097135419278782	0	0	1433
D_HSP	0	link_after	15	1	-1	8	21	962	975	24	0	1	8.0916560341474941	0	0	967
D_HSP	0	link_after	16	1	-3	53	69	49	65	22	0	1	14.852429953624773	0	0	54
D_CALL	2	link	41	2125	1	40	0.10000000000000001	40	0	0
D_CONTEXT	2	1	70	88074	28
D_LIST	2	link_before	0	1	7	7.0825623078031402e-50
D_HSP	2	link_before	0	1	1	0	70	225	295	393	70	1	7.0825623078031402e-50	0	0	230
D_HSP	2	link_before	1	1	-3	0	70	225	295	393	70	1	7.0825623078031402e-50	0	0	230
D_HSP	2	link_before	2	1	2	0	70	546	616	393	70	1	7.0825623078031402e-50	0	0	551
D_HSP	2	link_before	3	1	-2	0	70	546	616	393	70	1	7.0825623078031402e-50	0	0	551
D_HSP	2	link_before	4	1	3	0	70	867	937	393	70	1	7.0825623078031402e-50	0	0	872
D_HSP	2	link_before	5	1	-1	0	70	867	937	393	70	1	7.0825623078031402e-50	0	0	872
D_HSP	2	link_before	6	1	-1	8	21	962	975	24	4	1	8.0916560341474941	0	0	967
D_CALL	3	evalue	41	708	1	0	0.10000000000000001	1
D_CONTEXT	3	1	70	88074	28
D_LIST	3	evalue_before	0	1	7	7.0825623078031402e-50
D_HSP	3	evalue_before	0	1	1	0	70	225	295	393	70	1	7.0825623078031402e-50	0	0	230
D_HSP	3	evalue_before	1	1	-3	0	70	225	295	393	70	1	7.0825623078031402e-50	0	0	230
D_HSP	3	evalue_before	2	1	2	0	70	546	616	393	70	1	7.0825623078031402e-50	0	0	551
D_HSP	3	evalue_before	3	1	-2	0	70	546	616	393	70	1	7.0825623078031402e-50	0	0	551
D_HSP	3	evalue_before	4	1	3	0	70	867	937	393	70	1	7.0825623078031402e-50	0	0	872
D_HSP	3	evalue_before	5	1	-1	0	70	867	937	393	70	1	7.0825623078031402e-50	0	0	872
D_HSP	3	evalue_before	6	1	-1	8	21	962	975	24	4	1	8.0916560341474941	0	0	967
D_RETURN	3	evalue	0
D_LIST	3	evalue_after	0	1	7	3.7444302206854451e-50
D_HSP	3	evalue_after	0	1	1	0	70	225	295	393	70	1	3.7444302206854451e-50	0	0	230
D_HSP	3	evalue_after	1	1	-3	0	70	225	295	393	70	1	3.7444302206854451e-50	0	0	230
D_HSP	3	evalue_after	2	1	2	0	70	546	616	393	70	1	3.7444302206854451e-50	0	0	551
D_HSP	3	evalue_after	3	1	-2	0	70	546	616	393	70	1	3.7444302206854451e-50	0	0	551
D_HSP	3	evalue_after	4	1	3	0	70	867	937	393	70	1	3.7444302206854451e-50	0	0	872
D_HSP	3	evalue_after	5	1	-1	0	70	867	937	393	70	1	3.7444302206854451e-50	0	0	872
D_HSP	3	evalue_after	6	1	-1	8	21	962	975	24	4	1	7.995021494160981	0	0	967
D_RETURN	2	link	0
D_LIST	2	link_after	0	1	7	3.7444302206854451e-50
D_HSP	2	link_after	0	1	1	0	70	225	295	393	70	1	3.7444302206854451e-50	0	0	230
D_HSP	2	link_after	1	1	-3	0	70	225	295	393	70	1	3.7444302206854451e-50	0	0	230
D_HSP	2	link_after	2	1	2	0	70	546	616	393	70	1	3.7444302206854451e-50	0	0	551
D_HSP	2	link_after	3	1	-2	0	70	546	616	393	70	1	3.7444302206854451e-50	0	0	551
D_HSP	2	link_after	4	1	3	0	70	867	937	393	70	1	3.7444302206854451e-50	0	0	872
D_HSP	2	link_after	5	1	-1	0	70	867	937	393	70	1	3.7444302206854451e-50	0	0	872
D_HSP	2	link_after	6	1	-1	8	21	962	975	24	4	1	7.995021494160981	0	0	967
D_CALL	4	reap
D_LIST	4	reap_before	0	1	7	3.7444302206854451e-50
D_HSP	4	reap_before	0	1	1	0	70	225	295	393	70	1	3.7444302206854451e-50	0	0	230
D_HSP	4	reap_before	1	1	-3	0	70	225	295	393	70	1	3.7444302206854451e-50	0	0	230
D_HSP	4	reap_before	2	1	2	0	70	546	616	393	70	1	3.7444302206854451e-50	0	0	551
D_HSP	4	reap_before	3	1	-2	0	70	546	616	393	70	1	3.7444302206854451e-50	0	0	551
D_HSP	4	reap_before	4	1	3	0	70	867	937	393	70	1	3.7444302206854451e-50	0	0	872
D_HSP	4	reap_before	5	1	-1	0	70	867	937	393	70	1	3.7444302206854451e-50	0	0	872
D_HSP	4	reap_before	6	1	-1	8	21	962	975	24	4	1	7.995021494160981	0	0	967
D_RETURN	4	reap	0
D_LIST	4	reap_after	0	1	7	3.7444302206854451e-50
D_HSP	4	reap_after	0	1	1	0	70	225	295	393	70	1	3.7444302206854451e-50	0	0	230
D_HSP	4	reap_after	1	1	-3	0	70	225	295	393	70	1	3.7444302206854451e-50	0	0	230
D_HSP	4	reap_after	2	1	2	0	70	546	616	393	70	1	3.7444302206854451e-50	0	0	551
D_HSP	4	reap_after	3	1	-2	0	70	546	616	393	70	1	3.7444302206854451e-50	0	0	551
D_HSP	4	reap_after	4	1	3	0	70	867	937	393	70	1	3.7444302206854451e-50	0	0	872
D_HSP	4	reap_after	5	1	-1	0	70	867	937	393	70	1	3.7444302206854451e-50	0	0	872
D_HSP	4	reap_after	6	1	-1	8	21	962	975	24	4	1	7.995021494160981	0	0	967
D_CALL	5	bits	1
D_LIST	5	bits_before	0	1	7	3.7444302206854451e-50
D_HSP	5	bits_before	0	1	1	0	70	225	295	393	70	1	3.7444302206854451e-50	0	0	230
D_HSP	5	bits_before	1	1	-3	0	70	225	295	393	70	1	3.7444302206854451e-50	0	0	230
D_HSP	5	bits_before	2	1	2	0	70	546	616	393	70	1	3.7444302206854451e-50	0	0	551
D_HSP	5	bits_before	3	1	-2	0	70	546	616	393	70	1	3.7444302206854451e-50	0	0	551
D_HSP	5	bits_before	4	1	3	0	70	867	937	393	70	1	3.7444302206854451e-50	0	0	872
D_HSP	5	bits_before	5	1	-1	0	70	867	937	393	70	1	3.7444302206854451e-50	0	0	872
D_HSP	5	bits_before	6	1	-1	8	21	962	975	24	4	1	7.995021494160981	0	0	967
D_RETURN	5	bits	0
D_LIST	5	bits_after	0	1	7	3.7444302206854451e-50
D_HSP	5	bits_after	0	1	1	0	70	225	295	393	70	1	3.7444302206854451e-50	155.99166561556385	0	230
D_HSP	5	bits_after	1	1	-3	0	70	225	295	393	70	1	3.7444302206854451e-50	155.99166561556385	0	230
D_HSP	5	bits_after	2	1	2	0	70	546	616	393	70	1	3.7444302206854451e-50	155.99166561556385	0	551
D_HSP	5	bits_after	3	1	-2	0	70	546	616	393	70	1	3.7444302206854451e-50	155.99166561556385	0	551
D_HSP	5	bits_after	4	1	3	0	70	867	937	393	70	1	3.7444302206854451e-50	155.99166561556385	0	872
D_HSP	5	bits_after	5	1	-1	0	70	867	937	393	70	1	3.7444302206854451e-50	155.99166561556385	0	872
D_HSP	5	bits_after	6	1	-1	8	21	962	975	24	4	1	7.995021494160981	13.853022102060482	0	967
D_CALL	6	link	41	2125	1	40	0.10000000000000001	40	0	0
D_CONTEXT	6	0	120	182004	33
D_LIST	6	link_before	0	0	8	2.1683620746988426e-84
D_HSP	6	link_before	0	0	1	0	120	200	320	656	120	1	2.1683620746988426e-84	0	0	229
D_HSP	6	link_before	1	0	-3	0	120	200	320	656	120	1	2.1683620746988426e-84	0	0	229
D_HSP	6	link_before	2	0	2	0	120	521	641	656	120	1	2.1683620746988426e-84	0	0	550
D_HSP	6	link_before	3	0	-2	0	120	521	641	656	120	1	2.1683620746988426e-84	0	0	550
D_HSP	6	link_before	4	0	3	0	120	842	962	656	120	1	2.1683620746988426e-84	0	0	871
D_HSP	6	link_before	5	0	-1	0	120	842	962	656	120	1	2.1683620746988426e-84	0	0	871
D_HSP	6	link_before	6	0	-2	17	30	954	967	36	5	1	0.49864739400272062	0	0	959
D_HSP	6	link_before	7	0	-3	12	19	1430	1437	26	3	1	9.0097135419278782	0	0	1433
D_CALL	7	evalue	41	708	1	0	0.10000000000000001	1
D_CONTEXT	7	0	120	182004	33
D_LIST	7	evalue_before	0	0	8	2.1683620746988426e-84
D_HSP	7	evalue_before	0	0	1	0	120	200	320	656	120	1	2.1683620746988426e-84	0	0	229
D_HSP	7	evalue_before	1	0	-3	0	120	200	320	656	120	1	2.1683620746988426e-84	0	0	229
D_HSP	7	evalue_before	2	0	2	0	120	521	641	656	120	1	2.1683620746988426e-84	0	0	550
D_HSP	7	evalue_before	3	0	-2	0	120	521	641	656	120	1	2.1683620746988426e-84	0	0	550
D_HSP	7	evalue_before	4	0	3	0	120	842	962	656	120	1	2.1683620746988426e-84	0	0	871
D_HSP	7	evalue_before	5	0	-1	0	120	842	962	656	120	1	2.1683620746988426e-84	0	0	871
D_HSP	7	evalue_before	6	0	-2	17	30	954	967	36	5	1	0.49864739400272062	0	0	959
D_HSP	7	evalue_before	7	0	-3	12	19	1430	1437	26	3	1	9.0097135419278782	0	0	1433
D_RETURN	7	evalue	0
D_LIST	7	evalue_after	0	0	8	3.5437765444392925e-87
D_HSP	7	evalue_after	0	0	1	0	120	200	320	656	120	1	3.5437765444392925e-87	0	0	229
D_HSP	7	evalue_after	1	0	-3	0	120	200	320	656	120	1	3.5437765444392925e-87	0	0	229
D_HSP	7	evalue_after	2	0	2	0	120	521	641	656	120	1	3.5437765444392925e-87	0	0	550
D_HSP	7	evalue_after	3	0	-2	0	120	521	641	656	120	1	3.5437765444392925e-87	0	0	550
D_HSP	7	evalue_after	4	0	3	0	120	842	962	656	120	1	3.5437765444392925e-87	0	0	871
D_HSP	7	evalue_after	5	0	-1	0	120	842	962	656	120	1	3.5437765444392925e-87	0	0	871
D_HSP	7	evalue_after	6	0	-2	17	30	954	967	36	5	1	0.48262003478580995	0	0	959
D_HSP	7	evalue_after	7	0	-3	12	19	1430	1437	26	3	1	8.8432655589865004	0	0	1433
D_RETURN	6	link	0
D_LIST	6	link_after	0	0	8	3.5437765444392925e-87
D_HSP	6	link_after	0	0	1	0	120	200	320	656	120	1	3.5437765444392925e-87	0	0	229
D_HSP	6	link_after	1	0	-3	0	120	200	320	656	120	1	3.5437765444392925e-87	0	0	229
D_HSP	6	link_after	2	0	2	0	120	521	641	656	120	1	3.5437765444392925e-87	0	0	550
D_HSP	6	link_after	3	0	-2	0	120	521	641	656	120	1	3.5437765444392925e-87	0	0	550
D_HSP	6	link_after	4	0	3	0	120	842	962	656	120	1	3.5437765444392925e-87	0	0	871
D_HSP	6	link_after	5	0	-1	0	120	842	962	656	120	1	3.5437765444392925e-87	0	0	871
D_HSP	6	link_after	6	0	-2	17	30	954	967	36	5	1	0.48262003478580995	0	0	959
D_HSP	6	link_after	7	0	-3	12	19	1430	1437	26	3	1	8.8432655589865004	0	0	1433
D_CALL	8	reap
D_LIST	8	reap_before	0	0	8	3.5437765444392925e-87
D_HSP	8	reap_before	0	0	1	0	120	200	320	656	120	1	3.5437765444392925e-87	0	0	229
D_HSP	8	reap_before	1	0	-3	0	120	200	320	656	120	1	3.5437765444392925e-87	0	0	229
D_HSP	8	reap_before	2	0	2	0	120	521	641	656	120	1	3.5437765444392925e-87	0	0	550
D_HSP	8	reap_before	3	0	-2	0	120	521	641	656	120	1	3.5437765444392925e-87	0	0	550
D_HSP	8	reap_before	4	0	3	0	120	842	962	656	120	1	3.5437765444392925e-87	0	0	871
D_HSP	8	reap_before	5	0	-1	0	120	842	962	656	120	1	3.5437765444392925e-87	0	0	871
D_HSP	8	reap_before	6	0	-2	17	30	954	967	36	5	1	0.48262003478580995	0	0	959
D_HSP	8	reap_before	7	0	-3	12	19	1430	1437	26	3	1	8.8432655589865004	0	0	1433
D_RETURN	8	reap	0
D_LIST	8	reap_after	0	0	8	3.5437765444392925e-87
D_HSP	8	reap_after	0	0	1	0	120	200	320	656	120	1	3.5437765444392925e-87	0	0	229
D_HSP	8	reap_after	1	0	-3	0	120	200	320	656	120	1	3.5437765444392925e-87	0	0	229
D_HSP	8	reap_after	2	0	2	0	120	521	641	656	120	1	3.5437765444392925e-87	0	0	550
D_HSP	8	reap_after	3	0	-2	0	120	521	641	656	120	1	3.5437765444392925e-87	0	0	550
D_HSP	8	reap_after	4	0	3	0	120	842	962	656	120	1	3.5437765444392925e-87	0	0	871
D_HSP	8	reap_after	5	0	-1	0	120	842	962	656	120	1	3.5437765444392925e-87	0	0	871
D_HSP	8	reap_after	6	0	-2	17	30	954	967	36	5	1	0.48262003478580995	0	0	959
D_HSP	8	reap_after	7	0	-3	12	19	1430	1437	26	3	1	8.8432655589865004	0	0	1433
D_CALL	9	bits	1
D_LIST	9	bits_before	0	0	8	3.5437765444392925e-87
D_HSP	9	bits_before	0	0	1	0	120	200	320	656	120	1	3.5437765444392925e-87	0	0	229
D_HSP	9	bits_before	1	0	-3	0	120	200	320	656	120	1	3.5437765444392925e-87	0	0	229
D_HSP	9	bits_before	2	0	2	0	120	521	641	656	120	1	3.5437765444392925e-87	0	0	550
D_HSP	9	bits_before	3	0	-2	0	120	521	641	656	120	1	3.5437765444392925e-87	0	0	550
D_HSP	9	bits_before	4	0	3	0	120	842	962	656	120	1	3.5437765444392925e-87	0	0	871
D_HSP	9	bits_before	5	0	-1	0	120	842	962	656	120	1	3.5437765444392925e-87	0	0	871
D_HSP	9	bits_before	6	0	-2	17	30	954	967	36	5	1	0.48262003478580995	0	0	959
D_HSP	9	bits_before	7	0	-3	12	19	1430	1437	26	3	1	8.8432655589865004	0	0	1433
D_RETURN	9	bits	0
D_LIST	9	bits_after	0	0	8	3.5437765444392925e-87
D_HSP	9	bits_after	0	0	1	0	120	200	320	656	120	1	3.5437765444392925e-87	257.29915408182774	0	229
D_HSP	9	bits_after	1	0	-3	0	120	200	320	656	120	1	3.5437765444392925e-87	257.29915408182774	0	229
D_HSP	9	bits_after	2	0	2	0	120	521	641	656	120	1	3.5437765444392925e-87	257.29915408182774	0	550
D_HSP	9	bits_after	3	0	-2	0	120	521	641	656	120	1	3.5437765444392925e-87	257.29915408182774	0	550
D_HSP	9	bits_after	4	0	3	0	120	842	962	656	120	1	3.5437765444392925e-87	257.29915408182774	0	871
D_HSP	9	bits_after	5	0	-1	0	120	842	962	656	120	1	3.5437765444392925e-87	257.29915408182774	0	871
D_HSP	9	bits_after	6	0	-2	17	30	954	967	36	5	1	0.48262003478580995	18.475417013068721	0	959
D_HSP	9	bits_after	7	0	-3	12	19	1430	1437	26	3	1	8.8432655589865004	14.623421253895188	0	1433
