
> losat-web@0.0.0 e2e
> playwright test --reporter=list

[WebServer] (!) Your Vite config uses features that are unsupported by `configLoader: 'native'`, which is planned to become the default in a future major version of Vite:
[WebServer]   - import "./output-format" without a file extension (src/domain/verification.ts:9:35). Add the file extension
[WebServer]   - import "./programs" without a file extension (src/domain/verification.ts:10:32). Add the file extension
[WebServer] Set `VITE_CONFIG_NATIVE_IGNORE_WARNING=true` to suppress this warning.
[WebServer] (!) Your Vite config uses features that are unsupported by `configLoader: 'native'`, which is planned to become the default in a future major version of Vite:
[WebServer]   - import "./output-format" without a file extension (src/domain/verification.ts:9:35). Add the file extension
[WebServer]   - import "./programs" without a file extension (src/domain/verification.ts:10:32). Add the file extension
[WebServer] Set `VITE_CONFIG_NATIVE_IGNORE_WARNING=true` to suppress this warning.

Running 192 tests using 2 workers

  -    1 [chromium] › tests/e2e/browsers.spec.ts:49:1 › run output contract: a writer in its own worker and the real Data worker (without storage full)
  -    2 [chromium] › tests/e2e/browsers.spec.ts:34:3 › BlockStore contract: opfs store in a dedicated worker (without storage full)
  -    4 [chromium] › tests/e2e/browsers.spec.ts:34:3 › BlockStore contract: memory store in a dedicated worker (without storage full)
  -    3 [chromium] › tests/e2e/browsers.spec.ts:59:1 › the application keeps results in OPFS, or in memory with the reason shown
pass [opfs] write and seal: a block reads back exactly the bytes appended to it
pass [opfs] read: any range of a sealed block, and nothing beyond its end
pass [opfs] write: the store keeps a copy, so the caller may reuse its buffer
pass [opfs] staging: a block cannot be read before it is sealed
pass [opfs] seal: a sealed block takes no more bytes and cannot be sealed again
pass [run output] every stream arrives in order and the run commits
pass [opfs] discard: a staged or sealed block disappears and its bytes are freed
pass [opfs] create: a path that exists cannot be created again
pass [opfs] removeAll: removes one directory, sealed or not, and leaves the rest
pass [opfs] paths: empty and relative names are rejected
pass [opfs] an empty block can be sealed and read
pass [run output] many small chunks and one large chunk arrive unchanged
pass [run output] a run without output commits with empty outputs
pass [opfs] a large block: 48 MiB in 1 MiB appends reads back unchanged
pass [opfs] storage full: an append fails with StorageFullError, the block can only be discarded, and sealed blocks stay readable
  ✓    5 [chromium] › tests/e2e/contracts.spec.ts:32:3 › BlockStore contract: opfs store in a dedicated worker (650ms)
pass [run output] staging: a run cannot be read before it is committed, and the commit waits for end
pass [run output] an end whose totals disagree fails the commit and discards the run
pass [run output] a message outside the protocol fails the commit
pass [memory] write and seal: a block reads back exactly the bytes appended to it
pass [memory] read: any range of a sealed block, and nothing beyond its end
pass [memory] write: the store keeps a copy, so the caller may reuse its buffer
pass [memory] staging: a block cannot be read before it is sealed
pass [memory] seal: a sealed block takes no more bytes and cannot be sealed again
pass [memory] discard: a staged or sealed block disappears and its bytes are freed
pass [memory] create: a path that exists cannot be created again
pass [memory] removeAll: removes one directory, sealed or not, and leaves the rest
pass [memory] paths: empty and relative names are rejected
pass [memory] an empty block can be sealed and read
pass [memory] a large block: 48 MiB in 1 MiB appends reads back unchanged
pass [memory] storage full: an append fails with StorageFullError, the block can only be discarded, and sealed blocks stay readable
  ✓    7 [chromium] › tests/e2e/contracts.spec.ts:32:3 › BlockStore contract: memory store in a dedicated worker (378ms)
  -    8 [chromium] › tests/e2e/engine.spec.ts:97:1 › record scanner contract: the serial reactor
  -    9 [chromium] › tests/e2e/engine.spec.ts:105:3 › engine input contract: the real EngineGateway at 1 thread(s)
  -   10 [chromium] › tests/e2e/engine.spec.ts:105:3 › engine input contract: the real EngineGateway at 4 thread(s)
  -   11 [chromium] › tests/e2e/engine.spec.ts:132:1 › run output contract: the writer in the Engine worker, the real Data worker (without storage full)
  -   12 [chromium] › tests/e2e/engine.spec.ts:141:1 › V-BR: searches through the application give the expected bytes at 1, 2 and 4 threads
  -   13 [chromium] › tests/e2e/engine.spec.ts:174:1 › R1: searches of one subject with other queries and options reuse it and give the expected bytes
  -   14 [chromium] › tests/e2e/engine.spec.ts:216:1 › a search that builds one thread pool after another runs threaded from a new runtime
  -   15 [chromium] › tests/e2e/engine.spec.ts:241:1 › a cancelled search ends its runtime; the next search runs in a new one with the expected bytes
  -   16 [chromium] › tests/e2e/engine.spec.ts:270:1 › a runtime renewed after every search gives the same bytes and registers the subject again
  -   17 [chromium] › tests/e2e/engine.spec.ts:293:1 › without cross-origin isolation, a threaded search runs on the serial module with the reason
  -   18 [chromium] › tests/e2e/measure.spec.ts:207:1 › dw8: the share of a warm search that subject-only preprocessing can take
  -   19 [chromium] › tests/e2e/measure.spec.ts:238:1 › memory: the linear memory of one instance over repeated searches
  -   20 [chromium] › tests/e2e/measure.spec.ts:272:1 › auto: the search phase at 1, 2 and 4 threads by input size
  -   21 [chromium] › tests/e2e/measure.spec.ts:298:1 › cancel: the time to cancel and to prepare the next search in a new runtime
  -   22 [chromium] › tests/e2e/results-measure.spec.ts:560:3 › 10,000 queries: opening the run, the query picker, finding and sorting
  -   23 [chromium] › tests/e2e/results-measure.spec.ts:560:3 › 100,000 queries: opening the run, the query picker, finding and sorting
  -   24 [chromium] › tests/e2e/results-measure.spec.ts:831:1 › many HSPs in one query-subject pair: the dot plot and the HSP list
pass [run output] discard drops a staged run and ignores its late chunks
pass [run output] a committed run is kept by discard and removed by delete
pass [run output] two staged runs keep their outputs apart
pass [run output] the writer refuses to write after end
pass [run output] storage full: the run fails with the reason, and committed runs stay readable
  ✓    6 [chromium] › tests/e2e/contracts.spec.ts:40:1 › run output contract: a writer in its own worker and the real Data worker (OPFS) (1.3s)
  ✓   25 [chromium] › tests/e2e/results.spec.ts:478:3 › BLASTN: the header block is the run's; the Descriptions, Graphic Summary and HSP table are the outfmt 6 rows, the Alignments outfmt 0's text; units, frames and run details (5.0s)
  ✓   26 [chromium] › tests/e2e/results.spec.ts:478:3 › BLASTP: the header block is the run's; the Descriptions, Graphic Summary and HSP table are the outfmt 6 rows, the Alignments outfmt 0's text; units, frames and run details (5.2s)
  ✓   28 [chromium] › tests/e2e/results.spec.ts:478:3 › TBLASTX: the header block is the run's; the Descriptions, Graphic Summary and HSP table are the outfmt 6 rows, the Alignments outfmt 0's text; units, frames and run details (1.9s)
  ✓   29 [chromium] › tests/e2e/results.spec.ts:800:1 › an HSP that outfmt 0 does not show, and a hit list that may have reached its limit (1.5s)
  ✓   27 [chromium] › tests/e2e/results.spec.ts:478:3 › TBLASTN: the header block is the run's; the Descriptions, Graphic Summary and HSP table are the outfmt 6 rows, the Alignments outfmt 0's text; units, frames and run details (5.1s)
  ✓   30 [chromium] › tests/e2e/results.spec.ts:888:1 › BLASTN: an HSP of one letter has no orientation in its record; the note points to outfmt 0's Strand= line (2.4s)
  ✓   32 [chromium] › tests/e2e/results.spec.ts:1007:1 › the Alignments: a block per Range; Next, Previous and First Match; the previous and next subject; Ranges far apart in a window (3.0s)
  ✓   31 [chromium] › tests/e2e/results.spec.ts:948:1 › selection by HSP identity: sorting keeps the selected HSP; another subject or query moves it (6.6s)
  ✓   33 [chromium] › tests/e2e/results.spec.ts:1146:1 › many queries; view filters change the view, not the search; the notices tell filtered out, no hits and a failed run apart (3.6s)
  ✓   35 [chromium] › tests/e2e/results.spec.ts:1476:1 › narrow screens: the results are no wider than the screen; "Open results" shows them; the tables show the key values first (1.5s)
  -   36 [chromium] › tests/e2e/screens.spec.ts:41:3 › search screen at the desktop size
  -   37 [chromium] › tests/e2e/screens.spec.ts:41:3 › search screen at the phone size
  -   38 [chromium] › tests/e2e/screens.spec.ts:206:3 › results screen at the desktop size
  -   39 [chromium] › tests/e2e/screens.spec.ts:206:3 › results screen at the phone size
  -   40 [chromium] › tests/e2e/search-measure.spec.ts:90:1 › index, check, exclusion and queueing of many records
  ✓   41 [chromium] › tests/e2e/search.spec.ts:49:1 › a file is summarized with its records, not put in the paste box; files can also be dropped (248ms)
  ✓   34 [chromium] › tests/e2e/results.spec.ts:1323:1 › the dot plot: the HSPs of the pair on a canvas; zoom; choosing an HSP on it or in the list; its popup (3.6s)
  ✓   43 [chromium] › tests/e2e/search.spec.ts:113:1 › the same subject, another query: the engine keeps the subject (R1) (2.9s)
  ✓   42 [chromium] › tests/e2e/search.spec.ts:77:1 › records: duplicate IDs by number, the engine refuses a record, exclusion, and a run after exclusion (3.9s)
  -   45 [chromium] › tests/e2e/search.spec.ts:208:1 › cancel a running search; the next one runs
  ✓   44 [chromium] › tests/e2e/search.spec.ts:131:1 › several runs in the queue; the next job is edited while one runs; separate searches as a group (2.0s)
  ✓   46 [chromium] › tests/e2e/search.spec.ts:224:1 › the region of a role with one record: the drag, the fields, the limits and the argv (2.4s)
  -   48 [chromium] › tests/e2e/search.spec.ts:351:1 › the engine's refusals of option values are shown as the engine writes them, and nothing is queued
  ✓   47 [chromium] › tests/e2e/search.spec.ts:278:1 › the options form: the engine's defaults are not written; tasks, templates and genetic codes (2.6s)
  ✓   49 [chromium] › tests/e2e/search.spec.ts:378:1 › empty inputs, every record excluded, a sequence without a defline, and BLASTX (2.7s)
  -   51 [chromium] › tests/e2e/search.spec.ts:414:3 › leaving and returning › the wake lock is held during a search; the page warns before it is left; the state is checked on return
  ✓   50 [chromium] › tests/e2e/search.spec.ts:402:1 › the sequence kind warning is an estimate and does not change the program (948ms)
  ✓   52 [chromium] › tests/e2e/search.spec.ts:472:1 › the search screen in NCBI's order and words (W4b) (1.3s)
  ✓   54 [chromium] › tests/e2e/search.spec.ts:642:1 › narrow screens put the inputs and the queue one under the other, without horizontal scrolling (1.2s)
  ✓   55 [chromium] › tests/e2e/smoke.spec.ts:4:1 › the page is cross-origin isolated, so the threaded engine can use shared memory (88ms)
  ✓   53 [chromium] › tests/e2e/search.spec.ts:573:1 › Algorithm parameters: closed at start, the changed values marked and counted, the defaults restored; the Job Title and the second button (2.6s)
  ✓   57 [chromium] › tests/e2e/smoke.spec.ts:42:1 › a BLASTN query of white space only is refused with the index scan error, before it is queued (176ms)
  ✓   56 [chromium] › tests/e2e/smoke.spec.ts:10:1 › paste, queue, run, view and export with the fake engine (741ms)
  ✓   58 [chromium] › tests/e2e/storage.spec.ts:24:1 › a tab keeps its outputs in OPFS under tmp/<session>/runs/<run>/, named by tokens only (768ms)
  ✓   59 [chromium] › tests/e2e/storage.spec.ts:47:3 › the next tab removes the data of a tab that is killed, and keeps its own (1.6s)
  ✓   60 [chromium] › tests/e2e/storage.spec.ts:47:3 › the next tab removes the data of a tab that is closed, and keeps its own (1.7s)
  ✓   62 [chromium] › tests/e2e/storage.spec.ts:107:1 › two tabs that start at the same time remove an abandoned session once and keep each other (1.2s)
  ✓   61 [chromium] › tests/e2e/storage.spec.ts:80:1 › two open tabs, started one after the other, never remove each other's data (2.2s)
  ✓   63 [chromium] › tests/e2e/storage.spec.ts:128:1 › a stopped (frozen) tab keeps its data while another tab starts (958ms)
  ✓   64 [chromium] › tests/e2e/storage.spec.ts:147:1 › a run that runs out of storage fails with the reason; earlier results stay and later runs work (1.7s)
pass [opfs] write and seal: a block reads back exactly the bytes appended to it
pass [opfs] read: any range of a sealed block, and nothing beyond its end
pass [opfs] write: the store keeps a copy, so the caller may reuse its buffer
pass [opfs] staging: a block cannot be read before it is sealed
pass [opfs] seal: a sealed block takes no more bytes and cannot be sealed again
pass [opfs] discard: a staged or sealed block disappears and its bytes are freed
pass [opfs] create: a path that exists cannot be created again
pass [opfs] removeAll: removes one directory, sealed or not, and leaves the rest
pass [opfs] paths: empty and relative names are rejected
pass [opfs] an empty block can be sealed and read
pass [opfs] a large block: 48 MiB in 1 MiB appends reads back unchanged
FAIL [opfs] storage full: an append fails with StorageFullError, the block can only be discarded, and sealed blocks stay readable: ContractError: an append beyond the storage: expected an error matching /StorageFullError/, but nothing was thrown
  ✓   65 [firefox] › tests/e2e/browsers.spec.ts:34:3 › BlockStore contract: opfs store in a dedicated worker (without storage full) (1.9s)
pass [memory] write and seal: a block reads back exactly the bytes appended to it
pass [memory] read: any range of a sealed block, and nothing beyond its end
pass [memory] write: the store keeps a copy, so the caller may reuse its buffer
pass [memory] staging: a block cannot be read before it is sealed
pass [memory] seal: a sealed block takes no more bytes and cannot be sealed again
pass [memory] discard: a staged or sealed block disappears and its bytes are freed
pass [memory] create: a path that exists cannot be created again
pass [memory] removeAll: removes one directory, sealed or not, and leaves the rest
pass [memory] paths: empty and relative names are rejected
pass [memory] an empty block can be sealed and read
pass [memory] a large block: 48 MiB in 1 MiB appends reads back unchanged
pass [memory] storage full: an append fails with StorageFullError, the block can only be discarded, and sealed blocks stay readable
  ✓   67 [firefox] › tests/e2e/browsers.spec.ts:34:3 › BlockStore contract: memory store in a dedicated worker (without storage full) (376ms)
  -   68 [firefox] › tests/e2e/contracts.spec.ts:32:3 › BlockStore contract: opfs store in a dedicated worker
  -   69 [firefox] › tests/e2e/contracts.spec.ts:32:3 › BlockStore contract: memory store in a dedicated worker
  -   70 [firefox] › tests/e2e/contracts.spec.ts:40:1 › run output contract: a writer in its own worker and the real Data worker (OPFS)
  -   71 [firefox] › tests/e2e/engine.spec.ts:97:1 › record scanner contract: the serial reactor
  -   72 [firefox] › tests/e2e/engine.spec.ts:105:3 › engine input contract: the real EngineGateway at 1 thread(s)
  -   73 [firefox] › tests/e2e/engine.spec.ts:105:3 › engine input contract: the real EngineGateway at 4 thread(s)
  -   74 [firefox] › tests/e2e/engine.spec.ts:132:1 › run output contract: the writer in the Engine worker, the real Data worker (without storage full)
  -   75 [firefox] › tests/e2e/engine.spec.ts:141:1 › V-BR: searches through the application give the expected bytes at 1, 2 and 4 threads
  -   76 [firefox] › tests/e2e/engine.spec.ts:174:1 › R1: searches of one subject with other queries and options reuse it and give the expected bytes
  -   77 [firefox] › tests/e2e/engine.spec.ts:216:1 › a search that builds one thread pool after another runs threaded from a new runtime
  -   78 [firefox] › tests/e2e/engine.spec.ts:241:1 › a cancelled search ends its runtime; the next search runs in a new one with the expected bytes
  -   79 [firefox] › tests/e2e/engine.spec.ts:270:1 › a runtime renewed after every search gives the same bytes and registers the subject again
  -   80 [firefox] › tests/e2e/engine.spec.ts:293:1 › without cross-origin isolation, a threaded search runs on the serial module with the reason
  -   81 [firefox] › tests/e2e/measure.spec.ts:207:1 › dw8: the share of a warm search that subject-only preprocessing can take
  -   82 [firefox] › tests/e2e/measure.spec.ts:238:1 › memory: the linear memory of one instance over repeated searches
  -   83 [firefox] › tests/e2e/measure.spec.ts:272:1 › auto: the search phase at 1, 2 and 4 threads by input size
  -   84 [firefox] › tests/e2e/measure.spec.ts:298:1 › cancel: the time to cancel and to prepare the next search in a new runtime
  -   85 [firefox] › tests/e2e/results-measure.spec.ts:560:3 › 10,000 queries: opening the run, the query picker, finding and sorting
  -   86 [firefox] › tests/e2e/results-measure.spec.ts:560:3 › 100,000 queries: opening the run, the query picker, finding and sorting
  -   87 [firefox] › tests/e2e/results-measure.spec.ts:831:1 › many HSPs in one query-subject pair: the dot plot and the HSP list
pass [run output] every stream arrives in order and the run commits
pass [run output] many small chunks and one large chunk arrive unchanged
pass [run output] a run without output commits with empty outputs
pass [run output] staging: a run cannot be read before it is committed, and the commit waits for end
pass [run output] an end whose totals disagree fails the commit and discards the run
pass [run output] a message outside the protocol fails the commit
pass [run output] discard drops a staged run and ignores its late chunks
pass [run output] a committed run is kept by discard and removed by delete
pass [run output] two staged runs keep their outputs apart
pass [run output] the writer refuses to write after end
FAIL [run output] storage full: the run fails with the reason, and committed runs stay readable: ContractError: commit: expected a rejection matching /StorageFullError: Not enough temporary storage/, but it resolved
run output contract on the opfs store
  ✓   66 [firefox] › tests/e2e/browsers.spec.ts:49:1 › run output contract: a writer in its own worker and the real Data worker (without storage full) (3.6s)
  ✓   89 [firefox] › tests/e2e/browsers.spec.ts:59:1 › the application keeps results in OPFS, or in memory with the reason shown (368ms)
  ✓   88 [firefox] › tests/e2e/results.spec.ts:478:3 › BLASTN: the header block is the run's; the Descriptions, Graphic Summary and HSP table are the outfmt 6 rows, the Alignments outfmt 0's text; units, frames and run details (7.2s)
  ✓   90 [firefox] › tests/e2e/results.spec.ts:478:3 › BLASTP: the header block is the run's; the Descriptions, Graphic Summary and HSP table are the outfmt 6 rows, the Alignments outfmt 0's text; units, frames and run details (7.2s)
  ✓   92 [firefox] › tests/e2e/results.spec.ts:478:3 › TBLASTX: the header block is the run's; the Descriptions, Graphic Summary and HSP table are the outfmt 6 rows, the Alignments outfmt 0's text; units, frames and run details (3.0s)
  ✓   91 [firefox] › tests/e2e/results.spec.ts:478:3 › TBLASTN: the header block is the run's; the Descriptions, Graphic Summary and HSP table are the outfmt 6 rows, the Alignments outfmt 0's text; units, frames and run details (7.5s)
  ✓   93 [firefox] › tests/e2e/results.spec.ts:800:1 › an HSP that outfmt 0 does not show, and a hit list that may have reached its limit (3.3s)
  ✓   94 [firefox] › tests/e2e/results.spec.ts:888:1 › BLASTN: an HSP of one letter has no orientation in its record; the note points to outfmt 0's Strand= line (3.3s)
  ✓   96 [firefox] › tests/e2e/results.spec.ts:1007:1 › the Alignments: a block per Range; Next, Previous and First Match; the previous and next subject; Ranges far apart in a window (3.6s)
  ✓   95 [firefox] › tests/e2e/results.spec.ts:948:1 › selection by HSP identity: sorting keeps the selected HSP; another subject or query moves it (8.9s)
  ✓   97 [firefox] › tests/e2e/results.spec.ts:1146:1 › many queries; view filters change the view, not the search; the notices tell filtered out, no hits and a failed run apart (4.5s)
  ✓   99 [firefox] › tests/e2e/results.spec.ts:1476:1 › narrow screens: the results are no wider than the screen; "Open results" shows them; the tables show the key values first (2.5s)
  -  100 [firefox] › tests/e2e/screens.spec.ts:41:3 › search screen at the desktop size
  -  101 [firefox] › tests/e2e/screens.spec.ts:41:3 › search screen at the phone size
  -  102 [firefox] › tests/e2e/screens.spec.ts:206:3 › results screen at the desktop size
  -  103 [firefox] › tests/e2e/screens.spec.ts:206:3 › results screen at the phone size
  -  104 [firefox] › tests/e2e/search-measure.spec.ts:90:1 › index, check, exclusion and queueing of many records
  ✓  105 [firefox] › tests/e2e/search.spec.ts:49:1 › a file is summarized with its records, not put in the paste box; files can also be dropped (611ms)
  ✓   98 [firefox] › tests/e2e/results.spec.ts:1323:1 › the dot plot: the HSPs of the pair on a canvas; zoom; choosing an HSP on it or in the list; its popup (4.3s)
  ✓  107 [firefox] › tests/e2e/search.spec.ts:113:1 › the same subject, another query: the engine keeps the subject (R1) (3.9s)
  ✓  106 [firefox] › tests/e2e/search.spec.ts:77:1 › records: duplicate IDs by number, the engine refuses a record, exclusion, and a run after exclusion (5.5s)
  -  109 [firefox] › tests/e2e/search.spec.ts:208:1 › cancel a running search; the next one runs
  ✓  108 [firefox] › tests/e2e/search.spec.ts:131:1 › several runs in the queue; the next job is edited while one runs; separate searches as a group (2.7s)
  ✓  110 [firefox] › tests/e2e/search.spec.ts:224:1 › the region of a role with one record: the drag, the fields, the limits and the argv (3.3s)
  -  112 [firefox] › tests/e2e/search.spec.ts:351:1 › the engine's refusals of option values are shown as the engine writes them, and nothing is queued
  ✓  111 [firefox] › tests/e2e/search.spec.ts:278:1 › the options form: the engine's defaults are not written; tasks, templates and genetic codes (3.8s)
  ✓  114 [firefox] › tests/e2e/search.spec.ts:402:1 › the sequence kind warning is an estimate and does not change the program (1.1s)
  -  115 [firefox] › tests/e2e/search.spec.ts:414:3 › leaving and returning › the wake lock is held during a search; the page warns before it is left; the state is checked on return
  ✓  113 [firefox] › tests/e2e/search.spec.ts:378:1 › empty inputs, every record excluded, a sequence without a defline, and BLASTX (3.0s)
  ✓  116 [firefox] › tests/e2e/search.spec.ts:472:1 › the search screen in NCBI's order and words (W4b) (1.7s)
  ✓  118 [firefox] › tests/e2e/search.spec.ts:642:1 › narrow screens put the inputs and the queue one under the other, without horizontal scrolling (1.5s)
  ✓  119 [firefox] › tests/e2e/smoke.spec.ts:4:1 › the page is cross-origin isolated, so the threaded engine can use shared memory (216ms)
  ✓  117 [firefox] › tests/e2e/search.spec.ts:573:1 › Algorithm parameters: closed at start, the changed values marked and counted, the defaults restored; the Job Title and the second button (4.1s)
  ✓  121 [firefox] › tests/e2e/smoke.spec.ts:42:1 › a BLASTN query of white space only is refused with the index scan error, before it is queued (376ms)
  -  122 [firefox] › tests/e2e/storage.spec.ts:24:1 › a tab keeps its outputs in OPFS under tmp/<session>/runs/<run>/, named by tokens only
  -  123 [firefox] › tests/e2e/storage.spec.ts:47:3 › the next tab removes the data of a tab that is killed, and keeps its own
  -  124 [firefox] › tests/e2e/storage.spec.ts:47:3 › the next tab removes the data of a tab that is closed, and keeps its own
  -  125 [firefox] › tests/e2e/storage.spec.ts:80:1 › two open tabs, started one after the other, never remove each other's data
  -  126 [firefox] › tests/e2e/storage.spec.ts:107:1 › two tabs that start at the same time remove an abandoned session once and keep each other
  -  127 [firefox] › tests/e2e/storage.spec.ts:128:1 › a stopped (frozen) tab keeps its data while another tab starts
  -  128 [firefox] › tests/e2e/storage.spec.ts:147:1 › a run that runs out of storage fails with the reason; earlier results stay and later runs work
  ✓  120 [firefox] › tests/e2e/smoke.spec.ts:10:1 › paste, queue, run, view and export with the fake engine (1.5s)
  -  129 [webkit] › tests/e2e/browsers.spec.ts:34:3 › BlockStore contract: opfs store in a dedicated worker (without storage full)
pass [run output] every stream arrives in order and the run commits
pass [run output] many small chunks and one large chunk arrive unchanged
pass [run output] a run without output commits with empty outputs
pass [memory] write and seal: a block reads back exactly the bytes appended to it
pass [memory] read: any range of a sealed block, and nothing beyond its end
pass [memory] write: the store keeps a copy, so the caller may reuse its buffer
pass [memory] staging: a block cannot be read before it is sealed
pass [memory] seal: a sealed block takes no more bytes and cannot be sealed again
pass [memory] discard: a staged or sealed block disappears and its bytes are freed
pass [memory] create: a path that exists cannot be created again
pass [memory] removeAll: removes one directory, sealed or not, and leaves the rest
pass [memory] paths: empty and relative names are rejected
pass [memory] an empty block can be sealed and read
pass [memory] a large block: 48 MiB in 1 MiB appends reads back unchanged
pass [memory] storage full: an append fails with StorageFullError, the block can only be discarded, and sealed blocks stay readable
  ✓  131 [webkit] › tests/e2e/browsers.spec.ts:34:3 › BlockStore contract: memory store in a dedicated worker (without storage full) (479ms)
  -  132 [webkit] › tests/e2e/contracts.spec.ts:32:3 › BlockStore contract: opfs store in a dedicated worker
  -  133 [webkit] › tests/e2e/contracts.spec.ts:32:3 › BlockStore contract: memory store in a dedicated worker
  -  134 [webkit] › tests/e2e/contracts.spec.ts:40:1 › run output contract: a writer in its own worker and the real Data worker (OPFS)
  -  135 [webkit] › tests/e2e/engine.spec.ts:97:1 › record scanner contract: the serial reactor
  -  136 [webkit] › tests/e2e/engine.spec.ts:105:3 › engine input contract: the real EngineGateway at 1 thread(s)
  -  137 [webkit] › tests/e2e/engine.spec.ts:105:3 › engine input contract: the real EngineGateway at 4 thread(s)
  -  138 [webkit] › tests/e2e/engine.spec.ts:132:1 › run output contract: the writer in the Engine worker, the real Data worker (without storage full)
  -  139 [webkit] › tests/e2e/engine.spec.ts:141:1 › V-BR: searches through the application give the expected bytes at 1, 2 and 4 threads
  -  140 [webkit] › tests/e2e/engine.spec.ts:174:1 › R1: searches of one subject with other queries and options reuse it and give the expected bytes
  -  141 [webkit] › tests/e2e/engine.spec.ts:216:1 › a search that builds one thread pool after another runs threaded from a new runtime
  -  142 [webkit] › tests/e2e/engine.spec.ts:241:1 › a cancelled search ends its runtime; the next search runs in a new one with the expected bytes
  -  143 [webkit] › tests/e2e/engine.spec.ts:270:1 › a runtime renewed after every search gives the same bytes and registers the subject again
  -  144 [webkit] › tests/e2e/engine.spec.ts:293:1 › without cross-origin isolation, a threaded search runs on the serial module with the reason
  -  145 [webkit] › tests/e2e/measure.spec.ts:207:1 › dw8: the share of a warm search that subject-only preprocessing can take
  -  146 [webkit] › tests/e2e/measure.spec.ts:238:1 › memory: the linear memory of one instance over repeated searches
  -  147 [webkit] › tests/e2e/measure.spec.ts:272:1 › auto: the search phase at 1, 2 and 4 threads by input size
  -  148 [webkit] › tests/e2e/measure.spec.ts:298:1 › cancel: the time to cancel and to prepare the next search in a new runtime
  -  149 [webkit] › tests/e2e/results-measure.spec.ts:560:3 › 10,000 queries: opening the run, the query picker, finding and sorting
  -  150 [webkit] › tests/e2e/results-measure.spec.ts:560:3 › 100,000 queries: opening the run, the query picker, finding and sorting
  -  151 [webkit] › tests/e2e/results-measure.spec.ts:831:1 › many HSPs in one query-subject pair: the dot plot and the HSP list
pass [run output] staging: a run cannot be read before it is committed, and the commit waits for end
pass [run output] an end whose totals disagree fails the commit and discards the run
pass [run output] a message outside the protocol fails the commit
pass [run output] discard drops a staged run and ignores its late chunks
pass [run output] a committed run is kept by discard and removed by delete
pass [run output] two staged runs keep their outputs apart
pass [run output] the writer refuses to write after end
FAIL [run output] storage full: the run fails with the reason, and committed runs stay readable: ContractError: commit: expected a rejection matching /StorageFullError: Not enough temporary storage/, but it resolved
run output contract on the memory store
  ✓  130 [webkit] › tests/e2e/browsers.spec.ts:49:1 › run output contract: a writer in its own worker and the real Data worker (without storage full) (1.1s)
  ✓  153 [webkit] › tests/e2e/browsers.spec.ts:59:1 › the application keeps results in OPFS, or in memory with the reason shown (517ms)
  ✓  152 [webkit] › tests/e2e/results.spec.ts:478:3 › BLASTN: the header block is the run's; the Descriptions, Graphic Summary and HSP table are the outfmt 6 rows, the Alignments outfmt 0's text; units, frames and run details (7.1s)
  ✓  154 [webkit] › tests/e2e/results.spec.ts:478:3 › BLASTP: the header block is the run's; the Descriptions, Graphic Summary and HSP table are the outfmt 6 rows, the Alignments outfmt 0's text; units, frames and run details (7.5s)
  ✓  156 [webkit] › tests/e2e/results.spec.ts:478:3 › TBLASTX: the header block is the run's; the Descriptions, Graphic Summary and HSP table are the outfmt 6 rows, the Alignments outfmt 0's text; units, frames and run details (2.8s)
  ✓  157 [webkit] › tests/e2e/results.spec.ts:800:1 › an HSP that outfmt 0 does not show, and a hit list that may have reached its limit (2.5s)
  ✓  155 [webkit] › tests/e2e/results.spec.ts:478:3 › TBLASTN: the header block is the run's; the Descriptions, Graphic Summary and HSP table are the outfmt 6 rows, the Alignments outfmt 0's text; units, frames and run details (7.6s)
  ✓  158 [webkit] › tests/e2e/results.spec.ts:888:1 › BLASTN: an HSP of one letter has no orientation in its record; the note points to outfmt 0's Strand= line (3.0s)
  ✓  160 [webkit] › tests/e2e/results.spec.ts:1007:1 › the Alignments: a block per Range; Next, Previous and First Match; the previous and next subject; Ranges far apart in a window (3.8s)
  ✓  159 [webkit] › tests/e2e/results.spec.ts:948:1 › selection by HSP identity: sorting keeps the selected HSP; another subject or query moves it (8.6s)
  ✓  161 [webkit] › tests/e2e/results.spec.ts:1146:1 › many queries; view filters change the view, not the search; the notices tell filtered out, no hits and a failed run apart (4.7s)
  ✓  163 [webkit] › tests/e2e/results.spec.ts:1476:1 › narrow screens: the results are no wider than the screen; "Open results" shows them; the tables show the key values first (2.1s)
  -  164 [webkit] › tests/e2e/screens.spec.ts:41:3 › search screen at the desktop size
  -  165 [webkit] › tests/e2e/screens.spec.ts:41:3 › search screen at the phone size
  -  166 [webkit] › tests/e2e/screens.spec.ts:206:3 › results screen at the desktop size
  -  167 [webkit] › tests/e2e/screens.spec.ts:206:3 › results screen at the phone size
  -  168 [webkit] › tests/e2e/search-measure.spec.ts:90:1 › index, check, exclusion and queueing of many records
  ✓  162 [webkit] › tests/e2e/results.spec.ts:1323:1 › the dot plot: the HSPs of the pair on a canvas; zoom; choosing an HSP on it or in the list; its popup (4.6s)
  ✓  169 [webkit] › tests/e2e/search.spec.ts:49:1 › a file is summarized with its records, not put in the paste box; files can also be dropped (762ms)
  ✓  171 [webkit] › tests/e2e/search.spec.ts:113:1 › the same subject, another query: the engine keeps the subject (R1) (3.4s)
  ✓  170 [webkit] › tests/e2e/search.spec.ts:77:1 › records: duplicate IDs by number, the engine refuses a record, exclusion, and a run after exclusion (4.4s)
  -  173 [webkit] › tests/e2e/search.spec.ts:208:1 › cancel a running search; the next one runs
  ✓  172 [webkit] › tests/e2e/search.spec.ts:131:1 › several runs in the queue; the next job is edited while one runs; separate searches as a group (2.8s)
  ✓  174 [webkit] › tests/e2e/search.spec.ts:224:1 › the region of a role with one record: the drag, the fields, the limits and the argv (3.1s)
  -  176 [webkit] › tests/e2e/search.spec.ts:351:1 › the engine's refusals of option values are shown as the engine writes them, and nothing is queued
  ✓  175 [webkit] › tests/e2e/search.spec.ts:278:1 › the options form: the engine's defaults are not written; tasks, templates and genetic codes (3.2s)
  ✓  178 [webkit] › tests/e2e/search.spec.ts:402:1 › the sequence kind warning is an estimate and does not change the program (1.4s)
  -  179 [webkit] › tests/e2e/search.spec.ts:414:3 › leaving and returning › the wake lock is held during a search; the page warns before it is left; the state is checked on return
  ✓  177 [webkit] › tests/e2e/search.spec.ts:378:1 › empty inputs, every record excluded, a sequence without a defline, and BLASTX (3.1s)
  ✓  180 [webkit] › tests/e2e/search.spec.ts:472:1 › the search screen in NCBI's order and words (W4b) (2.2s)
  ✓  181 [webkit] › tests/e2e/search.spec.ts:573:1 › Algorithm parameters: closed at start, the changed values marked and counted, the defaults restored; the Job Title and the second button (3.0s)
  ✓  183 [webkit] › tests/e2e/smoke.spec.ts:4:1 › the page is cross-origin isolated, so the threaded engine can use shared memory (360ms)
  ✓  182 [webkit] › tests/e2e/search.spec.ts:642:1 › narrow screens put the inputs and the queue one under the other, without horizontal scrolling (1.8s)
  ✓  185 [webkit] › tests/e2e/smoke.spec.ts:42:1 › a BLASTN query of white space only is refused with the index scan error, before it is queued (685ms)
  -  186 [webkit] › tests/e2e/storage.spec.ts:24:1 › a tab keeps its outputs in OPFS under tmp/<session>/runs/<run>/, named by tokens only
  -  187 [webkit] › tests/e2e/storage.spec.ts:47:3 › the next tab removes the data of a tab that is killed, and keeps its own
  -  188 [webkit] › tests/e2e/storage.spec.ts:47:3 › the next tab removes the data of a tab that is closed, and keeps its own
  -  189 [webkit] › tests/e2e/storage.spec.ts:80:1 › two open tabs, started one after the other, never remove each other's data
  -  190 [webkit] › tests/e2e/storage.spec.ts:107:1 › two tabs that start at the same time remove an abandoned session once and keep each other
  -  191 [webkit] › tests/e2e/storage.spec.ts:128:1 › a stopped (frozen) tab keeps its data while another tab starts
  -  192 [webkit] › tests/e2e/storage.spec.ts:147:1 › a run that runs out of storage fails with the reason; earlier results stay and later runs work
  ✓  184 [webkit] › tests/e2e/smoke.spec.ts:10:1 › paste, queue, run, view and export with the fake engine (1.3s)

  100 skipped
  92 passed (2.2m)
