PASS long_chunk_20260924.mode0 fmt0: 2023 bytes
PASS long_chunk_20260924.mode0 fmt6: 67 bytes
PASS long_chunk_20260924.mode0 fmt7: 424 bytes
PASS long_chunk_20260924.mode2 fmt0: 2061 bytes
PASS long_chunk_20260924.mode2 fmt6: 67 bytes
PASS long_chunk_20260924.mode2 fmt7: 424 bytes
PASS masked_chunk_boundary_20260924.mode0 fmt0: 2045 bytes
PASS masked_chunk_boundary_20260924.mode0 fmt6: 67 bytes
PASS masked_chunk_boundary_20260924.mode0 fmt7: 435 bytes
PASS masked_chunk_boundary_20260924.mode2 fmt0: 2083 bytes
PASS masked_chunk_boundary_20260924.mode2 fmt6: 67 bytes
PASS masked_chunk_boundary_20260924.mode2 fmt7: 435 bytes
PASS no_range_middle_20260924.mode0 fmt0: 2036 bytes
PASS no_range_middle_20260924.mode0 fmt6: 70 bytes
PASS no_range_middle_20260924.mode0 fmt7: 432 bytes
PASS no_range_middle_20260924.mode2 fmt0: 2074 bytes
PASS no_range_middle_20260924.mode2 fmt6: 70 bytes
PASS no_range_middle_20260924.mode2 fmt7: 432 bytes
PASS no_range_two_hits_20260924.mode0 fmt0: 2670 bytes
PASS no_range_two_hits_20260924.mode0 fmt6: 140 bytes
PASS no_range_two_hits_20260924.mode0 fmt7: 504 bytes
PASS no_range_two_hits_20260924.mode2 fmt0: 2748 bytes
PASS no_range_two_hits_20260924.mode2 fmt6: 141 bytes
PASS no_range_two_hits_20260924.mode2 fmt7: 505 bytes
PASS long_multi_query_20260924.mode0 fmt0: 3157 bytes
PASS long_multi_query_20260924.mode0 fmt6: 142 bytes
PASS long_multi_query_20260924.mode0 fmt7: 1024 bytes
27/27 byte-identical
