QUERY_INFO	0	0	0	1
QUERY_CONTEXT	0	0	0	0	120	0	1
GAPPED_PARAMS	0	11	1	38	64	0	0	0	0	0
GAPPED_INPUT	0	1
GAPPED_INIT	0	0	3	3	0	0	120	656
CONTAINS	0	1	0	120	0	120
GAPPED_OUTPUT	0	0	1
GAPPED_HSP	0	0	656	0	0	0	120	29	1	0	120	29
ENDPOINT_INPUT	1	1
ENDPOINT_IN_HSP	0	656	1	0	120	0	120
ENDPOINT_OUTPUT	1	1
ENDPOINT_OUT_HSP	0	656	1	0	120	0	120
MERGE_INPUT	0	2147483647	0	-2147483648	0	1	0	1	0
MERGE_IN_HSP	0	0	0	656	1	0	120	29	0	120	29
MERGE_OUTPUT	0	0	0	1
MERGE_OUT_HSP	0	0	0	656	1	0	120	29	0	120	29
APPEND_INPUT	0	2147483647	1	0
APPEND_IN_HSP	0	0	0	656	1	0	120	0	120
APPEND_OUTPUT	0	0	0	1
APPEND_OUT_HSP	0	0	0	656	1	0	120	0	120
APPEND_INPUT	1	2147483647	0	1
APPEND_OLD_HSP	1	0	0	656	1	0	120	0	120
APPEND_OUTPUT	1	0	0	1
APPEND_OUT_HSP	1	0	0	656	1	0	120	0	120
APPEND_INPUT	2	2147483647	0	1
APPEND_OLD_HSP	2	0	0	656	1	0	120	0	120
APPEND_OUTPUT	2	0	0	1
APPEND_OUT_HSP	2	0	0	656	1	0	120	0	120
APPEND_INPUT	3	2147483647	0	1
APPEND_OLD_HSP	3	0	0	656	1	0	120	0	120
APPEND_OUTPUT	3	0	0	1
APPEND_OUT_HSP	3	0	0	656	1	0	120	0	120
APPEND_INPUT	4	2147483647	0	1
APPEND_OLD_HSP	4	0	0	656	1	0	120	0	120
APPEND_OUTPUT	4	0	0	1
APPEND_OUT_HSP	4	0	0	656	1	0	120	0	120
APPEND_INPUT	5	2147483647	0	1
APPEND_OLD_HSP	5	0	0	656	1	0	120	0	120
APPEND_OUTPUT	5	0	0	1
APPEND_OUT_HSP	5	0	0	656	1	0	120	0	120
TRACEBACK_INPUT	0	1
TRACEBACK_CONTEXT	0	1
TRACEBACK_IN_HSP	0	0	656	1	0	120	0	120
TRACEBACK_IN_CONTEXT_HSP	0	0	0
CONTAINS	0	1	0	120	0	120
TARGET_TRANSLATION	1	0	120	0	120	120	1
TRACEBACK_OUTPUT	0	0	1	1
TRACEBACK_OUT_HSP	0	0	656	1	0	120	0	120
TRACEBACK_INPUT	0	1
TRACEBACK_CONTEXT	0	1
TRACEBACK_IN_HSP	0	0	656	1	0	120	0	120
TRACEBACK_IN_CONTEXT_HSP	0	0	0
CONTAINS	0	1	0	120	0	120
TARGET_TRANSLATION	1	-1	0	0	120	120	1
HSP_TEST	0	120	0	120	0	120
ENDPOINT_INPUT	0	1
ENDPOINT_IN_HSP	0	656	1	0	120	0	120
ENDPOINT_OUTPUT	1	1
ENDPOINT_OUT_HSP	0	656	1	0	120	0	120
CONTAINS	0	1	0	120	0	120
TRACEBACK_OUTPUT	0	0	1	0
TRACEBACK_OUT_HSP	0	0	656	1	0	120	0	120
