PARAM	0	21	21	0
CAND	0	0	0	0
CAND	0	1	1	1
CAND	0	2	2	2
CAND	0	3	30	2
CAND	0	4	62	2
CAND	0	5	126	2
CAND	0	6	158	2
CAND	0	7	3	3
CAND	0	8	63	3
CAND	0	9	159	3
CAND	0	10	4	4
CAND	0	11	17	4
CAND	0	12	43	4
CAND	0	13	139	4
CAND	0	14	5	5
CAND	0	15	112	5
CAND	0	16	6	6
CAND	0	17	7	6
CAND	0	18	6	7
CAND	0	19	7	7
CAND	0	20	8	8
CAND	0	21	13	8
CAND	0	22	113	8
CAND	0	23	9	9
CAND	0	24	10	10
CAND	0	25	58	10
CAND	0	26	154	10
CAND	0	27	11	11
CAND	0	28	12	12
CAND	0	29	8	13
CAND	0	30	13	13
CAND	0	31	113	13
CAND	0	32	14	14
CAND	0	33	15	15
CAND	0	34	87	15
CAND	0	35	183	15
CAND	0	36	16	16
CAND	0	37	4	17
CAND	0	38	17	17
CAND	0	39	43	17
CAND	0	40	139	17
CAND	0	41	18	18
CAND	0	42	19	19
CAND	0	43	34	19
CAND	0	44	130	19
CAND	0	45	20	20
CAND	0	46	23	20
CAND	0	47	21	21
CAND	0	48	22	22
CAND	0	49	20	23
CAND	0	50	23	23
CAND	0	51	24	24
CAND	0	52	25	25
CAND	0	53	121	25
CAND	0	54	26	26
CAND	0	55	122	26
CAND	0	56	27	27
CAND	0	57	123	27
CAND	0	58	28	28
CAND	0	59	124	28
CAND	0	60	29	29
CAND	0	61	125	29
CAND	0	62	2	30
CAND	0	63	30	30
CAND	0	64	62	30
CAND	0	65	126	30
CAND	0	66	158	30
CAND	0	67	31	31
CAND	0	68	127	31
CAND	0	69	32	32
CAND	0	70	128	32
CAND	0	71	33	33
CAND	0	72	129	33
CAND	0	73	19	34
CAND	0	74	34	34
CAND	0	75	130	34
CAND	0	76	35	35
CAND	0	77	131	35
CAND	0	78	36	36
CAND	0	79	90	36
CAND	0	80	132	36
CAND	0	81	186	36
CAND	0	82	37	37
CAND	0	83	104	37
CAND	0	84	133	37
CAND	0	85	38	38
CAND	0	86	134	38
CAND	0	87	39	39
CAND	0	88	95	39
CAND	0	89	135	39
CAND	0	90	40	40
CAND	0	91	136	40
CAND	0	92	41	41
CAND	0	93	137	41
CAND	0	94	42	42
CAND	0	95	138	42
CAND	0	96	4	43
CAND	0	97	17	43
CAND	0	98	43	43
CAND	0	99	139	43
CAND	0	100	44	44
CAND	0	101	140	44
CAND	0	102	45	45
CAND	0	103	141	45
CAND	0	104	46	46
CAND	0	105	142	46
CAND	0	106	47	47
CAND	0	107	74	47
CAND	0	108	143	47
CAND	0	109	170	47
CAND	0	110	48	48
CAND	0	111	144	48
CAND	0	112	49	49
CAND	0	113	145	49
CAND	0	114	50	50
CAND	0	115	146	50
CAND	0	116	51	51
CAND	0	117	147	51
CAND	0	118	52	52
CAND	0	119	55	52
CAND	0	120	148	52
CAND	0	121	151	52
CAND	0	122	53	53
CAND	0	123	91	53
CAND	0	124	149	53
CAND	0	125	187	53
CAND	0	126	54	54
CAND	0	127	150	54
CAND	0	128	52	55
CAND	0	129	55	55
CAND	0	130	148	55
CAND	0	131	151	55
CAND	0	132	56	56
CAND	0	133	152	56
CAND	0	134	57	57
CAND	0	135	153	57
CAND	0	136	10	58
CAND	0	137	58	58
CAND	0	138	154	58
CAND	0	139	59	59
CAND	0	140	155	59
CAND	0	141	60	60
CAND	0	142	156	60
CAND	0	143	61	61
CAND	0	144	157	61
CAND	0	145	2	62
CAND	0	146	30	62
CAND	0	147	62	62
CAND	0	148	126	62
CAND	0	149	158	62
CAND	0	150	3	63
CAND	0	151	63	63
CAND	0	152	159	63
CAND	0	153	64	64
CAND	0	154	160	64
CAND	0	155	65	65
CAND	0	156	161	65
CAND	0	157	66	66
CAND	0	158	71	66
CAND	0	159	162	66
CAND	0	160	167	66
CAND	0	161	67	67
CAND	0	162	163	67
CAND	0	163	68	68
CAND	0	164	164	68
CAND	0	165	69	69
CAND	0	166	94	69
CAND	0	167	165	69
CAND	0	168	70	70
CAND	0	169	166	70
CAND	0	170	66	71
CAND	0	171	71	71
CAND	0	172	162	71
CAND	0	173	167	71
CAND	0	174	72	72
CAND	0	175	168	72
CAND	0	176	73	73
CAND	0	177	169	73
CAND	0	178	47	74
CAND	0	179	74	74
CAND	0	180	143	74
CAND	0	181	170	74
CAND	0	182	75	75
CAND	0	183	171	75
CAND	0	184	76	76
CAND	0	185	172	76
CAND	0	186	77	77
CAND	0	187	173	77
CAND	0	188	78	78
CAND	0	189	174	78
CAND	0	190	79	79
CAND	0	191	175	79
CAND	0	192	80	80
CAND	0	193	176	80
CAND	0	194	81	81
CAND	0	195	177	81
CAND	0	196	82	82
CAND	0	197	178	82
CAND	0	198	83	83
CAND	0	199	179	83
CAND	0	200	84	84
CAND	0	201	180	84
CAND	0	202	85	85
CAND	0	203	181	85
CAND	0	204	86	86
CAND	0	205	182	86
CAND	0	206	15	87
CAND	0	207	87	87
CAND	0	208	183	87
CAND	0	209	88	88
CAND	0	210	184	88
CAND	0	211	89	89
CAND	0	212	185	89
CAND	0	213	36	90
CAND	0	214	90	90
CAND	0	215	132	90
CAND	0	216	186	90
CAND	0	217	53	91
CAND	0	218	91	91
CAND	0	219	149	91
CAND	0	220	187	91
CAND	0	221	92	92
CAND	0	222	188	92
CAND	0	223	93	93
CAND	0	224	189	93
CAND	0	225	69	94
CAND	0	226	94	94
CAND	0	227	165	94
CAND	0	228	39	95
CAND	0	229	95	95
CAND	0	230	135	95
CAND	0	231	96	96
CAND	0	232	97	97
CAND	0	233	98	98
CAND	0	234	99	99
CAND	0	235	100	100
CAND	0	236	101	101
CAND	0	237	102	102
CAND	0	238	103	103
CAND	0	239	37	104
CAND	0	240	104	104
CAND	0	241	133	104
CAND	0	242	105	105
CAND	0	243	106	106
CAND	0	244	107	107
CAND	0	245	108	108
CAND	0	246	109	109
CAND	0	247	110	110
CAND	0	248	111	111
CAND	0	249	5	112
CAND	0	250	112	112
CAND	0	251	8	113
CAND	0	252	13	113
CAND	0	253	113	113
CAND	0	254	114	114
CAND	0	255	115	115
CAND	0	256	116	116
CAND	0	257	117	117
CAND	0	258	118	118
END	0	259
PARAM	1	21	21	0
CAND	1	0	4	5
CAND	1	1	17	5
CAND	1	2	43	5
CAND	1	3	139	5
CAND	1	4	51	6
CAND	1	5	147	6
CAND	1	6	51	7
CAND	1	7	147	7
CAND	1	8	5	8
CAND	1	9	112	8
CAND	1	10	111	9
CAND	1	11	5	10
CAND	1	12	112	10
CAND	1	13	6	11
CAND	1	14	7	11
CAND	1	15	111	12
CAND	1	16	5	13
CAND	1	17	112	13
CAND	1	18	54	26
CAND	1	19	150	26
CAND	1	20	114	29
CAND	1	21	54	32
CAND	1	22	150	32
CAND	1	23	51	33
CAND	1	24	147	33
CAND	1	25	51	34
CAND	1	26	147	34
CAND	1	27	54	37
CAND	1	28	150	37
CAND	1	29	22	38
CAND	1	30	84	41
CAND	1	31	180	41
CAND	1	32	51	44
CAND	1	33	147	44
CAND	1	34	110	46
CAND	1	35	102	47
CAND	1	36	5	49
CAND	1	37	112	49
CAND	1	38	4	52
CAND	1	39	17	52
CAND	1	40	43	52
CAND	1	41	139	52
CAND	1	42	3	54
CAND	1	43	63	54
CAND	1	44	159	54
CAND	1	45	4	55
CAND	1	46	17	55
CAND	1	47	43	55
CAND	1	48	139	55
CAND	1	49	54	56
CAND	1	50	150	56
CAND	1	51	51	57
CAND	1	52	147	57
CAND	1	53	5	58
CAND	1	54	112	58
CAND	1	55	102	59
CAND	1	56	78	65
CAND	1	57	174	65
CAND	1	58	79	66
CAND	1	59	175	66
CAND	1	60	44	67
CAND	1	61	140	67
CAND	1	62	83	68
CAND	1	63	179	68
CAND	1	64	79	71
CAND	1	65	175	71
CAND	1	66	111	72
CAND	1	67	5	73
CAND	1	68	112	73
CAND	1	69	102	74
CAND	1	70	80	76
CAND	1	71	176	76
CAND	1	72	79	78
CAND	1	73	175	78
CAND	1	74	80	79
CAND	1	75	176	79
CAND	1	76	77	80
CAND	1	77	173	80
CAND	1	78	51	81
CAND	1	79	147	81
CAND	1	80	51	82
CAND	1	81	147	82
CAND	1	82	22	83
CAND	1	83	54	85
CAND	1	84	150	85
CAND	1	85	51	88
CAND	1	86	147	88
CAND	1	87	83	93
CAND	1	88	179	93
CAND	1	89	115	97
CAND	1	90	111	101
CAND	1	91	54	104
CAND	1	92	150	104
CAND	1	93	77	108
CAND	1	94	173	108
CAND	1	95	28	109
CAND	1	96	124	109
CAND	1	97	4	110
CAND	1	98	17	110
CAND	1	99	3	111
CAND	1	100	63	111
CAND	1	101	159	111
CAND	1	102	4	112
CAND	1	103	17	112
CAND	1	104	43	112
CAND	1	105	139	112
CAND	1	106	5	113
CAND	1	107	112	113
CAND	1	108	44	114
CAND	1	109	140	114
CAND	1	110	83	115
CAND	1	111	179	115
CAND	1	112	44	117
CAND	1	113	140	117
END	1	114
PARAM	2	21	21	0
CAND	2	0	54	2
CAND	2	1	150	2
CAND	2	2	10	4
CAND	2	3	58	4
CAND	2	4	154	4
CAND	2	5	3	10
CAND	2	6	63	10
CAND	2	7	159	10
CAND	2	8	54	15
CAND	2	9	150	15
CAND	2	10	37	22
CAND	2	11	104	22
CAND	2	12	133	22
CAND	2	13	15	24
CAND	2	14	87	24
CAND	2	15	183	24
CAND	2	16	88	25
CAND	2	17	184	25
CAND	2	18	50	27
CAND	2	19	146	27
CAND	2	20	38	32
CAND	2	21	134	32
CAND	2	22	77	37
CAND	2	23	173	37
CAND	2	24	10	51
CAND	2	25	58	51
CAND	2	26	154	51
CAND	2	27	64	58
CAND	2	28	160	58
CAND	2	29	54	62
CAND	2	30	150	62
CAND	2	31	3	72
CAND	2	32	63	72
CAND	2	33	159	72
CAND	2	34	49	100
CAND	2	35	145	100
CAND	2	36	38	108
CAND	2	37	134	108
END	2	38
PARAM	3	21	21	0
CAND	3	0	51	4
CAND	3	1	147	4
CAND	3	2	33	6
CAND	3	3	129	6
CAND	3	4	72	8
CAND	3	5	168	8
CAND	3	6	19	9
CAND	3	7	34	9
CAND	3	8	130	9
CAND	3	9	18	17
CAND	3	10	22	20
CAND	3	11	103	31
CAND	3	12	118	32
CAND	3	13	5	33
CAND	3	14	112	33
CAND	3	15	111	34
CAND	3	16	51	35
CAND	3	17	147	35
CAND	3	18	22	36
CAND	3	19	40	42
CAND	3	20	136	42
CAND	3	21	69	56
CAND	3	22	94	56
CAND	3	23	165	56
CAND	3	24	50	78
CAND	3	25	146	78
CAND	3	26	8	86
CAND	3	27	13	86
CAND	3	28	113	86
CAND	3	29	38	88
CAND	3	30	134	88
CAND	3	31	86	92
CAND	3	32	182	92
CAND	3	33	118	104
CAND	3	34	33	106
CAND	3	35	129	106
CAND	3	36	33	111
CAND	3	37	129	111
CAND	3	38	69	116
CAND	3	39	94	116
CAND	3	40	165	116
END	3	41
PARAM	4	21	21	0
CAND	4	0	93	13
CAND	4	1	189	13
CAND	4	2	24	14
CAND	4	3	27	21
CAND	4	4	123	21
CAND	4	5	53	24
CAND	4	6	91	24
CAND	4	7	149	24
CAND	4	8	187	24
CAND	4	9	45	25
CAND	4	10	141	25
CAND	4	11	2	27
CAND	4	12	30	27
CAND	4	13	62	27
CAND	4	14	126	27
CAND	4	15	158	27
CAND	4	16	1	41
CAND	4	17	93	45
CAND	4	18	189	45
CAND	4	19	69	46
CAND	4	20	94	46
CAND	4	21	165	46
CAND	4	22	45	50
CAND	4	23	141	50
CAND	4	24	54	57
CAND	4	25	150	57
CAND	4	26	51	58
CAND	4	27	147	58
CAND	4	28	52	59
CAND	4	29	55	59
CAND	4	30	148	59
CAND	4	31	151	59
CAND	4	32	68	60
CAND	4	33	164	60
CAND	4	34	69	62
CAND	4	35	94	62
CAND	4	36	165	62
CAND	4	37	2	65
CAND	4	38	30	65
CAND	4	39	62	65
CAND	4	40	126	65
CAND	4	41	158	65
CAND	4	42	93	73
CAND	4	43	189	73
CAND	4	44	31	79
CAND	4	45	127	79
CAND	4	46	41	91
CAND	4	47	137	91
CAND	4	48	24	92
CAND	4	49	89	95
CAND	4	50	185	95
CAND	4	51	93	108
CAND	4	52	189	108
CAND	4	53	93	110
CAND	4	54	189	110
CAND	4	55	20	117
CAND	4	56	23	117
END	4	57
PARAM	5	21	21	0
CAND	5	0	98	0
CAND	5	1	24	7
CAND	5	2	25	8
CAND	5	3	121	8
CAND	5	4	85	17
CAND	5	5	181	17
CAND	5	6	19	23
CAND	5	7	34	23
CAND	5	8	130	23
CAND	5	9	54	24
CAND	5	10	150	24
CAND	5	11	100	30
CAND	5	12	83	35
CAND	5	13	179	35
CAND	5	14	85	39
CAND	5	15	181	39
CAND	5	16	54	49
CAND	5	17	150	49
CAND	5	18	22	50
CAND	5	19	77	58
CAND	5	20	173	58
CAND	5	21	18	59
CAND	5	22	20	63
CAND	5	23	23	63
CAND	5	24	24	64
CAND	5	25	20	66
CAND	5	26	23	66
CAND	5	27	88	70
CAND	5	28	184	70
CAND	5	29	19	72
CAND	5	30	34	72
CAND	5	31	130	72
CAND	5	32	83	73
CAND	5	33	179	73
CAND	5	34	84	74
CAND	5	35	180	74
CAND	5	36	19	79
CAND	5	37	34	79
CAND	5	38	130	79
CAND	5	39	115	91
CAND	5	40	54	94
CAND	5	41	150	94
CAND	5	42	21	97
CAND	5	43	85	106
CAND	5	44	181	106
CAND	5	45	84	111
CAND	5	46	180	111
CAND	5	47	84	112
CAND	5	48	180	112
END	5	49
Warning: [tblastn] Query_3 no_hit_x: Could not calculate ungapped Karlin-Altschul parameters due to an invalid query sequence or its translation. Please verify the query sequence(s) and/or filtering options 
