QUERY_INFO	0	0	2	3
QUERY_CONTEXT	0	0	0	0	120	0	1
QUERY_CONTEXT	0	1	1	121	70	0	1
QUERY_CONTEXT	0	2	2	192	120	0	0
GAPPED_PARAMS	0	14	2	53	88	0	0	0	0	0
GAPPED_INPUT	0	6
GAPPED_INIT	0	0	2	2	0	0	120	789
GAPPED_INIT	0	1	123	27	121	25	70	474
GAPPED_INIT	0	2	55	52	54	51	3	14
GAPPED_INIT	0	3	52	55	51	54	3	14
GAPPED_INIT	0	4	71	66	71	66	2	13
GAPPED_INIT	0	5	66	71	66	71	2	13
CONTAINS	0	1	0	120	0	120
CONTAINS	0	1	0	70	25	95
CONTAINS	1	1	54	57	51	54
CONTAINS	1	1	51	54	54	57
CONTAINS	1	1	71	73	66	68
CONTAINS	1	1	66	68	71	73
GAPPED_OUTPUT	0	0	2
GAPPED_HSP	0	0	789	0	0	0	120	28	1	0	120	28
GAPPED_HSP	0	1	474	1	0	0	70	5	1	25	95	30
ENDPOINT_INPUT	1	2
ENDPOINT_IN_HSP	0	789	1	0	120	0	120
ENDPOINT_IN_HSP	1	474	1	0	70	25	95
ENDPOINT_OUTPUT	2	2
ENDPOINT_OUT_HSP	0	789	1	0	120	0	120
ENDPOINT_OUT_HSP	1	474	1	0	70	25	95
MERGE_INPUT	0	2147483647	0	-2147483648	0	1	0	2	0
MERGE_IN_HSP	0	0	0	789	1	0	120	28	0	120	28
MERGE_IN_HSP	0	1	1	474	1	0	70	5	25	95	30
MERGE_OUTPUT	0	0	0	2
MERGE_OUT_HSP	0	0	0	789	1	0	120	28	0	120	28
MERGE_OUT_HSP	0	1	1	474	1	0	70	5	25	95	30
APPEND_INPUT	0	2147483647	2	0
APPEND_IN_HSP	0	0	0	789	1	0	120	0	120
APPEND_IN_HSP	0	1	1	474	1	0	70	25	95
APPEND_OUTPUT	0	0	0	2
APPEND_OUT_HSP	0	0	0	789	1	0	120	0	120
APPEND_OUT_HSP	0	1	1	474	1	0	70	25	95
QUERY_INFO	1	0	2	3
QUERY_CONTEXT	1	0	0	0	120	0	1
QUERY_CONTEXT	1	1	1	121	70	0	1
QUERY_CONTEXT	1	2	2	192	120	0	0
GAPPED_PARAMS	1	14	2	53	88	0	0	0	0	0
GAPPED_INPUT	1	8
GAPPED_INIT	1	0	5	113	3	111	5	31
GAPPED_INIT	1	1	54	37	51	34	5	20
GAPPED_INIT	1	2	150	37	147	34	5	20
GAPPED_INIT	1	3	54	85	51	82	6	18
GAPPED_INIT	1	4	150	85	147	82	6	18
GAPPED_INIT	1	5	63	111	63	111	2	18
GAPPED_INIT	1	6	102	59	77	34	29	12
GAPPED_INIT	1	7	102	74	102	74	2	10
CONTAINS	0	2	3	8	111	116
CONTAINS	0	2	51	56	34	39
CONTAINS	0	2	26	31	34	39
CONTAINS	0	2	51	57	82	88
CONTAINS	0	2	26	32	82	88
CONTAINS	0	2	63	65	111	113
CONTAINS	0	2	77	106	34	63
CONTAINS	0	2	102	104	74	76
GAPPED_OUTPUT	1	0	8
GAPPED_HSP	1	0	31	0	0	3	8	5	2	111	116	113
GAPPED_HSP	1	1	20	0	0	51	56	53	2	34	39	36
GAPPED_HSP	1	2	20	1	0	26	31	28	2	34	39	36
GAPPED_HSP	1	3	18	0	0	51	57	54	2	82	88	85
GAPPED_HSP	1	4	18	1	0	26	32	29	2	82	88	85
GAPPED_HSP	1	5	18	0	0	63	65	64	2	111	113	112
GAPPED_HSP	1	6	21	0	0	77	86	82	2	34	43	39
GAPPED_HSP	1	7	10	0	0	102	104	103	2	74	76	75
ENDPOINT_INPUT	1	8
ENDPOINT_IN_HSP	0	31	2	3	8	111	116
ENDPOINT_IN_HSP	1	20	2	51	56	34	39
ENDPOINT_IN_HSP	2	20	2	26	31	34	39
ENDPOINT_IN_HSP	3	18	2	51	57	82	88
ENDPOINT_IN_HSP	4	18	2	26	32	82	88
ENDPOINT_IN_HSP	5	18	2	63	65	111	113
ENDPOINT_IN_HSP	6	21	2	77	86	34	43
ENDPOINT_IN_HSP	7	10	2	102	104	74	76
ENDPOINT_OUTPUT	8	8
ENDPOINT_OUT_HSP	0	31	2	3	8	111	116
ENDPOINT_OUT_HSP	1	20	2	51	56	34	39
ENDPOINT_OUT_HSP	2	18	2	51	57	82	88
ENDPOINT_OUT_HSP	3	18	2	63	65	111	113
ENDPOINT_OUT_HSP	4	21	2	77	86	34	43
ENDPOINT_OUT_HSP	5	10	2	102	104	74	76
ENDPOINT_OUT_HSP	6	20	2	26	31	34	39
ENDPOINT_OUT_HSP	7	18	2	26	32	82	88
MERGE_INPUT	1	2147483647	0	-2147483648	0	1	0	8	0
MERGE_IN_HSP	1	0	0	31	2	3	8	5	111	116	113
MERGE_IN_HSP	1	1	0	21	2	77	86	82	34	43	39
MERGE_IN_HSP	1	2	1	20	2	26	31	28	34	39	36
MERGE_IN_HSP	1	3	0	20	2	51	56	53	34	39	36
MERGE_IN_HSP	1	4	1	18	2	26	32	29	82	88	85
MERGE_IN_HSP	1	5	0	18	2	51	57	54	82	88	85
MERGE_IN_HSP	1	6	0	18	2	63	65	64	111	113	112
MERGE_IN_HSP	1	7	0	10	2	102	104	103	74	76	75
MERGE_OUTPUT	1	0	0	8
MERGE_OUT_HSP	1	0	0	31	2	3	8	5	111	116	113
MERGE_OUT_HSP	1	1	0	21	2	77	86	82	34	43	39
MERGE_OUT_HSP	1	2	1	20	2	26	31	28	34	39	36
MERGE_OUT_HSP	1	3	0	20	2	51	56	53	34	39	36
MERGE_OUT_HSP	1	4	1	18	2	26	32	29	82	88	85
MERGE_OUT_HSP	1	5	0	18	2	51	57	54	82	88	85
MERGE_OUT_HSP	1	6	0	18	2	63	65	64	111	113	112
MERGE_OUT_HSP	1	7	0	10	2	102	104	103	74	76	75
APPEND_INPUT	1	2147483647	8	2
APPEND_IN_HSP	1	0	0	31	2	3	8	111	116
APPEND_IN_HSP	1	1	0	21	2	77	86	34	43
APPEND_IN_HSP	1	2	1	20	2	26	31	34	39
APPEND_IN_HSP	1	3	0	20	2	51	56	34	39
APPEND_IN_HSP	1	4	1	18	2	26	32	82	88
APPEND_IN_HSP	1	5	0	18	2	51	57	82	88
APPEND_IN_HSP	1	6	0	18	2	63	65	111	113
APPEND_IN_HSP	1	7	0	10	2	102	104	74	76
APPEND_OLD_HSP	1	0	0	789	1	0	120	0	120
APPEND_OLD_HSP	1	1	1	474	1	0	70	25	95
APPEND_OUTPUT	1	0	0	10
APPEND_OUT_HSP	1	0	0	789	1	0	120	0	120
APPEND_OUT_HSP	1	1	1	474	1	0	70	25	95
APPEND_OUT_HSP	1	2	0	31	2	3	8	111	116
APPEND_OUT_HSP	1	3	0	21	2	77	86	34	43
APPEND_OUT_HSP	1	4	1	20	2	26	31	34	39
APPEND_OUT_HSP	1	5	0	20	2	51	56	34	39
APPEND_OUT_HSP	1	6	1	18	2	26	32	82	88
APPEND_OUT_HSP	1	7	0	18	2	51	57	82	88
APPEND_OUT_HSP	1	8	0	18	2	63	65	111	113
APPEND_OUT_HSP	1	9	0	10	2	102	104	74	76
QUERY_INFO	2	0	2	3
QUERY_CONTEXT	2	0	0	0	120	0	1
QUERY_CONTEXT	2	1	1	121	70	0	1
QUERY_CONTEXT	2	2	2	192	120	0	0
GAPPED_PARAMS	2	14	2	53	88	0	0	0	0	0
GAPPED_INPUT	2	4
GAPPED_INIT	2	0	63	72	63	72	2	23
GAPPED_INIT	2	1	64	58	64	58	2	16
GAPPED_INIT	2	2	160	58	160	58	2	16
GAPPED_INIT	2	3	38	32	38	32	2	12
CONTAINS	0	3	63	65	72	74
CONTAINS	0	3	64	66	58	60
CONTAINS	0	3	39	41	58	60
CONTAINS	0	3	38	40	32	34
GAPPED_OUTPUT	2	0	4
GAPPED_HSP	2	0	23	0	0	63	65	64	3	72	74	73
GAPPED_HSP	2	1	25	0	0	57	68	65	3	50	62	59
GAPPED_HSP	2	2	25	1	0	32	43	40	3	50	62	59
GAPPED_HSP	2	3	12	0	0	38	40	39	3	32	34	33
ENDPOINT_INPUT	1	4
ENDPOINT_IN_HSP	0	23	3	63	65	72	74
ENDPOINT_IN_HSP	1	25	3	57	68	50	62
ENDPOINT_IN_HSP	2	25	3	32	43	50	62
ENDPOINT_IN_HSP	3	12	3	38	40	32	34
ENDPOINT_OUTPUT	4	4
ENDPOINT_OUT_HSP	0	12	3	38	40	32	34
ENDPOINT_OUT_HSP	1	23	3	63	65	72	74
ENDPOINT_OUT_HSP	2	25	3	57	68	50	62
ENDPOINT_OUT_HSP	3	25	3	32	43	50	62
MERGE_INPUT	2	2147483647	0	-2147483648	0	1	0	4	0
MERGE_IN_HSP	2	0	1	25	3	32	43	40	50	62	59
MERGE_IN_HSP	2	1	0	25	3	57	68	65	50	62	59
MERGE_IN_HSP	2	2	0	23	3	63	65	64	72	74	73
MERGE_IN_HSP	2	3	0	12	3	38	40	39	32	34	33
MERGE_OUTPUT	2	0	0	4
MERGE_OUT_HSP	2	0	1	25	3	32	43	40	50	62	59
MERGE_OUT_HSP	2	1	0	25	3	57	68	65	50	62	59
MERGE_OUT_HSP	2	2	0	23	3	63	65	64	72	74	73
MERGE_OUT_HSP	2	3	0	12	3	38	40	39	32	34	33
APPEND_INPUT	2	2147483647	4	10
APPEND_IN_HSP	2	0	1	25	3	32	43	50	62
APPEND_IN_HSP	2	1	0	25	3	57	68	50	62
APPEND_IN_HSP	2	2	0	23	3	63	65	72	74
APPEND_IN_HSP	2	3	0	12	3	38	40	32	34
APPEND_OLD_HSP	2	0	0	789	1	0	120	0	120
APPEND_OLD_HSP	2	1	1	474	1	0	70	25	95
APPEND_OLD_HSP	2	2	0	31	2	3	8	111	116
APPEND_OLD_HSP	2	3	0	21	2	77	86	34	43
APPEND_OLD_HSP	2	4	1	20	2	26	31	34	39
APPEND_OLD_HSP	2	5	0	20	2	51	56	34	39
APPEND_OLD_HSP	2	6	1	18	2	26	32	82	88
APPEND_OLD_HSP	2	7	0	18	2	51	57	82	88
APPEND_OLD_HSP	2	8	0	18	2	63	65	111	113
APPEND_OLD_HSP	2	9	0	10	2	102	104	74	76
APPEND_OUTPUT	2	0	0	14
APPEND_OUT_HSP	2	0	0	789	1	0	120	0	120
APPEND_OUT_HSP	2	1	1	474	1	0	70	25	95
APPEND_OUT_HSP	2	2	0	31	2	3	8	111	116
APPEND_OUT_HSP	2	3	1	25	3	32	43	50	62
APPEND_OUT_HSP	2	4	0	25	3	57	68	50	62
APPEND_OUT_HSP	2	5	0	23	3	63	65	72	74
APPEND_OUT_HSP	2	6	0	21	2	77	86	34	43
APPEND_OUT_HSP	2	7	1	20	2	26	31	34	39
APPEND_OUT_HSP	2	8	0	20	2	51	56	34	39
APPEND_OUT_HSP	2	9	1	18	2	26	32	82	88
APPEND_OUT_HSP	2	10	0	18	2	51	57	82	88
APPEND_OUT_HSP	2	11	0	18	2	63	65	111	113
APPEND_OUT_HSP	2	12	0	12	3	38	40	32	34
APPEND_OUT_HSP	2	13	0	10	2	102	104	74	76
QUERY_INFO	3	0	2	3
QUERY_CONTEXT	3	0	0	0	120	0	1
QUERY_CONTEXT	3	1	1	121	70	0	1
QUERY_CONTEXT	3	2	2	192	120	0	0
GAPPED_PARAMS	3	14	2	53	88	0	0	0	0	0
GAPPED_INPUT	3	3
GAPPED_INIT	3	0	50	78	33	61	19	19
GAPPED_INIT	3	1	33	106	33	106	2	14
GAPPED_INIT	3	2	33	111	33	111	2	14
CONTAINS	0	-1	33	52	61	80
CONTAINS	0	-1	33	35	106	108
CONTAINS	0	-1	33	35	111	113
GAPPED_OUTPUT	3	0	3
GAPPED_HSP	3	0	19	0	0	33	52	46	-1	61	80	74
GAPPED_HSP	3	1	14	0	0	33	35	34	-1	106	108	107
GAPPED_HSP	3	2	20	0	0	33	40	34	-1	111	118	112
ENDPOINT_INPUT	1	3
ENDPOINT_IN_HSP	0	19	-1	33	52	61	80
ENDPOINT_IN_HSP	1	14	-1	33	35	106	108
ENDPOINT_IN_HSP	2	20	-1	33	40	111	118
ENDPOINT_OUTPUT	3	3
ENDPOINT_OUT_HSP	0	14	-1	33	35	106	108
ENDPOINT_OUT_HSP	1	20	-1	33	40	111	118
ENDPOINT_OUT_HSP	2	19	-1	33	52	61	80
MERGE_INPUT	3	2147483647	0	-2147483648	0	1	0	3	0
MERGE_IN_HSP	3	0	0	20	-1	33	40	34	111	118	112
MERGE_IN_HSP	3	1	0	19	-1	33	52	46	61	80	74
MERGE_IN_HSP	3	2	0	14	-1	33	35	34	106	108	107
MERGE_OUTPUT	3	0	0	3
MERGE_OUT_HSP	3	0	0	20	-1	33	40	34	111	118	112
MERGE_OUT_HSP	3	1	0	19	-1	33	52	46	61	80	74
MERGE_OUT_HSP	3	2	0	14	-1	33	35	34	106	108	107
APPEND_INPUT	3	2147483647	3	14
APPEND_IN_HSP	3	0	0	20	-1	33	40	111	118
APPEND_IN_HSP	3	1	0	19	-1	33	52	61	80
APPEND_IN_HSP	3	2	0	14	-1	33	35	106	108
APPEND_OLD_HSP	3	0	0	789	1	0	120	0	120
APPEND_OLD_HSP	3	1	1	474	1	0	70	25	95
APPEND_OLD_HSP	3	2	0	31	2	3	8	111	116
APPEND_OLD_HSP	3	3	1	25	3	32	43	50	62
APPEND_OLD_HSP	3	4	0	25	3	57	68	50	62
APPEND_OLD_HSP	3	5	0	23	3	63	65	72	74
APPEND_OLD_HSP	3	6	0	21	2	77	86	34	43
APPEND_OLD_HSP	3	7	1	20	2	26	31	34	39
APPEND_OLD_HSP	3	8	0	20	2	51	56	34	39
APPEND_OLD_HSP	3	9	1	18	2	26	32	82	88
APPEND_OLD_HSP	3	10	0	18	2	51	57	82	88
APPEND_OLD_HSP	3	11	0	18	2	63	65	111	113
APPEND_OLD_HSP	3	12	0	12	3	38	40	32	34
APPEND_OLD_HSP	3	13	0	10	2	102	104	74	76
APPEND_OUTPUT	3	0	0	17
APPEND_OUT_HSP	3	0	0	789	1	0	120	0	120
APPEND_OUT_HSP	3	1	1	474	1	0	70	25	95
APPEND_OUT_HSP	3	2	0	31	2	3	8	111	116
APPEND_OUT_HSP	3	3	1	25	3	32	43	50	62
APPEND_OUT_HSP	3	4	0	25	3	57	68	50	62
APPEND_OUT_HSP	3	5	0	23	3	63	65	72	74
APPEND_OUT_HSP	3	6	0	21	2	77	86	34	43
APPEND_OUT_HSP	3	7	1	20	2	26	31	34	39
APPEND_OUT_HSP	3	8	0	20	2	51	56	34	39
APPEND_OUT_HSP	3	9	0	20	-1	33	40	111	118
APPEND_OUT_HSP	3	10	0	19	-1	33	52	61	80
APPEND_OUT_HSP	3	11	1	18	2	26	32	82	88
APPEND_OUT_HSP	3	12	0	18	2	51	57	82	88
APPEND_OUT_HSP	3	13	0	18	2	63	65	111	113
APPEND_OUT_HSP	3	14	0	14	-1	33	35	106	108
APPEND_OUT_HSP	3	15	0	12	3	38	40	32	34
APPEND_OUT_HSP	3	16	0	10	2	102	104	74	76
QUERY_INFO	4	0	2	3
QUERY_CONTEXT	4	0	0	0	120	0	1
QUERY_CONTEXT	4	1	1	121	70	0	1
QUERY_CONTEXT	4	2	2	192	120	0	0
GAPPED_PARAMS	4	14	2	53	88	0	0	0	0	0
GAPPED_INPUT	4	4
GAPPED_INIT	4	0	62	65	53	56	13	20
GAPPED_INIT	4	1	158	65	149	56	13	20
GAPPED_INIT	4	2	93	73	93	73	2	16
GAPPED_INIT	4	3	189	73	189	73	2	16
CONTAINS	0	-2	53	66	56	69
CONTAINS	0	-2	28	41	56	69
CONTAINS	0	-2	93	95	73	75
CONTAINS	0	-2	68	70	73	75
GAPPED_OUTPUT	4	0	4
GAPPED_HSP	4	0	20	0	0	53	66	58	-2	56	69	61
GAPPED_HSP	4	1	20	1	0	28	41	33	-2	56	69	61
GAPPED_HSP	4	2	16	0	0	93	95	94	-2	73	75	74
GAPPED_HSP	4	3	16	1	0	68	69	69	-2	73	74	74
ENDPOINT_INPUT	1	4
ENDPOINT_IN_HSP	0	20	-2	53	66	56	69
ENDPOINT_IN_HSP	1	20	-2	28	41	56	69
ENDPOINT_IN_HSP	2	16	-2	93	95	73	75
ENDPOINT_IN_HSP	3	16	-2	68	69	73	74
ENDPOINT_OUTPUT	4	4
ENDPOINT_OUT_HSP	0	20	-2	53	66	56	69
ENDPOINT_OUT_HSP	1	16	-2	93	95	73	75
ENDPOINT_OUT_HSP	2	20	-2	28	41	56	69
ENDPOINT_OUT_HSP	3	16	-2	68	69	73	74
MERGE_INPUT	4	2147483647	0	-2147483648	0	1	0	4	0
MERGE_IN_HSP	4	0	1	20	-2	28	41	33	56	69	61
MERGE_IN_HSP	4	1	0	20	-2	53	66	58	56	69	61
MERGE_IN_HSP	4	2	0	16	-2	93	95	94	73	75	74
MERGE_IN_HSP	4	3	1	16	-2	68	69	69	73	74	74
MERGE_OUTPUT	4	0	0	4
MERGE_OUT_HSP	4	0	1	20	-2	28	41	33	56	69	61
MERGE_OUT_HSP	4	1	0	20	-2	53	66	58	56	69	61
MERGE_OUT_HSP	4	2	0	16	-2	93	95	94	73	75	74
MERGE_OUT_HSP	4	3	1	16	-2	68	69	69	73	74	74
APPEND_INPUT	4	2147483647	4	17
APPEND_IN_HSP	4	0	1	20	-2	28	41	56	69
APPEND_IN_HSP	4	1	0	20	-2	53	66	56	69
APPEND_IN_HSP	4	2	0	16	-2	93	95	73	75
APPEND_IN_HSP	4	3	1	16	-2	68	69	73	74
APPEND_OLD_HSP	4	0	0	789	1	0	120	0	120
APPEND_OLD_HSP	4	1	1	474	1	0	70	25	95
APPEND_OLD_HSP	4	2	0	31	2	3	8	111	116
APPEND_OLD_HSP	4	3	1	25	3	32	43	50	62
APPEND_OLD_HSP	4	4	0	25	3	57	68	50	62
APPEND_OLD_HSP	4	5	0	23	3	63	65	72	74
APPEND_OLD_HSP	4	6	0	21	2	77	86	34	43
APPEND_OLD_HSP	4	7	1	20	2	26	31	34	39
APPEND_OLD_HSP	4	8	0	20	2	51	56	34	39
APPEND_OLD_HSP	4	9	0	20	-1	33	40	111	118
APPEND_OLD_HSP	4	10	0	19	-1	33	52	61	80
APPEND_OLD_HSP	4	11	1	18	2	26	32	82	88
APPEND_OLD_HSP	4	12	0	18	2	51	57	82	88
APPEND_OLD_HSP	4	13	0	18	2	63	65	111	113
APPEND_OLD_HSP	4	14	0	14	-1	33	35	106	108
APPEND_OLD_HSP	4	15	0	12	3	38	40	32	34
APPEND_OLD_HSP	4	16	0	10	2	102	104	74	76
APPEND_OUTPUT	4	0	0	21
APPEND_OUT_HSP	4	0	0	789	1	0	120	0	120
APPEND_OUT_HSP	4	1	1	474	1	0	70	25	95
APPEND_OUT_HSP	4	2	0	31	2	3	8	111	116
APPEND_OUT_HSP	4	3	1	25	3	32	43	50	62
APPEND_OUT_HSP	4	4	0	25	3	57	68	50	62
APPEND_OUT_HSP	4	5	0	23	3	63	65	72	74
APPEND_OUT_HSP	4	6	0	21	2	77	86	34	43
APPEND_OUT_HSP	4	7	1	20	2	26	31	34	39
APPEND_OUT_HSP	4	8	0	20	2	51	56	34	39
APPEND_OUT_HSP	4	9	1	20	-2	28	41	56	69
APPEND_OUT_HSP	4	10	0	20	-2	53	66	56	69
APPEND_OUT_HSP	4	11	0	20	-1	33	40	111	118
APPEND_OUT_HSP	4	12	0	19	-1	33	52	61	80
APPEND_OUT_HSP	4	13	1	18	2	26	32	82	88
APPEND_OUT_HSP	4	14	0	18	2	51	57	82	88
APPEND_OUT_HSP	4	15	0	18	2	63	65	111	113
APPEND_OUT_HSP	4	16	0	16	-2	93	95	73	75
APPEND_OUT_HSP	4	17	1	16	-2	68	69	73	74
APPEND_OUT_HSP	4	18	0	14	-1	33	35	106	108
APPEND_OUT_HSP	4	19	0	12	3	38	40	32	34
APPEND_OUT_HSP	4	20	0	10	2	102	104	74	76
QUERY_INFO	5	0	2	3
QUERY_CONTEXT	5	0	0	0	120	0	1
QUERY_CONTEXT	5	1	1	121	70	0	1
QUERY_CONTEXT	5	2	2	192	120	0	0
GAPPED_PARAMS	5	14	2	53	88	0	0	0	0	0
GAPPED_INPUT	5	2
GAPPED_INIT	5	0	23	66	19	62	39	24
GAPPED_INIT	5	1	54	94	54	94	2	10
CONTAINS	0	-3	19	58	62	101
CONTAINS	1	-3	54	56	94	96
GAPPED_OUTPUT	5	0	1
GAPPED_HSP	5	0	24	0	0	19	58	24	-3	62	101	67
ENDPOINT_INPUT	1	1
ENDPOINT_IN_HSP	0	24	-3	19	58	62	101
ENDPOINT_OUTPUT	1	1
ENDPOINT_OUT_HSP	0	24	-3	19	58	62	101
MERGE_INPUT	5	2147483647	0	-2147483648	0	1	0	1	0
MERGE_IN_HSP	5	0	0	24	-3	19	58	24	62	101	67
MERGE_OUTPUT	5	0	0	1
MERGE_OUT_HSP	5	0	0	24	-3	19	58	24	62	101	67
APPEND_INPUT	5	2147483647	1	21
APPEND_IN_HSP	5	0	0	24	-3	19	58	62	101
APPEND_OLD_HSP	5	0	0	789	1	0	120	0	120
APPEND_OLD_HSP	5	1	1	474	1	0	70	25	95
APPEND_OLD_HSP	5	2	0	31	2	3	8	111	116
APPEND_OLD_HSP	5	3	1	25	3	32	43	50	62
APPEND_OLD_HSP	5	4	0	25	3	57	68	50	62
APPEND_OLD_HSP	5	5	0	23	3	63	65	72	74
APPEND_OLD_HSP	5	6	0	21	2	77	86	34	43
APPEND_OLD_HSP	5	7	1	20	2	26	31	34	39
APPEND_OLD_HSP	5	8	0	20	2	51	56	34	39
APPEND_OLD_HSP	5	9	1	20	-2	28	41	56	69
APPEND_OLD_HSP	5	10	0	20	-2	53	66	56	69
APPEND_OLD_HSP	5	11	0	20	-1	33	40	111	118
APPEND_OLD_HSP	5	12	0	19	-1	33	52	61	80
APPEND_OLD_HSP	5	13	1	18	2	26	32	82	88
APPEND_OLD_HSP	5	14	0	18	2	51	57	82	88
APPEND_OLD_HSP	5	15	0	18	2	63	65	111	113
APPEND_OLD_HSP	5	16	0	16	-2	93	95	73	75
APPEND_OLD_HSP	5	17	1	16	-2	68	69	73	74
APPEND_OLD_HSP	5	18	0	14	-1	33	35	106	108
APPEND_OLD_HSP	5	19	0	12	3	38	40	32	34
APPEND_OLD_HSP	5	20	0	10	2	102	104	74	76
APPEND_OUTPUT	5	0	0	22
APPEND_OUT_HSP	5	0	0	789	1	0	120	0	120
APPEND_OUT_HSP	5	1	1	474	1	0	70	25	95
APPEND_OUT_HSP	5	2	0	31	2	3	8	111	116
APPEND_OUT_HSP	5	3	1	25	3	32	43	50	62
APPEND_OUT_HSP	5	4	0	25	3	57	68	50	62
APPEND_OUT_HSP	5	5	0	24	-3	19	58	62	101
APPEND_OUT_HSP	5	6	0	23	3	63	65	72	74
APPEND_OUT_HSP	5	7	0	21	2	77	86	34	43
APPEND_OUT_HSP	5	8	1	20	2	26	31	34	39
APPEND_OUT_HSP	5	9	0	20	2	51	56	34	39
APPEND_OUT_HSP	5	10	1	20	-2	28	41	56	69
APPEND_OUT_HSP	5	11	0	20	-2	53	66	56	69
APPEND_OUT_HSP	5	12	0	20	-1	33	40	111	118
APPEND_OUT_HSP	5	13	0	19	-1	33	52	61	80
APPEND_OUT_HSP	5	14	1	18	2	26	32	82	88
APPEND_OUT_HSP	5	15	0	18	2	51	57	82	88
APPEND_OUT_HSP	5	16	0	18	2	63	65	111	113
APPEND_OUT_HSP	5	17	0	16	-2	93	95	73	75
APPEND_OUT_HSP	5	18	1	16	-2	68	69	73	74
APPEND_OUT_HSP	5	19	0	14	-1	33	35	106	108
APPEND_OUT_HSP	5	20	0	12	3	38	40	32	34
APPEND_OUT_HSP	5	21	0	10	2	102	104	74	76
TRACEBACK_INPUT	0	6
TRACEBACK_CONTEXT	1	6
TRACEBACK_IN_HSP	0	0	474	1	0	70	25	95
TRACEBACK_IN_CONTEXT_HSP	1	0	1
TRACEBACK_IN_HSP	0	1	25	3	32	43	50	62
TRACEBACK_IN_CONTEXT_HSP	1	1	1
TRACEBACK_IN_HSP	0	2	20	2	26	31	34	39
TRACEBACK_IN_CONTEXT_HSP	1	2	1
TRACEBACK_IN_HSP	0	3	20	-2	28	41	56	69
TRACEBACK_IN_CONTEXT_HSP	1	3	1
TRACEBACK_IN_HSP	0	4	18	2	26	32	82	88
TRACEBACK_IN_CONTEXT_HSP	1	4	1
TRACEBACK_IN_HSP	0	5	16	-2	68	69	73	74
TRACEBACK_IN_CONTEXT_HSP	1	5	1
CONTAINS	0	1	0	70	25	95
TARGET_TRANSLATION	1	25	95	0	120	120	1
TRACEBACK_OUTPUT	0	0	6	1
TRACEBACK_OUT_HSP	0	0	474	1	0	70	25	95
TRACEBACK_OUT_HSP	0	1	25	3	32	43	50	62
TRACEBACK_OUT_HSP	0	2	20	2	26	31	34	39
TRACEBACK_OUT_HSP	0	3	20	-2	28	41	56	69
TRACEBACK_OUT_HSP	0	4	18	2	26	32	82	88
TRACEBACK_OUT_HSP	0	5	16	-2	68	69	73	74
TRACEBACK_INPUT	0	6
TRACEBACK_CONTEXT	1	6
TRACEBACK_IN_HSP	0	0	474	1	0	70	25	95
TRACEBACK_IN_CONTEXT_HSP	1	0	1
TRACEBACK_IN_HSP	0	1	25	3	32	43	50	62
TRACEBACK_IN_CONTEXT_HSP	1	1	1
TRACEBACK_IN_HSP	0	2	20	2	26	31	34	39
TRACEBACK_IN_CONTEXT_HSP	1	2	1
TRACEBACK_IN_HSP	0	3	20	-2	28	41	56	69
TRACEBACK_IN_CONTEXT_HSP	1	3	1
TRACEBACK_IN_HSP	0	4	18	2	26	32	82	88
TRACEBACK_IN_CONTEXT_HSP	1	4	1
TRACEBACK_IN_HSP	0	5	16	-2	68	69	73	74
TRACEBACK_IN_CONTEXT_HSP	1	5	1
CONTAINS	0	1	0	70	25	95
TARGET_TRANSLATION	1	-1	0	0	120	120	1
HSP_TEST	0	70	0	70	25	95
CONTAINS	1	3	32	43	50	62
CONTAINS	1	2	26	31	34	39
CONTAINS	0	-2	28	41	56	69
TARGET_TRANSLATION	-2	-1	0	0	120	120	1
HSP_TEST	0	13	28	41	56	69
CONTAINS	1	2	26	32	82	88
CONTAINS	0	-2	68	69	73	74
TARGET_TRANSLATION	-2	-1	0	0	120	120	1
HSP_TEST	0	2	68	70	73	75
ENDPOINT_INPUT	0	3
ENDPOINT_IN_HSP	0	474	1	0	70	25	95
ENDPOINT_IN_HSP	1	20	-2	28	41	56	69
ENDPOINT_IN_HSP	2	16	-2	68	70	73	75
ENDPOINT_OUTPUT	3	3
ENDPOINT_OUT_HSP	0	20	-2	28	41	56	69
ENDPOINT_OUT_HSP	1	16	-2	68	70	73	75
ENDPOINT_OUT_HSP	2	474	1	0	70	25	95
CONTAINS	0	1	0	70	25	95
CONTAINS	0	-2	28	41	56	69
CONTAINS	0	-2	68	70	73	75
TRACEBACK_OUTPUT	0	0	3	0
TRACEBACK_OUT_HSP	0	0	474	1	0	70	25	95
TRACEBACK_OUT_HSP	0	1	20	-2	28	41	56	69
TRACEBACK_OUT_HSP	0	2	16	-2	68	70	73	75
TRACEBACK_INPUT	0	16
TRACEBACK_CONTEXT	0	16
TRACEBACK_IN_HSP	0	0	789	1	0	120	0	120
TRACEBACK_IN_CONTEXT_HSP	0	0	0
TRACEBACK_IN_HSP	0	1	31	2	3	8	111	116
TRACEBACK_IN_CONTEXT_HSP	0	1	0
TRACEBACK_IN_HSP	0	2	25	3	57	68	50	62
TRACEBACK_IN_CONTEXT_HSP	0	2	0
TRACEBACK_IN_HSP	0	3	24	-3	19	58	62	101
TRACEBACK_IN_CONTEXT_HSP	0	3	0
TRACEBACK_IN_HSP	0	4	23	3	63	65	72	74
TRACEBACK_IN_CONTEXT_HSP	0	4	0
TRACEBACK_IN_HSP	0	5	21	2	77	86	34	43
TRACEBACK_IN_CONTEXT_HSP	0	5	0
TRACEBACK_IN_HSP	0	6	20	2	51	56	34	39
TRACEBACK_IN_CONTEXT_HSP	0	6	0
TRACEBACK_IN_HSP	0	7	20	-2	53	66	56	69
TRACEBACK_IN_CONTEXT_HSP	0	7	0
TRACEBACK_IN_HSP	0	8	20	-1	33	40	111	118
TRACEBACK_IN_CONTEXT_HSP	0	8	0
TRACEBACK_IN_HSP	0	9	19	-1	33	52	61	80
TRACEBACK_IN_CONTEXT_HSP	0	9	0
TRACEBACK_IN_HSP	0	10	18	2	51	57	82	88
TRACEBACK_IN_CONTEXT_HSP	0	10	0
TRACEBACK_IN_HSP	0	11	18	2	63	65	111	113
TRACEBACK_IN_CONTEXT_HSP	0	11	0
TRACEBACK_IN_HSP	0	12	16	-2	93	95	73	75
TRACEBACK_IN_CONTEXT_HSP	0	12	0
TRACEBACK_IN_HSP	0	13	14	-1	33	35	106	108
TRACEBACK_IN_CONTEXT_HSP	0	13	0
TRACEBACK_IN_HSP	0	14	12	3	38	40	32	34
TRACEBACK_IN_CONTEXT_HSP	0	14	0
TRACEBACK_IN_HSP	0	15	10	2	102	104	74	76
TRACEBACK_IN_CONTEXT_HSP	0	15	0
CONTAINS	0	1	0	120	0	120
TARGET_TRANSLATION	1	0	120	0	120	120	1
TRACEBACK_OUTPUT	0	0	16	1
TRACEBACK_OUT_HSP	0	0	789	1	0	120	0	120
TRACEBACK_OUT_HSP	0	1	31	2	3	8	111	116
TRACEBACK_OUT_HSP	0	2	25	3	57	68	50	62
TRACEBACK_OUT_HSP	0	3	24	-3	19	58	62	101
TRACEBACK_OUT_HSP	0	4	23	3	63	65	72	74
TRACEBACK_OUT_HSP	0	5	21	2	77	86	34	43
TRACEBACK_OUT_HSP	0	6	20	2	51	56	34	39
TRACEBACK_OUT_HSP	0	7	20	-2	53	66	56	69
TRACEBACK_OUT_HSP	0	8	20	-1	33	40	111	118
TRACEBACK_OUT_HSP	0	9	19	-1	33	52	61	80
TRACEBACK_OUT_HSP	0	10	18	2	51	57	82	88
TRACEBACK_OUT_HSP	0	11	18	2	63	65	111	113
TRACEBACK_OUT_HSP	0	12	16	-2	93	95	73	75
TRACEBACK_OUT_HSP	0	13	14	-1	33	35	106	108
TRACEBACK_OUT_HSP	0	14	12	3	38	40	32	34
TRACEBACK_OUT_HSP	0	15	10	2	102	104	74	76
TRACEBACK_INPUT	0	16
TRACEBACK_CONTEXT	0	16
TRACEBACK_IN_HSP	0	0	789	1	0	120	0	120
TRACEBACK_IN_CONTEXT_HSP	0	0	0
TRACEBACK_IN_HSP	0	1	31	2	3	8	111	116
TRACEBACK_IN_CONTEXT_HSP	0	1	0
TRACEBACK_IN_HSP	0	2	25	3	57	68	50	62
TRACEBACK_IN_CONTEXT_HSP	0	2	0
TRACEBACK_IN_HSP	0	3	24	-3	19	58	62	101
TRACEBACK_IN_CONTEXT_HSP	0	3	0
TRACEBACK_IN_HSP	0	4	23	3	63	65	72	74
TRACEBACK_IN_CONTEXT_HSP	0	4	0
TRACEBACK_IN_HSP	0	5	21	2	77	86	34	43
TRACEBACK_IN_CONTEXT_HSP	0	5	0
TRACEBACK_IN_HSP	0	6	20	2	51	56	34	39
TRACEBACK_IN_CONTEXT_HSP	0	6	0
TRACEBACK_IN_HSP	0	7	20	-2	53	66	56	69
TRACEBACK_IN_CONTEXT_HSP	0	7	0
TRACEBACK_IN_HSP	0	8	20	-1	33	40	111	118
TRACEBACK_IN_CONTEXT_HSP	0	8	0
TRACEBACK_IN_HSP	0	9	19	-1	33	52	61	80
TRACEBACK_IN_CONTEXT_HSP	0	9	0
TRACEBACK_IN_HSP	0	10	18	2	51	57	82	88
TRACEBACK_IN_CONTEXT_HSP	0	10	0
TRACEBACK_IN_HSP	0	11	18	2	63	65	111	113
TRACEBACK_IN_CONTEXT_HSP	0	11	0
TRACEBACK_IN_HSP	0	12	16	-2	93	95	73	75
TRACEBACK_IN_CONTEXT_HSP	0	12	0
TRACEBACK_IN_HSP	0	13	14	-1	33	35	106	108
TRACEBACK_IN_CONTEXT_HSP	0	13	0
TRACEBACK_IN_HSP	0	14	12	3	38	40	32	34
TRACEBACK_IN_CONTEXT_HSP	0	14	0
TRACEBACK_IN_HSP	0	15	10	2	102	104	74	76
TRACEBACK_IN_CONTEXT_HSP	0	15	0
CONTAINS	0	1	0	120	0	120
TARGET_TRANSLATION	1	-1	0	0	120	120	1
HSP_TEST	0	120	0	120	0	120
CONTAINS	1	2	3	8	111	116
CONTAINS	1	3	57	68	50	62
CONTAINS	0	-3	19	58	62	101
TARGET_TRANSLATION	-3	-1	0	0	120	120	1
HSP_TEST	0	39	19	58	62	101
CONTAINS	1	3	63	65	72	74
CONTAINS	1	2	77	86	34	43
CONTAINS	1	2	51	56	34	39
CONTAINS	0	-2	53	66	56	69
TARGET_TRANSLATION	-2	-1	0	0	120	120	1
HSP_TEST	0	13	53	66	56	69
CONTAINS	0	-1	33	40	111	118
TARGET_TRANSLATION	-1	-1	0	0	120	120	1
HSP_TEST	0	7	33	40	111	118
CONTAINS	0	-1	33	52	61	80
TARGET_TRANSLATION	-1	-1	0	0	120	120	1
HSP_TEST	0	19	33	52	61	80
CONTAINS	1	2	51	57	82	88
CONTAINS	1	2	63	65	111	113
CONTAINS	0	-2	93	95	73	75
TARGET_TRANSLATION	-2	-1	0	0	120	120	1
HSP_TEST	0	2	93	95	73	75
CONTAINS	0	-1	33	35	106	108
TARGET_TRANSLATION	-1	-1	0	0	120	120	1
HSP_TEST	0	2	33	35	106	108
CONTAINS	1	3	38	40	32	34
CONTAINS	1	2	102	104	74	76
ENDPOINT_INPUT	0	7
ENDPOINT_IN_HSP	0	789	1	0	120	0	120
ENDPOINT_IN_HSP	1	24	-3	19	58	62	101
ENDPOINT_IN_HSP	2	20	-2	53	66	56	69
ENDPOINT_IN_HSP	3	20	-1	33	40	111	118
ENDPOINT_IN_HSP	4	19	-1	33	52	61	80
ENDPOINT_IN_HSP	5	16	-2	93	95	73	75
ENDPOINT_IN_HSP	6	14	-1	33	35	106	108
ENDPOINT_OUTPUT	7	7
ENDPOINT_OUT_HSP	0	14	-1	33	35	106	108
ENDPOINT_OUT_HSP	1	20	-1	33	40	111	118
ENDPOINT_OUT_HSP	2	19	-1	33	52	61	80
ENDPOINT_OUT_HSP	3	24	-3	19	58	62	101
ENDPOINT_OUT_HSP	4	20	-2	53	66	56	69
ENDPOINT_OUT_HSP	5	16	-2	93	95	73	75
ENDPOINT_OUT_HSP	6	789	1	0	120	0	120
CONTAINS	0	1	0	120	0	120
CONTAINS	0	-3	19	58	62	101
CONTAINS	0	-2	53	66	56	69
CONTAINS	0	-1	33	40	111	118
CONTAINS	0	-1	33	52	61	80
CONTAINS	0	-2	93	95	73	75
CONTAINS	0	-1	33	35	106	108
TRACEBACK_OUTPUT	0	0	7	0
TRACEBACK_OUT_HSP	0	0	789	1	0	120	0	120
TRACEBACK_OUT_HSP	0	1	24	-3	19	58	62	101
TRACEBACK_OUT_HSP	0	2	20	-2	53	66	56	69
TRACEBACK_OUT_HSP	0	3	20	-1	33	40	111	118
TRACEBACK_OUT_HSP	0	4	19	-1	33	52	61	80
TRACEBACK_OUT_HSP	0	5	16	-2	93	95	73	75
TRACEBACK_OUT_HSP	0	6	14	-1	33	35	106	108
Warning: [tblastn] Query_3 no_hit_x: Could not calculate ungapped Karlin-Altschul parameters due to an invalid query sequence or its translation. Please verify the query sequence(s) and/or filtering options 
