FRAME_CHUNK	0	1	120
WORD_FINDER	0	6
INIT	0	0	2	2	0	0	120	789
INIT	0	1	123	27	121	25	70	474
INIT	0	2	55	52	54	51	3	14
INIT	0	3	52	55	51	54	3	14
INIT	0	4	71	66	71	66	2	13
INIT	0	5	66	71	66	71	2	13
FRAME_CHUNK	1	2	120
WORD_FINDER	1	8
INIT	1	0	5	113	3	111	5	31
INIT	1	1	54	37	51	34	5	20
INIT	1	2	150	37	147	34	5	20
INIT	1	3	54	85	51	82	6	18
INIT	1	4	150	85	147	82	6	18
INIT	1	5	63	111	63	111	2	18
INIT	1	6	102	59	77	34	29	12
INIT	1	7	102	74	102	74	2	10
FRAME_CHUNK	2	3	120
WORD_FINDER	2	4
INIT	2	0	63	72	63	72	2	23
INIT	2	1	64	58	64	58	2	16
INIT	2	2	160	58	160	58	2	16
INIT	2	3	38	32	38	32	2	12
FRAME_CHUNK	3	-1	120
WORD_FINDER	3	3
INIT	3	0	50	78	33	61	19	19
INIT	3	1	33	106	33	106	2	14
INIT	3	2	33	111	33	111	2	14
FRAME_CHUNK	4	-2	120
WORD_FINDER	4	4
INIT	4	0	62	65	53	56	13	20
INIT	4	1	158	65	149	56	13	20
INIT	4	2	93	73	93	73	2	16
INIT	4	3	189	73	189	73	2	16
FRAME_CHUNK	5	-3	120
WORD_FINDER	5	2
INIT	5	0	23	66	19	62	39	24
INIT	5	1	54	94	54	94	2	10
Warning: [tblastn] Query_3 no_hit_x: Could not calculate ungapped Karlin-Altschul parameters due to an invalid query sequence or its translation. Please verify the query sequence(s) and/or filtering options 
