GAPPED_PARAMS	0	11	1	38	64	0	0	0	0	0
GAPPED_INPUT	0	2
GAPPED_INIT	0	0	3	149	0	146	120	656
GAPPED_INIT	0	1	3	503	0	500	120	656
CONTAINS	0	3	0	120	146	266
CONTAINS	0	3	0	120	500	620
GAPPED_OUTPUT	0	0	2
GAPPED_HSP	0	0	656	0	0	0	120	29	3	146	266	175
GAPPED_HSP	0	1	656	0	0	0	120	29	3	500	620	529
ENDPOINT_INPUT	1	2
ENDPOINT_IN_HSP	0	656	3	0	120	146	266
ENDPOINT_IN_HSP	1	656	3	0	120	500	620
ENDPOINT_OUTPUT	2	2
ENDPOINT_OUT_HSP	0	656	3	0	120	146	266
ENDPOINT_OUT_HSP	1	656	3	0	120	500	620
GAPPED_PARAMS	1	11	1	38	64	0	0	0	0	0
GAPPED_INPUT	1	1
GAPPED_INIT	1	0	16	97	12	93	7	26
CONTAINS	0	-1	12	19	93	100
GAPPED_OUTPUT	1	0	1
GAPPED_HSP	1	0	26	0	0	12	19	15	-1	93	100	96
ENDPOINT_INPUT	1	1
ENDPOINT_IN_HSP	0	26	-1	12	19	93	100
ENDPOINT_OUTPUT	1	1
ENDPOINT_OUT_HSP	0	26	-1	12	19	93	100
TRACEBACK_INPUT	0	3
TRACEBACK_IN_HSP	0	0	656	3	0	120	146	266
TRACEBACK_IN_HSP	0	1	656	3	0	120	500	620
TRACEBACK_IN_HSP	0	2	26	-1	12	19	93	100
CONTAINS	0	3	0	120	146	266
TARGET_TRANSLATION	3	146	266	113	298	298	1
TRACEBACK_OUTPUT	0	0	3	1
TRACEBACK_OUT_HSP	0	0	656	3	0	120	146	266
TRACEBACK_OUT_HSP	0	1	656	3	0	120	500	620
TRACEBACK_OUT_HSP	0	2	26	-1	12	19	93	100
TRACEBACK_INPUT	0	3
TRACEBACK_IN_HSP	0	0	656	3	0	120	146	266
TRACEBACK_IN_HSP	0	1	656	3	0	120	500	620
TRACEBACK_IN_HSP	0	2	26	-1	12	19	93	100
CONTAINS	0	3	0	120	146	266
TARGET_TRANSLATION	3	-1	0	0	787	787	1
HSP_TEST	0	120	0	120	146	266
CONTAINS	0	3	0	120	500	620
TARGET_TRANSLATION	3	-1	0	0	787	787	1
HSP_TEST	0	120	0	120	500	620
CONTAINS	0	-1	12	19	93	100
TARGET_TRANSLATION	-1	-1	0	0	788	788	1
HSP_TEST	0	7	12	19	93	100
ENDPOINT_INPUT	0	3
ENDPOINT_IN_HSP	0	656	3	0	120	146	266
ENDPOINT_IN_HSP	1	656	3	0	120	500	620
ENDPOINT_IN_HSP	2	26	-1	12	19	93	100
ENDPOINT_OUTPUT	3	3
ENDPOINT_OUT_HSP	0	26	-1	12	19	93	100
ENDPOINT_OUT_HSP	1	656	3	0	120	146	266
ENDPOINT_OUT_HSP	2	656	3	0	120	500	620
CONTAINS	0	3	0	120	146	266
CONTAINS	0	3	0	120	500	620
CONTAINS	0	-1	12	19	93	100
TRACEBACK_OUTPUT	0	0	3	0
TRACEBACK_OUT_HSP	0	0	656	3	0	120	146	266
TRACEBACK_OUT_HSP	0	1	656	3	0	120	500	620
TRACEBACK_OUT_HSP	0	2	26	-1	12	19	93	100
