D_CALL	0	link	41	691	1	40	0.10000000000000001	40	0	0
D_CONTEXT	0	0	120	22848	18
D_LIST	0	link_before	0	0	3	0
D_HSP	0	link_before	0	0	2	74	120	54	100	245	0	0	0	0	0	70
D_HSP	0	link_before	1	0	1	0	35	0	35	197	0	0	0	0	0	29
D_HSP	0	link_before	2	0	2	20	55	195	230	196	0	0	0	0	0	204
D_CALL	1	evalue	41	230	1	0	0.10000000000000001	1
D_CONTEXT	1	0	120	22848	18
D_LIST	1	evalue_before	0	0	3	0
D_HSP	1	evalue_before	0	0	2	74	120	54	100	245	0	1	0	0	0	70
D_HSP	1	evalue_before	1	0	1	0	35	0	35	197	0	1	0	0	0	29
D_HSP	1	evalue_before	2	0	2	20	55	195	230	196	0	1	0	0	0	204
D_RETURN	1	evalue	0
D_LIST	1	evalue_after	0	0	3	1.8919157167438574e-31
D_HSP	1	evalue_after	0	0	2	74	120	54	100	245	0	1	1.8919157167438574e-31	0	0	70
D_HSP	1	evalue_after	1	0	1	0	35	0	35	197	0	1	2.3877599926829623e-24	0	0	29
D_HSP	1	evalue_after	2	0	2	20	55	195	230	196	0	1	3.3480120474138232e-24	0	0	204
D_RETURN	0	link	0
D_LIST	0	link_after	0	0	3	6.3124099664567389e-44
D_HSP	0	link_after	0	0	2	74	120	54	100	245	0	2	6.3124099664567389e-44	0	0	70
D_HSP	0	link_after	1	0	1	0	35	0	35	197	0	2	6.3124099664567389e-44	0	0	29
D_HSP	0	link_after	2	0	2	20	55	195	230	196	0	1	3.3480120474138232e-24	0	0	204
D_CALL	2	link	41	90	1	40	0.10000000000000001	40	0	0
D_CONTEXT	2	0	120	22848	18
D_LIST	2	link_before	1	0	1	0
D_HSP	2	link_before	0	0	1	0	30	0	30	167	0	0	0	0	0	22
D_CALL	3	evalue	41	30	1	0	0.10000000000000001	1
D_CONTEXT	3	0	120	22848	18
D_LIST	3	evalue_before	1	0	1	0
D_HSP	3	evalue_before	0	0	1	0	30	0	30	167	0	1	0	0	0	22
D_RETURN	3	evalue	0
D_LIST	3	evalue_after	1	0	1	8.4290546273958724e-22
D_HSP	3	evalue_after	0	0	1	0	30	0	30	167	0	1	8.4290546273958724e-22	0	0	22
D_RETURN	2	link	0
D_LIST	2	link_after	1	0	1	8.4290546273958724e-22
D_HSP	2	link_after	0	0	1	0	30	0	30	167	0	1	8.4290546273958724e-22	0	0	22
D_CALL	4	redo	41	1	1	1	1
D_LIST	4	redo_before	NULL
D_CALL	5	link	41	691	1	40	0.10000000000000001	40	0	0
D_CONTEXT	5	0	120	22848	18
D_LIST	5	link_before	0	0	3	0
D_HSP	5	link_before	0	0	2	75	120	55	100	7612	0	0	0	0	2	0
D_HSP	5	link_before	1	0	2	20	55	195	230	6063	0	0	0	0	2	0
D_HSP	5	link_before	2	0	1	0	35	0	35	4332	0	0	0	0	2	0
D_CALL	6	evalue	41	230	1	0	0.10000000000000001	1
D_CONTEXT	6	0	120	22848	18
D_LIST	6	evalue_before	0	0	3	0
D_HSP	6	evalue_before	0	0	2	75	120	55	100	7612	0	1	0	0	2	0
D_HSP	6	evalue_before	1	0	2	20	55	195	230	6063	0	1	0	0	2	0
D_HSP	6	evalue_before	2	0	1	0	35	0	35	4332	0	1	0	0	2	0
D_RETURN	6	evalue	0
D_LIST	6	evalue_after	0	0	3	2.171057845271036e-30
D_HSP	6	evalue_after	0	0	2	75	120	55	100	7612	0	1	2.171057845271036e-30	0	2	0
D_HSP	6	evalue_after	1	0	2	20	55	195	230	6063	0	1	3.0346550502787172e-23	0	2	0
D_HSP	6	evalue_after	2	0	1	0	35	0	35	4332	0	1	1.9160687752856282e-15	0	2	0
D_RETURN	5	link	0
D_LIST	5	link_after	0	0	3	4.8926660494577902e-36
D_HSP	5	link_after	0	0	2	75	120	55	100	7612	0	2	4.8926660494577902e-36	0	2	0
D_HSP	5	link_after	1	0	2	20	55	195	230	6063	0	1	3.0346550502787172e-23	0	2	0
D_HSP	5	link_after	2	0	1	0	35	0	35	4332	0	2	4.8926660494577902e-36	0	2	0
D_CALL	7	reap
D_LIST	7	reap_before	0	0	3	4.8926660494577902e-36
D_HSP	7	reap_before	0	0	2	75	120	55	100	7612	0	2	4.8926660494577902e-36	0	2	0
D_HSP	7	reap_before	1	0	2	20	55	195	230	6063	0	1	3.0346550502787172e-23	0	2	0
D_HSP	7	reap_before	2	0	1	0	35	0	35	4332	0	2	4.8926660494577902e-36	0	2	0
D_RETURN	7	reap	0
D_LIST	7	reap_after	0	0	3	4.8926660494577902e-36
D_HSP	7	reap_after	0	0	2	75	120	55	100	7612	0	2	4.8926660494577902e-36	0	2	0
D_HSP	7	reap_after	1	0	2	20	55	195	230	6063	0	1	3.0346550502787172e-23	0	2	0
D_HSP	7	reap_after	2	0	1	0	35	0	35	4332	0	2	4.8926660494577902e-36	0	2	0
D_CALL	8	link	41	90	1	40	0.10000000000000001	40	0	0
D_CONTEXT	8	0	120	22848	18
D_LIST	8	link_before	1	0	1	0
D_HSP	8	link_before	0	0	1	0	30	0	30	3347	0	0	0	0	2	0
D_CALL	9	evalue	41	30	1	0	0.10000000000000001	1
D_CONTEXT	9	0	120	22848	18
D_LIST	9	evalue_before	1	0	1	0
D_HSP	9	evalue_before	0	0	1	0	30	0	30	3347	0	1	0	0	2	0
D_RETURN	9	evalue	0
D_LIST	9	evalue_after	1	0	1	2.0569113464196448e-12
D_HSP	9	evalue_after	0	0	1	0	30	0	30	3347	0	1	2.0569113464196448e-12	0	2	0
D_RETURN	8	link	0
D_LIST	8	link_after	1	0	1	2.0569113464196448e-12
D_HSP	8	link_after	0	0	1	0	30	0	30	3347	0	1	2.0569113464196448e-12	0	2	0
D_CALL	10	reap
D_LIST	10	reap_before	1	0	1	2.0569113464196448e-12
D_HSP	10	reap_before	0	0	1	0	30	0	30	3347	0	1	2.0569113464196448e-12	0	2	0
D_RETURN	10	reap	0
D_LIST	10	reap_after	1	0	1	2.0569113464196448e-12
D_HSP	10	reap_after	0	0	1	0	30	0	30	3347	0	1	2.0569113464196448e-12	0	2	0
D_RETURN	4	redo	0
D_LIST	4	redo_after	NULL
