K_TRACE_PRELIM	0	0	245	0	2	74	120	90	54	100	70
K_TRACE_PRELIM	0	1	197	0	1	0	35	29	0	35	29
K_TRACE_PRELIM	0	2	196	0	2	20	55	29	195	230	204
K_TRACE_ENTER	0	0	41	29	29	120	230	2076	352	32	1	32
K_TRACE_QUERY	0	0c120516140b1313130701070713070a11140b12090f0b090f0d080613140516040e120905041116100a0f14130904070512030b0b04090b041201070f05051614010c10040f160c1012070507060b03130601090d0d120a1106050409080f1610050f090a10130a04110404130e0c130b13070d0a03040b
K_TRACE_SUBJECT	0	0c120516140b1515151515151515150a11140b12090f0b090f0d080613140516040e1215151515151515151515151515151515151515151010061113030603161919161909061910161111091119120d19120319100619190311160711071419190c1911151515151515151515151515151515151515151515151515151515151515151515151515151515151515151515151515151515151515151515151515151515151515151515151515151515151515151515151515151515151515151515151504111204110a1106030b0709191116161910060b1119120c07161914190d0b11010716
K_TRACE_RETURN	0	0	0	4332	0	35	0	35	0
K_TRACE_EDIT	0	1	3:35
K_TRACE_ENTER	0	1	41	90	70	120	230	2076	352	32	1	32
K_TRACE_QUERY	1	0c120516140b1313130701070713070a11140b12090f0b090f0d080613140516040e120905041116100a0f14130904070512030b0b04090b041201070f05051614010c10040f160c1012070507060b03130601090d0d120a1106050409080f1610050f090a10130a04110404130e0c130b13070d0a03040b
K_TRACE_SUBJECT	1	190b0d0907141515151515151515151515151515060d19060a09090b06070d0c090b0b15151515151515151515151515151515151515150507060b03130601090d0d120a1106050409080f1610050f090a10130a04110404130e0c130b13070d0a03040b1515151515151515151515151515151515151515151515151515151515151515151515151515151515151515151515151515151515151515151515151515151515151515151515151515151515151515151515151515151515151515151515090f0b090f0d080613140516040e120905041116100a0f14130904070512030b0b0409
K_TRACE_RETURN	0	1	0	7612	75	120	55	100	0
K_TRACE_EDIT	1	1	3:45
K_TRACE_ENTER	0	2	41	29	204	120	230	2076	352	32	1	32
K_TRACE_QUERY	2	0c120516140b1313130701070713070a11140b12090f0b090f0d080613140516040e120905041116100a0f14130904070512030b0b04090b041201070f05051614010c10040f160c1012070507060b03130601090d0d120a1106050409080f1610050f090a10130a04110404130e0c130b13070d0a03040b
K_TRACE_SUBJECT	2	190b0d0907141515151515151515151515151515060d19060a09090b06070d0c090b0b15151515151515151515151515151515151515150507060b03130601090d0d120a1106050409080f1610050f090a10130a04110404130e0c130b13070d0a03040b1515151515151515151515151515151515151515151515151515151515151515151515151515151515151515151515151515151515151515151515151515151515151515151515151515151515151515151515151515151515151515151515090f0b090f0d080613140516040e120905041116100a0f14130904070512030b0b0409
K_TRACE_RETURN	0	2	0	6063	20	55	195	230	0
K_TRACE_EDIT	2	1	3:35
K_TRACE_HEAP_WOULD	0	4.8926660494577902e-36	7612	0	1	1	0.002	0	1
K_TRACE_HEAP_INSERT	0	4.8926660494577902e-36	7612	0	3	4.8926660494577902e-36
K_TRACE_HEAP_HSP	0	0	238	96.2857313483741	4.8926660494577902e-36	45	0	2	75	120	55	100	2
K_TRACE_HEAP_HSP	0	1	189	77.410952128423773	3.0346550502787172e-23	35	0	2	20	55	195	230	1
K_TRACE_HEAP_HSP	0	2	135	56.610175028886694	4.8926660494577902e-36	35	0	1	0	35	0	35	2
K_TRACE_HEAP_INSERT_RETURN	0	0	1	4.8926660494577902e-36	-1
K_TRACE_PRELIM	1	0	167	0	1	0	30	22	0	30	22
K_TRACE_ENTER	1	3	41	22	22	120	30	2076	352	32	1	32
K_TRACE_QUERY	3	0c120516140b1313130701070713070a11140b12090f0b090f0d080613140516040e120905041116100a0f14130904070512030b0b04090b041201070f05051614010c10040f160c1012070507060b03130601090d0d120a1106050409080f1610050f090a10130a04110404130e0c130b13070d0a03040b
K_TRACE_SUBJECT	3	0c120516140b1515151515151515150a11140b12090f0b090f0d08061314
K_TRACE_RETURN	1	3	0	3347	0	30	0	30	0
K_TRACE_EDIT	3	1	3:30
K_TRACE_HEAP_WOULD	1	2.0569113464196448e-12	3347	1	1	1	0.002	4.8926660494577902e-36	1
K_TRACE_HEAP_INSERT	1	2.0569113464196448e-12	3347	1	1	2.0569113464196448e-12
K_TRACE_HEAP_HSP	1	0	105	45.054187751366094	2.0569113464196448e-12	30	0	1	0	30	0	30	1
K_TRACE_HEAP_INSERT_RETURN	1	0	2	2.0569113464196448e-12	-1
K_TRACE_HEAP_POP	1	1	2.0569113464196448e-12
K_TRACE_RESULT_UPDATE_IN	1	0	1	0	2147483647	0	2.0569113464196448e-12	105
K_TRACE_RESULT_UPDATE_OUT	1	0	1	2.0569113464196448e-12	105	0	1
K_TRACE_RESULT_HSP	0	1	0	105	2.0569113464196448e-12	0	30	0	30	1	1
K_TRACE_HEAP_POP	0	0	4.8926660494577902e-36
K_TRACE_RESULT_UPDATE_IN	0	1	1	2.0569113464196448e-12	105	0	4.8926660494577902e-36	238
K_TRACE_RESULT_UPDATE_OUT	0	0	1	4.8926660494577902e-36	238	1	0
K_TRACE_RESULT_HSP	0	0	0	238	4.8926660494577902e-36	75	120	55	100	2	2
K_TRACE_RESULT_HSP	0	0	1	135	4.8926660494577902e-36	0	35	0	35	1	2
K_TRACE_RESULT_HSP	0	0	2	189	3.0346550502787172e-23	20	55	195	230	2	1
K_TRACE_HEAP_POP	-1	0	-1
K_TRACE_RESULT_REVERSE_IN	0	1	0
K_TRACE_RESULT_REVERSE_OUT	0	1	0
K_TRACE_HEAP_POP	-1	0	-1
K_TRACE_HEAP_POP	-1	0	-1
