K_TRACE_PRELIM	0	0	39	0	-1	25	43	37	89	107	101
K_TRACE_ENTER	0	0	41	37	101	120	120	2076	352	32	1	32
K_TRACE_QUERY	0	0c120516140b1313130701070713070a11140b12090f0b090f0d080613140516040e120905041116100a0f14130904070512030b0b04090b041201070f05051614010c10040f160c1012070507060b03130601090d0d120a1106050409080f1610050f090a10130a04110404130e0c130b13070d0a03040b
K_TRACE_SUBJECT	0	05140b061111111216011001111012041212120b071010040e161907161316080912110d120b071203100816100b0f0c091001030b0b1610070e070910090a070712060f1911160a160f0114070e010913080d191107120d030d0e1409140107010e111114051108100a0f041204030e120419060f09080e
K_TRACE_RETURN	0	0	0	1306	25	43	89	107	0
K_TRACE_EDIT	0	1	3:18
K_TRACE_HEAP_WOULD	1	0.0094781636971780891	1306	0	1	1	0.002	0	1
K_TRACE_HEAP_INSERT	1	0.0094781636971780891	1306	0	1	0.0094781636971780891
K_TRACE_HEAP_HSP	1	0	41	20.401414892655488	0.0094781636971780891	7	0	-1	25	43	89	107	1
K_TRACE_HEAP_INSERT_RETURN	1	0	1	0.0094781636971780891	-1
K_TRACE_PRELIM	1	0	39	0	-1	25	43	37	89	107	101
K_TRACE_PRELIM	1	1	18	0	-3	72	76	73	55	59	56
K_TRACE_PRELIM	1	2	16	0	-2	113	116	114	99	102	100
K_TRACE_ENTER	1	1	41	73	56	120	119	2076	352	32	1	32
K_TRACE_QUERY	1	0c120516140b1313130701070713070a11140b12090f0b090f0d080613140516040e120905041116100a0f14130904070512030b0b04090b041201070f05051614010c10040f160c1012070507060b03130601090d0d120a1106050409080f1610050f090a10130a04110404130e0c130b13070d0a03040b
K_TRACE_SUBJECT	1	0c0106060b06080b0312070b050d1016040d0607010e10110b111413100b0e1616060f080907160b0e010b0e09010d0411100c0e110b0e101207040a04190707160b1109130b19090e1113071203161001190b0a1004190b0f0e13040c071411120f0f1107120e190a120708190b1108070b131104110e
K_TRACE_RETURN	1	1	0	576	72	76	55	59	0
K_TRACE_EDIT	1	1	3:4
K_TRACE_ENTER	1	2	41	114	100	120	119	2076	352	32	1	32
K_TRACE_QUERY	2	0c120516140b1313130701070713070a11140b12090f0b090f0d080613140516040e120905041116100a0f14130904070512030b0b04090b041201070f05051614010c10040f160c1012070507060b03130601090d0d120a1106050409080f1610050f090a10130a04110404130e0c130b13070d0a03040b
K_TRACE_SUBJECT	2	0d0706060e0b0e110c08070e10050e09100f0b14070101090e091307121112090b0b0e120814130e0107091204030a19060108010606120504100719070b1007130e060d110b090d120a1007040b0b191109120a01070b120112070716070b05080e0113070d0109050d10120b12130e10091106100612
K_TRACE_RETURN	1	2	0	547	113	119	99	105	0
K_TRACE_EDIT	2	1	3:6
K_TRACE_ENTER	1	3	41	37	101	120	120	2076	352	32	1	32
K_TRACE_QUERY	3	0c120516140b1313130701070713070a11140b12090f0b090f0d080613140516040e120905041116100a0f14130904070512030b0b04090b041201070f05051614010c10040f160c1012070507060b03130601090d0d120a1106050409080f1610050f090a10130a04110404130e0c130b13070d0a03040b
K_TRACE_SUBJECT	3	05140b061111110916011001111012041212120b071010040e161007161316080912110d120b071203100816100b0f0c091001030b0b1610070e070910090a070712060f1911160a160f0114070e010905080d191107120d030d101409140107010e111110051008100a0f041204030e120419060f09080e
K_TRACE_RETURN	1	3	0	1308	25	43	89	107	0
K_TRACE_EDIT	3	1	3:18
K_TRACE_HEAP_WOULD	0	0.0092985003321741418	1308	1	1	1	0.002	0.0094781636971780891	1
K_TRACE_HEAP_INSERT	0	0.0092985003321741418	1308	1	3	0.0092985003321741418
K_TRACE_HEAP_HSP	0	0	41	20.401414892655488	0.0092985003321741418	6	0	-1	25	43	89	107	1
K_TRACE_HEAP_HSP	0	1	18	11.541824646556361	9.6602861426148277	3	0	-3	72	76	55	59	1
K_TRACE_HEAP_HSP	0	2	17	11.156625070639009	12.675133517670442	3	0	-2	113	119	99	105	1
K_TRACE_HEAP_INSERT_RETURN	0	0	1	0.0092985003321741418	1
K_TRACE_HEAP_POP	0	0	0.0092985003321741418
K_TRACE_RESULT_UPDATE_IN	0	0	1	0	2147483647	0	0.0092985003321741418	41
K_TRACE_RESULT_UPDATE_OUT	0	0	1	0.0092985003321741418	41	0	0
K_TRACE_RESULT_HSP	0	0	0	41	0.0092985003321741418	25	43	89	107	-1	1
K_TRACE_RESULT_HSP	0	0	1	18	9.6602861426148277	72	76	55	59	-3	1
K_TRACE_RESULT_HSP	0	0	2	17	12.675133517670442	113	119	99	105	-2	1
K_TRACE_HEAP_POP	-1	0	-1
K_TRACE_RESULT_REVERSE_IN	0	1	0
K_TRACE_RESULT_REVERSE_OUT	0	1	0
K_TRACE_HEAP_POP	-1	0	-1
K_TRACE_HEAP_POP	-1	0	-1
