D_CALL	0	link	41	360	1	40	0.10000000000000001	40	0	0
D_CONTEXT	0	0	120	20808	18
D_LIST	0	link_before	0	0	3	0
D_HSP	0	link_before	0	0	-1	25	43	89	107	39	0	0	0	0	0	101
D_HSP	0	link_before	1	0	-3	72	76	55	59	18	0	0	0	0	0	56
D_HSP	0	link_before	2	0	-2	113	116	99	102	16	0	0	0	0	0	100
D_CALL	1	evalue	41	120	1	0	0.10000000000000001	1
D_CONTEXT	1	0	120	20808	18
D_LIST	1	evalue_before	0	0	3	0
D_HSP	1	evalue_before	0	0	-1	25	43	89	107	39	0	1	0	0	0	101
D_HSP	1	evalue_before	1	0	-3	72	76	55	59	18	0	1	0	0	0	56
D_HSP	1	evalue_before	2	0	-2	113	116	99	102	16	0	1	0	0	0	100
D_RETURN	1	evalue	0
D_LIST	1	evalue_after	0	0	3	0.016500656631240264
D_HSP	1	evalue_after	0	0	-1	25	43	89	107	39	0	1	0.016500656631240264	0	0	101
D_HSP	1	evalue_after	1	0	-3	72	76	55	59	18	0	1	9.6602861426148277	0	0	56
D_HSP	1	evalue_after	2	0	-2	113	116	99	102	16	0	1	17.582364657690768	0	0	100
D_RETURN	0	link	0
D_LIST	0	link_after	0	0	3	0.016500656631240264
D_HSP	0	link_after	0	0	-1	25	43	89	107	39	0	1	0.016500656631240264	0	0	101
D_HSP	0	link_after	1	0	-3	72	76	55	59	18	0	1	9.6602861426148277	0	0	56
D_HSP	0	link_after	2	0	-2	113	116	99	102	16	0	1	17.582364657690768	0	0	100
D_CALL	2	link	41	360	1	40	0.10000000000000001	40	0	0
D_CONTEXT	2	0	120	20808	18
D_LIST	2	link_before	1	0	1	0
D_HSP	2	link_before	0	0	-1	25	43	89	107	39	0	0	0	0	0	101
D_CALL	3	evalue	41	120	1	0	0.10000000000000001	1
D_CONTEXT	3	0	120	20808	18
D_LIST	3	evalue_before	1	0	1	0
D_HSP	3	evalue_before	0	0	-1	25	43	89	107	39	0	1	0	0	0	101
D_RETURN	3	evalue	0
D_LIST	3	evalue_after	1	0	1	0.016500656631240264
D_HSP	3	evalue_after	0	0	-1	25	43	89	107	39	0	1	0.016500656631240264	0	0	101
D_RETURN	2	link	0
D_LIST	2	link_after	1	0	1	0.016500656631240264
D_HSP	2	link_after	0	0	-1	25	43	89	107	39	0	1	0.016500656631240264	0	0	101
D_CALL	4	redo	41	1	1	1	1
D_LIST	4	redo_before	NULL
D_CALL	5	link	41	360	1	40	0.10000000000000001	40	0	0
D_CONTEXT	5	0	120	20808	18
D_LIST	5	link_before	1	0	1	0
D_HSP	5	link_before	0	0	-1	25	43	89	107	1306	0	0	0	0	2	0
D_CALL	6	evalue	41	120	1	0	0.10000000000000001	1
D_CONTEXT	6	0	120	20808	18
D_LIST	6	evalue_before	1	0	1	0
D_HSP	6	evalue_before	0	0	-1	25	43	89	107	1306	0	1	0	0	2	0
D_RETURN	6	evalue	0
D_LIST	6	evalue_after	1	0	1	0.0094781636971780891
D_HSP	6	evalue_after	0	0	-1	25	43	89	107	1306	0	1	0.0094781636971780891	0	2	0
D_RETURN	5	link	0
D_LIST	5	link_after	1	0	1	0.0094781636971780891
D_HSP	5	link_after	0	0	-1	25	43	89	107	1306	0	1	0.0094781636971780891	0	2	0
D_CALL	7	reap
D_LIST	7	reap_before	1	0	1	0.0094781636971780891
D_HSP	7	reap_before	0	0	-1	25	43	89	107	1306	0	1	0.0094781636971780891	0	2	0
D_RETURN	7	reap	0
D_LIST	7	reap_after	1	0	1	0.0094781636971780891
D_HSP	7	reap_after	0	0	-1	25	43	89	107	1306	0	1	0.0094781636971780891	0	2	0
D_CALL	8	link	41	360	1	40	0.10000000000000001	40	0	0
D_CONTEXT	8	0	120	20808	18
D_LIST	8	link_before	0	0	3	0
D_HSP	8	link_before	0	0	-1	25	43	89	107	1308	0	0	0	0	2	0
D_HSP	8	link_before	1	0	-3	72	76	55	59	576	0	0	0	0	2	0
D_HSP	8	link_before	2	0	-2	113	119	99	105	547	0	0	0	0	2	0
D_CALL	9	evalue	41	120	1	0	0.10000000000000001	1
D_CONTEXT	9	0	120	20808	18
D_LIST	9	evalue_before	0	0	3	0
D_HSP	9	evalue_before	0	0	-1	25	43	89	107	1308	0	1	0	0	2	0
D_HSP	9	evalue_before	1	0	-3	72	76	55	59	576	0	1	0	0	2	0
D_HSP	9	evalue_before	2	0	-2	113	119	99	105	547	0	1	0	0	2	0
D_RETURN	9	evalue	0
D_LIST	9	evalue_after	0	0	3	0.0092985003321741418
D_HSP	9	evalue_after	0	0	-1	25	43	89	107	1308	0	1	0.0092985003321741418	0	2	0
D_HSP	9	evalue_after	1	0	-3	72	76	55	59	576	0	1	9.6602861426148277	0	2	0
D_HSP	9	evalue_after	2	0	-2	113	119	99	105	547	0	1	12.675133517670442	0	2	0
D_RETURN	8	link	0
D_LIST	8	link_after	0	0	3	0.0092985003321741418
D_HSP	8	link_after	0	0	-1	25	43	89	107	1308	0	1	0.0092985003321741418	0	2	0
D_HSP	8	link_after	1	0	-3	72	76	55	59	576	0	1	9.6602861426148277	0	2	0
D_HSP	8	link_after	2	0	-2	113	119	99	105	547	0	1	12.675133517670442	0	2	0
D_CALL	10	reap
D_LIST	10	reap_before	0	0	3	0.0092985003321741418
D_HSP	10	reap_before	0	0	-1	25	43	89	107	1308	0	1	0.0092985003321741418	0	2	0
D_HSP	10	reap_before	1	0	-3	72	76	55	59	576	0	1	9.6602861426148277	0	2	0
D_HSP	10	reap_before	2	0	-2	113	119	99	105	547	0	1	12.675133517670442	0	2	0
D_RETURN	10	reap	0
D_LIST	10	reap_after	0	0	3	0.0092985003321741418
D_HSP	10	reap_after	0	0	-1	25	43	89	107	1308	0	1	0.0092985003321741418	0	2	0
D_HSP	10	reap_after	1	0	-3	72	76	55	59	576	0	1	9.6602861426148277	0	2	0
D_HSP	10	reap_after	2	0	-2	113	119	99	105	547	0	1	12.675133517670442	0	2	0
D_RETURN	4	redo	0
D_LIST	4	redo_after	NULL
