D_CALL	0	evalue	41	119	1	0	0	1
D_CONTEXT	0	0	120	11449	13
D_LIST	0	evalue_before	0	0	1	0
D_HSP	0	evalue_before	0	0	1	0	120	0	120	625	0	0	0	0	0	45
D_RETURN	0	evalue	0
D_LIST	0	evalue_after	0	0	1	6.6177789005631962e-91
D_HSP	0	evalue_after	0	0	1	0	120	0	120	625	0	0	6.6177789005631962e-91	0	0	45
D_CALL	1	evalue	41	120	1	0	0	1
D_CONTEXT	1	0	120	11449	13
D_LIST	1	evalue_before	0	0	1	6.6177789005631962e-91
D_HSP	1	evalue_before	0	0	1	0	120	0	120	627	116	0	6.6177789005631962e-91	0	0	45
D_RETURN	1	evalue	0
D_LIST	1	evalue_after	0	0	1	3.3879040276369669e-91
D_HSP	1	evalue_after	0	0	1	0	120	0	120	627	116	0	3.3879040276369669e-91	0	0	45
D_CALL	2	reap
D_LIST	2	reap_before	0	0	1	3.3879040276369669e-91
D_HSP	2	reap_before	0	0	1	0	120	0	120	627	116	0	3.3879040276369669e-91	0	0	45
D_RETURN	2	reap	0
D_LIST	2	reap_after	0	0	1	3.3879040276369669e-91
D_HSP	2	reap_after	0	0	1	0	120	0	120	627	116	0	3.3879040276369669e-91	0	0	45
D_CALL	3	bits	1
D_LIST	3	bits_before	0	0	1	3.3879040276369669e-91
D_HSP	3	bits_before	0	0	1	0	120	0	120	627	116	0	3.3879040276369669e-91	0	0	45
D_RETURN	3	bits	0
D_LIST	3	bits_after	0	0	1	3.3879040276369669e-91
D_HSP	3	bits_after	0	0	1	0	120	0	120	627	116	0	3.3879040276369669e-91	246.12836638022452	0	45
