D_CALL	0	link	41	360	1	40	0.10000000000000001	40	0	0
D_CONTEXT	0	0	120	30000	20
D_LIST	0	link_before	0	0	1	0
D_HSP	0	link_before	0	0	1	0	120	0	120	656	0	0	0	0	0	29
D_CALL	1	evalue	41	120	1	0	0.10000000000000001	1
D_CONTEXT	1	0	120	30000	20
D_LIST	1	evalue_before	0	0	1	0
D_HSP	1	evalue_before	0	0	1	0	120	0	120	656	0	1	0	0	0	29
D_RETURN	1	evalue	0
D_LIST	1	evalue_after	0	0	1	4.2468970522128825e-95
D_HSP	1	evalue_after	0	0	1	0	120	0	120	656	0	1	4.2468970522128825e-95	0	0	29
D_RETURN	0	link	0
D_LIST	0	link_after	0	0	1	4.2468970522128825e-95
D_HSP	0	link_after	0	0	1	0	120	0	120	656	0	1	4.2468970522128825e-95	0	0	29
D_CALL	2	link	41	360	1	40	0.10000000000000001	40	0	0
D_LIST	2	link_before	NULL
D_RETURN	2	link	0
D_LIST	2	link_after	NULL
D_CALL	3	link	41	360	1	40	0.10000000000000001	40	0	0
D_CONTEXT	3	0	120	30000	20
D_LIST	3	link_before	2	0	1	0
D_HSP	3	link_before	0	0	1	0	120	0	120	656	0	0	0	0	0	29
D_CALL	4	evalue	41	120	1	0	0.10000000000000001	1
D_CONTEXT	4	0	120	30000	20
D_LIST	4	evalue_before	2	0	1	0
D_HSP	4	evalue_before	0	0	1	0	120	0	120	656	0	1	0	0	0	29
D_RETURN	4	evalue	0
D_LIST	4	evalue_after	2	0	1	4.2468970522128825e-95
D_HSP	4	evalue_after	0	0	1	0	120	0	120	656	0	1	4.2468970522128825e-95	0	0	29
D_RETURN	3	link	0
D_LIST	3	link_after	2	0	1	4.2468970522128825e-95
D_HSP	3	link_after	0	0	1	0	120	0	120	656	0	1	4.2468970522128825e-95	0	0	29
D_CALL	5	redo	41	1	1	1	1
D_LIST	5	redo_before	NULL
D_CALL	6	link	41	360	1	40	0.10000000000000001	40	0	0
D_CONTEXT	6	0	120	30000	20
D_LIST	6	link_before	2	0	1	0
D_HSP	6	link_before	0	0	1	0	120	0	120	20493	0	0	0	0	2	0
D_CALL	7	evalue	41	120	1	0	0.10000000000000001	1
D_CONTEXT	7	0	120	30000	20
D_LIST	7	evalue_before	2	0	1	0
D_HSP	7	evalue_before	0	0	1	0	120	0	120	20493	0	1	0	0	2	0
D_RETURN	7	evalue	0
D_LIST	7	evalue_after	2	0	1	1.0171420068381722e-92
D_HSP	7	evalue_after	0	0	1	0	120	0	120	20493	0	1	1.0171420068381722e-92	0	2	0
D_RETURN	6	link	0
D_LIST	6	link_after	2	0	1	1.0171420068381722e-92
D_HSP	6	link_after	0	0	1	0	120	0	120	20493	0	1	1.0171420068381722e-92	0	2	0
D_CALL	8	reap
D_LIST	8	reap_before	2	0	1	1.0171420068381722e-92
D_HSP	8	reap_before	0	0	1	0	120	0	120	20493	0	1	1.0171420068381722e-92	0	2	0
D_RETURN	8	reap	0
D_LIST	8	reap_after	2	0	1	1.0171420068381722e-92
D_HSP	8	reap_after	0	0	1	0	120	0	120	20493	0	1	1.0171420068381722e-92	0	2	0
D_CALL	9	link	41	360	1	40	0.10000000000000001	40	0	0
D_CONTEXT	9	0	120	30000	20
D_LIST	9	link_before	0	0	1	0
D_HSP	9	link_before	0	0	1	0	120	0	120	20493	0	0	0	0	2	0
D_CALL	10	evalue	41	120	1	0	0.10000000000000001	1
D_CONTEXT	10	0	120	30000	20
D_LIST	10	evalue_before	0	0	1	0
D_HSP	10	evalue_before	0	0	1	0	120	0	120	20493	0	1	0	0	2	0
D_RETURN	10	evalue	0
D_LIST	10	evalue_after	0	0	1	1.0171420068381722e-92
D_HSP	10	evalue_after	0	0	1	0	120	0	120	20493	0	1	1.0171420068381722e-92	0	2	0
D_RETURN	9	link	0
D_LIST	9	link_after	0	0	1	1.0171420068381722e-92
D_HSP	9	link_after	0	0	1	0	120	0	120	20493	0	1	1.0171420068381722e-92	0	2	0
D_CALL	11	reap
D_LIST	11	reap_before	0	0	1	1.0171420068381722e-92
D_HSP	11	reap_before	0	0	1	0	120	0	120	20493	0	1	1.0171420068381722e-92	0	2	0
D_RETURN	11	reap	0
D_LIST	11	reap_after	0	0	1	1.0171420068381722e-92
D_HSP	11	reap_after	0	0	1	0	120	0	120	20493	0	1	1.0171420068381722e-92	0	2	0
D_RETURN	5	redo	0
D_LIST	5	redo_after	NULL
