K_TRACE_PRELIM	0	0	656	0	1	0	120	29	0	120	29
K_TRACE_ENTER	0	0	41	29	29	120	120	2076	352	32	1	32
K_TRACE_QUERY	0	0c120516140b1313130701070713070a11140b12090f0b090f0d080613140516040e120905041116100a0f14130904070512030b0b04090b041201070f05051614010c10040f160c1012070507060b03130601090d0d120a1106050409080f1610050f090a10130a04110404130e0c130b13070d0a03040b
K_TRACE_SUBJECT	0	0c120516140b1313130701070713070a11140b12090f0b090f0d080613140516040e120905041116100a0f14130904070512030b0b04090b041201070f05051614010c10040f160c1012070507060b03130601090d0d120a1106050409080f1610050f090a10130a04110404130e0c130b13070d0a03040b
K_TRACE_RETURN	0	0	0	20493	0	120	0	120	0
K_TRACE_EDIT	0	1	3:120
K_TRACE_HEAP_WOULD	2	1.0171420068381722e-92	20493	0	500	100	0.002	0	1
K_TRACE_HEAP_INSERT	2	1.0171420068381722e-92	20493	0	1	1.0171420068381722e-92
K_TRACE_HEAP_HSP	2	0	640	251.13596086715009	1.0171420068381722e-92	120	0	1	0	120	0	120	1
K_TRACE_HEAP_INSERT_RETURN	2	0	1	1.0171420068381722e-92	-1
K_TRACE_PRELIM	1	0	656	0	1	0	120	29	0	120	29
K_TRACE_ENTER	1	1	41	29	29	120	120	2076	352	32	1	32
K_TRACE_QUERY	1	0c120516140b1313130701070713070a11140b12090f0b090f0d080613140516040e120905041116100a0f14130904070512030b0b04090b041201070f05051614010c10040f160c1012070507060b03130601090d0d120a1106050409080f1610050f090a10130a04110404130e0c130b13070d0a03040b
K_TRACE_SUBJECT	1	0c120516140b1313130701070713070a11140b12090f0b090f0d080613140516040e120905041116100a0f14130904070512030b0b04090b041201070f05051614010c10040f160c1012070507060b03130601090d0d120a1106050409080f1610050f090a10130a04110404130e0c130b13070d0a03040b
K_TRACE_RETURN	1	1	0	20493	0	120	0	120	0
K_TRACE_EDIT	1	1	3:120
K_TRACE_HEAP_WOULD	0	1.0171420068381722e-92	20493	1	500	100	0.002	1.0171420068381722e-92	1
K_TRACE_HEAP_INSERT	0	1.0171420068381722e-92	20493	1	1	1.0171420068381722e-92
K_TRACE_HEAP_HSP	0	0	640	251.13596086715009	1.0171420068381722e-92	120	0	1	0	120	0	120	1
K_TRACE_HEAP_INSERT_RETURN	0	0	2	1.0171420068381722e-92	-1
K_TRACE_HEAP_POP	0	1	1.0171420068381722e-92
K_TRACE_RESULT_UPDATE_IN	0	0	500	0	2147483647	0	1.0171420068381722e-92	640
K_TRACE_RESULT_UPDATE_OUT	0	0	1	1.0171420068381722e-92	640	0	0
K_TRACE_RESULT_HSP	0	0	0	640	1.0171420068381722e-92	0	120	0	120	1	1
K_TRACE_HEAP_POP	2	0	1.0171420068381722e-92
K_TRACE_RESULT_UPDATE_IN	2	1	500	1.0171420068381722e-92	640	0	1.0171420068381722e-92	640
K_TRACE_RESULT_UPDATE_OUT	2	0	2	1.0171420068381722e-92	640	0	0	2
K_TRACE_RESULT_HSP	0	0	0	640	1.0171420068381722e-92	0	120	0	120	1	1
K_TRACE_RESULT_HSP	1	2	0	640	1.0171420068381722e-92	0	120	0	120	1	1
K_TRACE_HEAP_POP	-1	0	-1
K_TRACE_RESULT_REVERSE_IN	0	2	0	2
K_TRACE_RESULT_REVERSE_OUT	0	2	2	0
K_TRACE_HEAP_POP	-1	0	-1
K_TRACE_HEAP_POP	-1	0	-1
