D_CALL	0	evalue	41	119	1	0	0	1
D_CONTEXT	0	0	120	30000	20
D_LIST	0	evalue_before	0	0	1	0
D_HSP	0	evalue_before	0	0	1	0	120	0	120	656	0	0	0	0	0	29
D_RETURN	0	evalue	0
D_LIST	0	evalue_after	0	0	1	3.6973721875677933e-95
D_HSP	0	evalue_after	0	0	1	0	120	0	120	656	0	0	3.6973721875677933e-95	0	0	29
D_CALL	1	evalue	41	119	1	0	0	1
D_LIST	1	evalue_before	NULL
D_RETURN	1	evalue	0
D_LIST	1	evalue_after	NULL
D_CALL	2	evalue	41	119	1	0	0	1
D_CONTEXT	2	0	120	30000	20
D_LIST	2	evalue_before	2	0	1	0
D_HSP	2	evalue_before	0	0	1	0	120	0	120	656	0	0	0	0	0	29
D_RETURN	2	evalue	0
D_LIST	2	evalue_after	2	0	1	3.6973721875677933e-95
D_HSP	2	evalue_after	0	0	1	0	120	0	120	656	0	0	3.6973721875677933e-95	0	0	29
D_CALL	3	evalue	41	120	1	0	0	1
D_CONTEXT	3	0	120	30000	20
D_LIST	3	evalue_before	0	0	1	3.6973721875677933e-95
D_HSP	3	evalue_before	0	0	1	0	120	0	120	656	120	0	3.6973721875677933e-95	0	0	29
D_RETURN	3	evalue	0
D_LIST	3	evalue_after	0	0	1	3.8222073469915941e-95
D_HSP	3	evalue_after	0	0	1	0	120	0	120	656	120	0	3.8222073469915941e-95	0	0	29
D_CALL	4	reap
D_LIST	4	reap_before	0	0	1	3.8222073469915941e-95
D_HSP	4	reap_before	0	0	1	0	120	0	120	656	120	0	3.8222073469915941e-95	0	0	29
D_RETURN	4	reap	0
D_LIST	4	reap_after	0	0	1	3.8222073469915941e-95
D_HSP	4	reap_after	0	0	1	0	120	0	120	656	120	0	3.8222073469915941e-95	0	0	29
D_CALL	5	bits	1
D_LIST	5	bits_before	0	0	1	3.8222073469915941e-95
D_HSP	5	bits_before	0	0	1	0	120	0	120	656	120	0	3.8222073469915941e-95	0	0	29
D_RETURN	5	bits	0
D_LIST	5	bits_after	0	0	1	3.8222073469915941e-95
D_HSP	5	bits_after	0	0	1	0	120	0	120	656	120	0	3.8222073469915941e-95	257.29915408182774	0	29
D_CALL	6	evalue	41	120	1	0	0	1
D_CONTEXT	6	0	120	30000	20
D_LIST	6	evalue_before	2	0	1	3.6973721875677933e-95
D_HSP	6	evalue_before	0	0	1	0	120	0	120	656	120	0	3.6973721875677933e-95	0	0	29
D_RETURN	6	evalue	0
D_LIST	6	evalue_after	2	0	1	3.8222073469915941e-95
D_HSP	6	evalue_after	0	0	1	0	120	0	120	656	120	0	3.8222073469915941e-95	0	0	29
D_CALL	7	reap
D_LIST	7	reap_before	2	0	1	3.8222073469915941e-95
D_HSP	7	reap_before	0	0	1	0	120	0	120	656	120	0	3.8222073469915941e-95	0	0	29
D_RETURN	7	reap	0
D_LIST	7	reap_after	2	0	1	3.8222073469915941e-95
D_HSP	7	reap_after	0	0	1	0	120	0	120	656	120	0	3.8222073469915941e-95	0	0	29
D_CALL	8	bits	1
D_LIST	8	bits_before	2	0	1	3.8222073469915941e-95
D_HSP	8	bits_before	0	0	1	0	120	0	120	656	120	0	3.8222073469915941e-95	0	0	29
D_RETURN	8	bits	0
D_LIST	8	bits_after	2	0	1	3.8222073469915941e-95
D_HSP	8	bits_after	0	0	1	0	120	0	120	656	120	0	3.8222073469915941e-95	257.29915408182774	0	29
