D_CALL	0	evalue	41	787	1	0	0	1
D_CONTEXT	0	0	120	71628	26
D_LIST	0	evalue_before	0	0	3	0
D_HSP	0	evalue_before	0	0	3	0	120	146	266	656	0	0	0	0	0	175
D_HSP	0	evalue_before	1	0	3	0	120	500	620	656	0	0	0	0	0	529
D_HSP	0	evalue_before	2	0	-1	12	19	93	100	26	0	0	0	0	0	96
D_RETURN	0	evalue	0
D_LIST	0	evalue_after	0	0	3	4.8897485693160092e-87
D_HSP	0	evalue_after	0	0	3	0	120	146	266	656	0	0	4.8897485693160092e-87	0	0	175
D_HSP	0	evalue_after	1	0	3	0	120	500	620	656	0	0	4.8897485693160092e-87	0	0	529
D_HSP	0	evalue_after	2	0	-1	12	19	93	100	26	0	0	2.9597242290630792	0	0	96
D_CALL	1	evalue	41	133	1	0	0	1
D_CONTEXT	1	0	120	71628	26
D_LIST	1	evalue_before	0	0	3	4.8897485693160092e-87
D_HSP	1	evalue_before	0	0	3	0	120	146	266	656	120	0	4.8897485693160092e-87	0	0	175
D_HSP	1	evalue_before	1	0	3	0	120	500	620	656	120	0	4.8897485693160092e-87	0	0	529
D_HSP	1	evalue_before	2	0	-1	12	19	93	100	26	3	0	2.9597242290630792	0	0	96
D_RETURN	1	evalue	0
D_LIST	1	evalue_after	0	0	3	1.2916833842047214e-94
D_HSP	1	evalue_after	0	0	3	0	120	146	266	656	120	0	1.2916833842047214e-94	0	0	175
D_HSP	1	evalue_after	1	0	3	0	120	500	620	656	120	0	1.2916833842047214e-94	0	0	529
D_HSP	1	evalue_after	2	0	-1	12	19	93	100	26	3	0	2.591203394498633	0	0	96
D_CALL	2	reap
D_LIST	2	reap_before	0	0	3	1.2916833842047214e-94
D_HSP	2	reap_before	0	0	3	0	120	146	266	656	120	0	1.2916833842047214e-94	0	0	175
D_HSP	2	reap_before	1	0	3	0	120	500	620	656	120	0	1.2916833842047214e-94	0	0	529
D_HSP	2	reap_before	2	0	-1	12	19	93	100	26	3	0	2.591203394498633	0	0	96
D_RETURN	2	reap	0
D_LIST	2	reap_after	0	0	3	1.2916833842047214e-94
D_HSP	2	reap_after	0	0	3	0	120	146	266	656	120	0	1.2916833842047214e-94	0	0	175
D_HSP	2	reap_after	1	0	3	0	120	500	620	656	120	0	1.2916833842047214e-94	0	0	529
D_HSP	2	reap_after	2	0	-1	12	19	93	100	26	3	0	2.591203394498633	0	0	96
D_CALL	3	bits	1
D_LIST	3	bits_before	0	0	3	1.2916833842047214e-94
D_HSP	3	bits_before	0	0	3	0	120	146	266	656	120	0	1.2916833842047214e-94	0	0	175
D_HSP	3	bits_before	1	0	3	0	120	500	620	656	120	0	1.2916833842047214e-94	0	0	529
D_HSP	3	bits_before	2	0	-1	12	19	93	100	26	3	0	2.591203394498633	0	0	96
D_RETURN	3	bits	0
D_LIST	3	bits_after	0	0	3	1.2916833842047214e-94
D_HSP	3	bits_after	0	0	3	0	120	146	266	656	120	0	1.2916833842047214e-94	257.29915408182774	0	175
D_HSP	3	bits_after	1	0	3	0	120	500	620	656	120	0	1.2916833842047214e-94	257.29915408182774	0	529
D_HSP	3	bits_after	2	0	-1	12	19	93	100	26	3	0	2.591203394498633	14.623421253895188	0	96
