D_CALL	0	link	41	2364	1	40	0.10000000000000001	40	0	0
D_CONTEXT	0	0	120	71628	26
D_LIST	0	link_before	0	0	3	0
D_HSP	0	link_before	0	0	3	0	120	146	266	656	0	0	0	0	0	175
D_HSP	0	link_before	1	0	3	0	120	500	620	656	0	0	0	0	0	529
D_HSP	0	link_before	2	0	-1	12	19	93	100	26	0	0	0	0	0	96
D_CALL	1	evalue	41	788	1	0	0.10000000000000001	1
D_CONTEXT	1	0	120	71628	26
D_LIST	1	evalue_before	0	0	3	0
D_HSP	1	evalue_before	0	0	3	0	120	146	266	656	0	1	0	0	0	175
D_HSP	1	evalue_before	1	0	3	0	120	500	620	656	0	1	0	0	0	529
D_HSP	1	evalue_before	2	0	-1	12	19	93	100	26	0	1	0	0	0	96
D_RETURN	1	evalue	0
D_LIST	1	evalue_after	0	0	3	5.5244285003808578e-87
D_HSP	1	evalue_after	0	0	3	0	120	146	266	656	0	1	5.5244285003808578e-87	0	0	175
D_HSP	1	evalue_after	1	0	3	0	120	500	620	656	0	1	5.5244285003808578e-87	0	0	529
D_HSP	1	evalue_after	2	0	-1	12	19	93	100	26	0	1	3.2886881505092367	0	0	96
D_RETURN	0	link	0
D_LIST	0	link_after	0	0	3	5.5244285003808578e-87
D_HSP	0	link_after	0	0	3	0	120	146	266	656	0	1	5.5244285003808578e-87	0	0	175
D_HSP	0	link_after	1	0	3	0	120	500	620	656	0	1	5.5244285003808578e-87	0	0	529
D_HSP	0	link_after	2	0	-1	12	19	93	100	26	0	1	3.2886881505092367	0	0	96
D_CALL	2	redo	41	1	1	1	1
D_LIST	2	redo_before	NULL
D_CALL	3	link	41	2364	1	40	0.10000000000000001	40	0	0
D_CONTEXT	3	0	120	71628	26
D_LIST	3	link_before	0	0	3	0
D_HSP	3	link_before	0	0	3	0	120	146	266	20538	0	0	0	0	2	0
D_HSP	3	link_before	1	0	3	0	120	500	620	20490	0	0	0	0	2	0
D_HSP	3	link_before	2	0	-1	12	22	93	103	755	0	0	0	0	2	0
D_CALL	4	evalue	41	788	1	0	0.10000000000000001	1
D_CONTEXT	4	0	120	71628	26
D_LIST	4	evalue_before	0	0	3	0
D_HSP	4	evalue_before	0	0	3	0	120	146	266	20538	0	1	0	0	2	0
D_HSP	4	evalue_before	1	0	3	0	120	500	620	20490	0	1	0	0	2	0
D_HSP	4	evalue_before	2	0	-1	12	22	93	103	755	0	1	0	0	2	0
D_RETURN	4	evalue	0
D_LIST	4	evalue_after	0	0	3	6.4996508712426141e-85
D_HSP	4	evalue_after	0	0	3	0	120	146	266	20538	0	1	6.4996508712426141e-85	0	2	0
D_HSP	4	evalue_after	1	0	3	0	120	500	620	20490	0	1	1.0754058079407086e-84	0	2	0
D_HSP	4	evalue_after	2	0	-1	12	22	93	103	755	0	1	6.5840851501138387	0	2	0
D_RETURN	3	link	0
D_LIST	3	link_after	0	0	3	6.4996508712426141e-85
D_HSP	3	link_after	0	0	3	0	120	146	266	20538	0	1	6.4996508712426141e-85	0	2	0
D_HSP	3	link_after	1	0	3	0	120	500	620	20490	0	1	1.0754058079407086e-84	0	2	0
D_HSP	3	link_after	2	0	-1	12	22	93	103	755	0	1	6.5840851501138387	0	2	0
D_CALL	5	reap
D_LIST	5	reap_before	0	0	3	6.4996508712426141e-85
D_HSP	5	reap_before	0	0	3	0	120	146	266	20538	0	1	6.4996508712426141e-85	0	2	0
D_HSP	5	reap_before	1	0	3	0	120	500	620	20490	0	1	1.0754058079407086e-84	0	2	0
D_HSP	5	reap_before	2	0	-1	12	22	93	103	755	0	1	6.5840851501138387	0	2	0
D_RETURN	5	reap	0
D_LIST	5	reap_after	0	0	3	6.4996508712426141e-85
D_HSP	5	reap_after	0	0	3	0	120	146	266	20538	0	1	6.4996508712426141e-85	0	2	0
D_HSP	5	reap_after	1	0	3	0	120	500	620	20490	0	1	1.0754058079407086e-84	0	2	0
D_HSP	5	reap_after	2	0	-1	12	22	93	103	755	0	1	6.5840851501138387	0	2	0
D_RETURN	2	redo	0
D_LIST	2	redo_after	NULL
