D_CALL	0	evalue	41	2125	1	0	0	1
D_CONTEXT	0	0	120	182004	33
D_LIST	0	evalue_before	0	0	18	0
D_HSP	0	evalue_before	0	0	1	0	120	200	320	656	0	0	0	0	0	229
D_HSP	0	evalue_before	1	0	-3	0	120	200	320	656	0	0	0	0	0	229
D_HSP	0	evalue_before	2	0	2	0	120	521	641	656	0	0	0	0	0	550
D_HSP	0	evalue_before	3	0	-2	0	120	521	641	656	0	0	0	0	0	550
D_HSP	0	evalue_before	4	0	3	0	120	842	962	656	0	0	0	0	0	871
D_HSP	0	evalue_before	5	0	-1	0	120	842	962	656	0	0	0	0	0	871
D_HSP	0	evalue_before	6	0	-1	2	82	904	990	38	0	0	0	0	0	987
D_HSP	0	evalue_before	7	0	-2	17	30	954	967	36	0	0	0	0	0	959
D_HSP	0	evalue_before	8	0	-3	78	118	49	92	27	0	0	0	0	0	54
D_HSP	0	evalue_before	9	0	-3	12	19	1430	1437	26	0	0	0	0	0	1433
D_HSP	0	evalue_before	10	0	-1	33	46	962	975	24	0	0	0	0	0	967
D_HSP	0	evalue_before	11	0	1	17	36	1703	1722	20	0	0	0	0	0	1708
D_HSP	0	evalue_before	12	0	3	31	46	1150	1165	18	0	0	0	0	0	1157
D_HSP	0	evalue_before	13	0	3	42	64	1642	1662	17	0	0	0	0	0	1644
D_HSP	0	evalue_before	14	0	-1	64	66	116	118	15	0	0	0	0	0	117
D_HSP	0	evalue_before	15	0	-2	55	62	1068	1075	15	0	0	0	0	0	1071
D_HSP	0	evalue_before	16	0	-2	100	103	1003	1006	13	0	0	0	0	0	1004
D_HSP	0	evalue_before	17	0	3	50	53	1011	1014	13	0	0	0	0	0	1012
D_RETURN	0	evalue	0
D_LIST	0	evalue_after	0	0	18	1.9515258672289586e-84
D_HSP	0	evalue_after	0	0	1	0	120	200	320	656	0	0	1.9515258672289586e-84	0	0	229
D_HSP	0	evalue_after	1	0	-3	0	120	200	320	656	0	0	1.9515258672289586e-84	0	0	229
D_HSP	0	evalue_after	2	0	2	0	120	521	641	656	0	0	1.9515258672289586e-84	0	0	550
D_HSP	0	evalue_after	3	0	-2	0	120	521	641	656	0	0	1.9515258672289586e-84	0	0	550
D_HSP	0	evalue_after	4	0	3	0	120	842	962	656	0	0	1.9515258672289586e-84	0	0	871
D_HSP	0	evalue_after	5	0	-1	0	120	842	962	656	0	0	1.9515258672289586e-84	0	0	871
D_HSP	0	evalue_after	6	0	-1	2	82	904	990	38	0	0	0.25010226882273684	0	0	987
D_HSP	0	evalue_after	7	0	-2	17	30	954	967	36	0	0	0.44878265460244859	0	0	959
D_HSP	0	evalue_after	8	0	-3	78	118	49	92	27	0	0	6.0819859577819457	0	0	54
D_HSP	0	evalue_after	9	0	-3	12	19	1430	1437	26	0	0	8.1087421877350909	0	0	1433
D_HSP	0	evalue_after	10	0	-1	33	46	962	975	24	0	0	14.39721928129536	0	0	967
D_HSP	0	evalue_after	11	0	1	17	36	1703	1722	20	0	0	45.198983329464944	0	0	1708
D_HSP	0	evalue_after	12	0	3	31	46	1150	1165	18	0	0	79.934883804468001	0	0	1157
D_HSP	0	evalue_after	13	0	3	42	64	1642	1662	17	0	0	106.25561612374285	0	0	1644
D_HSP	0	evalue_after	14	0	-1	64	66	116	118	15	0	0	187.59738764542948	0	0	117
D_HSP	0	evalue_after	15	0	-2	55	62	1068	1075	15	0	0	187.59738764542948	0	0	1071
D_HSP	0	evalue_after	16	0	-2	100	103	1003	1006	13	0	0	330.86564909455257	0	0	1004
D_HSP	0	evalue_after	17	0	3	50	53	1011	1014	13	0	0	330.86564909455257	0	0	1012
D_CALL	1	evalue	41	2125	1	0	0	1
D_CONTEXT	1	0	120	182004	33
D_LIST	1	evalue_before	0	0	17	1.9515258672289586e-84
D_HSP	1	evalue_before	0	0	1	0	120	200	320	656	120	0	1.9515258672289586e-84	0	0	229
D_HSP	1	evalue_before	1	0	-3	0	120	200	320	656	120	0	1.9515258672289586e-84	0	0	229
D_HSP	1	evalue_before	2	0	2	0	120	521	641	656	120	0	1.9515258672289586e-84	0	0	550
D_HSP	1	evalue_before	3	0	-2	0	120	521	641	656	120	0	1.9515258672289586e-84	0	0	550
D_HSP	1	evalue_before	4	0	3	0	120	842	962	656	120	0	1.9515258672289586e-84	0	0	871
D_HSP	1	evalue_before	5	0	-1	0	120	842	962	656	120	0	1.9515258672289586e-84	0	0	871
D_HSP	1	evalue_before	6	0	-2	17	30	954	967	36	5	0	0.44878265460244859	0	0	959
D_HSP	1	evalue_before	7	0	-3	78	118	49	92	27	10	0	6.0819859577819457	0	0	54
D_HSP	1	evalue_before	8	0	-3	12	19	1430	1437	26	3	0	8.1087421877350909	0	0	1433
D_HSP	1	evalue_before	9	0	-1	33	46	962	975	24	4	0	14.39721928129536	0	0	967
D_HSP	1	evalue_before	10	0	1	17	36	1703	1722	20	5	0	45.198983329464944	0	0	1708
D_HSP	1	evalue_before	11	0	3	31	46	1150	1165	18	5	0	79.934883804468001	0	0	1157
D_HSP	1	evalue_before	12	0	3	42	64	1642	1662	17	6	0	106.25561612374285	0	0	1644
D_HSP	1	evalue_before	13	0	-1	64	66	116	118	15	2	0	187.59738764542948	0	0	117
D_HSP	1	evalue_before	14	0	-2	55	62	1068	1075	15	3	0	187.59738764542948	0	0	1071
D_HSP	1	evalue_before	15	0	-2	100	103	1003	1006	13	2	0	330.86564909455257	0	0	1004
D_HSP	1	evalue_before	16	0	3	50	53	1011	1014	13	2	0	330.86564909455257	0	0	1012
D_RETURN	1	evalue	0
D_LIST	1	evalue_after	0	0	17	1.9515258672289586e-84
D_HSP	1	evalue_after	0	0	1	0	120	200	320	656	120	0	1.9515258672289586e-84	0	0	229
D_HSP	1	evalue_after	1	0	-3	0	120	200	320	656	120	0	1.9515258672289586e-84	0	0	229
D_HSP	1	evalue_after	2	0	2	0	120	521	641	656	120	0	1.9515258672289586e-84	0	0	550
D_HSP	1	evalue_after	3	0	-2	0	120	521	641	656	120	0	1.9515258672289586e-84	0	0	550
D_HSP	1	evalue_after	4	0	3	0	120	842	962	656	120	0	1.9515258672289586e-84	0	0	871
D_HSP	1	evalue_after	5	0	-1	0	120	842	962	656	120	0	1.9515258672289586e-84	0	0	871
D_HSP	1	evalue_after	6	0	-2	17	30	954	967	36	5	0	0.44878265460244859	0	0	959
D_HSP	1	evalue_after	7	0	-3	78	118	49	92	27	10	0	6.0819859577819457	0	0	54
D_HSP	1	evalue_after	8	0	-3	12	19	1430	1437	26	3	0	8.1087421877350909	0	0	1433
D_HSP	1	evalue_after	9	0	-1	33	46	962	975	24	4	0	14.39721928129536	0	0	967
D_HSP	1	evalue_after	10	0	1	17	36	1703	1722	20	5	0	45.198983329464944	0	0	1708
D_HSP	1	evalue_after	11	0	3	31	46	1150	1165	18	5	0	79.934883804468001	0	0	1157
D_HSP	1	evalue_after	12	0	3	42	64	1642	1662	17	6	0	106.25561612374285	0	0	1644
D_HSP	1	evalue_after	13	0	-1	64	66	116	118	15	2	0	187.59738764542948	0	0	117
D_HSP	1	evalue_after	14	0	-2	55	62	1068	1075	15	3	0	187.59738764542948	0	0	1071
D_HSP	1	evalue_after	15	0	-2	100	103	1003	1006	13	2	0	330.86564909455257	0	0	1004
D_HSP	1	evalue_after	16	0	3	50	53	1011	1014	13	2	0	330.86564909455257	0	0	1012
D_CALL	2	reap
D_LIST	2	reap_before	0	0	17	1.9515258672289586e-84
D_HSP	2	reap_before	0	0	1	0	120	200	320	656	120	0	1.9515258672289586e-84	0	0	229
D_HSP	2	reap_before	1	0	-3	0	120	200	320	656	120	0	1.9515258672289586e-84	0	0	229
D_HSP	2	reap_before	2	0	2	0	120	521	641	656	120	0	1.9515258672289586e-84	0	0	550
D_HSP	2	reap_before	3	0	-2	0	120	521	641	656	120	0	1.9515258672289586e-84	0	0	550
D_HSP	2	reap_before	4	0	3	0	120	842	962	656	120	0	1.9515258672289586e-84	0	0	871
D_HSP	2	reap_before	5	0	-1	0	120	842	962	656	120	0	1.9515258672289586e-84	0	0	871
D_HSP	2	reap_before	6	0	-2	17	30	954	967	36	5	0	0.44878265460244859	0	0	959
D_HSP	2	reap_before	7	0	-3	78	118	49	92	27	10	0	6.0819859577819457	0	0	54
D_HSP	2	reap_before	8	0	-3	12	19	1430	1437	26	3	0	8.1087421877350909	0	0	1433
D_HSP	2	reap_before	9	0	-1	33	46	962	975	24	4	0	14.39721928129536	0	0	967
D_HSP	2	reap_before	10	0	1	17	36	1703	1722	20	5	0	45.198983329464944	0	0	1708
D_HSP	2	reap_before	11	0	3	31	46	1150	1165	18	5	0	79.934883804468001	0	0	1157
D_HSP	2	reap_before	12	0	3	42	64	1642	1662	17	6	0	106.25561612374285	0	0	1644
D_HSP	2	reap_before	13	0	-1	64	66	116	118	15	2	0	187.59738764542948	0	0	117
D_HSP	2	reap_before	14	0	-2	55	62	1068	1075	15	3	0	187.59738764542948	0	0	1071
D_HSP	2	reap_before	15	0	-2	100	103	1003	1006	13	2	0	330.86564909455257	0	0	1004
D_HSP	2	reap_before	16	0	3	50	53	1011	1014	13	2	0	330.86564909455257	0	0	1012
D_RETURN	2	reap	0
D_LIST	2	reap_after	0	0	17	1.9515258672289586e-84
D_HSP	2	reap_after	0	0	1	0	120	200	320	656	120	0	1.9515258672289586e-84	0	0	229
D_HSP	2	reap_after	1	0	-3	0	120	200	320	656	120	0	1.9515258672289586e-84	0	0	229
D_HSP	2	reap_after	2	0	2	0	120	521	641	656	120	0	1.9515258672289586e-84	0	0	550
D_HSP	2	reap_after	3	0	-2	0	120	521	641	656	120	0	1.9515258672289586e-84	0	0	550
D_HSP	2	reap_after	4	0	3	0	120	842	962	656	120	0	1.9515258672289586e-84	0	0	871
D_HSP	2	reap_after	5	0	-1	0	120	842	962	656	120	0	1.9515258672289586e-84	0	0	871
D_HSP	2	reap_after	6	0	-2	17	30	954	967	36	5	0	0.44878265460244859	0	0	959
D_HSP	2	reap_after	7	0	-3	78	118	49	92	27	10	0	6.0819859577819457	0	0	54
D_HSP	2	reap_after	8	0	-3	12	19	1430	1437	26	3	0	8.1087421877350909	0	0	1433
D_HSP	2	reap_after	9	0	-1	33	46	962	975	24	4	0	14.39721928129536	0	0	967
D_HSP	2	reap_after	10	0	1	17	36	1703	1722	20	5	0	45.198983329464944	0	0	1708
D_HSP	2	reap_after	11	0	3	31	46	1150	1165	18	5	0	79.934883804468001	0	0	1157
D_HSP	2	reap_after	12	0	3	42	64	1642	1662	17	6	0	106.25561612374285	0	0	1644
D_HSP	2	reap_after	13	0	-1	64	66	116	118	15	2	0	187.59738764542948	0	0	117
D_HSP	2	reap_after	14	0	-2	55	62	1068	1075	15	3	0	187.59738764542948	0	0	1071
D_HSP	2	reap_after	15	0	-2	100	103	1003	1006	13	2	0	330.86564909455257	0	0	1004
D_HSP	2	reap_after	16	0	3	50	53	1011	1014	13	2	0	330.86564909455257	0	0	1012
D_CALL	3	bits	1
D_LIST	3	bits_before	0	0	17	1.9515258672289586e-84
D_HSP	3	bits_before	0	0	1	0	120	200	320	656	120	0	1.9515258672289586e-84	0	0	229
D_HSP	3	bits_before	1	0	-3	0	120	200	320	656	120	0	1.9515258672289586e-84	0	0	229
D_HSP	3	bits_before	2	0	2	0	120	521	641	656	120	0	1.9515258672289586e-84	0	0	550
D_HSP	3	bits_before	3	0	-2	0	120	521	641	656	120	0	1.9515258672289586e-84	0	0	550
D_HSP	3	bits_before	4	0	3	0	120	842	962	656	120	0	1.9515258672289586e-84	0	0	871
D_HSP	3	bits_before	5	0	-1	0	120	842	962	656	120	0	1.9515258672289586e-84	0	0	871
D_HSP	3	bits_before	6	0	-2	17	30	954	967	36	5	0	0.44878265460244859	0	0	959
D_HSP	3	bits_before	7	0	-3	78	118	49	92	27	10	0	6.0819859577819457	0	0	54
D_HSP	3	bits_before	8	0	-3	12	19	1430	1437	26	3	0	8.1087421877350909	0	0	1433
D_HSP	3	bits_before	9	0	-1	33	46	962	975	24	4	0	14.39721928129536	0	0	967
D_HSP	3	bits_before	10	0	1	17	36	1703	1722	20	5	0	45.198983329464944	0	0	1708
D_HSP	3	bits_before	11	0	3	31	46	1150	1165	18	5	0	79.934883804468001	0	0	1157
D_HSP	3	bits_before	12	0	3	42	64	1642	1662	17	6	0	106.25561612374285	0	0	1644
D_HSP	3	bits_before	13	0	-1	64	66	116	118	15	2	0	187.59738764542948	0	0	117
D_HSP	3	bits_before	14	0	-2	55	62	1068	1075	15	3	0	187.59738764542948	0	0	1071
D_HSP	3	bits_before	15	0	-2	100	103	1003	1006	13	2	0	330.86564909455257	0	0	1004
D_HSP	3	bits_before	16	0	3	50	53	1011	1014	13	2	0	330.86564909455257	0	0	1012
D_RETURN	3	bits	0
D_LIST	3	bits_after	0	0	17	1.9515258672289586e-84
D_HSP	3	bits_after	0	0	1	0	120	200	320	656	120	0	1.9515258672289586e-84	257.29915408182774	0	229
D_HSP	3	bits_after	1	0	-3	0	120	200	320	656	120	0	1.9515258672289586e-84	257.29915408182774	0	229
D_HSP	3	bits_after	2	0	2	0	120	521	641	656	120	0	1.9515258672289586e-84	257.29915408182774	0	550
D_HSP	3	bits_after	3	0	-2	0	120	521	641	656	120	0	1.9515258672289586e-84	257.29915408182774	0	550
D_HSP	3	bits_after	4	0	3	0	120	842	962	656	120	0	1.9515258672289586e-84	257.29915408182774	0	871
D_HSP	3	bits_after	5	0	-1	0	120	842	962	656	120	0	1.9515258672289586e-84	257.29915408182774	0	871
D_HSP	3	bits_after	6	0	-2	17	30	954	967	36	5	0	0.44878265460244859	18.475417013068721	0	959
D_HSP	3	bits_after	7	0	-3	78	118	49	92	27	10	0	6.0819859577819457	15.008620829812541	0	54
D_HSP	3	bits_after	8	0	-3	12	19	1430	1437	26	3	0	8.1087421877350909	14.623421253895188	0	1433
D_HSP	3	bits_after	9	0	-1	33	46	962	975	24	4	0	14.39721928129536	13.853022102060482	0	967
D_HSP	3	bits_after	10	0	1	17	36	1703	1722	20	5	0	45.198983329464944	12.312223798391068	0	1708
D_HSP	3	bits_after	11	0	3	31	46	1150	1165	18	5	0	79.934883804468001	11.541824646556361	0	1157
D_HSP	3	bits_after	12	0	3	42	64	1642	1662	17	6	0	106.25561612374285	11.156625070639009	0	1644
D_HSP	3	bits_after	13	0	-1	64	66	116	118	15	2	0	187.59738764542948	10.386225918804302	0	117
D_HSP	3	bits_after	14	0	-2	55	62	1068	1075	15	3	0	187.59738764542948	10.386225918804302	0	1071
D_HSP	3	bits_after	15	0	-2	100	103	1003	1006	13	2	0	330.86564909455257	9.6158267669695974	0	1004
D_HSP	3	bits_after	16	0	3	50	53	1011	1014	13	2	0	330.86564909455257	9.6158267669695974	0	1012
