D_CALL	0	link	41	6377	1	40	0.10000000000000001	40	0	0
D_CONTEXT	0	0	120	182004	33
D_LIST	0	link_before	0	0	18	0
D_HSP	0	link_before	0	0	1	0	120	200	320	656	0	0	0	0	0	229
D_HSP	0	link_before	1	0	-3	0	120	200	320	656	0	0	0	0	0	229
D_HSP	0	link_before	2	0	2	0	120	521	641	656	0	0	0	0	0	550
D_HSP	0	link_before	3	0	-2	0	120	521	641	656	0	0	0	0	0	550
D_HSP	0	link_before	4	0	3	0	120	842	962	656	0	0	0	0	0	871
D_HSP	0	link_before	5	0	-1	0	120	842	962	656	0	0	0	0	0	871
D_HSP	0	link_before	6	0	-1	2	82	904	990	38	0	0	0	0	0	987
D_HSP	0	link_before	7	0	-2	17	30	954	967	36	0	0	0	0	0	959
D_HSP	0	link_before	8	0	-3	78	118	49	92	27	0	0	0	0	0	54
D_HSP	0	link_before	9	0	-3	12	19	1430	1437	26	0	0	0	0	0	1433
D_HSP	0	link_before	10	0	-1	33	46	962	975	24	0	0	0	0	0	967
D_HSP	0	link_before	11	0	1	17	36	1703	1722	20	0	0	0	0	0	1708
D_HSP	0	link_before	12	0	3	31	46	1150	1165	18	0	0	0	0	0	1157
D_HSP	0	link_before	13	0	3	42	64	1642	1662	17	0	0	0	0	0	1644
D_HSP	0	link_before	14	0	-1	64	66	116	118	15	0	0	0	0	0	117
D_HSP	0	link_before	15	0	-2	55	62	1068	1075	15	0	0	0	0	0	1071
D_HSP	0	link_before	16	0	-2	100	103	1003	1006	13	0	0	0	0	0	1004
D_HSP	0	link_before	17	0	3	50	53	1011	1014	13	0	0	0	0	0	1012
D_CALL	1	evalue	41	2125	1	0	0.10000000000000001	1
D_CONTEXT	1	0	120	182004	33
D_LIST	1	evalue_before	0	0	18	0
D_HSP	1	evalue_before	0	0	1	0	120	200	320	656	0	1	0	0	0	229
D_HSP	1	evalue_before	1	0	-3	0	120	200	320	656	0	1	0	0	0	229
D_HSP	1	evalue_before	2	0	2	0	120	521	641	656	0	1	0	0	0	550
D_HSP	1	evalue_before	3	0	-2	0	120	521	641	656	0	1	0	0	0	550
D_HSP	1	evalue_before	4	0	3	0	120	842	962	656	0	1	0	0	0	871
D_HSP	1	evalue_before	5	0	-1	0	120	842	962	656	0	1	0	0	0	871
D_HSP	1	evalue_before	6	0	-1	2	82	904	990	38	0	1	0	0	0	987
D_HSP	1	evalue_before	7	0	-2	17	30	954	967	36	0	1	0	0	0	959
D_HSP	1	evalue_before	8	0	-3	78	118	49	92	27	0	1	0	0	0	54
D_HSP	1	evalue_before	9	0	-3	12	19	1430	1437	26	0	1	0	0	0	1433
D_HSP	1	evalue_before	10	0	-1	33	46	962	975	24	0	1	0	0	0	967
D_HSP	1	evalue_before	11	0	1	17	36	1703	1722	20	0	1	0	0	0	1708
D_HSP	1	evalue_before	12	0	3	31	46	1150	1165	18	0	1	0	0	0	1157
D_HSP	1	evalue_before	13	0	3	42	64	1642	1662	17	0	1	0	0	0	1644
D_HSP	1	evalue_before	14	0	-1	64	66	116	118	15	0	1	0	0	0	117
D_HSP	1	evalue_before	15	0	-2	55	62	1068	1075	15	0	1	0	0	0	1071
D_HSP	1	evalue_before	16	0	-2	100	103	1003	1006	13	0	1	0	0	0	1004
D_HSP	1	evalue_before	17	0	3	50	53	1011	1014	13	0	1	0	0	0	1012
D_RETURN	1	evalue	0
D_LIST	1	evalue_after	0	0	18	2.1683620746988426e-84
D_HSP	1	evalue_after	0	0	1	0	120	200	320	656	0	1	2.1683620746988426e-84	0	0	229
D_HSP	1	evalue_after	1	0	-3	0	120	200	320	656	0	1	2.1683620746988426e-84	0	0	229
D_HSP	1	evalue_after	2	0	2	0	120	521	641	656	0	1	2.1683620746988426e-84	0	0	550
D_HSP	1	evalue_after	3	0	-2	0	120	521	641	656	0	1	2.1683620746988426e-84	0	0	550
D_HSP	1	evalue_after	4	0	3	0	120	842	962	656	0	1	2.1683620746988426e-84	0	0	871
D_HSP	1	evalue_after	5	0	-1	0	120	842	962	656	0	1	2.1683620746988426e-84	0	0	871
D_HSP	1	evalue_after	6	0	-1	2	82	904	990	38	0	1	0.27789140980304095	0	0	987
D_HSP	1	evalue_after	7	0	-2	17	30	954	967	36	0	1	0.49864739400272062	0	0	959
D_HSP	1	evalue_after	8	0	-3	78	118	49	92	27	0	1	6.7577621753132728	0	0	54
D_HSP	1	evalue_after	9	0	-3	12	19	1430	1437	26	0	1	9.0097135419278782	0	0	1433
D_HSP	1	evalue_after	10	0	-1	33	46	962	975	24	0	1	15.9969103125504	0	0	967
D_HSP	1	evalue_after	11	0	1	17	36	1703	1722	20	0	1	50.221092588294383	0	0	1708
D_HSP	1	evalue_after	12	0	3	31	46	1150	1165	18	0	1	88.816537560520004	0	0	1157
D_HSP	1	evalue_after	13	0	3	42	64	1642	1662	17	0	1	118.06179569304761	0	0	1644
D_HSP	1	evalue_after	14	0	-1	64	66	116	118	15	0	1	208.44154182825497	0	0	117
D_HSP	1	evalue_after	15	0	-2	55	62	1068	1075	15	0	1	208.44154182825497	0	0	1071
D_HSP	1	evalue_after	16	0	-2	100	103	1003	1006	13	0	1	367.62849899394729	0	0	1004
D_HSP	1	evalue_after	17	0	3	50	53	1011	1014	13	0	1	367.62849899394729	0	0	1012
D_RETURN	0	link	0
D_LIST	0	link_after	0	0	18	2.1683620746988426e-84
D_HSP	0	link_after	0	0	1	0	120	200	320	656	0	1	2.1683620746988426e-84	0	0	229
D_HSP	0	link_after	1	0	-3	0	120	200	320	656	0	1	2.1683620746988426e-84	0	0	229
D_HSP	0	link_after	2	0	2	0	120	521	641	656	0	1	2.1683620746988426e-84	0	0	550
D_HSP	0	link_after	3	0	-2	0	120	521	641	656	0	1	2.1683620746988426e-84	0	0	550
D_HSP	0	link_after	4	0	3	0	120	842	962	656	0	1	2.1683620746988426e-84	0	0	871
D_HSP	0	link_after	5	0	-1	0	120	842	962	656	0	1	2.1683620746988426e-84	0	0	871
D_HSP	0	link_after	6	0	-1	2	82	904	990	38	0	1	0.27789140980304095	0	0	987
D_HSP	0	link_after	7	0	-2	17	30	954	967	36	0	1	0.49864739400272062	0	0	959
D_HSP	0	link_after	8	0	-3	78	118	49	92	27	0	1	6.7577621753132728	0	0	54
D_HSP	0	link_after	9	0	-3	12	19	1430	1437	26	0	1	9.0097135419278782	0	0	1433
D_HSP	0	link_after	10	0	-1	33	46	962	975	24	0	1	15.9969103125504	0	0	967
D_HSP	0	link_after	11	0	1	17	36	1703	1722	20	0	1	50.221092588294383	0	0	1708
D_HSP	0	link_after	12	0	3	31	46	1150	1165	18	0	1	88.816537560520004	0	0	1157
D_HSP	0	link_after	13	0	3	42	64	1642	1662	17	0	1	118.06179569304761	0	0	1644
D_HSP	0	link_after	14	0	-1	64	66	116	118	15	0	1	208.44154182825497	0	0	117
D_HSP	0	link_after	15	0	-2	55	62	1068	1075	15	0	1	208.44154182825497	0	0	1071
D_HSP	0	link_after	16	0	-2	100	103	1003	1006	13	0	1	367.62849899394729	0	0	1004
D_HSP	0	link_after	17	0	3	50	53	1011	1014	13	0	1	367.62849899394729	0	0	1012
D_CALL	2	redo	41	1	1	1	1
D_LIST	2	redo_before	NULL
D_CALL	3	link	41	6377	1	40	0.10000000000000001	40	0	0
D_CONTEXT	3	0	120	182004	33
D_LIST	3	link_before	0	0	17	0
D_HSP	3	link_before	0	0	-2	0	120	521	641	20931	0	0	0	0	2	0
D_HSP	3	link_before	1	0	-1	0	120	842	962	20569	0	0	0	0	2	0
D_HSP	3	link_before	2	0	2	0	120	521	641	20546	0	0	0	0	2	0
D_HSP	3	link_before	3	0	-3	0	120	200	320	20493	0	0	0	0	2	0
D_HSP	3	link_before	4	0	3	0	120	842	962	20493	0	0	0	0	2	0
D_HSP	3	link_before	5	0	1	0	120	200	320	20489	0	0	0	0	2	0
D_HSP	3	link_before	6	0	-2	17	30	954	967	1105	0	0	0	0	1	0
D_HSP	3	link_before	7	0	-3	78	118	49	92	771	0	0	0	0	1	0
D_HSP	3	link_before	8	0	-3	12	19	1430	1437	745	0	0	0	0	1	0
D_HSP	3	link_before	9	0	-1	33	46	962	975	677	0	0	0	0	2	0
D_HSP	3	link_before	10	0	1	17	36	1703	1722	627	0	0	0	0	1	0
D_HSP	3	link_before	11	0	3	31	46	1150	1165	592	0	0	0	0	1	0
D_HSP	3	link_before	12	0	-2	55	63	1068	1076	502	0	0	0	0	2	0
D_HSP	3	link_before	13	0	3	42	48	1642	1648	483	0	0	0	0	1	0
D_HSP	3	link_before	14	0	3	50	53	1011	1014	443	0	0	0	0	1	0
D_HSP	3	link_before	15	0	-2	100	103	1003	1006	437	0	0	0	0	1	0
D_HSP	3	link_before	16	0	-1	64	66	116	118	428	0	0	0	0	2	0
D_CALL	4	evalue	41	2125	1	0	0.10000000000000001	1
D_CONTEXT	4	0	120	182004	33
D_LIST	4	evalue_before	0	0	17	0
D_HSP	4	evalue_before	0	0	-2	0	120	521	641	20931	0	1	0	0	2	0
D_HSP	4	evalue_before	1	0	-1	0	120	842	962	20569	0	1	0	0	2	0
D_HSP	4	evalue_before	2	0	2	0	120	521	641	20546	0	1	0	0	2	0
D_HSP	4	evalue_before	3	0	-3	0	120	200	320	20493	0	1	0	0	2	0
D_HSP	4	evalue_before	4	0	3	0	120	842	962	20493	0	1	0	0	2	0
D_HSP	4	evalue_before	5	0	1	0	120	200	320	20489	0	1	0	0	2	0
D_HSP	4	evalue_before	6	0	-2	17	30	954	967	1105	0	1	0	0	1	0
D_HSP	4	evalue_before	7	0	-3	78	118	49	92	771	0	1	0	0	1	0
D_HSP	4	evalue_before	8	0	-3	12	19	1430	1437	745	0	1	0	0	1	0
D_HSP	4	evalue_before	9	0	-1	33	46	962	975	677	0	1	0	0	2	0
D_HSP	4	evalue_before	10	0	1	17	36	1703	1722	627	0	1	0	0	1	0
D_HSP	4	evalue_before	11	0	3	31	46	1150	1165	592	0	1	0	0	1	0
D_HSP	4	evalue_before	12	0	-2	55	63	1068	1076	502	0	1	0	0	2	0
D_HSP	4	evalue_before	13	0	3	42	48	1642	1648	483	0	1	0	0	1	0
D_HSP	4	evalue_before	14	0	3	50	53	1011	1014	443	0	1	0	0	1	0
D_HSP	4	evalue_before	15	0	-2	100	103	1003	1006	437	0	1	0	0	1	0
D_HSP	4	evalue_before	16	0	-1	64	66	116	118	428	0	1	0	0	2	0
D_RETURN	4	evalue	0
D_LIST	4	evalue_after	0	0	17	3.915377182071211e-84
D_HSP	4	evalue_after	0	0	-2	0	120	521	641	20931	0	1	3.915377182071211e-84	0	2	0
D_HSP	4	evalue_after	1	0	-1	0	120	842	962	20569	0	1	1.3056376659519217e-82	0	2	0
D_HSP	4	evalue_after	2	0	2	0	120	521	641	20546	0	1	1.6315206428486629e-82	0	2	0
D_HSP	4	evalue_after	3	0	-3	0	120	200	320	20493	0	1	2.7263701621232714e-82	0	2	0
D_HSP	4	evalue_after	4	0	3	0	120	842	962	20493	0	1	2.7263701621232714e-82	0	2	0
D_HSP	4	evalue_after	5	0	1	0	120	200	320	20489	0	1	2.8340954001442941e-82	0	2	0
D_HSP	4	evalue_after	6	0	-2	17	30	954	967	1105	0	1	0.76500752944937966	0	1	0
D_HSP	4	evalue_after	7	0	-3	78	118	49	92	771	0	1	15.572670122789788	0	1	0
D_HSP	4	evalue_after	8	0	-3	12	19	1430	1437	745	0	1	19.655532826734159	0	1	0
D_HSP	4	evalue_after	9	0	-1	33	46	962	975	677	0	1	36.099215422877144	0	2	0
D_HSP	4	evalue_after	10	0	1	17	36	1703	1722	627	0	1	56.392755280239228	0	1	0
D_HSP	4	evalue_after	11	0	3	31	46	1150	1165	592	0	1	77.026433688578237	0	1	0
D_HSP	4	evalue_after	12	0	-2	55	63	1068	1076	502	0	1	171.46412137146234	0	2	0
D_HSP	4	evalue_after	13	0	3	42	48	1642	1648	483	0	1	202.96553313288325	0	1	0
D_HSP	4	evalue_after	14	0	3	50	53	1011	1014	443	0	1	289.4021284582476	0	1	0
D_HSP	4	evalue_after	15	0	-2	100	103	1003	1006	437	0	1	305.21007283550739	0	1	0
D_HSP	4	evalue_after	16	0	-1	64	66	116	118	428	0	1	330.55024165383753	0	2	0
D_RETURN	3	link	0
D_LIST	3	link_after	0	0	17	3.915377182071211e-84
D_HSP	3	link_after	0	0	-2	0	120	521	641	20931	0	1	3.915377182071211e-84	0	2	0
D_HSP	3	link_after	1	0	-1	0	120	842	962	20569	0	1	1.3056376659519217e-82	0	2	0
D_HSP	3	link_after	2	0	2	0	120	521	641	20546	0	1	1.6315206428486629e-82	0	2	0
D_HSP	3	link_after	3	0	-3	0	120	200	320	20493	0	1	2.7263701621232714e-82	0	2	0
D_HSP	3	link_after	4	0	3	0	120	842	962	20493	0	1	2.7263701621232714e-82	0	2	0
D_HSP	3	link_after	5	0	1	0	120	200	320	20489	0	1	2.8340954001442941e-82	0	2	0
D_HSP	3	link_after	6	0	-2	17	30	954	967	1105	0	1	0.76500752944937966	0	1	0
D_HSP	3	link_after	7	0	-3	78	118	49	92	771	0	1	15.572670122789788	0	1	0
D_HSP	3	link_after	8	0	-3	12	19	1430	1437	745	0	1	19.655532826734159	0	1	0
D_HSP	3	link_after	9	0	-1	33	46	962	975	677	0	1	36.099215422877144	0	2	0
D_HSP	3	link_after	10	0	1	17	36	1703	1722	627	0	1	56.392755280239228	0	1	0
D_HSP	3	link_after	11	0	3	31	46	1150	1165	592	0	1	77.026433688578237	0	1	0
D_HSP	3	link_after	12	0	-2	55	63	1068	1076	502	0	1	171.46412137146234	0	2	0
D_HSP	3	link_after	13	0	3	42	48	1642	1648	483	0	1	202.96553313288325	0	1	0
D_HSP	3	link_after	14	0	3	50	53	1011	1014	443	0	1	289.4021284582476	0	1	0
D_HSP	3	link_after	15	0	-2	100	103	1003	1006	437	0	1	305.21007283550739	0	1	0
D_HSP	3	link_after	16	0	-1	64	66	116	118	428	0	1	330.55024165383753	0	2	0
D_CALL	5	reap
D_LIST	5	reap_before	0	0	17	3.915377182071211e-84
D_HSP	5	reap_before	0	0	-2	0	120	521	641	20931	0	1	3.915377182071211e-84	0	2	0
D_HSP	5	reap_before	1	0	-1	0	120	842	962	20569	0	1	1.3056376659519217e-82	0	2	0
D_HSP	5	reap_before	2	0	2	0	120	521	641	20546	0	1	1.6315206428486629e-82	0	2	0
D_HSP	5	reap_before	3	0	-3	0	120	200	320	20493	0	1	2.7263701621232714e-82	0	2	0
D_HSP	5	reap_before	4	0	3	0	120	842	962	20493	0	1	2.7263701621232714e-82	0	2	0
D_HSP	5	reap_before	5	0	1	0	120	200	320	20489	0	1	2.8340954001442941e-82	0	2	0
D_HSP	5	reap_before	6	0	-2	17	30	954	967	1105	0	1	0.76500752944937966	0	1	0
D_HSP	5	reap_before	7	0	-3	78	118	49	92	771	0	1	15.572670122789788	0	1	0
D_HSP	5	reap_before	8	0	-3	12	19	1430	1437	745	0	1	19.655532826734159	0	1	0
D_HSP	5	reap_before	9	0	-1	33	46	962	975	677	0	1	36.099215422877144	0	2	0
D_HSP	5	reap_before	10	0	1	17	36	1703	1722	627	0	1	56.392755280239228	0	1	0
D_HSP	5	reap_before	11	0	3	31	46	1150	1165	592	0	1	77.026433688578237	0	1	0
D_HSP	5	reap_before	12	0	-2	55	63	1068	1076	502	0	1	171.46412137146234	0	2	0
D_HSP	5	reap_before	13	0	3	42	48	1642	1648	483	0	1	202.96553313288325	0	1	0
D_HSP	5	reap_before	14	0	3	50	53	1011	1014	443	0	1	289.4021284582476	0	1	0
D_HSP	5	reap_before	15	0	-2	100	103	1003	1006	437	0	1	305.21007283550739	0	1	0
D_HSP	5	reap_before	16	0	-1	64	66	116	118	428	0	1	330.55024165383753	0	2	0
D_RETURN	5	reap	0
D_LIST	5	reap_after	0	0	17	3.915377182071211e-84
D_HSP	5	reap_after	0	0	-2	0	120	521	641	20931	0	1	3.915377182071211e-84	0	2	0
D_HSP	5	reap_after	1	0	-1	0	120	842	962	20569	0	1	1.3056376659519217e-82	0	2	0
D_HSP	5	reap_after	2	0	2	0	120	521	641	20546	0	1	1.6315206428486629e-82	0	2	0
D_HSP	5	reap_after	3	0	-3	0	120	200	320	20493	0	1	2.7263701621232714e-82	0	2	0
D_HSP	5	reap_after	4	0	3	0	120	842	962	20493	0	1	2.7263701621232714e-82	0	2	0
D_HSP	5	reap_after	5	0	1	0	120	200	320	20489	0	1	2.8340954001442941e-82	0	2	0
D_HSP	5	reap_after	6	0	-2	17	30	954	967	1105	0	1	0.76500752944937966	0	1	0
D_HSP	5	reap_after	7	0	-3	78	118	49	92	771	0	1	15.572670122789788	0	1	0
D_HSP	5	reap_after	8	0	-3	12	19	1430	1437	745	0	1	19.655532826734159	0	1	0
D_HSP	5	reap_after	9	0	-1	33	46	962	975	677	0	1	36.099215422877144	0	2	0
D_HSP	5	reap_after	10	0	1	17	36	1703	1722	627	0	1	56.392755280239228	0	1	0
D_HSP	5	reap_after	11	0	3	31	46	1150	1165	592	0	1	77.026433688578237	0	1	0
D_HSP	5	reap_after	12	0	-2	55	63	1068	1076	502	0	1	171.46412137146234	0	2	0
D_HSP	5	reap_after	13	0	3	42	48	1642	1648	483	0	1	202.96553313288325	0	1	0
D_HSP	5	reap_after	14	0	3	50	53	1011	1014	443	0	1	289.4021284582476	0	1	0
D_HSP	5	reap_after	15	0	-2	100	103	1003	1006	437	0	1	305.21007283550739	0	1	0
D_HSP	5	reap_after	16	0	-1	64	66	116	118	428	0	1	330.55024165383753	0	2	0
D_RETURN	2	redo	0
D_LIST	2	redo_after	NULL
