GAPPED_PARAMS	0	11	1	38	64	0	0	0	0	0
GAPPED_INPUT	0	1
GAPPED_INIT	0	0	3	3	0	0	120	656
GAPPED_OUTPUT	0	0	1
GAPPED_HSP	0	0	656	0	0	0	120	29	1	0	120	29
GAPPED_PARAMS	1	11	1	38	64	0	0	0	0	0
GAPPED_INPUT	1	1
GAPPED_INIT	1	0	3	3	0	0	120	656
GAPPED_OUTPUT	1	0	1
GAPPED_HSP	1	0	656	0	0	0	120	29	2	0	120	29
GAPPED_PARAMS	2	11	1	38	64	0	0	0	0	0
GAPPED_INPUT	2	1
GAPPED_INIT	2	0	3	3	0	0	120	656
GAPPED_OUTPUT	2	0	1
GAPPED_HSP	2	0	656	0	0	0	120	29	3	0	120	29
GAPPED_PARAMS	3	11	1	38	64	0	0	0	0	0
GAPPED_INPUT	3	1
GAPPED_INIT	3	0	3	3	0	0	120	656
GAPPED_OUTPUT	3	0	1
GAPPED_HSP	3	0	656	0	0	0	120	29	-1	0	120	29
GAPPED_PARAMS	4	11	1	38	64	0	0	0	0	0
GAPPED_INPUT	4	1
GAPPED_INIT	4	0	3	3	0	0	120	656
GAPPED_OUTPUT	4	0	1
GAPPED_HSP	4	0	656	0	0	0	120	29	-2	0	120	29
GAPPED_PARAMS	5	11	1	38	64	0	0	0	0	0
GAPPED_INPUT	5	1
GAPPED_INIT	5	0	3	3	0	0	120	656
GAPPED_OUTPUT	5	0	1
GAPPED_HSP	5	0	656	0	0	0	120	29	-3	0	120	29
GAPPED_PARAMS	6	11	1	38	64	0	0	0	0	0
GAPPED_INPUT	6	1
GAPPED_INIT	6	0	3	3	0	0	120	656
GAPPED_OUTPUT	6	0	1
GAPPED_HSP	6	0	656	0	0	0	120	29	1	0	120	29
GAPPED_PARAMS	7	11	1	38	64	0	0	0	0	0
GAPPED_INPUT	7	1
GAPPED_INIT	7	0	3	3	0	0	120	656
GAPPED_OUTPUT	7	0	1
GAPPED_HSP	7	0	656	0	0	0	120	29	1	0	120	29
GAPPED_PARAMS	8	11	1	38	64	0	0	0	0	0
GAPPED_INPUT	8	1
GAPPED_INIT	8	0	3	3	0	0	120	647
GAPPED_OUTPUT	8	0	1
GAPPED_HSP	8	0	647	0	0	0	120	29	1	0	120	29
GAPPED_PARAMS	9	11	1	38	64	0	0	0	0	0
GAPPED_INPUT	9	1
GAPPED_INIT	9	0	3	3	0	0	120	656
GAPPED_OUTPUT	9	0	1
GAPPED_HSP	9	0	656	0	0	0	120	29	1	0	120	29
GAPPED_PARAMS	10	11	1	38	64	0	0	0	0	0
GAPPED_INPUT	10	1
GAPPED_INIT	10	0	3	3	0	0	120	656
GAPPED_OUTPUT	10	0	1
GAPPED_HSP	10	0	656	0	0	0	120	29	1	0	120	29
TRACEBACK_INPUT	0	1
TRACEBACK_IN_HSP	0	0	656	1	0	120	0	120
TRACEBACK_OUTPUT	0	0	1	1
TRACEBACK_OUT_HSP	0	0	656	1	0	120	0	120
TRACEBACK_INPUT	0	1
TRACEBACK_IN_HSP	0	0	656	1	0	120	0	120
TRACEBACK_OUTPUT	0	0	1	0
TRACEBACK_OUT_HSP	0	0	656	1	0	120	0	120
TRACEBACK_INPUT	1	1
TRACEBACK_IN_HSP	1	0	656	2	0	120	0	120
TRACEBACK_OUTPUT	1	0	1	1
TRACEBACK_OUT_HSP	1	0	656	2	0	120	0	120
TRACEBACK_INPUT	1	1
TRACEBACK_IN_HSP	1	0	656	2	0	120	0	120
TRACEBACK_OUTPUT	1	0	1	0
TRACEBACK_OUT_HSP	1	0	656	2	0	120	0	120
TRACEBACK_INPUT	2	1
TRACEBACK_IN_HSP	2	0	656	3	0	120	0	120
TRACEBACK_OUTPUT	2	0	1	1
TRACEBACK_OUT_HSP	2	0	656	3	0	120	0	120
TRACEBACK_INPUT	2	1
TRACEBACK_IN_HSP	2	0	656	3	0	120	0	120
TRACEBACK_OUTPUT	2	0	1	0
TRACEBACK_OUT_HSP	2	0	656	3	0	120	0	120
TRACEBACK_INPUT	3	1
TRACEBACK_IN_HSP	3	0	656	-1	0	120	0	120
TRACEBACK_OUTPUT	3	0	1	1
TRACEBACK_OUT_HSP	3	0	656	-1	0	120	0	120
TRACEBACK_INPUT	3	1
TRACEBACK_IN_HSP	3	0	656	-1	0	120	0	120
TRACEBACK_OUTPUT	3	0	1	0
TRACEBACK_OUT_HSP	3	0	656	-1	0	120	0	120
TRACEBACK_INPUT	4	1
TRACEBACK_IN_HSP	4	0	656	-2	0	120	0	120
TRACEBACK_OUTPUT	4	0	1	1
TRACEBACK_OUT_HSP	4	0	656	-2	0	120	0	120
TRACEBACK_INPUT	4	1
TRACEBACK_IN_HSP	4	0	656	-2	0	120	0	120
TRACEBACK_OUTPUT	4	0	1	0
TRACEBACK_OUT_HSP	4	0	656	-2	0	120	0	120
TRACEBACK_INPUT	5	1
TRACEBACK_IN_HSP	5	0	656	-3	0	120	0	120
TRACEBACK_OUTPUT	5	0	1	1
TRACEBACK_OUT_HSP	5	0	656	-3	0	120	0	120
TRACEBACK_INPUT	5	1
TRACEBACK_IN_HSP	5	0	656	-3	0	120	0	120
TRACEBACK_OUTPUT	5	0	1	0
TRACEBACK_OUT_HSP	5	0	656	-3	0	120	0	120
TRACEBACK_INPUT	6	1
TRACEBACK_IN_HSP	6	0	656	1	0	120	0	120
TRACEBACK_OUTPUT	6	0	1	1
TRACEBACK_OUT_HSP	6	0	656	1	0	120	0	120
TRACEBACK_INPUT	6	1
TRACEBACK_IN_HSP	6	0	656	1	0	120	0	120
TRACEBACK_OUTPUT	6	0	1	0
TRACEBACK_OUT_HSP	6	0	656	1	0	120	0	120
TRACEBACK_INPUT	7	1
TRACEBACK_IN_HSP	7	0	656	1	0	120	0	120
TRACEBACK_OUTPUT	7	0	1	1
TRACEBACK_OUT_HSP	7	0	656	1	0	120	0	120
TRACEBACK_INPUT	7	1
TRACEBACK_IN_HSP	7	0	656	1	0	120	0	120
TRACEBACK_OUTPUT	7	0	1	0
TRACEBACK_OUT_HSP	7	0	646	1	0	120	0	120
TRACEBACK_INPUT	8	1
TRACEBACK_IN_HSP	8	0	647	1	0	120	0	120
TRACEBACK_OUTPUT	8	0	1	1
TRACEBACK_OUT_HSP	8	0	647	1	0	120	0	120
TRACEBACK_INPUT	8	1
TRACEBACK_IN_HSP	8	0	647	1	0	120	0	120
TRACEBACK_OUTPUT	8	0	1	0
TRACEBACK_OUT_HSP	8	0	647	1	0	120	0	120
TRACEBACK_INPUT	11	1
TRACEBACK_IN_HSP	11	0	656	1	0	120	0	120
TRACEBACK_OUTPUT	11	0	1	1
TRACEBACK_OUT_HSP	11	0	656	1	0	120	0	120
TRACEBACK_INPUT	11	1
TRACEBACK_IN_HSP	11	0	656	1	0	120	0	120
TRACEBACK_OUTPUT	11	0	1	0
TRACEBACK_OUT_HSP	11	0	656	1	0	120	0	120
TRACEBACK_INPUT	12	1
TRACEBACK_IN_HSP	12	0	656	1	0	120	0	120
TRACEBACK_OUTPUT	12	0	1	1
TRACEBACK_OUT_HSP	12	0	656	1	0	120	0	120
TRACEBACK_INPUT	12	1
TRACEBACK_IN_HSP	12	0	656	1	0	120	0	120
TRACEBACK_OUTPUT	12	0	1	0
TRACEBACK_OUT_HSP	12	0	656	1	0	120	0	120
