PARAM	0	16	16	0
CAND	0	0	0	0
CAND	0	1	1	1
CAND	0	2	2	2
CAND	0	3	62	2
CAND	0	4	16	3
CAND	0	5	63	3
CAND	0	6	3	3
CAND	0	7	17	4
CAND	0	8	4	4
CAND	0	9	5	5
CAND	0	10	6	6
CAND	0	11	7	7
CAND	0	12	8	8
CAND	0	13	9	9
CAND	0	14	10	10
CAND	0	15	11	11
CAND	0	16	12	12
CAND	0	17	13	13
CAND	0	18	14	14
CAND	0	19	15	15
CAND	0	20	16	16
CAND	0	21	3	16
CAND	0	22	17	17
CAND	0	23	4	17
CAND	0	24	18	18
CAND	0	25	19	19
CAND	0	26	20	20
CAND	0	27	21	21
CAND	0	28	22	22
CAND	0	29	23	23
CAND	0	30	24	24
CAND	0	31	25	25
CAND	0	32	26	26
CAND	0	33	27	27
CAND	0	34	28	28
CAND	0	35	29	29
CAND	0	36	30	30
CAND	0	37	31	31
CAND	0	38	32	32
CAND	0	39	33	33
CAND	0	40	34	34
CAND	0	41	35	35
CAND	0	42	36	36
CAND	0	43	68	37
CAND	0	44	37	37
CAND	0	45	95	39
CAND	0	46	15	41
CAND	0	47	4	43
CAND	0	48	60	60
CAND	0	49	61	61
CAND	0	50	2	62
CAND	0	51	62	62
CAND	0	52	63	63
CAND	0	53	3	63
CAND	0	54	64	64
CAND	0	55	65	65
CAND	0	56	66	66
CAND	0	57	67	67
CAND	0	58	68	68
CAND	0	59	37	68
CAND	0	60	69	69
CAND	0	61	70	70
CAND	0	62	71	71
CAND	0	63	72	72
CAND	0	64	73	73
CAND	0	65	74	74
CAND	0	66	75	75
CAND	0	67	76	76
CAND	0	68	77	77
CAND	0	69	78	78
CAND	0	70	79	79
CAND	0	71	80	80
CAND	0	72	81	81
CAND	0	73	82	82
CAND	0	74	83	83
CAND	0	75	84	84
CAND	0	76	85	85
CAND	0	77	86	86
CAND	0	78	87	87
CAND	0	79	88	88
CAND	0	80	89	89
CAND	0	81	90	90
CAND	0	82	91	91
CAND	0	83	92	92
CAND	0	84	93	93
CAND	0	85	94	94
CAND	0	86	95	95
CAND	0	87	96	96
CAND	0	88	97	97
CAND	0	89	98	98
CAND	0	90	99	99
CAND	0	91	100	100
CAND	0	92	101	101
CAND	0	93	102	102
CAND	0	94	103	103
CAND	0	95	104	104
CAND	0	96	105	105
CAND	0	97	106	106
CAND	0	98	107	107
CAND	0	99	108	108
CAND	0	100	109	109
CAND	0	101	110	110
CAND	0	102	111	111
CAND	0	103	112	112
CAND	0	104	113	113
CAND	0	105	114	114
CAND	0	106	115	115
CAND	0	107	116	116
CAND	0	108	117	117
END	0	109
PARAM	1	16	16	0
CAND	1	0	16	4
CAND	1	1	17	5
CAND	1	2	4	5
CAND	1	3	111	9
CAND	1	4	5	10
CAND	1	5	111	12
CAND	1	6	83	40
CAND	1	7	63	54
CAND	1	8	3	54
CAND	1	9	4	55
CAND	1	10	78	65
CAND	1	11	79	66
CAND	1	12	78	70
CAND	1	13	79	71
CAND	1	14	111	72
CAND	1	15	78	77
CAND	1	16	79	78
CAND	1	17	27	108
CAND	1	18	16	111
CAND	1	19	63	111
CAND	1	20	3	111
CAND	1	21	17	112
CAND	1	22	4	112
END	1	23
PARAM	2	16	16	0
CAND	2	0	63	10
CAND	2	1	87	24
CAND	2	2	27	56
CAND	2	3	2	71
CAND	2	4	62	71
CAND	2	5	63	72
CAND	2	6	3	72
CAND	2	7	9	110
END	2	8
PARAM	3	16	16	0
CAND	3	0	7	85
CAND	3	1	107	104
END	3	2
PARAM	4	16	16	0
CAND	4	0	31	5
CAND	4	1	68	26
CAND	4	2	37	26
CAND	4	3	61	26
CAND	4	4	24	38
CAND	4	5	92	44
CAND	4	6	93	45
CAND	4	7	24	106
CAND	4	8	93	108
END	4	9
PARAM	5	16	16	0
CAND	5	0	24	7
CAND	5	1	23	63
CAND	5	2	83	73
END	5	3
