[WebServer] (!) Your Vite config uses features that are unsupported by `configLoader: 'native'`, which is planned to become the default in a future major version of Vite:
[WebServer]   - import "./output-format" without a file extension (src/domain/verification.ts:9:35). Add the file extension
[WebServer]   - import "./programs" without a file extension (src/domain/verification.ts:10:32). Add the file extension
[WebServer] Set `VITE_CONFIG_NATIVE_IGNORE_WARNING=true` to suppress this warning.
[WebServer] (!) Your Vite config uses features that are unsupported by `configLoader: 'native'`, which is planned to become the default in a future major version of Vite:
[WebServer]   - import "./output-format" without a file extension (src/domain/verification.ts:9:35). Add the file extension
[WebServer]   - import "./programs" without a file extension (src/domain/verification.ts:10:32). Add the file extension
[WebServer] Set `VITE_CONFIG_NATIVE_IGNORE_WARNING=true` to suppress this warning.

Running 72 tests using 2 workers

  ✓   2 [chromium] › tests/e2e/results.spec.ts:507:3 › BLASTN: the header block is the run's; the Descriptions, Graphic Summary and HSP table are the outfmt 6 rows, the Alignments outfmt 0's text; units, frames and run details (3.2s)
  ✓   1 [chromium] › tests/e2e/results.spec.ts:507:3 › BLASTP: the header block is the run's; the Descriptions, Graphic Summary and HSP table are the outfmt 6 rows, the Alignments outfmt 0's text; units, frames and run details (5.9s)
  ✓   3 [chromium] › tests/e2e/results.spec.ts:507:3 › TBLASTN: the header block is the run's; the Descriptions, Graphic Summary and HSP table are the outfmt 6 rows, the Alignments outfmt 0's text; units, frames and run details (4.7s)
  ✓   5 [chromium] › tests/e2e/results.spec.ts:841:1 › an HSP that outfmt 0 does not show, and a hit list that may have reached its limit (2.0s)
  ✓   4 [chromium] › tests/e2e/results.spec.ts:507:3 › TBLASTX: the header block is the run's; the Descriptions, Graphic Summary and HSP table are the outfmt 6 rows, the Alignments outfmt 0's text; units, frames and run details (5.0s)
  ✓   6 [chromium] › tests/e2e/results.spec.ts:929:1 › BLASTN: an HSP of one letter has no orientation in its record; the note points to outfmt 0's Strand= line (2.4s)
  ✓   7 [chromium] › tests/e2e/results.spec.ts:989:1 › selection by HSP identity: sorting keeps the selected HSP; another subject or query moves it (6.5s)
  ✓   9 [chromium] › tests/e2e/results.spec.ts:1217:1 › many queries; view filters change the view, not the search; the notices tell filtered out, no hits and a failed run apart (5.3s)
  ✓   8 [chromium] › tests/e2e/results.spec.ts:1048:1 › the Alignments: a block per Range; Next, Previous and First Match; the previous and next subject; Ranges far apart in a window (10.8s)
  ✓  11 [chromium] › tests/e2e/results.spec.ts:1547:1 › the dot plot: on a desktop screen, a popup that has no room beside a short plot is scrolled into view by the first click (S13b code review 2) (1.6s)
  ✓  10 [chromium] › tests/e2e/results.spec.ts:1396:1 › the dot plot: the HSPs of the pair on a canvas; zoom; choosing an HSP on it or in the list; its popup (3.2s)
  ✓  12 [chromium] › tests/e2e/results.spec.ts:1570:1 › narrow screens: the results are no wider than the screen; "Open results" shows them; the tables show the key values first (1.6s)
  ✓  13 [chromium] › tests/e2e/results.spec.ts:507:3 › BLASTN: the header block is the run's; the Descriptions, Graphic Summary and HSP table are the outfmt 6 rows, the Alignments outfmt 0's text; units, frames and run details (3.4s)
  ✓  14 [chromium] › tests/e2e/results.spec.ts:507:3 › BLASTP: the header block is the run's; the Descriptions, Graphic Summary and HSP table are the outfmt 6 rows, the Alignments outfmt 0's text; units, frames and run details (6.3s)
  ✓  15 [chromium] › tests/e2e/results.spec.ts:507:3 › TBLASTN: the header block is the run's; the Descriptions, Graphic Summary and HSP table are the outfmt 6 rows, the Alignments outfmt 0's text; units, frames and run details (4.7s)
  ✓  17 [chromium] › tests/e2e/results.spec.ts:841:1 › an HSP that outfmt 0 does not show, and a hit list that may have reached its limit (1.9s)
  ✓  16 [chromium] › tests/e2e/results.spec.ts:507:3 › TBLASTX: the header block is the run's; the Descriptions, Graphic Summary and HSP table are the outfmt 6 rows, the Alignments outfmt 0's text; units, frames and run details (5.0s)
  ✓  18 [chromium] › tests/e2e/results.spec.ts:929:1 › BLASTN: an HSP of one letter has no orientation in its record; the note points to outfmt 0's Strand= line (2.5s)
  ✓  19 [chromium] › tests/e2e/results.spec.ts:989:1 › selection by HSP identity: sorting keeps the selected HSP; another subject or query moves it (7.0s)
  ✓  20 [chromium] › tests/e2e/results.spec.ts:1048:1 › the Alignments: a block per Range; Next, Previous and First Match; the previous and next subject; Ranges far apart in a window (10.3s)
  ✓  21 [chromium] › tests/e2e/results.spec.ts:1217:1 › many queries; view filters change the view, not the search; the notices tell filtered out, no hits and a failed run apart (5.8s)
  ✓  23 [chromium] › tests/e2e/results.spec.ts:1547:1 › the dot plot: on a desktop screen, a popup that has no room beside a short plot is scrolled into view by the first click (S13b code review 2) (1.7s)
  ✓  22 [chromium] › tests/e2e/results.spec.ts:1396:1 › the dot plot: the HSPs of the pair on a canvas; zoom; choosing an HSP on it or in the list; its popup (3.4s)
  ✓  24 [chromium] › tests/e2e/results.spec.ts:1570:1 › narrow screens: the results are no wider than the screen; "Open results" shows them; the tables show the key values first (1.7s)
  ✓  25 [firefox] › tests/e2e/results.spec.ts:507:3 › BLASTN: the header block is the run's; the Descriptions, Graphic Summary and HSP table are the outfmt 6 rows, the Alignments outfmt 0's text; units, frames and run details (6.8s)
  ✓  26 [firefox] › tests/e2e/results.spec.ts:507:3 › BLASTP: the header block is the run's; the Descriptions, Graphic Summary and HSP table are the outfmt 6 rows, the Alignments outfmt 0's text; units, frames and run details (10.9s)
  ✓  27 [firefox] › tests/e2e/results.spec.ts:507:3 › TBLASTN: the header block is the run's; the Descriptions, Graphic Summary and HSP table are the outfmt 6 rows, the Alignments outfmt 0's text; units, frames and run details (8.9s)
  ✓  29 [firefox] › tests/e2e/results.spec.ts:841:1 › an HSP that outfmt 0 does not show, and a hit list that may have reached its limit (3.2s)
  ✓  28 [firefox] › tests/e2e/results.spec.ts:507:3 › TBLASTX: the header block is the run's; the Descriptions, Graphic Summary and HSP table are the outfmt 6 rows, the Alignments outfmt 0's text; units, frames and run details (7.5s)
  ✓  30 [firefox] › tests/e2e/results.spec.ts:929:1 › BLASTN: an HSP of one letter has no orientation in its record; the note points to outfmt 0's Strand= line (2.8s)
  ✓  31 [firefox] › tests/e2e/results.spec.ts:989:1 › selection by HSP identity: sorting keeps the selected HSP; another subject or query moves it (8.9s)
  ✓  32 [firefox] › tests/e2e/results.spec.ts:1048:1 › the Alignments: a block per Range; Next, Previous and First Match; the previous and next subject; Ranges far apart in a window (10.0s)
  ✓  33 [firefox] › tests/e2e/results.spec.ts:1217:1 › many queries; view filters change the view, not the search; the notices tell filtered out, no hits and a failed run apart (6.3s)
  ✓  34 [firefox] › tests/e2e/results.spec.ts:1396:1 › the dot plot: the HSPs of the pair on a canvas; zoom; choosing an HSP on it or in the list; its popup (4.0s)
  ✓  35 [firefox] › tests/e2e/results.spec.ts:1547:1 › the dot plot: on a desktop screen, a popup that has no room beside a short plot is scrolled into view by the first click (S13b code review 2) (3.1s)
  ✓  36 [firefox] › tests/e2e/results.spec.ts:1570:1 › narrow screens: the results are no wider than the screen; "Open results" shows them; the tables show the key values first (3.1s)
  ✓  37 [firefox] › tests/e2e/results.spec.ts:507:3 › BLASTN: the header block is the run's; the Descriptions, Graphic Summary and HSP table are the outfmt 6 rows, the Alignments outfmt 0's text; units, frames and run details (6.1s)
  ✓  38 [firefox] › tests/e2e/results.spec.ts:507:3 › BLASTP: the header block is the run's; the Descriptions, Graphic Summary and HSP table are the outfmt 6 rows, the Alignments outfmt 0's text; units, frames and run details (9.9s)
  ✓  39 [firefox] › tests/e2e/results.spec.ts:507:3 › TBLASTN: the header block is the run's; the Descriptions, Graphic Summary and HSP table are the outfmt 6 rows, the Alignments outfmt 0's text; units, frames and run details (6.8s)
  ✓  41 [firefox] › tests/e2e/results.spec.ts:841:1 › an HSP that outfmt 0 does not show, and a hit list that may have reached its limit (3.9s)
  ✓  40 [firefox] › tests/e2e/results.spec.ts:507:3 › TBLASTX: the header block is the run's; the Descriptions, Graphic Summary and HSP table are the outfmt 6 rows, the Alignments outfmt 0's text; units, frames and run details (7.2s)
  ✓  42 [firefox] › tests/e2e/results.spec.ts:929:1 › BLASTN: an HSP of one letter has no orientation in its record; the note points to outfmt 0's Strand= line (3.4s)
  ✓  43 [firefox] › tests/e2e/results.spec.ts:989:1 › selection by HSP identity: sorting keeps the selected HSP; another subject or query moves it (8.9s)
  ✓  44 [firefox] › tests/e2e/results.spec.ts:1048:1 › the Alignments: a block per Range; Next, Previous and First Match; the previous and next subject; Ranges far apart in a window (10.1s)
  ✓  45 [firefox] › tests/e2e/results.spec.ts:1217:1 › many queries; view filters change the view, not the search; the notices tell filtered out, no hits and a failed run apart (6.6s)
  ✓  46 [firefox] › tests/e2e/results.spec.ts:1396:1 › the dot plot: the HSPs of the pair on a canvas; zoom; choosing an HSP on it or in the list; its popup (4.0s)
  ✓  47 [firefox] › tests/e2e/results.spec.ts:1547:1 › the dot plot: on a desktop screen, a popup that has no room beside a short plot is scrolled into view by the first click (S13b code review 2) (2.6s)
  ✓  48 [firefox] › tests/e2e/results.spec.ts:1570:1 › narrow screens: the results are no wider than the screen; "Open results" shows them; the tables show the key values first (3.4s)
  ✓  49 [webkit] › tests/e2e/results.spec.ts:507:3 › BLASTN: the header block is the run's; the Descriptions, Graphic Summary and HSP table are the outfmt 6 rows, the Alignments outfmt 0's text; units, frames and run details (5.7s)
  ✓  50 [webkit] › tests/e2e/results.spec.ts:507:3 › BLASTP: the header block is the run's; the Descriptions, Graphic Summary and HSP table are the outfmt 6 rows, the Alignments outfmt 0's text; units, frames and run details (10.2s)
  ✓  51 [webkit] › tests/e2e/results.spec.ts:507:3 › TBLASTN: the header block is the run's; the Descriptions, Graphic Summary and HSP table are the outfmt 6 rows, the Alignments outfmt 0's text; units, frames and run details (7.9s)
  ✓  53 [webkit] › tests/e2e/results.spec.ts:841:1 › an HSP that outfmt 0 does not show, and a hit list that may have reached its limit (3.7s)
  ✓  52 [webkit] › tests/e2e/results.spec.ts:507:3 › TBLASTX: the header block is the run's; the Descriptions, Graphic Summary and HSP table are the outfmt 6 rows, the Alignments outfmt 0's text; units, frames and run details (7.0s)
  ✓  54 [webkit] › tests/e2e/results.spec.ts:929:1 › BLASTN: an HSP of one letter has no orientation in its record; the note points to outfmt 0's Strand= line (3.3s)
  ✓  55 [webkit] › tests/e2e/results.spec.ts:989:1 › selection by HSP identity: sorting keeps the selected HSP; another subject or query moves it (9.6s)
  ✓  56 [webkit] › tests/e2e/results.spec.ts:1048:1 › the Alignments: a block per Range; Next, Previous and First Match; the previous and next subject; Ranges far apart in a window (13.3s)
  ✓  57 [webkit] › tests/e2e/results.spec.ts:1217:1 › many queries; view filters change the view, not the search; the notices tell filtered out, no hits and a failed run apart (7.7s)
  ✓  58 [webkit] › tests/e2e/results.spec.ts:1396:1 › the dot plot: the HSPs of the pair on a canvas; zoom; choosing an HSP on it or in the list; its popup (5.1s)
  ✓  59 [webkit] › tests/e2e/results.spec.ts:1547:1 › the dot plot: on a desktop screen, a popup that has no room beside a short plot is scrolled into view by the first click (S13b code review 2) (2.7s)
  ✓  60 [webkit] › tests/e2e/results.spec.ts:1570:1 › narrow screens: the results are no wider than the screen; "Open results" shows them; the tables show the key values first (3.2s)
  ✓  61 [webkit] › tests/e2e/results.spec.ts:507:3 › BLASTN: the header block is the run's; the Descriptions, Graphic Summary and HSP table are the outfmt 6 rows, the Alignments outfmt 0's text; units, frames and run details (5.4s)
  ✓  62 [webkit] › tests/e2e/results.spec.ts:507:3 › TBLASTN: the header block is the run's; the Descriptions, Graphic Summary and HSP table are the outfmt 6 rows, the Alignments outfmt 0's text; units, frames and run details (7.2s)
  ✓  63 [webkit] › tests/e2e/results.spec.ts:507:3 › TBLASTX: the header block is the run's; the Descriptions, Graphic Summary and HSP table are the outfmt 6 rows, the Alignments outfmt 0's text; units, frames and run details (5.8s)
  ✓  64 [webkit] › tests/e2e/results.spec.ts:841:1 › an HSP that outfmt 0 does not show, and a hit list that may have reached its limit (3.6s)
  ✓  65 [webkit] › tests/e2e/results.spec.ts:929:1 › BLASTN: an HSP of one letter has no orientation in its record; the note points to outfmt 0's Strand= line (3.1s)
  ✓  66 [webkit] › tests/e2e/results.spec.ts:989:1 › selection by HSP identity: sorting keeps the selected HSP; another subject or query moves it (9.4s)
  ✓  67 [webkit] › tests/e2e/results.spec.ts:507:3 › BLASTP: the header block is the run's; the Descriptions, Graphic Summary and HSP table are the outfmt 6 rows, the Alignments outfmt 0's text; units, frames and run details (9.4s)
  ✓  68 [webkit] › tests/e2e/results.spec.ts:1048:1 › the Alignments: a block per Range; Next, Previous and First Match; the previous and next subject; Ranges far apart in a window (12.3s)
  ✓  69 [webkit] › tests/e2e/results.spec.ts:1217:1 › many queries; view filters change the view, not the search; the notices tell filtered out, no hits and a failed run apart (7.3s)
  ✓  70 [webkit] › tests/e2e/results.spec.ts:1396:1 › the dot plot: the HSPs of the pair on a canvas; zoom; choosing an HSP on it or in the list; its popup (4.5s)
  ✓  71 [webkit] › tests/e2e/results.spec.ts:1547:1 › the dot plot: on a desktop screen, a popup that has no room beside a short plot is scrolled into view by the first click (S13b code review 2) (2.4s)
  ✓  72 [webkit] › tests/e2e/results.spec.ts:1570:1 › narrow screens: the results are no wider than the screen; "Open results" shows them; the tables show the key values first (2.5s)

  72 passed (3.8m)
