
> losat-web@0.0.0 e2e
> playwright test --reporter=list

[WebServer] (!) Your Vite config uses features that are unsupported by `configLoader: 'native'`, which is planned to become the default in a future major version of Vite:
[WebServer]   - import "./output-format" without a file extension (src/domain/verification.ts:9:35). Add the file extension
[WebServer]   - import "./programs" without a file extension (src/domain/verification.ts:10:32). Add the file extension
[WebServer] Set `VITE_CONFIG_NATIVE_IGNORE_WARNING=true` to suppress this warning.
[WebServer] (!) Your Vite config uses features that are unsupported by `configLoader: 'native'`, which is planned to become the default in a future major version of Vite:
[WebServer]   - import "./output-format" without a file extension (src/domain/verification.ts:9:35). Add the file extension
[WebServer]   - import "./programs" without a file extension (src/domain/verification.ts:10:32). Add the file extension
[WebServer] Set `VITE_CONFIG_NATIVE_IGNORE_WARNING=true` to suppress this warning.

Running 216 tests using 2 workers

  -    1 [chromium] › tests/e2e/browsers.spec.ts:34:3 › BlockStore contract: opfs store in a dedicated worker (without storage full)
  -    3 [chromium] › tests/e2e/browsers.spec.ts:34:3 › BlockStore contract: memory store in a dedicated worker (without storage full)
  -    2 [chromium] › tests/e2e/browsers.spec.ts:49:1 › run output contract: a writer in its own worker and the real Data worker (without storage full)
  -    4 [chromium] › tests/e2e/browsers.spec.ts:59:1 › the application keeps results in OPFS, or in memory with the reason shown
  ✓    5 [chromium] › tests/e2e/candidates.spec.ts:154:3 › FakeEngine build › an empty tray says how to add candidates (258ms)
  ✓    7 [chromium] › tests/e2e/candidates.spec.ts:289:3 › FakeEngine build › notes, orders, moves and removal; "Show in results" lands on the HSP and says which view filters it cleared (4.4s)
  ✓    6 [chromium] › tests/e2e/candidates.spec.ts:161:3 › FakeEngine build › candidates are added from the Descriptions' marks, the Alignments and the dot plot popup, of two runs; Origins name the runs (4.9s)
  ✓    9 [chromium] › tests/e2e/candidates.spec.ts:487:3 › FakeEngine build › a phone: the Descriptions' marks and the tray fit the screen; a row shows #, Subject, Range, the note and the actions first (2.3s)
  -   10 [chromium] › tests/e2e/candidates.spec.ts:548:3 › engine build › BLASTN: a hit on the minus strand of one of two subject records with the same ID; the saved residues are the file's letters at the outfmt 6 intervals
  -   11 [chromium] › tests/e2e/candidates.spec.ts:606:3 › engine build › TBLASTN: the saved subject residues (nt) and query residues (aa) are the files' letters at the outfmt 6 intervals
pass [opfs] write and seal: a block reads back exactly the bytes appended to it
pass [opfs] read: any range of a sealed block, and nothing beyond its end
pass [opfs] write: the store keeps a copy, so the caller may reuse its buffer
pass [opfs] staging: a block cannot be read before it is sealed
pass [opfs] seal: a sealed block takes no more bytes and cannot be sealed again
pass [opfs] discard: a staged or sealed block disappears and its bytes are freed
pass [opfs] create: a path that exists cannot be created again
pass [opfs] removeAll: removes one directory, sealed or not, and leaves the rest
pass [opfs] paths: empty and relative names are rejected
pass [opfs] an empty block can be sealed and read
  ✓    8 [chromium] › tests/e2e/candidates.spec.ts:371:3 › FakeEngine build › downloads: the residues of the input at the HSPs (regions, flanks cut at the ends, spanning, complete, queries) and the aligned rows of the HSP records (3.1s)
pass [opfs] a large block: 48 MiB in 1 MiB appends reads back unchanged
pass [opfs] storage full: an append fails with StorageFullError, the block can only be discarded, and sealed blocks stay readable
pass [run output] every stream arrives in order and the run commits
  ✓   12 [chromium] › tests/e2e/contracts.spec.ts:32:3 › BlockStore contract: opfs store in a dedicated worker (1.3s)
pass [run output] many small chunks and one large chunk arrive unchanged
pass [run output] a run without output commits with empty outputs
pass [memory] write and seal: a block reads back exactly the bytes appended to it
pass [memory] read: any range of a sealed block, and nothing beyond its end
pass [memory] write: the store keeps a copy, so the caller may reuse its buffer
pass [memory] staging: a block cannot be read before it is sealed
pass [memory] seal: a sealed block takes no more bytes and cannot be sealed again
pass [memory] discard: a staged or sealed block disappears and its bytes are freed
pass [memory] create: a path that exists cannot be created again
pass [memory] removeAll: removes one directory, sealed or not, and leaves the rest
pass [memory] paths: empty and relative names are rejected
pass [memory] an empty block can be sealed and read
pass [memory] a large block: 48 MiB in 1 MiB appends reads back unchanged
pass [memory] storage full: an append fails with StorageFullError, the block can only be discarded, and sealed blocks stay readable
  ✓   14 [chromium] › tests/e2e/contracts.spec.ts:32:3 › BlockStore contract: memory store in a dedicated worker (417ms)
  -   15 [chromium] › tests/e2e/engine.spec.ts:97:1 › record scanner contract: the serial reactor
  -   16 [chromium] › tests/e2e/engine.spec.ts:105:3 › engine input contract: the real EngineGateway at 1 thread(s)
  -   17 [chromium] › tests/e2e/engine.spec.ts:105:3 › engine input contract: the real EngineGateway at 4 thread(s)
  -   18 [chromium] › tests/e2e/engine.spec.ts:132:1 › run output contract: the writer in the Engine worker, the real Data worker (without storage full)
  -   19 [chromium] › tests/e2e/engine.spec.ts:141:1 › V-BR: searches through the application give the expected bytes at 1, 2 and 4 threads
  -   20 [chromium] › tests/e2e/engine.spec.ts:174:1 › R1: searches of one subject with other queries and options reuse it and give the expected bytes
  -   21 [chromium] › tests/e2e/engine.spec.ts:216:1 › a search that builds one thread pool after another runs threaded from a new runtime
  -   22 [chromium] › tests/e2e/engine.spec.ts:241:1 › a cancelled search ends its runtime; the next search runs in a new one with the expected bytes
  -   23 [chromium] › tests/e2e/engine.spec.ts:270:1 › a runtime renewed after every search gives the same bytes and registers the subject again
  -   24 [chromium] › tests/e2e/engine.spec.ts:293:1 › without cross-origin isolation, a threaded search runs on the serial module with the reason
  -   25 [chromium] › tests/e2e/measure.spec.ts:207:1 › dw8: the share of a warm search that subject-only preprocessing can take
  -   26 [chromium] › tests/e2e/measure.spec.ts:238:1 › memory: the linear memory of one instance over repeated searches
  -   27 [chromium] › tests/e2e/measure.spec.ts:272:1 › auto: the search phase at 1, 2 and 4 threads by input size
  -   28 [chromium] › tests/e2e/measure.spec.ts:298:1 › cancel: the time to cancel and to prepare the next search in a new runtime
  -   29 [chromium] › tests/e2e/results-measure.spec.ts:582:3 › 10,000 queries: opening the run, the query picker, finding and sorting
  -   30 [chromium] › tests/e2e/results-measure.spec.ts:582:3 › 100,000 queries: opening the run, the query picker, finding and sorting
  -   31 [chromium] › tests/e2e/results-measure.spec.ts:1030:1 › many HSPs in one query-subject pair: the dot plot and the HSP list
pass [run output] staging: a run cannot be read before it is committed, and the commit waits for end
pass [run output] an end whose totals disagree fails the commit and discards the run
pass [run output] a message outside the protocol fails the commit
  ✓   32 [chromium] › tests/e2e/results.spec.ts:507:3 › BLASTN: the header block is the run's; the Descriptions, Graphic Summary and HSP table are the outfmt 6 rows, the Alignments outfmt 0's text; units, frames and run details (6.1s)
pass [run output] discard drops a staged run and ignores its late chunks
pass [run output] a committed run is kept by discard and removed by delete
pass [run output] two staged runs keep their outputs apart
pass [run output] the writer refuses to write after end
pass [run output] storage full: the run fails with the reason, and committed runs stay readable
  ✓   13 [chromium] › tests/e2e/contracts.spec.ts:40:1 › run output contract: a writer in its own worker and the real Data worker (OPFS) (8.2s)
  ✓   33 [chromium] › tests/e2e/results.spec.ts:507:3 › BLASTP: the header block is the run's; the Descriptions, Graphic Summary and HSP table are the outfmt 6 rows, the Alignments outfmt 0's text; units, frames and run details (6.0s)
  ✓   34 [chromium] › tests/e2e/results.spec.ts:507:3 › TBLASTN: the header block is the run's; the Descriptions, Graphic Summary and HSP table are the outfmt 6 rows, the Alignments outfmt 0's text; units, frames and run details (6.6s)
  ✓   35 [chromium] › tests/e2e/results.spec.ts:507:3 › TBLASTX: the header block is the run's; the Descriptions, Graphic Summary and HSP table are the outfmt 6 rows, the Alignments outfmt 0's text; units, frames and run details (2.4s)
  ✓   36 [chromium] › tests/e2e/results.spec.ts:841:1 › an HSP that outfmt 0 does not show, and a hit list that may have reached its limit (1.8s)
  ✓   37 [chromium] › tests/e2e/results.spec.ts:929:1 › BLASTN: an HSP of one letter has no orientation in its record; the note points to outfmt 0's Strand= line (2.5s)
  ✓   39 [chromium] › tests/e2e/results.spec.ts:1048:1 › the Alignments: a block per Range; Next, Previous and First Match; the previous and next subject; Ranges far apart in a window (3.4s)
  ✓   38 [chromium] › tests/e2e/results.spec.ts:989:1 › selection by HSP identity: sorting keeps the selected HSP; another subject or query moves it (7.7s)
  ✓   40 [chromium] › tests/e2e/results.spec.ts:1217:1 › many queries; view filters change the view, not the search; the notices tell filtered out, no hits and a failed run apart (4.2s)
  ✓   42 [chromium] › tests/e2e/results.spec.ts:1547:1 › the dot plot: on a desktop screen, a popup that has no room beside a short plot is scrolled into view by the first click (S13b code review 2) (2.3s)
  ✓   41 [chromium] › tests/e2e/results.spec.ts:1396:1 › the dot plot: the HSPs of the pair on a canvas; zoom; choosing an HSP on it or in the list; its popup (3.9s)
  -   44 [chromium] › tests/e2e/screens.spec.ts:44:3 › search screen at the desktop size
  -   45 [chromium] › tests/e2e/screens.spec.ts:44:3 › search screen at the phone size
  -   46 [chromium] › tests/e2e/screens.spec.ts:218:3 › results screen at the desktop size
  -   47 [chromium] › tests/e2e/screens.spec.ts:218:3 › results screen at the phone size
  -   48 [chromium] › tests/e2e/search-measure.spec.ts:90:1 › index, check, exclusion and queueing of many records
  ✓   49 [chromium] › tests/e2e/search.spec.ts:49:1 › a file is summarized with its records, not put in the paste box; files can also be dropped (265ms)
  ✓   43 [chromium] › tests/e2e/results.spec.ts:1570:1 › narrow screens: the results are no wider than the screen; "Open results" shows them; the tables show the key values first (1.6s)
  ✓   51 [chromium] › tests/e2e/search.spec.ts:132:1 › the same subject, another query: the engine keeps the subject (R1) (3.0s)
  ✓   50 [chromium] › tests/e2e/search.spec.ts:84:1 › records: duplicate IDs by number, the engine refuses a record, exclusion, and a run after exclusion (3.9s)
  -   53 [chromium] › tests/e2e/search.spec.ts:235:1 › cancel a running search; the next one runs
  ✓   52 [chromium] › tests/e2e/search.spec.ts:150:1 › several runs in the queue; the next job is edited while one runs; separate searches as a group (2.1s)
  ✓   54 [chromium] › tests/e2e/search.spec.ts:251:1 › the region of a role with one record: the drag, the fields, the limits and the argv (2.4s)
  -   56 [chromium] › tests/e2e/search.spec.ts:378:1 › the engine's refusals of option values are shown as the engine writes them, and nothing is queued
  ✓   57 [chromium] › tests/e2e/search.spec.ts:405:1 › empty inputs, every record excluded, a sequence without a defline, and BLASTX (1.9s)
  ✓   55 [chromium] › tests/e2e/search.spec.ts:305:1 › the options form: the engine's defaults are not written; tasks, templates and genetic codes (2.6s)
  -   59 [chromium] › tests/e2e/search.spec.ts:449:3 › leaving and returning › the wake lock is held during a search; the page warns before it is left; the state is checked on return
  ✓   58 [chromium] › tests/e2e/search.spec.ts:437:1 › the sequence kind warning is an estimate and does not change the program (961ms)
  ✓   60 [chromium] › tests/e2e/search.spec.ts:507:1 › the search screen in NCBI's order and words (W4b) (1.4s)
  ✓   62 [chromium] › tests/e2e/search.spec.ts:677:1 › narrow screens put the inputs and the queue one under the other, without horizontal scrolling (1.2s)
  ✓   63 [chromium] › tests/e2e/smoke.spec.ts:4:1 › the page is cross-origin isolated, so the threaded engine can use shared memory (103ms)
  ✓   61 [chromium] › tests/e2e/search.spec.ts:608:1 › Algorithm parameters: closed at start, the changed values marked and counted, the defaults restored; the Job Title and the second button (2.6s)
  ✓   64 [chromium] › tests/e2e/smoke.spec.ts:10:1 › paste, queue, run, view and export with the fake engine (658ms)
  ✓   65 [chromium] › tests/e2e/smoke.spec.ts:42:1 › a BLASTN query of white space only has no record: the engine reads it, and the run ends without a search (686ms)
  ✓   66 [chromium] › tests/e2e/storage.spec.ts:24:1 › a tab keeps its outputs in OPFS under tmp/<session>/runs/<run>/, named by tokens only (752ms)
  ✓   67 [chromium] › tests/e2e/storage.spec.ts:47:3 › the next tab removes the data of a tab that is killed, and keeps its own (1.8s)
  ✓   68 [chromium] › tests/e2e/storage.spec.ts:47:3 › the next tab removes the data of a tab that is closed, and keeps its own (1.8s)
  ✓   70 [chromium] › tests/e2e/storage.spec.ts:107:1 › two tabs that start at the same time remove an abandoned session once and keep each other (1.3s)
  ✓   71 [chromium] › tests/e2e/storage.spec.ts:128:1 › a stopped (frozen) tab keeps its data while another tab starts (1.1s)
  ✓   69 [chromium] › tests/e2e/storage.spec.ts:80:1 › two open tabs, started one after the other, never remove each other's data (2.6s)
  ✓   72 [chromium] › tests/e2e/storage.spec.ts:147:1 › a run that runs out of storage fails with the reason; earlier results stay and later runs work (1.8s)
pass [opfs] write and seal: a block reads back exactly the bytes appended to it
pass [opfs] read: any range of a sealed block, and nothing beyond its end
pass [opfs] write: the store keeps a copy, so the caller may reuse its buffer
pass [opfs] staging: a block cannot be read before it is sealed
pass [opfs] seal: a sealed block takes no more bytes and cannot be sealed again
pass [opfs] discard: a staged or sealed block disappears and its bytes are freed
pass [opfs] create: a path that exists cannot be created again
pass [opfs] removeAll: removes one directory, sealed or not, and leaves the rest
pass [opfs] paths: empty and relative names are rejected
pass [opfs] an empty block can be sealed and read
pass [opfs] a large block: 48 MiB in 1 MiB appends reads back unchanged
FAIL [opfs] storage full: an append fails with StorageFullError, the block can only be discarded, and sealed blocks stay readable: ContractError: an append beyond the storage: expected an error matching /StorageFullError/, but nothing was thrown
  ✓   73 [firefox] › tests/e2e/browsers.spec.ts:34:3 › BlockStore contract: opfs store in a dedicated worker (without storage full) (1.9s)
pass [memory] write and seal: a block reads back exactly the bytes appended to it
pass [memory] read: any range of a sealed block, and nothing beyond its end
pass [memory] write: the store keeps a copy, so the caller may reuse its buffer
pass [memory] staging: a block cannot be read before it is sealed
pass [memory] seal: a sealed block takes no more bytes and cannot be sealed again
pass [memory] discard: a staged or sealed block disappears and its bytes are freed
pass [memory] create: a path that exists cannot be created again
pass [memory] removeAll: removes one directory, sealed or not, and leaves the rest
pass [memory] paths: empty and relative names are rejected
pass [memory] an empty block can be sealed and read
pass [memory] a large block: 48 MiB in 1 MiB appends reads back unchanged
pass [memory] storage full: an append fails with StorageFullError, the block can only be discarded, and sealed blocks stay readable
  ✓   75 [firefox] › tests/e2e/browsers.spec.ts:34:3 › BlockStore contract: memory store in a dedicated worker (without storage full) (440ms)
  ✓   76 [firefox] › tests/e2e/candidates.spec.ts:154:3 › FakeEngine build › an empty tray says how to add candidates (333ms)
pass [run output] every stream arrives in order and the run commits
pass [run output] many small chunks and one large chunk arrive unchanged
pass [run output] a run without output commits with empty outputs
pass [run output] staging: a run cannot be read before it is committed, and the commit waits for end
pass [run output] an end whose totals disagree fails the commit and discards the run
pass [run output] a message outside the protocol fails the commit
pass [run output] discard drops a staged run and ignores its late chunks
pass [run output] a committed run is kept by discard and removed by delete
pass [run output] two staged runs keep their outputs apart
pass [run output] the writer refuses to write after end
FAIL [run output] storage full: the run fails with the reason, and committed runs stay readable: ContractError: commit: expected a rejection matching /StorageFullError: Not enough temporary storage/, but it resolved
run output contract on the opfs store
  ✓   74 [firefox] › tests/e2e/browsers.spec.ts:49:1 › run output contract: a writer in its own worker and the real Data worker (without storage full) (4.1s)
  ✓   78 [firefox] › tests/e2e/browsers.spec.ts:59:1 › the application keeps results in OPFS, or in memory with the reason shown (431ms)
  ✓   77 [firefox] › tests/e2e/candidates.spec.ts:161:3 › FakeEngine build › candidates are added from the Descriptions' marks, the Alignments and the dot plot popup, of two runs; Origins name the runs (6.8s)
  ✓   79 [firefox] › tests/e2e/candidates.spec.ts:289:3 › FakeEngine build › notes, orders, moves and removal; "Show in results" lands on the HSP and says which view filters it cleared (6.5s)
  ✓   80 [firefox] › tests/e2e/candidates.spec.ts:371:3 › FakeEngine build › downloads: the residues of the input at the HSPs (regions, flanks cut at the ends, spanning, complete, queries) and the aligned rows of the HSP records (3.6s)
  -   82 [firefox] › tests/e2e/candidates.spec.ts:548:3 › engine build › BLASTN: a hit on the minus strand of one of two subject records with the same ID; the saved residues are the file's letters at the outfmt 6 intervals
  -   83 [firefox] › tests/e2e/candidates.spec.ts:606:3 › engine build › TBLASTN: the saved subject residues (nt) and query residues (aa) are the files' letters at the outfmt 6 intervals
  -   84 [firefox] › tests/e2e/contracts.spec.ts:32:3 › BlockStore contract: opfs store in a dedicated worker
  -   85 [firefox] › tests/e2e/contracts.spec.ts:32:3 › BlockStore contract: memory store in a dedicated worker
  -   86 [firefox] › tests/e2e/contracts.spec.ts:40:1 › run output contract: a writer in its own worker and the real Data worker (OPFS)
  -   87 [firefox] › tests/e2e/engine.spec.ts:97:1 › record scanner contract: the serial reactor
  -   88 [firefox] › tests/e2e/engine.spec.ts:105:3 › engine input contract: the real EngineGateway at 1 thread(s)
  -   89 [firefox] › tests/e2e/engine.spec.ts:105:3 › engine input contract: the real EngineGateway at 4 thread(s)
  -   90 [firefox] › tests/e2e/engine.spec.ts:132:1 › run output contract: the writer in the Engine worker, the real Data worker (without storage full)
  -   91 [firefox] › tests/e2e/engine.spec.ts:141:1 › V-BR: searches through the application give the expected bytes at 1, 2 and 4 threads
  -   92 [firefox] › tests/e2e/engine.spec.ts:174:1 › R1: searches of one subject with other queries and options reuse it and give the expected bytes
  -   93 [firefox] › tests/e2e/engine.spec.ts:216:1 › a search that builds one thread pool after another runs threaded from a new runtime
  -   94 [firefox] › tests/e2e/engine.spec.ts:241:1 › a cancelled search ends its runtime; the next search runs in a new one with the expected bytes
  -   95 [firefox] › tests/e2e/engine.spec.ts:270:1 › a runtime renewed after every search gives the same bytes and registers the subject again
  -   96 [firefox] › tests/e2e/engine.spec.ts:293:1 › without cross-origin isolation, a threaded search runs on the serial module with the reason
  -   97 [firefox] › tests/e2e/measure.spec.ts:207:1 › dw8: the share of a warm search that subject-only preprocessing can take
  -   98 [firefox] › tests/e2e/measure.spec.ts:238:1 › memory: the linear memory of one instance over repeated searches
  -   99 [firefox] › tests/e2e/measure.spec.ts:272:1 › auto: the search phase at 1, 2 and 4 threads by input size
  -  100 [firefox] › tests/e2e/measure.spec.ts:298:1 › cancel: the time to cancel and to prepare the next search in a new runtime
  -  101 [firefox] › tests/e2e/results-measure.spec.ts:582:3 › 10,000 queries: opening the run, the query picker, finding and sorting
  -  102 [firefox] › tests/e2e/results-measure.spec.ts:582:3 › 100,000 queries: opening the run, the query picker, finding and sorting
  -  103 [firefox] › tests/e2e/results-measure.spec.ts:1030:1 › many HSPs in one query-subject pair: the dot plot and the HSP list
  ✓   81 [firefox] › tests/e2e/candidates.spec.ts:487:3 › FakeEngine build › a phone: the Descriptions' marks and the tray fit the screen; a row shows #, Subject, Range, the note and the actions first (3.2s)
  ✓  104 [firefox] › tests/e2e/results.spec.ts:507:3 › BLASTN: the header block is the run's; the Descriptions, Graphic Summary and HSP table are the outfmt 6 rows, the Alignments outfmt 0's text; units, frames and run details (7.8s)
  ✓  105 [firefox] › tests/e2e/results.spec.ts:507:3 › BLASTP: the header block is the run's; the Descriptions, Graphic Summary and HSP table are the outfmt 6 rows, the Alignments outfmt 0's text; units, frames and run details (8.2s)
  ✓  107 [firefox] › tests/e2e/results.spec.ts:507:3 › TBLASTX: the header block is the run's; the Descriptions, Graphic Summary and HSP table are the outfmt 6 rows, the Alignments outfmt 0's text; units, frames and run details (3.6s)
  ✓  106 [firefox] › tests/e2e/results.spec.ts:507:3 › TBLASTN: the header block is the run's; the Descriptions, Graphic Summary and HSP table are the outfmt 6 rows, the Alignments outfmt 0's text; units, frames and run details (10.0s)
  ✓  108 [firefox] › tests/e2e/results.spec.ts:841:1 › an HSP that outfmt 0 does not show, and a hit list that may have reached its limit (4.0s)
  ✓  109 [firefox] › tests/e2e/results.spec.ts:929:1 › BLASTN: an HSP of one letter has no orientation in its record; the note points to outfmt 0's Strand= line (2.8s)
  ✓  111 [firefox] › tests/e2e/results.spec.ts:1048:1 › the Alignments: a block per Range; Next, Previous and First Match; the previous and next subject; Ranges far apart in a window (3.9s)
  ✓  110 [firefox] › tests/e2e/results.spec.ts:989:1 › selection by HSP identity: sorting keeps the selected HSP; another subject or query moves it (9.5s)
  ✓  112 [firefox] › tests/e2e/results.spec.ts:1217:1 › many queries; view filters change the view, not the search; the notices tell filtered out, no hits and a failed run apart (4.9s)
  ✓  114 [firefox] › tests/e2e/results.spec.ts:1547:1 › the dot plot: on a desktop screen, a popup that has no room beside a short plot is scrolled into view by the first click (S13b code review 2) (2.7s)
  ✓  113 [firefox] › tests/e2e/results.spec.ts:1396:1 › the dot plot: the HSPs of the pair on a canvas; zoom; choosing an HSP on it or in the list; its popup (4.2s)
  -  116 [firefox] › tests/e2e/screens.spec.ts:44:3 › search screen at the desktop size
  -  117 [firefox] › tests/e2e/screens.spec.ts:44:3 › search screen at the phone size
  -  118 [firefox] › tests/e2e/screens.spec.ts:218:3 › results screen at the desktop size
  -  119 [firefox] › tests/e2e/screens.spec.ts:218:3 › results screen at the phone size
  -  120 [firefox] › tests/e2e/search-measure.spec.ts:90:1 › index, check, exclusion and queueing of many records
  ✓  121 [firefox] › tests/e2e/search.spec.ts:49:1 › a file is summarized with its records, not put in the paste box; files can also be dropped (1.0s)
  ✓  115 [firefox] › tests/e2e/results.spec.ts:1570:1 › narrow screens: the results are no wider than the screen; "Open results" shows them; the tables show the key values first (2.7s)
  ✓  122 [firefox] › tests/e2e/search.spec.ts:84:1 › records: duplicate IDs by number, the engine refuses a record, exclusion, and a run after exclusion (5.5s)
  ✓  123 [firefox] › tests/e2e/search.spec.ts:132:1 › the same subject, another query: the engine keeps the subject (R1) (4.4s)
  -  125 [firefox] › tests/e2e/search.spec.ts:235:1 › cancel a running search; the next one runs
  ✓  124 [firefox] › tests/e2e/search.spec.ts:150:1 › several runs in the queue; the next job is edited while one runs; separate searches as a group (3.3s)
  ✓  126 [firefox] › tests/e2e/search.spec.ts:251:1 › the region of a role with one record: the drag, the fields, the limits and the argv (3.4s)
  -  128 [firefox] › tests/e2e/search.spec.ts:378:1 › the engine's refusals of option values are shown as the engine writes them, and nothing is queued
  ✓  129 [firefox] › tests/e2e/search.spec.ts:405:1 › empty inputs, every record excluded, a sequence without a defline, and BLASTX (2.2s)
  ✓  127 [firefox] › tests/e2e/search.spec.ts:305:1 › the options form: the engine's defaults are not written; tasks, templates and genetic codes (3.8s)
  -  131 [firefox] › tests/e2e/search.spec.ts:449:3 › leaving and returning › the wake lock is held during a search; the page warns before it is left; the state is checked on return
  ✓  130 [firefox] › tests/e2e/search.spec.ts:437:1 › the sequence kind warning is an estimate and does not change the program (1.2s)
  ✓  132 [firefox] › tests/e2e/search.spec.ts:507:1 › the search screen in NCBI's order and words (W4b) (1.7s)
  ✓  134 [firefox] › tests/e2e/search.spec.ts:677:1 › narrow screens put the inputs and the queue one under the other, without horizontal scrolling (1.5s)
  ✓  135 [firefox] › tests/e2e/smoke.spec.ts:4:1 › the page is cross-origin isolated, so the threaded engine can use shared memory (241ms)
  ✓  133 [firefox] › tests/e2e/search.spec.ts:608:1 › Algorithm parameters: closed at start, the changed values marked and counted, the defaults restored; the Job Title and the second button (4.3s)
  ✓  136 [firefox] › tests/e2e/smoke.spec.ts:10:1 › paste, queue, run, view and export with the fake engine (1.6s)
  -  138 [firefox] › tests/e2e/storage.spec.ts:24:1 › a tab keeps its outputs in OPFS under tmp/<session>/runs/<run>/, named by tokens only
  -  139 [firefox] › tests/e2e/storage.spec.ts:47:3 › the next tab removes the data of a tab that is killed, and keeps its own
  -  140 [firefox] › tests/e2e/storage.spec.ts:47:3 › the next tab removes the data of a tab that is closed, and keeps its own
  -  141 [firefox] › tests/e2e/storage.spec.ts:80:1 › two open tabs, started one after the other, never remove each other's data
  -  142 [firefox] › tests/e2e/storage.spec.ts:107:1 › two tabs that start at the same time remove an abandoned session once and keep each other
  -  143 [firefox] › tests/e2e/storage.spec.ts:128:1 › a stopped (frozen) tab keeps its data while another tab starts
  -  144 [firefox] › tests/e2e/storage.spec.ts:147:1 › a run that runs out of storage fails with the reason; earlier results stay and later runs work
  -  145 [webkit] › tests/e2e/browsers.spec.ts:34:3 › BlockStore contract: opfs store in a dedicated worker (without storage full)
  ✓  137 [firefox] › tests/e2e/smoke.spec.ts:42:1 › a BLASTN query of white space only has no record: the engine reads it, and the run ends without a search (2.1s)
pass [memory] write and seal: a block reads back exactly the bytes appended to it
pass [memory] read: any range of a sealed block, and nothing beyond its end
pass [memory] write: the store keeps a copy, so the caller may reuse its buffer
pass [memory] staging: a block cannot be read before it is sealed
pass [memory] seal: a sealed block takes no more bytes and cannot be sealed again
pass [memory] discard: a staged or sealed block disappears and its bytes are freed
pass [memory] create: a path that exists cannot be created again
pass [memory] removeAll: removes one directory, sealed or not, and leaves the rest
pass [memory] paths: empty and relative names are rejected
pass [memory] an empty block can be sealed and read
pass [memory] a large block: 48 MiB in 1 MiB appends reads back unchanged
pass [memory] storage full: an append fails with StorageFullError, the block can only be discarded, and sealed blocks stay readable
  ✓  146 [webkit] › tests/e2e/browsers.spec.ts:34:3 › BlockStore contract: memory store in a dedicated worker (without storage full) (555ms)
  ✓  147 [webkit] › tests/e2e/candidates.spec.ts:154:3 › FakeEngine build › an empty tray says how to add candidates (668ms)
pass [run output] every stream arrives in order and the run commits
pass [run output] many small chunks and one large chunk arrive unchanged
pass [run output] a run without output commits with empty outputs
pass [run output] staging: a run cannot be read before it is committed, and the commit waits for end
pass [run output] an end whose totals disagree fails the commit and discards the run
pass [run output] a message outside the protocol fails the commit
pass [run output] discard drops a staged run and ignores its late chunks
pass [run output] a committed run is kept by discard and removed by delete
pass [run output] two staged runs keep their outputs apart
pass [run output] the writer refuses to write after end
FAIL [run output] storage full: the run fails with the reason, and committed runs stay readable: ContractError: commit: expected a rejection matching /StorageFullError: Not enough temporary storage/, but it resolved
run output contract on the memory store
  ✓  148 [webkit] › tests/e2e/browsers.spec.ts:49:1 › run output contract: a writer in its own worker and the real Data worker (without storage full) (1.2s)
  ✓  150 [webkit] › tests/e2e/browsers.spec.ts:59:1 › the application keeps results in OPFS, or in memory with the reason shown (514ms)
  ✓  149 [webkit] › tests/e2e/candidates.spec.ts:161:3 › FakeEngine build › candidates are added from the Descriptions' marks, the Alignments and the dot plot popup, of two runs; Origins name the runs (6.1s)
  ✓  151 [webkit] › tests/e2e/candidates.spec.ts:289:3 › FakeEngine build › notes, orders, moves and removal; "Show in results" lands on the HSP and says which view filters it cleared (5.6s)
  ✓  152 [webkit] › tests/e2e/candidates.spec.ts:371:3 › FakeEngine build › downloads: the residues of the input at the HSPs (regions, flanks cut at the ends, spanning, complete, queries) and the aligned rows of the HSP records (3.2s)
  -  154 [webkit] › tests/e2e/candidates.spec.ts:548:3 › engine build › BLASTN: a hit on the minus strand of one of two subject records with the same ID; the saved residues are the file's letters at the outfmt 6 intervals
  -  155 [webkit] › tests/e2e/candidates.spec.ts:606:3 › engine build › TBLASTN: the saved subject residues (nt) and query residues (aa) are the files' letters at the outfmt 6 intervals
  -  156 [webkit] › tests/e2e/contracts.spec.ts:32:3 › BlockStore contract: opfs store in a dedicated worker
  -  157 [webkit] › tests/e2e/contracts.spec.ts:32:3 › BlockStore contract: memory store in a dedicated worker
  -  158 [webkit] › tests/e2e/contracts.spec.ts:40:1 › run output contract: a writer in its own worker and the real Data worker (OPFS)
  -  159 [webkit] › tests/e2e/engine.spec.ts:97:1 › record scanner contract: the serial reactor
  -  160 [webkit] › tests/e2e/engine.spec.ts:105:3 › engine input contract: the real EngineGateway at 1 thread(s)
  -  161 [webkit] › tests/e2e/engine.spec.ts:105:3 › engine input contract: the real EngineGateway at 4 thread(s)
  -  162 [webkit] › tests/e2e/engine.spec.ts:132:1 › run output contract: the writer in the Engine worker, the real Data worker (without storage full)
  -  163 [webkit] › tests/e2e/engine.spec.ts:141:1 › V-BR: searches through the application give the expected bytes at 1, 2 and 4 threads
  -  164 [webkit] › tests/e2e/engine.spec.ts:174:1 › R1: searches of one subject with other queries and options reuse it and give the expected bytes
  -  165 [webkit] › tests/e2e/engine.spec.ts:216:1 › a search that builds one thread pool after another runs threaded from a new runtime
  -  166 [webkit] › tests/e2e/engine.spec.ts:241:1 › a cancelled search ends its runtime; the next search runs in a new one with the expected bytes
  -  167 [webkit] › tests/e2e/engine.spec.ts:270:1 › a runtime renewed after every search gives the same bytes and registers the subject again
  -  168 [webkit] › tests/e2e/engine.spec.ts:293:1 › without cross-origin isolation, a threaded search runs on the serial module with the reason
  -  169 [webkit] › tests/e2e/measure.spec.ts:207:1 › dw8: the share of a warm search that subject-only preprocessing can take
  -  170 [webkit] › tests/e2e/measure.spec.ts:238:1 › memory: the linear memory of one instance over repeated searches
  -  171 [webkit] › tests/e2e/measure.spec.ts:272:1 › auto: the search phase at 1, 2 and 4 threads by input size
  -  172 [webkit] › tests/e2e/measure.spec.ts:298:1 › cancel: the time to cancel and to prepare the next search in a new runtime
  -  173 [webkit] › tests/e2e/results-measure.spec.ts:582:3 › 10,000 queries: opening the run, the query picker, finding and sorting
  -  174 [webkit] › tests/e2e/results-measure.spec.ts:582:3 › 100,000 queries: opening the run, the query picker, finding and sorting
  -  175 [webkit] › tests/e2e/results-measure.spec.ts:1030:1 › many HSPs in one query-subject pair: the dot plot and the HSP list
  ✓  153 [webkit] › tests/e2e/candidates.spec.ts:487:3 › FakeEngine build › a phone: the Descriptions' marks and the tray fit the screen; a row shows #, Subject, Range, the note and the actions first (2.9s)
  ✓  176 [webkit] › tests/e2e/results.spec.ts:507:3 › BLASTN: the header block is the run's; the Descriptions, Graphic Summary and HSP table are the outfmt 6 rows, the Alignments outfmt 0's text; units, frames and run details (7.8s)
  ✓  177 [webkit] › tests/e2e/results.spec.ts:507:3 › BLASTP: the header block is the run's; the Descriptions, Graphic Summary and HSP table are the outfmt 6 rows, the Alignments outfmt 0's text; units, frames and run details (8.1s)
  ✓  179 [webkit] › tests/e2e/results.spec.ts:507:3 › TBLASTX: the header block is the run's; the Descriptions, Graphic Summary and HSP table are the outfmt 6 rows, the Alignments outfmt 0's text; units, frames and run details (3.0s)
  ✓  180 [webkit] › tests/e2e/results.spec.ts:841:1 › an HSP that outfmt 0 does not show, and a hit list that may have reached its limit (2.7s)
  ✓  178 [webkit] › tests/e2e/results.spec.ts:507:3 › TBLASTN: the header block is the run's; the Descriptions, Graphic Summary and HSP table are the outfmt 6 rows, the Alignments outfmt 0's text; units, frames and run details (8.3s)
  ✓  181 [webkit] › tests/e2e/results.spec.ts:929:1 › BLASTN: an HSP of one letter has no orientation in its record; the note points to outfmt 0's Strand= line (3.0s)
  ✓  183 [webkit] › tests/e2e/results.spec.ts:1048:1 › the Alignments: a block per Range; Next, Previous and First Match; the previous and next subject; Ranges far apart in a window (4.3s)
  ✓  182 [webkit] › tests/e2e/results.spec.ts:989:1 › selection by HSP identity: sorting keeps the selected HSP; another subject or query moves it (10.8s)
  ✓  184 [webkit] › tests/e2e/results.spec.ts:1217:1 › many queries; view filters change the view, not the search; the notices tell filtered out, no hits and a failed run apart (5.7s)
  ✓  186 [webkit] › tests/e2e/results.spec.ts:1547:1 › the dot plot: on a desktop screen, a popup that has no room beside a short plot is scrolled into view by the first click (S13b code review 2) (2.8s)
  ✓  185 [webkit] › tests/e2e/results.spec.ts:1396:1 › the dot plot: the HSPs of the pair on a canvas; zoom; choosing an HSP on it or in the list; its popup (4.8s)
  -  188 [webkit] › tests/e2e/screens.spec.ts:44:3 › search screen at the desktop size
  -  189 [webkit] › tests/e2e/screens.spec.ts:44:3 › search screen at the phone size
  -  190 [webkit] › tests/e2e/screens.spec.ts:218:3 › results screen at the desktop size
  -  191 [webkit] › tests/e2e/screens.spec.ts:218:3 › results screen at the phone size
  -  192 [webkit] › tests/e2e/search-measure.spec.ts:90:1 › index, check, exclusion and queueing of many records
  ✓  193 [webkit] › tests/e2e/search.spec.ts:49:1 › a file is summarized with its records, not put in the paste box; files can also be dropped (1.0s)
  ✓  187 [webkit] › tests/e2e/results.spec.ts:1570:1 › narrow screens: the results are no wider than the screen; "Open results" shows them; the tables show the key values first (3.0s)
  ✓  194 [webkit] › tests/e2e/search.spec.ts:84:1 › records: duplicate IDs by number, the engine refuses a record, exclusion, and a run after exclusion (4.1s)
  ✓  195 [webkit] › tests/e2e/search.spec.ts:132:1 › the same subject, another query: the engine keeps the subject (R1) (3.5s)
  -  197 [webkit] › tests/e2e/search.spec.ts:235:1 › cancel a running search; the next one runs
  ✓  196 [webkit] › tests/e2e/search.spec.ts:150:1 › several runs in the queue; the next job is edited while one runs; separate searches as a group (2.7s)
  ✓  198 [webkit] › tests/e2e/search.spec.ts:251:1 › the region of a role with one record: the drag, the fields, the limits and the argv (2.9s)
  -  200 [webkit] › tests/e2e/search.spec.ts:378:1 › the engine's refusals of option values are shown as the engine writes them, and nothing is queued
  ✓  199 [webkit] › tests/e2e/search.spec.ts:305:1 › the options form: the engine's defaults are not written; tasks, templates and genetic codes (3.1s)
  ✓  201 [webkit] › tests/e2e/search.spec.ts:405:1 › empty inputs, every record excluded, a sequence without a defline, and BLASTX (1.9s)
  -  203 [webkit] › tests/e2e/search.spec.ts:449:3 › leaving and returning › the wake lock is held during a search; the page warns before it is left; the state is checked on return
  ✓  202 [webkit] › tests/e2e/search.spec.ts:437:1 › the sequence kind warning is an estimate and does not change the program (1.0s)
  ✓  204 [webkit] › tests/e2e/search.spec.ts:507:1 › the search screen in NCBI's order and words (W4b) (2.5s)
  ✓  205 [webkit] › tests/e2e/search.spec.ts:608:1 › Algorithm parameters: closed at start, the changed values marked and counted, the defaults restored; the Job Title and the second button (3.4s)
  ✓  207 [webkit] › tests/e2e/smoke.spec.ts:4:1 › the page is cross-origin isolated, so the threaded engine can use shared memory (500ms)
  ✓  206 [webkit] › tests/e2e/search.spec.ts:677:1 › narrow screens put the inputs and the queue one under the other, without horizontal scrolling (2.0s)
  ✓  209 [webkit] › tests/e2e/smoke.spec.ts:42:1 › a BLASTN query of white space only has no record: the engine reads it, and the run ends without a search (1.3s)
  -  210 [webkit] › tests/e2e/storage.spec.ts:24:1 › a tab keeps its outputs in OPFS under tmp/<session>/runs/<run>/, named by tokens only
  -  211 [webkit] › tests/e2e/storage.spec.ts:47:3 › the next tab removes the data of a tab that is killed, and keeps its own
  -  212 [webkit] › tests/e2e/storage.spec.ts:47:3 › the next tab removes the data of a tab that is closed, and keeps its own
  -  213 [webkit] › tests/e2e/storage.spec.ts:80:1 › two open tabs, started one after the other, never remove each other's data
  ✓  208 [webkit] › tests/e2e/smoke.spec.ts:10:1 › paste, queue, run, view and export with the fake engine (1.5s)
  -  214 [webkit] › tests/e2e/storage.spec.ts:107:1 › two tabs that start at the same time remove an abandoned session once and keep each other
  -  215 [webkit] › tests/e2e/storage.spec.ts:128:1 › a stopped (frozen) tab keeps its data while another tab starts
  -  216 [webkit] › tests/e2e/storage.spec.ts:147:1 › a run that runs out of storage fails with the reason; earlier results stay and later runs work

  106 skipped
  110 passed (3.5m)
