
> losat-web@0.0.0 e2e
> playwright test --reporter=list

[WebServer] (!) Your Vite config uses features that are unsupported by `configLoader: 'native'`, which is planned to become the default in a future major version of Vite:
[WebServer]   - import "./output-format" without a file extension (src/domain/verification.ts:9:35). Add the file extension
[WebServer]   - import "./programs" without a file extension (src/domain/verification.ts:10:32). Add the file extension
[WebServer] Set `VITE_CONFIG_NATIVE_IGNORE_WARNING=true` to suppress this warning.
[WebServer] (!) Your Vite config uses features that are unsupported by `configLoader: 'native'`, which is planned to become the default in a future major version of Vite:
[WebServer]   - import "./output-format" without a file extension (src/domain/verification.ts:9:35). Add the file extension
[WebServer]   - import "./programs" without a file extension (src/domain/verification.ts:10:32). Add the file extension
[WebServer] Set `VITE_CONFIG_NATIVE_IGNORE_WARNING=true` to suppress this warning.

Running 216 tests using 2 workers

  -    1 [chromium] › tests/e2e/browsers.spec.ts:49:1 › run output contract: a writer in its own worker and the real Data worker (without storage full)
  -    2 [chromium] › tests/e2e/browsers.spec.ts:34:3 › BlockStore contract: opfs store in a dedicated worker (without storage full)
  -    3 [chromium] › tests/e2e/browsers.spec.ts:59:1 › the application keeps results in OPFS, or in memory with the reason shown
  -    5 [chromium] › tests/e2e/candidates.spec.ts:154:3 › FakeEngine build › an empty tray says how to add candidates
  -    6 [chromium] › tests/e2e/candidates.spec.ts:161:3 › FakeEngine build › candidates are added from the Descriptions' marks, the Alignments and the dot plot popup, of two runs; Origins name the runs
  -    7 [chromium] › tests/e2e/candidates.spec.ts:289:3 › FakeEngine build › notes, orders, moves and removal; "Show in results" lands on the HSP and says which view filters it cleared
  -    8 [chromium] › tests/e2e/candidates.spec.ts:371:3 › FakeEngine build › downloads: the residues of the input at the HSPs (regions, flanks cut at the ends, spanning, complete, queries) and the aligned rows of the HSP records
  -    9 [chromium] › tests/e2e/candidates.spec.ts:487:3 › FakeEngine build › a phone: the Descriptions' marks and the tray fit the screen; a row shows #, Subject, Range, the note and the actions first
  -    4 [chromium] › tests/e2e/browsers.spec.ts:34:3 › BlockStore contract: memory store in a dedicated worker (without storage full)
  ✓   10 [chromium] › tests/e2e/candidates.spec.ts:548:3 › engine build › BLASTN: a hit on the minus strand of one of two subject records with the same ID; the saved residues are the file's letters at the outfmt 6 intervals (1.3s)
  ✓   11 [chromium] › tests/e2e/candidates.spec.ts:606:3 › engine build › TBLASTN: the saved subject residues (nt) and query residues (aa) are the files' letters at the outfmt 6 intervals (1.3s)
pass [opfs] write and seal: a block reads back exactly the bytes appended to it
pass [opfs] read: any range of a sealed block, and nothing beyond its end
pass [opfs] write: the store keeps a copy, so the caller may reuse its buffer
pass [opfs] staging: a block cannot be read before it is sealed
pass [opfs] seal: a sealed block takes no more bytes and cannot be sealed again
pass [opfs] discard: a staged or sealed block disappears and its bytes are freed
pass [opfs] create: a path that exists cannot be created again
pass [run output] every stream arrives in order and the run commits
pass [opfs] removeAll: removes one directory, sealed or not, and leaves the rest
pass [opfs] paths: empty and relative names are rejected
pass [opfs] an empty block can be sealed and read
pass [run output] many small chunks and one large chunk arrive unchanged
pass [run output] a run without output commits with empty outputs
pass [opfs] a large block: 48 MiB in 1 MiB appends reads back unchanged
pass [opfs] storage full: an append fails with StorageFullError, the block can only be discarded, and sealed blocks stay readable
  ✓   12 [chromium] › tests/e2e/contracts.spec.ts:32:3 › BlockStore contract: opfs store in a dedicated worker (715ms)
pass [run output] staging: a run cannot be read before it is committed, and the commit waits for end
pass [run output] an end whose totals disagree fails the commit and discards the run
pass [run output] a message outside the protocol fails the commit
pass [memory] write and seal: a block reads back exactly the bytes appended to it
pass [memory] read: any range of a sealed block, and nothing beyond its end
pass [memory] write: the store keeps a copy, so the caller may reuse its buffer
pass [memory] staging: a block cannot be read before it is sealed
pass [memory] seal: a sealed block takes no more bytes and cannot be sealed again
pass [memory] discard: a staged or sealed block disappears and its bytes are freed
pass [memory] create: a path that exists cannot be created again
pass [memory] removeAll: removes one directory, sealed or not, and leaves the rest
pass [memory] paths: empty and relative names are rejected
pass [memory] an empty block can be sealed and read
pass [memory] a large block: 48 MiB in 1 MiB appends reads back unchanged
pass [memory] storage full: an append fails with StorageFullError, the block can only be discarded, and sealed blocks stay readable
  ✓   14 [chromium] › tests/e2e/contracts.spec.ts:32:3 › BlockStore contract: memory store in a dedicated worker (448ms)
pass [run output] discard drops a staged run and ignores its late chunks
pass [run output] a committed run is kept by discard and removed by delete
pass [run output] two staged runs keep their outputs apart
pass [run output] the writer refuses to write after end
pass [run output] storage full: the run fails with the reason, and committed runs stay readable
  ✓   13 [chromium] › tests/e2e/contracts.spec.ts:40:1 › run output contract: a writer in its own worker and the real Data worker (OPFS) (1.4s)
pass [record scanner] scan kind 1: several records with regular lines (LF)
pass [record scanner] scan kind 2: several records with regular lines (LF)
pass [record scanner] scan kind 1: CR LF line ends
pass [record scanner] scan kind 2: CR LF line ends
pass [record scanner] scan kind 1: CR line ends
pass [record scanner] scan kind 2: CR line ends
pass [record scanner] scan kind 1: LF and CR LF line ends in one file
pass [record scanner] scan kind 2: LF and CR LF line ends in one file
pass [record scanner] scan kind 1: lower case residues are counted upper-cased
pass [record scanner] scan kind 2: lower case residues are counted upper-cased
pass [record scanner] scan kind 1: comment lines (!, # and ;) before and inside records
pass [record scanner] scan kind 2: comment lines (!, # and ;) before and inside records
pass [record scanner] scan kind 1: ; ends the data of a line
pass [record scanner] scan kind 2: ; ends the data of a line
pass [record scanner] scan kind 1: blank lines and white space
pass [record scanner] scan kind 2: blank lines and white space
pass [record scanner] scan kind 1: a first record without a defline
pass [record scanner] scan kind 2: a first record without a defline
pass [record scanner] scan kind 1: a first record without a defline after a comment line
pass [record scanner] scan kind 2: a first record without a defline after a comment line
pass [record scanner] scan kind 1: records without residues, the last a defline without a newline
pass [record scanner] scan kind 2: records without residues, the last a defline without a newline
pass [record scanner] scan kind 1: U is stored as T in kind 1
pass [record scanner] scan kind 2: U is stored as T in kind 1
pass [record scanner] scan kind 1: * and the protein letters are stored in kind 2 only
pass [record scanner] scan kind 2: * and the protein letters are stored in kind 2 only
pass [record scanner] scan kind 1: bytes that the kind does not store are skipped
pass [record scanner] scan kind 2: bytes that the kind does not store are skipped
pass [record scanner] scan kind 1: the ID is the title up to its first space, after the white space that follows >
pass [record scanner] scan kind 2: the ID is the title up to its first space, after the white space that follows >
pass [record scanner] scan kind 1: a non-ASCII title
pass [record scanner] scan kind 2: a non-ASCII title
pass [record scanner] scan kind 1: an empty input has no records
pass [record scanner] scan kind 2: an empty input has no records
pass [record scanner] scan kind 1: white space, blank and comment lines only have no records
pass [record scanner] scan kind 2: white space, blank and comment lines only have no records
pass [record scanner] scan kind 1: a long record (4 checkpoints) with lines of 60 and 61 residues
pass [record scanner] scan kind 2: a long record (4 checkpoints) with lines of 60 and 61 residues
pass [record scanner] scan kind 1: a long record with regular 80-residue lines
multi.blastn n=1: subject registered
multi.megablast n=1: subject retained
iupac.beyond_table.blastn n=1: subject retained
rna.megablast n=1: subject retained
multi.mts3.blastn n=1: subject retained
pass [record scanner] scan kind 2: a long record with regular 80-residue lines
pass [record scanner] scan: a multi-byte character split across chunks
pass [record scanner] scan: an unknown parser kind is refused
  ✓   15 [chromium] › tests/e2e/engine.spec.ts:97:1 › record scanner contract: the serial reactor (645ms)
multi.ws7_e1000.blastn n=4: subject registered
multi.besthit.blastn n=4: subject retained
tblastx.multi n=1: subject registered
pass [engine input] register: the run proceeds when the record tables agree
tblastx.batch n=1: subject retained
tblastx.mts1 n=4: subject registered
tblastx.thrwin n=4: subject retained
pass [engine input] register: a query record with another ID stops the run before any output
pass [engine input] register: a subject record with another length stops the run before any output
pass [engine input] register: a missing record stops the run before any output
  ✓   17 [chromium] › tests/e2e/engine.spec.ts:105:3 › engine input contract: the real EngineGateway at 1 thread(s) (1.1s)
pass [engine input] register: the run proceeds when the record tables agree
  ✓   16 [chromium] › tests/e2e/engine.spec.ts:174:1 › R1: searches of one subject with other queries and options reuse it and give the expected bytes (1.7s)
pass [engine input] register: a query record with another ID stops the run before any output
pass [engine input] register: a subject record with another length stops the run before any output
pass [engine input] register: a missing record stops the run before any output
  ✓   18 [chromium] › tests/e2e/engine.spec.ts:105:3 › engine input contract: the real EngineGateway at 4 thread(s) (1.1s)
pass [run output, Engine worker] every stream arrives in order and the run commits
pass [run output, Engine worker] many small chunks and one large chunk arrive unchanged
pass [run output, Engine worker] a run without output commits with empty outputs
pass [run output, Engine worker] staging: a run cannot be read before it is committed, and the commit waits for end
pass [run output, Engine worker] an end whose totals disagree fails the commit and discards the run
pass [run output, Engine worker] a message outside the protocol fails the commit
pass [run output, Engine worker] discard drops a staged run and ignores its late chunks
pass [run output, Engine worker] a committed run is kept by discard and removed by delete
pass [run output, Engine worker] two staged runs keep their outputs apart
pass [run output, Engine worker] the writer refuses to write after end
FAIL [run output, Engine worker] storage full: the run fails with the reason, and committed runs stay readable: ContractError: commit: expected a rejection matching /StorageFullError: Not enough temporary storage/, but it resolved
  ✓   20 [chromium] › tests/e2e/engine.spec.ts:132:1 › run output contract: the writer in the Engine worker, the real Data worker (without storage full) (1.1s)
completed compact.blastn n=1 n=1 190 ms
completed compact.blastn n=2 n=2 43 ms
completed compact.blastn n=4 n=4 35 ms
completed multi.blastn n=1 n=1 25 ms
completed multi.blastn n=2 n=2 28 ms
completed multi.blastn n=4 n=4 28 ms
completed mask.lcase.megablast n=1 n=1 19 ms
completed mask.lcase.megablast n=2 n=2 21 ms
completed mask.lcase.megablast n=4 n=4 26 ms
completed width.blastp n=1 n=1 36 ms
completed width.blastp n=2 n=2 37 ms
completed width.blastp n=4 n=4 29 ms
completed width.tblastn n=1 n=1 25 ms
completed width.tblastn n=2 n=2 30 ms
completed width.tblastn n=4 n=4 26 ms
completed tblastx.multi n=1 n=1 92 ms
completed tblastx.multi n=2 n=2 121 ms
completed tblastx.multi n=4 n=4 96 ms
completed tblastn.code4 n=1 n=1 36 ms
completed tblastn.code4 n=2 n=2 45 ms
completed tblastn.code4 n=4 n=4 43 ms
completed tblastn.batches n=1 n=1 930 ms
completed tblastn.query_batches n=2 n=2 4575 ms
completed tblastn.batches n=2 n=2 764 ms
completed tblastn.batches n=4 n=4 755 ms
completed tblastx.threaded-direct n=1 n=1 48 ms
completed tblastx.threaded-direct n=2 n=2 52 ms
completed tblastx.threaded-direct n=4 n=4 50 ms
  ✓   21 [chromium] › tests/e2e/engine.spec.ts:141:1 › V-BR: searches through the application give the expected bytes at 1, 2 and 4 threads (6.2s)
  -   22 [chromium] › tests/e2e/measure.spec.ts:207:1 › dw8: the share of a warm search that subject-only preprocessing can take
  -   23 [chromium] › tests/e2e/measure.spec.ts:238:1 › memory: the linear memory of one instance over repeated searches
  -   24 [chromium] › tests/e2e/measure.spec.ts:272:1 › auto: the search phase at 1, 2 and 4 threads by input size
  -   25 [chromium] › tests/e2e/measure.spec.ts:298:1 › cancel: the time to cancel and to prepare the next search in a new runtime
  -   26 [chromium] › tests/e2e/results-measure.spec.ts:582:3 › 10,000 queries: opening the run, the query picker, finding and sorting
  -   27 [chromium] › tests/e2e/results-measure.spec.ts:582:3 › 100,000 queries: opening the run, the query picker, finding and sorting
  -   28 [chromium] › tests/e2e/results-measure.spec.ts:1030:1 › many HSPs in one query-subject pair: the dot plot and the HSP list
  ✓   29 [chromium] › tests/e2e/results.spec.ts:507:3 › BLASTN: the header block is the run's; the Descriptions, Graphic Summary and HSP table are the outfmt 6 rows, the Alignments outfmt 0's text; units, frames and run details (3.6s)
  ✓   30 [chromium] › tests/e2e/results.spec.ts:507:3 › BLASTP: the header block is the run's; the Descriptions, Graphic Summary and HSP table are the outfmt 6 rows, the Alignments outfmt 0's text; units, frames and run details (6.4s)
completed tblastn.query_batches n=4 n=4 4274 ms
  ✓   19 [chromium] › tests/e2e/engine.spec.ts:216:1 › a search that builds one thread pool after another runs threaded from a new runtime (19.4s)
cancel n=1: cancelled in 2 ms; next search prepared in 16 ms
cancel n=4: cancelled in 3 ms; next search prepared in 40 ms
  ✓   32 [chromium] › tests/e2e/engine.spec.ts:241:1 › a cancelled search ends its runtime; the next search runs in a new one with the expected bytes (1.3s)
renewed 0 n=1: subject registered
renewed 1 n=1: subject retained
renewed 2 n=4: subject registered
renewed 3 n=4: subject retained
renewed 0 n=1: subject registered
renewed 1 n=1: subject registered
renewed 2 n=4: subject registered
renewed 3 n=4: subject registered
  ✓   33 [chromium] › tests/e2e/engine.spec.ts:270:1 › a runtime renewed after every search gives the same bytes and registers the subject again (646ms)
completed compact.blastn n=4 n=4 173 ms
  ✓   34 [chromium] › tests/e2e/engine.spec.ts:293:1 › without cross-origin isolation, a threaded search runs on the serial module with the reason (255ms)
  ✓   31 [chromium] › tests/e2e/results.spec.ts:507:3 › TBLASTN: the header block is the run's; the Descriptions, Graphic Summary and HSP table are the outfmt 6 rows, the Alignments outfmt 0's text; units, frames and run details (5.1s)
  ✓   36 [chromium] › tests/e2e/results.spec.ts:841:1 › an HSP that outfmt 0 does not show, and a hit list that may have reached its limit (2.1s)
  ✓   35 [chromium] › tests/e2e/results.spec.ts:507:3 › TBLASTX: the header block is the run's; the Descriptions, Graphic Summary and HSP table are the outfmt 6 rows, the Alignments outfmt 0's text; units, frames and run details (5.3s)
  ✓   37 [chromium] › tests/e2e/results.spec.ts:929:1 › BLASTN: an HSP of one letter has no orientation in its record; the note points to outfmt 0's Strand= line (2.5s)
  ✓   38 [chromium] › tests/e2e/results.spec.ts:989:1 › selection by HSP identity: sorting keeps the selected HSP; another subject or query moves it (7.3s)
  ✓   39 [chromium] › tests/e2e/results.spec.ts:1048:1 › the Alignments: a block per Range; Next, Previous and First Match; the previous and next subject; Ranges far apart in a window (10.7s)
  ✓   40 [chromium] › tests/e2e/results.spec.ts:1217:1 › many queries; view filters change the view, not the search; the notices tell filtered out, no hits and a failed run apart (6.8s)
  ✓   41 [chromium] › tests/e2e/results.spec.ts:1396:1 › the dot plot: the HSPs of the pair on a canvas; zoom; choosing an HSP on it or in the list; its popup (3.9s)
  ✓   42 [chromium] › tests/e2e/results.spec.ts:1547:1 › the dot plot: on a desktop screen, a popup that has no room beside a short plot is scrolled into view by the first click (S13b code review 2) (1.8s)
  -   44 [chromium] › tests/e2e/screens.spec.ts:44:3 › search screen at the desktop size
  -   45 [chromium] › tests/e2e/screens.spec.ts:44:3 › search screen at the phone size
  -   46 [chromium] › tests/e2e/screens.spec.ts:218:3 › results screen at the desktop size
  -   47 [chromium] › tests/e2e/screens.spec.ts:218:3 › results screen at the phone size
  -   48 [chromium] › tests/e2e/search-measure.spec.ts:90:1 › index, check, exclusion and queueing of many records
  ✓   49 [chromium] › tests/e2e/search.spec.ts:49:1 › a file is summarized with its records, not put in the paste box; files can also be dropped (334ms)
  ✓   43 [chromium] › tests/e2e/results.spec.ts:1570:1 › narrow screens: the results are no wider than the screen; "Open results" shows them; the tables show the key values first (1.7s)
  ✓   51 [chromium] › tests/e2e/search.spec.ts:132:1 › the same subject, another query: the engine keeps the subject (R1) (2.6s)
  ✓   50 [chromium] › tests/e2e/search.spec.ts:84:1 › records: duplicate IDs by number, the engine refuses a record, exclusion, and a run after exclusion (4.2s)
  ✓   53 [chromium] › tests/e2e/search.spec.ts:235:1 › cancel a running search; the next one runs (1.9s)
  ✓   52 [chromium] › tests/e2e/search.spec.ts:150:1 › several runs in the queue; the next job is edited while one runs; separate searches as a group (2.8s)
  ✓   54 [chromium] › tests/e2e/search.spec.ts:251:1 › the region of a role with one record: the drag, the fields, the limits and the argv (2.9s)
  ✓   55 [chromium] › tests/e2e/search.spec.ts:305:1 › the options form: the engine's defaults are not written; tasks, templates and genetic codes (5.3s)
  ✓   56 [chromium] › tests/e2e/search.spec.ts:378:1 › the engine's refusals of option values are shown as the engine writes them, and nothing is queued (4.4s)
  ✓   58 [chromium] › tests/e2e/search.spec.ts:437:1 › the sequence kind warning is an estimate and does not change the program (988ms)
  ✓   57 [chromium] › tests/e2e/search.spec.ts:405:1 › empty inputs, every record excluded, a sequence without a defline, and BLASTX (3.7s)
  ✓   59 [chromium] › tests/e2e/search.spec.ts:449:3 › leaving and returning › the wake lock is held during a search; the page warns before it is left; the state is checked on return (2.1s)
  ✓   60 [chromium] › tests/e2e/search.spec.ts:507:1 › the search screen in NCBI's order and words (W4b) (1.6s)
  ✓   62 [chromium] › tests/e2e/search.spec.ts:677:1 › narrow screens put the inputs and the queue one under the other, without horizontal scrolling (818ms)
  ✓   63 [chromium] › tests/e2e/smoke.spec.ts:4:1 › the page is cross-origin isolated, so the threaded engine can use shared memory (111ms)
  ✓   64 [chromium] › tests/e2e/smoke.spec.ts:10:1 › paste, queue, run, view and export with the engine (726ms)
  ✓   61 [chromium] › tests/e2e/search.spec.ts:608:1 › Algorithm parameters: closed at start, the changed values marked and counted, the defaults restored; the Job Title and the second button (2.5s)
  ✓   65 [chromium] › tests/e2e/smoke.spec.ts:42:1 › a BLASTN query of white space only has no record: the engine reads it, and the run ends without a search (854ms)
  ✓   66 [chromium] › tests/e2e/storage.spec.ts:24:1 › a tab keeps its outputs in OPFS under tmp/<session>/runs/<run>/, named by tokens only (790ms)
  ✓   67 [chromium] › tests/e2e/storage.spec.ts:47:3 › the next tab removes the data of a tab that is killed, and keeps its own (1.7s)
  ✓   68 [chromium] › tests/e2e/storage.spec.ts:47:3 › the next tab removes the data of a tab that is closed, and keeps its own (1.8s)
  ✓   70 [chromium] › tests/e2e/storage.spec.ts:107:1 › two tabs that start at the same time remove an abandoned session once and keep each other (1.4s)
  ✓   69 [chromium] › tests/e2e/storage.spec.ts:80:1 › two open tabs, started one after the other, never remove each other's data (2.4s)
  ✓   71 [chromium] › tests/e2e/storage.spec.ts:128:1 › a stopped (frozen) tab keeps its data while another tab starts (1.3s)
  ✓   72 [chromium] › tests/e2e/storage.spec.ts:147:1 › a run that runs out of storage fails with the reason; earlier results stay and later runs work (1.6s)
pass [opfs] write and seal: a block reads back exactly the bytes appended to it
pass [opfs] read: any range of a sealed block, and nothing beyond its end
pass [opfs] write: the store keeps a copy, so the caller may reuse its buffer
pass [opfs] staging: a block cannot be read before it is sealed
pass [opfs] seal: a sealed block takes no more bytes and cannot be sealed again
pass [opfs] discard: a staged or sealed block disappears and its bytes are freed
pass [opfs] create: a path that exists cannot be created again
pass [opfs] removeAll: removes one directory, sealed or not, and leaves the rest
pass [opfs] paths: empty and relative names are rejected
pass [opfs] an empty block can be sealed and read
pass [run output] every stream arrives in order and the run commits
pass [opfs] a large block: 48 MiB in 1 MiB appends reads back unchanged
FAIL [opfs] storage full: an append fails with StorageFullError, the block can only be discarded, and sealed blocks stay readable: ContractError: an append beyond the storage: expected an error matching /StorageFullError/, but nothing was thrown
  ✓   73 [firefox] › tests/e2e/browsers.spec.ts:34:3 › BlockStore contract: opfs store in a dedicated worker (without storage full) (2.4s)
pass [run output] many small chunks and one large chunk arrive unchanged
pass [memory] write and seal: a block reads back exactly the bytes appended to it
pass [memory] read: any range of a sealed block, and nothing beyond its end
pass [memory] write: the store keeps a copy, so the caller may reuse its buffer
pass [memory] staging: a block cannot be read before it is sealed
pass [memory] seal: a sealed block takes no more bytes and cannot be sealed again
pass [memory] discard: a staged or sealed block disappears and its bytes are freed
pass [memory] create: a path that exists cannot be created again
pass [memory] removeAll: removes one directory, sealed or not, and leaves the rest
pass [memory] paths: empty and relative names are rejected
pass [memory] an empty block can be sealed and read
pass [run output] a run without output commits with empty outputs
pass [memory] a large block: 48 MiB in 1 MiB appends reads back unchanged
pass [memory] storage full: an append fails with StorageFullError, the block can only be discarded, and sealed blocks stay readable
  ✓   75 [firefox] › tests/e2e/browsers.spec.ts:34:3 › BlockStore contract: memory store in a dedicated worker (without storage full) (486ms)
  -   76 [firefox] › tests/e2e/candidates.spec.ts:154:3 › FakeEngine build › an empty tray says how to add candidates
  -   77 [firefox] › tests/e2e/candidates.spec.ts:161:3 › FakeEngine build › candidates are added from the Descriptions' marks, the Alignments and the dot plot popup, of two runs; Origins name the runs
  -   78 [firefox] › tests/e2e/candidates.spec.ts:289:3 › FakeEngine build › notes, orders, moves and removal; "Show in results" lands on the HSP and says which view filters it cleared
  -   79 [firefox] › tests/e2e/candidates.spec.ts:371:3 › FakeEngine build › downloads: the residues of the input at the HSPs (regions, flanks cut at the ends, spanning, complete, queries) and the aligned rows of the HSP records
  -   80 [firefox] › tests/e2e/candidates.spec.ts:487:3 › FakeEngine build › a phone: the Descriptions' marks and the tray fit the screen; a row shows #, Subject, Range, the note and the actions first
pass [run output] staging: a run cannot be read before it is committed, and the commit waits for end
pass [run output] an end whose totals disagree fails the commit and discards the run
pass [run output] a message outside the protocol fails the commit
pass [run output] discard drops a staged run and ignores its late chunks
pass [run output] a committed run is kept by discard and removed by delete
pass [run output] two staged runs keep their outputs apart
pass [run output] the writer refuses to write after end
  ✓   81 [firefox] › tests/e2e/candidates.spec.ts:548:3 › engine build › BLASTN: a hit on the minus strand of one of two subject records with the same ID; the saved residues are the file's letters at the outfmt 6 intervals (2.2s)
FAIL [run output] storage full: the run fails with the reason, and committed runs stay readable: ContractError: commit: expected a rejection matching /StorageFullError: Not enough temporary storage/, but it resolved
run output contract on the opfs store
  ✓   74 [firefox] › tests/e2e/browsers.spec.ts:49:1 › run output contract: a writer in its own worker and the real Data worker (without storage full) (4.4s)
  ✓   83 [firefox] › tests/e2e/browsers.spec.ts:59:1 › the application keeps results in OPFS, or in memory with the reason shown (450ms)
  -   84 [firefox] › tests/e2e/contracts.spec.ts:32:3 › BlockStore contract: opfs store in a dedicated worker
  -   85 [firefox] › tests/e2e/contracts.spec.ts:32:3 › BlockStore contract: memory store in a dedicated worker
  -   86 [firefox] › tests/e2e/contracts.spec.ts:40:1 › run output contract: a writer in its own worker and the real Data worker (OPFS)
pass [record scanner] scan kind 1: several records with regular lines (LF)
pass [record scanner] scan kind 2: several records with regular lines (LF)
pass [record scanner] scan kind 1: CR LF line ends
pass [record scanner] scan kind 2: CR LF line ends
pass [record scanner] scan kind 1: CR line ends
pass [record scanner] scan kind 2: CR line ends
pass [record scanner] scan kind 1: LF and CR LF line ends in one file
pass [record scanner] scan kind 2: LF and CR LF line ends in one file
pass [record scanner] scan kind 1: lower case residues are counted upper-cased
pass [record scanner] scan kind 2: lower case residues are counted upper-cased
pass [record scanner] scan kind 1: comment lines (!, # and ;) before and inside records
pass [record scanner] scan kind 2: comment lines (!, # and ;) before and inside records
pass [record scanner] scan kind 1: ; ends the data of a line
pass [record scanner] scan kind 2: ; ends the data of a line
pass [record scanner] scan kind 1: blank lines and white space
pass [record scanner] scan kind 2: blank lines and white space
pass [record scanner] scan kind 1: a first record without a defline
pass [record scanner] scan kind 2: a first record without a defline
pass [record scanner] scan kind 1: a first record without a defline after a comment line
pass [record scanner] scan kind 2: a first record without a defline after a comment line
pass [record scanner] scan kind 1: records without residues, the last a defline without a newline
pass [record scanner] scan kind 2: records without residues, the last a defline without a newline
pass [record scanner] scan kind 1: U is stored as T in kind 1
pass [record scanner] scan kind 2: U is stored as T in kind 1
pass [record scanner] scan kind 1: * and the protein letters are stored in kind 2 only
pass [record scanner] scan kind 2: * and the protein letters are stored in kind 2 only
pass [record scanner] scan kind 1: bytes that the kind does not store are skipped
pass [record scanner] scan kind 2: bytes that the kind does not store are skipped
pass [record scanner] scan kind 1: the ID is the title up to its first space, after the white space that follows >
pass [record scanner] scan kind 2: the ID is the title up to its first space, after the white space that follows >
pass [record scanner] scan kind 1: a non-ASCII title
pass [record scanner] scan kind 2: a non-ASCII title
pass [record scanner] scan kind 1: an empty input has no records
pass [record scanner] scan kind 2: an empty input has no records
pass [record scanner] scan kind 1: white space, blank and comment lines only have no records
pass [record scanner] scan kind 2: white space, blank and comment lines only have no records
  ✓   82 [firefox] › tests/e2e/candidates.spec.ts:606:3 › engine build › TBLASTN: the saved subject residues (nt) and query residues (aa) are the files' letters at the outfmt 6 intervals (2.7s)
pass [record scanner] scan kind 1: a long record (4 checkpoints) with lines of 60 and 61 residues
multi.blastn n=1: subject registered
multi.megablast n=1: subject retained
iupac.beyond_table.blastn n=1: subject retained
pass [record scanner] scan kind 2: a long record (4 checkpoints) with lines of 60 and 61 residues
rna.megablast n=1: subject retained
multi.mts3.blastn n=1: subject retained
multi.ws7_e1000.blastn n=4: subject registered
multi.besthit.blastn n=4: subject retained
tblastx.multi n=1: subject registered
pass [record scanner] scan kind 1: a long record with regular 80-residue lines
tblastx.batch n=1: subject retained
tblastx.mts1 n=4: subject registered
tblastx.thrwin n=4: subject retained
pass [record scanner] scan kind 2: a long record with regular 80-residue lines
pass [record scanner] scan: a multi-byte character split across chunks
pass [record scanner] scan: an unknown parser kind is refused
  ✓   87 [firefox] › tests/e2e/engine.spec.ts:97:1 › record scanner contract: the serial reactor (5.7s)
pass [engine input] register: the run proceeds when the record tables agree
pass [engine input] register: a query record with another ID stops the run before any output
  ✓   88 [firefox] › tests/e2e/engine.spec.ts:174:1 › R1: searches of one subject with other queries and options reuse it and give the expected bytes (4.5s)
pass [engine input] register: a subject record with another length stops the run before any output
pass [engine input] register: a missing record stops the run before any output
  ✓   89 [firefox] › tests/e2e/engine.spec.ts:105:3 › engine input contract: the real EngineGateway at 1 thread(s) (1.2s)
pass [engine input] register: the run proceeds when the record tables agree
pass [engine input] register: a query record with another ID stops the run before any output
pass [engine input] register: a subject record with another length stops the run before any output
pass [engine input] register: a missing record stops the run before any output
  ✓   91 [firefox] › tests/e2e/engine.spec.ts:105:3 › engine input contract: the real EngineGateway at 4 thread(s) (1.3s)
pass [run output, Engine worker] every stream arrives in order and the run commits
pass [run output, Engine worker] many small chunks and one large chunk arrive unchanged
pass [run output, Engine worker] a run without output commits with empty outputs
pass [run output, Engine worker] staging: a run cannot be read before it is committed, and the commit waits for end
pass [run output, Engine worker] an end whose totals disagree fails the commit and discards the run
pass [run output, Engine worker] a message outside the protocol fails the commit
pass [run output, Engine worker] discard drops a staged run and ignores its late chunks
pass [run output, Engine worker] a committed run is kept by discard and removed by delete
pass [run output, Engine worker] two staged runs keep their outputs apart
pass [run output, Engine worker] the writer refuses to write after end
FAIL [run output, Engine worker] storage full: the run fails with the reason, and committed runs stay readable: ContractError: commit: expected a rejection matching /StorageFullError: Not enough temporary storage/, but it resolved
  ✓   92 [firefox] › tests/e2e/engine.spec.ts:132:1 › run output contract: the writer in the Engine worker, the real Data worker (without storage full) (3.2s)
completed compact.blastn n=1 n=1 433 ms
completed compact.blastn n=2 n=2 178 ms
completed compact.blastn n=4 n=4 196 ms
completed multi.blastn n=1 n=1 169 ms
completed multi.blastn n=2 n=2 191 ms
completed multi.blastn n=4 n=4 182 ms
completed mask.lcase.megablast n=1 n=1 159 ms
completed mask.lcase.megablast n=2 n=2 191 ms
completed mask.lcase.megablast n=4 n=4 178 ms
completed width.blastp n=1 n=1 194 ms
completed width.blastp n=2 n=2 202 ms
completed width.blastp n=4 n=4 175 ms
completed width.tblastn n=1 n=1 204 ms
completed width.tblastn n=2 n=2 206 ms
completed width.tblastn n=4 n=4 184 ms
completed tblastx.multi n=1 n=1 499 ms
completed tblastx.multi n=2 n=2 447 ms
completed tblastx.multi n=4 n=4 420 ms
completed tblastn.code4 n=1 n=1 214 ms
completed tblastn.code4 n=2 n=2 203 ms
completed tblastn.code4 n=4 n=4 206 ms
completed tblastn.batches n=1 n=1 4859 ms
completed tblastn.batches n=2 n=2 4162 ms
completed tblastn.batches n=4 n=4 3856 ms
completed tblastx.threaded-direct n=1 n=1 307 ms
completed tblastx.threaded-direct n=2 n=2 272 ms
completed tblastx.threaded-direct n=4 n=4 281 ms
  ✓   93 [firefox] › tests/e2e/engine.spec.ts:141:1 › V-BR: searches through the application give the expected bytes at 1, 2 and 4 threads (21.3s)
  -   94 [firefox] › tests/e2e/measure.spec.ts:207:1 › dw8: the share of a warm search that subject-only preprocessing can take
  -   95 [firefox] › tests/e2e/measure.spec.ts:238:1 › memory: the linear memory of one instance over repeated searches
  -   96 [firefox] › tests/e2e/measure.spec.ts:272:1 › auto: the search phase at 1, 2 and 4 threads by input size
  -   97 [firefox] › tests/e2e/measure.spec.ts:298:1 › cancel: the time to cancel and to prepare the next search in a new runtime
  -   98 [firefox] › tests/e2e/results-measure.spec.ts:582:3 › 10,000 queries: opening the run, the query picker, finding and sorting
  -   99 [firefox] › tests/e2e/results-measure.spec.ts:582:3 › 100,000 queries: opening the run, the query picker, finding and sorting
  -  100 [firefox] › tests/e2e/results-measure.spec.ts:1030:1 › many HSPs in one query-subject pair: the dot plot and the HSP list
completed tblastn.query_batches n=2 n=2 27843 ms
  ✓  101 [firefox] › tests/e2e/results.spec.ts:507:3 › BLASTN: the header block is the run's; the Descriptions, Graphic Summary and HSP table are the outfmt 6 rows, the Alignments outfmt 0's text; units, frames and run details (4.8s)
  ✓  102 [firefox] › tests/e2e/results.spec.ts:507:3 › BLASTP: the header block is the run's; the Descriptions, Graphic Summary and HSP table are the outfmt 6 rows, the Alignments outfmt 0's text; units, frames and run details (8.8s)
  ✓  103 [firefox] › tests/e2e/results.spec.ts:507:3 › TBLASTN: the header block is the run's; the Descriptions, Graphic Summary and HSP table are the outfmt 6 rows, the Alignments outfmt 0's text; units, frames and run details (6.9s)
  ✓  104 [firefox] › tests/e2e/results.spec.ts:507:3 › TBLASTX: the header block is the run's; the Descriptions, Graphic Summary and HSP table are the outfmt 6 rows, the Alignments outfmt 0's text; units, frames and run details (6.6s)
  ✓  105 [firefox] › tests/e2e/results.spec.ts:841:1 › an HSP that outfmt 0 does not show, and a hit list that may have reached its limit (3.3s)
  ✓  106 [firefox] › tests/e2e/results.spec.ts:929:1 › BLASTN: an HSP of one letter has no orientation in its record; the note points to outfmt 0's Strand= line (2.8s)
completed tblastn.query_batches n=4 n=4 27515 ms
  ✓   90 [firefox] › tests/e2e/engine.spec.ts:216:1 › a search that builds one thread pool after another runs threaded from a new runtime (1.1m)
cancel n=1: cancelled in 93 ms; next search prepared in 118 ms
cancel n=4: cancelled in 75 ms; next search prepared in 142 ms
  ✓  108 [firefox] › tests/e2e/engine.spec.ts:241:1 › a cancelled search ends its runtime; the next search runs in a new one with the expected bytes (2.6s)
  ✓  107 [firefox] › tests/e2e/results.spec.ts:989:1 › selection by HSP identity: sorting keeps the selected HSP; another subject or query moves it (8.8s)
renewed 0 n=1: subject registered
renewed 1 n=1: subject retained
renewed 2 n=4: subject registered
renewed 3 n=4: subject retained
renewed 0 n=1: subject registered
renewed 1 n=1: subject registered
renewed 2 n=4: subject registered
renewed 3 n=4: subject registered
  ✓  109 [firefox] › tests/e2e/engine.spec.ts:270:1 › a runtime renewed after every search gives the same bytes and registers the subject again (2.6s)
completed compact.blastn n=4 n=4 534 ms
  ✓  111 [firefox] › tests/e2e/engine.spec.ts:293:1 › without cross-origin isolation, a threaded search runs on the serial module with the reason (773ms)
  ✓  112 [firefox] › tests/e2e/results.spec.ts:1217:1 › many queries; view filters change the view, not the search; the notices tell filtered out, no hits and a failed run apart (6.6s)
  ✓  110 [firefox] › tests/e2e/results.spec.ts:1048:1 › the Alignments: a block per Range; Next, Previous and First Match; the previous and next subject; Ranges far apart in a window (11.7s)
  ✓  113 [firefox] › tests/e2e/results.spec.ts:1396:1 › the dot plot: the HSPs of the pair on a canvas; zoom; choosing an HSP on it or in the list; its popup (4.0s)
  ✓  114 [firefox] › tests/e2e/results.spec.ts:1547:1 › the dot plot: on a desktop screen, a popup that has no room beside a short plot is scrolled into view by the first click (S13b code review 2) (3.0s)
  -  116 [firefox] › tests/e2e/screens.spec.ts:44:3 › search screen at the desktop size
  -  117 [firefox] › tests/e2e/screens.spec.ts:44:3 › search screen at the phone size
  -  118 [firefox] › tests/e2e/screens.spec.ts:218:3 › results screen at the desktop size
  -  119 [firefox] › tests/e2e/screens.spec.ts:218:3 › results screen at the phone size
  -  120 [firefox] › tests/e2e/search-measure.spec.ts:90:1 › index, check, exclusion and queueing of many records
  ✓  121 [firefox] › tests/e2e/search.spec.ts:49:1 › a file is summarized with its records, not put in the paste box; files can also be dropped (687ms)
  ✓  115 [firefox] › tests/e2e/results.spec.ts:1570:1 › narrow screens: the results are no wider than the screen; "Open results" shows them; the tables show the key values first (3.0s)
  ✓  122 [firefox] › tests/e2e/search.spec.ts:84:1 › records: duplicate IDs by number, the engine refuses a record, exclusion, and a run after exclusion (4.4s)
  ✓  123 [firefox] › tests/e2e/search.spec.ts:132:1 › the same subject, another query: the engine keeps the subject (R1) (3.8s)
  ✓  125 [firefox] › tests/e2e/search.spec.ts:235:1 › cancel a running search; the next one runs (3.2s)
  ✓  124 [firefox] › tests/e2e/search.spec.ts:150:1 › several runs in the queue; the next job is edited while one runs; separate searches as a group (3.9s)
  ✓  126 [firefox] › tests/e2e/search.spec.ts:251:1 › the region of a role with one record: the drag, the fields, the limits and the argv (3.9s)
  ✓  127 [firefox] › tests/e2e/search.spec.ts:305:1 › the options form: the engine's defaults are not written; tasks, templates and genetic codes (6.7s)
  ✓  128 [firefox] › tests/e2e/search.spec.ts:378:1 › the engine's refusals of option values are shown as the engine writes them, and nothing is queued (4.6s)
  ✓  130 [firefox] › tests/e2e/search.spec.ts:437:1 › the sequence kind warning is an estimate and does not change the program (1.1s)
  ✓  129 [firefox] › tests/e2e/search.spec.ts:405:1 › empty inputs, every record excluded, a sequence without a defline, and BLASTX (4.1s)
  ✓  131 [firefox] › tests/e2e/search.spec.ts:449:3 › leaving and returning › the wake lock is held during a search; the page warns before it is left; the state is checked on return (2.5s)
  ✓  132 [firefox] › tests/e2e/search.spec.ts:507:1 › the search screen in NCBI's order and words (W4b) (2.0s)
  ✓  134 [firefox] › tests/e2e/search.spec.ts:677:1 › narrow screens put the inputs and the queue one under the other, without horizontal scrolling (1.5s)
  ✓  135 [firefox] › tests/e2e/smoke.spec.ts:4:1 › the page is cross-origin isolated, so the threaded engine can use shared memory (255ms)
  ✓  133 [firefox] › tests/e2e/search.spec.ts:608:1 › Algorithm parameters: closed at start, the changed values marked and counted, the defaults restored; the Job Title and the second button (3.4s)
  ✓  136 [firefox] › tests/e2e/smoke.spec.ts:10:1 › paste, queue, run, view and export with the engine (1.6s)
  -  138 [firefox] › tests/e2e/storage.spec.ts:24:1 › a tab keeps its outputs in OPFS under tmp/<session>/runs/<run>/, named by tokens only
  -  139 [firefox] › tests/e2e/storage.spec.ts:47:3 › the next tab removes the data of a tab that is killed, and keeps its own
  -  140 [firefox] › tests/e2e/storage.spec.ts:47:3 › the next tab removes the data of a tab that is closed, and keeps its own
  -  141 [firefox] › tests/e2e/storage.spec.ts:80:1 › two open tabs, started one after the other, never remove each other's data
  -  142 [firefox] › tests/e2e/storage.spec.ts:107:1 › two tabs that start at the same time remove an abandoned session once and keep each other
  -  143 [firefox] › tests/e2e/storage.spec.ts:128:1 › a stopped (frozen) tab keeps its data while another tab starts
  -  144 [firefox] › tests/e2e/storage.spec.ts:147:1 › a run that runs out of storage fails with the reason; earlier results stay and later runs work
  ✓  137 [firefox] › tests/e2e/smoke.spec.ts:42:1 › a BLASTN query of white space only has no record: the engine reads it, and the run ends without a search (1.5s)
  -  145 [webkit] › tests/e2e/browsers.spec.ts:34:3 › BlockStore contract: opfs store in a dedicated worker (without storage full)
pass [memory] write and seal: a block reads back exactly the bytes appended to it
pass [memory] read: any range of a sealed block, and nothing beyond its end
pass [memory] write: the store keeps a copy, so the caller may reuse its buffer
pass [memory] staging: a block cannot be read before it is sealed
pass [memory] seal: a sealed block takes no more bytes and cannot be sealed again
pass [memory] discard: a staged or sealed block disappears and its bytes are freed
pass [memory] create: a path that exists cannot be created again
pass [memory] removeAll: removes one directory, sealed or not, and leaves the rest
pass [memory] paths: empty and relative names are rejected
pass [memory] an empty block can be sealed and read
pass [run output] every stream arrives in order and the run commits
pass [run output] many small chunks and one large chunk arrive unchanged
pass [run output] a run without output commits with empty outputs
pass [memory] a large block: 48 MiB in 1 MiB appends reads back unchanged
pass [memory] storage full: an append fails with StorageFullError, the block can only be discarded, and sealed blocks stay readable
  ✓  147 [webkit] › tests/e2e/browsers.spec.ts:34:3 › BlockStore contract: memory store in a dedicated worker (without storage full) (542ms)
  -  148 [webkit] › tests/e2e/candidates.spec.ts:154:3 › FakeEngine build › an empty tray says how to add candidates
  -  149 [webkit] › tests/e2e/candidates.spec.ts:161:3 › FakeEngine build › candidates are added from the Descriptions' marks, the Alignments and the dot plot popup, of two runs; Origins name the runs
  -  150 [webkit] › tests/e2e/candidates.spec.ts:289:3 › FakeEngine build › notes, orders, moves and removal; "Show in results" lands on the HSP and says which view filters it cleared
  -  151 [webkit] › tests/e2e/candidates.spec.ts:371:3 › FakeEngine build › downloads: the residues of the input at the HSPs (regions, flanks cut at the ends, spanning, complete, queries) and the aligned rows of the HSP records
  -  152 [webkit] › tests/e2e/candidates.spec.ts:487:3 › FakeEngine build › a phone: the Descriptions' marks and the tray fit the screen; a row shows #, Subject, Range, the note and the actions first
pass [run output] staging: a run cannot be read before it is committed, and the commit waits for end
pass [run output] an end whose totals disagree fails the commit and discards the run
pass [run output] a message outside the protocol fails the commit
pass [run output] discard drops a staged run and ignores its late chunks
pass [run output] a committed run is kept by discard and removed by delete
pass [run output] two staged runs keep their outputs apart
pass [run output] the writer refuses to write after end
FAIL [run output] storage full: the run fails with the reason, and committed runs stay readable: ContractError: commit: expected a rejection matching /StorageFullError: Not enough temporary storage/, but it resolved
run output contract on the memory store
  ✓  146 [webkit] › tests/e2e/browsers.spec.ts:49:1 › run output contract: a writer in its own worker and the real Data worker (without storage full) (1.2s)
  ✓  154 [webkit] › tests/e2e/browsers.spec.ts:59:1 › the application keeps results in OPFS, or in memory with the reason shown (598ms)
  ✓  153 [webkit] › tests/e2e/candidates.spec.ts:548:3 › engine build › BLASTN: a hit on the minus strand of one of two subject records with the same ID; the saved residues are the file's letters at the outfmt 6 intervals (1.7s)
  -  156 [webkit] › tests/e2e/contracts.spec.ts:32:3 › BlockStore contract: opfs store in a dedicated worker
  -  157 [webkit] › tests/e2e/contracts.spec.ts:32:3 › BlockStore contract: memory store in a dedicated worker
  -  158 [webkit] › tests/e2e/contracts.spec.ts:40:1 › run output contract: a writer in its own worker and the real Data worker (OPFS)
pass [record scanner] scan kind 1: several records with regular lines (LF)
pass [record scanner] scan kind 2: several records with regular lines (LF)
pass [record scanner] scan kind 1: CR LF line ends
pass [record scanner] scan kind 2: CR LF line ends
pass [record scanner] scan kind 1: CR line ends
pass [record scanner] scan kind 2: CR line ends
pass [record scanner] scan kind 1: LF and CR LF line ends in one file
pass [record scanner] scan kind 2: LF and CR LF line ends in one file
pass [record scanner] scan kind 1: lower case residues are counted upper-cased
pass [record scanner] scan kind 2: lower case residues are counted upper-cased
pass [record scanner] scan kind 1: comment lines (!, # and ;) before and inside records
pass [record scanner] scan kind 2: comment lines (!, # and ;) before and inside records
pass [record scanner] scan kind 1: ; ends the data of a line
pass [record scanner] scan kind 2: ; ends the data of a line
pass [record scanner] scan kind 1: blank lines and white space
pass [record scanner] scan kind 2: blank lines and white space
pass [record scanner] scan kind 1: a first record without a defline
pass [record scanner] scan kind 2: a first record without a defline
pass [record scanner] scan kind 1: a first record without a defline after a comment line
pass [record scanner] scan kind 2: a first record without a defline after a comment line
pass [record scanner] scan kind 1: records without residues, the last a defline without a newline
pass [record scanner] scan kind 2: records without residues, the last a defline without a newline
pass [record scanner] scan kind 1: U is stored as T in kind 1
pass [record scanner] scan kind 2: U is stored as T in kind 1
pass [record scanner] scan kind 1: * and the protein letters are stored in kind 2 only
pass [record scanner] scan kind 2: * and the protein letters are stored in kind 2 only
pass [record scanner] scan kind 1: bytes that the kind does not store are skipped
pass [record scanner] scan kind 2: bytes that the kind does not store are skipped
pass [record scanner] scan kind 1: the ID is the title up to its first space, after the white space that follows >
pass [record scanner] scan kind 2: the ID is the title up to its first space, after the white space that follows >
pass [record scanner] scan kind 1: a non-ASCII title
pass [record scanner] scan kind 2: a non-ASCII title
pass [record scanner] scan kind 1: an empty input has no records
pass [record scanner] scan kind 2: an empty input has no records
pass [record scanner] scan kind 1: white space, blank and comment lines only have no records
pass [record scanner] scan kind 2: white space, blank and comment lines only have no records
pass [record scanner] scan kind 1: a long record (4 checkpoints) with lines of 60 and 61 residues
pass [record scanner] scan kind 2: a long record (4 checkpoints) with lines of 60 and 61 residues
pass [record scanner] scan kind 1: a long record with regular 80-residue lines
pass [record scanner] scan kind 2: a long record with regular 80-residue lines
pass [record scanner] scan: a multi-byte character split across chunks
pass [record scanner] scan: an unknown parser kind is refused
  ✓  159 [webkit] › tests/e2e/engine.spec.ts:97:1 › record scanner contract: the serial reactor (944ms)
pass [engine input] register: the run proceeds when the record tables agree
  ✓  155 [webkit] › tests/e2e/candidates.spec.ts:606:3 › engine build › TBLASTN: the saved subject residues (nt) and query residues (aa) are the files' letters at the outfmt 6 intervals (2.7s)
pass [engine input] register: a query record with another ID stops the run before any output
pass [engine input] register: a subject record with another length stops the run before any output
pass [engine input] register: a missing record stops the run before any output
  ✓  160 [webkit] › tests/e2e/engine.spec.ts:105:3 › engine input contract: the real EngineGateway at 1 thread(s) (1.5s)
multi.blastn n=1: subject registered
multi.megablast n=1: subject retained
iupac.beyond_table.blastn n=1: subject retained
rna.megablast n=1: subject retained
multi.mts3.blastn n=1: subject retained
multi.ws7_e1000.blastn n=4: subject registered
multi.besthit.blastn n=4: subject retained
pass [engine input] register: the run proceeds when the record tables agree
tblastx.multi n=1: subject registered
tblastx.batch n=1: subject retained
tblastx.mts1 n=4: subject registered
pass [engine input] register: a query record with another ID stops the run before any output
tblastx.thrwin n=4: subject retained
pass [engine input] register: a subject record with another length stops the run before any output
pass [engine input] register: a missing record stops the run before any output
  ✓  162 [webkit] › tests/e2e/engine.spec.ts:105:3 › engine input contract: the real EngineGateway at 4 thread(s) (1.4s)
  ✓  161 [webkit] › tests/e2e/engine.spec.ts:174:1 › R1: searches of one subject with other queries and options reuse it and give the expected bytes (2.1s)
pass [run output, Engine worker] every stream arrives in order and the run commits
pass [run output, Engine worker] many small chunks and one large chunk arrive unchanged
pass [run output, Engine worker] a run without output commits with empty outputs
pass [run output, Engine worker] staging: a run cannot be read before it is committed, and the commit waits for end
pass [run output, Engine worker] an end whose totals disagree fails the commit and discards the run
pass [run output, Engine worker] a message outside the protocol fails the commit
pass [run output, Engine worker] discard drops a staged run and ignores its late chunks
pass [run output, Engine worker] a committed run is kept by discard and removed by delete
pass [run output, Engine worker] two staged runs keep their outputs apart
pass [run output, Engine worker] the writer refuses to write after end
FAIL [run output, Engine worker] storage full: the run fails with the reason, and committed runs stay readable: ContractError: commit: expected a rejection matching /StorageFullError: Not enough temporary storage/, but it resolved
  ✓  163 [webkit] › tests/e2e/engine.spec.ts:132:1 › run output contract: the writer in the Engine worker, the real Data worker (without storage full) (1.0s)
completed compact.blastn n=1 n=1 171 ms
completed compact.blastn n=2 n=2 34 ms
completed compact.blastn n=4 n=4 46 ms
completed multi.blastn n=1 n=1 25 ms
completed multi.blastn n=2 n=2 41 ms
completed multi.blastn n=4 n=4 77 ms
completed mask.lcase.megablast n=1 n=1 11 ms
completed mask.lcase.megablast n=2 n=2 53 ms
completed mask.lcase.megablast n=4 n=4 60 ms
completed width.blastp n=1 n=1 28 ms
completed width.blastp n=2 n=2 41 ms
completed width.blastp n=4 n=4 19 ms
completed width.tblastn n=1 n=1 15 ms
completed width.tblastn n=2 n=2 26 ms
completed width.tblastn n=4 n=4 22 ms
completed tblastx.multi n=1 n=1 96 ms
completed tblastx.multi n=2 n=2 98 ms
completed tblastx.multi n=4 n=4 68 ms
completed tblastn.code4 n=1 n=1 14 ms
completed tblastn.code4 n=2 n=2 18 ms
completed tblastn.code4 n=4 n=4 16 ms
completed tblastn.batches n=1 n=1 736 ms
completed tblastn.batches n=2 n=2 646 ms
completed tblastn.batches n=4 n=4 603 ms
completed tblastx.threaded-direct n=1 n=1 33 ms
completed tblastx.threaded-direct n=2 n=2 35 ms
completed tblastx.threaded-direct n=4 n=4 41 ms
completed tblastn.query_batches n=2 n=2 4257 ms
  ✓  165 [webkit] › tests/e2e/engine.spec.ts:141:1 › V-BR: searches through the application give the expected bytes at 1, 2 and 4 threads (5.4s)
  -  166 [webkit] › tests/e2e/measure.spec.ts:207:1 › dw8: the share of a warm search that subject-only preprocessing can take
  -  167 [webkit] › tests/e2e/measure.spec.ts:238:1 › memory: the linear memory of one instance over repeated searches
  -  168 [webkit] › tests/e2e/measure.spec.ts:272:1 › auto: the search phase at 1, 2 and 4 threads by input size
  -  169 [webkit] › tests/e2e/measure.spec.ts:298:1 › cancel: the time to cancel and to prepare the next search in a new runtime
  -  170 [webkit] › tests/e2e/results-measure.spec.ts:582:3 › 10,000 queries: opening the run, the query picker, finding and sorting
  -  171 [webkit] › tests/e2e/results-measure.spec.ts:582:3 › 100,000 queries: opening the run, the query picker, finding and sorting
  -  172 [webkit] › tests/e2e/results-measure.spec.ts:1030:1 › many HSPs in one query-subject pair: the dot plot and the HSP list
  ✓  173 [webkit] › tests/e2e/results.spec.ts:507:3 › BLASTN: the header block is the run's; the Descriptions, Graphic Summary and HSP table are the outfmt 6 rows, the Alignments outfmt 0's text; units, frames and run details (5.1s)
  ✓  174 [webkit] › tests/e2e/results.spec.ts:507:3 › BLASTP: the header block is the run's; the Descriptions, Graphic Summary and HSP table are the outfmt 6 rows, the Alignments outfmt 0's text; units, frames and run details (10.0s)
completed tblastn.query_batches n=4 n=4 7421 ms
  ✓  164 [webkit] › tests/e2e/engine.spec.ts:216:1 › a search that builds one thread pool after another runs threaded from a new runtime (22.8s)
cancel n=1: cancelled in 1 ms; next search prepared in 8 ms
cancel n=4: cancelled in 2 ms; next search prepared in 137 ms
  ✓  176 [webkit] › tests/e2e/engine.spec.ts:241:1 › a cancelled search ends its runtime; the next search runs in a new one with the expected bytes (2.2s)
renewed 0 n=1: subject registered
renewed 1 n=1: subject retained
renewed 2 n=4: subject registered
renewed 3 n=4: subject retained
renewed 0 n=1: subject registered
renewed 1 n=1: subject registered
renewed 2 n=4: subject registered
renewed 3 n=4: subject registered
  ✓  177 [webkit] › tests/e2e/engine.spec.ts:270:1 › a runtime renewed after every search gives the same bytes and registers the subject again (1.9s)
completed compact.blastn n=4 n=4 307 ms
  ✓  178 [webkit] › tests/e2e/engine.spec.ts:293:1 › without cross-origin isolation, a threaded search runs on the serial module with the reason (609ms)
  ✓  175 [webkit] › tests/e2e/results.spec.ts:507:3 › TBLASTN: the header block is the run's; the Descriptions, Graphic Summary and HSP table are the outfmt 6 rows, the Alignments outfmt 0's text; units, frames and run details (9.9s)
  ✓  180 [webkit] › tests/e2e/results.spec.ts:841:1 › an HSP that outfmt 0 does not show, and a hit list that may have reached its limit (4.4s)
  ✓  179 [webkit] › tests/e2e/results.spec.ts:507:3 › TBLASTX: the header block is the run's; the Descriptions, Graphic Summary and HSP table are the outfmt 6 rows, the Alignments outfmt 0's text; units, frames and run details (8.9s)
  ✓  181 [webkit] › tests/e2e/results.spec.ts:929:1 › BLASTN: an HSP of one letter has no orientation in its record; the note points to outfmt 0's Strand= line (2.6s)
  ✓  182 [webkit] › tests/e2e/results.spec.ts:989:1 › selection by HSP identity: sorting keeps the selected HSP; another subject or query moves it (9.4s)
  ✓  183 [webkit] › tests/e2e/results.spec.ts:1048:1 › the Alignments: a block per Range; Next, Previous and First Match; the previous and next subject; Ranges far apart in a window (12.1s)
  ✓  184 [webkit] › tests/e2e/results.spec.ts:1217:1 › many queries; view filters change the view, not the search; the notices tell filtered out, no hits and a failed run apart (6.9s)
  ✓  185 [webkit] › tests/e2e/results.spec.ts:1396:1 › the dot plot: the HSPs of the pair on a canvas; zoom; choosing an HSP on it or in the list; its popup (4.3s)
  ✓  186 [webkit] › tests/e2e/results.spec.ts:1547:1 › the dot plot: on a desktop screen, a popup that has no room beside a short plot is scrolled into view by the first click (S13b code review 2) (2.3s)
  -  188 [webkit] › tests/e2e/screens.spec.ts:44:3 › search screen at the desktop size
  -  189 [webkit] › tests/e2e/screens.spec.ts:44:3 › search screen at the phone size
  -  190 [webkit] › tests/e2e/screens.spec.ts:218:3 › results screen at the desktop size
  -  191 [webkit] › tests/e2e/screens.spec.ts:218:3 › results screen at the phone size
  -  192 [webkit] › tests/e2e/search-measure.spec.ts:90:1 › index, check, exclusion and queueing of many records
  ✓  193 [webkit] › tests/e2e/search.spec.ts:49:1 › a file is summarized with its records, not put in the paste box; files can also be dropped (913ms)
  ✓  187 [webkit] › tests/e2e/results.spec.ts:1570:1 › narrow screens: the results are no wider than the screen; "Open results" shows them; the tables show the key values first (2.8s)
  ✓  194 [webkit] › tests/e2e/search.spec.ts:84:1 › records: duplicate IDs by number, the engine refuses a record, exclusion, and a run after exclusion (4.3s)
  ✓  195 [webkit] › tests/e2e/search.spec.ts:132:1 › the same subject, another query: the engine keeps the subject (R1) (3.7s)
  ✓  197 [webkit] › tests/e2e/search.spec.ts:235:1 › cancel a running search; the next one runs (2.8s)
  ✓  196 [webkit] › tests/e2e/search.spec.ts:150:1 › several runs in the queue; the next job is edited while one runs; separate searches as a group (4.3s)
  ✓  198 [webkit] › tests/e2e/search.spec.ts:251:1 › the region of a role with one record: the drag, the fields, the limits and the argv (3.7s)
  ✓  199 [webkit] › tests/e2e/search.spec.ts:305:1 › the options form: the engine's defaults are not written; tasks, templates and genetic codes (6.7s)
  ✓  200 [webkit] › tests/e2e/search.spec.ts:378:1 › the engine's refusals of option values are shown as the engine writes them, and nothing is queued (4.2s)
  ✓  202 [webkit] › tests/e2e/search.spec.ts:437:1 › the sequence kind warning is an estimate and does not change the program (1.4s)
  ✓  201 [webkit] › tests/e2e/search.spec.ts:405:1 › empty inputs, every record excluded, a sequence without a defline, and BLASTX (4.2s)
  ✓  203 [webkit] › tests/e2e/search.spec.ts:449:3 › leaving and returning › the wake lock is held during a search; the page warns before it is left; the state is checked on return (2.8s)
  ✓  204 [webkit] › tests/e2e/search.spec.ts:507:1 › the search screen in NCBI's order and words (W4b) (2.2s)
  ✓  205 [webkit] › tests/e2e/search.spec.ts:608:1 › Algorithm parameters: closed at start, the changed values marked and counted, the defaults restored; the Job Title and the second button (3.6s)
  ✓  206 [webkit] › tests/e2e/search.spec.ts:677:1 › narrow screens put the inputs and the queue one under the other, without horizontal scrolling (2.1s)
  ✓  207 [webkit] › tests/e2e/smoke.spec.ts:4:1 › the page is cross-origin isolated, so the threaded engine can use shared memory (553ms)
  ✓  208 [webkit] › tests/e2e/smoke.spec.ts:10:1 › paste, queue, run, view and export with the engine (1.5s)
  -  210 [webkit] › tests/e2e/storage.spec.ts:24:1 › a tab keeps its outputs in OPFS under tmp/<session>/runs/<run>/, named by tokens only
  -  211 [webkit] › tests/e2e/storage.spec.ts:47:3 › the next tab removes the data of a tab that is killed, and keeps its own
  -  212 [webkit] › tests/e2e/storage.spec.ts:47:3 › the next tab removes the data of a tab that is closed, and keeps its own
  -  213 [webkit] › tests/e2e/storage.spec.ts:80:1 › two open tabs, started one after the other, never remove each other's data
  -  214 [webkit] › tests/e2e/storage.spec.ts:107:1 › two tabs that start at the same time remove an abandoned session once and keep each other
  -  215 [webkit] › tests/e2e/storage.spec.ts:128:1 › a stopped (frozen) tab keeps its data while another tab starts
  -  216 [webkit] › tests/e2e/storage.spec.ts:147:1 › a run that runs out of storage fails with the reason; earlier results stay and later runs work
  ✓  209 [webkit] › tests/e2e/smoke.spec.ts:42:1 › a BLASTN query of white space only has no record: the engine reads it, and the run ends without a search (1.5s)

  76 skipped
  140 passed (4.8m)
