prelim.default	exit 0	500 lines	0 stderr bytes
prelim.task_blastn	exit 0	532 lines	0 stderr bytes
prelim.max1	exit 0	1 lines	61 stderr bytes
prelim.max3	exit 0	3 lines	61 stderr bytes
prelim.max6	exit 0	6 lines	0 stderr bytes
prelim.max3_besthit	exit 0	3 lines	61 stderr bytes
prelim.max5_maxhsps1	exit 0	5 lines	0 stderr bytes
prelim.max2_evalue	exit 0	2 lines	61 stderr bytes
prelim.max3_fmt7	exit 0	9 lines	61 stderr bytes
prelim.max3_fmt0	exit 0	131 lines	61 stderr bytes
prelim.default_threads4	exit 0	500 lines	0 stderr bytes
prelim.scores_3_4	exit 0	532 lines	0 stderr bytes
prelim.scores_1_1	exit 0	524 lines	0 stderr bytes
ties.default	exit 0	500 lines	0 stderr bytes
ties.max3	exit 0	3 lines	61 stderr bytes
ties.max1_task_blastn	exit 0	1 lines	61 stderr bytes
batches.default	exit 0	32 lines	0 stderr bytes
batches.task_blastn	exit 0	301 lines	0 stderr bytes
batches.word7	exit 0	716 lines	0 stderr bytes
batches.besthit	exit 0	32 lines	0 stderr bytes
batches.fmt7	exit 0	502 lines	0 stderr bytes
batches.fmt0	exit 0	3465 lines	0 stderr bytes
batches.threads4	exit 0	301 lines	0 stderr bytes
split.task_blastn	exit 0	108 lines	0 stderr bytes
split.besthit	exit 0	100 lines	0 stderr bytes
ambiguity.default	exit 0	0 lines	0 stderr bytes
ambiguity.task_blastn_word7	exit 0	11 lines	0 stderr bytes
lcase.blastn	exit 0	2 lines	0 stderr bytes
lcase.megablast	exit 0	72 lines	0 stderr bytes
t2.word4	exit 0	887 lines	0 stderr bytes
pal.default	exit 0	80 lines	0 stderr bytes
pal.task_blastn	exit 0	138 lines	0 stderr bytes
pal.word7_fmt0	exit 0	6170 lines	0 stderr bytes
sq.default	exit 0	22 lines	0 stderr bytes
sq.task_blastn	exit 0	40 lines	0 stderr bytes
sq.word7	exit 0	1334 lines	0 stderr bytes
sq.word16_fmt7	exit 0	85 lines	0 stderr bytes
rep.megablast	exit 0	46 lines	0 stderr bytes
rep.task_blastn	exit 0	61 lines	0 stderr bytes
rep.word9	exit 0	65 lines	0 stderr bytes
rep.word16	exit 0	50 lines	0 stderr bytes
rep2.task_blastn	exit 0	80 lines	0 stderr bytes
rep2.fmt0	exit 0	1847 lines	0 stderr bytes
prelim.gaps10_1_2	exit 0	529 lines	0 stderr bytes
prelim.gaps10_2_3_max3	exit 0	4 lines	61 stderr bytes
ties.gaps10_1_1	exit 0	525 lines	0 stderr bytes
env.batch100	exit 0	301 lines	0 stderr bytes
env.batch1000	exit 0	32 lines	0 stderr bytes
env.batch5000_fmt7	exit 0	502 lines	0 stderr bytes
env.batch100000	exit 0	32 lines	0 stderr bytes
env.batch_negative	exit 0	301 lines	0 stderr bytes
env.batch0	exit 0	32 lines	0 stderr bytes
env.chunk40000	exit 0	301 lines	0 stderr bytes
env.chunk40000_overlap6	exit 0	301 lines	0 stderr bytes
env.chunk2000	exit 0	304 lines	0 stderr bytes
env.chunk1500_overlap50_fmt0	exit 0	3465 lines	0 stderr bytes
env.chunk500	exit 0	317 lines	0 stderr bytes
env.chunk_negative	exit 0	32 lines	0 stderr bytes
env.chunk_blank	exit 0	32 lines	0 stderr bytes
env.chunk1000_batch5000	exit 0	32 lines	0 stderr bytes
env.chunk1000_fmt0	exit 3	13 lines	44 stderr bytes
env.chunk1000_fmt7	exit 3	0 lines	44 stderr bytes
env.split_overlap_near_resplit	exit 0	108 lines	0 stderr bytes
env.resplit_overlap155000	exit 0	108 lines	0 stderr bytes
env.resplit_8000_4100_fmt0	exit 0	5499 lines	0 stderr bytes
env.resplit_3000_2900_megablast	exit 0	14 lines	0 stderr bytes
env.negative_pair_le	exit 0	32 lines	0 stderr bytes
env.negative_pair_wide	exit 0	108 lines	0 stderr bytes
env.negative_pair_wide_fmt0	exit 0	3465 lines	0 stderr bytes
env.split_chunk300000	exit 0	108 lines	0 stderr bytes
env.split_overlap50	exit 0	108 lines	0 stderr bytes
env.split_overlap500	exit 0	108 lines	0 stderr bytes
env.split_overlap0	exit 0	108 lines	0 stderr bytes
env.split_overlap_negative	exit 0	108 lines	0 stderr bytes
env.split_besthit_batch	exit 0	100 lines	0 stderr bytes
env.prefetch0_fmt0	exit 0	129 lines	0 stderr bytes
env.prefetch5	exit 0	32 lines	0 stderr bytes
nosubject.fmt6	exit 1	0 lines	132 stderr bytes
nosubject.missing_query_out	exit 1	0 lines	132 stderr bytes
ncbirc.harmless_fmt0	exit 0	129 lines	0 stderr bytes
write.devfull_fmt0	exit 6	0 lines	29 stderr bytes
kaerror.later_batch.fmt6	exit 3	0 lines	294 stderr bytes
kaerror.later_batch.fmt0	exit 3	32 lines	294 stderr bytes
kaerror.later_batch.fmt7	exit 3	3 lines	294 stderr bytes
warnings.batches.fmt6	exit 0	3 lines	672 stderr bytes
warnings.batches.fmt0	exit 0	393 lines	672 stderr bytes
warnings.batch1000.fmt7	exit 0	56 lines	672 stderr bytes
warnings.batches.fmt0.merged	exit 0	397 lines	0 stderr bytes
warnings.batches.fmt6.merged	exit 0	7 lines	0 stderr bytes
warnings.batch1000.fmt7.merged	exit 0	60 lines	0 stderr bytes
warnings.batch1000.fmt0.merged	exit 0	402 lines	0 stderr bytes
kaerror.later_batch.fmt0.merged	exit 3	34 lines	0 stderr bytes
write.devfull_warnings_fmt0	exit 6	0 lines	29 stderr bytes
write.devfull_warnings_kaerror_fmt0	exit 6	0 lines	29 stderr bytes
write.devfull_kaerror_batch_fmt0	exit 6	0 lines	29 stderr bytes
scores.10000_20000	exit 0	20 lines	0 stderr bytes
scores.16383_32766_gaps	exit 0	20 lines	0 stderr bytes
scores.24000_30000_task_blastn	exit 0	20 lines	0 stderr bytes
scores.6000_21000_fmt0	exit 0	131 lines	61 stderr bytes
punct.nohit_fmt0	exit 0	97 lines	0 stderr bytes
punct.nohit_task_blastn_fmt0	exit 0	951 lines	0 stderr bytes
evalue.plus_inf	exit 0	500 lines	0 stderr bytes
evalue.minus_nan_task_blastn_fmt7	exit 0	1579 lines	0 stderr bytes
evalue.nan_paren_fmt0	exit 0	129 lines	0 stderr bytes
evalue.1e999_word7	exit 0	11 lines	0 stderr bytes
ctoolkit.fmt0	exit 0	131 lines	61 stderr bytes
ctoolkit.empty_fmt0	exit 0	130 lines	0 stderr bytes
dc.w11_coding_16	exit 0	22 lines	0 stderr bytes
dc.w11_coding_18	exit 0	22 lines	0 stderr bytes
dc.w11_coding_21	exit 0	21 lines	0 stderr bytes
dc.w11_optimal_16	exit 0	21 lines	0 stderr bytes
dc.w11_optimal_18	exit 0	21 lines	0 stderr bytes
dc.w11_optimal_21	exit 0	22 lines	0 stderr bytes
dc.w11_coding_and_optimal_16	exit 0	22 lines	0 stderr bytes
dc.w11_coding_and_optimal_18	exit 0	22 lines	0 stderr bytes
dc.w11_coding_and_optimal_21	exit 0	22 lines	0 stderr bytes
dc.w12_coding_16	exit 0	18 lines	0 stderr bytes
dc.w12_coding_18	exit 0	20 lines	0 stderr bytes
dc.w12_coding_21	exit 0	18 lines	0 stderr bytes
dc.w12_optimal_16	exit 0	21 lines	0 stderr bytes
dc.w12_optimal_18	exit 0	18 lines	0 stderr bytes
dc.w12_optimal_21	exit 0	21 lines	0 stderr bytes
dc.w12_coding_and_optimal_16	exit 0	21 lines	0 stderr bytes
dc.w12_coding_and_optimal_18	exit 0	22 lines	0 stderr bytes
dc.w12_coding_and_optimal_21	exit 0	22 lines	0 stderr bytes
dc.megablast_w11_coding_18	exit 0	57 lines	0 stderr bytes
dc.default_threads4	exit 0	22 lines	0 stderr bytes
dc.two21_threads2_fmt7	exit 0	33 lines	0 stderr bytes
dc.small_two16	exit 0	3 lines	0 stderr bytes
dc.lcase_subject	exit 0	42 lines	0 stderr bytes
dc.lcase_subject_control	exit 0	43 lines	0 stderr bytes
dc.prelim	exit 0	500 lines	0 stderr bytes
dc.prelim_max3_fmt0	exit 0	133 lines	61 stderr bytes
dc.batches	exit 0	34 lines	0 stderr bytes
dc.batches_besthit	exit 0	34 lines	0 stderr bytes
dc.ambiguity	exit 0	1 lines	0 stderr bytes
dc.rep	exit 0	46 lines	0 stderr bytes
dc.split_unsplit	exit 0	6 lines	0 stderr bytes
dc.split_chunk300000	exit 0	6 lines	0 stderr bytes
dc.batch1000_fmt7	exit 0	229 lines	0 stderr bytes
dc.word13	exit 1	0 lines	144 stderr bytes
dc.word13_fmt0	exit 1	0 lines	144 stderr bytes
dc.blastn_template	exit 1	0 lines	122 stderr bytes
dc.short_template	exit 1	0 lines	144 stderr bytes
dc.megablast_template_word28	exit 1	0 lines	144 stderr bytes
dc.zero_gaps	exit 1	0 lines	145 stderr bytes
short.default	exit 0	435 lines	0 stderr bytes
short.default_threads4	exit 0	435 lines	0 stderr bytes
short.word4	exit 0	287 lines	0 stderr bytes
short.word16	exit 0	36 lines	0 stderr bytes
short.reward2_penalty3_gaps	exit 0	432 lines	0 stderr bytes
short.evalue1e3_dust	exit 0	7 lines	0 stderr bytes
short.dust_no_fmt7	exit 0	476 lines	0 stderr bytes
short.lcase	exit 0	390 lines	0 stderr bytes
short.perc_besthit	exit 0	41 lines	0 stderr bytes
short.batches	exit 0	38 lines	0 stderr bytes
short.prelim_max3	exit 0	3 lines	61 stderr bytes
short.ambiguity	exit 0	12 lines	0 stderr bytes
short.split	exit 0	1 lines	0 stderr bytes
short.nohit_fmt0	exit 0	45 lines	0 stderr bytes
short.evalue0	exit 1	0 lines	122 stderr bytes
