
> losat-web@0.0.0 e2e
> playwright test --reporter=list

[WebServer] (!) Your Vite config uses features that are unsupported by `configLoader: 'native'`, which is planned to become the default in a future major version of Vite:
[WebServer]   - import "./output-format" without a file extension (src/domain/verification.ts:9:35). Add the file extension
[WebServer]   - import "./programs" without a file extension (src/domain/verification.ts:10:32). Add the file extension
[WebServer] Set `VITE_CONFIG_NATIVE_IGNORE_WARNING=true` to suppress this warning.
[WebServer] (!) Your Vite config uses features that are unsupported by `configLoader: 'native'`, which is planned to become the default in a future major version of Vite:
[WebServer]   - import "./output-format" without a file extension (src/domain/verification.ts:9:35). Add the file extension
[WebServer]   - import "./programs" without a file extension (src/domain/verification.ts:10:32). Add the file extension
[WebServer] Set `VITE_CONFIG_NATIVE_IGNORE_WARNING=true` to suppress this warning.

Running 180 tests using 2 workers

  -    1 [chromium] › tests/e2e/browsers.spec.ts:34:3 › BlockStore contract: opfs store in a dedicated worker (without storage full)
  -    2 [chromium] › tests/e2e/browsers.spec.ts:49:1 › run output contract: a writer in its own worker and the real Data worker (without storage full)
  -    3 [chromium] › tests/e2e/browsers.spec.ts:34:3 › BlockStore contract: memory store in a dedicated worker (without storage full)
  -    4 [chromium] › tests/e2e/browsers.spec.ts:59:1 › the application keeps results in OPFS, or in memory with the reason shown
pass [opfs] write and seal: a block reads back exactly the bytes appended to it
pass [opfs] read: any range of a sealed block, and nothing beyond its end
pass [opfs] write: the store keeps a copy, so the caller may reuse its buffer
pass [opfs] staging: a block cannot be read before it is sealed
pass [opfs] seal: a sealed block takes no more bytes and cannot be sealed again
pass [run output] every stream arrives in order and the run commits
pass [opfs] discard: a staged or sealed block disappears and its bytes are freed
pass [opfs] create: a path that exists cannot be created again
pass [opfs] removeAll: removes one directory, sealed or not, and leaves the rest
pass [opfs] paths: empty and relative names are rejected
pass [opfs] an empty block can be sealed and read
pass [run output] many small chunks and one large chunk arrive unchanged
pass [run output] a run without output commits with empty outputs
pass [opfs] a large block: 48 MiB in 1 MiB appends reads back unchanged
pass [opfs] storage full: an append fails with StorageFullError, the block can only be discarded, and sealed blocks stay readable
  ✓    6 [chromium] › tests/e2e/contracts.spec.ts:32:3 › BlockStore contract: opfs store in a dedicated worker (1.5s)
pass [run output] staging: a run cannot be read before it is committed, and the commit waits for end
pass [run output] an end whose totals disagree fails the commit and discards the run
pass [run output] a message outside the protocol fails the commit
pass [memory] write and seal: a block reads back exactly the bytes appended to it
pass [memory] read: any range of a sealed block, and nothing beyond its end
pass [memory] write: the store keeps a copy, so the caller may reuse its buffer
pass [memory] staging: a block cannot be read before it is sealed
pass [memory] seal: a sealed block takes no more bytes and cannot be sealed again
pass [memory] discard: a staged or sealed block disappears and its bytes are freed
pass [memory] create: a path that exists cannot be created again
pass [memory] removeAll: removes one directory, sealed or not, and leaves the rest
pass [memory] paths: empty and relative names are rejected
pass [memory] an empty block can be sealed and read
pass [memory] a large block: 48 MiB in 1 MiB appends reads back unchanged
pass [memory] storage full: an append fails with StorageFullError, the block can only be discarded, and sealed blocks stay readable
  ✓    7 [chromium] › tests/e2e/contracts.spec.ts:32:3 › BlockStore contract: memory store in a dedicated worker (583ms)
pass [run output] discard drops a staged run and ignores its late chunks
pass [run output] a committed run is kept by discard and removed by delete
pass [run output] two staged runs keep their outputs apart
pass [run output] the writer refuses to write after end
pass [record scanner] scan: one record with regular lines (LF)
pass [record scanner] scan: CRLF line ends
pass [record scanner] scan: lines of different lengths
pass [record scanner] scan: several records, the last without a final newline
pass [record scanner] scan: a blank line inside a sequence
pass [record scanner] scan: interior white space belongs to the sequence, trailing white space does not
pass [record scanner] scan: a non-ASCII header
pass [record scanner] scan: residues keep their case
pass [record scanner] scan: a record without residues
pass [record scanner] scan: an empty record ends the input (bio stops reading there)
pass [record scanner] scan: a header line without a newline at the end of the input
pass [record scanner] scan: an empty input has no records
pass [record scanner] scan: a U+FEFF at the start of a header is part of the ID
pass [record scanner] scan: bytes after the empty record that ends the input are not read
pass [record scanner] scan: a long record (4 checkpoints) with lines of 60 and 61 residues
pass [run output] storage full: the run fails with the reason, and committed runs stay readable
pass [record scanner] scan: a long record with regular 80-residue lines
pass [record scanner] scan: the parser's error for text before the first header
pass [record scanner] scan: the parser's error for a blank line before the first header
pass [record scanner] scan: the parser's error for white space only
pass [record scanner] scan: the parser's error for a first line that is not a header, before bytes that are not UTF-8
pass [record scanner] scan: the parser's error for bytes that are not UTF-8
pass [record scanner] scan: a multi-byte character split across chunks
pass [record scanner] scan: parser kind 1 is refused until SX
  ✓    8 [chromium] › tests/e2e/engine.spec.ts:97:1 › record scanner contract: the serial reactor (433ms)
  ✓    5 [chromium] › tests/e2e/contracts.spec.ts:40:1 › run output contract: a writer in its own worker and the real Data worker (OPFS) (2.9s)
pass [engine input] register: the run proceeds when the record tables agree
pass [engine input] register: a query record with another ID stops the run before any output
multi.blastn n=1: subject registered
multi.megablast n=1: subject retained
iupac.beyond_table.blastn n=1: subject retained
rna.megablast n=1: subject retained
multi.mts3.blastn n=1: subject retained
multi.ws7_e1000.blastn n=4: subject registered
multi.besthit.blastn n=4: subject retained
pass [engine input] register: a subject record with another length stops the run before any output
tblastx.multi n=1: subject registered
tblastx.batch n=1: subject retained
tblastx.mts1 n=4: subject registered
pass [engine input] register: a missing record stops the run before any output
  ✓    9 [chromium] › tests/e2e/engine.spec.ts:105:3 › engine input contract: the real EngineGateway at 1 thread(s) (1.1s)
tblastx.thrwin n=4: subject retained
pass [engine input] register: the run proceeds when the record tables agree
pass [engine input] register: a query record with another ID stops the run before any output
pass [engine input] register: a subject record with another length stops the run before any output
  ✓   10 [chromium] › tests/e2e/engine.spec.ts:174:1 › R1: searches of one subject with other queries and options reuse it and give the expected bytes (1.7s)
pass [engine input] register: a missing record stops the run before any output
  ✓   11 [chromium] › tests/e2e/engine.spec.ts:105:3 › engine input contract: the real EngineGateway at 4 thread(s) (1.1s)
pass [run output, Engine worker] every stream arrives in order and the run commits
pass [run output, Engine worker] many small chunks and one large chunk arrive unchanged
pass [run output, Engine worker] a run without output commits with empty outputs
pass [run output, Engine worker] staging: a run cannot be read before it is committed, and the commit waits for end
pass [run output, Engine worker] an end whose totals disagree fails the commit and discards the run
pass [run output, Engine worker] a message outside the protocol fails the commit
pass [run output, Engine worker] discard drops a staged run and ignores its late chunks
pass [run output, Engine worker] a committed run is kept by discard and removed by delete
pass [run output, Engine worker] two staged runs keep their outputs apart
pass [run output, Engine worker] the writer refuses to write after end
FAIL [run output, Engine worker] storage full: the run fails with the reason, and committed runs stay readable: ContractError: commit: expected a rejection matching /StorageFullError: Not enough temporary storage/, but it resolved
  ✓   13 [chromium] › tests/e2e/engine.spec.ts:132:1 › run output contract: the writer in the Engine worker, the real Data worker (without storage full) (1.2s)
completed compact.blastn n=1 n=1 164 ms
completed compact.blastn n=2 n=2 56 ms
completed compact.blastn n=4 n=4 41 ms
completed multi.blastn n=1 n=1 30 ms
completed multi.blastn n=2 n=2 34 ms
completed multi.blastn n=4 n=4 33 ms
completed mask.lcase.megablast n=1 n=1 28 ms
completed mask.lcase.megablast n=2 n=2 34 ms
completed mask.lcase.megablast n=4 n=4 29 ms
completed width.blastp n=1 n=1 36 ms
completed width.blastp n=2 n=2 42 ms
completed width.blastp n=4 n=4 33 ms
completed width.tblastn n=1 n=1 41 ms
completed width.tblastn n=2 n=2 64 ms
completed width.tblastn n=4 n=4 40 ms
completed tblastx.multi n=1 n=1 121 ms
completed tblastx.multi n=2 n=2 113 ms
completed tblastx.multi n=4 n=4 79 ms
completed tblastn.code4 n=1 n=1 22 ms
completed tblastn.code4 n=2 n=2 27 ms
completed tblastn.code4 n=4 n=4 29 ms
completed tblastn.batches n=1 n=1 786 ms
completed tblastn.batches n=2 n=2 680 ms
completed tblastn.query_batches n=2 n=2 4722 ms
completed tblastn.batches n=4 n=4 737 ms
completed tblastx.threaded-direct n=1 n=1 40 ms
completed tblastx.threaded-direct n=2 n=2 44 ms
completed tblastx.threaded-direct n=4 n=4 46 ms
  ✓   14 [chromium] › tests/e2e/engine.spec.ts:141:1 › V-BR: searches through the application give the expected bytes at 1, 2 and 4 threads (5.9s)
  -   15 [chromium] › tests/e2e/measure.spec.ts:207:1 › dw8: the share of a warm search that subject-only preprocessing can take
  -   16 [chromium] › tests/e2e/measure.spec.ts:238:1 › memory: the linear memory of one instance over repeated searches
  -   17 [chromium] › tests/e2e/measure.spec.ts:272:1 › auto: the search phase at 1, 2 and 4 threads by input size
  -   18 [chromium] › tests/e2e/measure.spec.ts:298:1 › cancel: the time to cancel and to prepare the next search in a new runtime
  -   19 [chromium] › tests/e2e/results-measure.spec.ts:491:3 › 10,000 queries: opening the run, the query picker, finding and sorting
  -   20 [chromium] › tests/e2e/results-measure.spec.ts:491:3 › 100,000 queries: opening the run, the query picker, finding and sorting
  -   21 [chromium] › tests/e2e/results-measure.spec.ts:713:1 › many HSPs in one query-subject pair: the dot plot and the HSP list
  ✓   22 [chromium] › tests/e2e/results.spec.ts:210:3 › BLASTN: the lists are the outfmt 6 rows, the detail is outfmt 0's text; units, frames and run details (2.0s)
  ✓   23 [chromium] › tests/e2e/results.spec.ts:210:3 › BLASTP: the lists are the outfmt 6 rows, the detail is outfmt 0's text; units, frames and run details (4.0s)
  ✓   24 [chromium] › tests/e2e/results.spec.ts:210:3 › TBLASTN: the lists are the outfmt 6 rows, the detail is outfmt 0's text; units, frames and run details (2.8s)
completed tblastn.query_batches n=4 n=4 3969 ms
  ✓   12 [chromium] › tests/e2e/engine.spec.ts:216:1 › a search that builds one thread pool after another runs threaded from a new runtime (18.9s)
  ✓   25 [chromium] › tests/e2e/results.spec.ts:210:3 › TBLASTX: the lists are the outfmt 6 rows, the detail is outfmt 0's text; units, frames and run details (2.8s)
cancel n=1: cancelled in 2 ms; next search prepared in 21 ms
cancel n=4: cancelled in 3 ms; next search prepared in 39 ms
  ✓   26 [chromium] › tests/e2e/engine.spec.ts:241:1 › a cancelled search ends its runtime; the next search runs in a new one with the expected bytes (1.2s)
  ✓   27 [chromium] › tests/e2e/results.spec.ts:381:1 › an HSP that outfmt 0 does not show, and a hit list that may have reached its limit (1.4s)
renewed 0 n=1: subject registered
renewed 1 n=1: subject retained
renewed 2 n=4: subject registered
renewed 3 n=4: subject retained
renewed 0 n=1: subject registered
renewed 1 n=1: subject registered
renewed 2 n=4: subject registered
renewed 3 n=4: subject registered
  ✓   28 [chromium] › tests/e2e/engine.spec.ts:270:1 › a runtime renewed after every search gives the same bytes and registers the subject again (661ms)
completed compact.blastn n=4 n=4 148 ms
  ✓   30 [chromium] › tests/e2e/engine.spec.ts:293:1 › without cross-origin isolation, a threaded search runs on the serial module with the reason (221ms)
  ✓   29 [chromium] › tests/e2e/results.spec.ts:450:1 › BLASTN: an HSP of one letter has no orientation in its record; the note points to outfmt 0's Strand= line (2.3s)
  ✓   31 [chromium] › tests/e2e/results.spec.ts:493:1 › selection by HSP identity: sorting keeps the selected HSP; another subject or query moves it (3.7s)
  ✓   33 [chromium] › tests/e2e/results.spec.ts:673:1 › the dot plot: the HSPs of the pair on a canvas; zoom; choosing an HSP on it or in the list (2.9s)
  -   34 [chromium] › tests/e2e/screens.spec.ts:38:3 › search screen at the desktop size
  -   35 [chromium] › tests/e2e/screens.spec.ts:38:3 › search screen at the phone size
  -   36 [chromium] › tests/e2e/screens.spec.ts:182:3 › results screen at the desktop size
  -   37 [chromium] › tests/e2e/screens.spec.ts:182:3 › results screen at the phone size
  -   38 [chromium] › tests/e2e/search-measure.spec.ts:90:1 › index, check, exclusion and queueing of many records
  ✓   32 [chromium] › tests/e2e/results.spec.ts:556:1 › many queries; view filters change the view, not the search; the notices tell filtered out, no hits and a failed run apart (5.4s)
  ✓   39 [chromium] › tests/e2e/search.spec.ts:30:1 › a file is summarized with its records, not put in the paste box; files can also be dropped (725ms)
  ✓   40 [chromium] › tests/e2e/search.spec.ts:58:1 › records: duplicate IDs by number, the engine refuses a record, exclusion, and a run after exclusion (3.3s)
  ✓   41 [chromium] › tests/e2e/search.spec.ts:94:1 › the same subject, another query: the engine keeps the subject (R1) (3.0s)
  ✓   43 [chromium] › tests/e2e/search.spec.ts:170:1 › cancel a running search; the next one runs (2.3s)
  ✓   42 [chromium] › tests/e2e/search.spec.ts:112:1 › several runs in the queue; the next job is edited while one runs; separate searches as a group (3.2s)
  ✓   44 [chromium] › tests/e2e/search.spec.ts:186:1 › the region of a role with one record: the drag, the fields, the limits and the argv (2.9s)
  ✓   45 [chromium] › tests/e2e/search.spec.ts:239:1 › the options form: the engine's defaults are not written; tasks, templates and genetic codes (4.5s)
  ✓   46 [chromium] › tests/e2e/search.spec.ts:281:1 › the engine's refusals of option values are shown as the engine writes them, and nothing is queued (4.0s)
  ✓   47 [chromium] › tests/e2e/search.spec.ts:307:1 › empty inputs, every record excluded, a sequence without a defline, and BLASTX (2.4s)
  ✓   48 [chromium] › tests/e2e/search.spec.ts:331:1 › the sequence kind warning is an estimate and does not change the program (1.0s)
  ✓   50 [chromium] › tests/e2e/search.spec.ts:401:1 › narrow screens put the inputs and the queue one under the other, without horizontal scrolling (718ms)
  ✓   51 [chromium] › tests/e2e/smoke.spec.ts:4:1 › the page is cross-origin isolated, so the threaded engine can use shared memory (148ms)
  ✓   52 [chromium] › tests/e2e/smoke.spec.ts:10:1 › paste, queue, run, view and export with the engine (1.0s)
  ✓   49 [chromium] › tests/e2e/search.spec.ts:343:3 › leaving and returning › the wake lock is held during a search; the page warns before it is left; the state is checked on return (2.4s)
  ✓   53 [chromium] › tests/e2e/smoke.spec.ts:42:1 › a BLASTN query of white space only is refused with the index scan error, before it is queued (460ms)
  ✓   54 [chromium] › tests/e2e/storage.spec.ts:24:1 › a tab keeps its outputs in OPFS under tmp/<session>/runs/<run>/, named by tokens only (1.1s)
  ✓   55 [chromium] › tests/e2e/storage.spec.ts:47:3 › the next tab removes the data of a tab that is killed, and keeps its own (2.2s)
  ✓   56 [chromium] › tests/e2e/storage.spec.ts:47:3 › the next tab removes the data of a tab that is closed, and keeps its own (2.6s)
  ✓   58 [chromium] › tests/e2e/storage.spec.ts:107:1 › two tabs that start at the same time remove an abandoned session once and keep each other (1.7s)
  ✓   57 [chromium] › tests/e2e/storage.spec.ts:80:1 › two open tabs, started one after the other, never remove each other's data (3.3s)
  ✓   59 [chromium] › tests/e2e/storage.spec.ts:128:1 › a stopped (frozen) tab keeps its data while another tab starts (1.9s)
  ✓   60 [chromium] › tests/e2e/storage.spec.ts:147:1 › a run that runs out of storage fails with the reason; earlier results stay and later runs work (2.1s)
pass [opfs] write and seal: a block reads back exactly the bytes appended to it
pass [opfs] read: any range of a sealed block, and nothing beyond its end
pass [opfs] write: the store keeps a copy, so the caller may reuse its buffer
pass [opfs] staging: a block cannot be read before it is sealed
pass [opfs] seal: a sealed block takes no more bytes and cannot be sealed again
pass [opfs] discard: a staged or sealed block disappears and its bytes are freed
pass [run output] every stream arrives in order and the run commits
pass [opfs] create: a path that exists cannot be created again
pass [opfs] removeAll: removes one directory, sealed or not, and leaves the rest
pass [opfs] paths: empty and relative names are rejected
pass [opfs] an empty block can be sealed and read
pass [run output] many small chunks and one large chunk arrive unchanged
pass [run output] a run without output commits with empty outputs
pass [opfs] a large block: 48 MiB in 1 MiB appends reads back unchanged
FAIL [opfs] storage full: an append fails with StorageFullError, the block can only be discarded, and sealed blocks stay readable: ContractError: an append beyond the storage: expected an error matching /StorageFullError/, but nothing was thrown
  ✓   61 [firefox] › tests/e2e/browsers.spec.ts:34:3 › BlockStore contract: opfs store in a dedicated worker (without storage full) (3.7s)
pass [run output] staging: a run cannot be read before it is committed, and the commit waits for end
pass [run output] an end whose totals disagree fails the commit and discards the run
pass [memory] write and seal: a block reads back exactly the bytes appended to it
pass [memory] read: any range of a sealed block, and nothing beyond its end
pass [memory] write: the store keeps a copy, so the caller may reuse its buffer
pass [memory] staging: a block cannot be read before it is sealed
pass [memory] seal: a sealed block takes no more bytes and cannot be sealed again
pass [memory] discard: a staged or sealed block disappears and its bytes are freed
pass [memory] create: a path that exists cannot be created again
pass [memory] removeAll: removes one directory, sealed or not, and leaves the rest
pass [memory] paths: empty and relative names are rejected
pass [memory] an empty block can be sealed and read
pass [run output] a message outside the protocol fails the commit
pass [memory] a large block: 48 MiB in 1 MiB appends reads back unchanged
pass [memory] storage full: an append fails with StorageFullError, the block can only be discarded, and sealed blocks stay readable
  ✓   63 [firefox] › tests/e2e/browsers.spec.ts:34:3 › BlockStore contract: memory store in a dedicated worker (without storage full) (667ms)
  -   64 [firefox] › tests/e2e/contracts.spec.ts:32:3 › BlockStore contract: opfs store in a dedicated worker
  -   65 [firefox] › tests/e2e/contracts.spec.ts:32:3 › BlockStore contract: memory store in a dedicated worker
  -   66 [firefox] › tests/e2e/contracts.spec.ts:40:1 › run output contract: a writer in its own worker and the real Data worker (OPFS)
pass [run output] discard drops a staged run and ignores its late chunks
pass [run output] a committed run is kept by discard and removed by delete
pass [record scanner] scan: one record with regular lines (LF)
pass [record scanner] scan: CRLF line ends
pass [record scanner] scan: lines of different lengths
pass [record scanner] scan: several records, the last without a final newline
pass [record scanner] scan: a blank line inside a sequence
pass [record scanner] scan: interior white space belongs to the sequence, trailing white space does not
pass [record scanner] scan: a non-ASCII header
pass [record scanner] scan: residues keep their case
pass [record scanner] scan: a record without residues
pass [record scanner] scan: an empty record ends the input (bio stops reading there)
pass [record scanner] scan: a header line without a newline at the end of the input
pass [record scanner] scan: an empty input has no records
pass [record scanner] scan: a U+FEFF at the start of a header is part of the ID
pass [record scanner] scan: bytes after the empty record that ends the input are not read
pass [run output] two staged runs keep their outputs apart
pass [run output] the writer refuses to write after end
FAIL [run output] storage full: the run fails with the reason, and committed runs stay readable: ContractError: commit: expected a rejection matching /StorageFullError: Not enough temporary storage/, but it resolved
run output contract on the opfs store
  ✓   62 [firefox] › tests/e2e/browsers.spec.ts:49:1 › run output contract: a writer in its own worker and the real Data worker (without storage full) (5.6s)
  ✓   68 [firefox] › tests/e2e/browsers.spec.ts:59:1 › the application keeps results in OPFS, or in memory with the reason shown (746ms)
pass [record scanner] scan: a long record (4 checkpoints) with lines of 60 and 61 residues
multi.blastn n=1: subject registered
multi.megablast n=1: subject retained
iupac.beyond_table.blastn n=1: subject retained
rna.megablast n=1: subject retained
multi.mts3.blastn n=1: subject retained
multi.ws7_e1000.blastn n=4: subject registered
multi.besthit.blastn n=4: subject retained
pass [record scanner] scan: a long record with regular 80-residue lines
pass [record scanner] scan: the parser's error for text before the first header
pass [record scanner] scan: the parser's error for a blank line before the first header
pass [record scanner] scan: the parser's error for white space only
pass [record scanner] scan: the parser's error for a first line that is not a header, before bytes that are not UTF-8
pass [record scanner] scan: the parser's error for bytes that are not UTF-8
pass [record scanner] scan: a multi-byte character split across chunks
pass [record scanner] scan: parser kind 1 is refused until SX
  ✓   67 [firefox] › tests/e2e/engine.spec.ts:97:1 › record scanner contract: the serial reactor (4.9s)
pass [engine input] register: the run proceeds when the record tables agree
tblastx.multi n=1: subject registered
pass [engine input] register: a query record with another ID stops the run before any output
pass [engine input] register: a subject record with another length stops the run before any output
tblastx.batch n=1: subject retained
pass [engine input] register: a missing record stops the run before any output
  ✓   70 [firefox] › tests/e2e/engine.spec.ts:105:3 › engine input contract: the real EngineGateway at 1 thread(s) (1.4s)
tblastx.mts1 n=4: subject registered
pass [engine input] register: the run proceeds when the record tables agree
pass [engine input] register: a query record with another ID stops the run before any output
pass [engine input] register: a subject record with another length stops the run before any output
tblastx.thrwin n=4: subject retained
pass [engine input] register: a missing record stops the run before any output
  ✓   71 [firefox] › tests/e2e/engine.spec.ts:105:3 › engine input contract: the real EngineGateway at 4 thread(s) (1.4s)
pass [run output, Engine worker] every stream arrives in order and the run commits
pass [run output, Engine worker] many small chunks and one large chunk arrive unchanged
  ✓   69 [firefox] › tests/e2e/engine.spec.ts:174:1 › R1: searches of one subject with other queries and options reuse it and give the expected bytes (6.4s)
pass [run output, Engine worker] a run without output commits with empty outputs
pass [run output, Engine worker] staging: a run cannot be read before it is committed, and the commit waits for end
pass [run output, Engine worker] an end whose totals disagree fails the commit and discards the run
pass [run output, Engine worker] a message outside the protocol fails the commit
pass [run output, Engine worker] discard drops a staged run and ignores its late chunks
pass [run output, Engine worker] a committed run is kept by discard and removed by delete
pass [run output, Engine worker] two staged runs keep their outputs apart
pass [run output, Engine worker] the writer refuses to write after end
FAIL [run output, Engine worker] storage full: the run fails with the reason, and committed runs stay readable: ContractError: commit: expected a rejection matching /StorageFullError: Not enough temporary storage/, but it resolved
  ✓   72 [firefox] › tests/e2e/engine.spec.ts:132:1 › run output contract: the writer in the Engine worker, the real Data worker (without storage full) (3.8s)
completed compact.blastn n=1 n=1 499 ms
completed compact.blastn n=2 n=2 203 ms
completed compact.blastn n=4 n=4 193 ms
completed multi.blastn n=1 n=1 185 ms
completed multi.blastn n=2 n=2 219 ms
completed multi.blastn n=4 n=4 202 ms
completed mask.lcase.megablast n=1 n=1 176 ms
completed mask.lcase.megablast n=2 n=2 221 ms
completed mask.lcase.megablast n=4 n=4 213 ms
completed width.blastp n=1 n=1 182 ms
completed width.blastp n=2 n=2 191 ms
completed width.blastp n=4 n=4 199 ms
completed width.tblastn n=1 n=1 203 ms
completed width.tblastn n=2 n=2 228 ms
completed width.tblastn n=4 n=4 191 ms
completed tblastx.multi n=1 n=1 482 ms
completed tblastx.multi n=2 n=2 475 ms
completed tblastx.multi n=4 n=4 514 ms
completed tblastn.code4 n=1 n=1 193 ms
completed tblastn.code4 n=2 n=2 221 ms
completed tblastn.code4 n=4 n=4 230 ms
completed tblastn.batches n=1 n=1 5320 ms
completed tblastn.batches n=2 n=2 4140 ms
completed tblastn.batches n=4 n=4 3778 ms
completed tblastx.threaded-direct n=1 n=1 322 ms
completed tblastx.threaded-direct n=2 n=2 291 ms
completed tblastx.threaded-direct n=4 n=4 259 ms
  ✓   74 [firefox] › tests/e2e/engine.spec.ts:141:1 › V-BR: searches through the application give the expected bytes at 1, 2 and 4 threads (22.2s)
  -   75 [firefox] › tests/e2e/measure.spec.ts:207:1 › dw8: the share of a warm search that subject-only preprocessing can take
  -   76 [firefox] › tests/e2e/measure.spec.ts:238:1 › memory: the linear memory of one instance over repeated searches
  -   77 [firefox] › tests/e2e/measure.spec.ts:272:1 › auto: the search phase at 1, 2 and 4 threads by input size
  -   78 [firefox] › tests/e2e/measure.spec.ts:298:1 › cancel: the time to cancel and to prepare the next search in a new runtime
  -   79 [firefox] › tests/e2e/results-measure.spec.ts:491:3 › 10,000 queries: opening the run, the query picker, finding and sorting
  -   80 [firefox] › tests/e2e/results-measure.spec.ts:491:3 › 100,000 queries: opening the run, the query picker, finding and sorting
  -   81 [firefox] › tests/e2e/results-measure.spec.ts:713:1 › many HSPs in one query-subject pair: the dot plot and the HSP list
  ✓   82 [firefox] › tests/e2e/results.spec.ts:210:3 › BLASTN: the lists are the outfmt 6 rows, the detail is outfmt 0's text; units, frames and run details (3.5s)
completed tblastn.query_batches n=2 n=2 29613 ms
  ✓   83 [firefox] › tests/e2e/results.spec.ts:210:3 › BLASTP: the lists are the outfmt 6 rows, the detail is outfmt 0's text; units, frames and run details (6.9s)
  ✓   84 [firefox] › tests/e2e/results.spec.ts:210:3 › TBLASTN: the lists are the outfmt 6 rows, the detail is outfmt 0's text; units, frames and run details (5.5s)
  ✓   85 [firefox] › tests/e2e/results.spec.ts:210:3 › TBLASTX: the lists are the outfmt 6 rows, the detail is outfmt 0's text; units, frames and run details (5.6s)
  ✓   86 [firefox] › tests/e2e/results.spec.ts:381:1 › an HSP that outfmt 0 does not show, and a hit list that may have reached its limit (2.8s)
  ✓   87 [firefox] › tests/e2e/results.spec.ts:450:1 › BLASTN: an HSP of one letter has no orientation in its record; the note points to outfmt 0's Strand= line (3.4s)
  ✓   88 [firefox] › tests/e2e/results.spec.ts:493:1 › selection by HSP identity: sorting keeps the selected HSP; another subject or query moves it (5.4s)
  ✓   89 [firefox] › tests/e2e/results.spec.ts:556:1 › many queries; view filters change the view, not the search; the notices tell filtered out, no hits and a failed run apart (6.2s)
  ✓   90 [firefox] › tests/e2e/results.spec.ts:673:1 › the dot plot: the HSPs of the pair on a canvas; zoom; choosing an HSP on it or in the list (3.7s)
  -   91 [firefox] › tests/e2e/screens.spec.ts:38:3 › search screen at the desktop size
  -   92 [firefox] › tests/e2e/screens.spec.ts:38:3 › search screen at the phone size
  -   93 [firefox] › tests/e2e/screens.spec.ts:182:3 › results screen at the desktop size
  -   94 [firefox] › tests/e2e/screens.spec.ts:182:3 › results screen at the phone size
  -   95 [firefox] › tests/e2e/search-measure.spec.ts:90:1 › index, check, exclusion and queueing of many records
  ✓   96 [firefox] › tests/e2e/search.spec.ts:30:1 › a file is summarized with its records, not put in the paste box; files can also be dropped (803ms)
completed tblastn.query_batches n=4 n=4 32658 ms
  ✓   73 [firefox] › tests/e2e/engine.spec.ts:216:1 › a search that builds one thread pool after another runs threaded from a new runtime (1.2m)
  ✓   97 [firefox] › tests/e2e/search.spec.ts:58:1 › records: duplicate IDs by number, the engine refuses a record, exclusion, and a run after exclusion (5.1s)
cancel n=1: cancelled in 95 ms; next search prepared in 139 ms
cancel n=4: cancelled in 74 ms; next search prepared in 142 ms
  ✓   98 [firefox] › tests/e2e/engine.spec.ts:241:1 › a cancelled search ends its runtime; the next search runs in a new one with the expected bytes (2.6s)
renewed 0 n=1: subject registered
renewed 1 n=1: subject retained
renewed 2 n=4: subject registered
renewed 3 n=4: subject retained
  ✓   99 [firefox] › tests/e2e/search.spec.ts:94:1 › the same subject, another query: the engine keeps the subject (R1) (3.9s)
renewed 0 n=1: subject registered
renewed 1 n=1: subject registered
renewed 2 n=4: subject registered
renewed 3 n=4: subject registered
  ✓  100 [firefox] › tests/e2e/engine.spec.ts:270:1 › a runtime renewed after every search gives the same bytes and registers the subject again (2.9s)
completed compact.blastn n=4 n=4 502 ms
  ✓  102 [firefox] › tests/e2e/engine.spec.ts:293:1 › without cross-origin isolation, a threaded search runs on the serial module with the reason (779ms)
  ✓  101 [firefox] › tests/e2e/search.spec.ts:112:1 › several runs in the queue; the next job is edited while one runs; separate searches as a group (4.7s)
  ✓  103 [firefox] › tests/e2e/search.spec.ts:170:1 › cancel a running search; the next one runs (3.7s)
  ✓  104 [firefox] › tests/e2e/search.spec.ts:186:1 › the region of a role with one record: the drag, the fields, the limits and the argv (3.5s)
  ✓  105 [firefox] › tests/e2e/search.spec.ts:239:1 › the options form: the engine's defaults are not written; tasks, templates and genetic codes (5.4s)
  ✓  106 [firefox] › tests/e2e/search.spec.ts:281:1 › the engine's refusals of option values are shown as the engine writes them, and nothing is queued (4.6s)
  ✓  108 [firefox] › tests/e2e/search.spec.ts:331:1 › the sequence kind warning is an estimate and does not change the program (1.2s)
  ✓  107 [firefox] › tests/e2e/search.spec.ts:307:1 › empty inputs, every record excluded, a sequence without a defline, and BLASTX (3.5s)
  ✓  110 [firefox] › tests/e2e/search.spec.ts:401:1 › narrow screens put the inputs and the queue one under the other, without horizontal scrolling (1.3s)
  ✓  111 [firefox] › tests/e2e/smoke.spec.ts:4:1 › the page is cross-origin isolated, so the threaded engine can use shared memory (281ms)
  ✓  109 [firefox] › tests/e2e/search.spec.ts:343:3 › leaving and returning › the wake lock is held during a search; the page warns before it is left; the state is checked on return (3.3s)
  ✓  113 [firefox] › tests/e2e/smoke.spec.ts:42:1 › a BLASTN query of white space only is refused with the index scan error, before it is queued (598ms)
  -  114 [firefox] › tests/e2e/storage.spec.ts:24:1 › a tab keeps its outputs in OPFS under tmp/<session>/runs/<run>/, named by tokens only
  -  115 [firefox] › tests/e2e/storage.spec.ts:47:3 › the next tab removes the data of a tab that is killed, and keeps its own
  -  116 [firefox] › tests/e2e/storage.spec.ts:47:3 › the next tab removes the data of a tab that is closed, and keeps its own
  -  117 [firefox] › tests/e2e/storage.spec.ts:80:1 › two open tabs, started one after the other, never remove each other's data
  -  118 [firefox] › tests/e2e/storage.spec.ts:107:1 › two tabs that start at the same time remove an abandoned session once and keep each other
  -  119 [firefox] › tests/e2e/storage.spec.ts:128:1 › a stopped (frozen) tab keeps its data while another tab starts
  -  120 [firefox] › tests/e2e/storage.spec.ts:147:1 › a run that runs out of storage fails with the reason; earlier results stay and later runs work
  ✓  112 [firefox] › tests/e2e/smoke.spec.ts:10:1 › paste, queue, run, view and export with the engine (1.7s)
  -  121 [webkit] › tests/e2e/browsers.spec.ts:34:3 › BlockStore contract: opfs store in a dedicated worker (without storage full)
pass [run output] every stream arrives in order and the run commits
pass [run output] many small chunks and one large chunk arrive unchanged
pass [run output] a run without output commits with empty outputs
pass [memory] write and seal: a block reads back exactly the bytes appended to it
pass [memory] read: any range of a sealed block, and nothing beyond its end
pass [memory] write: the store keeps a copy, so the caller may reuse its buffer
pass [memory] staging: a block cannot be read before it is sealed
pass [memory] seal: a sealed block takes no more bytes and cannot be sealed again
pass [memory] discard: a staged or sealed block disappears and its bytes are freed
pass [memory] create: a path that exists cannot be created again
pass [memory] removeAll: removes one directory, sealed or not, and leaves the rest
pass [memory] paths: empty and relative names are rejected
pass [memory] an empty block can be sealed and read
pass [memory] a large block: 48 MiB in 1 MiB appends reads back unchanged
pass [memory] storage full: an append fails with StorageFullError, the block can only be discarded, and sealed blocks stay readable
  ✓  123 [webkit] › tests/e2e/browsers.spec.ts:34:3 › BlockStore contract: memory store in a dedicated worker (without storage full) (558ms)
  -  124 [webkit] › tests/e2e/contracts.spec.ts:32:3 › BlockStore contract: opfs store in a dedicated worker
  -  125 [webkit] › tests/e2e/contracts.spec.ts:32:3 › BlockStore contract: memory store in a dedicated worker
pass [run output] staging: a run cannot be read before it is committed, and the commit waits for end
  -  126 [webkit] › tests/e2e/contracts.spec.ts:40:1 › run output contract: a writer in its own worker and the real Data worker (OPFS)
pass [run output] an end whose totals disagree fails the commit and discards the run
pass [run output] a message outside the protocol fails the commit
pass [run output] discard drops a staged run and ignores its late chunks
pass [run output] a committed run is kept by discard and removed by delete
pass [run output] two staged runs keep their outputs apart
pass [run output] the writer refuses to write after end
FAIL [run output] storage full: the run fails with the reason, and committed runs stay readable: ContractError: commit: expected a rejection matching /StorageFullError: Not enough temporary storage/, but it resolved
run output contract on the memory store
  ✓  122 [webkit] › tests/e2e/browsers.spec.ts:49:1 › run output contract: a writer in its own worker and the real Data worker (without storage full) (1.2s)
pass [record scanner] scan: one record with regular lines (LF)
pass [record scanner] scan: CRLF line ends
pass [record scanner] scan: lines of different lengths
pass [record scanner] scan: several records, the last without a final newline
pass [record scanner] scan: a blank line inside a sequence
pass [record scanner] scan: interior white space belongs to the sequence, trailing white space does not
pass [record scanner] scan: a non-ASCII header
pass [record scanner] scan: residues keep their case
pass [record scanner] scan: a record without residues
pass [record scanner] scan: an empty record ends the input (bio stops reading there)
pass [record scanner] scan: a header line without a newline at the end of the input
pass [record scanner] scan: an empty input has no records
pass [record scanner] scan: a U+FEFF at the start of a header is part of the ID
pass [record scanner] scan: bytes after the empty record that ends the input are not read
pass [record scanner] scan: a long record (4 checkpoints) with lines of 60 and 61 residues
  ✓  128 [webkit] › tests/e2e/browsers.spec.ts:59:1 › the application keeps results in OPFS, or in memory with the reason shown (606ms)
pass [record scanner] scan: a long record with regular 80-residue lines
pass [record scanner] scan: the parser's error for text before the first header
pass [record scanner] scan: the parser's error for a blank line before the first header
pass [record scanner] scan: the parser's error for white space only
pass [record scanner] scan: the parser's error for a first line that is not a header, before bytes that are not UTF-8
pass [record scanner] scan: the parser's error for bytes that are not UTF-8
pass [record scanner] scan: a multi-byte character split across chunks
pass [record scanner] scan: parser kind 1 is refused until SX
  ✓  127 [webkit] › tests/e2e/engine.spec.ts:97:1 › record scanner contract: the serial reactor (772ms)
pass [engine input] register: the run proceeds when the record tables agree
pass [engine input] register: a query record with another ID stops the run before any output
multi.blastn n=1: subject registered
multi.megablast n=1: subject retained
iupac.beyond_table.blastn n=1: subject retained
rna.megablast n=1: subject retained
multi.mts3.blastn n=1: subject retained
pass [engine input] register: a subject record with another length stops the run before any output
multi.ws7_e1000.blastn n=4: subject registered
multi.besthit.blastn n=4: subject retained
tblastx.multi n=1: subject registered
tblastx.batch n=1: subject retained
pass [engine input] register: a missing record stops the run before any output
  ✓  129 [webkit] › tests/e2e/engine.spec.ts:105:3 › engine input contract: the real EngineGateway at 1 thread(s) (1.5s)
tblastx.mts1 n=4: subject registered
tblastx.thrwin n=4: subject retained
pass [engine input] register: the run proceeds when the record tables agree
pass [engine input] register: a query record with another ID stops the run before any output
pass [engine input] register: a subject record with another length stops the run before any output
  ✓  130 [webkit] › tests/e2e/engine.spec.ts:174:1 › R1: searches of one subject with other queries and options reuse it and give the expected bytes (2.6s)
pass [engine input] register: a missing record stops the run before any output
  ✓  131 [webkit] › tests/e2e/engine.spec.ts:105:3 › engine input contract: the real EngineGateway at 4 thread(s) (1.6s)
pass [run output, Engine worker] every stream arrives in order and the run commits
pass [run output, Engine worker] many small chunks and one large chunk arrive unchanged
pass [run output, Engine worker] a run without output commits with empty outputs
pass [run output, Engine worker] staging: a run cannot be read before it is committed, and the commit waits for end
pass [run output, Engine worker] an end whose totals disagree fails the commit and discards the run
pass [run output, Engine worker] a message outside the protocol fails the commit
pass [run output, Engine worker] discard drops a staged run and ignores its late chunks
pass [run output, Engine worker] a committed run is kept by discard and removed by delete
pass [run output, Engine worker] two staged runs keep their outputs apart
pass [run output, Engine worker] the writer refuses to write after end
FAIL [run output, Engine worker] storage full: the run fails with the reason, and committed runs stay readable: ContractError: commit: expected a rejection matching /StorageFullError: Not enough temporary storage/, but it resolved
  ✓  133 [webkit] › tests/e2e/engine.spec.ts:132:1 › run output contract: the writer in the Engine worker, the real Data worker (without storage full) (1.2s)
completed compact.blastn n=1 n=1 197 ms
completed compact.blastn n=2 n=2 41 ms
completed compact.blastn n=4 n=4 55 ms
completed multi.blastn n=1 n=1 29 ms
completed multi.blastn n=2 n=2 57 ms
completed multi.blastn n=4 n=4 71 ms
completed mask.lcase.megablast n=1 n=1 13 ms
completed mask.lcase.megablast n=2 n=2 54 ms
completed mask.lcase.megablast n=4 n=4 40 ms
completed width.blastp n=1 n=1 34 ms
completed width.blastp n=2 n=2 55 ms
completed width.blastp n=4 n=4 25 ms
completed width.tblastn n=1 n=1 17 ms
completed width.tblastn n=2 n=2 31 ms
completed width.tblastn n=4 n=4 28 ms
completed tblastx.multi n=1 n=1 130 ms
completed tblastx.multi n=2 n=2 104 ms
completed tblastx.multi n=4 n=4 77 ms
completed tblastn.code4 n=1 n=1 16 ms
completed tblastn.code4 n=2 n=2 19 ms
completed tblastn.code4 n=4 n=4 18 ms
completed tblastn.batches n=1 n=1 798 ms
completed tblastn.batches n=2 n=2 733 ms
completed tblastn.batches n=4 n=4 715 ms
completed tblastx.threaded-direct n=1 n=1 44 ms
completed tblastx.threaded-direct n=2 n=2 49 ms
completed tblastx.threaded-direct n=4 n=4 57 ms
completed tblastn.query_batches n=2 n=2 4951 ms
  ✓  134 [webkit] › tests/e2e/engine.spec.ts:141:1 › V-BR: searches through the application give the expected bytes at 1, 2 and 4 threads (6.0s)
  -  135 [webkit] › tests/e2e/measure.spec.ts:207:1 › dw8: the share of a warm search that subject-only preprocessing can take
  -  136 [webkit] › tests/e2e/measure.spec.ts:238:1 › memory: the linear memory of one instance over repeated searches
  -  137 [webkit] › tests/e2e/measure.spec.ts:272:1 › auto: the search phase at 1, 2 and 4 threads by input size
  -  138 [webkit] › tests/e2e/measure.spec.ts:298:1 › cancel: the time to cancel and to prepare the next search in a new runtime
  -  139 [webkit] › tests/e2e/results-measure.spec.ts:491:3 › 10,000 queries: opening the run, the query picker, finding and sorting
  -  140 [webkit] › tests/e2e/results-measure.spec.ts:491:3 › 100,000 queries: opening the run, the query picker, finding and sorting
  -  141 [webkit] › tests/e2e/results-measure.spec.ts:713:1 › many HSPs in one query-subject pair: the dot plot and the HSP list
  ✓  142 [webkit] › tests/e2e/results.spec.ts:210:3 › BLASTN: the lists are the outfmt 6 rows, the detail is outfmt 0's text; units, frames and run details (2.9s)
  ✓  143 [webkit] › tests/e2e/results.spec.ts:210:3 › BLASTP: the lists are the outfmt 6 rows, the detail is outfmt 0's text; units, frames and run details (5.0s)
  ✓  144 [webkit] › tests/e2e/results.spec.ts:210:3 › TBLASTN: the lists are the outfmt 6 rows, the detail is outfmt 0's text; units, frames and run details (4.2s)
completed tblastn.query_batches n=4 n=4 5339 ms
  ✓  132 [webkit] › tests/e2e/engine.spec.ts:216:1 › a search that builds one thread pool after another runs threaded from a new runtime (21.0s)
cancel n=1: cancelled in 1 ms; next search prepared in 8 ms
cancel n=4: cancelled in 1 ms; next search prepared in 21 ms
  ✓  146 [webkit] › tests/e2e/engine.spec.ts:241:1 › a cancelled search ends its runtime; the next search runs in a new one with the expected bytes (1.6s)
renewed 0 n=1: subject registered
renewed 1 n=1: subject retained
renewed 2 n=4: subject registered
renewed 3 n=4: subject retained
renewed 0 n=1: subject registered
renewed 1 n=1: subject registered
renewed 2 n=4: subject registered
  ✓  145 [webkit] › tests/e2e/results.spec.ts:210:3 › TBLASTX: the lists are the outfmt 6 rows, the detail is outfmt 0's text; units, frames and run details (4.1s)
renewed 3 n=4: subject registered
  ✓  147 [webkit] › tests/e2e/engine.spec.ts:270:1 › a runtime renewed after every search gives the same bytes and registers the subject again (1.3s)
completed compact.blastn n=4 n=4 217 ms
  ✓  149 [webkit] › tests/e2e/engine.spec.ts:293:1 › without cross-origin isolation, a threaded search runs on the serial module with the reason (489ms)
  ✓  148 [webkit] › tests/e2e/results.spec.ts:381:1 › an HSP that outfmt 0 does not show, and a hit list that may have reached its limit (2.9s)
  ✓  150 [webkit] › tests/e2e/results.spec.ts:450:1 › BLASTN: an HSP of one letter has no orientation in its record; the note points to outfmt 0's Strand= line (2.8s)
  ✓  151 [webkit] › tests/e2e/results.spec.ts:493:1 › selection by HSP identity: sorting keeps the selected HSP; another subject or query moves it (5.6s)
  ✓  152 [webkit] › tests/e2e/results.spec.ts:556:1 › many queries; view filters change the view, not the search; the notices tell filtered out, no hits and a failed run apart (6.6s)
  -  154 [webkit] › tests/e2e/screens.spec.ts:38:3 › search screen at the desktop size
  -  155 [webkit] › tests/e2e/screens.spec.ts:38:3 › search screen at the phone size
  -  156 [webkit] › tests/e2e/screens.spec.ts:182:3 › results screen at the desktop size
  -  157 [webkit] › tests/e2e/screens.spec.ts:182:3 › results screen at the phone size
  -  158 [webkit] › tests/e2e/search-measure.spec.ts:90:1 › index, check, exclusion and queueing of many records
  ✓  159 [webkit] › tests/e2e/search.spec.ts:30:1 › a file is summarized with its records, not put in the paste box; files can also be dropped (896ms)
  ✓  153 [webkit] › tests/e2e/results.spec.ts:673:1 › the dot plot: the HSPs of the pair on a canvas; zoom; choosing an HSP on it or in the list (3.5s)
  ✓  160 [webkit] › tests/e2e/search.spec.ts:58:1 › records: duplicate IDs by number, the engine refuses a record, exclusion, and a run after exclusion (4.2s)
  ✓  161 [webkit] › tests/e2e/search.spec.ts:94:1 › the same subject, another query: the engine keeps the subject (R1) (3.8s)
  ✓  163 [webkit] › tests/e2e/search.spec.ts:170:1 › cancel a running search; the next one runs (3.5s)
  ✓  162 [webkit] › tests/e2e/search.spec.ts:112:1 › several runs in the queue; the next job is edited while one runs; separate searches as a group (4.6s)
  ✓  164 [webkit] › tests/e2e/search.spec.ts:186:1 › the region of a role with one record: the drag, the fields, the limits and the argv (4.6s)
  ✓  165 [webkit] › tests/e2e/search.spec.ts:239:1 › the options form: the engine's defaults are not written; tasks, templates and genetic codes (4.4s)
  ✓  167 [webkit] › tests/e2e/search.spec.ts:307:1 › empty inputs, every record excluded, a sequence without a defline, and BLASTX (3.8s)
  ✓  166 [webkit] › tests/e2e/search.spec.ts:281:1 › the engine's refusals of option values are shown as the engine writes them, and nothing is queued (4.6s)
  ✓  168 [webkit] › tests/e2e/search.spec.ts:331:1 › the sequence kind warning is an estimate and does not change the program (1.3s)
  ✓  170 [webkit] › tests/e2e/search.spec.ts:401:1 › narrow screens put the inputs and the queue one under the other, without horizontal scrolling (1.3s)
  ✓  171 [webkit] › tests/e2e/smoke.spec.ts:4:1 › the page is cross-origin isolated, so the threaded engine can use shared memory (603ms)
  ✓  169 [webkit] › tests/e2e/search.spec.ts:343:3 › leaving and returning › the wake lock is held during a search; the page warns before it is left; the state is checked on return (3.6s)
  ✓  173 [webkit] › tests/e2e/smoke.spec.ts:42:1 › a BLASTN query of white space only is refused with the index scan error, before it is queued (1.2s)
  -  174 [webkit] › tests/e2e/storage.spec.ts:24:1 › a tab keeps its outputs in OPFS under tmp/<session>/runs/<run>/, named by tokens only
  -  175 [webkit] › tests/e2e/storage.spec.ts:47:3 › the next tab removes the data of a tab that is killed, and keeps its own
  -  176 [webkit] › tests/e2e/storage.spec.ts:47:3 › the next tab removes the data of a tab that is closed, and keeps its own
  -  177 [webkit] › tests/e2e/storage.spec.ts:80:1 › two open tabs, started one after the other, never remove each other's data
  -  178 [webkit] › tests/e2e/storage.spec.ts:107:1 › two tabs that start at the same time remove an abandoned session once and keep each other
  -  179 [webkit] › tests/e2e/storage.spec.ts:128:1 › a stopped (frozen) tab keeps its data while another tab starts
  -  180 [webkit] › tests/e2e/storage.spec.ts:147:1 › a run that runs out of storage fails with the reason; earlier results stay and later runs work
  ✓  172 [webkit] › tests/e2e/smoke.spec.ts:10:1 › paste, queue, run, view and export with the engine (2.0s)

  61 skipped
  119 passed (3.9m)
