
> losat-web@0.0.0 check
> npm run typecheck && npm run lint && npm run test && npm run build


> losat-web@0.0.0 typecheck
> vue-tsc --noEmit


> losat-web@0.0.0 lint
> eslint .


> losat-web@0.0.0 test
> vitest run

(!) Your Vite config uses features that are unsupported by `configLoader: 'native'`, which is planned to become the default in a future major version of Vite:
  - import "./output-format" without a file extension (src/domain/verification.ts:9:35). Add the file extension
  - import "./programs" without a file extension (src/domain/verification.ts:10:32). Add the file extension
Set `VITE_CONFIG_NATIVE_IGNORE_WARNING=true` to suppress this warning.

 RUN  v5.0.2 /home/kawato/losat-work/.worktrees/web-gui-app/web/app


 Test Files  17 passed | 1 skipped (18)
      Tests  309 passed | 29 skipped (338)
   Start at  21:33:37
   Duration  6.63s (tests 75%, transform 20%, import 4%, worker 1%)


> losat-web@0.0.0 build
> vite build

(!) Your Vite config uses features that are unsupported by `configLoader: 'native'`, which is planned to become the default in a future major version of Vite:
  - import "./output-format" without a file extension (src/domain/verification.ts:9:35). Add the file extension
  - import "./programs" without a file extension (src/domain/verification.ts:10:32). Add the file extension
Set `VITE_CONFIG_NATIVE_IGNORE_WARNING=true` to suppress this warning.
vite v8.3.1 building client environment for production...
transforming...
✓ 110 modules transformed.
rendering chunks...
computing gzip size...
dist/index.html                          0.39 kB │ gzip:  0.26 kB
dist/assets/thread-worker-BFsv56lD.js   17.92 kB
dist/assets/data-worker-BAAWOHej.js     20.97 kB
dist/assets/engine-worker-uOxZ35d8.js   30.17 kB
dist/assets/index-B5juhWFL.css          12.50 kB │ gzip:  3.27 kB
dist/assets/index-BY0wL00B.js          220.77 kB │ gzip: 69.14 kB

✓ built in 416ms
