GAPPED_PARAMS	0	11	1	38	64	0	0	0	0	0
GAPPED_INPUT	0	1
GAPPED_INIT	0	0	3	3	0	0	120	656
GAPPED_OUTPUT	0	0	1
GAPPED_HSP	0	0	656	0	0	0	120	29	1	0	120	29
GAPPED_PARAMS	1	11	1	38	64	0	0	0	0	0
GAPPED_INPUT	1	1
GAPPED_INIT	1	0	3	3	0	0	120	656
GAPPED_OUTPUT	1	0	1
GAPPED_HSP	1	0	656	0	0	0	120	29	1	0	120	29
TRACEBACK_INPUT	0	1
TRACEBACK_IN_HSP	0	0	656	1	0	120	0	120
TRACEBACK_OUTPUT	0	0	1	1
TRACEBACK_OUT_HSP	0	0	656	1	0	120	0	120
TRACEBACK_INPUT	0	1
TRACEBACK_IN_HSP	0	0	656	1	0	120	0	120
TRACEBACK_OUTPUT	0	0	1	0
TRACEBACK_OUT_HSP	0	0	656	1	0	120	0	120
TRACEBACK_INPUT	2	1
TRACEBACK_IN_HSP	2	0	656	1	0	120	0	120
TRACEBACK_OUTPUT	2	0	1	1
TRACEBACK_OUT_HSP	2	0	656	1	0	120	0	120
TRACEBACK_INPUT	2	1
TRACEBACK_IN_HSP	2	0	656	1	0	120	0	120
TRACEBACK_OUTPUT	2	0	1	0
TRACEBACK_OUT_HSP	2	0	656	1	0	120	0	120
