WORD_CONTEXT_CUTOFF	0	0	16	16	0
PARAM	0	16	16	0
CAND	0	0	40	0
CAND	0	1	41	1
CAND	0	2	42	2
CAND	0	3	102	2
CAND	0	4	56	3
CAND	0	5	103	3
CAND	0	6	43	3
CAND	0	7	57	4
CAND	0	8	44	4
CAND	0	9	83	4
CAND	0	10	45	5
CAND	0	11	46	6
CAND	0	12	47	7
CAND	0	13	48	8
CAND	0	14	49	9
CAND	0	15	50	10
CAND	0	16	51	11
CAND	0	17	52	12
CAND	0	18	53	13
CAND	0	19	54	14
CAND	0	20	81	15
CAND	0	21	55	15
CAND	0	22	56	16
CAND	0	23	43	16
CAND	0	24	57	17
CAND	0	25	44	17
CAND	0	26	58	18
CAND	0	27	59	19
CAND	0	28	60	20
CAND	0	29	61	21
CAND	0	30	62	22
CAND	0	31	63	23
CAND	0	32	64	24
CAND	0	33	65	25
CAND	0	34	66	26
CAND	0	35	67	27
CAND	0	36	68	28
CAND	0	37	69	29
CAND	0	38	70	30
CAND	0	39	71	31
CAND	0	40	72	32
CAND	0	41	73	33
CAND	0	42	74	34
CAND	0	43	75	35
CAND	0	44	76	36
CAND	0	45	108	37
CAND	0	46	77	37
CAND	0	47	78	38
CAND	0	48	135	39
CAND	0	49	79	39
CAND	0	50	80	40
CAND	0	51	81	41
CAND	0	52	55	41
CAND	0	53	82	42
CAND	0	54	44	43
CAND	0	55	83	43
CAND	0	56	84	44
CAND	0	57	85	45
CAND	0	58	86	46
CAND	0	59	87	47
CAND	0	60	88	48
CAND	0	61	89	49
CAND	0	62	90	50
CAND	0	63	91	51
CAND	0	64	92	52
CAND	0	65	93	53
CAND	0	66	94	54
CAND	0	67	95	55
CAND	0	68	96	56
CAND	0	69	97	57
CAND	0	70	98	58
CAND	0	71	99	59
CAND	0	72	100	60
CAND	0	73	101	61
CAND	0	74	42	62
CAND	0	75	102	62
CAND	0	76	103	63
CAND	0	77	43	63
CAND	0	78	104	64
CAND	0	79	105	65
CAND	0	80	106	66
CAND	0	81	107	67
CAND	0	82	108	68
CAND	0	83	77	68
CAND	0	84	109	69
CAND	0	85	110	70
CAND	0	86	111	71
CAND	0	87	112	72
CAND	0	88	113	73
CAND	0	89	114	74
CAND	0	90	115	75
CAND	0	91	116	76
CAND	0	92	117	77
CAND	0	93	118	78
CAND	0	94	119	79
CAND	0	95	120	80
CAND	0	96	121	81
CAND	0	97	122	82
CAND	0	98	123	83
CAND	0	99	124	84
CAND	0	100	125	85
CAND	0	101	126	86
CAND	0	102	127	87
CAND	0	103	128	88
CAND	0	104	129	89
CAND	0	105	130	90
CAND	0	106	131	91
CAND	0	107	132	92
CAND	0	108	133	93
CAND	0	109	134	94
CAND	0	110	135	95
CAND	0	111	79	95
CAND	0	112	136	96
CAND	0	113	137	97
CAND	0	114	138	98
CAND	0	115	139	99
CAND	0	116	140	100
CAND	0	117	141	101
CAND	0	118	142	102
CAND	0	119	143	103
CAND	0	120	144	104
CAND	0	121	145	105
CAND	0	122	146	106
CAND	0	123	147	107
CAND	0	124	148	108
CAND	0	125	149	109
CAND	0	126	150	110
CAND	0	127	151	111
CAND	0	128	152	112
CAND	0	129	153	113
CAND	0	130	154	114
CAND	0	131	155	115
CAND	0	132	156	116
CAND	0	133	157	117
END	0	134
WORD_CONTEXT_CUTOFF	1	0	16	16	0
PARAM	1	16	16	0
CAND	1	0	56	4
CAND	1	1	57	5
CAND	1	2	44	5
CAND	1	3	83	5
CAND	1	4	151	9
CAND	1	5	45	10
CAND	1	6	151	12
CAND	1	7	123	40
CAND	1	8	83	52
CAND	1	9	103	54
CAND	1	10	43	54
CAND	1	11	44	55
CAND	1	12	83	55
CAND	1	13	118	65
CAND	1	14	119	66
CAND	1	15	118	70
CAND	1	16	90	71
CAND	1	17	119	71
CAND	1	18	151	72
CAND	1	19	118	77
CAND	1	20	119	78
CAND	1	21	67	108
CAND	1	22	56	111
CAND	1	23	103	111
CAND	1	24	43	111
CAND	1	25	57	112
CAND	1	26	44	112
CAND	1	27	83	112
END	1	28
WORD_CONTEXT_CUTOFF	2	0	16	16	0
PARAM	2	16	16	0
CAND	2	0	103	10
CAND	2	1	127	24
CAND	2	2	67	56
CAND	2	3	42	71
CAND	2	4	102	71
CAND	2	5	103	72
CAND	2	6	43	72
CAND	2	7	49	110
END	2	8
WORD_CONTEXT_CUTOFF	3	0	16	16	0
PARAM	3	16	16	0
CAND	3	0	47	85
CAND	3	1	147	104
END	3	2
WORD_CONTEXT_CUTOFF	4	0	16	16	0
PARAM	4	16	16	0
CAND	4	0	71	5
CAND	4	1	108	26
CAND	4	2	77	26
CAND	4	3	101	26
CAND	4	4	64	38
CAND	4	5	132	44
CAND	4	6	133	45
CAND	4	7	91	58
CAND	4	8	64	106
CAND	4	9	133	108
END	4	10
WORD_CONTEXT_CUTOFF	5	0	16	16	0
PARAM	5	16	16	0
CAND	5	0	64	7
CAND	5	1	63	63
CAND	5	2	123	73
END	5	3
