QUERY_INFO	0	0	0	1
QUERY_CONTEXT	0	0	0	0	120	0	1
GAPPED_PARAMS	0	11	1	38	64	28	28	28	0	0
GAPPED_INPUT	0	1
GAPPED_INIT	0	0	52	102	0	50	120	656
CONTAINS	0	1	0	120	50	170
GAPPED_OUTPUT	0	0	1
GAPPED_HSP	0	0	656	0	0	0	120	29	1	50	170	79
ENDPOINT_INPUT	1	1
ENDPOINT_IN_HSP	0	656	1	0	120	50	170
ENDPOINT_OUTPUT	1	1
ENDPOINT_OUT_HSP	0	656	1	0	120	50	170
MERGE_INPUT	0	2147483647	4999900	-2147483648	100	1	0	1	0
MERGE_IN_HSP	0	0	0	656	1	0	120	29	4999950	5000070	4999979
MERGE_OUTPUT	0	0	0	1
MERGE_OUT_HSP	0	0	0	656	1	0	120	29	4999950	5000070	4999979
APPEND_INPUT	0	2147483647	1	0
APPEND_IN_HSP	0	0	0	656	1	0	120	4999950	5000070
APPEND_OUTPUT	0	0	0	1
APPEND_OUT_HSP	0	0	0	656	1	0	120	4999950	5000070
APPEND_INPUT	1	2147483647	0	1
APPEND_OLD_HSP	1	0	0	656	1	0	120	4999950	5000070
APPEND_OUTPUT	1	0	0	1
APPEND_OUT_HSP	1	0	0	656	1	0	120	4999950	5000070
APPEND_INPUT	2	2147483647	0	1
APPEND_OLD_HSP	2	0	0	656	1	0	120	4999950	5000070
APPEND_OUTPUT	2	0	0	1
APPEND_OUT_HSP	2	0	0	656	1	0	120	4999950	5000070
APPEND_INPUT	3	2147483647	0	1
APPEND_OLD_HSP	3	0	0	656	1	0	120	4999950	5000070
APPEND_OUTPUT	3	0	0	1
APPEND_OUT_HSP	3	0	0	656	1	0	120	4999950	5000070
APPEND_INPUT	4	2147483647	0	1
APPEND_OLD_HSP	4	0	0	656	1	0	120	4999950	5000070
APPEND_OUTPUT	4	0	0	1
APPEND_OUT_HSP	4	0	0	656	1	0	120	4999950	5000070
APPEND_INPUT	5	2147483647	0	1
APPEND_OLD_HSP	5	0	0	656	1	0	120	4999950	5000070
APPEND_OUTPUT	5	0	0	1
APPEND_OUT_HSP	5	0	0	656	1	0	120	4999950	5000070
TRACEBACK_INPUT	0	1
TRACEBACK_CONTEXT	0	1
TRACEBACK_IN_HSP	0	0	656	1	0	120	4999950	5000070
TRACEBACK_IN_CONTEXT_HSP	0	0	0
CONTAINS	0	1	0	120	4999950	5000070
TARGET_TRANSLATION	1	4999950	5000070	4999917	5000103	5000103	1
TRACEBACK_OUTPUT	0	0	1	1
TRACEBACK_OUT_HSP	0	0	656	1	0	120	4999950	5000070
TRACEBACK_INPUT	0	1
TRACEBACK_CONTEXT	0	1
TRACEBACK_IN_HSP	0	0	656	1	0	120	4999950	5000070
TRACEBACK_IN_CONTEXT_HSP	0	0	0
CONTAINS	0	1	0	120	4999950	5000070
TARGET_TRANSLATION	1	-1	0	0	5000320	5000320	1
HSP_TEST	0	120	0	120	4999950	5000070
ENDPOINT_INPUT	0	1
ENDPOINT_IN_HSP	0	656	1	0	120	4999950	5000070
ENDPOINT_OUTPUT	1	1
ENDPOINT_OUT_HSP	0	656	1	0	120	4999950	5000070
CONTAINS	0	1	0	120	4999950	5000070
TRACEBACK_OUTPUT	0	0	1	0
TRACEBACK_OUT_HSP	0	0	656	1	0	120	4999950	5000070
