   Compiling proc-macro2 v1.0.106
   Compiling quote v1.0.45
   Compiling unicode-ident v1.0.24
   Compiling autocfg v1.5.0
   Compiling libm v0.2.16
   Compiling zerocopy v0.8.48
   Compiling cfg-if v1.0.4
   Compiling wasi v0.11.1+wasi-snapshot-preview1
   Compiling serde_core v1.0.228
   Compiling memchr v2.8.0
   Compiling bytemuck v1.25.0
   Compiling paste v1.0.15
   Compiling serde v1.0.228
   Compiling rustversion v1.0.22
   Compiling syn v1.0.109
   Compiling crossbeam-utils v0.8.21
   Compiling semver v0.1.20
   Compiling libc v0.2.186
   Compiling rawpointer v0.2.1
   Compiling heck v0.5.0
   Compiling regex-syntax v0.8.10
   Compiling utf8parse v0.2.2
   Compiling feature-probe v0.1.1
   Compiling thiserror v1.0.69
   Compiling rayon-core v1.13.0
   Compiling is_terminal_polyfill v1.70.2
   Compiling portable-atomic v1.13.1
   Compiling radium v0.7.0
   Compiling hashbrown v0.17.1
   Compiling either v1.15.0
   Compiling typenum v1.20.0
   Compiling equivalent v1.0.2
   Compiling anyhow v1.0.102
   Compiling lazy_static v1.5.0
   Compiling rustc_version v0.1.7
   Compiling anstyle-parse v1.0.0
   Compiling anstyle v1.0.14
   Compiling anstyle-query v1.1.5
   Compiling bv v0.11.1
   Compiling colorchoice v1.0.5
   Compiling bit-vec v0.6.3
   Compiling fixedbitset v0.4.2
   Compiling tap v1.0.1
   Compiling getrandom v0.2.17
   Compiling ryu v1.0.23
   Compiling byteorder v1.5.0
   Compiling safe_arch v0.7.4
   Compiling num-traits v0.2.19
   Compiling matrixmultiply v0.3.10
   Compiling newtype_derive v0.1.6
   Compiling rand_core v0.6.4
   Compiling wide v0.7.33
   Compiling anstream v1.0.0
   Compiling unicode-width v0.2.2
   Compiling itoa v1.0.18
   Compiling once_cell v1.21.4
   Compiling heck v0.4.1
   Compiling clap_lex v1.1.0
   Compiling strsim v0.11.1
   Compiling bit-set v0.5.3
   Compiling fxhash v0.2.1
   Compiling itertools v0.11.0
   Compiling wyz v0.5.1
   Compiling triple_accel v0.4.0
   Compiling funty v2.0.0
   Compiling custom_derive v0.1.7
   Compiling bytecount v0.6.9
   Compiling editdistancek v1.0.2
   Compiling strum v0.25.0
   Compiling web-time v1.1.0
   Compiling number_prefix v0.4.0
   Compiling aho-corasick v1.1.4
   Compiling csv-core v0.1.13
   Compiling clap_builder v4.6.0
   Compiling rustc-hash v1.1.0
   Compiling console v0.15.11
   Compiling num_cpus v1.17.0
   Compiling crossbeam-epoch v0.9.18
   Compiling indexmap v2.14.0
   Compiling syn v2.0.117
   Compiling bitvec v1.0.1
   Compiling crossbeam-deque v0.8.6
   Compiling indicatif v0.17.11
   Compiling petgraph v0.6.5
   Compiling rayon v1.12.0
   Compiling num-complex v0.4.6
   Compiling num-integer v0.1.46
   Compiling approx v0.5.1
   Compiling ordered-float v3.9.2
   Compiling itertools-num v0.1.3
   Compiling regex-automata v0.4.14
   Compiling num-rational v0.4.2
   Compiling simba v0.6.0
   Compiling ndarray v0.15.6
   Compiling csv v1.4.0
   Compiling nalgebra-macros v0.1.0
   Compiling serde_derive v1.0.228
   Compiling thiserror-impl v1.0.69
   Compiling strum_macros v0.26.4
   Compiling derive-new v0.6.0
   Compiling enum-map-derive v0.17.0
   Compiling clap_derive v4.6.1
   Compiling strum_macros v0.25.3
   Compiling ppv-lite86 v0.2.21
   Compiling rand_chacha v0.3.1
   Compiling regex v1.12.3
   Compiling enum-map v2.7.3
   Compiling rand v0.8.6
   Compiling rand_distr v0.4.3
   Compiling bio-types v1.0.4
   Compiling clap v4.6.1
   Compiling nalgebra v0.29.0
   Compiling vec_map v0.8.2
   Compiling multimap v0.9.1
   Compiling statrs v0.16.1
   Compiling bio v1.6.0
   Compiling LOSAT v0.1.0 (/mnt/c/Users/genom/GitHub/LOSAT/LOSAT)
    Finished `release` profile [optimized] target(s) in 44.07s
