K_TRACE_PRELIM	0	0	98	0	1	40	58	45	40	58	45
K_TRACE_ENTER	0	0	41	45	45	120	120	2076	352	32	1	32
K_TRACE_QUERY	0	0c120516140b1313130701070713070a11140b12090f0b090f0d080613140516040e120905041116100a0f14130904070512030b0b04090b041201070f05051614010c10040f160c1012070507060b03130601090d0d120a1106050409080f1610050f090a10130a04110404130e0c130b13070d0a03040b
K_TRACE_SUBJECT	0	120b0b07030e0b050a0b060306160705090712090d01100e0b0e010705131101070a071112060b10100a0f14130904070512030b0b04090b0412090311060b10091312030e0e01081301120409090e120b090f0912110609070b10091012090b071011091012140507091005140b0106070b0a0a01050711
K_TRACE_RETURN	0	0	0	3044	40	58	40	58	0
K_TRACE_EDIT	0	1	3:18
K_TRACE_HEAP_WOULD	11	1.545120218461035e-08	3044	0	2	2	0.002	0	1
K_TRACE_HEAP_INSERT	11	1.545120218461035e-08	3044	0	1	1.545120218461035e-08
K_TRACE_HEAP_HSP	11	0	95	41.20219199219256	1.545120218461035e-08	18	0	1	40	58	40	58	1
K_TRACE_HEAP_INSERT_RETURN	11	0	1	1.545120218461035e-08	-1
K_TRACE_PRELIM	1	0	94	0	1	40	59	45	40	59	45
K_TRACE_ENTER	1	1	41	45	45	120	120	2076	352	32	1	32
K_TRACE_QUERY	1	0c120516140b1313130701070713070a11140b12090f0b090f0d080613140516040e120905041116100a0f14130904070512030b0b04090b041201070f05051614010c10040f160c1012070507060b03130601090d0d120a1106050409080f1610050f090a10130a04110404130e0c130b13070d0a03040b
K_TRACE_SUBJECT	1	10010e0a130b11111412051011090b0b0b0b0816100e07100e0911110d1005121111130511130807100a0f14130904070512030b0b04090b04011116130b011113130b100e0b12010b1607120901050e0c0e0f0108091112110e080b041010160b10091216100b010106100b091114100f12111013121009
K_TRACE_RETURN	1	1	0	3056	40	59	40	59	0
K_TRACE_EDIT	1	1	3:19
K_TRACE_HEAP_WOULD	10	1.3638733705236004e-08	3056	1	2	2	0.002	1.545120218461035e-08	1
K_TRACE_HEAP_INSERT	10	1.3638733705236004e-08	3056	1	1	1.3638733705236004e-08
K_TRACE_HEAP_HSP	10	0	96	41.587391568109915	1.3638733705236004e-08	17	0	1	40	59	40	59	1
K_TRACE_HEAP_INSERT_RETURN	10	0	2	1.545120218461035e-08	-1
K_TRACE_PRELIM	2	0	92	0	1	37	57	45	37	57	45
K_TRACE_ENTER	2	2	41	45	45	120	120	2076	352	32	1	32
K_TRACE_QUERY	2	0c120516140b1313130701070713070a11140b12090f0b090f0d080613140516040e120905041116100a0f14130904070512030b0b04090b041201070f05051614010c10040f160c1012070507060b03130601090d0d120a1106050409080f1610050f090a10130a04110404130e0c130b13070d0a03040b
K_TRACE_SUBJECT	2	1111081310100e10110b0813080601120f100f061216010501111207140b0712050f0d010705110d100a0f14130904070512030b0b04090b0d0105121016090d1208010f070811050d0e0513081610130612050109040f0b07100e0d0e140101120c110907010b09110c080b11100b050e0b070410061208
K_TRACE_RETURN	2	2	0	3029	37	57	37	57	0
K_TRACE_EDIT	2	1	3:20
K_TRACE_HEAP_WOULD	8	1.8057889736079817e-08	3029	2	2	2	0.002	1.545120218461035e-08	1
K_TRACE_HEAP_INSERT	8	1.8057889736079817e-08	3029	2	1	1.8057889736079817e-08
K_TRACE_HEAP_HSP	8	0	95	41.20219199219256	1.8057889736079817e-08	17	0	1	37	57	37	57	1
K_TRACE_HEAP_INSERT_RETURN	8	0	3	1.8057889736079817e-08	-1
K_TRACE_PRELIM	3	0	87	0	1	40	56	45	40	56	45
K_TRACE_ENTER	3	3	41	45	45	120	120	2076	352	32	1	32
K_TRACE_QUERY	3	0c120516140b1313130701070713070a11140b12090f0b090f0d080613140516040e120905041116100a0f14130904070512030b0b04090b041201070f05051614010c10040f160c1012070507060b03130601090d0d120a1106050409080f1610050f090a10130a04110404130e0c130b13070d0a03040b
K_TRACE_SUBJECT	3	0e11070303070b110e0a0f110f090b030106070b0f0b1001131009100e0b12111107061611110909100a0f14130904070512030b0b04090b130108031104030f11120b05030b01071011110c101011110412090d0d090410130b0b0e07070e0708110e1116110112101103100b0e0b11010116131110010d
K_TRACE_RETURN	3	3	0	2910	40	76	40	81	0
K_TRACE_EDIT	3	3	3:16	0:5	3:20
K_TRACE_HEAP_WOULD	9	6.2021785039228186e-08	2910	3	2	102	0.002	1.8057889736079817e-08	1
K_TRACE_HEAP_INSERT	9	6.2021785039228186e-08	2910	3	1	6.2021785039228186e-08
K_TRACE_HEAP_HSP	9	0	91	39.661393688523148	6.2021785039228186e-08	21	0	1	40	76	40	81	1
K_TRACE_HEAP_INSERT_RETURN	9	0	4	6.2021785039228186e-08	-1
K_TRACE_PRELIM	4	0	82	0	1	32	53	45	32	53	45
K_TRACE_ENTER	4	4	41	45	45	120	120	2076	352	32	1	32
K_TRACE_QUERY	4	0c120516140b1313130701070713070a11140b12090f0b090f0d080613140516040e120905041116100a0f14130904070512030b0b04090b041201070f05051614010c10040f160c1012070507060b03130601090d0d120a1106050409080f1610050f090a10130a04110404130e0c130b13070d0a03040b
K_TRACE_SUBJECT	4	130107030c11010c1411140f070801040910010610110111120110070e0d100a050e0e0c0508130a100a0f14130904070512030b0b0e0d16010d0f131113080b1308070d0f0e07090e10010401110e111001100e0b06010e0410010510080f0b0107010f0b010b1110040e11140b070d16130b0612010d12
K_TRACE_RETURN	4	4	0	2727	32	54	32	54	0
K_TRACE_EDIT	4	1	3:22
K_TRACE_HEAP_WOULD	6	4.0922307268971027e-07	2727	4	2	102	0.002	6.2021785039228186e-08	1
K_TRACE_HEAP_INSERT	6	4.0922307268971027e-07	2727	4	1	4.0922307268971027e-07
K_TRACE_HEAP_HSP	6	0	85	37.350196233019027	4.0922307268971027e-07	15	0	1	32	54	32	54	1
K_TRACE_HEAP_INSERT_RETURN	6	0	5	4.0922307268971027e-07	-1
K_TRACE_PRELIM	5	0	80	0	1	40	55	45	40	55	45
K_TRACE_ENTER	5	5	41	45	45	120	120	2076	352	32	1	32
K_TRACE_QUERY	5	0c120516140b1313130701070713070a11140b12090f0b090f0d080613140516040e120905041116100a0f14130904070512030b0b04090b041201070f05051614010c10040f160c1012070507060b03130601090d0d120a1106050409080f1610050f090a10130a04110404130e0c130b13070d0a03040b
K_TRACE_SUBJECT	5	10100e06010b1207110b09110b0b0e160807070e0a0907050712080c010b110e12090611130f0912100a0f14130904070512030b0b040c1401070a130e010701111311130f0913091016091005110d010b141003090e130b12121612110e11120e0e0706100f0c100f16090d050e08100c0e10060d081105
K_TRACE_RETURN	5	5	0	2698	40	110	40	114	0
K_TRACE_EDIT	5	5	3:17	0:3	3:21	0:1	3:32
K_TRACE_HEAP_WOULD	7	5.5112818879116157e-07	2698	5	2	102	0.002	4.0922307268971027e-07	1
K_TRACE_HEAP_INSERT	7	5.5112818879116157e-07	2698	5	1	5.5112818879116157e-07
K_TRACE_HEAP_HSP	7	0	84	36.964996657101672	5.5112818879116157e-07	22	0	1	40	110	40	114	1
K_TRACE_HEAP_INSERT_RETURN	7	0	6	5.5112818879116157e-07	-1
K_TRACE_PRELIM	6	0	69	0	1	40	52	45	40	52	45
K_TRACE_PRELIM	6	1	36	0	-1	50	73	67	2	25	19
K_TRACE_ENTER	6	6	41	67	19	120	120	2076	352	32	1	32
K_TRACE_QUERY	6	0c120516140b1313130701070713070a11140b12090f0b090f0d080613140516040e120905041116100a0f14130904070512030b0b04090b041201070f05051614010c10040f160c1012070507060b03130601090d0d120a1106050409080f1610050f090a10130a04110404130e0c130b13070d0a03040b
K_TRACE_SUBJECT	6	0e1003090b060b0811110e080a0f10081412090b050b080c10101107091909100e0505100e0f0a16110710100e030108110603101116100f0b1209100d061112011016110f12110612090d0d0e0b06120b011107110e1013190f030911011211101212040b070e110d030b090107010f110b0f07090e0e12
K_TRACE_RETURN	6	6	0	1295	50	75	2	27	0
K_TRACE_EDIT	6	1	3:25
K_TRACE_ENTER	6	7	41	45	45	120	120	2076	352	32	1	32
K_TRACE_QUERY	7	0c120516140b1313130701070713070a11140b12090f0b090f0d080613140516040e120905041116100a0f14130904070512030b0b04090b041201070f05051614010c10040f160c1012070507060b03130601090d0d120a1106050409080f1610050f090a10130a04110404130e0c130b13070d0a03040b
K_TRACE_SUBJECT	7	03071416120b0f100b101111040f121301101105130711111210111004010b0b080e101212070305100a0f14130904070512030b07091203030105130e04030f0b0e13010e0105100c0701141101120709060b10010b0b1001040b040e120e1208130a060a16030e130e0b0b131001120c050a0a16010110
K_TRACE_RETURN	6	7	0	2210	33	52	33	52	0
K_TRACE_EDIT	7	1	3:19
K_TRACE_HEAP_WOULD	5	7.7674056660002755e-05	2210	6	2	102	0.002	5.5112818879116157e-07	1
K_TRACE_HEAP_INSERT	5	7.7674056660002755e-05	2210	6	2	7.7674056660002755e-05
K_TRACE_HEAP_HSP	5	0	69	31.187003018341379	7.7674056660002755e-05	13	0	1	33	52	33	52	1
K_TRACE_HEAP_HSP	5	1	40	20.016215316738133	0.58967680036731307	5	0	-1	50	75	2	27	1
K_TRACE_HEAP_INSERT_RETURN	5	0	7	7.7674056660002755e-05	-1
K_TRACE_PRELIM	7	0	65	0	1	40	51	45	40	51	45
K_TRACE_ENTER	7	8	41	45	45	120	120	2076	352	32	1	32
K_TRACE_QUERY	8	0c120516140b1313130701070713070a11140b12090f0b090f0d080613140516040e120905041116100a0f14130904070512030b0b04090b041201070f05051614010c10040f160c1012070507060b03130601090d0d120a1106050409080f1610050f090a10130a04110404130e0c130b13070d0a03040b
K_TRACE_SUBJECT	8	0701111311110f0d0e0a10041313071208101011100f131113091308131116091110110106061607100a0f1413090407051203110a13091007130b050b1013080b0609040d120810110f0816130e1111041210060b06160a0b01080a0d0811110d101112100c13071313131608101007090d130b1313120a
K_TRACE_RETURN	7	8	0	2105	40	51	40	51	0
K_TRACE_EDIT	8	1	3:11
K_TRACE_HEAP_WOULD	4	0.00022150254605642842	2105	7	2	102	0.002	7.7674056660002755e-05	1
K_TRACE_HEAP_INSERT	4	0.00022150254605642842	2105	7	1	0.00022150254605642842
K_TRACE_HEAP_HSP	4	0	66	30.031404290589315	0.00022150254605642842	11	0	1	40	51	40	51	1
K_TRACE_HEAP_INSERT_RETURN	4	0	8	0.00022150254605642842	-1
K_TRACE_PRELIM	8	0	62	0	1	29	50	45	31	50	45
K_TRACE_ENTER	8	9	41	45	45	120	120	2076	352	32	1	32
K_TRACE_QUERY	9	0c120516140b1313130701070713070a11140b12090f0b090f0d080613140516040e120905041116100a0f14130904070512030b0b04090b041201070f05051614010c10040f160c1012070507060b03130601090d0d120a1106050409080f1610050f090a10130a04110404130e0c130b13070d0a03040b
K_TRACE_SUBJECT	9	0b0912030f0b14010f090e11050b0107070404081011130e070906140e070114050a070403130104100a0f14130904070512160616070f051111110b050b12121107130b070109100e0e0e0309070b060d0d090b0b0e0d01130b16070c010e11090e10070f1112100e100703060a0606070b13160d0e0c0e
K_TRACE_RETURN	8	9	0	1820	28	50	30	50	0
K_TRACE_EDIT	9	3	3:10	6:2	3:10
K_TRACE_HEAP_WOULD	3	0.0036877115720375404	1820	8	2	102	0.002	0.00022150254605642842	0
K_TRACE_PRELIM	9	0	59	0	1	39	60	44	39	56	44
K_TRACE_ENTER	9	10	41	44	44	120	120	2076	352	32	1	32
K_TRACE_QUERY	10	0c120516140b1313130701070713070a11140b12090f0b090f0d080613140516040e120905041116100a0f14130904070512030b0b04090b041201070f05051614010c10040f160c1012070507060b03130601090d0d120a1106050409080f1610050f090a10130a04110404130e0c130b13070d0a03040b
K_TRACE_SUBJECT	10	0b0e0b11030a0e060d0b080b11110e10010b061107140109120603080813040109070d0303110316100a0f14130904070504070b071212070911070b0b0601120e10060f1211130a0a100801100e0e0b110a06110a0e14120a050c011007130c100a16060d121105050e06111305100b110809010f110a11
K_TRACE_RETURN	9	10	0	1902	39	60	39	56	0
K_TRACE_EDIT	10	3	3:10	6:4	3:7
K_TRACE_HEAP_WOULD	2	0.0016496826029049544	1902	8	2	102	0.002	0.00022150254605642842	1
K_TRACE_HEAP_INSERT	2	0.0016496826029049544	1902	8	1	0.0016496826029049544
K_TRACE_HEAP_HSP	2	0	59	27.335007259167842	0.0016496826029049544	14	0	1	39	60	39	56	1
K_TRACE_HEAP_INSERT_RETURN	2	0	9	0.0016496826029049544	-1
K_TRACE_PRELIM	10	0	55	0	1	32	48	42	32	48	42
K_TRACE_ENTER	10	11	41	42	42	120	120	2076	352	32	1	32
K_TRACE_QUERY	11	0c120516140b1313130701070713070a11140b12090f0b090f0d080613140516040e120905041116100a0f14130904070512030b0b04090b041201070f05051614010c10040f160c1012070507060b03130601090d0d120a1106050409080f1610050f090a10130a04110404130e0c130b13070d0a03040b
K_TRACE_SUBJECT	11	110a07010601060b0710120810100f0b0b0308070b100f0110110a080913010a04110e0b100a0d06100a0f1413090407070a110a0d060b05041109120e070b0e110a0f101203110e110916110e0a09130f10101114110b100e0112070d07111609110e1111070f0a0813030b030304040c0a010910011013
K_TRACE_RETURN	10	11	0	1885	21	48	22	48	0
K_TRACE_EDIT	11	3	3:13	6:1	3:13
K_TRACE_HEAP_WOULD	1	0.001949671609551948	1885	9	2	102	0.002	0.0016496826029049544	1
K_TRACE_HEAP_INSERT	1	0.001949671609551948	1885	9	1	0.001949671609551948
K_TRACE_HEAP_HSP	1	0	59	27.335007259167842	0.001949671609551948	12	0	1	21	48	22	48	1
K_TRACE_HEAP_INSERT_RETURN	1	0	10	0.001949671609551948	-1
K_TRACE_HEAP_POP	1	9	0.001949671609551948
K_TRACE_RESULT_UPDATE_IN	1	0	2	0	2147483647	0	0.001949671609551948	59
K_TRACE_RESULT_UPDATE_OUT	1	0	1	0.001949671609551948	59	0	1
K_TRACE_RESULT_HSP	0	1	0	59	0.001949671609551948	21	48	22	48	1	1
K_TRACE_HEAP_POP	2	8	0.0016496826029049544
K_TRACE_RESULT_UPDATE_IN	2	1	2	0.001949671609551948	59	0	0.0016496826029049544	59
K_TRACE_RESULT_UPDATE_OUT	2	0	2	0.001949671609551948	59	0	1	2
K_TRACE_RESULT_HSP	0	1	0	59	0.001949671609551948	21	48	22	48	1	1
K_TRACE_RESULT_HSP	1	2	0	59	0.0016496826029049544	39	60	39	56	1	1
K_TRACE_HEAP_POP	4	7	0.00022150254605642842
K_TRACE_RESULT_UPDATE_IN	4	2	2	0.001949671609551948	59	0	0.00022150254605642842	66
K_TRACE_RESULT_UPDATE_OUT	4	0	2	0.0016496826029049544	59	1	2	4
K_TRACE_RESULT_HSP	0	2	0	59	0.0016496826029049544	39	60	39	56	1	1
K_TRACE_RESULT_HSP	1	4	0	66	0.00022150254605642842	40	51	40	51	1	1
K_TRACE_HEAP_POP	5	6	7.7674056660002755e-05
K_TRACE_RESULT_UPDATE_IN	5	2	2	0.0016496826029049544	59	1	7.7674056660002755e-05	69
K_TRACE_RESULT_UPDATE_OUT	5	0	2	0.00022150254605642842	66	1	4	5
K_TRACE_RESULT_HSP	0	4	0	66	0.00022150254605642842	40	51	40	51	1	1
K_TRACE_RESULT_HSP	1	5	0	69	7.7674056660002755e-05	33	52	33	52	1	1
K_TRACE_RESULT_HSP	1	5	1	40	0.58967680036731307	50	75	2	27	-1	1
K_TRACE_HEAP_POP	7	5	5.5112818879116157e-07
K_TRACE_RESULT_UPDATE_IN	7	2	2	0.00022150254605642842	66	1	5.5112818879116157e-07	84
K_TRACE_RESULT_UPDATE_OUT	7	0	2	7.7674056660002755e-05	69	1	5	7
K_TRACE_RESULT_HSP	0	5	0	69	7.7674056660002755e-05	33	52	33	52	1	1
K_TRACE_RESULT_HSP	0	5	1	40	0.58967680036731307	50	75	2	27	-1	1
K_TRACE_RESULT_HSP	1	7	0	84	5.5112818879116157e-07	40	110	40	114	1	1
K_TRACE_HEAP_POP	6	4	4.0922307268971027e-07
K_TRACE_RESULT_UPDATE_IN	6	2	2	7.7674056660002755e-05	69	1	4.0922307268971027e-07	85
K_TRACE_RESULT_UPDATE_OUT	6	0	2	5.5112818879116157e-07	84	1	7	6
K_TRACE_RESULT_HSP	0	7	0	84	5.5112818879116157e-07	40	110	40	114	1	1
K_TRACE_RESULT_HSP	1	6	0	85	4.0922307268971027e-07	32	54	32	54	1	1
K_TRACE_HEAP_POP	9	3	6.2021785039228186e-08
K_TRACE_RESULT_UPDATE_IN	9	2	2	5.5112818879116157e-07	84	1	6.2021785039228186e-08	91
K_TRACE_RESULT_UPDATE_OUT	9	0	2	4.0922307268971027e-07	85	1	6	9
K_TRACE_RESULT_HSP	0	6	0	85	4.0922307268971027e-07	32	54	32	54	1	1
K_TRACE_RESULT_HSP	1	9	0	91	6.2021785039228186e-08	40	76	40	81	1	1
K_TRACE_HEAP_POP	8	2	1.8057889736079817e-08
K_TRACE_RESULT_UPDATE_IN	8	2	2	4.0922307268971027e-07	85	1	1.8057889736079817e-08	95
K_TRACE_RESULT_UPDATE_OUT	8	0	2	6.2021785039228186e-08	91	1	9	8
K_TRACE_RESULT_HSP	0	9	0	91	6.2021785039228186e-08	40	76	40	81	1	1
K_TRACE_RESULT_HSP	1	8	0	95	1.8057889736079817e-08	37	57	37	57	1	1
K_TRACE_HEAP_POP	11	1	1.545120218461035e-08
K_TRACE_RESULT_UPDATE_IN	11	2	2	6.2021785039228186e-08	91	1	1.545120218461035e-08	95
K_TRACE_RESULT_UPDATE_OUT	11	0	2	1.8057889736079817e-08	95	1	8	11
K_TRACE_RESULT_HSP	0	8	0	95	1.8057889736079817e-08	37	57	37	57	1	1
K_TRACE_RESULT_HSP	1	11	0	95	1.545120218461035e-08	40	58	40	58	1	1
K_TRACE_HEAP_POP	10	0	1.3638733705236004e-08
K_TRACE_RESULT_UPDATE_IN	10	2	2	1.8057889736079817e-08	95	1	1.3638733705236004e-08	96
K_TRACE_RESULT_UPDATE_OUT	10	0	2	1.545120218461035e-08	95	1	11	10
K_TRACE_RESULT_HSP	0	11	0	95	1.545120218461035e-08	40	58	40	58	1	1
K_TRACE_RESULT_HSP	1	10	0	96	1.3638733705236004e-08	40	59	40	59	1	1
K_TRACE_HEAP_POP	-1	0	-1
K_TRACE_RESULT_REVERSE_IN	0	2	11	10
K_TRACE_RESULT_REVERSE_OUT	0	2	10	11
K_TRACE_HEAP_POP	-1	0	-1
K_TRACE_HEAP_POP	-1	0	-1
