D_CALL	0	evalue	41	2125	1	0	0	1
D_CONTEXT	0	0	120	182004	33
D_LIST	0	evalue_before	0	0	17	0
D_HSP	0	evalue_before	0	0	1	0	120	200	320	656	0	0	0	0	0	229
D_HSP	0	evalue_before	1	0	-3	0	120	200	320	656	0	0	0	0	0	229
D_HSP	0	evalue_before	2	0	2	0	120	521	641	656	0	0	0	0	0	550
D_HSP	0	evalue_before	3	0	-2	0	120	521	641	656	0	0	0	0	0	550
D_HSP	0	evalue_before	4	0	3	0	120	842	962	656	0	0	0	0	0	871
D_HSP	0	evalue_before	5	0	-1	0	120	842	962	656	0	0	0	0	0	871
D_HSP	0	evalue_before	6	1	1	0	70	225	295	393	0	0	0	0	0	230
D_HSP	0	evalue_before	7	1	-3	0	70	225	295	393	0	0	0	0	0	230
D_HSP	0	evalue_before	8	1	2	0	70	546	616	393	0	0	0	0	0	551
D_HSP	0	evalue_before	9	1	-2	0	70	546	616	393	0	0	0	0	0	551
D_HSP	0	evalue_before	10	1	3	0	70	867	937	393	0	0	0	0	0	872
D_HSP	0	evalue_before	11	1	-1	0	70	867	937	393	0	0	0	0	0	872
D_HSP	0	evalue_before	12	0	-2	17	30	954	967	36	0	0	0	0	0	959
D_HSP	0	evalue_before	13	1	-3	37	61	202	226	28	0	0	0	0	0	203
D_HSP	0	evalue_before	14	0	-3	12	19	1430	1437	26	0	0	0	0	0	1433
D_HSP	0	evalue_before	15	1	-1	8	21	962	975	24	0	0	0	0	0	967
D_HSP	0	evalue_before	16	1	-3	53	69	49	65	22	0	0	0	0	0	54
D_RETURN	0	evalue	0
D_LIST	0	evalue_after	0	0	17	1.9515258672289586e-84
D_HSP	0	evalue_after	0	0	1	0	120	200	320	656	0	0	1.9515258672289586e-84	0	0	229
D_HSP	0	evalue_after	1	0	-3	0	120	200	320	656	0	0	1.9515258672289586e-84	0	0	229
D_HSP	0	evalue_after	2	0	2	0	120	521	641	656	0	0	1.9515258672289586e-84	0	0	550
D_HSP	0	evalue_after	3	0	-2	0	120	521	641	656	0	0	1.9515258672289586e-84	0	0	550
D_HSP	0	evalue_after	4	0	3	0	120	842	962	656	0	0	1.9515258672289586e-84	0	0	871
D_HSP	0	evalue_after	5	0	-1	0	120	842	962	656	0	0	1.9515258672289586e-84	0	0	871
D_HSP	0	evalue_after	6	1	1	0	70	225	295	393	0	0	6.374306077022826e-50	0	0	230
D_HSP	0	evalue_after	7	1	-3	0	70	225	295	393	0	0	6.374306077022826e-50	0	0	230
D_HSP	0	evalue_after	8	1	2	0	70	546	616	393	0	0	6.374306077022826e-50	0	0	551
D_HSP	0	evalue_after	9	1	-2	0	70	546	616	393	0	0	6.374306077022826e-50	0	0	551
D_HSP	0	evalue_after	10	1	3	0	70	867	937	393	0	0	6.374306077022826e-50	0	0	872
D_HSP	0	evalue_after	11	1	-1	0	70	867	937	393	0	0	6.374306077022826e-50	0	0	872
D_HSP	0	evalue_after	12	0	-2	17	30	954	967	36	0	0	0.44878265460244859	0	0	959
D_HSP	0	evalue_after	13	1	-3	37	61	202	226	28	0	0	2.1251015432150129	0	0	203
D_HSP	0	evalue_after	14	0	-3	12	19	1430	1437	26	0	0	8.1087421877350909	0	0	1433
D_HSP	0	evalue_after	15	1	-1	8	21	962	975	24	0	0	7.2824904307327456	0	0	967
D_HSP	0	evalue_after	16	1	-3	53	69	49	65	22	0	0	13.367186958262296	0	0	54
D_CALL	1	evalue	41	2125	1	0	0	1
D_CONTEXT	1	1	70	88074	28
D_LIST	1	evalue_before	0	1	7	6.374306077022826e-50
D_HSP	1	evalue_before	0	1	1	0	70	225	295	393	70	0	6.374306077022826e-50	0	0	230
D_HSP	1	evalue_before	1	1	-3	0	70	225	295	393	70	0	6.374306077022826e-50	0	0	230
D_HSP	1	evalue_before	2	1	2	0	70	546	616	393	70	0	6.374306077022826e-50	0	0	551
D_HSP	1	evalue_before	3	1	-2	0	70	546	616	393	70	0	6.374306077022826e-50	0	0	551
D_HSP	1	evalue_before	4	1	3	0	70	867	937	393	70	0	6.374306077022826e-50	0	0	872
D_HSP	1	evalue_before	5	1	-1	0	70	867	937	393	70	0	6.374306077022826e-50	0	0	872
D_HSP	1	evalue_before	6	1	-1	8	21	962	975	24	4	0	7.2824904307327456	0	0	967
D_RETURN	1	evalue	0
D_LIST	1	evalue_after	0	1	7	6.374306077022826e-50
D_HSP	1	evalue_after	0	1	1	0	70	225	295	393	70	0	6.374306077022826e-50	0	0	230
D_HSP	1	evalue_after	1	1	-3	0	70	225	295	393	70	0	6.374306077022826e-50	0	0	230
D_HSP	1	evalue_after	2	1	2	0	70	546	616	393	70	0	6.374306077022826e-50	0	0	551
D_HSP	1	evalue_after	3	1	-2	0	70	546	616	393	70	0	6.374306077022826e-50	0	0	551
D_HSP	1	evalue_after	4	1	3	0	70	867	937	393	70	0	6.374306077022826e-50	0	0	872
D_HSP	1	evalue_after	5	1	-1	0	70	867	937	393	70	0	6.374306077022826e-50	0	0	872
D_HSP	1	evalue_after	6	1	-1	8	21	962	975	24	4	0	7.2824904307327456	0	0	967
D_CALL	2	reap
D_LIST	2	reap_before	0	1	7	6.374306077022826e-50
D_HSP	2	reap_before	0	1	1	0	70	225	295	393	70	0	6.374306077022826e-50	0	0	230
D_HSP	2	reap_before	1	1	-3	0	70	225	295	393	70	0	6.374306077022826e-50	0	0	230
D_HSP	2	reap_before	2	1	2	0	70	546	616	393	70	0	6.374306077022826e-50	0	0	551
D_HSP	2	reap_before	3	1	-2	0	70	546	616	393	70	0	6.374306077022826e-50	0	0	551
D_HSP	2	reap_before	4	1	3	0	70	867	937	393	70	0	6.374306077022826e-50	0	0	872
D_HSP	2	reap_before	5	1	-1	0	70	867	937	393	70	0	6.374306077022826e-50	0	0	872
D_HSP	2	reap_before	6	1	-1	8	21	962	975	24	4	0	7.2824904307327456	0	0	967
D_RETURN	2	reap	0
D_LIST	2	reap_after	0	1	7	6.374306077022826e-50
D_HSP	2	reap_after	0	1	1	0	70	225	295	393	70	0	6.374306077022826e-50	0	0	230
D_HSP	2	reap_after	1	1	-3	0	70	225	295	393	70	0	6.374306077022826e-50	0	0	230
D_HSP	2	reap_after	2	1	2	0	70	546	616	393	70	0	6.374306077022826e-50	0	0	551
D_HSP	2	reap_after	3	1	-2	0	70	546	616	393	70	0	6.374306077022826e-50	0	0	551
D_HSP	2	reap_after	4	1	3	0	70	867	937	393	70	0	6.374306077022826e-50	0	0	872
D_HSP	2	reap_after	5	1	-1	0	70	867	937	393	70	0	6.374306077022826e-50	0	0	872
D_HSP	2	reap_after	6	1	-1	8	21	962	975	24	4	0	7.2824904307327456	0	0	967
D_CALL	3	bits	1
D_LIST	3	bits_before	0	1	7	6.374306077022826e-50
D_HSP	3	bits_before	0	1	1	0	70	225	295	393	70	0	6.374306077022826e-50	0	0	230
D_HSP	3	bits_before	1	1	-3	0	70	225	295	393	70	0	6.374306077022826e-50	0	0	230
D_HSP	3	bits_before	2	1	2	0	70	546	616	393	70	0	6.374306077022826e-50	0	0	551
D_HSP	3	bits_before	3	1	-2	0	70	546	616	393	70	0	6.374306077022826e-50	0	0	551
D_HSP	3	bits_before	4	1	3	0	70	867	937	393	70	0	6.374306077022826e-50	0	0	872
D_HSP	3	bits_before	5	1	-1	0	70	867	937	393	70	0	6.374306077022826e-50	0	0	872
D_HSP	3	bits_before	6	1	-1	8	21	962	975	24	4	0	7.2824904307327456	0	0	967
D_RETURN	3	bits	0
D_LIST	3	bits_after	0	1	7	6.374306077022826e-50
D_HSP	3	bits_after	0	1	1	0	70	225	295	393	70	0	6.374306077022826e-50	155.99166561556385	0	230
D_HSP	3	bits_after	1	1	-3	0	70	225	295	393	70	0	6.374306077022826e-50	155.99166561556385	0	230
D_HSP	3	bits_after	2	1	2	0	70	546	616	393	70	0	6.374306077022826e-50	155.99166561556385	0	551
D_HSP	3	bits_after	3	1	-2	0	70	546	616	393	70	0	6.374306077022826e-50	155.99166561556385	0	551
D_HSP	3	bits_after	4	1	3	0	70	867	937	393	70	0	6.374306077022826e-50	155.99166561556385	0	872
D_HSP	3	bits_after	5	1	-1	0	70	867	937	393	70	0	6.374306077022826e-50	155.99166561556385	0	872
D_HSP	3	bits_after	6	1	-1	8	21	962	975	24	4	0	7.2824904307327456	13.853022102060482	0	967
D_CALL	4	evalue	41	2125	1	0	0	1
D_CONTEXT	4	0	120	182004	33
D_LIST	4	evalue_before	0	0	8	1.9515258672289586e-84
D_HSP	4	evalue_before	0	0	1	0	120	200	320	656	120	0	1.9515258672289586e-84	0	0	229
D_HSP	4	evalue_before	1	0	-3	0	120	200	320	656	120	0	1.9515258672289586e-84	0	0	229
D_HSP	4	evalue_before	2	0	2	0	120	521	641	656	120	0	1.9515258672289586e-84	0	0	550
D_HSP	4	evalue_before	3	0	-2	0	120	521	641	656	120	0	1.9515258672289586e-84	0	0	550
D_HSP	4	evalue_before	4	0	3	0	120	842	962	656	120	0	1.9515258672289586e-84	0	0	871
D_HSP	4	evalue_before	5	0	-1	0	120	842	962	656	120	0	1.9515258672289586e-84	0	0	871
D_HSP	4	evalue_before	6	0	-2	17	30	954	967	36	5	0	0.44878265460244859	0	0	959
D_HSP	4	evalue_before	7	0	-3	12	19	1430	1437	26	3	0	8.1087421877350909	0	0	1433
D_RETURN	4	evalue	0
D_LIST	4	evalue_after	0	0	8	1.9515258672289586e-84
D_HSP	4	evalue_after	0	0	1	0	120	200	320	656	120	0	1.9515258672289586e-84	0	0	229
D_HSP	4	evalue_after	1	0	-3	0	120	200	320	656	120	0	1.9515258672289586e-84	0	0	229
D_HSP	4	evalue_after	2	0	2	0	120	521	641	656	120	0	1.9515258672289586e-84	0	0	550
D_HSP	4	evalue_after	3	0	-2	0	120	521	641	656	120	0	1.9515258672289586e-84	0	0	550
D_HSP	4	evalue_after	4	0	3	0	120	842	962	656	120	0	1.9515258672289586e-84	0	0	871
D_HSP	4	evalue_after	5	0	-1	0	120	842	962	656	120	0	1.9515258672289586e-84	0	0	871
D_HSP	4	evalue_after	6	0	-2	17	30	954	967	36	5	0	0.44878265460244859	0	0	959
D_HSP	4	evalue_after	7	0	-3	12	19	1430	1437	26	3	0	8.1087421877350909	0	0	1433
D_CALL	5	reap
D_LIST	5	reap_before	0	0	8	1.9515258672289586e-84
D_HSP	5	reap_before	0	0	1	0	120	200	320	656	120	0	1.9515258672289586e-84	0	0	229
D_HSP	5	reap_before	1	0	-3	0	120	200	320	656	120	0	1.9515258672289586e-84	0	0	229
D_HSP	5	reap_before	2	0	2	0	120	521	641	656	120	0	1.9515258672289586e-84	0	0	550
D_HSP	5	reap_before	3	0	-2	0	120	521	641	656	120	0	1.9515258672289586e-84	0	0	550
D_HSP	5	reap_before	4	0	3	0	120	842	962	656	120	0	1.9515258672289586e-84	0	0	871
D_HSP	5	reap_before	5	0	-1	0	120	842	962	656	120	0	1.9515258672289586e-84	0	0	871
D_HSP	5	reap_before	6	0	-2	17	30	954	967	36	5	0	0.44878265460244859	0	0	959
D_HSP	5	reap_before	7	0	-3	12	19	1430	1437	26	3	0	8.1087421877350909	0	0	1433
D_RETURN	5	reap	0
D_LIST	5	reap_after	0	0	8	1.9515258672289586e-84
D_HSP	5	reap_after	0	0	1	0	120	200	320	656	120	0	1.9515258672289586e-84	0	0	229
D_HSP	5	reap_after	1	0	-3	0	120	200	320	656	120	0	1.9515258672289586e-84	0	0	229
D_HSP	5	reap_after	2	0	2	0	120	521	641	656	120	0	1.9515258672289586e-84	0	0	550
D_HSP	5	reap_after	3	0	-2	0	120	521	641	656	120	0	1.9515258672289586e-84	0	0	550
D_HSP	5	reap_after	4	0	3	0	120	842	962	656	120	0	1.9515258672289586e-84	0	0	871
D_HSP	5	reap_after	5	0	-1	0	120	842	962	656	120	0	1.9515258672289586e-84	0	0	871
D_HSP	5	reap_after	6	0	-2	17	30	954	967	36	5	0	0.44878265460244859	0	0	959
D_HSP	5	reap_after	7	0	-3	12	19	1430	1437	26	3	0	8.1087421877350909	0	0	1433
D_CALL	6	bits	1
D_LIST	6	bits_before	0	0	8	1.9515258672289586e-84
D_HSP	6	bits_before	0	0	1	0	120	200	320	656	120	0	1.9515258672289586e-84	0	0	229
D_HSP	6	bits_before	1	0	-3	0	120	200	320	656	120	0	1.9515258672289586e-84	0	0	229
D_HSP	6	bits_before	2	0	2	0	120	521	641	656	120	0	1.9515258672289586e-84	0	0	550
D_HSP	6	bits_before	3	0	-2	0	120	521	641	656	120	0	1.9515258672289586e-84	0	0	550
D_HSP	6	bits_before	4	0	3	0	120	842	962	656	120	0	1.9515258672289586e-84	0	0	871
D_HSP	6	bits_before	5	0	-1	0	120	842	962	656	120	0	1.9515258672289586e-84	0	0	871
D_HSP	6	bits_before	6	0	-2	17	30	954	967	36	5	0	0.44878265460244859	0	0	959
D_HSP	6	bits_before	7	0	-3	12	19	1430	1437	26	3	0	8.1087421877350909	0	0	1433
D_RETURN	6	bits	0
D_LIST	6	bits_after	0	0	8	1.9515258672289586e-84
D_HSP	6	bits_after	0	0	1	0	120	200	320	656	120	0	1.9515258672289586e-84	257.29915408182774	0	229
D_HSP	6	bits_after	1	0	-3	0	120	200	320	656	120	0	1.9515258672289586e-84	257.29915408182774	0	229
D_HSP	6	bits_after	2	0	2	0	120	521	641	656	120	0	1.9515258672289586e-84	257.29915408182774	0	550
D_HSP	6	bits_after	3	0	-2	0	120	521	641	656	120	0	1.9515258672289586e-84	257.29915408182774	0	550
D_HSP	6	bits_after	4	0	3	0	120	842	962	656	120	0	1.9515258672289586e-84	257.29915408182774	0	871
D_HSP	6	bits_after	5	0	-1	0	120	842	962	656	120	0	1.9515258672289586e-84	257.29915408182774	0	871
D_HSP	6	bits_after	6	0	-2	17	30	954	967	36	5	0	0.44878265460244859	18.475417013068721	0	959
D_HSP	6	bits_after	7	0	-3	12	19	1430	1437	26	3	0	8.1087421877350909	14.623421253895188	0	1433
Warning: [tblastn] Query_3 no_hit_x: Could not calculate ungapped Karlin-Altschul parameters due to an invalid query sequence or its translation. Please verify the query sequence(s) and/or filtering options 
