D_CALL	0	link	41	6377	1	40	0.10000000000000001	40	17	0
D_CONTEXT	0	0	120	182004	33
D_LIST	0	link_before	0	0	21	0
D_HSP	0	link_before	0	0	1	0	120	200	320	656	0	0	0	0	0	229
D_HSP	0	link_before	1	0	-3	0	120	200	320	656	0	0	0	0	0	229
D_HSP	0	link_before	2	0	2	0	120	521	641	656	0	0	0	0	0	550
D_HSP	0	link_before	3	0	-2	0	120	521	641	656	0	0	0	0	0	550
D_HSP	0	link_before	4	0	3	0	120	842	962	656	0	0	0	0	0	871
D_HSP	0	link_before	5	0	-1	0	120	842	962	656	0	0	0	0	0	871
D_HSP	0	link_before	6	1	1	0	70	225	295	393	0	0	0	0	0	230
D_HSP	0	link_before	7	1	-3	0	70	225	295	393	0	0	0	0	0	230
D_HSP	0	link_before	8	1	2	0	70	546	616	393	0	0	0	0	0	551
D_HSP	0	link_before	9	1	-2	0	70	546	616	393	0	0	0	0	0	551
D_HSP	0	link_before	10	1	3	0	70	867	937	393	0	0	0	0	0	872
D_HSP	0	link_before	11	1	-1	0	70	867	937	393	0	0	0	0	0	872
D_HSP	0	link_before	12	0	-2	17	30	954	967	36	0	0	0	0	0	959
D_HSP	0	link_before	13	1	-3	37	61	202	226	28	0	0	0	0	0	203
D_HSP	0	link_before	14	0	-3	78	118	49	92	27	0	0	0	0	0	54
D_HSP	0	link_before	15	0	-3	12	19	1430	1437	26	0	0	0	0	0	1433
D_HSP	0	link_before	16	1	-1	8	21	962	975	24	0	0	0	0	0	967
D_HSP	0	link_before	17	0	-1	33	46	962	975	24	0	0	0	0	0	967
D_HSP	0	link_before	18	1	-3	53	69	49	65	22	0	0	0	0	0	54
D_HSP	0	link_before	19	0	1	17	36	1703	1722	20	0	0	0	0	0	1708
D_HSP	0	link_before	20	1	3	6	21	1150	1165	18	0	0	0	0	0	1157
D_CALL	1	evalue	41	2125	1	0	0.10000000000000001	1
D_CONTEXT	1	0	120	182004	33
D_LIST	1	evalue_before	0	0	21	0
D_HSP	1	evalue_before	0	0	1	0	120	200	320	656	0	1	0	0	0	229
D_HSP	1	evalue_before	1	0	-3	0	120	200	320	656	0	1	0	0	0	229
D_HSP	1	evalue_before	2	0	2	0	120	521	641	656	0	1	0	0	0	550
D_HSP	1	evalue_before	3	0	-2	0	120	521	641	656	0	1	0	0	0	550
D_HSP	1	evalue_before	4	0	3	0	120	842	962	656	0	1	0	0	0	871
D_HSP	1	evalue_before	5	0	-1	0	120	842	962	656	0	1	0	0	0	871
D_HSP	1	evalue_before	6	1	1	0	70	225	295	393	0	1	0	0	0	230
D_HSP	1	evalue_before	7	1	-3	0	70	225	295	393	0	1	0	0	0	230
D_HSP	1	evalue_before	8	1	2	0	70	546	616	393	0	1	0	0	0	551
D_HSP	1	evalue_before	9	1	-2	0	70	546	616	393	0	1	0	0	0	551
D_HSP	1	evalue_before	10	1	3	0	70	867	937	393	0	1	0	0	0	872
D_HSP	1	evalue_before	11	1	-1	0	70	867	937	393	0	1	0	0	0	872
D_HSP	1	evalue_before	12	0	-2	17	30	954	967	36	0	1	0	0	0	959
D_HSP	1	evalue_before	13	1	-3	37	61	202	226	28	0	1	0	0	0	203
D_HSP	1	evalue_before	14	0	-3	78	118	49	92	27	0	1	0	0	0	54
D_HSP	1	evalue_before	15	0	-3	12	19	1430	1437	26	0	1	0	0	0	1433
D_HSP	1	evalue_before	16	1	-1	8	21	962	975	24	0	1	0	0	0	967
D_HSP	1	evalue_before	17	0	-1	33	46	962	975	24	0	1	0	0	0	967
D_HSP	1	evalue_before	18	1	-3	53	69	49	65	22	0	1	0	0	0	54
D_HSP	1	evalue_before	19	0	1	17	36	1703	1722	20	0	1	0	0	0	1708
D_HSP	1	evalue_before	20	1	3	6	21	1150	1165	18	0	1	0	0	0	1157
D_RETURN	1	evalue	0
D_LIST	1	evalue_after	0	0	21	2.1683620746988426e-84
D_HSP	1	evalue_after	0	0	1	0	120	200	320	656	0	1	2.1683620746988426e-84	0	0	229
D_HSP	1	evalue_after	1	0	-3	0	120	200	320	656	0	1	2.1683620746988426e-84	0	0	229
D_HSP	1	evalue_after	2	0	2	0	120	521	641	656	0	1	2.1683620746988426e-84	0	0	550
D_HSP	1	evalue_after	3	0	-2	0	120	521	641	656	0	1	2.1683620746988426e-84	0	0	550
D_HSP	1	evalue_after	4	0	3	0	120	842	962	656	0	1	2.1683620746988426e-84	0	0	871
D_HSP	1	evalue_after	5	0	-1	0	120	842	962	656	0	1	2.1683620746988426e-84	0	0	871
D_HSP	1	evalue_after	6	1	1	0	70	225	295	393	0	1	7.0825623078031402e-50	0	0	230
D_HSP	1	evalue_after	7	1	-3	0	70	225	295	393	0	1	7.0825623078031402e-50	0	0	230
D_HSP	1	evalue_after	8	1	2	0	70	546	616	393	0	1	7.0825623078031402e-50	0	0	551
D_HSP	1	evalue_after	9	1	-2	0	70	546	616	393	0	1	7.0825623078031402e-50	0	0	551
D_HSP	1	evalue_after	10	1	3	0	70	867	937	393	0	1	7.0825623078031402e-50	0	0	872
D_HSP	1	evalue_after	11	1	-1	0	70	867	937	393	0	1	7.0825623078031402e-50	0	0	872
D_HSP	1	evalue_after	12	0	-2	17	30	954	967	36	0	1	0.49864739400272062	0	0	959
D_HSP	1	evalue_after	13	1	-3	37	61	202	226	28	0	1	2.3612239369055699	0	0	203
D_HSP	1	evalue_after	14	0	-3	78	118	49	92	27	0	1	6.7577621753132728	0	0	54
D_HSP	1	evalue_after	15	0	-3	12	19	1430	1437	26	0	1	9.0097135419278782	0	0	1433
D_HSP	1	evalue_after	16	1	-1	8	21	962	975	24	0	1	8.0916560341474941	0	0	967
D_HSP	1	evalue_after	17	0	-1	33	46	962	975	24	0	1	15.9969103125504	0	0	967
D_HSP	1	evalue_after	18	1	-3	53	69	49	65	22	0	1	14.852429953624773	0	0	54
D_HSP	1	evalue_after	19	0	1	17	36	1703	1722	20	0	1	50.221092588294383	0	0	1708
D_HSP	1	evalue_after	20	1	3	6	21	1150	1165	18	0	1	49.362967843041559	0	0	1157
D_RETURN	0	link	0
D_LIST	0	link_after	0	0	21	2.1683620746988426e-84
D_HSP	0	link_after	0	0	1	0	120	200	320	656	0	1	2.1683620746988426e-84	0	0	229
D_HSP	0	link_after	1	0	-3	0	120	200	320	656	0	1	2.1683620746988426e-84	0	0	229
D_HSP	0	link_after	2	0	2	0	120	521	641	656	0	1	2.1683620746988426e-84	0	0	550
D_HSP	0	link_after	3	0	-2	0	120	521	641	656	0	1	2.1683620746988426e-84	0	0	550
D_HSP	0	link_after	4	0	3	0	120	842	962	656	0	1	2.1683620746988426e-84	0	0	871
D_HSP	0	link_after	5	0	-1	0	120	842	962	656	0	1	2.1683620746988426e-84	0	0	871
D_HSP	0	link_after	6	1	1	0	70	225	295	393	0	1	7.0825623078031402e-50	0	0	230
D_HSP	0	link_after	7	1	-3	0	70	225	295	393	0	1	7.0825623078031402e-50	0	0	230
D_HSP	0	link_after	8	1	2	0	70	546	616	393	0	1	7.0825623078031402e-50	0	0	551
D_HSP	0	link_after	9	1	-2	0	70	546	616	393	0	1	7.0825623078031402e-50	0	0	551
D_HSP	0	link_after	10	1	3	0	70	867	937	393	0	1	7.0825623078031402e-50	0	0	872
D_HSP	0	link_after	11	1	-1	0	70	867	937	393	0	1	7.0825623078031402e-50	0	0	872
D_HSP	0	link_after	12	0	-2	17	30	954	967	36	0	1	0.49864739400272062	0	0	959
D_HSP	0	link_after	13	1	-3	37	61	202	226	28	0	1	2.3612239369055699	0	0	203
D_HSP	0	link_after	14	0	-3	78	118	49	92	27	0	1	6.7577621753132728	0	0	54
D_HSP	0	link_after	15	0	-3	12	19	1430	1437	26	0	1	9.0097135419278782	0	0	1433
D_HSP	0	link_after	16	1	-1	8	21	962	975	24	0	1	8.0916560341474941	0	0	967
D_HSP	0	link_after	17	0	-1	33	46	962	975	24	0	1	15.9969103125504	0	0	967
D_HSP	0	link_after	18	1	-3	53	69	49	65	22	0	1	14.852429953624773	0	0	54
D_HSP	0	link_after	19	0	1	17	36	1703	1722	20	0	1	50.221092588294383	0	0	1708
D_HSP	0	link_after	20	1	3	6	21	1150	1165	18	0	1	49.362967843041559	0	0	1157
D_CALL	2	redo	41	1	1	1	3
D_LIST	2	redo_before	NULL
D_CALL	3	link	41	6377	1	40	0.10000000000000001	40	0	0
D_CONTEXT	3	0	120	182004	33
D_LIST	3	link_before	0	0	10	0
D_HSP	3	link_before	0	0	-2	0	120	521	641	20931	0	0	0	0	2	0
D_HSP	3	link_before	1	0	-1	0	120	842	962	20569	0	0	0	0	2	0
D_HSP	3	link_before	2	0	2	0	120	521	641	20546	0	0	0	0	2	0
D_HSP	3	link_before	3	0	-3	0	120	200	320	20493	0	0	0	0	2	0
D_HSP	3	link_before	4	0	3	0	120	842	962	20493	0	0	0	0	2	0
D_HSP	3	link_before	5	0	1	0	120	200	320	20489	0	0	0	0	2	0
D_HSP	3	link_before	6	0	-2	17	30	954	967	1105	0	0	0	0	1	0
D_HSP	3	link_before	7	0	-3	78	118	49	92	771	0	0	0	0	1	0
D_HSP	3	link_before	8	0	-3	12	19	1430	1437	745	0	0	0	0	1	0
D_HSP	3	link_before	9	0	-1	33	46	962	975	677	0	0	0	0	2	0
D_CALL	4	evalue	41	2125	1	0	0.10000000000000001	1
D_CONTEXT	4	0	120	182004	33
D_LIST	4	evalue_before	0	0	10	0
D_HSP	4	evalue_before	0	0	-2	0	120	521	641	20931	0	1	0	0	2	0
D_HSP	4	evalue_before	1	0	-1	0	120	842	962	20569	0	1	0	0	2	0
D_HSP	4	evalue_before	2	0	2	0	120	521	641	20546	0	1	0	0	2	0
D_HSP	4	evalue_before	3	0	-3	0	120	200	320	20493	0	1	0	0	2	0
D_HSP	4	evalue_before	4	0	3	0	120	842	962	20493	0	1	0	0	2	0
D_HSP	4	evalue_before	5	0	1	0	120	200	320	20489	0	1	0	0	2	0
D_HSP	4	evalue_before	6	0	-2	17	30	954	967	1105	0	1	0	0	1	0
D_HSP	4	evalue_before	7	0	-3	78	118	49	92	771	0	1	0	0	1	0
D_HSP	4	evalue_before	8	0	-3	12	19	1430	1437	745	0	1	0	0	1	0
D_HSP	4	evalue_before	9	0	-1	33	46	962	975	677	0	1	0	0	2	0
D_RETURN	4	evalue	0
D_LIST	4	evalue_after	0	0	10	3.915377182071211e-84
D_HSP	4	evalue_after	0	0	-2	0	120	521	641	20931	0	1	3.915377182071211e-84	0	2	0
D_HSP	4	evalue_after	1	0	-1	0	120	842	962	20569	0	1	1.3056376659519217e-82	0	2	0
D_HSP	4	evalue_after	2	0	2	0	120	521	641	20546	0	1	1.6315206428486629e-82	0	2	0
D_HSP	4	evalue_after	3	0	-3	0	120	200	320	20493	0	1	2.7263701621232714e-82	0	2	0
D_HSP	4	evalue_after	4	0	3	0	120	842	962	20493	0	1	2.7263701621232714e-82	0	2	0
D_HSP	4	evalue_after	5	0	1	0	120	200	320	20489	0	1	2.8340954001442941e-82	0	2	0
D_HSP	4	evalue_after	6	0	-2	17	30	954	967	1105	0	1	0.76500752944937966	0	1	0
D_HSP	4	evalue_after	7	0	-3	78	118	49	92	771	0	1	15.572670122789788	0	1	0
D_HSP	4	evalue_after	8	0	-3	12	19	1430	1437	745	0	1	19.655532826734159	0	1	0
D_HSP	4	evalue_after	9	0	-1	33	46	962	975	677	0	1	36.099215422877144	0	2	0
D_RETURN	3	link	0
D_LIST	3	link_after	0	0	10	3.915377182071211e-84
D_HSP	3	link_after	0	0	-2	0	120	521	641	20931	0	1	3.915377182071211e-84	0	2	0
D_HSP	3	link_after	1	0	-1	0	120	842	962	20569	0	1	1.3056376659519217e-82	0	2	0
D_HSP	3	link_after	2	0	2	0	120	521	641	20546	0	1	1.6315206428486629e-82	0	2	0
D_HSP	3	link_after	3	0	-3	0	120	200	320	20493	0	1	2.7263701621232714e-82	0	2	0
D_HSP	3	link_after	4	0	3	0	120	842	962	20493	0	1	2.7263701621232714e-82	0	2	0
D_HSP	3	link_after	5	0	1	0	120	200	320	20489	0	1	2.8340954001442941e-82	0	2	0
D_HSP	3	link_after	6	0	-2	17	30	954	967	1105	0	1	0.76500752944937966	0	1	0
D_HSP	3	link_after	7	0	-3	78	118	49	92	771	0	1	15.572670122789788	0	1	0
D_HSP	3	link_after	8	0	-3	12	19	1430	1437	745	0	1	19.655532826734159	0	1	0
D_HSP	3	link_after	9	0	-1	33	46	962	975	677	0	1	36.099215422877144	0	2	0
D_CALL	5	reap
D_LIST	5	reap_before	0	0	10	3.915377182071211e-84
D_HSP	5	reap_before	0	0	-2	0	120	521	641	20931	0	1	3.915377182071211e-84	0	2	0
D_HSP	5	reap_before	1	0	-1	0	120	842	962	20569	0	1	1.3056376659519217e-82	0	2	0
D_HSP	5	reap_before	2	0	2	0	120	521	641	20546	0	1	1.6315206428486629e-82	0	2	0
D_HSP	5	reap_before	3	0	-3	0	120	200	320	20493	0	1	2.7263701621232714e-82	0	2	0
D_HSP	5	reap_before	4	0	3	0	120	842	962	20493	0	1	2.7263701621232714e-82	0	2	0
D_HSP	5	reap_before	5	0	1	0	120	200	320	20489	0	1	2.8340954001442941e-82	0	2	0
D_HSP	5	reap_before	6	0	-2	17	30	954	967	1105	0	1	0.76500752944937966	0	1	0
D_HSP	5	reap_before	7	0	-3	78	118	49	92	771	0	1	15.572670122789788	0	1	0
D_HSP	5	reap_before	8	0	-3	12	19	1430	1437	745	0	1	19.655532826734159	0	1	0
D_HSP	5	reap_before	9	0	-1	33	46	962	975	677	0	1	36.099215422877144	0	2	0
D_RETURN	5	reap	0
D_LIST	5	reap_after	0	0	7	3.915377182071211e-84
D_HSP	5	reap_after	0	0	-2	0	120	521	641	20931	0	1	3.915377182071211e-84	0	2	0
D_HSP	5	reap_after	1	0	-1	0	120	842	962	20569	0	1	1.3056376659519217e-82	0	2	0
D_HSP	5	reap_after	2	0	2	0	120	521	641	20546	0	1	1.6315206428486629e-82	0	2	0
D_HSP	5	reap_after	3	0	-3	0	120	200	320	20493	0	1	2.7263701621232714e-82	0	2	0
D_HSP	5	reap_after	4	0	3	0	120	842	962	20493	0	1	2.7263701621232714e-82	0	2	0
D_HSP	5	reap_after	5	0	1	0	120	200	320	20489	0	1	2.8340954001442941e-82	0	2	0
D_HSP	5	reap_after	6	0	-2	17	30	954	967	1105	0	1	0.76500752944937966	0	1	0
D_CALL	6	link	41	6377	1	40	0.10000000000000001	40	0	0
D_CONTEXT	6	1	70	88074	28
D_LIST	6	link_before	0	0	9	0
D_HSP	6	link_before	0	1	-2	0	70	546	616	12920	0	0	0	0	1	0
D_HSP	6	link_before	1	1	2	0	70	546	616	12259	0	0	0	0	2	0
D_HSP	6	link_before	2	1	-1	0	70	867	937	12257	0	0	0	0	2	0
D_HSP	6	link_before	3	1	1	0	70	225	295	12222	0	0	0	0	2	0
D_HSP	6	link_before	4	1	3	0	70	867	937	12212	0	0	0	0	2	0
D_HSP	6	link_before	5	1	-3	0	70	225	295	12200	0	0	0	0	2	0
D_HSP	6	link_before	6	1	-1	8	21	962	975	696	0	0	0	0	2	0
D_HSP	6	link_before	7	1	-3	53	69	49	65	644	0	0	0	0	1	0
D_HSP	6	link_before	8	1	3	6	21	1150	1165	592	0	0	0	0	1	0
D_CALL	7	evalue	41	2125	1	0	0.10000000000000001	1
D_CONTEXT	7	1	70	88074	28
D_LIST	7	evalue_before	0	0	9	0
D_HSP	7	evalue_before	0	1	-2	0	70	546	616	12920	0	1	0	0	1	0
D_HSP	7	evalue_before	1	1	2	0	70	546	616	12259	0	1	0	0	2	0
D_HSP	7	evalue_before	2	1	-1	0	70	867	937	12257	0	1	0	0	2	0
D_HSP	7	evalue_before	3	1	1	0	70	225	295	12222	0	1	0	0	2	0
D_HSP	7	evalue_before	4	1	3	0	70	867	937	12212	0	1	0	0	2	0
D_HSP	7	evalue_before	5	1	-3	0	70	225	295	12200	0	1	0	0	2	0
D_HSP	7	evalue_before	6	1	-1	8	21	962	975	696	0	1	0	0	2	0
D_HSP	7	evalue_before	7	1	-3	53	69	49	65	644	0	1	0	0	1	0
D_HSP	7	evalue_before	8	1	3	6	21	1150	1165	592	0	1	0	0	1	0
D_RETURN	7	evalue	0
D_LIST	7	evalue_after	0	0	9	2.5128860479118337e-51
D_HSP	7	evalue_after	0	1	-2	0	70	546	616	12920	0	1	2.5128860479118337e-51	0	1	0
D_HSP	7	evalue_after	1	1	2	0	70	546	616	12259	0	1	1.5365207273602195e-48	0	2	0
D_HSP	7	evalue_after	2	1	-1	0	70	867	937	12257	0	1	1.5666431426631143e-48	0	2	0
D_HSP	7	evalue_after	3	1	1	0	70	225	295	12222	0	1	2.2005185075156769e-48	0	2	0
D_HSP	7	evalue_after	4	1	3	0	70	867	937	12212	0	1	2.4248445291332221e-48	0	2	0
D_HSP	7	evalue_after	5	1	-3	0	70	225	295	12200	0	1	2.7244242263276427e-48	0	2	0
D_HSP	7	evalue_after	6	1	-1	8	21	962	975	696	0	1	16.018345101206997	0	2	0
D_HSP	7	evalue_after	7	1	-3	53	69	49	65	644	0	1	26.13377782398835	0	1	0
D_HSP	7	evalue_after	8	1	3	6	21	1150	1165	592	0	1	42.519133118969478	0	1	0
D_RETURN	6	link	0
D_LIST	6	link_after	0	0	9	2.5128860479118337e-51
D_HSP	6	link_after	0	1	-2	0	70	546	616	12920	0	1	2.5128860479118337e-51	0	1	0
D_HSP	6	link_after	1	1	2	0	70	546	616	12259	0	1	1.5365207273602195e-48	0	2	0
D_HSP	6	link_after	2	1	-1	0	70	867	937	12257	0	1	1.5666431426631143e-48	0	2	0
D_HSP	6	link_after	3	1	1	0	70	225	295	12222	0	1	2.2005185075156769e-48	0	2	0
D_HSP	6	link_after	4	1	3	0	70	867	937	12212	0	1	2.4248445291332221e-48	0	2	0
D_HSP	6	link_after	5	1	-3	0	70	225	295	12200	0	1	2.7244242263276427e-48	0	2	0
D_HSP	6	link_after	6	1	-1	8	21	962	975	696	0	1	16.018345101206997	0	2	0
D_HSP	6	link_after	7	1	-3	53	69	49	65	644	0	1	26.13377782398835	0	1	0
D_HSP	6	link_after	8	1	3	6	21	1150	1165	592	0	1	42.519133118969478	0	1	0
D_CALL	8	reap
D_LIST	8	reap_before	0	0	9	2.5128860479118337e-51
D_HSP	8	reap_before	0	1	-2	0	70	546	616	12920	0	1	2.5128860479118337e-51	0	1	0
D_HSP	8	reap_before	1	1	2	0	70	546	616	12259	0	1	1.5365207273602195e-48	0	2	0
D_HSP	8	reap_before	2	1	-1	0	70	867	937	12257	0	1	1.5666431426631143e-48	0	2	0
D_HSP	8	reap_before	3	1	1	0	70	225	295	12222	0	1	2.2005185075156769e-48	0	2	0
D_HSP	8	reap_before	4	1	3	0	70	867	937	12212	0	1	2.4248445291332221e-48	0	2	0
D_HSP	8	reap_before	5	1	-3	0	70	225	295	12200	0	1	2.7244242263276427e-48	0	2	0
D_HSP	8	reap_before	6	1	-1	8	21	962	975	696	0	1	16.018345101206997	0	2	0
D_HSP	8	reap_before	7	1	-3	53	69	49	65	644	0	1	26.13377782398835	0	1	0
D_HSP	8	reap_before	8	1	3	6	21	1150	1165	592	0	1	42.519133118969478	0	1	0
D_RETURN	8	reap	0
D_LIST	8	reap_after	0	0	6	2.5128860479118337e-51
D_HSP	8	reap_after	0	1	-2	0	70	546	616	12920	0	1	2.5128860479118337e-51	0	1	0
D_HSP	8	reap_after	1	1	2	0	70	546	616	12259	0	1	1.5365207273602195e-48	0	2	0
D_HSP	8	reap_after	2	1	-1	0	70	867	937	12257	0	1	1.5666431426631143e-48	0	2	0
D_HSP	8	reap_after	3	1	1	0	70	225	295	12222	0	1	2.2005185075156769e-48	0	2	0
D_HSP	8	reap_after	4	1	3	0	70	867	937	12212	0	1	2.4248445291332221e-48	0	2	0
D_HSP	8	reap_after	5	1	-3	0	70	225	295	12200	0	1	2.7244242263276427e-48	0	2	0
D_RETURN	2	redo	0
D_LIST	2	redo_after	NULL
Warning: [tblastn] Query_3 no_hit_x: Could not calculate ungapped Karlin-Altschul parameters due to an invalid query sequence or its translation. Please verify the query sequence(s) and/or filtering options 
