D_CALL	0	link	41	362	1	40	0.10000000000000001	40	18	0
D_CONTEXT	0	0	120	108017	29
D_LIST	0	link_before	0	0	1	0
D_HSP	0	link_before	0	0	1	0	120	0	120	656	0	0	0	0	0	29
D_CALL	1	evalue	41	120	1	0	0.10000000000000001	1
D_CONTEXT	1	0	120	108017	29
D_LIST	1	evalue_before	0	0	1	0
D_HSP	1	evalue_before	0	0	1	0	120	0	120	656	0	1	0	0	0	29
D_RETURN	1	evalue	0
D_LIST	1	evalue_after	0	0	1	1.8450408304613741e-94
D_HSP	1	evalue_after	0	0	1	0	120	0	120	656	0	1	1.8450408304613741e-94	0	0	29
D_RETURN	0	link	0
D_LIST	0	link_after	0	0	1	1.8450408304613741e-94
D_HSP	0	link_after	0	0	1	0	120	0	120	656	0	1	1.8450408304613741e-94	0	0	29
D_CALL	2	link	41	362	1	40	0.10000000000000001	40	18	0
D_CONTEXT	2	0	120	108017	29
D_LIST	2	link_before	1	0	1	0
D_HSP	2	link_before	0	0	2	0	120	0	120	656	0	0	0	0	0	29
D_CALL	3	evalue	41	120	1	0	0.10000000000000001	1
D_CONTEXT	3	0	120	108017	29
D_LIST	3	evalue_before	1	0	1	0
D_HSP	3	evalue_before	0	0	2	0	120	0	120	656	0	1	0	0	0	29
D_RETURN	3	evalue	0
D_LIST	3	evalue_after	1	0	1	1.8450408304613741e-94
D_HSP	3	evalue_after	0	0	2	0	120	0	120	656	0	1	1.8450408304613741e-94	0	0	29
D_RETURN	2	link	0
D_LIST	2	link_after	1	0	1	1.8450408304613741e-94
D_HSP	2	link_after	0	0	2	0	120	0	120	656	0	1	1.8450408304613741e-94	0	0	29
D_CALL	4	link	41	362	1	40	0.10000000000000001	40	18	0
D_CONTEXT	4	0	120	108017	29
D_LIST	4	link_before	2	0	1	0
D_HSP	4	link_before	0	0	3	0	120	0	120	656	0	0	0	0	0	29
D_CALL	5	evalue	41	120	1	0	0.10000000000000001	1
D_CONTEXT	5	0	120	108017	29
D_LIST	5	evalue_before	2	0	1	0
D_HSP	5	evalue_before	0	0	3	0	120	0	120	656	0	1	0	0	0	29
D_RETURN	5	evalue	0
D_LIST	5	evalue_after	2	0	1	1.8450408304613741e-94
D_HSP	5	evalue_after	0	0	3	0	120	0	120	656	0	1	1.8450408304613741e-94	0	0	29
D_RETURN	4	link	0
D_LIST	4	link_after	2	0	1	1.8450408304613741e-94
D_HSP	4	link_after	0	0	3	0	120	0	120	656	0	1	1.8450408304613741e-94	0	0	29
D_CALL	6	link	41	362	1	40	0.10000000000000001	40	18	0
D_CONTEXT	6	0	120	108017	29
D_LIST	6	link_before	3	0	1	0
D_HSP	6	link_before	0	0	-1	0	120	0	120	656	0	0	0	0	0	29
D_CALL	7	evalue	41	120	1	0	0.10000000000000001	1
D_CONTEXT	7	0	120	108017	29
D_LIST	7	evalue_before	3	0	1	0
D_HSP	7	evalue_before	0	0	-1	0	120	0	120	656	0	1	0	0	0	29
D_RETURN	7	evalue	0
D_LIST	7	evalue_after	3	0	1	1.8450408304613741e-94
D_HSP	7	evalue_after	0	0	-1	0	120	0	120	656	0	1	1.8450408304613741e-94	0	0	29
D_RETURN	6	link	0
D_LIST	6	link_after	3	0	1	1.8450408304613741e-94
D_HSP	6	link_after	0	0	-1	0	120	0	120	656	0	1	1.8450408304613741e-94	0	0	29
D_CALL	8	link	41	362	1	40	0.10000000000000001	40	18	0
D_CONTEXT	8	0	120	108017	29
D_LIST	8	link_before	4	0	1	0
D_HSP	8	link_before	0	0	-2	0	120	0	120	656	0	0	0	0	0	29
D_CALL	9	evalue	41	120	1	0	0.10000000000000001	1
D_CONTEXT	9	0	120	108017	29
D_LIST	9	evalue_before	4	0	1	0
D_HSP	9	evalue_before	0	0	-2	0	120	0	120	656	0	1	0	0	0	29
D_RETURN	9	evalue	0
D_LIST	9	evalue_after	4	0	1	1.8450408304613741e-94
D_HSP	9	evalue_after	0	0	-2	0	120	0	120	656	0	1	1.8450408304613741e-94	0	0	29
D_RETURN	8	link	0
D_LIST	8	link_after	4	0	1	1.8450408304613741e-94
D_HSP	8	link_after	0	0	-2	0	120	0	120	656	0	1	1.8450408304613741e-94	0	0	29
D_CALL	10	link	41	362	1	40	0.10000000000000001	40	18	0
D_CONTEXT	10	0	120	108017	29
D_LIST	10	link_before	5	0	1	0
D_HSP	10	link_before	0	0	-3	0	120	0	120	656	0	0	0	0	0	29
D_CALL	11	evalue	41	120	1	0	0.10000000000000001	1
D_CONTEXT	11	0	120	108017	29
D_LIST	11	evalue_before	5	0	1	0
D_HSP	11	evalue_before	0	0	-3	0	120	0	120	656	0	1	0	0	0	29
D_RETURN	11	evalue	0
D_LIST	11	evalue_after	5	0	1	1.8450408304613741e-94
D_HSP	11	evalue_after	0	0	-3	0	120	0	120	656	0	1	1.8450408304613741e-94	0	0	29
D_RETURN	10	link	0
D_LIST	10	link_after	5	0	1	1.8450408304613741e-94
D_HSP	10	link_after	0	0	-3	0	120	0	120	656	0	1	1.8450408304613741e-94	0	0	29
D_CALL	12	link	41	362	1	40	0.10000000000000001	40	18	0
D_CONTEXT	12	0	120	108017	29
D_LIST	12	link_before	6	0	1	0
D_HSP	12	link_before	0	0	1	0	120	0	120	656	0	0	0	0	0	29
D_CALL	13	evalue	41	120	1	0	0.10000000000000001	1
D_CONTEXT	13	0	120	108017	29
D_LIST	13	evalue_before	6	0	1	0
D_HSP	13	evalue_before	0	0	1	0	120	0	120	656	0	1	0	0	0	29
D_RETURN	13	evalue	0
D_LIST	13	evalue_after	6	0	1	1.8450408304613741e-94
D_HSP	13	evalue_after	0	0	1	0	120	0	120	656	0	1	1.8450408304613741e-94	0	0	29
D_RETURN	12	link	0
D_LIST	12	link_after	6	0	1	1.8450408304613741e-94
D_HSP	12	link_after	0	0	1	0	120	0	120	656	0	1	1.8450408304613741e-94	0	0	29
D_CALL	14	link	41	360	1	40	0.10000000000000001	40	18	0
D_CONTEXT	14	0	120	108017	29
D_LIST	14	link_before	7	0	1	0
D_HSP	14	link_before	0	0	1	0	120	0	120	656	0	0	0	0	0	29
D_CALL	15	evalue	41	120	1	0	0.10000000000000001	1
D_CONTEXT	15	0	120	108017	29
D_LIST	15	evalue_before	7	0	1	0
D_HSP	15	evalue_before	0	0	1	0	120	0	120	656	0	1	0	0	0	29
D_RETURN	15	evalue	0
D_LIST	15	evalue_after	7	0	1	1.8450408304613741e-94
D_HSP	15	evalue_after	0	0	1	0	120	0	120	656	0	1	1.8450408304613741e-94	0	0	29
D_RETURN	14	link	0
D_LIST	14	link_after	7	0	1	1.8450408304613741e-94
D_HSP	14	link_after	0	0	1	0	120	0	120	656	0	1	1.8450408304613741e-94	0	0	29
D_CALL	16	link	41	360	1	40	0.10000000000000001	40	18	0
D_CONTEXT	16	0	120	108017	29
D_LIST	16	link_before	8	0	1	0
D_HSP	16	link_before	0	0	1	0	120	0	120	647	0	0	0	0	0	29
D_CALL	17	evalue	41	120	1	0	0.10000000000000001	1
D_CONTEXT	17	0	120	108017	29
D_LIST	17	evalue_before	8	0	1	0
D_HSP	17	evalue_before	0	0	1	0	120	0	120	647	0	1	0	0	0	29
D_RETURN	17	evalue	0
D_LIST	17	evalue_after	8	0	1	4.3576393376938745e-93
D_HSP	17	evalue_after	0	0	1	0	120	0	120	647	0	1	4.3576393376938745e-93	0	0	29
D_RETURN	16	link	0
D_LIST	16	link_after	8	0	1	4.3576393376938745e-93
D_HSP	16	link_after	0	0	1	0	120	0	120	647	0	1	4.3576393376938745e-93	0	0	29
D_CALL	18	link	41	360	1	40	0.10000000000000001	40	18	0
D_LIST	18	link_before	NULL
D_RETURN	18	link	0
D_LIST	18	link_after	NULL
D_CALL	19	link	41	360	1	40	0.10000000000000001	40	18	0
D_LIST	19	link_before	NULL
D_RETURN	19	link	0
D_LIST	19	link_after	NULL
D_CALL	20	link	41	360	1	40	0.10000000000000001	40	18	0
D_CONTEXT	20	0	120	108017	29
D_LIST	20	link_before	11	0	1	0
D_HSP	20	link_before	0	0	1	0	120	0	120	656	0	0	0	0	0	29
D_CALL	21	evalue	41	120	1	0	0.10000000000000001	1
D_CONTEXT	21	0	120	108017	29
D_LIST	21	evalue_before	11	0	1	0
D_HSP	21	evalue_before	0	0	1	0	120	0	120	656	0	1	0	0	0	29
D_RETURN	21	evalue	0
D_LIST	21	evalue_after	11	0	1	1.8450408304613741e-94
D_HSP	21	evalue_after	0	0	1	0	120	0	120	656	0	1	1.8450408304613741e-94	0	0	29
D_RETURN	20	link	0
D_LIST	20	link_after	11	0	1	1.8450408304613741e-94
D_HSP	20	link_after	0	0	1	0	120	0	120	656	0	1	1.8450408304613741e-94	0	0	29
D_CALL	22	link	41	360	1	40	0.10000000000000001	40	18	0
D_CONTEXT	22	0	120	108017	29
D_LIST	22	link_before	12	0	1	0
D_HSP	22	link_before	0	0	1	0	120	0	120	656	0	0	0	0	0	29
D_CALL	23	evalue	41	120	1	0	0.10000000000000001	1
D_CONTEXT	23	0	120	108017	29
D_LIST	23	evalue_before	12	0	1	0
D_HSP	23	evalue_before	0	0	1	0	120	0	120	656	0	1	0	0	0	29
D_RETURN	23	evalue	0
D_LIST	23	evalue_after	12	0	1	1.8450408304613741e-94
D_HSP	23	evalue_after	0	0	1	0	120	0	120	656	0	1	1.8450408304613741e-94	0	0	29
D_RETURN	22	link	0
D_LIST	22	link_after	12	0	1	1.8450408304613741e-94
D_HSP	22	link_after	0	0	1	0	120	0	120	656	0	1	1.8450408304613741e-94	0	0	29
D_CALL	24	redo	41	1	1	1	1
D_LIST	24	redo_before	NULL
D_CALL	25	link	41	360	1	40	0.10000000000000001	40	0	0
D_CONTEXT	25	0	120	108017	29
D_LIST	25	link_before	12	0	1	0
D_HSP	25	link_before	0	0	1	0	120	0	120	20493	0	0	0	0	2	0
D_CALL	26	evalue	41	120	1	0	0.10000000000000001	1
D_CONTEXT	26	0	120	108017	29
D_LIST	26	evalue_before	12	0	1	0
D_HSP	26	evalue_before	0	0	1	0	120	0	120	20493	0	1	0	0	2	0
D_RETURN	26	evalue	0
D_LIST	26	evalue_after	12	0	1	4.4189169408191706e-92
D_HSP	26	evalue_after	0	0	1	0	120	0	120	20493	0	1	4.4189169408191706e-92	0	2	0
D_RETURN	25	link	0
D_LIST	25	link_after	12	0	1	4.4189169408191706e-92
D_HSP	25	link_after	0	0	1	0	120	0	120	20493	0	1	4.4189169408191706e-92	0	2	0
D_CALL	27	reap
D_LIST	27	reap_before	12	0	1	4.4189169408191706e-92
D_HSP	27	reap_before	0	0	1	0	120	0	120	20493	0	1	4.4189169408191706e-92	0	2	0
D_RETURN	27	reap	0
D_LIST	27	reap_after	12	0	1	4.4189169408191706e-92
D_HSP	27	reap_after	0	0	1	0	120	0	120	20493	0	1	4.4189169408191706e-92	0	2	0
D_CALL	28	link	41	360	1	40	0.10000000000000001	40	0	0
D_CONTEXT	28	0	120	108017	29
D_LIST	28	link_before	11	0	1	0
D_HSP	28	link_before	0	0	1	0	120	0	120	20493	0	0	0	0	2	0
D_CALL	29	evalue	41	120	1	0	0.10000000000000001	1
D_CONTEXT	29	0	120	108017	29
D_LIST	29	evalue_before	11	0	1	0
D_HSP	29	evalue_before	0	0	1	0	120	0	120	20493	0	1	0	0	2	0
D_RETURN	29	evalue	0
D_LIST	29	evalue_after	11	0	1	4.4189169408191706e-92
D_HSP	29	evalue_after	0	0	1	0	120	0	120	20493	0	1	4.4189169408191706e-92	0	2	0
D_RETURN	28	link	0
D_LIST	28	link_after	11	0	1	4.4189169408191706e-92
D_HSP	28	link_after	0	0	1	0	120	0	120	20493	0	1	4.4189169408191706e-92	0	2	0
D_CALL	30	reap
D_LIST	30	reap_before	11	0	1	4.4189169408191706e-92
D_HSP	30	reap_before	0	0	1	0	120	0	120	20493	0	1	4.4189169408191706e-92	0	2	0
D_RETURN	30	reap	0
D_LIST	30	reap_after	11	0	1	4.4189169408191706e-92
D_HSP	30	reap_after	0	0	1	0	120	0	120	20493	0	1	4.4189169408191706e-92	0	2	0
D_CALL	31	link	41	360	1	40	0.10000000000000001	40	0	0
D_CONTEXT	31	0	120	108017	29
D_LIST	31	link_before	7	0	1	0
D_HSP	31	link_before	0	0	1	0	120	0	120	20193	0	0	0	0	2	0
D_CALL	32	evalue	41	120	1	0	0.10000000000000001	1
D_CONTEXT	32	0	120	108017	29
D_LIST	32	evalue_before	7	0	1	0
D_HSP	32	evalue_before	0	0	1	0	120	0	120	20193	0	1	0	0	2	0
D_RETURN	32	evalue	0
D_LIST	32	evalue_after	7	0	1	1.1904096453705488e-90
D_HSP	32	evalue_after	0	0	1	0	120	0	120	20193	0	1	1.1904096453705488e-90	0	2	0
D_RETURN	31	link	0
D_LIST	31	link_after	7	0	1	1.1904096453705488e-90
D_HSP	31	link_after	0	0	1	0	120	0	120	20193	0	1	1.1904096453705488e-90	0	2	0
D_CALL	33	reap
D_LIST	33	reap_before	7	0	1	1.1904096453705488e-90
D_HSP	33	reap_before	0	0	1	0	120	0	120	20193	0	1	1.1904096453705488e-90	0	2	0
D_RETURN	33	reap	0
D_LIST	33	reap_after	7	0	1	1.1904096453705488e-90
D_HSP	33	reap_after	0	0	1	0	120	0	120	20193	0	1	1.1904096453705488e-90	0	2	0
D_CALL	34	link	41	362	1	40	0.10000000000000001	40	0	0
D_CONTEXT	34	0	120	108017	29
D_LIST	34	link_before	6	0	1	0
D_HSP	34	link_before	0	0	1	0	120	0	120	20493	0	0	0	0	2	0
D_CALL	35	evalue	41	120	1	0	0.10000000000000001	1
D_CONTEXT	35	0	120	108017	29
D_LIST	35	evalue_before	6	0	1	0
D_HSP	35	evalue_before	0	0	1	0	120	0	120	20493	0	1	0	0	2	0
D_RETURN	35	evalue	0
D_LIST	35	evalue_after	6	0	1	4.4189169408191706e-92
D_HSP	35	evalue_after	0	0	1	0	120	0	120	20493	0	1	4.4189169408191706e-92	0	2	0
D_RETURN	34	link	0
D_LIST	34	link_after	6	0	1	4.4189169408191706e-92
D_HSP	34	link_after	0	0	1	0	120	0	120	20493	0	1	4.4189169408191706e-92	0	2	0
D_CALL	36	reap
D_LIST	36	reap_before	6	0	1	4.4189169408191706e-92
D_HSP	36	reap_before	0	0	1	0	120	0	120	20493	0	1	4.4189169408191706e-92	0	2	0
D_RETURN	36	reap	0
D_LIST	36	reap_after	6	0	1	4.4189169408191706e-92
D_HSP	36	reap_after	0	0	1	0	120	0	120	20493	0	1	4.4189169408191706e-92	0	2	0
D_CALL	37	link	41	362	1	40	0.10000000000000001	40	0	0
D_CONTEXT	37	0	120	108017	29
D_LIST	37	link_before	5	0	1	0
D_HSP	37	link_before	0	0	-3	0	120	0	120	20493	0	0	0	0	2	0
D_CALL	38	evalue	41	120	1	0	0.10000000000000001	1
D_CONTEXT	38	0	120	108017	29
D_LIST	38	evalue_before	5	0	1	0
D_HSP	38	evalue_before	0	0	-3	0	120	0	120	20493	0	1	0	0	2	0
D_RETURN	38	evalue	0
D_LIST	38	evalue_after	5	0	1	4.4189169408191706e-92
D_HSP	38	evalue_after	0	0	-3	0	120	0	120	20493	0	1	4.4189169408191706e-92	0	2	0
D_RETURN	37	link	0
D_LIST	37	link_after	5	0	1	4.4189169408191706e-92
D_HSP	37	link_after	0	0	-3	0	120	0	120	20493	0	1	4.4189169408191706e-92	0	2	0
D_CALL	39	reap
D_LIST	39	reap_before	5	0	1	4.4189169408191706e-92
D_HSP	39	reap_before	0	0	-3	0	120	0	120	20493	0	1	4.4189169408191706e-92	0	2	0
D_RETURN	39	reap	0
D_LIST	39	reap_after	5	0	1	4.4189169408191706e-92
D_HSP	39	reap_after	0	0	-3	0	120	0	120	20493	0	1	4.4189169408191706e-92	0	2	0
D_CALL	40	link	41	362	1	40	0.10000000000000001	40	0	0
D_CONTEXT	40	0	120	108017	29
D_LIST	40	link_before	4	0	1	0
D_HSP	40	link_before	0	0	-2	0	120	0	120	20493	0	0	0	0	2	0
D_CALL	41	evalue	41	120	1	0	0.10000000000000001	1
D_CONTEXT	41	0	120	108017	29
D_LIST	41	evalue_before	4	0	1	0
D_HSP	41	evalue_before	0	0	-2	0	120	0	120	20493	0	1	0	0	2	0
D_RETURN	41	evalue	0
D_LIST	41	evalue_after	4	0	1	4.4189169408191706e-92
D_HSP	41	evalue_after	0	0	-2	0	120	0	120	20493	0	1	4.4189169408191706e-92	0	2	0
D_RETURN	40	link	0
D_LIST	40	link_after	4	0	1	4.4189169408191706e-92
D_HSP	40	link_after	0	0	-2	0	120	0	120	20493	0	1	4.4189169408191706e-92	0	2	0
D_CALL	42	reap
D_LIST	42	reap_before	4	0	1	4.4189169408191706e-92
D_HSP	42	reap_before	0	0	-2	0	120	0	120	20493	0	1	4.4189169408191706e-92	0	2	0
D_RETURN	42	reap	0
D_LIST	42	reap_after	4	0	1	4.4189169408191706e-92
D_HSP	42	reap_after	0	0	-2	0	120	0	120	20493	0	1	4.4189169408191706e-92	0	2	0
D_CALL	43	link	41	362	1	40	0.10000000000000001	40	0	0
D_CONTEXT	43	0	120	108017	29
D_LIST	43	link_before	3	0	1	0
D_HSP	43	link_before	0	0	-1	0	120	0	120	20493	0	0	0	0	2	0
D_CALL	44	evalue	41	120	1	0	0.10000000000000001	1
D_CONTEXT	44	0	120	108017	29
D_LIST	44	evalue_before	3	0	1	0
D_HSP	44	evalue_before	0	0	-1	0	120	0	120	20493	0	1	0	0	2	0
D_RETURN	44	evalue	0
D_LIST	44	evalue_after	3	0	1	4.4189169408191706e-92
D_HSP	44	evalue_after	0	0	-1	0	120	0	120	20493	0	1	4.4189169408191706e-92	0	2	0
D_RETURN	43	link	0
D_LIST	43	link_after	3	0	1	4.4189169408191706e-92
D_HSP	43	link_after	0	0	-1	0	120	0	120	20493	0	1	4.4189169408191706e-92	0	2	0
D_CALL	45	reap
D_LIST	45	reap_before	3	0	1	4.4189169408191706e-92
D_HSP	45	reap_before	0	0	-1	0	120	0	120	20493	0	1	4.4189169408191706e-92	0	2	0
D_RETURN	45	reap	0
D_LIST	45	reap_after	3	0	1	4.4189169408191706e-92
D_HSP	45	reap_after	0	0	-1	0	120	0	120	20493	0	1	4.4189169408191706e-92	0	2	0
D_CALL	46	link	41	362	1	40	0.10000000000000001	40	0	0
D_CONTEXT	46	0	120	108017	29
D_LIST	46	link_before	2	0	1	0
D_HSP	46	link_before	0	0	3	0	120	0	120	20493	0	0	0	0	2	0
D_CALL	47	evalue	41	120	1	0	0.10000000000000001	1
D_CONTEXT	47	0	120	108017	29
D_LIST	47	evalue_before	2	0	1	0
D_HSP	47	evalue_before	0	0	3	0	120	0	120	20493	0	1	0	0	2	0
D_RETURN	47	evalue	0
D_LIST	47	evalue_after	2	0	1	4.4189169408191706e-92
D_HSP	47	evalue_after	0	0	3	0	120	0	120	20493	0	1	4.4189169408191706e-92	0	2	0
D_RETURN	46	link	0
D_LIST	46	link_after	2	0	1	4.4189169408191706e-92
D_HSP	46	link_after	0	0	3	0	120	0	120	20493	0	1	4.4189169408191706e-92	0	2	0
D_CALL	48	reap
D_LIST	48	reap_before	2	0	1	4.4189169408191706e-92
D_HSP	48	reap_before	0	0	3	0	120	0	120	20493	0	1	4.4189169408191706e-92	0	2	0
D_RETURN	48	reap	0
D_LIST	48	reap_after	2	0	1	4.4189169408191706e-92
D_HSP	48	reap_after	0	0	3	0	120	0	120	20493	0	1	4.4189169408191706e-92	0	2	0
D_CALL	49	link	41	362	1	40	0.10000000000000001	40	0	0
D_CONTEXT	49	0	120	108017	29
D_LIST	49	link_before	1	0	1	0
D_HSP	49	link_before	0	0	2	0	120	0	120	20493	0	0	0	0	2	0
D_CALL	50	evalue	41	120	1	0	0.10000000000000001	1
D_CONTEXT	50	0	120	108017	29
D_LIST	50	evalue_before	1	0	1	0
D_HSP	50	evalue_before	0	0	2	0	120	0	120	20493	0	1	0	0	2	0
D_RETURN	50	evalue	0
D_LIST	50	evalue_after	1	0	1	4.4189169408191706e-92
D_HSP	50	evalue_after	0	0	2	0	120	0	120	20493	0	1	4.4189169408191706e-92	0	2	0
D_RETURN	49	link	0
D_LIST	49	link_after	1	0	1	4.4189169408191706e-92
D_HSP	49	link_after	0	0	2	0	120	0	120	20493	0	1	4.4189169408191706e-92	0	2	0
D_CALL	51	reap
D_LIST	51	reap_before	1	0	1	4.4189169408191706e-92
D_HSP	51	reap_before	0	0	2	0	120	0	120	20493	0	1	4.4189169408191706e-92	0	2	0
D_RETURN	51	reap	0
D_LIST	51	reap_after	1	0	1	4.4189169408191706e-92
D_HSP	51	reap_after	0	0	2	0	120	0	120	20493	0	1	4.4189169408191706e-92	0	2	0
D_CALL	52	link	41	362	1	40	0.10000000000000001	40	0	0
D_CONTEXT	52	0	120	108017	29
D_LIST	52	link_before	0	0	1	0
D_HSP	52	link_before	0	0	1	0	120	0	120	20493	0	0	0	0	2	0
D_CALL	53	evalue	41	120	1	0	0.10000000000000001	1
D_CONTEXT	53	0	120	108017	29
D_LIST	53	evalue_before	0	0	1	0
D_HSP	53	evalue_before	0	0	1	0	120	0	120	20493	0	1	0	0	2	0
D_RETURN	53	evalue	0
D_LIST	53	evalue_after	0	0	1	4.4189169408191706e-92
D_HSP	53	evalue_after	0	0	1	0	120	0	120	20493	0	1	4.4189169408191706e-92	0	2	0
D_RETURN	52	link	0
D_LIST	52	link_after	0	0	1	4.4189169408191706e-92
D_HSP	52	link_after	0	0	1	0	120	0	120	20493	0	1	4.4189169408191706e-92	0	2	0
D_CALL	54	reap
D_LIST	54	reap_before	0	0	1	4.4189169408191706e-92
D_HSP	54	reap_before	0	0	1	0	120	0	120	20493	0	1	4.4189169408191706e-92	0	2	0
D_RETURN	54	reap	0
D_LIST	54	reap_after	0	0	1	4.4189169408191706e-92
D_HSP	54	reap_after	0	0	1	0	120	0	120	20493	0	1	4.4189169408191706e-92	0	2	0
D_CALL	55	link	41	360	1	40	0.10000000000000001	40	0	0
D_CONTEXT	55	0	120	108017	29
D_LIST	55	link_before	8	0	1	0
D_HSP	55	link_before	0	0	1	0	120	0	120	20156	0	0	0	0	2	0
D_CALL	56	evalue	41	120	1	0	0.10000000000000001	1
D_CONTEXT	56	0	120	108017	29
D_LIST	56	evalue_before	8	0	1	0
D_HSP	56	evalue_before	0	0	1	0	120	0	120	20156	0	1	0	0	2	0
D_RETURN	56	evalue	0
D_LIST	56	evalue_after	8	0	1	1.7869255373190029e-90
D_HSP	56	evalue_after	0	0	1	0	120	0	120	20156	0	1	1.7869255373190029e-90	0	2	0
D_RETURN	55	link	0
D_LIST	55	link_after	8	0	1	1.7869255373190029e-90
D_HSP	55	link_after	0	0	1	0	120	0	120	20156	0	1	1.7869255373190029e-90	0	2	0
D_CALL	57	reap
D_LIST	57	reap_before	8	0	1	1.7869255373190029e-90
D_HSP	57	reap_before	0	0	1	0	120	0	120	20156	0	1	1.7869255373190029e-90	0	2	0
D_RETURN	57	reap	0
D_LIST	57	reap_after	8	0	1	1.7869255373190029e-90
D_HSP	57	reap_after	0	0	1	0	120	0	120	20156	0	1	1.7869255373190029e-90	0	2	0
D_RETURN	24	redo	0
D_LIST	24	redo_after	NULL
