D_CALL	0	evalue	41	120	1	0	0	1
D_CONTEXT	0	0	120	108017	29
D_LIST	0	evalue_before	0	0	1	0
D_HSP	0	evalue_before	0	0	1	0	120	0	120	656	0	0	0	0	0	29
D_RETURN	0	evalue	0
D_LIST	0	evalue_after	0	0	1	1.6605367474152368e-94
D_HSP	0	evalue_after	0	0	1	0	120	0	120	656	0	0	1.6605367474152368e-94	0	0	29
D_CALL	1	evalue	41	120	1	0	0	1
D_CONTEXT	1	0	120	108017	29
D_LIST	1	evalue_before	1	0	1	0
D_HSP	1	evalue_before	0	0	2	0	120	0	120	656	0	0	0	0	0	29
D_RETURN	1	evalue	0
D_LIST	1	evalue_after	1	0	1	1.6605367474152368e-94
D_HSP	1	evalue_after	0	0	2	0	120	0	120	656	0	0	1.6605367474152368e-94	0	0	29
D_CALL	2	evalue	41	120	1	0	0	1
D_CONTEXT	2	0	120	108017	29
D_LIST	2	evalue_before	2	0	1	0
D_HSP	2	evalue_before	0	0	3	0	120	0	120	656	0	0	0	0	0	29
D_RETURN	2	evalue	0
D_LIST	2	evalue_after	2	0	1	1.6605367474152368e-94
D_HSP	2	evalue_after	0	0	3	0	120	0	120	656	0	0	1.6605367474152368e-94	0	0	29
D_CALL	3	evalue	41	120	1	0	0	1
D_CONTEXT	3	0	120	108017	29
D_LIST	3	evalue_before	3	0	1	0
D_HSP	3	evalue_before	0	0	-1	0	120	0	120	656	0	0	0	0	0	29
D_RETURN	3	evalue	0
D_LIST	3	evalue_after	3	0	1	1.6605367474152368e-94
D_HSP	3	evalue_after	0	0	-1	0	120	0	120	656	0	0	1.6605367474152368e-94	0	0	29
D_CALL	4	evalue	41	120	1	0	0	1
D_CONTEXT	4	0	120	108017	29
D_LIST	4	evalue_before	4	0	1	0
D_HSP	4	evalue_before	0	0	-2	0	120	0	120	656	0	0	0	0	0	29
D_RETURN	4	evalue	0
D_LIST	4	evalue_after	4	0	1	1.6605367474152368e-94
D_HSP	4	evalue_after	0	0	-2	0	120	0	120	656	0	0	1.6605367474152368e-94	0	0	29
D_CALL	5	evalue	41	120	1	0	0	1
D_CONTEXT	5	0	120	108017	29
D_LIST	5	evalue_before	5	0	1	0
D_HSP	5	evalue_before	0	0	-3	0	120	0	120	656	0	0	0	0	0	29
D_RETURN	5	evalue	0
D_LIST	5	evalue_after	5	0	1	1.6605367474152368e-94
D_HSP	5	evalue_after	0	0	-3	0	120	0	120	656	0	0	1.6605367474152368e-94	0	0	29
D_CALL	6	evalue	41	120	1	0	0	1
D_CONTEXT	6	0	120	108017	29
D_LIST	6	evalue_before	6	0	1	0
D_HSP	6	evalue_before	0	0	1	0	120	0	120	656	0	0	0	0	0	29
D_RETURN	6	evalue	0
D_LIST	6	evalue_after	6	0	1	1.6605367474152368e-94
D_HSP	6	evalue_after	0	0	1	0	120	0	120	656	0	0	1.6605367474152368e-94	0	0	29
D_CALL	7	evalue	41	119	1	0	0	1
D_CONTEXT	7	0	120	108017	29
D_LIST	7	evalue_before	7	0	1	0
D_HSP	7	evalue_before	0	0	1	0	120	0	120	656	0	0	0	0	0	29
D_RETURN	7	evalue	0
D_LIST	7	evalue_after	7	0	1	1.6063028059322301e-94
D_HSP	7	evalue_after	0	0	1	0	120	0	120	656	0	0	1.6063028059322301e-94	0	0	29
D_CALL	8	evalue	41	119	1	0	0	1
D_CONTEXT	8	0	120	108017	29
D_LIST	8	evalue_before	8	0	1	0
D_HSP	8	evalue_before	0	0	1	0	120	0	120	647	0	0	0	0	0	29
D_RETURN	8	evalue	0
D_LIST	8	evalue_after	8	0	1	3.7939465874762892e-93
D_HSP	8	evalue_after	0	0	1	0	120	0	120	647	0	0	3.7939465874762892e-93	0	0	29
D_CALL	9	evalue	41	119	1	0	0	1
D_LIST	9	evalue_before	NULL
D_RETURN	9	evalue	0
D_LIST	9	evalue_after	NULL
D_CALL	10	evalue	41	119	1	0	0	1
D_LIST	10	evalue_before	NULL
D_RETURN	10	evalue	0
D_LIST	10	evalue_after	NULL
D_CALL	11	evalue	41	119	1	0	0	1
D_CONTEXT	11	0	120	108017	29
D_LIST	11	evalue_before	11	0	1	0
D_HSP	11	evalue_before	0	0	1	0	120	0	120	656	0	0	0	0	0	29
D_RETURN	11	evalue	0
D_LIST	11	evalue_after	11	0	1	1.6063028059322301e-94
D_HSP	11	evalue_after	0	0	1	0	120	0	120	656	0	0	1.6063028059322301e-94	0	0	29
D_CALL	12	evalue	41	119	1	0	0	1
D_CONTEXT	12	0	120	108017	29
D_LIST	12	evalue_before	12	0	1	0
D_HSP	12	evalue_before	0	0	1	0	120	0	120	656	0	0	0	0	0	29
D_RETURN	12	evalue	0
D_LIST	12	evalue_after	12	0	1	1.6063028059322301e-94
D_HSP	12	evalue_after	0	0	1	0	120	0	120	656	0	0	1.6063028059322301e-94	0	0	29
D_CALL	13	evalue	41	120	1	0	0	1
D_CONTEXT	13	0	120	108017	29
D_LIST	13	evalue_before	0	0	1	1.6605367474152368e-94
D_HSP	13	evalue_before	0	0	1	0	120	0	120	656	120	0	1.6605367474152368e-94	0	0	29
D_RETURN	13	evalue	0
D_LIST	13	evalue_after	0	0	1	1.6605367474152368e-94
D_HSP	13	evalue_after	0	0	1	0	120	0	120	656	120	0	1.6605367474152368e-94	0	0	29
D_CALL	14	reap
D_LIST	14	reap_before	0	0	1	1.6605367474152368e-94
D_HSP	14	reap_before	0	0	1	0	120	0	120	656	120	0	1.6605367474152368e-94	0	0	29
D_RETURN	14	reap	0
D_LIST	14	reap_after	0	0	1	1.6605367474152368e-94
D_HSP	14	reap_after	0	0	1	0	120	0	120	656	120	0	1.6605367474152368e-94	0	0	29
D_CALL	15	bits	1
D_LIST	15	bits_before	0	0	1	1.6605367474152368e-94
D_HSP	15	bits_before	0	0	1	0	120	0	120	656	120	0	1.6605367474152368e-94	0	0	29
D_RETURN	15	bits	0
D_LIST	15	bits_after	0	0	1	1.6605367474152368e-94
D_HSP	15	bits_after	0	0	1	0	120	0	120	656	120	0	1.6605367474152368e-94	257.29915408182774	0	29
D_CALL	16	evalue	41	120	1	0	0	1
D_CONTEXT	16	0	120	108017	29
D_LIST	16	evalue_before	1	0	1	1.6605367474152368e-94
D_HSP	16	evalue_before	0	0	2	0	120	0	120	656	120	0	1.6605367474152368e-94	0	0	29
D_RETURN	16	evalue	0
D_LIST	16	evalue_after	1	0	1	1.6605367474152368e-94
D_HSP	16	evalue_after	0	0	2	0	120	0	120	656	120	0	1.6605367474152368e-94	0	0	29
D_CALL	17	reap
D_LIST	17	reap_before	1	0	1	1.6605367474152368e-94
D_HSP	17	reap_before	0	0	2	0	120	0	120	656	120	0	1.6605367474152368e-94	0	0	29
D_RETURN	17	reap	0
D_LIST	17	reap_after	1	0	1	1.6605367474152368e-94
D_HSP	17	reap_after	0	0	2	0	120	0	120	656	120	0	1.6605367474152368e-94	0	0	29
D_CALL	18	bits	1
D_LIST	18	bits_before	1	0	1	1.6605367474152368e-94
D_HSP	18	bits_before	0	0	2	0	120	0	120	656	120	0	1.6605367474152368e-94	0	0	29
D_RETURN	18	bits	0
D_LIST	18	bits_after	1	0	1	1.6605367474152368e-94
D_HSP	18	bits_after	0	0	2	0	120	0	120	656	120	0	1.6605367474152368e-94	257.29915408182774	0	29
D_CALL	19	evalue	41	120	1	0	0	1
D_CONTEXT	19	0	120	108017	29
D_LIST	19	evalue_before	2	0	1	1.6605367474152368e-94
D_HSP	19	evalue_before	0	0	3	0	120	0	120	656	120	0	1.6605367474152368e-94	0	0	29
D_RETURN	19	evalue	0
D_LIST	19	evalue_after	2	0	1	1.6605367474152368e-94
D_HSP	19	evalue_after	0	0	3	0	120	0	120	656	120	0	1.6605367474152368e-94	0	0	29
D_CALL	20	reap
D_LIST	20	reap_before	2	0	1	1.6605367474152368e-94
D_HSP	20	reap_before	0	0	3	0	120	0	120	656	120	0	1.6605367474152368e-94	0	0	29
D_RETURN	20	reap	0
D_LIST	20	reap_after	2	0	1	1.6605367474152368e-94
D_HSP	20	reap_after	0	0	3	0	120	0	120	656	120	0	1.6605367474152368e-94	0	0	29
D_CALL	21	bits	1
D_LIST	21	bits_before	2	0	1	1.6605367474152368e-94
D_HSP	21	bits_before	0	0	3	0	120	0	120	656	120	0	1.6605367474152368e-94	0	0	29
D_RETURN	21	bits	0
D_LIST	21	bits_after	2	0	1	1.6605367474152368e-94
D_HSP	21	bits_after	0	0	3	0	120	0	120	656	120	0	1.6605367474152368e-94	257.29915408182774	0	29
D_CALL	22	evalue	41	120	1	0	0	1
D_CONTEXT	22	0	120	108017	29
D_LIST	22	evalue_before	3	0	1	1.6605367474152368e-94
D_HSP	22	evalue_before	0	0	-1	0	120	0	120	656	120	0	1.6605367474152368e-94	0	0	29
D_RETURN	22	evalue	0
D_LIST	22	evalue_after	3	0	1	1.6605367474152368e-94
D_HSP	22	evalue_after	0	0	-1	0	120	0	120	656	120	0	1.6605367474152368e-94	0	0	29
D_CALL	23	reap
D_LIST	23	reap_before	3	0	1	1.6605367474152368e-94
D_HSP	23	reap_before	0	0	-1	0	120	0	120	656	120	0	1.6605367474152368e-94	0	0	29
D_RETURN	23	reap	0
D_LIST	23	reap_after	3	0	1	1.6605367474152368e-94
D_HSP	23	reap_after	0	0	-1	0	120	0	120	656	120	0	1.6605367474152368e-94	0	0	29
D_CALL	24	bits	1
D_LIST	24	bits_before	3	0	1	1.6605367474152368e-94
D_HSP	24	bits_before	0	0	-1	0	120	0	120	656	120	0	1.6605367474152368e-94	0	0	29
D_RETURN	24	bits	0
D_LIST	24	bits_after	3	0	1	1.6605367474152368e-94
D_HSP	24	bits_after	0	0	-1	0	120	0	120	656	120	0	1.6605367474152368e-94	257.29915408182774	0	29
D_CALL	25	evalue	41	120	1	0	0	1
D_CONTEXT	25	0	120	108017	29
D_LIST	25	evalue_before	4	0	1	1.6605367474152368e-94
D_HSP	25	evalue_before	0	0	-2	0	120	0	120	656	120	0	1.6605367474152368e-94	0	0	29
D_RETURN	25	evalue	0
D_LIST	25	evalue_after	4	0	1	1.6605367474152368e-94
D_HSP	25	evalue_after	0	0	-2	0	120	0	120	656	120	0	1.6605367474152368e-94	0	0	29
D_CALL	26	reap
D_LIST	26	reap_before	4	0	1	1.6605367474152368e-94
D_HSP	26	reap_before	0	0	-2	0	120	0	120	656	120	0	1.6605367474152368e-94	0	0	29
D_RETURN	26	reap	0
D_LIST	26	reap_after	4	0	1	1.6605367474152368e-94
D_HSP	26	reap_after	0	0	-2	0	120	0	120	656	120	0	1.6605367474152368e-94	0	0	29
D_CALL	27	bits	1
D_LIST	27	bits_before	4	0	1	1.6605367474152368e-94
D_HSP	27	bits_before	0	0	-2	0	120	0	120	656	120	0	1.6605367474152368e-94	0	0	29
D_RETURN	27	bits	0
D_LIST	27	bits_after	4	0	1	1.6605367474152368e-94
D_HSP	27	bits_after	0	0	-2	0	120	0	120	656	120	0	1.6605367474152368e-94	257.29915408182774	0	29
D_CALL	28	evalue	41	120	1	0	0	1
D_CONTEXT	28	0	120	108017	29
D_LIST	28	evalue_before	5	0	1	1.6605367474152368e-94
D_HSP	28	evalue_before	0	0	-3	0	120	0	120	656	120	0	1.6605367474152368e-94	0	0	29
D_RETURN	28	evalue	0
D_LIST	28	evalue_after	5	0	1	1.6605367474152368e-94
D_HSP	28	evalue_after	0	0	-3	0	120	0	120	656	120	0	1.6605367474152368e-94	0	0	29
D_CALL	29	reap
D_LIST	29	reap_before	5	0	1	1.6605367474152368e-94
D_HSP	29	reap_before	0	0	-3	0	120	0	120	656	120	0	1.6605367474152368e-94	0	0	29
D_RETURN	29	reap	0
D_LIST	29	reap_after	5	0	1	1.6605367474152368e-94
D_HSP	29	reap_after	0	0	-3	0	120	0	120	656	120	0	1.6605367474152368e-94	0	0	29
D_CALL	30	bits	1
D_LIST	30	bits_before	5	0	1	1.6605367474152368e-94
D_HSP	30	bits_before	0	0	-3	0	120	0	120	656	120	0	1.6605367474152368e-94	0	0	29
D_RETURN	30	bits	0
D_LIST	30	bits_after	5	0	1	1.6605367474152368e-94
D_HSP	30	bits_after	0	0	-3	0	120	0	120	656	120	0	1.6605367474152368e-94	257.29915408182774	0	29
D_CALL	31	evalue	41	120	1	0	0	1
D_CONTEXT	31	0	120	108017	29
D_LIST	31	evalue_before	6	0	1	1.6605367474152368e-94
D_HSP	31	evalue_before	0	0	1	0	120	0	120	656	120	0	1.6605367474152368e-94	0	0	29
D_RETURN	31	evalue	0
D_LIST	31	evalue_after	6	0	1	1.6605367474152368e-94
D_HSP	31	evalue_after	0	0	1	0	120	0	120	656	120	0	1.6605367474152368e-94	0	0	29
D_CALL	32	reap
D_LIST	32	reap_before	6	0	1	1.6605367474152368e-94
D_HSP	32	reap_before	0	0	1	0	120	0	120	656	120	0	1.6605367474152368e-94	0	0	29
D_RETURN	32	reap	0
D_LIST	32	reap_after	6	0	1	1.6605367474152368e-94
D_HSP	32	reap_after	0	0	1	0	120	0	120	656	120	0	1.6605367474152368e-94	0	0	29
D_CALL	33	bits	1
D_LIST	33	bits_before	6	0	1	1.6605367474152368e-94
D_HSP	33	bits_before	0	0	1	0	120	0	120	656	120	0	1.6605367474152368e-94	0	0	29
D_RETURN	33	bits	0
D_LIST	33	bits_after	6	0	1	1.6605367474152368e-94
D_HSP	33	bits_after	0	0	1	0	120	0	120	656	120	0	1.6605367474152368e-94	257.29915408182774	0	29
D_CALL	34	evalue	41	120	1	0	0	1
D_CONTEXT	34	0	120	108017	29
D_LIST	34	evalue_before	7	0	1	1.6063028059322301e-94
D_HSP	34	evalue_before	0	0	1	0	120	0	120	646	119	0	1.6063028059322301e-94	0	0	29
D_RETURN	34	evalue	0
D_LIST	34	evalue_after	7	0	1	5.572805296350734e-93
D_HSP	34	evalue_after	0	0	1	0	120	0	120	646	119	0	5.572805296350734e-93	0	0	29
D_CALL	35	reap
D_LIST	35	reap_before	7	0	1	5.572805296350734e-93
D_HSP	35	reap_before	0	0	1	0	120	0	120	646	119	0	5.572805296350734e-93	0	0	29
D_RETURN	35	reap	0
D_LIST	35	reap_after	7	0	1	5.572805296350734e-93
D_HSP	35	reap_after	0	0	1	0	120	0	120	646	119	0	5.572805296350734e-93	0	0	29
D_CALL	36	bits	1
D_LIST	36	bits_before	7	0	1	5.572805296350734e-93
D_HSP	36	bits_before	0	0	1	0	120	0	120	646	119	0	5.572805296350734e-93	0	0	29
D_RETURN	36	bits	0
D_LIST	36	bits_after	7	0	1	5.572805296350734e-93
D_HSP	36	bits_after	0	0	1	0	120	0	120	646	119	0	5.572805296350734e-93	253.44715832265422	0	29
D_CALL	37	evalue	41	120	1	0	0	1
D_CONTEXT	37	0	120	108017	29
D_LIST	37	evalue_before	8	0	1	3.7939465874762892e-93
D_HSP	37	evalue_before	0	0	1	0	120	0	120	647	119	0	3.7939465874762892e-93	0	0	29
D_RETURN	37	evalue	0
D_LIST	37	evalue_after	8	0	1	3.9218754039244874e-93
D_HSP	37	evalue_after	0	0	1	0	120	0	120	647	119	0	3.9218754039244874e-93	0	0	29
D_CALL	38	reap
D_LIST	38	reap_before	8	0	1	3.9218754039244874e-93
D_HSP	38	reap_before	0	0	1	0	120	0	120	647	119	0	3.9218754039244874e-93	0	0	29
D_RETURN	38	reap	0
D_LIST	38	reap_after	8	0	1	3.9218754039244874e-93
D_HSP	38	reap_after	0	0	1	0	120	0	120	647	119	0	3.9218754039244874e-93	0	0	29
D_CALL	39	bits	1
D_LIST	39	bits_before	8	0	1	3.9218754039244874e-93
D_HSP	39	bits_before	0	0	1	0	120	0	120	647	119	0	3.9218754039244874e-93	0	0	29
D_RETURN	39	bits	0
D_LIST	39	bits_after	8	0	1	3.9218754039244874e-93
D_HSP	39	bits_after	0	0	1	0	120	0	120	647	119	0	3.9218754039244874e-93	253.83235789857159	0	29
D_CALL	40	evalue	41	120	1	0	0	1
D_CONTEXT	40	0	120	108017	29
D_LIST	40	evalue_before	11	0	1	1.6063028059322301e-94
D_HSP	40	evalue_before	0	0	1	0	120	0	120	656	120	0	1.6063028059322301e-94	0	0	29
D_RETURN	40	evalue	0
D_LIST	40	evalue_after	11	0	1	1.6605367474152368e-94
D_HSP	40	evalue_after	0	0	1	0	120	0	120	656	120	0	1.6605367474152368e-94	0	0	29
D_CALL	41	reap
D_LIST	41	reap_before	11	0	1	1.6605367474152368e-94
D_HSP	41	reap_before	0	0	1	0	120	0	120	656	120	0	1.6605367474152368e-94	0	0	29
D_RETURN	41	reap	0
D_LIST	41	reap_after	11	0	1	1.6605367474152368e-94
D_HSP	41	reap_after	0	0	1	0	120	0	120	656	120	0	1.6605367474152368e-94	0	0	29
D_CALL	42	bits	1
D_LIST	42	bits_before	11	0	1	1.6605367474152368e-94
D_HSP	42	bits_before	0	0	1	0	120	0	120	656	120	0	1.6605367474152368e-94	0	0	29
D_RETURN	42	bits	0
D_LIST	42	bits_after	11	0	1	1.6605367474152368e-94
D_HSP	42	bits_after	0	0	1	0	120	0	120	656	120	0	1.6605367474152368e-94	257.29915408182774	0	29
D_CALL	43	evalue	41	120	1	0	0	1
D_CONTEXT	43	0	120	108017	29
D_LIST	43	evalue_before	12	0	1	1.6063028059322301e-94
D_HSP	43	evalue_before	0	0	1	0	120	0	120	656	120	0	1.6063028059322301e-94	0	0	29
D_RETURN	43	evalue	0
D_LIST	43	evalue_after	12	0	1	1.6605367474152368e-94
D_HSP	43	evalue_after	0	0	1	0	120	0	120	656	120	0	1.6605367474152368e-94	0	0	29
D_CALL	44	reap
D_LIST	44	reap_before	12	0	1	1.6605367474152368e-94
D_HSP	44	reap_before	0	0	1	0	120	0	120	656	120	0	1.6605367474152368e-94	0	0	29
D_RETURN	44	reap	0
D_LIST	44	reap_after	12	0	1	1.6605367474152368e-94
D_HSP	44	reap_after	0	0	1	0	120	0	120	656	120	0	1.6605367474152368e-94	0	0	29
D_CALL	45	bits	1
D_LIST	45	bits_before	12	0	1	1.6605367474152368e-94
D_HSP	45	bits_before	0	0	1	0	120	0	120	656	120	0	1.6605367474152368e-94	0	0	29
D_RETURN	45	bits	0
D_LIST	45	bits_after	12	0	1	1.6605367474152368e-94
D_HSP	45	bits_after	0	0	1	0	120	0	120	656	120	0	1.6605367474152368e-94	257.29915408182774	0	29
