
> losat-web@0.0.0 e2e
> playwright test --reporter=list

[WebServer] (!) Your Vite config uses features that are unsupported by `configLoader: 'native'`, which is planned to become the default in a future major version of Vite:
[WebServer]   - import "./output-format" without a file extension (src/domain/verification.ts:9:35). Add the file extension
[WebServer]   - import "./programs" without a file extension (src/domain/verification.ts:10:32). Add the file extension
[WebServer] Set `VITE_CONFIG_NATIVE_IGNORE_WARNING=true` to suppress this warning.
[WebServer] (!) Your Vite config uses features that are unsupported by `configLoader: 'native'`, which is planned to become the default in a future major version of Vite:
[WebServer]   - import "./output-format" without a file extension (src/domain/verification.ts:9:35). Add the file extension
[WebServer]   - import "./programs" without a file extension (src/domain/verification.ts:10:32). Add the file extension
[WebServer] Set `VITE_CONFIG_NATIVE_IGNORE_WARNING=true` to suppress this warning.

Running 183 tests using 2 workers

  -    1 [chromium] › tests/e2e/browsers.spec.ts:34:3 › BlockStore contract: opfs store in a dedicated worker (without storage full)
  -    2 [chromium] › tests/e2e/browsers.spec.ts:49:1 › run output contract: a writer in its own worker and the real Data worker (without storage full)
  -    3 [chromium] › tests/e2e/browsers.spec.ts:34:3 › BlockStore contract: memory store in a dedicated worker (without storage full)
  -    4 [chromium] › tests/e2e/browsers.spec.ts:59:1 › the application keeps results in OPFS, or in memory with the reason shown
pass [opfs] write and seal: a block reads back exactly the bytes appended to it
pass [opfs] read: any range of a sealed block, and nothing beyond its end
pass [opfs] write: the store keeps a copy, so the caller may reuse its buffer
pass [opfs] staging: a block cannot be read before it is sealed
pass [opfs] seal: a sealed block takes no more bytes and cannot be sealed again
pass [opfs] discard: a staged or sealed block disappears and its bytes are freed
pass [run output] every stream arrives in order and the run commits
pass [opfs] create: a path that exists cannot be created again
pass [opfs] removeAll: removes one directory, sealed or not, and leaves the rest
pass [opfs] paths: empty and relative names are rejected
pass [opfs] an empty block can be sealed and read
pass [run output] many small chunks and one large chunk arrive unchanged
pass [run output] a run without output commits with empty outputs
pass [opfs] a large block: 48 MiB in 1 MiB appends reads back unchanged
pass [opfs] storage full: an append fails with StorageFullError, the block can only be discarded, and sealed blocks stay readable
  ✓    5 [chromium] › tests/e2e/contracts.spec.ts:32:3 › BlockStore contract: opfs store in a dedicated worker (693ms)
pass [run output] staging: a run cannot be read before it is committed, and the commit waits for end
pass [run output] an end whose totals disagree fails the commit and discards the run
pass [run output] a message outside the protocol fails the commit
pass [memory] write and seal: a block reads back exactly the bytes appended to it
pass [memory] read: any range of a sealed block, and nothing beyond its end
pass [memory] write: the store keeps a copy, so the caller may reuse its buffer
pass [memory] staging: a block cannot be read before it is sealed
pass [memory] seal: a sealed block takes no more bytes and cannot be sealed again
pass [memory] discard: a staged or sealed block disappears and its bytes are freed
pass [memory] create: a path that exists cannot be created again
pass [memory] removeAll: removes one directory, sealed or not, and leaves the rest
pass [memory] paths: empty and relative names are rejected
pass [memory] an empty block can be sealed and read
pass [memory] a large block: 48 MiB in 1 MiB appends reads back unchanged
pass [memory] storage full: an append fails with StorageFullError, the block can only be discarded, and sealed blocks stay readable
  ✓    7 [chromium] › tests/e2e/contracts.spec.ts:32:3 › BlockStore contract: memory store in a dedicated worker (396ms)
pass [run output] discard drops a staged run and ignores its late chunks
pass [run output] a committed run is kept by discard and removed by delete
pass [run output] two staged runs keep their outputs apart
pass [run output] the writer refuses to write after end
pass [run output] storage full: the run fails with the reason, and committed runs stay readable
  ✓    6 [chromium] › tests/e2e/contracts.spec.ts:40:1 › run output contract: a writer in its own worker and the real Data worker (OPFS) (1.3s)
pass [record scanner] scan: one record with regular lines (LF)
pass [record scanner] scan: CRLF line ends
pass [record scanner] scan: lines of different lengths
pass [record scanner] scan: several records, the last without a final newline
pass [record scanner] scan: a blank line inside a sequence
pass [record scanner] scan: interior white space belongs to the sequence, trailing white space does not
pass [record scanner] scan: a non-ASCII header
pass [record scanner] scan: residues keep their case
pass [record scanner] scan: a record without residues
pass [record scanner] scan: an empty record ends the input (bio stops reading there)
pass [record scanner] scan: a header line without a newline at the end of the input
pass [record scanner] scan: an empty input has no records
pass [record scanner] scan: a U+FEFF at the start of a header is part of the ID
pass [record scanner] scan: bytes after the empty record that ends the input are not read
pass [record scanner] scan: a long record (4 checkpoints) with lines of 60 and 61 residues
pass [record scanner] scan: a long record with regular 80-residue lines
pass [record scanner] scan: the parser's error for text before the first header
pass [record scanner] scan: the parser's error for a blank line before the first header
pass [record scanner] scan: the parser's error for white space only
pass [record scanner] scan: the parser's error for a first line that is not a header, before bytes that are not UTF-8
pass [record scanner] scan: the parser's error for bytes that are not UTF-8
pass [record scanner] scan: a multi-byte character split across chunks
pass [record scanner] scan: parser kind 1 is refused until SX
  ✓    8 [chromium] › tests/e2e/engine.spec.ts:97:1 › record scanner contract: the serial reactor (388ms)
multi.blastn n=1: subject registered
multi.megablast n=1: subject retained
iupac.beyond_table.blastn n=1: subject retained
pass [engine input] register: the run proceeds when the record tables agree
rna.megablast n=1: subject retained
multi.mts3.blastn n=1: subject retained
multi.ws7_e1000.blastn n=4: subject registered
multi.besthit.blastn n=4: subject retained
tblastx.multi n=1: subject registered
tblastx.batch n=1: subject retained
pass [engine input] register: a query record with another ID stops the run before any output
tblastx.mts1 n=4: subject registered
tblastx.thrwin n=4: subject retained
pass [engine input] register: a subject record with another length stops the run before any output
pass [engine input] register: a missing record stops the run before any output
  ✓   10 [chromium] › tests/e2e/engine.spec.ts:105:3 › engine input contract: the real EngineGateway at 1 thread(s) (1.1s)
pass [engine input] register: the run proceeds when the record tables agree
  ✓    9 [chromium] › tests/e2e/engine.spec.ts:174:1 › R1: searches of one subject with other queries and options reuse it and give the expected bytes (1.6s)
pass [engine input] register: a query record with another ID stops the run before any output
pass [engine input] register: a subject record with another length stops the run before any output
pass [engine input] register: a missing record stops the run before any output
  ✓   11 [chromium] › tests/e2e/engine.spec.ts:105:3 › engine input contract: the real EngineGateway at 4 thread(s) (1.1s)
pass [run output, Engine worker] every stream arrives in order and the run commits
pass [run output, Engine worker] many small chunks and one large chunk arrive unchanged
pass [run output, Engine worker] a run without output commits with empty outputs
pass [run output, Engine worker] staging: a run cannot be read before it is committed, and the commit waits for end
pass [run output, Engine worker] an end whose totals disagree fails the commit and discards the run
pass [run output, Engine worker] a message outside the protocol fails the commit
pass [run output, Engine worker] discard drops a staged run and ignores its late chunks
pass [run output, Engine worker] a committed run is kept by discard and removed by delete
pass [run output, Engine worker] two staged runs keep their outputs apart
pass [run output, Engine worker] the writer refuses to write after end
FAIL [run output, Engine worker] storage full: the run fails with the reason, and committed runs stay readable: ContractError: commit: expected a rejection matching /StorageFullError: Not enough temporary storage/, but it resolved
  ✓   13 [chromium] › tests/e2e/engine.spec.ts:132:1 › run output contract: the writer in the Engine worker, the real Data worker (without storage full) (1.1s)
completed compact.blastn n=1 n=1 157 ms
completed compact.blastn n=2 n=2 40 ms
completed compact.blastn n=4 n=4 24 ms
completed multi.blastn n=1 n=1 20 ms
completed multi.blastn n=2 n=2 27 ms
completed multi.blastn n=4 n=4 27 ms
completed mask.lcase.megablast n=1 n=1 19 ms
completed mask.lcase.megablast n=2 n=2 22 ms
completed mask.lcase.megablast n=4 n=4 22 ms
completed width.blastp n=1 n=1 29 ms
completed width.blastp n=2 n=2 33 ms
completed width.blastp n=4 n=4 26 ms
completed width.tblastn n=1 n=1 23 ms
completed width.tblastn n=2 n=2 26 ms
completed width.tblastn n=4 n=4 25 ms
completed tblastx.multi n=1 n=1 92 ms
completed tblastx.multi n=2 n=2 95 ms
completed tblastx.multi n=4 n=4 69 ms
completed tblastn.code4 n=1 n=1 19 ms
completed tblastn.code4 n=2 n=2 25 ms
completed tblastn.code4 n=4 n=4 25 ms
completed tblastn.batches n=1 n=1 740 ms
completed tblastn.batches n=2 n=2 635 ms
completed tblastn.query_batches n=2 n=2 4189 ms
completed tblastn.batches n=4 n=4 648 ms
completed tblastx.threaded-direct n=1 n=1 34 ms
completed tblastx.threaded-direct n=2 n=2 39 ms
completed tblastx.threaded-direct n=4 n=4 39 ms
  ✓   14 [chromium] › tests/e2e/engine.spec.ts:141:1 › V-BR: searches through the application give the expected bytes at 1, 2 and 4 threads (5.2s)
  -   15 [chromium] › tests/e2e/measure.spec.ts:207:1 › dw8: the share of a warm search that subject-only preprocessing can take
  -   16 [chromium] › tests/e2e/measure.spec.ts:238:1 › memory: the linear memory of one instance over repeated searches
  -   17 [chromium] › tests/e2e/measure.spec.ts:272:1 › auto: the search phase at 1, 2 and 4 threads by input size
  -   18 [chromium] › tests/e2e/measure.spec.ts:298:1 › cancel: the time to cancel and to prepare the next search in a new runtime
  -   19 [chromium] › tests/e2e/results-measure.spec.ts:505:3 › 10,000 queries: opening the run, the query picker, finding and sorting
  -   20 [chromium] › tests/e2e/results-measure.spec.ts:505:3 › 100,000 queries: opening the run, the query picker, finding and sorting
  -   21 [chromium] › tests/e2e/results-measure.spec.ts:727:1 › many HSPs in one query-subject pair: the dot plot and the HSP list
  ✓   22 [chromium] › tests/e2e/results.spec.ts:290:3 › BLASTN: the lists are the outfmt 6 rows, the detail is outfmt 0's text; units, frames and run details (1.9s)
  ✓   23 [chromium] › tests/e2e/results.spec.ts:290:3 › BLASTP: the lists are the outfmt 6 rows, the detail is outfmt 0's text; units, frames and run details (3.5s)
  ✓   24 [chromium] › tests/e2e/results.spec.ts:290:3 › TBLASTN: the lists are the outfmt 6 rows, the detail is outfmt 0's text; units, frames and run details (2.7s)
completed tblastn.query_batches n=4 n=4 3944 ms
  ✓   12 [chromium] › tests/e2e/engine.spec.ts:216:1 › a search that builds one thread pool after another runs threaded from a new runtime (17.3s)
cancel n=1: cancelled in 3 ms; next search prepared in 20 ms
  ✓   25 [chromium] › tests/e2e/results.spec.ts:290:3 › TBLASTX: the lists are the outfmt 6 rows, the detail is outfmt 0's text; units, frames and run details (3.1s)
cancel n=4: cancelled in 3 ms; next search prepared in 43 ms
  ✓   26 [chromium] › tests/e2e/engine.spec.ts:241:1 › a cancelled search ends its runtime; the next search runs in a new one with the expected bytes (1.2s)
renewed 0 n=1: subject registered
renewed 1 n=1: subject retained
renewed 2 n=4: subject registered
renewed 3 n=4: subject retained
renewed 0 n=1: subject registered
renewed 1 n=1: subject registered
renewed 2 n=4: subject registered
renewed 3 n=4: subject registered
  ✓   28 [chromium] › tests/e2e/engine.spec.ts:270:1 › a runtime renewed after every search gives the same bytes and registers the subject again (732ms)
completed compact.blastn n=4 n=4 165 ms
  ✓   29 [chromium] › tests/e2e/engine.spec.ts:293:1 › without cross-origin isolation, a threaded search runs on the serial module with the reason (251ms)
  ✓   27 [chromium] › tests/e2e/results.spec.ts:474:1 › an HSP that outfmt 0 does not show, and a hit list that may have reached its limit (1.5s)
  ✓   30 [chromium] › tests/e2e/results.spec.ts:545:1 › BLASTN: an HSP of one letter has no orientation in its record; the note points to outfmt 0's Strand= line (2.4s)
  ✓   31 [chromium] › tests/e2e/results.spec.ts:588:1 › selection by HSP identity: sorting keeps the selected HSP; another subject or query moves it (3.7s)
  ✓   33 [chromium] › tests/e2e/results.spec.ts:783:1 › the dot plot: the HSPs of the pair on a canvas; zoom; choosing an HSP on it or in the list (2.2s)
  ✓   34 [chromium] › tests/e2e/results.spec.ts:883:1 › narrow screens: the results are no wider than the screen; "Open results" shows them; the tables show the key values first (990ms)
  -   35 [chromium] › tests/e2e/screens.spec.ts:39:3 › search screen at the desktop size
  -   36 [chromium] › tests/e2e/screens.spec.ts:39:3 › search screen at the phone size
  -   37 [chromium] › tests/e2e/screens.spec.ts:185:3 › results screen at the desktop size
  -   38 [chromium] › tests/e2e/screens.spec.ts:185:3 › results screen at the phone size
  -   39 [chromium] › tests/e2e/search-measure.spec.ts:90:1 › index, check, exclusion and queueing of many records
  ✓   40 [chromium] › tests/e2e/search.spec.ts:30:1 › a file is summarized with its records, not put in the paste box; files can also be dropped (247ms)
  ✓   32 [chromium] › tests/e2e/results.spec.ts:651:1 › many queries; view filters change the view, not the search; the notices tell filtered out, no hits and a failed run apart (5.4s)
  ✓   42 [chromium] › tests/e2e/search.spec.ts:94:1 › the same subject, another query: the engine keeps the subject (R1) (2.6s)
  ✓   41 [chromium] › tests/e2e/search.spec.ts:58:1 › records: duplicate IDs by number, the engine refuses a record, exclusion, and a run after exclusion (4.2s)
  ✓   43 [chromium] › tests/e2e/search.spec.ts:112:1 › several runs in the queue; the next job is edited while one runs; separate searches as a group (2.1s)
  ✓   44 [chromium] › tests/e2e/search.spec.ts:170:1 › cancel a running search; the next one runs (1.7s)
  ✓   45 [chromium] › tests/e2e/search.spec.ts:186:1 › the region of a role with one record: the drag, the fields, the limits and the argv (3.3s)
  ✓   46 [chromium] › tests/e2e/search.spec.ts:239:1 › the options form: the engine's defaults are not written; tasks, templates and genetic codes (4.0s)
  ✓   47 [chromium] › tests/e2e/search.spec.ts:281:1 › the engine's refusals of option values are shown as the engine writes them, and nothing is queued (4.3s)
  ✓   48 [chromium] › tests/e2e/search.spec.ts:307:1 › empty inputs, every record excluded, a sequence without a defline, and BLASTX (2.8s)
  ✓   49 [chromium] › tests/e2e/search.spec.ts:331:1 › the sequence kind warning is an estimate and does not change the program (970ms)
  ✓   51 [chromium] › tests/e2e/search.spec.ts:401:1 › narrow screens put the inputs and the queue one under the other, without horizontal scrolling (589ms)
  ✓   52 [chromium] › tests/e2e/smoke.spec.ts:4:1 › the page is cross-origin isolated, so the threaded engine can use shared memory (109ms)
  ✓   50 [chromium] › tests/e2e/search.spec.ts:343:3 › leaving and returning › the wake lock is held during a search; the page warns before it is left; the state is checked on return (2.0s)
  ✓   54 [chromium] › tests/e2e/smoke.spec.ts:42:1 › a BLASTN query of white space only is refused with the index scan error, before it is queued (243ms)
  ✓   53 [chromium] › tests/e2e/smoke.spec.ts:10:1 › paste, queue, run, view and export with the engine (807ms)
  ✓   55 [chromium] › tests/e2e/storage.spec.ts:24:1 › a tab keeps its outputs in OPFS under tmp/<session>/runs/<run>/, named by tokens only (731ms)
  ✓   56 [chromium] › tests/e2e/storage.spec.ts:47:3 › the next tab removes the data of a tab that is killed, and keeps its own (1.7s)
  ✓   57 [chromium] › tests/e2e/storage.spec.ts:47:3 › the next tab removes the data of a tab that is closed, and keeps its own (1.6s)
  ✓   59 [chromium] › tests/e2e/storage.spec.ts:107:1 › two tabs that start at the same time remove an abandoned session once and keep each other (1.2s)
  ✓   58 [chromium] › tests/e2e/storage.spec.ts:80:1 › two open tabs, started one after the other, never remove each other's data (2.3s)
  ✓   60 [chromium] › tests/e2e/storage.spec.ts:128:1 › a stopped (frozen) tab keeps its data while another tab starts (1.2s)
  ✓   61 [chromium] › tests/e2e/storage.spec.ts:147:1 › a run that runs out of storage fails with the reason; earlier results stay and later runs work (1.4s)
pass [opfs] write and seal: a block reads back exactly the bytes appended to it
pass [opfs] read: any range of a sealed block, and nothing beyond its end
pass [opfs] write: the store keeps a copy, so the caller may reuse its buffer
pass [opfs] staging: a block cannot be read before it is sealed
pass [opfs] seal: a sealed block takes no more bytes and cannot be sealed again
pass [opfs] discard: a staged or sealed block disappears and its bytes are freed
pass [opfs] create: a path that exists cannot be created again
pass [opfs] removeAll: removes one directory, sealed or not, and leaves the rest
pass [opfs] paths: empty and relative names are rejected
pass [opfs] an empty block can be sealed and read
pass [run output] every stream arrives in order and the run commits
pass [opfs] a large block: 48 MiB in 1 MiB appends reads back unchanged
FAIL [opfs] storage full: an append fails with StorageFullError, the block can only be discarded, and sealed blocks stay readable: ContractError: an append beyond the storage: expected an error matching /StorageFullError/, but nothing was thrown
  ✓   62 [firefox] › tests/e2e/browsers.spec.ts:34:3 › BlockStore contract: opfs store in a dedicated worker (without storage full) (2.1s)
pass [run output] many small chunks and one large chunk arrive unchanged
pass [run output] a run without output commits with empty outputs
pass [memory] write and seal: a block reads back exactly the bytes appended to it
pass [memory] read: any range of a sealed block, and nothing beyond its end
pass [memory] write: the store keeps a copy, so the caller may reuse its buffer
pass [memory] staging: a block cannot be read before it is sealed
pass [memory] seal: a sealed block takes no more bytes and cannot be sealed again
pass [memory] discard: a staged or sealed block disappears and its bytes are freed
pass [memory] create: a path that exists cannot be created again
pass [memory] removeAll: removes one directory, sealed or not, and leaves the rest
pass [memory] paths: empty and relative names are rejected
pass [memory] an empty block can be sealed and read
pass [memory] a large block: 48 MiB in 1 MiB appends reads back unchanged
pass [memory] storage full: an append fails with StorageFullError, the block can only be discarded, and sealed blocks stay readable
  ✓   64 [firefox] › tests/e2e/browsers.spec.ts:34:3 › BlockStore contract: memory store in a dedicated worker (without storage full) (359ms)
  -   65 [firefox] › tests/e2e/contracts.spec.ts:32:3 › BlockStore contract: opfs store in a dedicated worker
  -   66 [firefox] › tests/e2e/contracts.spec.ts:32:3 › BlockStore contract: memory store in a dedicated worker
  -   67 [firefox] › tests/e2e/contracts.spec.ts:40:1 › run output contract: a writer in its own worker and the real Data worker (OPFS)
pass [run output] staging: a run cannot be read before it is committed, and the commit waits for end
pass [run output] an end whose totals disagree fails the commit and discards the run
pass [record scanner] scan: one record with regular lines (LF)
pass [record scanner] scan: CRLF line ends
pass [record scanner] scan: lines of different lengths
pass [record scanner] scan: several records, the last without a final newline
pass [record scanner] scan: a blank line inside a sequence
pass [record scanner] scan: interior white space belongs to the sequence, trailing white space does not
pass [record scanner] scan: a non-ASCII header
pass [record scanner] scan: residues keep their case
pass [record scanner] scan: a record without residues
pass [record scanner] scan: an empty record ends the input (bio stops reading there)
pass [record scanner] scan: a header line without a newline at the end of the input
pass [record scanner] scan: an empty input has no records
pass [record scanner] scan: a U+FEFF at the start of a header is part of the ID
pass [record scanner] scan: bytes after the empty record that ends the input are not read
pass [run output] a message outside the protocol fails the commit
pass [run output] discard drops a staged run and ignores its late chunks
pass [run output] a committed run is kept by discard and removed by delete
pass [run output] two staged runs keep their outputs apart
pass [run output] the writer refuses to write after end
pass [record scanner] scan: a long record (4 checkpoints) with lines of 60 and 61 residues
FAIL [run output] storage full: the run fails with the reason, and committed runs stay readable: ContractError: commit: expected a rejection matching /StorageFullError: Not enough temporary storage/, but it resolved
run output contract on the opfs store
  ✓   63 [firefox] › tests/e2e/browsers.spec.ts:49:1 › run output contract: a writer in its own worker and the real Data worker (without storage full) (3.6s)
  ✓   69 [firefox] › tests/e2e/browsers.spec.ts:59:1 › the application keeps results in OPFS, or in memory with the reason shown (481ms)
pass [record scanner] scan: a long record with regular 80-residue lines
pass [record scanner] scan: the parser's error for text before the first header
pass [record scanner] scan: the parser's error for a blank line before the first header
pass [record scanner] scan: the parser's error for white space only
pass [record scanner] scan: the parser's error for a first line that is not a header, before bytes that are not UTF-8
pass [record scanner] scan: the parser's error for bytes that are not UTF-8
pass [record scanner] scan: a multi-byte character split across chunks
pass [record scanner] scan: parser kind 1 is refused until SX
  ✓   68 [firefox] › tests/e2e/engine.spec.ts:97:1 › record scanner contract: the serial reactor (2.6s)
pass [engine input] register: the run proceeds when the record tables agree
multi.blastn n=1: subject registered
multi.megablast n=1: subject retained
pass [engine input] register: a query record with another ID stops the run before any output
iupac.beyond_table.blastn n=1: subject retained
rna.megablast n=1: subject retained
pass [engine input] register: a subject record with another length stops the run before any output
multi.mts3.blastn n=1: subject retained
multi.ws7_e1000.blastn n=4: subject registered
pass [engine input] register: a missing record stops the run before any output
  ✓   71 [firefox] › tests/e2e/engine.spec.ts:105:3 › engine input contract: the real EngineGateway at 1 thread(s) (1.2s)
multi.besthit.blastn n=4: subject retained
pass [engine input] register: the run proceeds when the record tables agree
tblastx.multi n=1: subject registered
pass [engine input] register: a query record with another ID stops the run before any output
pass [engine input] register: a subject record with another length stops the run before any output
tblastx.batch n=1: subject retained
pass [engine input] register: a missing record stops the run before any output
  ✓   72 [firefox] › tests/e2e/engine.spec.ts:105:3 › engine input contract: the real EngineGateway at 4 thread(s) (1.2s)
tblastx.mts1 n=4: subject registered
pass [run output, Engine worker] every stream arrives in order and the run commits
tblastx.thrwin n=4: subject retained
pass [run output, Engine worker] many small chunks and one large chunk arrive unchanged
pass [run output, Engine worker] a run without output commits with empty outputs
pass [run output, Engine worker] staging: a run cannot be read before it is committed, and the commit waits for end
pass [run output, Engine worker] an end whose totals disagree fails the commit and discards the run
  ✓   70 [firefox] › tests/e2e/engine.spec.ts:174:1 › R1: searches of one subject with other queries and options reuse it and give the expected bytes (4.1s)
pass [run output, Engine worker] a message outside the protocol fails the commit
pass [run output, Engine worker] discard drops a staged run and ignores its late chunks
pass [run output, Engine worker] a committed run is kept by discard and removed by delete
pass [run output, Engine worker] two staged runs keep their outputs apart
pass [run output, Engine worker] the writer refuses to write after end
FAIL [run output, Engine worker] storage full: the run fails with the reason, and committed runs stay readable: ContractError: commit: expected a rejection matching /StorageFullError: Not enough temporary storage/, but it resolved
  ✓   73 [firefox] › tests/e2e/engine.spec.ts:132:1 › run output contract: the writer in the Engine worker, the real Data worker (without storage full) (2.8s)
completed compact.blastn n=1 n=1 355 ms
completed compact.blastn n=2 n=2 140 ms
completed compact.blastn n=4 n=4 137 ms
completed multi.blastn n=1 n=1 143 ms
completed multi.blastn n=2 n=2 142 ms
completed multi.blastn n=4 n=4 153 ms
completed mask.lcase.megablast n=1 n=1 136 ms
completed mask.lcase.megablast n=2 n=2 137 ms
completed mask.lcase.megablast n=4 n=4 137 ms
completed width.blastp n=1 n=1 151 ms
completed width.blastp n=2 n=2 154 ms
completed width.blastp n=4 n=4 209 ms
completed width.tblastn n=1 n=1 177 ms
completed width.tblastn n=2 n=2 181 ms
completed width.tblastn n=4 n=4 181 ms
completed tblastx.multi n=1 n=1 442 ms
completed tblastx.multi n=2 n=2 403 ms
completed tblastx.multi n=4 n=4 344 ms
completed tblastn.code4 n=1 n=1 164 ms
completed tblastn.code4 n=2 n=2 155 ms
completed tblastn.code4 n=4 n=4 158 ms
completed tblastn.batches n=1 n=1 4301 ms
completed tblastn.batches n=2 n=2 3657 ms
completed tblastn.batches n=4 n=4 3442 ms
completed tblastx.threaded-direct n=1 n=1 303 ms
completed tblastx.threaded-direct n=2 n=2 296 ms
completed tblastx.threaded-direct n=4 n=4 271 ms
  ✓   75 [firefox] › tests/e2e/engine.spec.ts:141:1 › V-BR: searches through the application give the expected bytes at 1, 2 and 4 threads (19.2s)
  -   76 [firefox] › tests/e2e/measure.spec.ts:207:1 › dw8: the share of a warm search that subject-only preprocessing can take
  -   77 [firefox] › tests/e2e/measure.spec.ts:238:1 › memory: the linear memory of one instance over repeated searches
  -   78 [firefox] › tests/e2e/measure.spec.ts:272:1 › auto: the search phase at 1, 2 and 4 threads by input size
  -   79 [firefox] › tests/e2e/measure.spec.ts:298:1 › cancel: the time to cancel and to prepare the next search in a new runtime
  -   80 [firefox] › tests/e2e/results-measure.spec.ts:505:3 › 10,000 queries: opening the run, the query picker, finding and sorting
  -   81 [firefox] › tests/e2e/results-measure.spec.ts:505:3 › 100,000 queries: opening the run, the query picker, finding and sorting
  -   82 [firefox] › tests/e2e/results-measure.spec.ts:727:1 › many HSPs in one query-subject pair: the dot plot and the HSP list
  ✓   83 [firefox] › tests/e2e/results.spec.ts:290:3 › BLASTN: the lists are the outfmt 6 rows, the detail is outfmt 0's text; units, frames and run details (3.9s)
completed tblastn.query_batches n=2 n=2 26133 ms
  ✓   84 [firefox] › tests/e2e/results.spec.ts:290:3 › BLASTP: the lists are the outfmt 6 rows, the detail is outfmt 0's text; units, frames and run details (5.9s)
  ✓   85 [firefox] › tests/e2e/results.spec.ts:290:3 › TBLASTN: the lists are the outfmt 6 rows, the detail is outfmt 0's text; units, frames and run details (4.4s)
  ✓   86 [firefox] › tests/e2e/results.spec.ts:290:3 › TBLASTX: the lists are the outfmt 6 rows, the detail is outfmt 0's text; units, frames and run details (4.4s)
  ✓   87 [firefox] › tests/e2e/results.spec.ts:474:1 › an HSP that outfmt 0 does not show, and a hit list that may have reached its limit (2.6s)
  ✓   88 [firefox] › tests/e2e/results.spec.ts:545:1 › BLASTN: an HSP of one letter has no orientation in its record; the note points to outfmt 0's Strand= line (2.6s)
  ✓   89 [firefox] › tests/e2e/results.spec.ts:588:1 › selection by HSP identity: sorting keeps the selected HSP; another subject or query moves it (3.9s)
  ✓   90 [firefox] › tests/e2e/results.spec.ts:651:1 › many queries; view filters change the view, not the search; the notices tell filtered out, no hits and a failed run apart (5.6s)
  ✓   91 [firefox] › tests/e2e/results.spec.ts:783:1 › the dot plot: the HSPs of the pair on a canvas; zoom; choosing an HSP on it or in the list (3.1s)
  ✓   92 [firefox] › tests/e2e/results.spec.ts:883:1 › narrow screens: the results are no wider than the screen; "Open results" shows them; the tables show the key values first (2.1s)
  -   93 [firefox] › tests/e2e/screens.spec.ts:39:3 › search screen at the desktop size
  -   94 [firefox] › tests/e2e/screens.spec.ts:39:3 › search screen at the phone size
  -   95 [firefox] › tests/e2e/screens.spec.ts:185:3 › results screen at the desktop size
  -   96 [firefox] › tests/e2e/screens.spec.ts:185:3 › results screen at the phone size
  -   97 [firefox] › tests/e2e/search-measure.spec.ts:90:1 › index, check, exclusion and queueing of many records
  ✓   98 [firefox] › tests/e2e/search.spec.ts:30:1 › a file is summarized with its records, not put in the paste box; files can also be dropped (604ms)
completed tblastn.query_batches n=4 n=4 24274 ms
  ✓   74 [firefox] › tests/e2e/engine.spec.ts:216:1 › a search that builds one thread pool after another runs threaded from a new runtime (60.0s)
cancel n=1: cancelled in 63 ms; next search prepared in 96 ms
cancel n=4: cancelled in 62 ms; next search prepared in 112 ms
  ✓  100 [firefox] › tests/e2e/engine.spec.ts:241:1 › a cancelled search ends its runtime; the next search runs in a new one with the expected bytes (2.1s)
renewed 0 n=1: subject registered
renewed 1 n=1: subject retained
renewed 2 n=4: subject registered
renewed 3 n=4: subject retained
renewed 0 n=1: subject registered
renewed 1 n=1: subject registered
renewed 2 n=4: subject registered
renewed 3 n=4: subject registered
  ✓  101 [firefox] › tests/e2e/engine.spec.ts:270:1 › a runtime renewed after every search gives the same bytes and registers the subject again (2.1s)
  ✓   99 [firefox] › tests/e2e/search.spec.ts:58:1 › records: duplicate IDs by number, the engine refuses a record, exclusion, and a run after exclusion (4.4s)
completed compact.blastn n=4 n=4 460 ms
  ✓  102 [firefox] › tests/e2e/engine.spec.ts:293:1 › without cross-origin isolation, a threaded search runs on the serial module with the reason (650ms)
  ✓  104 [firefox] › tests/e2e/search.spec.ts:112:1 › several runs in the queue; the next job is edited while one runs; separate searches as a group (3.4s)
  ✓  103 [firefox] › tests/e2e/search.spec.ts:94:1 › the same subject, another query: the engine keeps the subject (R1) (4.0s)
  ✓  105 [firefox] › tests/e2e/search.spec.ts:170:1 › cancel a running search; the next one runs (2.4s)
  ✓  106 [firefox] › tests/e2e/search.spec.ts:186:1 › the region of a role with one record: the drag, the fields, the limits and the argv (3.2s)
  ✓  107 [firefox] › tests/e2e/search.spec.ts:239:1 › the options form: the engine's defaults are not written; tasks, templates and genetic codes (5.0s)
  ✓  108 [firefox] › tests/e2e/search.spec.ts:281:1 › the engine's refusals of option values are shown as the engine writes them, and nothing is queued (4.5s)
  ✓  110 [firefox] › tests/e2e/search.spec.ts:331:1 › the sequence kind warning is an estimate and does not change the program (1.1s)
  ✓  109 [firefox] › tests/e2e/search.spec.ts:307:1 › empty inputs, every record excluded, a sequence without a defline, and BLASTX (3.3s)
  ✓  111 [firefox] › tests/e2e/search.spec.ts:343:3 › leaving and returning › the wake lock is held during a search; the page warns before it is left; the state is checked on return (2.5s)
  ✓  113 [firefox] › tests/e2e/smoke.spec.ts:4:1 › the page is cross-origin isolated, so the threaded engine can use shared memory (215ms)
  ✓  112 [firefox] › tests/e2e/search.spec.ts:401:1 › narrow screens put the inputs and the queue one under the other, without horizontal scrolling (1.2s)
  ✓  115 [firefox] › tests/e2e/smoke.spec.ts:42:1 › a BLASTN query of white space only is refused with the index scan error, before it is queued (559ms)
  -  116 [firefox] › tests/e2e/storage.spec.ts:24:1 › a tab keeps its outputs in OPFS under tmp/<session>/runs/<run>/, named by tokens only
  -  117 [firefox] › tests/e2e/storage.spec.ts:47:3 › the next tab removes the data of a tab that is killed, and keeps its own
  -  118 [firefox] › tests/e2e/storage.spec.ts:47:3 › the next tab removes the data of a tab that is closed, and keeps its own
  -  119 [firefox] › tests/e2e/storage.spec.ts:80:1 › two open tabs, started one after the other, never remove each other's data
  -  120 [firefox] › tests/e2e/storage.spec.ts:107:1 › two tabs that start at the same time remove an abandoned session once and keep each other
  -  121 [firefox] › tests/e2e/storage.spec.ts:128:1 › a stopped (frozen) tab keeps its data while another tab starts
  -  122 [firefox] › tests/e2e/storage.spec.ts:147:1 › a run that runs out of storage fails with the reason; earlier results stay and later runs work
  ✓  114 [firefox] › tests/e2e/smoke.spec.ts:10:1 › paste, queue, run, view and export with the engine (1.5s)
  -  123 [webkit] › tests/e2e/browsers.spec.ts:34:3 › BlockStore contract: opfs store in a dedicated worker (without storage full)
pass [memory] write and seal: a block reads back exactly the bytes appended to it
pass [memory] read: any range of a sealed block, and nothing beyond its end
pass [memory] write: the store keeps a copy, so the caller may reuse its buffer
pass [memory] staging: a block cannot be read before it is sealed
pass [memory] seal: a sealed block takes no more bytes and cannot be sealed again
pass [memory] discard: a staged or sealed block disappears and its bytes are freed
pass [memory] create: a path that exists cannot be created again
pass [memory] removeAll: removes one directory, sealed or not, and leaves the rest
pass [memory] paths: empty and relative names are rejected
pass [memory] an empty block can be sealed and read
pass [memory] a large block: 48 MiB in 1 MiB appends reads back unchanged
pass [memory] storage full: an append fails with StorageFullError, the block can only be discarded, and sealed blocks stay readable
  ✓  124 [webkit] › tests/e2e/browsers.spec.ts:34:3 › BlockStore contract: memory store in a dedicated worker (without storage full) (521ms)
  -  126 [webkit] › tests/e2e/contracts.spec.ts:32:3 › BlockStore contract: opfs store in a dedicated worker
  -  127 [webkit] › tests/e2e/contracts.spec.ts:32:3 › BlockStore contract: memory store in a dedicated worker
  -  128 [webkit] › tests/e2e/contracts.spec.ts:40:1 › run output contract: a writer in its own worker and the real Data worker (OPFS)
pass [run output] every stream arrives in order and the run commits
pass [run output] many small chunks and one large chunk arrive unchanged
pass [run output] a run without output commits with empty outputs
pass [record scanner] scan: one record with regular lines (LF)
pass [record scanner] scan: CRLF line ends
pass [record scanner] scan: lines of different lengths
pass [record scanner] scan: several records, the last without a final newline
pass [record scanner] scan: a blank line inside a sequence
pass [record scanner] scan: interior white space belongs to the sequence, trailing white space does not
pass [record scanner] scan: a non-ASCII header
pass [record scanner] scan: residues keep their case
pass [record scanner] scan: a record without residues
pass [record scanner] scan: an empty record ends the input (bio stops reading there)
pass [record scanner] scan: a header line without a newline at the end of the input
pass [record scanner] scan: an empty input has no records
pass [record scanner] scan: a U+FEFF at the start of a header is part of the ID
pass [record scanner] scan: bytes after the empty record that ends the input are not read
pass [run output] staging: a run cannot be read before it is committed, and the commit waits for end
pass [run output] an end whose totals disagree fails the commit and discards the run
pass [run output] a message outside the protocol fails the commit
pass [record scanner] scan: a long record (4 checkpoints) with lines of 60 and 61 residues
pass [record scanner] scan: a long record with regular 80-residue lines
pass [record scanner] scan: the parser's error for text before the first header
pass [record scanner] scan: the parser's error for a blank line before the first header
pass [record scanner] scan: the parser's error for white space only
pass [record scanner] scan: the parser's error for a first line that is not a header, before bytes that are not UTF-8
pass [record scanner] scan: the parser's error for bytes that are not UTF-8
pass [record scanner] scan: a multi-byte character split across chunks
pass [record scanner] scan: parser kind 1 is refused until SX
  ✓  129 [webkit] › tests/e2e/engine.spec.ts:97:1 › record scanner contract: the serial reactor (618ms)
pass [run output] discard drops a staged run and ignores its late chunks
pass [run output] a committed run is kept by discard and removed by delete
pass [run output] two staged runs keep their outputs apart
pass [run output] the writer refuses to write after end
FAIL [run output] storage full: the run fails with the reason, and committed runs stay readable: ContractError: commit: expected a rejection matching /StorageFullError: Not enough temporary storage/, but it resolved
run output contract on the memory store
  ✓  125 [webkit] › tests/e2e/browsers.spec.ts:49:1 › run output contract: a writer in its own worker and the real Data worker (without storage full) (1.1s)
pass [engine input] register: the run proceeds when the record tables agree
  ✓  131 [webkit] › tests/e2e/browsers.spec.ts:59:1 › the application keeps results in OPFS, or in memory with the reason shown (523ms)
pass [engine input] register: a query record with another ID stops the run before any output
pass [engine input] register: a subject record with another length stops the run before any output
pass [engine input] register: a missing record stops the run before any output
  ✓  130 [webkit] › tests/e2e/engine.spec.ts:105:3 › engine input contract: the real EngineGateway at 1 thread(s) (1.4s)
multi.blastn n=1: subject registered
multi.megablast n=1: subject retained
iupac.beyond_table.blastn n=1: subject retained
rna.megablast n=1: subject retained
multi.mts3.blastn n=1: subject retained
multi.ws7_e1000.blastn n=4: subject registered
multi.besthit.blastn n=4: subject retained
pass [engine input] register: the run proceeds when the record tables agree
tblastx.multi n=1: subject registered
tblastx.batch n=1: subject retained
tblastx.mts1 n=4: subject registered
tblastx.thrwin n=4: subject retained
pass [engine input] register: a query record with another ID stops the run before any output
pass [engine input] register: a subject record with another length stops the run before any output
pass [engine input] register: a missing record stops the run before any output
  ✓  133 [webkit] › tests/e2e/engine.spec.ts:105:3 › engine input contract: the real EngineGateway at 4 thread(s) (1.4s)
  ✓  132 [webkit] › tests/e2e/engine.spec.ts:174:1 › R1: searches of one subject with other queries and options reuse it and give the expected bytes (2.1s)
pass [run output, Engine worker] every stream arrives in order and the run commits
pass [run output, Engine worker] many small chunks and one large chunk arrive unchanged
pass [run output, Engine worker] a run without output commits with empty outputs
pass [run output, Engine worker] staging: a run cannot be read before it is committed, and the commit waits for end
pass [run output, Engine worker] an end whose totals disagree fails the commit and discards the run
pass [run output, Engine worker] a message outside the protocol fails the commit
pass [run output, Engine worker] discard drops a staged run and ignores its late chunks
pass [run output, Engine worker] a committed run is kept by discard and removed by delete
pass [run output, Engine worker] two staged runs keep their outputs apart
pass [run output, Engine worker] the writer refuses to write after end
FAIL [run output, Engine worker] storage full: the run fails with the reason, and committed runs stay readable: ContractError: commit: expected a rejection matching /StorageFullError: Not enough temporary storage/, but it resolved
  ✓  134 [webkit] › tests/e2e/engine.spec.ts:132:1 › run output contract: the writer in the Engine worker, the real Data worker (without storage full) (1.0s)
completed compact.blastn n=1 n=1 166 ms
completed compact.blastn n=2 n=2 32 ms
completed compact.blastn n=4 n=4 63 ms
completed multi.blastn n=1 n=1 24 ms
completed multi.blastn n=2 n=2 40 ms
completed multi.blastn n=4 n=4 71 ms
completed mask.lcase.megablast n=1 n=1 10 ms
completed mask.lcase.megablast n=2 n=2 39 ms
completed mask.lcase.megablast n=4 n=4 36 ms
completed width.blastp n=1 n=1 33 ms
completed width.blastp n=2 n=2 34 ms
completed width.blastp n=4 n=4 19 ms
completed width.tblastn n=1 n=1 14 ms
completed width.tblastn n=2 n=2 23 ms
completed width.tblastn n=4 n=4 22 ms
completed tblastx.multi n=1 n=1 91 ms
completed tblastx.multi n=2 n=2 91 ms
completed tblastx.multi n=4 n=4 66 ms
completed tblastn.code4 n=1 n=1 16 ms
completed tblastn.code4 n=2 n=2 18 ms
completed tblastn.code4 n=4 n=4 16 ms
completed tblastn.batches n=1 n=1 673 ms
completed tblastn.batches n=2 n=2 596 ms
completed tblastn.batches n=4 n=4 606 ms
completed tblastx.threaded-direct n=1 n=1 30 ms
completed tblastx.threaded-direct n=2 n=2 41 ms
completed tblastx.threaded-direct n=4 n=4 50 ms
completed tblastn.query_batches n=2 n=2 4056 ms
  ✓  136 [webkit] › tests/e2e/engine.spec.ts:141:1 › V-BR: searches through the application give the expected bytes at 1, 2 and 4 threads (5.1s)
  -  137 [webkit] › tests/e2e/measure.spec.ts:207:1 › dw8: the share of a warm search that subject-only preprocessing can take
  -  138 [webkit] › tests/e2e/measure.spec.ts:238:1 › memory: the linear memory of one instance over repeated searches
  -  139 [webkit] › tests/e2e/measure.spec.ts:272:1 › auto: the search phase at 1, 2 and 4 threads by input size
  -  140 [webkit] › tests/e2e/measure.spec.ts:298:1 › cancel: the time to cancel and to prepare the next search in a new runtime
  -  141 [webkit] › tests/e2e/results-measure.spec.ts:505:3 › 10,000 queries: opening the run, the query picker, finding and sorting
  -  142 [webkit] › tests/e2e/results-measure.spec.ts:505:3 › 100,000 queries: opening the run, the query picker, finding and sorting
  -  143 [webkit] › tests/e2e/results-measure.spec.ts:727:1 › many HSPs in one query-subject pair: the dot plot and the HSP list
  ✓  144 [webkit] › tests/e2e/results.spec.ts:290:3 › BLASTN: the lists are the outfmt 6 rows, the detail is outfmt 0's text; units, frames and run details (2.8s)
  ✓  145 [webkit] › tests/e2e/results.spec.ts:290:3 › BLASTP: the lists are the outfmt 6 rows, the detail is outfmt 0's text; units, frames and run details (5.1s)
  ✓  146 [webkit] › tests/e2e/results.spec.ts:290:3 › TBLASTN: the lists are the outfmt 6 rows, the detail is outfmt 0's text; units, frames and run details (4.4s)
completed tblastn.query_batches n=4 n=4 4972 ms
  ✓  135 [webkit] › tests/e2e/engine.spec.ts:216:1 › a search that builds one thread pool after another runs threaded from a new runtime (19.3s)
cancel n=1: cancelled in 2 ms; next search prepared in 15 ms
cancel n=4: cancelled in 1 ms; next search prepared in 23 ms
  ✓  148 [webkit] › tests/e2e/engine.spec.ts:241:1 › a cancelled search ends its runtime; the next search runs in a new one with the expected bytes (1.6s)
renewed 0 n=1: subject registered
renewed 1 n=1: subject retained
renewed 2 n=4: subject registered
renewed 3 n=4: subject retained
renewed 0 n=1: subject registered
renewed 1 n=1: subject registered
renewed 2 n=4: subject registered
renewed 3 n=4: subject registered
  ✓  149 [webkit] › tests/e2e/engine.spec.ts:270:1 › a runtime renewed after every search gives the same bytes and registers the subject again (1.2s)
completed compact.blastn n=4 n=4 166 ms
  ✓  147 [webkit] › tests/e2e/results.spec.ts:290:3 › TBLASTX: the lists are the outfmt 6 rows, the detail is outfmt 0's text; units, frames and run details (4.3s)
  ✓  150 [webkit] › tests/e2e/engine.spec.ts:293:1 › without cross-origin isolation, a threaded search runs on the serial module with the reason (365ms)
  ✓  152 [webkit] › tests/e2e/results.spec.ts:545:1 › BLASTN: an HSP of one letter has no orientation in its record; the note points to outfmt 0's Strand= line (2.5s)
  ✓  151 [webkit] › tests/e2e/results.spec.ts:474:1 › an HSP that outfmt 0 does not show, and a hit list that may have reached its limit (3.0s)
  ✓  153 [webkit] › tests/e2e/results.spec.ts:588:1 › selection by HSP identity: sorting keeps the selected HSP; another subject or query moves it (5.4s)
  ✓  154 [webkit] › tests/e2e/results.spec.ts:651:1 › many queries; view filters change the view, not the search; the notices tell filtered out, no hits and a failed run apart (6.6s)
  ✓  156 [webkit] › tests/e2e/results.spec.ts:883:1 › narrow screens: the results are no wider than the screen; "Open results" shows them; the tables show the key values first (1.7s)
  -  157 [webkit] › tests/e2e/screens.spec.ts:39:3 › search screen at the desktop size
  -  158 [webkit] › tests/e2e/screens.spec.ts:39:3 › search screen at the phone size
  -  159 [webkit] › tests/e2e/screens.spec.ts:185:3 › results screen at the desktop size
  -  160 [webkit] › tests/e2e/screens.spec.ts:185:3 › results screen at the phone size
  -  161 [webkit] › tests/e2e/search-measure.spec.ts:90:1 › index, check, exclusion and queueing of many records
  ✓  155 [webkit] › tests/e2e/results.spec.ts:783:1 › the dot plot: the HSPs of the pair on a canvas; zoom; choosing an HSP on it or in the list (3.5s)
  ✓  162 [webkit] › tests/e2e/search.spec.ts:30:1 › a file is summarized with its records, not put in the paste box; files can also be dropped (890ms)
  ✓  164 [webkit] › tests/e2e/search.spec.ts:94:1 › the same subject, another query: the engine keeps the subject (R1) (3.6s)
  ✓  163 [webkit] › tests/e2e/search.spec.ts:58:1 › records: duplicate IDs by number, the engine refuses a record, exclusion, and a run after exclusion (5.0s)
  ✓  166 [webkit] › tests/e2e/search.spec.ts:170:1 › cancel a running search; the next one runs (3.0s)
  ✓  165 [webkit] › tests/e2e/search.spec.ts:112:1 › several runs in the queue; the next job is edited while one runs; separate searches as a group (3.8s)
  ✓  167 [webkit] › tests/e2e/search.spec.ts:186:1 › the region of a role with one record: the drag, the fields, the limits and the argv (4.0s)
  ✓  168 [webkit] › tests/e2e/search.spec.ts:239:1 › the options form: the engine's defaults are not written; tasks, templates and genetic codes (4.3s)
  ✓  170 [webkit] › tests/e2e/search.spec.ts:307:1 › empty inputs, every record excluded, a sequence without a defline, and BLASTX (3.4s)
  ✓  169 [webkit] › tests/e2e/search.spec.ts:281:1 › the engine's refusals of option values are shown as the engine writes them, and nothing is queued (4.7s)
  ✓  171 [webkit] › tests/e2e/search.spec.ts:331:1 › the sequence kind warning is an estimate and does not change the program (1.5s)
  ✓  173 [webkit] › tests/e2e/search.spec.ts:401:1 › narrow screens put the inputs and the queue one under the other, without horizontal scrolling (1.1s)
  ✓  174 [webkit] › tests/e2e/smoke.spec.ts:4:1 › the page is cross-origin isolated, so the threaded engine can use shared memory (497ms)
  ✓  172 [webkit] › tests/e2e/search.spec.ts:343:3 › leaving and returning › the wake lock is held during a search; the page warns before it is left; the state is checked on return (3.0s)
  ✓  175 [webkit] › tests/e2e/smoke.spec.ts:10:1 › paste, queue, run, view and export with the engine (1.5s)
  -  177 [webkit] › tests/e2e/storage.spec.ts:24:1 › a tab keeps its outputs in OPFS under tmp/<session>/runs/<run>/, named by tokens only
  -  178 [webkit] › tests/e2e/storage.spec.ts:47:3 › the next tab removes the data of a tab that is killed, and keeps its own
  -  179 [webkit] › tests/e2e/storage.spec.ts:47:3 › the next tab removes the data of a tab that is closed, and keeps its own
  -  180 [webkit] › tests/e2e/storage.spec.ts:80:1 › two open tabs, started one after the other, never remove each other's data
  -  181 [webkit] › tests/e2e/storage.spec.ts:107:1 › two tabs that start at the same time remove an abandoned session once and keep each other
  -  182 [webkit] › tests/e2e/storage.spec.ts:128:1 › a stopped (frozen) tab keeps its data while another tab starts
  -  183 [webkit] › tests/e2e/storage.spec.ts:147:1 › a run that runs out of storage fails with the reason; earlier results stay and later runs work
  ✓  176 [webkit] › tests/e2e/smoke.spec.ts:42:1 › a BLASTN query of white space only is refused with the index scan error, before it is queued (800ms)

  61 skipped
  122 passed (3.4m)
