D_CALL	0	link	41	30001262	1	40	0.10000000000000001	40	25	0
D_CONTEXT	0	0	120	340011356	86
D_LIST	0	link_before	0	0	2	0
D_HSP	0	link_before	0	0	1	0	120	4998450	4998570	656	0	0	0	0	0	4998479
D_HSP	0	link_before	1	0	1	0	120	10000050	10000170	656	0	0	0	0	0	10000079
D_CALL	1	evalue	41	10000420	1	0	0.10000000000000001	1
D_CONTEXT	1	0	120	340011356	86
D_LIST	1	evalue_before	0	0	2	0
D_HSP	1	evalue_before	0	0	1	0	120	4998450	4998570	656	0	1	0	0	0	4998479
D_HSP	1	evalue_before	1	0	1	0	120	10000050	10000170	656	0	1	0	0	0	10000079
D_RETURN	1	evalue	0
D_LIST	1	evalue_after	0	0	2	1.0430293711721257e-80
D_HSP	1	evalue_after	0	0	1	0	120	4998450	4998570	656	0	1	1.0430293711721257e-80	0	0	4998479
D_HSP	1	evalue_after	1	0	1	0	120	10000050	10000170	656	0	1	1.0430293711721257e-80	0	0	10000079
D_RETURN	0	link	0
D_LIST	0	link_after	0	0	2	1.0430293711721257e-80
D_HSP	0	link_after	0	0	1	0	120	4998450	4998570	656	0	1	1.0430293711721257e-80	0	0	4998479
D_HSP	0	link_after	1	0	1	0	120	10000050	10000170	656	0	1	1.0430293711721257e-80	0	0	10000079
D_CALL	2	redo	41	1	1	1	1
D_LIST	2	redo_before	NULL
D_CALL	3	link	41	30001262	1	40	0.10000000000000001	40	0	0
D_CONTEXT	3	0	120	340011356	86
D_LIST	3	link_before	0	0	2	0
D_HSP	3	link_before	0	0	1	0	120	4998450	4998570	28876	0	0	0	0	2	0
D_HSP	3	link_before	1	0	1	0	120	10000050	10000170	25170	0	0	0	0	2	0
D_CALL	4	evalue	41	10000420	1	0	0.10000000000000001	1
D_CONTEXT	4	0	120	340011356	86
D_LIST	4	evalue_before	0	0	2	0
D_HSP	4	evalue_before	0	0	1	0	120	4998450	4998570	28876	0	1	0	0	2	0
D_HSP	4	evalue_before	1	0	1	0	120	10000050	10000170	25170	0	1	0	0	2	0
D_RETURN	4	evalue	0
D_LIST	4	evalue_after	0	0	2	7.1668338452758289e-114
D_HSP	4	evalue_after	0	0	1	0	120	4998450	4998570	28876	0	1	7.1668338452758289e-114	0	2	0
D_HSP	4	evalue_after	1	0	1	0	120	10000050	10000170	25170	0	1	2.7672963336395097e-98	0	2	0
D_RETURN	3	link	0
D_LIST	3	link_after	0	0	2	7.1668338452758289e-114
D_HSP	3	link_after	0	0	1	0	120	4998450	4998570	28876	0	1	7.1668338452758289e-114	0	2	0
D_HSP	3	link_after	1	0	1	0	120	10000050	10000170	25170	0	1	2.7672963336395097e-98	0	2	0
D_CALL	5	reap
D_LIST	5	reap_before	0	0	2	7.1668338452758289e-114
D_HSP	5	reap_before	0	0	1	0	120	4998450	4998570	28876	0	1	7.1668338452758289e-114	0	2	0
D_HSP	5	reap_before	1	0	1	0	120	10000050	10000170	25170	0	1	2.7672963336395097e-98	0	2	0
D_RETURN	5	reap	0
D_LIST	5	reap_after	0	0	2	7.1668338452758289e-114
D_HSP	5	reap_after	0	0	1	0	120	4998450	4998570	28876	0	1	7.1668338452758289e-114	0	2	0
D_HSP	5	reap_after	1	0	1	0	120	10000050	10000170	25170	0	1	2.7672963336395097e-98	0	2	0
D_RETURN	2	redo	0
D_LIST	2	redo_after	NULL
