D_CALL	0	evalue	41	10000420	1	0	0	1
D_CONTEXT	0	0	120	340011356	86
D_LIST	0	evalue_before	0	0	1	0
D_HSP	0	evalue_before	0	0	1	0	120	10000050	10000170	656	0	0	0	0	0	10000079
D_RETURN	0	evalue	0
D_LIST	0	evalue_after	0	0	1	9.3872643405491315e-81
D_HSP	0	evalue_after	0	0	1	0	120	10000050	10000170	656	0	0	9.3872643405491315e-81	0	0	10000079
D_CALL	1	evalue	41	10000420	1	0	0	1
D_CONTEXT	1	0	120	340011356	86
D_LIST	1	evalue_before	0	0	1	9.3872643405491315e-81
D_HSP	1	evalue_before	0	0	1	0	120	10000050	10000170	656	120	0	9.3872643405491315e-81	0	0	10000079
D_RETURN	1	evalue	0
D_LIST	1	evalue_after	0	0	1	9.3872643405491315e-81
D_HSP	1	evalue_after	0	0	1	0	120	10000050	10000170	656	120	0	9.3872643405491315e-81	0	0	10000079
D_CALL	2	reap
D_LIST	2	reap_before	0	0	1	9.3872643405491315e-81
D_HSP	2	reap_before	0	0	1	0	120	10000050	10000170	656	120	0	9.3872643405491315e-81	0	0	10000079
D_RETURN	2	reap	0
D_LIST	2	reap_after	0	0	1	9.3872643405491315e-81
D_HSP	2	reap_after	0	0	1	0	120	10000050	10000170	656	120	0	9.3872643405491315e-81	0	0	10000079
D_CALL	3	bits	1
D_LIST	3	bits_before	0	0	1	9.3872643405491315e-81
D_HSP	3	bits_before	0	0	1	0	120	10000050	10000170	656	120	0	9.3872643405491315e-81	0	0	10000079
D_RETURN	3	bits	0
D_LIST	3	bits_after	0	0	1	9.3872643405491315e-81
D_HSP	3	bits_after	0	0	1	0	120	10000050	10000170	656	120	0	9.3872643405491315e-81	257.29915408182774	0	10000079
