D_CALL	0	link	41	345	1	40	0.10000000000000001	40	0	0
D_CONTEXT	0	0	120	10914	13
D_LIST	0	link_before	0	0	2	0
D_HSP	0	link_before	0	0	1	0	120	0	115	638	0	0	0	0	0	24
D_HSP	0	link_before	1	0	1	3	100	18	115	571	0	0	0	0	0	24
D_CALL	1	evalue	41	115	1	0	0.10000000000000001	1
D_CONTEXT	1	0	120	10914	13
D_LIST	1	evalue_before	0	0	2	0
D_HSP	1	evalue_before	0	0	1	0	120	0	115	638	0	1	0	0	0	24
D_HSP	1	evalue_before	1	0	1	3	100	18	115	571	0	1	0	0	0	24
D_RETURN	1	evalue	0
D_LIST	1	evalue_after	0	0	2	6.4142403938829097e-93
D_HSP	1	evalue_after	0	0	1	0	120	0	115	638	0	1	6.4142403938829097e-93	0	0	24
D_HSP	1	evalue_after	1	0	1	3	100	18	115	571	0	1	1.0691078565920547e-82	0	0	24
D_RETURN	0	link	0
D_LIST	0	link_after	0	0	2	6.4142403938829097e-93
D_HSP	0	link_after	0	0	1	0	120	0	115	638	0	1	6.4142403938829097e-93	0	0	24
D_HSP	0	link_after	1	0	1	3	100	18	115	571	0	1	1.0691078565920547e-82	0	0	24
D_CALL	2	redo	41	1	1	1	1
D_LIST	2	redo_before	NULL
D_CALL	3	link	41	345	1	40	0.10000000000000001	40	0	0
D_CONTEXT	3	0	120	10914	13
D_LIST	3	link_before	0	0	1	0
D_HSP	3	link_before	0	0	1	0	120	0	115	17966	0	0	0	0	2	0
D_CALL	4	evalue	41	115	1	0	0.10000000000000001	1
D_CONTEXT	4	0	120	10914	13
D_LIST	4	evalue_before	0	0	1	0
D_HSP	4	evalue_before	0	0	1	0	120	0	115	17966	0	1	0	0	2	0
D_RETURN	4	evalue	0
D_LIST	4	evalue_after	0	0	1	3.0737851567444487e-81
D_HSP	4	evalue_after	0	0	1	0	120	0	115	17966	0	1	3.0737851567444487e-81	0	2	0
D_RETURN	3	link	0
D_LIST	3	link_after	0	0	1	3.0737851567444487e-81
D_HSP	3	link_after	0	0	1	0	120	0	115	17966	0	1	3.0737851567444487e-81	0	2	0
D_CALL	5	reap
D_LIST	5	reap_before	0	0	1	3.0737851567444487e-81
D_HSP	5	reap_before	0	0	1	0	120	0	115	17966	0	1	3.0737851567444487e-81	0	2	0
D_RETURN	5	reap	0
D_LIST	5	reap_after	0	0	1	3.0737851567444487e-81
D_HSP	5	reap_after	0	0	1	0	120	0	115	17966	0	1	3.0737851567444487e-81	0	2	0
D_RETURN	2	redo	0
D_LIST	2	redo_after	NULL
