K_TRACE_PRELIM	0	0	638	0	1	0	120	29	0	115	24
K_TRACE_PRELIM	0	1	571	0	1	3	100	9	18	115	24
K_TRACE_ENTER	0	0	41	29	24	120	115	2076	352	32	1	32
K_TRACE_QUERY	0	08040c0a14110e0d0916070112080e0f060d011308040c0a14110e0d0916070112080e0f060d011308040c0a14110e0d0916070112080e0f060d011308040c0a14110e0d0916070112080e0f060d011308040c0a14110e0d0916070112080e0f060d011308040c0a14110e0d0916070112080e0f060d0113
K_TRACE_SUBJECT	0	08040c0a14110e0d091607011208160501050a14110e0d0916070112080e0f060d011308040c0a14110e0d0916070112080e0f060d011308040c0a14110e0d0916070112080e0f060d011308040c0a14110e0d0916070112080e0f060d011308040c0a14110e0d0916070112080e0f060d0113
K_TRACE_RETURN	0	0	0	17966	0	120	0	115	0
K_TRACE_EDIT	0	3	3:18	6:5	3:97
K_TRACE_ENTER	0	1	41	9	24	120	115	2076	352	32	1	32
K_TRACE_QUERY	1	08040c0a14110e0d0916070112080e0f060d011308040c0a14110e0d0916070112080e0f060d011308040c0a14110e0d0916070112080e0f060d011308040c0a14110e0d0916070112080e0f060d011308040c0a14110e0d0916070112080e0f060d011308040c0a14110e0d0916070112080e0f060d0113
K_TRACE_SUBJECT	1	08040c0a14110e0d091607011208160501050a14110e0d0916070112080e0f060d011308040c0a14110e0d0916070112080e0f060d011308040c0a14110e0d0916070112080e0f060d011308040c0a14110e0d0916070112080e0f060d011308040c0a14110e0d0916070112080e0f060d0113
K_TRACE_RETURN	0	1	0	16189	3	100	18	115	0
K_TRACE_EDIT	1	1	3:97
K_TRACE_HEAP_WOULD	0	3.0737851567444487e-81	17966	0	1	1	0.002	0	1
K_TRACE_HEAP_INSERT	0	3.0737851567444487e-81	17966	0	1	3.0737851567444487e-81
K_TRACE_HEAP_HSP	0	0	561	220.70519436967919	3.0737851567444487e-81	111	0	1	0	120	0	115	1
K_TRACE_HEAP_INSERT_RETURN	0	0	1	3.0737851567444487e-81	-1
K_TRACE_HEAP_POP	0	0	3.0737851567444487e-81
K_TRACE_RESULT_UPDATE_IN	0	0	1	0	2147483647	0	3.0737851567444487e-81	561
K_TRACE_RESULT_UPDATE_OUT	0	0	1	3.0737851567444487e-81	561	0	0
K_TRACE_RESULT_HSP	0	0	0	561	3.0737851567444487e-81	0	120	0	115	1	1
K_TRACE_HEAP_POP	-1	0	-1
K_TRACE_RESULT_REVERSE_IN	0	1	0
K_TRACE_RESULT_REVERSE_OUT	0	1	0
K_TRACE_HEAP_POP	-1	0	-1
K_TRACE_HEAP_POP	-1	0	-1
