K_TRACE_PRELIM	0	0	611	0	1	0	120	29	0	120	29
K_TRACE_PRELIM	0	1	23	0	3	13	30	18	42	59	47
K_TRACE_ENTER	0	0	41	18	47	120	119	2076	352	32	1	32
K_TRACE_QUERY	0	0c120516140b1313130701070713071611140b12090f0b090f0d080613140516040e121605041116100a0f14130904070512030b0b040916041201070f05051614010c10040f160c1012071607060b03130601090d0d120a1106050409080f1610050f090a10130a04110404130e0c130b13070d0a03040b
K_TRACE_SUBJECT	0	0419090b010715151515151515150b090b010416111204110a1106030b07091911160b1010060b1119120c07161914190d0b110107160b10160314111010090b071601191109160116140b10061113030603161919161909061910161111091219120d19120319100619190311160711071419190c1911
K_TRACE_RETURN	0	0	0	535	13	31	42	60	0
K_TRACE_EDIT	0	1	3:18
K_TRACE_ENTER	0	1	41	29	29	120	120	2076	352	32	1	32
K_TRACE_QUERY	1	0c120516140b1313130701070713071611140b12090f0b090f0d080613140516040e121605041116100a0f14130904070512030b0b040916041201070f05051614010c10040f160c1012071607060b03130601090d0d120a1106050409080f1610050f090a10130a04110404130e0c130b13070d0a03040b
K_TRACE_SUBJECT	1	0c120516140b1313130701070713071911140b12090f0b090f0d080613140516040e121905041116100a0f14130904070512030b0b040919041201070f05051614010c10040f160c1012071907060b03130601090d0d120a1106050409080f1910050f090a10130a04110404130e0c130b13070d0a03040b
K_TRACE_RETURN	0	1	0	18959	0	120	0	120	0
K_TRACE_EDIT	1	1	3:120
K_TRACE_HEAP_WOULD	0	6.9773971882304637e-86	18959	0	500	100	0.002	0	1
K_TRACE_HEAP_INSERT	0	6.9773971882304637e-86	18959	0	2	6.9773971882304637e-86
K_TRACE_HEAP_HSP	0	0	592	232.64638122311717	6.9773971882304637e-86	115	0	1	0	120	0	120	1
K_TRACE_HEAP_HSP	0	1	17	11.156625070639009	7.0905623871198999	4	0	3	13	31	42	60	1
K_TRACE_HEAP_INSERT_RETURN	0	0	1	6.9773971882304637e-86	-1
K_TRACE_HEAP_POP	0	0	6.9773971882304637e-86
K_TRACE_RESULT_UPDATE_IN	0	0	500	0	2147483647	0	6.9773971882304637e-86	592
K_TRACE_RESULT_UPDATE_OUT	0	0	1	6.9773971882304637e-86	592	0	0
K_TRACE_RESULT_HSP	0	0	0	592	6.9773971882304637e-86	0	120	0	120	1	1
K_TRACE_RESULT_HSP	0	0	1	17	7.0905623871198999	13	31	42	60	3	1
K_TRACE_HEAP_POP	-1	0	-1
K_TRACE_RESULT_REVERSE_IN	0	1	0
K_TRACE_RESULT_REVERSE_OUT	0	1	0
K_TRACE_HEAP_POP	-1	0	-1
K_TRACE_HEAP_POP	-1	0	-1
