K_TRACE_PRELIM	0	0	568	0	1	0	120	29	0	120	29
K_TRACE_PRELIM	0	1	27	0	-1	81	97	86	71	87	76
K_TRACE_PRELIM	0	2	15	0	2	78	81	79	70	73	71
K_TRACE_ENTER	0	0	41	79	71	120	119	2076	352	32	1	32
K_TRACE_QUERY	0	0c120516140b1515151515151515151111140b12090f0b090f0d080613140516040e121105041116100a0f14130904070512030b0b040911041201070f05051614010c10040f160c1012071107060b03130601090d0d120a1106050409080f1110050f090a10130a04110404130e0c130b13070d0a03040b
K_TRACE_SUBJECT	0	190b0d0907141515151515151515151515151515060d19060a09090b06070d0c090b0b140a090b09130d0d070b0b0c130a0b130314090614090b0b130a0a0d09070b0313090d0903130b13141306031306151515151515151515151515150d03130d0a0b0d130b0a090b0c0c060b1406140b13090d1309
K_TRACE_RETURN	0	0	0	407	78	83	70	75	0
K_TRACE_EDIT	0	1	3:5
K_TRACE_ENTER	0	1	41	86	76	120	120	2076	352	32	1	32
K_TRACE_QUERY	1	0c120516140b1515151515151515151111140b12090f0b090f0d080613140516040e121105041116100a0f14130904070512030b0b040911041201070f05051614010c10040f160c1012071107060b03130601090d0d120a1106050409080f1110050f090a10130a04110404130e0c130b13070d0a03040b
K_TRACE_SUBJECT	1	0f09120609120d0f0d08100d09091009060d12060d0b06120f0b0c0d09060a10061109090d110a0d120f0a120f12111208090b091208110e0906060b121111090f0d090f0f12110612090d0d0e0b0612091009060f11100909060e0d0a0c090b0d0f0b0d110f0e100f1515151515151515150f0e09061108
K_TRACE_RETURN	0	1	0	774	81	97	71	87	0
K_TRACE_EDIT	1	1	3:16
K_TRACE_ENTER	0	2	41	29	29	120	120	2076	352	32	1	32
K_TRACE_QUERY	2	0c120516140b1515151515151515151111140b12090f0b090f0d080613140516040e121105041116100a0f14130904070512030b0b040911041201070f05051614010c10040f160c1012071107060b03130601090d0d120a1106050409080f1110050f090a10130a04110404130e0c130b13070d0a03040b
K_TRACE_SUBJECT	2	0c120516140b1515151515151515150b11140b12090f0b090f0d080613140516040e120b05041116100a0f14130904070512030b0b04090b041201070f05051614010c10040f160c1012070b07060b03130601090d0d120a1106050409080f0b10050f090a10130a04110404130e0c130b13070d0a03040b
K_TRACE_RETURN	0	2	0	17791	0	120	0	120	0
K_TRACE_EDIT	2	1	3:120
K_TRACE_HEAP_WOULD	0	2.5769249296787065e-80	17791	0	500	100	0.002	0	1
K_TRACE_HEAP_INSERT	0	2.5769249296787065e-80	17791	0	2	2.5769249296787065e-80
K_TRACE_HEAP_HSP	0	0	556	218.7791964900924	2.5769249296787065e-80	106	0	1	0	120	0	120	1
K_TRACE_HEAP_HSP	0	1	24	13.853022102060482	0.74682788709616565	8	0	-1	81	97	71	87	1
K_TRACE_HEAP_INSERT_RETURN	0	0	1	2.5769249296787065e-80	-1
K_TRACE_HEAP_POP	0	0	2.5769249296787065e-80
K_TRACE_RESULT_UPDATE_IN	0	0	500	0	2147483647	0	2.5769249296787065e-80	556
K_TRACE_RESULT_UPDATE_OUT	0	0	1	2.5769249296787065e-80	556	0	0
K_TRACE_RESULT_HSP	0	0	0	556	2.5769249296787065e-80	0	120	0	120	1	1
K_TRACE_RESULT_HSP	0	0	1	24	0.74682788709616565	81	97	71	87	-1	1
K_TRACE_HEAP_POP	-1	0	-1
K_TRACE_RESULT_REVERSE_IN	0	1	0
K_TRACE_RESULT_REVERSE_OUT	0	1	0
K_TRACE_HEAP_POP	-1	0	-1
K_TRACE_HEAP_POP	-1	0	-1
