D_CALL	0	link	41	362	1	40	0.10000000000000001	40	0	0
D_CONTEXT	0	0	160	15225	15
D_LIST	0	link_before	0	0	1	0
D_HSP	0	link_before	0	0	1	40	160	0	120	656	0	0	0	0	0	29
D_CALL	1	evalue	41	120	1	0	0.10000000000000001	1
D_CONTEXT	1	0	160	15225	15
D_LIST	1	evalue_before	0	0	1	0
D_HSP	1	evalue_before	0	0	1	40	160	0	120	656	0	1	0	0	0	29
D_RETURN	1	evalue	0
D_LIST	1	evalue_after	0	0	1	7.2489135614429429e-95
D_HSP	1	evalue_after	0	0	1	40	160	0	120	656	0	1	7.2489135614429429e-95	0	0	29
D_RETURN	0	link	0
D_LIST	0	link_after	0	0	1	7.2489135614429429e-95
D_HSP	0	link_after	0	0	1	40	160	0	120	656	0	1	7.2489135614429429e-95	0	0	29
D_CALL	2	redo	41	1	1	1	1
D_LIST	2	redo_before	NULL
D_CALL	3	link	41	362	1	40	0.10000000000000001	40	0	0
D_CONTEXT	3	0	160	15225	15
D_LIST	3	link_before	0	0	1	0
D_HSP	3	link_before	0	0	1	40	160	0	120	21352	0	0	0	0	2	0
D_CALL	4	evalue	41	120	1	0	0.10000000000000001	1
D_CONTEXT	4	0	160	15225	15
D_LIST	4	evalue_before	0	0	1	0
D_HSP	4	evalue_before	0	0	1	40	160	0	120	21352	0	1	0	0	2	0
D_RETURN	4	evalue	0
D_LIST	4	evalue_after	0	0	1	1.3956339855835622e-96
D_HSP	4	evalue_after	0	0	1	40	160	0	120	21352	0	1	1.3956339855835622e-96	0	2	0
D_RETURN	3	link	0
D_LIST	3	link_after	0	0	1	1.3956339855835622e-96
D_HSP	3	link_after	0	0	1	40	160	0	120	21352	0	1	1.3956339855835622e-96	0	2	0
D_CALL	5	reap
D_LIST	5	reap_before	0	0	1	1.3956339855835622e-96
D_HSP	5	reap_before	0	0	1	40	160	0	120	21352	0	1	1.3956339855835622e-96	0	2	0
D_RETURN	5	reap	0
D_LIST	5	reap_after	0	0	1	1.3956339855835622e-96
D_HSP	5	reap_after	0	0	1	40	160	0	120	21352	0	1	1.3956339855835622e-96	0	2	0
D_RETURN	2	redo	0
D_LIST	2	redo_after	NULL
