D_CALL	0	evalue	41	120	1	0	0	1
D_CONTEXT	0	0	160	15225	15
D_LIST	0	evalue_before	0	0	1	0
D_HSP	0	evalue_before	0	0	1	40	160	0	120	656	0	0	0	0	0	29
D_RETURN	0	evalue	0
D_LIST	0	evalue_after	0	0	1	6.5240222052986489e-95
D_HSP	0	evalue_after	0	0	1	40	160	0	120	656	0	0	6.5240222052986489e-95	0	0	29
D_CALL	1	evalue	41	120	1	0	0	1
D_CONTEXT	1	0	160	15225	15
D_LIST	1	evalue_before	0	0	1	6.5240222052986489e-95
D_HSP	1	evalue_before	0	0	1	40	160	0	120	656	120	0	6.5240222052986489e-95	0	0	29
D_RETURN	1	evalue	0
D_LIST	1	evalue_after	0	0	1	6.5240222052986489e-95
D_HSP	1	evalue_after	0	0	1	40	160	0	120	656	120	0	6.5240222052986489e-95	0	0	29
D_CALL	2	reap
D_LIST	2	reap_before	0	0	1	6.5240222052986489e-95
D_HSP	2	reap_before	0	0	1	40	160	0	120	656	120	0	6.5240222052986489e-95	0	0	29
D_RETURN	2	reap	0
D_LIST	2	reap_after	0	0	1	6.5240222052986489e-95
D_HSP	2	reap_after	0	0	1	40	160	0	120	656	120	0	6.5240222052986489e-95	0	0	29
D_CALL	3	bits	1
D_LIST	3	bits_before	0	0	1	6.5240222052986489e-95
D_HSP	3	bits_before	0	0	1	40	160	0	120	656	120	0	6.5240222052986489e-95	0	0	29
D_RETURN	3	bits	0
D_LIST	3	bits_after	0	0	1	6.5240222052986489e-95
D_HSP	3	bits_after	0	0	1	40	160	0	120	656	120	0	6.5240222052986489e-95	257.29915408182774	0	29
