D_CALL	0	link	41	360	1	40	0.10000000000000001	40	9	0
D_CONTEXT	0	0	120	11449	13
D_LIST	0	link_before	0	0	3	0
D_HSP	0	link_before	0	0	1	0	120	0	120	568	0	0	0	0	0	29
D_HSP	0	link_before	1	0	-1	81	97	71	87	27	0	0	0	0	0	76
D_HSP	0	link_before	2	0	2	78	81	70	73	15	0	0	0	0	0	71
D_CALL	1	evalue	41	120	1	0	0.10000000000000001	1
D_CONTEXT	1	0	120	11449	13
D_LIST	1	evalue_before	0	0	3	0
D_HSP	1	evalue_before	0	0	1	0	120	0	120	568	0	1	0	0	0	29
D_HSP	1	evalue_before	1	0	-1	81	97	71	87	27	0	1	0	0	0	76
D_HSP	1	evalue_before	2	0	2	78	81	70	73	15	0	1	0	0	0	71
D_RETURN	1	evalue	0
D_LIST	1	evalue_after	0	0	3	3.7676699223233726e-82
D_HSP	1	evalue_after	0	0	1	0	120	0	120	568	0	1	3.7676699223233726e-82	0	0	29
D_HSP	1	evalue_after	1	0	-1	81	97	71	87	27	0	1	0.31715225140997477	0	0	76
D_HSP	1	evalue_after	2	0	2	78	81	70	73	15	0	1	11.851232718952915	0	0	71
D_RETURN	0	link	0
D_LIST	0	link_after	0	0	3	3.7676699223233726e-82
D_HSP	0	link_after	0	0	1	0	120	0	120	568	0	1	3.7676699223233726e-82	0	0	29
D_HSP	0	link_after	1	0	-1	81	97	71	87	27	0	1	0.31715225140997477	0	0	76
D_HSP	0	link_after	2	0	2	78	81	70	73	15	0	1	11.851232718952915	0	0	71
D_CALL	2	redo	41	1	1	1	1
D_LIST	2	redo_before	NULL
D_CALL	3	link	41	360	1	40	0.10000000000000001	40	0	0
D_CONTEXT	3	0	120	11449	13
D_LIST	3	link_before	0	0	3	0
D_HSP	3	link_before	0	0	1	0	120	0	120	17791	0	0	0	0	2	0
D_HSP	3	link_before	1	0	-1	81	97	71	87	774	0	0	0	0	2	0
D_HSP	3	link_before	2	0	2	78	83	70	75	407	0	0	0	0	2	0
D_CALL	4	evalue	41	120	1	0	0.10000000000000001	1
D_CONTEXT	4	0	120	11449	13
D_LIST	4	evalue_before	0	0	3	0
D_HSP	4	evalue_before	0	0	1	0	120	0	120	17791	0	1	0	0	2	0
D_HSP	4	evalue_before	1	0	-1	81	97	71	87	774	0	1	0	0	2	0
D_HSP	4	evalue_before	2	0	2	78	83	70	75	407	0	1	0	0	2	0
D_RETURN	4	evalue	0
D_LIST	4	evalue_after	0	0	3	2.5769249296787065e-80
D_HSP	4	evalue_after	0	0	1	0	120	0	120	17791	0	1	2.5769249296787065e-80	0	2	0
D_HSP	4	evalue_after	1	0	-1	81	97	71	87	774	0	1	0.74682788709616565	0	2	0
D_HSP	4	evalue_after	2	0	2	78	83	70	75	407	0	1	23.38319931491683	0	2	0
D_RETURN	3	link	0
D_LIST	3	link_after	0	0	3	2.5769249296787065e-80
D_HSP	3	link_after	0	0	1	0	120	0	120	17791	0	1	2.5769249296787065e-80	0	2	0
D_HSP	3	link_after	1	0	-1	81	97	71	87	774	0	1	0.74682788709616565	0	2	0
D_HSP	3	link_after	2	0	2	78	83	70	75	407	0	1	23.38319931491683	0	2	0
D_CALL	5	reap
D_LIST	5	reap_before	0	0	3	2.5769249296787065e-80
D_HSP	5	reap_before	0	0	1	0	120	0	120	17791	0	1	2.5769249296787065e-80	0	2	0
D_HSP	5	reap_before	1	0	-1	81	97	71	87	774	0	1	0.74682788709616565	0	2	0
D_HSP	5	reap_before	2	0	2	78	83	70	75	407	0	1	23.38319931491683	0	2	0
D_RETURN	5	reap	0
D_LIST	5	reap_after	0	0	2	2.5769249296787065e-80
D_HSP	5	reap_after	0	0	1	0	120	0	120	17791	0	1	2.5769249296787065e-80	0	2	0
D_HSP	5	reap_after	1	0	-1	81	97	71	87	774	0	1	0.74682788709616565	0	2	0
D_RETURN	2	redo	0
D_LIST	2	redo_after	NULL
