K_TRACE_PRELIM	0	0	666	0	1	0	120	30	0	120	30
K_TRACE_PRELIM	0	1	36	0	3	3	18	12	44	59	53
K_TRACE_PRELIM	0	2	28	0	2	4	19	9	5	20	10
K_TRACE_PRELIM	0	3	26	0	2	5	26	20	10	31	25
K_TRACE_PRELIM	0	4	25	0	3	13	30	18	42	59	47
K_TRACE_PRELIM	0	5	23	0	3	3	18	7	104	118	108
K_TRACE_ENTER	0	0	41	9	10	120	119	2076	352	32	1	32
K_TRACE_QUERY	0	0c120516140b1313130701070713071611140b12090f0b090f0d080613140516040e121605041116100a0f14130904070512030b0b040916041201070f05051614010c10040f160c1012071607060b03130601090d0d120a1106050409080f1610050f090a10130a04110404130e0c130b13070d0a03040b
K_TRACE_SUBJECT	0	140b0d0915151515151515151515151515151515060d14060a09090b06070d0c090b0b0a0a090b09130d0d070b0b0c130a0b13031409060a090b0b130a0a0d09070b0313090d0903130b130a1306031306151515151515151515151515150d0d130d0a0b0d130b0a090b0c0c060b1406140b13090d1309
K_TRACE_RETURN	0	0	0	0	10	10	11	11	0
K_TRACE_EDIT	0	-1
K_TRACE_ENTER	0	1	41	20	25	120	119	2076	352	32	1	32
K_TRACE_QUERY	1	0c120516140b1313130701070713071611140b12090f0b090f0d080613140516040e121605041116100a0f14130904070512030b0b040916041201070f05051614010c10040f160c1012071607060b03130601090d0d120a1106050409080f1610050f090a10130a04110404130e0c130b13070d0a03040b
K_TRACE_SUBJECT	1	140b0d0915151515151515151515151515151515060d14060a09090b06070d0c090b0b0a0a090b09130d0d070b0b0c130a0b13031409060a090b0b130a0a0d09070b0313090d0903130b130a1306031306151515151515151515151515150d0d130d0a0b0d130b0a090b0c0c060b1406140b13090d1309
K_TRACE_RETURN	0	1	0	623	15	27	20	32	0
K_TRACE_EDIT	1	1	3:12
K_TRACE_ENTER	0	2	41	12	53	120	119	2076	352	32	1	32
K_TRACE_QUERY	2	0c120516140b1313130701070713071611140b12090f0b090f0d080613140516040e121605041116100a0f14130904070512030b0b040916041201070f05051614010c10040f160c1012071607060b03130601090d0d120a1106050409080f1610050f090a10130a04110404130e0c130b13070d0a03040b
K_TRACE_SUBJECT	2	0414090b010715151515151515150b090b010416111204110a1106030b07091411160b1111060b1116120c07161414140d0b110107160b11160314111111090b071601141109160116140b0a061113030603151515151509061411161111091214120d16120316110614140311160711071416160c1411
K_TRACE_RETURN	0	2	0	832	3	18	44	59	0
K_TRACE_EDIT	2	1	3:15
K_TRACE_ENTER	0	3	41	18	47	120	119	2076	352	32	1	32
K_TRACE_QUERY	3	0c120516140b1313130701070713071611140b12090f0b090f0d080613140516040e121605041116100a0f14130904070512030b0b040916041201070f05051614010c10040f160c1012071607060b03130601090d0d120a1106050409080f1610050f090a10130a04110404130e0c130b13070d0a03040b
K_TRACE_SUBJECT	3	0414090b010715151515151515150b090b010416111204110a1106030b07091411160b1111060b1116120c07161414140d0b110107160b11160314111111090b071601141109160116140b0a061113030603151515151509061411161111091214120d16120316110614140311160711071416160c1411
K_TRACE_RETURN	0	3	0	571	13	31	42	60	0
K_TRACE_EDIT	3	1	3:18
K_TRACE_ENTER	0	4	41	7	108	120	119	2076	352	32	1	32
K_TRACE_QUERY	4	0c120516140b1313130701070713071611140b12090f0b090f0d080613140516040e121605041116100a0f14130904070512030b0b040916041201070f05051614010c10040f160c1012071607060b03130601090d0d120a1106050409080f1610050f090a10130a04110404130e0c130b13070d0a03040b
K_TRACE_SUBJECT	4	0414090b010715151515151515150b090b010416111204110a1106030b07091411160b1111060b1116120c07161414140d0b110107160b11160314111111090b071601141109160116140b0a061113030603151515151509061411161111091214120d16120316110614140311160711071416160c1411
K_TRACE_RETURN	0	4	0	632	2	12	103	113	0
K_TRACE_EDIT	4	1	3:10
K_TRACE_ENTER	0	5	41	30	30	120	120	2076	352	32	1	32
K_TRACE_QUERY	5	0c120516140b1313130701070713071611140b12090f0b090f0d080613140516040e121605041116100a0f14130904070512030b0b040916041201070f05051614010c10040f160c1012071607060b03130601090d0d120a1106050409080f1610050f090a10130a04110404130e0c130b13070d0a03040b
K_TRACE_SUBJECT	5	0c120516140b1313130701070713071611140b12090f0b090f0d080613140516040e121605041116100a0f14130904070512030b0b040916041201070f05051614010c10040f160c1012071607060b03130601090d0d120a1106050409080f1610050f090a10130a04110404130e0c130b13070d0a03040b
K_TRACE_RETURN	0	5	0	20522	0	120	0	120	0
K_TRACE_EDIT	5	1	3:120
K_TRACE_HEAP_WOULD	0	2.4659684440862911e-93	20522	0	500	100	0.002	0	1
K_TRACE_HEAP_INSERT	0	2.4659684440862911e-93	20522	0	5	2.4659684440862911e-93
K_TRACE_HEAP_HSP	0	0	641	251.52116044306746	2.4659684440862911e-93	120	0	1	0	120	0	120	1
K_TRACE_HEAP_HSP	0	1	26	14.623421253895188	0.43031495566353861	6	0	3	3	18	44	59	1
K_TRACE_HEAP_HSP	0	2	20	12.312223798391068	2.8551667452547633	3	0	3	2	12	103	113	1
K_TRACE_HEAP_HSP	0	3	19	11.927024222473717	3.1072501132837353	4	0	2	15	27	20	32	1
K_TRACE_HEAP_HSP	0	4	18	11.541824646556361	5.0618780644535892	4	0	3	13	31	42	60	1
K_TRACE_HEAP_INSERT_RETURN	0	0	1	2.4659684440862911e-93	-1
K_TRACE_HEAP_POP	0	0	2.4659684440862911e-93
K_TRACE_RESULT_UPDATE_IN	0	0	500	0	2147483647	0	2.4659684440862911e-93	641
K_TRACE_RESULT_UPDATE_OUT	0	0	1	2.4659684440862911e-93	641	0	0
K_TRACE_RESULT_HSP	0	0	0	641	2.4659684440862911e-93	0	120	0	120	1	1
K_TRACE_RESULT_HSP	0	0	1	26	0.43031495566353861	3	18	44	59	3	1
K_TRACE_RESULT_HSP	0	0	2	20	2.8551667452547633	2	12	103	113	3	1
K_TRACE_RESULT_HSP	0	0	3	19	3.1072501132837353	15	27	20	32	2	1
K_TRACE_RESULT_HSP	0	0	4	18	5.0618780644535892	13	31	42	60	3	1
K_TRACE_HEAP_POP	-1	0	-1
K_TRACE_RESULT_REVERSE_IN	0	1	0
K_TRACE_RESULT_REVERSE_OUT	0	1	0
K_TRACE_HEAP_POP	-1	0	-1
K_TRACE_HEAP_POP	-1	0	-1
