K_TRACE_PRELIM	0	0	656	0	1	0	120	29	0	120	29
K_TRACE_PRELIM	0	1	26	0	2	4	19	9	5	20	10
K_TRACE_PRELIM	0	2	21	0	3	3	12	7	104	113	108
K_TRACE_ENTER	0	0	41	9	10	120	119	2076	352	32	1	32
K_TRACE_QUERY	0	0c120516140b1313130701070713070511140b12090f0b090f0d080613140516040e120505041116100a0f14130904070512030b0b040905041201070f05051614010c10040f160c1012070507060b03130601090d0d120a1106050409080f0510050f090a10130a04110404130e0c130b13070d0a03040b
K_TRACE_SUBJECT	0	140b0d0915151515151515151515151515151515060d14060a09090b06070d0c090b0b0a0a090b09130d0d070b0b0c130a0b13031409060a090b0b130a0a0d09070b0313090d0903130b130a1306031306151515151515151515151515150d0d130d0a0b0d130b0a090b0c0c060b1406140b13090d1309
K_TRACE_RETURN	0	0	0	0	10	10	11	11	0
K_TRACE_EDIT	0	-1
K_TRACE_ENTER	0	1	41	7	108	120	119	2076	352	32	1	32
K_TRACE_QUERY	1	0c120516140b1313130701070713070511140b12090f0b090f0d080613140516040e120505041116100a0f14130904070512030b0b040905041201070f05051614010c10040f160c1012070507060b03130601090d0d120a1106050409080f0510050f090a10130a04110404130e0c130b13070d0a03040b
K_TRACE_SUBJECT	1	0414090b010715151515151515150b090b010416111204110a1106030b07091411160b1010060b1105120c07161414140d0b110107160b10160314111010090b071601141109160116140b10061113030603160505160509061410161111091214120d05120305100614140311160711071405050c1411
K_TRACE_RETURN	0	1	0	651	2	12	103	113	0
K_TRACE_EDIT	1	1	3:10
K_TRACE_ENTER	0	2	41	29	29	120	120	2076	352	32	1	32
K_TRACE_QUERY	2	0c120516140b1313130701070713070511140b12090f0b090f0d080613140516040e120505041116100a0f14130904070512030b0b040905041201070f05051614010c10040f160c1012070507060b03130601090d0d120a1106050409080f0510050f090a10130a04110404130e0c130b13070d0a03040b
K_TRACE_SUBJECT	2	0c120516140b1313130701070713070511140b12090f0b090f0d080613140516040e120505041116100a0f14130904070512030b0b040905041201070f05051614010c10040f160c1012070507060b03130601090d0d120a1106050409080f0510050f090a10130a04110404130e0c130b13070d0a03040b
K_TRACE_RETURN	0	2	0	20422	0	120	0	120	0
K_TRACE_EDIT	2	1	3:120
K_TRACE_HEAP_WOULD	0	7.3924494266407953e-93	20422	0	500	100	0.002	0	1
K_TRACE_HEAP_INSERT	0	7.3924494266407953e-93	20422	0	2	7.3924494266407953e-93
K_TRACE_HEAP_HSP	0	0	638	250.36556171531538	7.3924494266407953e-93	120	0	1	0	120	0	120	1
K_TRACE_HEAP_HSP	0	1	20	12.312223798391068	2.3877891662241453	3	0	3	2	12	103	113	1
K_TRACE_HEAP_INSERT_RETURN	0	0	1	7.3924494266407953e-93	-1
K_TRACE_HEAP_POP	0	0	7.3924494266407953e-93
K_TRACE_RESULT_UPDATE_IN	0	0	500	0	2147483647	0	7.3924494266407953e-93	638
K_TRACE_RESULT_UPDATE_OUT	0	0	1	7.3924494266407953e-93	638	0	0
K_TRACE_RESULT_HSP	0	0	0	638	7.3924494266407953e-93	0	120	0	120	1	1
K_TRACE_RESULT_HSP	0	0	1	20	2.3877891662241453	2	12	103	113	3	1
K_TRACE_HEAP_POP	-1	0	-1
K_TRACE_RESULT_REVERSE_IN	0	1	0
K_TRACE_RESULT_REVERSE_OUT	0	1	0
K_TRACE_HEAP_POP	-1	0	-1
K_TRACE_HEAP_POP	-1	0	-1
