D_CALL	0	link	41	360	1	40	0.10000000000000001	40	9	0
D_CONTEXT	0	0	120	11449	13
D_LIST	0	link_before	0	0	2	0
D_HSP	0	link_before	0	0	1	0	120	0	120	676	0	0	0	0	0	30
D_HSP	0	link_before	1	0	3	46	79	22	55	15	0	0	0	0	0	53
D_CALL	1	evalue	41	120	1	0	0.10000000000000001	1
D_CONTEXT	1	0	120	11449	13
D_LIST	1	evalue_before	0	0	2	0
D_HSP	1	evalue_before	0	0	1	0	120	0	120	676	0	1	0	0	0	30
D_HSP	1	evalue_before	1	0	3	46	79	22	55	15	0	1	0	0	0	53
D_RETURN	1	evalue	0
D_LIST	1	evalue_after	0	0	2	1.2564430931571093e-98
D_HSP	1	evalue_after	0	0	1	0	120	0	120	676	0	1	1.2564430931571093e-98	0	0	30
D_HSP	1	evalue_after	1	0	3	46	79	22	55	15	0	1	11.851232718952915	0	0	53
D_RETURN	0	link	0
D_LIST	0	link_after	0	0	2	1.2564430931571093e-98
D_HSP	0	link_after	0	0	1	0	120	0	120	676	0	1	1.2564430931571093e-98	0	0	30
D_HSP	0	link_after	1	0	3	46	79	22	55	15	0	1	11.851232718952915	0	0	53
D_CALL	2	redo	41	1	10	1	1
D_LIST	2	redo_before	NULL
D_CALL	3	link	41	360	1	40	0.10000000000000001	40	0	0
D_CONTEXT	3	0	120	11449	13
D_LIST	3	link_before	0	0	2	0
D_HSP	3	link_before	0	0	1	0	120	0	120	20494	0	0	0	0	2	0
D_HSP	3	link_before	1	0	3	76	79	52	55	403	0	0	0	0	2	0
D_CALL	4	evalue	41	120	1	0	0.10000000000000001	1
D_CONTEXT	4	0	120	11449	13
D_LIST	4	evalue_before	0	0	2	0
D_HSP	4	evalue_before	0	0	1	0	120	0	120	20494	0	1	0	0	2	0
D_HSP	4	evalue_before	1	0	3	76	79	52	55	403	0	1	0	0	2	0
D_RETURN	4	evalue	0
D_LIST	4	evalue_after	0	0	2	3.3534537059256105e-93
D_HSP	4	evalue_after	0	0	1	0	120	0	120	20494	0	1	3.3534537059256105e-93	0	2	0
D_HSP	4	evalue_after	1	0	3	76	79	52	55	403	0	1	24.268666084107178	0	2	0
D_RETURN	3	link	0
D_LIST	3	link_after	0	0	2	3.3534537059256105e-93
D_HSP	3	link_after	0	0	1	0	120	0	120	20494	0	1	3.3534537059256105e-93	0	2	0
D_HSP	3	link_after	1	0	3	76	79	52	55	403	0	1	24.268666084107178	0	2	0
D_CALL	5	reap
D_LIST	5	reap_before	0	0	2	3.3534537059256105e-93
D_HSP	5	reap_before	0	0	1	0	120	0	120	20494	0	1	3.3534537059256105e-93	0	2	0
D_HSP	5	reap_before	1	0	3	76	79	52	55	403	0	1	24.268666084107178	0	2	0
D_RETURN	5	reap	0
D_LIST	5	reap_after	0	0	1	3.3534537059256105e-93
D_HSP	5	reap_after	0	0	1	0	120	0	120	20494	0	1	3.3534537059256105e-93	0	2	0
D_RETURN	2	redo	0
D_LIST	2	redo_after	NULL
