K_TRACE_PRELIM	0	0	601	0	1	0	120	30	0	120	30
K_TRACE_PRELIM	0	1	22	0	2	43	56	48	5	18	10
K_TRACE_ENTER	0	0	41	48	10	120	119	2076	352	32	1	32
K_TRACE_QUERY	0	0c120516140b1515151515151515151511140b12090f0b090f0d080613140516040e120705041116100a0f14130904070512030b0b040907041201070f05051614010c10040f160c1012070707060b03130601090d0d120a1106050409080f0710050f090a10130a04110404130e0c130b13070d0a03040b
K_TRACE_SUBJECT	0	070b0d0907141515151515151515151515151515060d07060a09090b06070d0c090b0b050a090b09130d0d070b0b0c130a0b130314090605090b0b130a0a0d09070b0313090d0903130b13051306031306151515151515151515151515150d04130d0a0b0d130b0a090b0c0c060b1406140b13090d1309
K_TRACE_RETURN	0	0	0	83	43	49	5	11	0
K_TRACE_EDIT	0	1	3:6
K_TRACE_ENTER	0	1	41	30	30	120	120	2076	352	32	1	32
K_TRACE_QUERY	1	0c120516140b1515151515151515151511140b12090f0b090f0d080613140516040e120705041116100a0f14130904070512030b0b040907041201070f05051614010c10040f160c1012070707060b03130601090d0d120a1106050409080f0710050f090a10130a04110404130e0c130b13070d0a03040b
K_TRACE_SUBJECT	1	0c120516140b1515151515151515151511140b12090f0b090f0d080613140516040e120705041116100a0f14130904070512030b0b040907041201070f05051614010c10040f160c1012070707060b03130601090d0d120a1106050409080f0710050f090a10130a04110404130e0c130b13070d0a03040b
K_TRACE_RETURN	0	1	0	18524	0	120	0	120	0
K_TRACE_EDIT	1	1	3:120
K_TRACE_HEAP_WOULD	0	8.2659864006139472e-84	18524	0	500	100	0.002	0	1
K_TRACE_HEAP_INSERT	0	8.2659864006139472e-84	18524	0	1	8.2659864006139472e-84
K_TRACE_HEAP_HSP	0	0	579	227.63878673619158	8.2659864006139472e-84	110	0	1	0	120	0	120	1
K_TRACE_HEAP_INSERT_RETURN	0	0	1	8.2659864006139472e-84	-1
K_TRACE_HEAP_POP	0	0	8.2659864006139472e-84
K_TRACE_RESULT_UPDATE_IN	0	0	500	0	2147483647	0	8.2659864006139472e-84	579
K_TRACE_RESULT_UPDATE_OUT	0	0	1	8.2659864006139472e-84	579	0	0
K_TRACE_RESULT_HSP	0	0	0	579	8.2659864006139472e-84	0	120	0	120	1	1
K_TRACE_HEAP_POP	-1	0	-1
K_TRACE_RESULT_REVERSE_IN	0	1	0
K_TRACE_RESULT_REVERSE_OUT	0	1	0
K_TRACE_HEAP_POP	-1	0	-1
K_TRACE_HEAP_POP	-1	0	-1
