K_TRACE_PRELIM	0	0	554	0	1	0	119	29	0	119	29
K_TRACE_PRELIM	0	1	15	0	2	78	81	79	70	73	71
K_TRACE_ENTER	0	0	41	79	71	120	119	2076	352	32	1	32
K_TRACE_QUERY	0	0c120516140b1515151515151515151511140b12090f0b090f0d080613140516040e120105041116100a0f14130904070512030b0b040901041201070f05051614010c10040f160c1012070107060b03130601090d0d120a1106050409080f0110050f090a10130a04110404130e0c130b13070d0a03040b
K_TRACE_SUBJECT	0	19010d090714151515151515151515151507190b060d19060a09090b06070d0c090b0b140a090b09130d0d070b0b0c130a0b130314090614090101130a0a0d09070b0313090d0903130113141306031306151515151515151515151515150d03130d0a0b0d130b0a09010c0c060b1406140b13090d1309
K_TRACE_RETURN	0	0	0	391	78	81	70	73	0
K_TRACE_EDIT	0	1	3:3
K_TRACE_ENTER	0	1	41	29	29	120	120	2076	352	32	1	32
K_TRACE_QUERY	1	0c120516140b1515151515151515151511140b12090f0b090f0d080613140516040e120105041116100a0f14130904070512030b0b040901041201070f05051614010c10040f160c1012070107060b03130601090d0d120a1106050409080f0110050f090a10130a04110404130e0c130b13070d0a03040b
K_TRACE_SUBJECT	1	0c12051614151515151515151515151511140112090f01090f0d080613140516040e120105041116100a0f14130904070512030101040901041201070f05051614010c10040f160c1012070107060103130601090d0d120a1106050409080f0110050f090a10130a04110404130e0c130113070d0a030401
K_TRACE_RETURN	0	1	0	17466	0	119	0	119	0
K_TRACE_EDIT	1	1	3:119
K_TRACE_HEAP_WOULD	0	9.1212334519860948e-79	17466	0	500	100	0.002	0	1
K_TRACE_HEAP_INSERT	0	9.1212334519860948e-79	17466	0	1	9.1212334519860948e-79
K_TRACE_HEAP_HSP	0	0	546	214.92720073091888	9.1212334519860948e-79	102	0	1	0	119	0	119	1
K_TRACE_HEAP_INSERT_RETURN	0	0	1	9.1212334519860948e-79	-1
K_TRACE_HEAP_POP	0	0	9.1212334519860948e-79
K_TRACE_RESULT_UPDATE_IN	0	0	500	0	2147483647	0	9.1212334519860948e-79	546
K_TRACE_RESULT_UPDATE_OUT	0	0	1	9.1212334519860948e-79	546	0	0
K_TRACE_RESULT_HSP	0	0	0	546	9.1212334519860948e-79	0	119	0	119	1	1
K_TRACE_HEAP_POP	-1	0	-1
K_TRACE_RESULT_REVERSE_IN	0	1	0
K_TRACE_RESULT_REVERSE_OUT	0	1	0
K_TRACE_HEAP_POP	-1	0	-1
K_TRACE_HEAP_POP	-1	0	-1
