K_TRACE_PRELIM	0	0	633	0	1	0	120	30	0	120	30
K_TRACE_PRELIM	0	1	15	0	3	46	79	77	22	55	53
K_TRACE_ENTER	0	0	41	77	53	120	119	2076	352	32	1	32
K_TRACE_QUERY	0	0c120516140b1515151515151515151411140b12090f0b090f0d080613140516040e121405041116100a0f14130904070512030b0b040914041201070f05051614010c10040f160c1012071407060b03130601090d0d120a1106050409080f1410050f090a10130a04110404130e0c130b13070d0a03040b
K_TRACE_SUBJECT	0	0414090b010715151515151515150b090b010416111204110a1106030b07091411160b1010060b1119120c07161414140d0b110107160b10160314111010090b071601141109160116140b100611130306031619191619090614101611110c1214120d19120319100614140311160711071419190c1411
K_TRACE_RETURN	0	0	0	406	76	79	52	55	0
K_TRACE_EDIT	0	1	3:3
K_TRACE_ENTER	0	1	41	30	30	120	120	2076	352	32	1	32
K_TRACE_QUERY	1	0c120516140b1515151515151515151411140b12090f0b090f0d080613140516040e121405041116100a0f14130904070512030b0b040914041201070f05051614010c10040f160c1012071407060b03130601090d0d120a1106050409080f1410050f090a10130a04110404130e0c130b13070d0a03040b
K_TRACE_SUBJECT	1	0c120516140b1515151515151515151411140b12090f0b090f0d080613140516040e121405041116100a0f14130904070512030b0b040914041201070f05051614010c10040f160c1012071407060b03130601090d0d120a1106050409080f1410050f090a10130a04110404130e0c130b13070d0a03040b
K_TRACE_RETURN	0	1	0	18503	0	120	0	120	0
K_TRACE_EDIT	1	1	3:120
K_TRACE_HEAP_WOULD	0	1.0408688815832669e-83	18503	0	500	100	0.002	0	1
K_TRACE_HEAP_INSERT	0	1.0408688815832669e-83	18503	0	1	1.0408688815832669e-83
K_TRACE_HEAP_HSP	0	0	578	227.25358716027421	1.0408688815832669e-83	111	0	1	0	120	0	120	1
K_TRACE_HEAP_INSERT_RETURN	0	0	1	1.0408688815832669e-83	-1
K_TRACE_HEAP_POP	0	0	1.0408688815832669e-83
K_TRACE_RESULT_UPDATE_IN	0	0	500	0	2147483647	0	1.0408688815832669e-83	578
K_TRACE_RESULT_UPDATE_OUT	0	0	1	1.0408688815832669e-83	578	0	0
K_TRACE_RESULT_HSP	0	0	0	578	1.0408688815832669e-83	0	120	0	120	1	1
K_TRACE_HEAP_POP	-1	0	-1
K_TRACE_RESULT_REVERSE_IN	0	1	0
K_TRACE_RESULT_REVERSE_OUT	0	1	0
K_TRACE_HEAP_POP	-1	0	-1
K_TRACE_HEAP_POP	-1	0	-1
