D_CALL	0	link	41	360	1	40	0.10000000000000001	40	9	0
D_CONTEXT	0	0	120	11449	13
D_LIST	0	link_before	0	0	6	0
D_HSP	0	link_before	0	0	1	0	120	0	120	641	0	0	0	0	0	30
D_HSP	0	link_before	1	0	3	3	18	44	59	36	0	0	0	0	0	53
D_HSP	0	link_before	2	0	2	4	19	5	20	28	0	0	0	0	0	10
D_HSP	0	link_before	3	0	2	5	26	10	31	27	0	0	0	0	0	25
D_HSP	0	link_before	4	0	3	13	30	42	59	25	0	0	0	0	0	47
D_HSP	0	link_before	5	0	3	3	18	104	118	23	0	0	0	0	0	108
D_CALL	1	evalue	41	120	1	0	0.10000000000000001	1
D_CONTEXT	1	0	120	11449	13
D_LIST	1	evalue_before	0	0	6	0
D_HSP	1	evalue_before	0	0	1	0	120	0	120	641	0	1	0	0	0	30
D_HSP	1	evalue_before	1	0	3	3	18	44	59	36	0	1	0	0	0	53
D_HSP	1	evalue_before	2	0	2	4	19	5	20	28	0	1	0	0	0	10
D_HSP	1	evalue_before	3	0	2	5	26	10	31	27	0	1	0	0	0	25
D_HSP	1	evalue_before	4	0	3	13	30	42	59	25	0	1	0	0	0	47
D_HSP	1	evalue_before	5	0	3	3	18	104	118	23	0	1	0	0	0	108
D_RETURN	1	evalue	0
D_LIST	1	evalue_after	0	0	6	2.7521230694767108e-93
D_HSP	1	evalue_after	0	0	1	0	120	0	120	641	0	1	2.7521230694767108e-93	0	0	30
D_HSP	1	evalue_after	1	0	3	3	18	44	59	36	0	1	0.020602819547993867	0	0	53
D_HSP	1	evalue_after	2	0	2	4	19	5	20	28	0	1	0.23358180834607523	0	0	10
D_HSP	1	evalue_after	3	0	2	5	26	10	31	27	0	1	0.31715225140997477	0	0	25
D_HSP	1	evalue_after	4	0	3	13	30	42	59	25	0	1	0.58345277936766105	0	0	47
D_HSP	1	evalue_after	5	0	3	3	18	104	118	23	0	1	1.0704999078466759	0	0	108
D_RETURN	0	link	0
D_LIST	0	link_after	0	0	6	2.7521230694767108e-93
D_HSP	0	link_after	0	0	1	0	120	0	120	641	0	1	2.7521230694767108e-93	0	0	30
D_HSP	0	link_after	1	0	3	3	18	44	59	36	0	1	0.020602819547993867	0	0	53
D_HSP	0	link_after	2	0	2	4	19	5	20	28	0	1	0.23358180834607523	0	0	10
D_HSP	0	link_after	3	0	2	5	26	10	31	27	0	1	0.31715225140997477	0	0	25
D_HSP	0	link_after	4	0	3	13	30	42	59	25	0	1	0.58345277936766105	0	0	47
D_HSP	0	link_after	5	0	3	3	18	104	118	23	0	1	1.0704999078466759	0	0	108
D_CALL	2	redo	41	1	14	1	1
D_LIST	2	redo_before	NULL
D_CALL	3	link	41	360	1	40	0.10000000000000001	40	0	0
D_CONTEXT	3	0	120	11449	13
D_LIST	3	link_before	0	0	5	0
D_HSP	3	link_before	0	0	1	0	120	0	120	19782	0	0	0	0	2	0
D_HSP	3	link_before	1	0	3	3	18	44	59	829	0	0	0	0	2	0
D_HSP	3	link_before	2	0	2	15	27	20	32	647	0	0	0	0	2	0
D_HSP	3	link_before	3	0	3	2	12	103	113	633	0	0	0	0	2	0
D_HSP	3	link_before	4	0	3	13	31	42	60	563	0	0	0	0	2	0
D_CALL	4	evalue	41	120	1	0	0.10000000000000001	1
D_CONTEXT	4	0	120	11449	13
D_LIST	4	evalue_before	0	0	5	0
D_HSP	4	evalue_before	0	0	1	0	120	0	120	19782	0	1	0	0	2	0
D_HSP	4	evalue_before	1	0	3	3	18	44	59	829	0	1	0	0	2	0
D_HSP	4	evalue_before	2	0	2	15	27	20	32	647	0	1	0	0	2	0
D_HSP	4	evalue_before	3	0	3	2	12	103	113	633	0	1	0	0	2	0
D_HSP	4	evalue_before	4	0	3	13	31	42	60	563	0	1	0	0	2	0
D_RETURN	4	evalue	0
D_LIST	4	evalue_after	0	0	5	8.3210213720321823e-90
D_HSP	4	evalue_after	0	0	1	0	120	0	120	19782	0	1	8.3210213720321823e-90	0	2	0
D_HSP	4	evalue_after	1	0	3	3	18	44	59	829	0	1	0.44278668422371598	0	2	0
D_HSP	4	evalue_after	2	0	2	15	27	20	32	647	0	1	2.4794050828230101	0	2	0
D_HSP	4	evalue_after	3	0	3	2	12	103	113	633	0	1	2.8284437478754909	0	2	0
D_HSP	4	evalue_after	4	0	3	13	31	42	60	563	0	1	5.4558544560196331	0	2	0
D_RETURN	3	link	0
D_LIST	3	link_after	0	0	5	8.3210213720321823e-90
D_HSP	3	link_after	0	0	1	0	120	0	120	19782	0	1	8.3210213720321823e-90	0	2	0
D_HSP	3	link_after	1	0	3	3	18	44	59	829	0	1	0.44278668422371598	0	2	0
D_HSP	3	link_after	2	0	2	15	27	20	32	647	0	1	2.4794050828230101	0	2	0
D_HSP	3	link_after	3	0	3	2	12	103	113	633	0	1	2.8284437478754909	0	2	0
D_HSP	3	link_after	4	0	3	13	31	42	60	563	0	1	5.4558544560196331	0	2	0
D_CALL	5	reap
D_LIST	5	reap_before	0	0	5	8.3210213720321823e-90
D_HSP	5	reap_before	0	0	1	0	120	0	120	19782	0	1	8.3210213720321823e-90	0	2	0
D_HSP	5	reap_before	1	0	3	3	18	44	59	829	0	1	0.44278668422371598	0	2	0
D_HSP	5	reap_before	2	0	2	15	27	20	32	647	0	1	2.4794050828230101	0	2	0
D_HSP	5	reap_before	3	0	3	2	12	103	113	633	0	1	2.8284437478754909	0	2	0
D_HSP	5	reap_before	4	0	3	13	31	42	60	563	0	1	5.4558544560196331	0	2	0
D_RETURN	5	reap	0
D_LIST	5	reap_after	0	0	5	8.3210213720321823e-90
D_HSP	5	reap_after	0	0	1	0	120	0	120	19782	0	1	8.3210213720321823e-90	0	2	0
D_HSP	5	reap_after	1	0	3	3	18	44	59	829	0	1	0.44278668422371598	0	2	0
D_HSP	5	reap_after	2	0	2	15	27	20	32	647	0	1	2.4794050828230101	0	2	0
D_HSP	5	reap_after	3	0	3	2	12	103	113	633	0	1	2.8284437478754909	0	2	0
D_HSP	5	reap_after	4	0	3	13	31	42	60	563	0	1	5.4558544560196331	0	2	0
D_RETURN	2	redo	0
D_LIST	2	redo_after	NULL
