D_CALL	0	link	41	360	1	40	0.10000000000000001	40	9	0
D_CONTEXT	0	0	120	11449	13
D_LIST	0	link_before	0	0	3	0
D_HSP	0	link_before	0	0	1	0	120	0	120	656	0	0	0	0	0	29
D_HSP	0	link_before	1	0	2	4	19	5	20	26	0	0	0	0	0	10
D_HSP	0	link_before	2	0	3	3	12	104	113	21	0	0	0	0	0	108
D_CALL	1	evalue	41	120	1	0	0.10000000000000001	1
D_CONTEXT	1	0	120	11449	13
D_LIST	1	evalue_before	0	0	3	0
D_HSP	1	evalue_before	0	0	1	0	120	0	120	656	0	1	0	0	0	29
D_HSP	1	evalue_before	1	0	2	4	19	5	20	26	0	1	0	0	0	10
D_HSP	1	evalue_before	2	0	3	3	12	104	113	21	0	1	0	0	0	108
D_RETURN	1	evalue	0
D_LIST	1	evalue_after	0	0	3	1.4156323507376273e-95
D_HSP	1	evalue_after	0	0	1	0	120	0	120	656	0	1	1.4156323507376273e-95	0	0	29
D_HSP	1	evalue_after	1	0	2	4	19	5	20	26	0	1	0.43031495566353861	0	0	10
D_HSP	1	evalue_after	2	0	3	3	12	104	113	21	0	1	1.9592359906696477	0	0	108
D_RETURN	0	link	0
D_LIST	0	link_after	0	0	3	1.4156323507376273e-95
D_HSP	0	link_after	0	0	1	0	120	0	120	656	0	1	1.4156323507376273e-95	0	0	29
D_HSP	0	link_after	1	0	2	4	19	5	20	26	0	1	0.43031495566353861	0	0	10
D_HSP	0	link_after	2	0	3	3	12	104	113	21	0	1	1.9592359906696477	0	0	108
D_CALL	2	redo	41	1	31	1	1
D_LIST	2	redo_before	NULL
D_CALL	3	link	41	360	1	40	0.10000000000000001	40	0	0
D_CONTEXT	3	0	120	11449	13
D_LIST	3	link_before	0	0	2	0
D_HSP	3	link_before	0	0	1	0	120	0	120	20422	0	0	0	0	2	0
D_HSP	3	link_before	1	0	3	2	12	103	113	651	0	0	0	0	2	0
D_CALL	4	evalue	41	120	1	0	0.10000000000000001	1
D_CONTEXT	4	0	120	11449	13
D_LIST	4	evalue_before	0	0	2	0
D_HSP	4	evalue_before	0	0	1	0	120	0	120	20422	0	1	0	0	2	0
D_HSP	4	evalue_before	1	0	3	2	12	103	113	651	0	1	0	0	2	0
D_RETURN	4	evalue	0
D_LIST	4	evalue_after	0	0	2	7.3924494266407953e-93
D_HSP	4	evalue_after	0	0	1	0	120	0	120	20422	0	1	7.3924494266407953e-93	0	2	0
D_HSP	4	evalue_after	1	0	3	2	12	103	113	651	0	1	2.3877891662241453	0	2	0
D_RETURN	3	link	0
D_LIST	3	link_after	0	0	2	7.3924494266407953e-93
D_HSP	3	link_after	0	0	1	0	120	0	120	20422	0	1	7.3924494266407953e-93	0	2	0
D_HSP	3	link_after	1	0	3	2	12	103	113	651	0	1	2.3877891662241453	0	2	0
D_CALL	5	reap
D_LIST	5	reap_before	0	0	2	7.3924494266407953e-93
D_HSP	5	reap_before	0	0	1	0	120	0	120	20422	0	1	7.3924494266407953e-93	0	2	0
D_HSP	5	reap_before	1	0	3	2	12	103	113	651	0	1	2.3877891662241453	0	2	0
D_RETURN	5	reap	0
D_LIST	5	reap_after	0	0	2	7.3924494266407953e-93
D_HSP	5	reap_after	0	0	1	0	120	0	120	20422	0	1	7.3924494266407953e-93	0	2	0
D_HSP	5	reap_after	1	0	3	2	12	103	113	651	0	1	2.3877891662241453	0	2	0
D_RETURN	2	redo	0
D_LIST	2	redo_after	NULL
