make: Entering directory '/tmp/tlosan-allcodes-LV6PoP/build/build/objects/genomecoll'
Build session ID: d4f2d591-972b-421b-8ae4-328ef226ad93
make[1]: Entering directory '/tmp/tlosan-allcodes-LV6PoP/build/build/objects/genomecoll'
cd /tmp/tlosan-allcodes-LV6PoP/source/c++/src/objects/genomecoll  &&  /tmp/tlosan-allcodes-LV6PoP/build/build/new_module.sh genome_collection all
/usr/bin/make -w -f /tmp/tlosan-allcodes-LV6PoP/source/c++/src/build-system/Makefile.module MODULE=genome_collection MODULE_PATH=objects/genomecoll MODULE_ASN=genome_collection.asn MODULE_IMPORT='objects/general/general objects/seqloc/seqloc objects/seqfeat/seqfeat objects/seq/seq' IMPDEPS='/tmp/tlosan-allcodes-LV6PoP/source/c++/src/objects/general/general.asn /tmp/tlosan-allcodes-LV6PoP/source/c++/src/objects/seqloc/seqloc.asn /tmp/tlosan-allcodes-LV6PoP/source/c++/src/objects/seqfeat/seqfeat.asn /tmp/tlosan-allcodes-LV6PoP/source/c++/src/objects/seq/seq.asn' IMPFILES='objects/general/general.asn objects/seqloc/seqloc.asn objects/seqfeat/seqfeat.asn objects/seq/seq.asn' top_srcdir=/tmp/tlosan-allcodes-LV6PoP/source/c++ builddir=/tmp/tlosan-allcodes-LV6PoP/build/build DATATOOL=/home/kawato/micromamba/bin/datatool DATATOOL_WRAPPER='' MODULE_SEARCH=/tmp/tlosan-allcodes-LV6PoP/source/c++/src all
make[2]: Entering directory '/tmp/tlosan-allcodes-LV6PoP/source/c++/src/objects/genomecoll'
/home/kawato/micromamba/bin/datatool -oR /tmp/tlosan-allcodes-LV6PoP/source/c++ \
    -opm /tmp/tlosan-allcodes-LV6PoP/source/c++/src -m genome_collection.asn -M "objects/general/general.asn objects/seqloc/seqloc.asn objects/seqfeat/seqfeat.asn objects/seq/seq.asn" -oA \
    -oc genome_collection -or objects/genomecoll -odi -od genome_collection.def -oex '' \
    -ocvs -pch 'ncbi_pch.hpp' -fd genome_collection.dump \
    
datatool: 2.24.0
make[2]: Leaving directory '/tmp/tlosan-allcodes-LV6PoP/source/c++/src/objects/genomecoll'
make[2]: Entering directory '/tmp/tlosan-allcodes-LV6PoP/source/c++/src/objects/genomecoll'
make[2]: Leaving directory '/tmp/tlosan-allcodes-LV6PoP/source/c++/src/objects/genomecoll'
cd /tmp/tlosan-allcodes-LV6PoP/source/c++/src/objects/genomecoll  &&  /tmp/tlosan-allcodes-LV6PoP/build/build/new_module.sh gencoll_client all
Waiting for /tmp/tlosan-allcodes-LV6PoP/source/c++/src/objects/genomecoll/make_asn.lock.
Acquired /tmp/tlosan-allcodes-LV6PoP/source/c++/src/objects/genomecoll/make_asn.lock for PID 1729754 (make_asn)
/usr/bin/make -w -f /tmp/tlosan-allcodes-LV6PoP/source/c++/src/build-system/Makefile.module MODULE=gencoll_client MODULE_PATH=objects/genomecoll MODULE_ASN=gencoll_client.asn MODULE_IMPORT='objects/genomecoll/genome_collection' IMPDEPS='/tmp/tlosan-allcodes-LV6PoP/source/c++/src/objects/genomecoll/genome_collection.asn' IMPFILES='objects/genomecoll/genome_collection.asn' top_srcdir=/tmp/tlosan-allcodes-LV6PoP/source/c++ builddir=/tmp/tlosan-allcodes-LV6PoP/build/build DATATOOL=/home/kawato/micromamba/bin/datatool DATATOOL_WRAPPER='' MODULE_SEARCH=/tmp/tlosan-allcodes-LV6PoP/source/c++/src all
make[2]: Entering directory '/tmp/tlosan-allcodes-LV6PoP/source/c++/src/objects/genomecoll'
/home/kawato/micromamba/bin/datatool -oR /tmp/tlosan-allcodes-LV6PoP/source/c++ \
    -opm /tmp/tlosan-allcodes-LV6PoP/source/c++/src -m gencoll_client.asn -M "objects/genomecoll/genome_collection.asn" -oA \
    -oc gencoll_client -or objects/genomecoll -odi -od gencoll_client.def -oex '' \
    -ocvs -pch 'ncbi_pch.hpp' -fd gencoll_client.dump \
    
datatool: 2.24.0
make[2]: Leaving directory '/tmp/tlosan-allcodes-LV6PoP/source/c++/src/objects/genomecoll'
make[2]: Entering directory '/tmp/tlosan-allcodes-LV6PoP/source/c++/src/objects/genomecoll'
make[2]: Leaving directory '/tmp/tlosan-allcodes-LV6PoP/source/c++/src/objects/genomecoll'
/usr/bin/make -f /tmp/tlosan-allcodes-LV6PoP/build/build/Makefile.lib.tmpl srcdir=/tmp/tlosan-allcodes-LV6PoP/source/c++/src/objects/genomecoll TMPL=genome_collection -w export-headers
make[2]: Entering directory '/tmp/tlosan-allcodes-LV6PoP/build/build/objects/genomecoll'
make[2]: Nothing to be done for 'export-headers'.
make[2]: Leaving directory '/tmp/tlosan-allcodes-LV6PoP/build/build/objects/genomecoll'
awk: /tmp/tlosan-allcodes-LV6PoP/source/c++/scripts/common/impl/is_log_interesting.awk:4: fatal: cannot open file `make_genome_collection.log.new' for reading: No such file or directory
/usr/bin/make -f /tmp/tlosan-allcodes-LV6PoP/build/build/Makefile.lib.tmpl srcdir=/tmp/tlosan-allcodes-LV6PoP/source/c++/src/objects/genomecoll TMPL=gencoll_client -w export-headers
make[2]: Entering directory '/tmp/tlosan-allcodes-LV6PoP/build/build/objects/genomecoll'
make[2]: Nothing to be done for 'export-headers'.
make[2]: Leaving directory '/tmp/tlosan-allcodes-LV6PoP/build/build/objects/genomecoll'
/usr/bin/make -f /tmp/tlosan-allcodes-LV6PoP/build/build/Makefile.lib.tmpl srcdir=/tmp/tlosan-allcodes-LV6PoP/source/c++/src/objects/genomecoll TMPL=genome_collection -w flag-stamps
make[2]: Entering directory '/tmp/tlosan-allcodes-LV6PoP/build/build/objects/genomecoll'
make[2]: Leaving directory '/tmp/tlosan-allcodes-LV6PoP/build/build/objects/genomecoll'
/usr/bin/make -f /tmp/tlosan-allcodes-LV6PoP/build/build/Makefile.lib.tmpl srcdir=/tmp/tlosan-allcodes-LV6PoP/source/c++/src/objects/genomecoll TMPL=gencoll_client -w flag-stamps
make[2]: Entering directory '/tmp/tlosan-allcodes-LV6PoP/build/build/objects/genomecoll'
make[2]: Leaving directory '/tmp/tlosan-allcodes-LV6PoP/build/build/objects/genomecoll'
make[1]: Leaving directory '/tmp/tlosan-allcodes-LV6PoP/build/build/objects/genomecoll'
make: Leaving directory '/tmp/tlosan-allcodes-LV6PoP/build/build/objects/genomecoll'
