PARAM	0	16	16	28
CAND	0	0	0	4999950
CAND	0	1	1	4999951
CAND	0	2	2	4999952
CAND	0	3	62	4999952
CAND	0	4	16	4999953
CAND	0	5	63	4999953
CAND	0	6	3	4999953
CAND	0	7	17	4999954
CAND	0	8	4	4999954
CAND	0	9	43	4999954
CAND	0	10	5	4999955
CAND	0	11	6	4999956
CAND	0	12	7	4999957
CAND	0	13	8	4999958
CAND	0	14	9	4999959
CAND	0	15	10	4999960
CAND	0	16	11	4999961
CAND	0	17	12	4999962
CAND	0	18	13	4999963
CAND	0	19	14	4999964
CAND	0	20	41	4999965
CAND	0	21	15	4999965
CAND	0	22	16	4999966
CAND	0	23	3	4999966
CAND	0	24	17	4999967
CAND	0	25	4	4999967
CAND	0	26	18	4999968
CAND	0	27	19	4999969
CAND	0	28	20	4999970
CAND	0	29	21	4999971
CAND	0	30	22	4999972
CAND	0	31	23	4999973
CAND	0	32	24	4999974
CAND	0	33	25	4999975
CAND	0	34	26	4999976
CAND	0	35	27	4999977
CAND	0	36	28	4999978
CAND	0	37	29	4999979
CAND	0	38	30	4999980
CAND	0	39	31	4999981
CAND	0	40	32	4999982
CAND	0	41	33	4999983
CAND	0	42	34	4999984
CAND	0	43	35	4999985
CAND	0	44	36	4999986
CAND	0	45	68	4999987
CAND	0	46	37	4999987
CAND	0	47	38	4999988
CAND	0	48	95	4999989
CAND	0	49	39	4999989
CAND	0	50	40	4999990
CAND	0	51	41	4999991
CAND	0	52	15	4999991
CAND	0	53	42	4999992
CAND	0	54	4	4999993
CAND	0	55	43	4999993
CAND	0	56	44	4999994
CAND	0	57	45	4999995
CAND	0	58	46	4999996
CAND	0	59	47	4999997
END	0	60
PARAM	1	16	16	28
CAND	1	0	0	50
CAND	1	1	1	51
CAND	1	2	2	52
CAND	1	3	62	52
CAND	1	4	16	53
CAND	1	5	63	53
CAND	1	6	3	53
CAND	1	7	17	54
CAND	1	8	4	54
CAND	1	9	43	54
CAND	1	10	5	55
CAND	1	11	6	56
CAND	1	12	7	57
CAND	1	13	8	58
CAND	1	14	9	59
CAND	1	15	10	60
CAND	1	16	11	61
CAND	1	17	12	62
CAND	1	18	13	63
CAND	1	19	14	64
CAND	1	20	41	65
CAND	1	21	15	65
CAND	1	22	16	66
CAND	1	23	3	66
CAND	1	24	17	67
CAND	1	25	4	67
CAND	1	26	18	68
CAND	1	27	19	69
CAND	1	28	20	70
CAND	1	29	21	71
CAND	1	30	22	72
CAND	1	31	23	73
CAND	1	32	24	74
CAND	1	33	25	75
CAND	1	34	26	76
CAND	1	35	27	77
CAND	1	36	28	78
CAND	1	37	29	79
CAND	1	38	30	80
CAND	1	39	31	81
CAND	1	40	32	82
CAND	1	41	33	83
CAND	1	42	34	84
CAND	1	43	35	85
CAND	1	44	36	86
CAND	1	45	68	87
CAND	1	46	37	87
CAND	1	47	38	88
CAND	1	48	95	89
CAND	1	49	39	89
CAND	1	50	40	90
CAND	1	51	41	91
CAND	1	52	15	91
CAND	1	53	42	92
CAND	1	54	4	93
CAND	1	55	43	93
CAND	1	56	44	94
CAND	1	57	45	95
CAND	1	58	46	96
CAND	1	59	47	97
CAND	1	60	48	98
CAND	1	61	49	99
CAND	1	62	50	100
CAND	1	63	51	101
CAND	1	64	52	102
CAND	1	65	53	103
CAND	1	66	54	104
CAND	1	67	55	105
CAND	1	68	56	106
CAND	1	69	57	107
CAND	1	70	58	108
CAND	1	71	59	109
CAND	1	72	60	110
CAND	1	73	61	111
CAND	1	74	2	112
CAND	1	75	62	112
CAND	1	76	63	113
CAND	1	77	3	113
CAND	1	78	64	114
CAND	1	79	65	115
CAND	1	80	66	116
CAND	1	81	67	117
CAND	1	82	68	118
CAND	1	83	37	118
CAND	1	84	69	119
CAND	1	85	70	120
CAND	1	86	71	121
CAND	1	87	72	122
CAND	1	88	73	123
CAND	1	89	74	124
CAND	1	90	75	125
CAND	1	91	76	126
CAND	1	92	77	127
CAND	1	93	78	128
CAND	1	94	79	129
CAND	1	95	80	130
CAND	1	96	81	131
CAND	1	97	82	132
CAND	1	98	83	133
CAND	1	99	84	134
CAND	1	100	85	135
CAND	1	101	86	136
CAND	1	102	87	137
CAND	1	103	88	138
CAND	1	104	89	139
CAND	1	105	90	140
CAND	1	106	91	141
CAND	1	107	92	142
CAND	1	108	93	143
CAND	1	109	94	144
CAND	1	110	95	145
CAND	1	111	39	145
CAND	1	112	96	146
CAND	1	113	97	147
CAND	1	114	98	148
CAND	1	115	99	149
CAND	1	116	100	150
CAND	1	117	101	151
CAND	1	118	102	152
CAND	1	119	103	153
CAND	1	120	104	154
CAND	1	121	105	155
CAND	1	122	106	156
CAND	1	123	107	157
CAND	1	124	108	158
CAND	1	125	109	159
CAND	1	126	110	160
CAND	1	127	111	161
CAND	1	128	112	162
CAND	1	129	113	163
CAND	1	130	114	164
CAND	1	131	115	165
CAND	1	132	116	166
CAND	1	133	117	167
CAND	1	134	107	168
END	1	135
PARAM	2	16	16	28
CAND	2	0	16	4999954
CAND	2	1	17	4999955
CAND	2	2	4	4999955
CAND	2	3	43	4999955
CAND	2	4	111	4999959
CAND	2	5	5	4999960
CAND	2	6	111	4999962
CAND	2	7	83	4999990
END	2	8
PARAM	3	16	16	28
CAND	3	0	16	54
CAND	3	1	17	55
CAND	3	2	4	55
CAND	3	3	43	55
CAND	3	4	111	59
CAND	3	5	5	60
CAND	3	6	111	62
CAND	3	7	83	90
CAND	3	8	43	102
CAND	3	9	63	104
CAND	3	10	3	104
CAND	3	11	4	105
CAND	3	12	43	105
CAND	3	13	78	115
CAND	3	14	79	116
CAND	3	15	78	120
CAND	3	16	50	121
CAND	3	17	79	121
CAND	3	18	111	122
CAND	3	19	78	127
CAND	3	20	79	128
CAND	3	21	27	158
CAND	3	22	16	161
CAND	3	23	63	161
CAND	3	24	3	161
CAND	3	25	17	162
CAND	3	26	4	162
CAND	3	27	43	162
END	3	28
PARAM	4	16	16	28
CAND	4	0	63	4999960
CAND	4	1	87	4999974
END	4	2
PARAM	5	16	16	28
CAND	5	0	63	60
CAND	5	1	87	74
CAND	5	2	27	106
CAND	5	3	2	121
CAND	5	4	62	121
CAND	5	5	63	122
CAND	5	6	3	122
CAND	5	7	9	160
END	5	8
PARAM	6	16	16	28
CAND	6	0	7	335
CAND	6	1	107	354
END	6	2
PARAM	7	16	16	28
END	7	0
PARAM	8	16	16	28
CAND	8	0	31	255
CAND	8	1	68	276
CAND	8	2	37	276
CAND	8	3	61	276
CAND	8	4	24	288
CAND	8	5	92	294
CAND	8	6	93	295
CAND	8	7	51	308
CAND	8	8	24	356
CAND	8	9	93	358
END	8	10
PARAM	9	16	16	28
END	9	0
PARAM	10	16	16	28
CAND	10	0	15	247
CAND	10	1	16	248
CAND	10	2	43	249
CAND	10	3	24	257
CAND	10	4	23	313
CAND	10	5	83	323
END	10	6
PARAM	11	16	16	28
END	11	0
