PARAM	0	16	16	28
END	0	0
PARAM	1	16	16	28
CAND	1	0	49	99
CAND	1	1	50	100
CAND	1	2	51	101
CAND	1	3	52	102
CAND	1	4	53	103
CAND	1	5	54	104
CAND	1	6	55	105
CAND	1	7	56	106
CAND	1	8	57	107
CAND	1	9	58	108
CAND	1	10	59	109
CAND	1	11	60	110
CAND	1	12	61	111
CAND	1	13	2	112
CAND	1	14	62	112
CAND	1	15	63	113
CAND	1	16	3	113
CAND	1	17	64	114
CAND	1	18	65	115
CAND	1	19	66	116
CAND	1	20	67	117
CAND	1	21	68	118
CAND	1	22	37	118
CAND	1	23	69	119
CAND	1	24	70	120
CAND	1	25	71	121
CAND	1	26	72	122
CAND	1	27	73	123
CAND	1	28	74	124
CAND	1	29	75	125
CAND	1	30	76	126
CAND	1	31	77	127
CAND	1	32	78	128
CAND	1	33	79	129
CAND	1	34	80	130
CAND	1	35	81	131
CAND	1	36	82	132
CAND	1	37	83	133
CAND	1	38	84	134
CAND	1	39	85	135
CAND	1	40	86	136
CAND	1	41	87	137
CAND	1	42	88	138
CAND	1	43	89	139
CAND	1	44	90	140
CAND	1	45	91	141
CAND	1	46	92	142
CAND	1	47	93	143
CAND	1	48	94	144
CAND	1	49	95	145
CAND	1	50	39	145
CAND	1	51	96	146
CAND	1	52	97	147
CAND	1	53	98	148
CAND	1	54	99	149
CAND	1	55	100	150
CAND	1	56	101	151
CAND	1	57	102	152
CAND	1	58	103	153
CAND	1	59	104	154
CAND	1	60	105	155
CAND	1	61	106	156
CAND	1	62	107	157
CAND	1	63	108	158
CAND	1	64	109	159
CAND	1	65	110	160
CAND	1	66	111	161
CAND	1	67	112	162
CAND	1	68	113	163
CAND	1	69	114	164
CAND	1	70	115	165
CAND	1	71	116	166
CAND	1	72	117	167
CAND	1	73	107	168
END	1	74
PARAM	2	16	16	28
END	2	0
PARAM	3	16	16	28
CAND	3	0	43	102
CAND	3	1	63	104
CAND	3	2	3	104
CAND	3	3	4	105
CAND	3	4	43	105
CAND	3	5	78	115
CAND	3	6	79	116
CAND	3	7	78	120
CAND	3	8	50	121
CAND	3	9	79	121
CAND	3	10	111	122
CAND	3	11	78	127
CAND	3	12	79	128
CAND	3	13	27	158
CAND	3	14	16	161
CAND	3	15	63	161
CAND	3	16	3	161
CAND	3	17	17	162
CAND	3	18	4	162
CAND	3	19	43	162
END	3	20
PARAM	4	16	16	28
END	4	0
PARAM	5	16	16	28
CAND	5	0	27	106
CAND	5	1	2	121
CAND	5	2	62	121
CAND	5	3	63	122
CAND	5	4	3	122
CAND	5	5	9	160
END	5	6
PARAM	6	16	16	28
END	6	0
PARAM	7	16	16	28
END	7	0
PARAM	8	16	16	28
CAND	8	0	31	255
CAND	8	1	68	276
CAND	8	2	37	276
CAND	8	3	61	276
CAND	8	4	24	288
CAND	8	5	92	294
CAND	8	6	93	295
CAND	8	7	51	308
END	8	8
PARAM	9	16	16	28
END	9	0
PARAM	10	16	16	28
CAND	10	0	15	247
CAND	10	1	16	248
CAND	10	2	43	249
CAND	10	3	24	257
CAND	10	4	23	313
END	10	5
PARAM	11	16	16	28
END	11	0
