PARAM	0	16	16	30
END	0	0
PARAM	1	16	16	30
CAND	1	0	0	250
CAND	1	1	1	251
CAND	1	2	2	252
CAND	1	3	62	252
CAND	1	4	16	253
CAND	1	5	63	253
CAND	1	6	3	253
CAND	1	7	17	254
CAND	1	8	4	254
CAND	1	9	43	254
CAND	1	10	5	255
CAND	1	11	6	256
CAND	1	12	7	257
CAND	1	13	8	258
CAND	1	14	9	259
CAND	1	15	10	260
CAND	1	16	11	261
CAND	1	17	12	262
CAND	1	18	13	263
CAND	1	19	14	264
CAND	1	20	41	265
CAND	1	21	15	265
CAND	1	22	16	266
CAND	1	23	3	266
CAND	1	24	17	267
CAND	1	25	4	267
CAND	1	26	18	268
CAND	1	27	19	269
CAND	1	28	20	270
CAND	1	29	21	271
CAND	1	30	22	272
CAND	1	31	23	273
CAND	1	32	24	274
CAND	1	33	25	275
CAND	1	34	26	276
CAND	1	35	27	277
CAND	1	36	28	278
CAND	1	37	29	279
CAND	1	38	30	280
CAND	1	39	31	281
CAND	1	40	32	282
CAND	1	41	33	283
CAND	1	42	34	284
CAND	1	43	35	285
CAND	1	44	36	286
CAND	1	45	68	287
CAND	1	46	37	287
CAND	1	47	38	288
CAND	1	48	95	289
CAND	1	49	39	289
CAND	1	50	40	290
CAND	1	51	41	291
CAND	1	52	15	291
CAND	1	53	42	292
CAND	1	54	4	293
CAND	1	55	43	293
CAND	1	56	44	294
CAND	1	57	45	295
CAND	1	58	46	296
CAND	1	59	47	297
CAND	1	60	48	298
CAND	1	61	49	299
CAND	1	62	50	300
CAND	1	63	51	301
CAND	1	64	52	302
CAND	1	65	53	303
CAND	1	66	54	304
CAND	1	67	55	305
CAND	1	68	56	306
CAND	1	69	57	307
CAND	1	70	58	308
CAND	1	71	59	309
CAND	1	72	60	310
CAND	1	73	61	311
CAND	1	74	2	312
CAND	1	75	62	312
CAND	1	76	63	313
CAND	1	77	3	313
CAND	1	78	64	314
CAND	1	79	65	315
CAND	1	80	66	316
CAND	1	81	67	317
CAND	1	82	68	318
CAND	1	83	37	318
CAND	1	84	69	319
CAND	1	85	70	320
CAND	1	86	71	321
CAND	1	87	72	322
CAND	1	88	73	323
CAND	1	89	74	324
CAND	1	90	75	325
CAND	1	91	76	326
CAND	1	92	77	327
CAND	1	93	78	328
CAND	1	94	79	329
CAND	1	95	80	330
CAND	1	96	81	331
CAND	1	97	82	332
CAND	1	98	83	333
CAND	1	99	84	334
CAND	1	100	85	335
CAND	1	101	86	336
CAND	1	102	87	337
CAND	1	103	88	338
CAND	1	104	89	339
CAND	1	105	90	340
CAND	1	106	91	341
CAND	1	107	92	342
CAND	1	108	93	343
CAND	1	109	94	344
CAND	1	110	95	345
CAND	1	111	39	345
CAND	1	112	96	346
CAND	1	113	97	347
CAND	1	114	98	348
CAND	1	115	99	349
CAND	1	116	100	350
CAND	1	117	101	351
CAND	1	118	102	352
CAND	1	119	103	353
CAND	1	120	104	354
CAND	1	121	105	355
CAND	1	122	106	356
CAND	1	123	107	357
CAND	1	124	108	358
CAND	1	125	109	359
CAND	1	126	110	360
CAND	1	127	111	361
CAND	1	128	112	362
CAND	1	129	113	363
CAND	1	130	114	364
CAND	1	131	115	365
CAND	1	132	116	366
CAND	1	133	117	367
CAND	1	134	107	368
END	1	135
PARAM	2	16	16	30
END	2	0
PARAM	3	16	16	30
CAND	3	0	16	254
CAND	3	1	17	255
CAND	3	2	4	255
CAND	3	3	43	255
CAND	3	4	111	259
CAND	3	5	5	260
CAND	3	6	111	262
CAND	3	7	83	290
CAND	3	8	43	302
CAND	3	9	63	304
CAND	3	10	3	304
CAND	3	11	4	305
CAND	3	12	43	305
CAND	3	13	78	315
CAND	3	14	79	316
CAND	3	15	78	320
CAND	3	16	50	321
CAND	3	17	79	321
CAND	3	18	111	322
CAND	3	19	78	327
CAND	3	20	79	328
CAND	3	21	27	358
CAND	3	22	16	361
CAND	3	23	63	361
CAND	3	24	3	361
CAND	3	25	17	362
CAND	3	26	4	362
CAND	3	27	43	362
END	3	28
PARAM	4	16	16	30
END	4	0
PARAM	5	16	16	30
CAND	5	0	63	260
CAND	5	1	87	274
CAND	5	2	27	306
CAND	5	3	2	321
CAND	5	4	62	321
CAND	5	5	63	322
CAND	5	6	3	322
CAND	5	7	9	360
END	5	8
PARAM	6	16	16	30
CAND	6	0	7	335
CAND	6	1	107	354
END	6	2
PARAM	7	16	16	30
END	7	0
PARAM	8	16	16	30
END	8	0
PARAM	9	16	16	30
CAND	9	0	31	255
CAND	9	1	68	276
CAND	9	2	37	276
CAND	9	3	61	276
CAND	9	4	24	288
CAND	9	5	92	294
CAND	9	6	93	295
CAND	9	7	51	308
CAND	9	8	24	356
CAND	9	9	93	358
END	9	10
PARAM	10	16	16	30
END	10	0
PARAM	11	16	16	30
END	11	0
PARAM	12	16	16	30
CAND	12	0	15	247
CAND	12	1	16	248
CAND	12	2	43	249
CAND	12	3	24	257
CAND	12	4	23	313
CAND	12	5	83	323
END	12	6
PARAM	13	16	16	30
END	13	0
PARAM	14	16	16	30
END	14	0
