PARAM	0	16	16	30
CAND	0	0	0	4998450
CAND	0	1	1	4998451
CAND	0	2	2	4998452
CAND	0	3	62	4998452
CAND	0	4	16	4998453
CAND	0	5	63	4998453
CAND	0	6	3	4998453
CAND	0	7	17	4998454
CAND	0	8	4	4998454
CAND	0	9	43	4998454
CAND	0	10	5	4998455
CAND	0	11	6	4998456
CAND	0	12	7	4998457
CAND	0	13	8	4998458
CAND	0	14	9	4998459
CAND	0	15	10	4998460
CAND	0	16	11	4998461
CAND	0	17	12	4998462
CAND	0	18	13	4998463
CAND	0	19	14	4998464
CAND	0	20	41	4998465
CAND	0	21	15	4998465
CAND	0	22	16	4998466
CAND	0	23	3	4998466
CAND	0	24	17	4998467
CAND	0	25	4	4998467
CAND	0	26	18	4998468
CAND	0	27	19	4998469
CAND	0	28	20	4998470
CAND	0	29	21	4998471
CAND	0	30	22	4998472
CAND	0	31	23	4998473
CAND	0	32	24	4998474
CAND	0	33	25	4998475
CAND	0	34	26	4998476
CAND	0	35	27	4998477
CAND	0	36	28	4998478
CAND	0	37	29	4998479
CAND	0	38	30	4998480
CAND	0	39	31	4998481
CAND	0	40	32	4998482
CAND	0	41	33	4998483
CAND	0	42	34	4998484
CAND	0	43	35	4998485
CAND	0	44	36	4998486
CAND	0	45	68	4998487
CAND	0	46	37	4998487
CAND	0	47	38	4998488
CAND	0	48	95	4998489
CAND	0	49	39	4998489
CAND	0	50	40	4998490
CAND	0	51	41	4998491
CAND	0	52	15	4998491
CAND	0	53	42	4998492
CAND	0	54	4	4998493
CAND	0	55	43	4998493
CAND	0	56	44	4998494
CAND	0	57	45	4998495
CAND	0	58	46	4998496
CAND	0	59	47	4998497
CAND	0	60	48	4998498
CAND	0	61	49	4998499
CAND	0	62	50	4998500
CAND	0	63	51	4998501
CAND	0	64	52	4998502
CAND	0	65	53	4998503
CAND	0	66	54	4998504
CAND	0	67	55	4998505
CAND	0	68	56	4998506
CAND	0	69	57	4998507
CAND	0	70	58	4998508
CAND	0	71	59	4998509
CAND	0	72	60	4998510
CAND	0	73	61	4998511
CAND	0	74	2	4998512
CAND	0	75	62	4998512
CAND	0	76	63	4998513
CAND	0	77	3	4998513
CAND	0	78	64	4998514
CAND	0	79	65	4998515
CAND	0	80	66	4998516
CAND	0	81	67	4998517
CAND	0	82	68	4998518
CAND	0	83	37	4998518
CAND	0	84	69	4998519
CAND	0	85	70	4998520
CAND	0	86	71	4998521
CAND	0	87	72	4998522
CAND	0	88	73	4998523
CAND	0	89	74	4998524
CAND	0	90	75	4998525
CAND	0	91	76	4998526
CAND	0	92	77	4998527
CAND	0	93	78	4998528
CAND	0	94	79	4998529
CAND	0	95	80	4998530
CAND	0	96	81	4998531
CAND	0	97	82	4998532
CAND	0	98	83	4998533
CAND	0	99	84	4998534
CAND	0	100	85	4998535
CAND	0	101	86	4998536
CAND	0	102	87	4998537
CAND	0	103	88	4998538
CAND	0	104	89	4998539
CAND	0	105	90	4998540
CAND	0	106	91	4998541
CAND	0	107	92	4998542
CAND	0	108	93	4998543
CAND	0	109	94	4998544
CAND	0	110	95	4998545
CAND	0	111	39	4998545
CAND	0	112	96	4998546
CAND	0	113	97	4998547
CAND	0	114	98	4998548
CAND	0	115	99	4998549
CAND	0	116	100	4998550
CAND	0	117	101	4998551
CAND	0	118	102	4998552
CAND	0	119	103	4998553
CAND	0	120	104	4998554
CAND	0	121	105	4998555
CAND	0	122	106	4998556
CAND	0	123	107	4998557
CAND	0	124	108	4998558
CAND	0	125	109	4998559
CAND	0	126	110	4998560
CAND	0	127	111	4998561
CAND	0	128	112	4998562
CAND	0	129	113	4998563
CAND	0	130	114	4998564
CAND	0	131	115	4998565
CAND	0	132	116	4998566
CAND	0	133	117	4998567
CAND	0	134	107	4998568
CAND	0	135	108	4998569
CAND	0	136	109	4998570
END	0	137
PARAM	1	16	16	30
CAND	1	0	0	250
CAND	1	1	1	251
CAND	1	2	2	252
CAND	1	3	62	252
CAND	1	4	16	253
CAND	1	5	63	253
CAND	1	6	3	253
CAND	1	7	17	254
CAND	1	8	4	254
CAND	1	9	43	254
CAND	1	10	5	255
CAND	1	11	6	256
CAND	1	12	7	257
CAND	1	13	8	258
CAND	1	14	9	259
CAND	1	15	10	260
CAND	1	16	11	261
CAND	1	17	12	262
CAND	1	18	13	263
CAND	1	19	14	264
CAND	1	20	41	265
CAND	1	21	15	265
CAND	1	22	16	266
CAND	1	23	3	266
CAND	1	24	17	267
CAND	1	25	4	267
CAND	1	26	18	268
CAND	1	27	19	269
CAND	1	28	20	270
CAND	1	29	21	271
CAND	1	30	22	272
CAND	1	31	23	273
CAND	1	32	24	274
CAND	1	33	25	275
CAND	1	34	26	276
CAND	1	35	27	277
CAND	1	36	28	278
CAND	1	37	29	279
CAND	1	38	30	280
CAND	1	39	31	281
CAND	1	40	32	282
CAND	1	41	33	283
CAND	1	42	34	284
CAND	1	43	35	285
CAND	1	44	36	286
CAND	1	45	68	287
CAND	1	46	37	287
CAND	1	47	38	288
CAND	1	48	95	289
CAND	1	49	39	289
CAND	1	50	40	290
CAND	1	51	41	291
CAND	1	52	15	291
CAND	1	53	42	292
CAND	1	54	4	293
CAND	1	55	43	293
CAND	1	56	44	294
CAND	1	57	45	295
CAND	1	58	46	296
CAND	1	59	47	297
CAND	1	60	48	298
CAND	1	61	49	299
CAND	1	62	50	300
CAND	1	63	51	301
CAND	1	64	52	302
CAND	1	65	53	303
CAND	1	66	54	304
CAND	1	67	55	305
CAND	1	68	56	306
CAND	1	69	57	307
CAND	1	70	58	308
CAND	1	71	59	309
CAND	1	72	60	310
CAND	1	73	61	311
CAND	1	74	2	312
CAND	1	75	62	312
CAND	1	76	63	313
CAND	1	77	3	313
CAND	1	78	64	314
CAND	1	79	65	315
CAND	1	80	66	316
CAND	1	81	67	317
CAND	1	82	68	318
CAND	1	83	37	318
CAND	1	84	69	319
CAND	1	85	70	320
CAND	1	86	71	321
CAND	1	87	72	322
CAND	1	88	73	323
CAND	1	89	74	324
CAND	1	90	75	325
CAND	1	91	76	326
CAND	1	92	77	327
CAND	1	93	78	328
CAND	1	94	79	329
CAND	1	95	80	330
CAND	1	96	81	331
CAND	1	97	82	332
CAND	1	98	83	333
CAND	1	99	84	334
CAND	1	100	85	335
CAND	1	101	86	336
CAND	1	102	87	337
CAND	1	103	88	338
CAND	1	104	89	339
CAND	1	105	90	340
CAND	1	106	91	341
CAND	1	107	92	342
CAND	1	108	93	343
CAND	1	109	94	344
CAND	1	110	95	345
CAND	1	111	39	345
CAND	1	112	96	346
CAND	1	113	97	347
CAND	1	114	98	348
CAND	1	115	99	349
CAND	1	116	100	350
CAND	1	117	101	351
CAND	1	118	102	352
CAND	1	119	103	353
CAND	1	120	104	354
CAND	1	121	105	355
CAND	1	122	106	356
CAND	1	123	107	357
CAND	1	124	108	358
CAND	1	125	109	359
CAND	1	126	110	360
CAND	1	127	111	361
CAND	1	128	112	362
CAND	1	129	113	363
CAND	1	130	114	364
CAND	1	131	115	365
CAND	1	132	116	366
CAND	1	133	117	367
CAND	1	134	107	368
END	1	135
PARAM	2	16	16	30
CAND	2	0	16	4998454
CAND	2	1	17	4998455
CAND	2	2	4	4998455
CAND	2	3	43	4998455
CAND	2	4	111	4998459
CAND	2	5	5	4998460
CAND	2	6	111	4998462
CAND	2	7	83	4998490
CAND	2	8	43	4998502
CAND	2	9	63	4998504
CAND	2	10	3	4998504
CAND	2	11	4	4998505
CAND	2	12	43	4998505
CAND	2	13	78	4998515
CAND	2	14	79	4998516
CAND	2	15	78	4998520
CAND	2	16	50	4998521
CAND	2	17	79	4998521
CAND	2	18	111	4998522
CAND	2	19	78	4998527
CAND	2	20	79	4998528
CAND	2	21	27	4998558
CAND	2	22	16	4998561
CAND	2	23	63	4998561
CAND	2	24	3	4998561
CAND	2	25	17	4998562
CAND	2	26	4	4998562
CAND	2	27	43	4998562
END	2	28
PARAM	3	16	16	30
CAND	3	0	16	254
CAND	3	1	17	255
CAND	3	2	4	255
CAND	3	3	43	255
CAND	3	4	111	259
CAND	3	5	5	260
CAND	3	6	111	262
CAND	3	7	83	290
CAND	3	8	43	302
CAND	3	9	63	304
CAND	3	10	3	304
CAND	3	11	4	305
CAND	3	12	43	305
CAND	3	13	78	315
CAND	3	14	79	316
CAND	3	15	78	320
CAND	3	16	50	321
CAND	3	17	79	321
CAND	3	18	111	322
CAND	3	19	78	327
CAND	3	20	79	328
CAND	3	21	27	358
CAND	3	22	16	361
CAND	3	23	63	361
CAND	3	24	3	361
CAND	3	25	17	362
CAND	3	26	4	362
CAND	3	27	43	362
END	3	28
PARAM	4	16	16	30
CAND	4	0	63	4998460
CAND	4	1	87	4998474
CAND	4	2	27	4998506
CAND	4	3	2	4998521
CAND	4	4	62	4998521
CAND	4	5	63	4998522
CAND	4	6	3	4998522
CAND	4	7	9	4998560
CAND	4	8	105	4998570
END	4	9
PARAM	5	16	16	30
CAND	5	0	63	260
CAND	5	1	87	274
CAND	5	2	27	306
CAND	5	3	2	321
CAND	5	4	62	321
CAND	5	5	63	322
CAND	5	6	3	322
CAND	5	7	9	360
END	5	8
PARAM	6	16	16	30
CAND	6	0	7	335
CAND	6	1	107	354
END	6	2
PARAM	7	16	16	30
CAND	7	0	7	2035
CAND	7	1	107	2054
END	7	2
PARAM	8	16	16	30
END	8	0
PARAM	9	16	16	30
CAND	9	0	31	255
CAND	9	1	68	276
CAND	9	2	37	276
CAND	9	3	61	276
CAND	9	4	24	288
CAND	9	5	92	294
CAND	9	6	93	295
CAND	9	7	51	308
CAND	9	8	24	356
CAND	9	9	93	358
END	9	10
PARAM	10	16	16	30
CAND	10	0	31	1955
CAND	10	1	68	1976
CAND	10	2	37	1976
CAND	10	3	61	1976
CAND	10	4	24	1988
CAND	10	5	92	1994
CAND	10	6	93	1995
CAND	10	7	51	2008
CAND	10	8	24	2056
CAND	10	9	93	2058
END	10	10
PARAM	11	16	16	30
END	11	0
PARAM	12	16	16	30
CAND	12	0	15	247
CAND	12	1	16	248
CAND	12	2	43	249
CAND	12	3	24	257
CAND	12	4	23	313
CAND	12	5	83	323
END	12	6
PARAM	13	16	16	30
CAND	13	0	2	1947
CAND	13	1	62	1947
CAND	13	2	43	1949
CAND	13	3	24	1957
CAND	13	4	23	2013
CAND	13	5	83	2023
END	13	6
PARAM	14	16	16	30
END	14	0
