PARAM	0	16	16	0
CAND	0	0	102	2
CAND	0	1	56	3
CAND	0	2	103	3
CAND	0	3	57	4
CAND	0	4	83	4
CAND	0	5	45	5
CAND	0	6	46	6
CAND	0	7	47	7
CAND	0	8	48	8
CAND	0	9	49	9
CAND	0	10	50	10
CAND	0	11	51	11
CAND	0	12	52	12
CAND	0	13	53	13
CAND	0	14	54	14
CAND	0	15	81	15
CAND	0	16	55	15
CAND	0	17	56	16
CAND	0	18	57	17
CAND	0	19	58	18
CAND	0	20	59	19
CAND	0	21	60	20
CAND	0	22	61	21
CAND	0	23	62	22
CAND	0	24	63	23
CAND	0	25	64	24
CAND	0	26	65	25
CAND	0	27	66	26
CAND	0	28	67	27
CAND	0	29	68	28
CAND	0	30	69	29
CAND	0	31	70	30
CAND	0	32	71	31
CAND	0	33	72	32
CAND	0	34	73	33
CAND	0	35	74	34
CAND	0	36	75	35
CAND	0	37	76	36
CAND	0	38	108	37
CAND	0	39	77	37
CAND	0	40	78	38
CAND	0	41	135	39
CAND	0	42	79	39
CAND	0	43	80	40
CAND	0	44	81	41
CAND	0	45	55	41
CAND	0	46	82	42
CAND	0	47	83	43
CAND	0	48	84	44
CAND	0	49	85	45
CAND	0	50	86	46
CAND	0	51	87	47
CAND	0	52	88	48
CAND	0	53	89	49
CAND	0	54	90	50
CAND	0	55	91	51
CAND	0	56	92	52
CAND	0	57	93	53
CAND	0	58	94	54
CAND	0	59	95	55
CAND	0	60	96	56
CAND	0	61	97	57
CAND	0	62	98	58
CAND	0	63	99	59
CAND	0	64	100	60
CAND	0	65	101	61
CAND	0	66	102	62
CAND	0	67	103	63
CAND	0	68	104	64
CAND	0	69	105	65
CAND	0	70	106	66
CAND	0	71	107	67
CAND	0	72	108	68
CAND	0	73	77	68
CAND	0	74	109	69
CAND	0	75	110	70
CAND	0	76	111	71
CAND	0	77	112	72
CAND	0	78	113	73
CAND	0	79	114	74
CAND	0	80	115	75
CAND	0	81	116	76
CAND	0	82	117	77
CAND	0	83	118	78
CAND	0	84	119	79
CAND	0	85	120	80
CAND	0	86	121	81
CAND	0	87	122	82
CAND	0	88	123	83
CAND	0	89	124	84
CAND	0	90	125	85
CAND	0	91	126	86
CAND	0	92	127	87
CAND	0	93	128	88
CAND	0	94	129	89
CAND	0	95	130	90
CAND	0	96	131	91
CAND	0	97	132	92
CAND	0	98	133	93
CAND	0	99	134	94
CAND	0	100	135	95
CAND	0	101	79	95
CAND	0	102	136	96
CAND	0	103	137	97
CAND	0	104	138	98
CAND	0	105	139	99
CAND	0	106	140	100
CAND	0	107	141	101
CAND	0	108	142	102
CAND	0	109	143	103
CAND	0	110	144	104
CAND	0	111	145	105
CAND	0	112	146	106
CAND	0	113	147	107
CAND	0	114	148	108
CAND	0	115	149	109
CAND	0	116	150	110
CAND	0	117	151	111
CAND	0	118	152	112
CAND	0	119	153	113
CAND	0	120	154	114
CAND	0	121	155	115
CAND	0	122	156	116
CAND	0	123	157	117
END	0	124
PARAM	1	16	16	0
CAND	1	0	56	4
CAND	1	1	57	5
CAND	1	2	83	5
CAND	1	3	151	9
CAND	1	4	45	10
CAND	1	5	151	12
CAND	1	6	123	40
CAND	1	7	83	52
CAND	1	8	103	54
CAND	1	9	83	55
CAND	1	10	118	65
CAND	1	11	119	66
CAND	1	12	118	70
CAND	1	13	90	71
CAND	1	14	119	71
CAND	1	15	151	72
CAND	1	16	118	77
CAND	1	17	119	78
CAND	1	18	67	108
CAND	1	19	56	111
CAND	1	20	103	111
CAND	1	21	57	112
CAND	1	22	83	112
END	1	23
PARAM	2	16	16	0
CAND	2	0	103	10
CAND	2	1	127	24
CAND	2	2	67	56
CAND	2	3	102	71
CAND	2	4	103	72
CAND	2	5	49	110
END	2	6
PARAM	3	16	16	0
CAND	3	0	47	85
CAND	3	1	147	104
END	3	2
PARAM	4	16	16	0
CAND	4	0	71	5
CAND	4	1	108	26
CAND	4	2	77	26
CAND	4	3	101	26
CAND	4	4	64	38
CAND	4	5	132	44
CAND	4	6	133	45
CAND	4	7	91	58
CAND	4	8	64	106
CAND	4	9	133	108
END	4	10
PARAM	5	16	16	0
CAND	5	0	64	7
CAND	5	1	63	63
CAND	5	2	123	73
END	5	3
