PARAM	0	16	16	0
CAND	0	0	63	1
CAND	0	1	159	1
CAND	0	2	92	48
CAND	0	3	188	48
CAND	0	4	75	68
CAND	0	5	171	68
CAND	0	6	46	96
CAND	0	7	142	96
CAND	0	8	2	163
CAND	0	9	62	163
CAND	0	10	158	163
CAND	0	11	41	163
CAND	0	12	137	163
CAND	0	13	26	164
CAND	0	14	122	164
CAND	0	15	42	164
CAND	0	16	138	164
CAND	0	17	63	164
CAND	0	18	159	164
CAND	0	19	3	164
CAND	0	20	4	165
CAND	0	21	43	165
CAND	0	22	139	165
CAND	0	23	102	167
CAND	0	24	91	169
CAND	0	25	187	169
CAND	0	26	30	185
CAND	0	27	126	185
CAND	0	28	0	200
CAND	0	29	1	201
CAND	0	30	2	202
CAND	0	31	62	202
CAND	0	32	158	202
CAND	0	33	16	203
CAND	0	34	63	203
CAND	0	35	159	203
CAND	0	36	3	203
CAND	0	37	17	204
CAND	0	38	4	204
CAND	0	39	43	204
CAND	0	40	139	204
CAND	0	41	5	205
CAND	0	42	6	206
CAND	0	43	7	207
CAND	0	44	8	208
CAND	0	45	9	209
CAND	0	46	10	210
CAND	0	47	11	211
CAND	0	48	12	212
CAND	0	49	13	213
CAND	0	50	14	214
CAND	0	51	41	215
CAND	0	52	137	215
CAND	0	53	15	215
CAND	0	54	16	216
CAND	0	55	3	216
CAND	0	56	17	217
CAND	0	57	4	217
CAND	0	58	18	218
CAND	0	59	19	219
CAND	0	60	20	220
CAND	0	61	21	221
CAND	0	62	22	222
CAND	0	63	23	223
CAND	0	64	24	224
CAND	0	65	25	225
CAND	0	66	121	225
CAND	0	67	26	226
CAND	0	68	122	226
CAND	0	69	27	227
CAND	0	70	123	227
CAND	0	71	28	228
CAND	0	72	124	228
CAND	0	73	29	229
CAND	0	74	125	229
CAND	0	75	30	230
CAND	0	76	126	230
CAND	0	77	31	231
CAND	0	78	127	231
CAND	0	79	32	232
CAND	0	80	128	232
CAND	0	81	33	233
CAND	0	82	129	233
CAND	0	83	34	234
CAND	0	84	130	234
CAND	0	85	35	235
CAND	0	86	131	235
CAND	0	87	36	236
CAND	0	88	132	236
CAND	0	89	68	237
CAND	0	90	164	237
CAND	0	91	37	237
CAND	0	92	133	237
CAND	0	93	38	238
CAND	0	94	134	238
CAND	0	95	95	239
CAND	0	96	39	239
CAND	0	97	135	239
CAND	0	98	40	240
CAND	0	99	136	240
CAND	0	100	41	241
CAND	0	101	137	241
CAND	0	102	15	241
CAND	0	103	42	242
CAND	0	104	138	242
CAND	0	105	4	243
CAND	0	106	43	243
CAND	0	107	139	243
CAND	0	108	44	244
CAND	0	109	140	244
CAND	0	110	45	245
CAND	0	111	141	245
CAND	0	112	46	246
CAND	0	113	142	246
CAND	0	114	47	247
CAND	0	115	143	247
CAND	0	116	48	248
CAND	0	117	144	248
CAND	0	118	49	249
CAND	0	119	145	249
CAND	0	120	50	250
CAND	0	121	146	250
CAND	0	122	51	251
CAND	0	123	147	251
CAND	0	124	52	252
CAND	0	125	148	252
CAND	0	126	53	253
CAND	0	127	149	253
CAND	0	128	54	254
CAND	0	129	150	254
CAND	0	130	55	255
CAND	0	131	151	255
CAND	0	132	56	256
CAND	0	133	152	256
CAND	0	134	57	257
CAND	0	135	153	257
CAND	0	136	58	258
CAND	0	137	154	258
CAND	0	138	59	259
CAND	0	139	155	259
CAND	0	140	60	260
CAND	0	141	156	260
CAND	0	142	61	261
CAND	0	143	157	261
CAND	0	144	2	262
CAND	0	145	62	262
CAND	0	146	158	262
CAND	0	147	63	263
CAND	0	148	159	263
CAND	0	149	3	263
CAND	0	150	64	264
CAND	0	151	160	264
CAND	0	152	65	265
CAND	0	153	161	265
CAND	0	154	66	266
CAND	0	155	162	266
CAND	0	156	67	267
CAND	0	157	163	267
CAND	0	158	68	268
CAND	0	159	164	268
CAND	0	160	37	268
CAND	0	161	133	268
CAND	0	162	69	269
CAND	0	163	165	269
CAND	0	164	70	270
CAND	0	165	166	270
CAND	0	166	71	271
CAND	0	167	167	271
CAND	0	168	72	272
CAND	0	169	168	272
CAND	0	170	73	273
CAND	0	171	169	273
CAND	0	172	74	274
CAND	0	173	170	274
CAND	0	174	75	275
CAND	0	175	171	275
CAND	0	176	76	276
CAND	0	177	172	276
CAND	0	178	77	277
CAND	0	179	173	277
CAND	0	180	78	278
CAND	0	181	174	278
CAND	0	182	79	279
CAND	0	183	175	279
CAND	0	184	80	280
CAND	0	185	176	280
CAND	0	186	81	281
CAND	0	187	177	281
CAND	0	188	82	282
CAND	0	189	178	282
CAND	0	190	83	283
CAND	0	191	179	283
CAND	0	192	84	284
CAND	0	193	180	284
CAND	0	194	85	285
CAND	0	195	181	285
CAND	0	196	86	286
CAND	0	197	182	286
CAND	0	198	87	287
CAND	0	199	183	287
CAND	0	200	88	288
CAND	0	201	184	288
CAND	0	202	89	289
CAND	0	203	185	289
CAND	0	204	90	290
CAND	0	205	186	290
CAND	0	206	91	291
CAND	0	207	187	291
CAND	0	208	92	292
CAND	0	209	188	292
CAND	0	210	93	293
CAND	0	211	94	294
CAND	0	212	95	295
CAND	0	213	39	295
CAND	0	214	135	295
CAND	0	215	96	296
CAND	0	216	97	297
CAND	0	217	98	298
CAND	0	218	99	299
CAND	0	219	100	300
CAND	0	220	101	301
CAND	0	221	102	302
CAND	0	222	103	303
CAND	0	223	104	304
CAND	0	224	105	305
CAND	0	225	106	306
CAND	0	226	107	307
CAND	0	227	108	308
CAND	0	228	109	309
CAND	0	229	110	310
CAND	0	230	111	311
CAND	0	231	112	312
CAND	0	232	113	313
CAND	0	233	114	314
CAND	0	234	115	315
CAND	0	235	116	316
CAND	0	236	117	317
CAND	0	237	107	318
CAND	0	238	26	329
CAND	0	239	122	329
CAND	0	240	48	345
CAND	0	241	144	345
CAND	0	242	27	368
CAND	0	243	123	368
CAND	0	244	4	370
CAND	0	245	43	370
CAND	0	246	139	370
CAND	0	247	95	394
CAND	0	248	2	400
CAND	0	249	62	400
CAND	0	250	158	400
CAND	0	251	63	401
CAND	0	252	159	401
CAND	0	253	3	401
CAND	0	254	12	432
CAND	0	255	108	435
CAND	0	256	89	439
CAND	0	257	185	439
CAND	0	258	106	440
CAND	0	259	18	446
CAND	0	260	33	454
CAND	0	261	129	454
CAND	0	262	48	479
CAND	0	263	144	479
CAND	0	264	115	479
CAND	0	265	49	480
CAND	0	266	145	480
CAND	0	267	39	514
CAND	0	268	135	514
CAND	0	269	63	532
CAND	0	270	159	532
CAND	0	271	87	546
CAND	0	272	183	546
CAND	0	273	27	578
CAND	0	274	123	578
CAND	0	275	2	593
CAND	0	276	62	593
CAND	0	277	158	593
CAND	0	278	63	594
CAND	0	279	159	594
CAND	0	280	3	594
CAND	0	281	9	632
CAND	0	282	117	655
CAND	0	283	18	657
CAND	0	284	2	661
CAND	0	285	62	661
CAND	0	286	158	661
CAND	0	287	16	662
CAND	0	288	63	662
CAND	0	289	159	662
CAND	0	290	3	662
CAND	0	291	17	663
CAND	0	292	4	663
CAND	0	293	108	664
CAND	0	294	51	670
CAND	0	295	147	670
CAND	0	296	52	671
CAND	0	297	148	671
CAND	0	298	53	672
CAND	0	299	149	672
CAND	0	300	115	688
CAND	0	301	10	712
CAND	0	302	79	716
CAND	0	303	175	716
CAND	0	304	80	808
CAND	0	305	176	808
CAND	0	306	99	821
CAND	0	307	16	847
CAND	0	308	17	848
CAND	0	309	4	848
CAND	0	310	43	848
CAND	0	311	139	848
CAND	0	312	111	852
CAND	0	313	5	853
CAND	0	314	111	855
CAND	0	315	83	883
CAND	0	316	179	883
CAND	0	317	43	895
CAND	0	318	139	895
CAND	0	319	63	897
CAND	0	320	159	897
CAND	0	321	3	897
CAND	0	322	4	898
CAND	0	323	43	898
CAND	0	324	139	898
CAND	0	325	78	908
CAND	0	326	174	908
CAND	0	327	79	909
CAND	0	328	175	909
CAND	0	329	78	913
CAND	0	330	174	913
CAND	0	331	50	914
CAND	0	332	146	914
CAND	0	333	79	914
CAND	0	334	175	914
CAND	0	335	111	915
CAND	0	336	78	920
CAND	0	337	174	920
CAND	0	338	79	921
CAND	0	339	175	921
CAND	0	340	27	951
CAND	0	341	123	951
CAND	0	342	16	954
CAND	0	343	63	954
CAND	0	344	159	954
CAND	0	345	3	954
CAND	0	346	17	955
CAND	0	347	4	955
CAND	0	348	43	955
CAND	0	349	139	955
CAND	0	350	11	982
CAND	0	351	27	987
CAND	0	352	123	987
CAND	0	353	33	1038
CAND	0	354	129	1038
CAND	0	355	115	1059
CAND	0	356	78	1060
CAND	0	357	174	1060
CAND	0	358	87	1068
CAND	0	359	183	1068
CAND	0	360	70	1100
CAND	0	361	166	1100
CAND	0	362	63	1106
CAND	0	363	159	1106
CAND	0	364	64	1107
CAND	0	365	160	1107
CAND	0	366	4	1107
CAND	0	367	43	1107
CAND	0	368	139	1107
CAND	0	369	15	1139
CAND	0	370	16	1140
CAND	0	371	21	1153
CAND	0	372	7	1248
CAND	0	373	107	1267
CAND	0	374	48	1307
CAND	0	375	144	1307
CAND	0	376	49	1308
CAND	0	377	145	1308
CAND	0	378	78	1373
CAND	0	379	174	1373
CAND	0	380	50	1374
CAND	0	381	146	1374
CAND	0	382	48	1392
CAND	0	383	144	1392
CAND	0	384	49	1393
CAND	0	385	145	1393
CAND	0	386	3	1422
CAND	0	387	56	1449
CAND	0	388	152	1449
CAND	0	389	31	1489
CAND	0	390	127	1489
CAND	0	391	68	1510
CAND	0	392	164	1510
CAND	0	393	37	1510
CAND	0	394	133	1510
CAND	0	395	61	1510
CAND	0	396	157	1510
CAND	0	397	24	1522
CAND	0	398	92	1528
CAND	0	399	188	1528
CAND	0	400	93	1529
CAND	0	401	51	1542
CAND	0	402	147	1542
CAND	0	403	24	1590
CAND	0	404	93	1592
CAND	0	405	70	1607
CAND	0	406	166	1607
CAND	0	407	41	1609
CAND	0	408	137	1609
CAND	0	409	42	1610
CAND	0	410	138	1610
CAND	0	411	17	1611
CAND	0	412	29	1614
CAND	0	413	125	1614
CAND	0	414	101	1619
CAND	0	415	73	1662
CAND	0	416	169	1662
CAND	0	417	116	1684
CAND	0	418	77	1697
CAND	0	419	173	1697
CAND	0	420	16	1702
CAND	0	421	3	1702
CAND	0	422	29	1703
CAND	0	423	125	1703
CAND	0	424	17	1703
CAND	0	425	4	1703
CAND	0	426	32	1718
CAND	0	427	128	1718
CAND	0	428	33	1719
CAND	0	429	129	1719
CAND	0	430	12	1732
CAND	0	431	24	1812
CAND	0	432	23	1868
CAND	0	433	83	1878
CAND	0	434	179	1878
CAND	0	435	25	1923
CAND	0	436	121	1923
CAND	0	437	48	1937
CAND	0	438	144	1937
CAND	0	439	2	1982
CAND	0	440	62	1982
CAND	0	441	158	1982
CAND	0	442	63	1983
CAND	0	443	159	1983
CAND	0	444	47	1999
CAND	0	445	143	1999
CAND	0	446	2	2012
CAND	0	447	62	2012
CAND	0	448	158	2012
CAND	0	449	63	2013
CAND	0	450	159	2013
CAND	0	451	3	2013
CAND	0	452	45	2025
CAND	0	453	141	2025
CAND	0	454	46	2026
CAND	0	455	142	2026
CAND	0	456	74	2027
CAND	0	457	170	2027
CAND	0	458	12	2037
CAND	0	459	70	2061
CAND	0	460	166	2061
CAND	0	461	79	2084
CAND	0	462	175	2084
CAND	0	463	27	2084
CAND	0	464	123	2084
CAND	0	465	28	2085
CAND	0	466	124	2085
CAND	0	467	12	2098
CAND	0	468	12	2100
END	0	469
PARAM	1	16	16	0
CAND	1	0	49	17
CAND	1	1	145	17
CAND	1	2	5	39
CAND	1	3	104	69
CAND	1	4	2	74
CAND	1	5	62	74
CAND	1	6	158	74
CAND	1	7	63	75
CAND	1	8	159	75
CAND	1	9	3	75
CAND	1	10	111	86
CAND	1	11	15	109
CAND	1	12	42	110
CAND	1	13	138	110
CAND	1	14	16	110
CAND	1	15	72	115
CAND	1	16	168	115
CAND	1	17	117	126
CAND	1	18	7	163
CAND	1	19	7	170
CAND	1	20	77	180
CAND	1	21	173	180
CAND	1	22	79	190
CAND	1	23	175	190
CAND	1	24	109	194
CAND	1	25	42	197
CAND	1	26	138	197
CAND	1	27	16	197
CAND	1	28	3	197
CAND	1	29	16	204
CAND	1	30	17	205
CAND	1	31	4	205
CAND	1	32	43	205
CAND	1	33	139	205
CAND	1	34	111	209
CAND	1	35	5	210
CAND	1	36	111	212
CAND	1	37	83	240
CAND	1	38	179	240
CAND	1	39	43	252
CAND	1	40	139	252
CAND	1	41	63	254
CAND	1	42	159	254
CAND	1	43	3	254
CAND	1	44	4	255
CAND	1	45	43	255
CAND	1	46	139	255
CAND	1	47	78	265
CAND	1	48	174	265
CAND	1	49	79	266
CAND	1	50	175	266
CAND	1	51	78	270
CAND	1	52	174	270
CAND	1	53	50	271
CAND	1	54	146	271
CAND	1	55	79	271
CAND	1	56	175	271
CAND	1	57	111	272
CAND	1	58	78	277
CAND	1	59	174	277
CAND	1	60	79	278
CAND	1	61	175	278
CAND	1	62	27	308
CAND	1	63	123	308
CAND	1	64	16	311
CAND	1	65	63	311
CAND	1	66	159	311
CAND	1	67	3	311
CAND	1	68	17	312
CAND	1	69	4	312
CAND	1	70	43	312
CAND	1	71	139	312
CAND	1	72	45	320
CAND	1	73	141	320
CAND	1	74	93	357
CAND	1	75	105	361
CAND	1	76	28	380
CAND	1	77	124	380
CAND	1	78	40	395
CAND	1	79	136	395
CAND	1	80	8	401
CAND	1	81	5	407
CAND	1	82	26	436
CAND	1	83	122	436
CAND	1	84	18	439
CAND	1	85	55	457
CAND	1	86	151	457
CAND	1	87	100	460
CAND	1	88	23	466
CAND	1	89	7	471
CAND	1	90	0	521
CAND	1	91	1	522
CAND	1	92	2	523
CAND	1	93	62	523
CAND	1	94	158	523
CAND	1	95	16	524
CAND	1	96	63	524
CAND	1	97	159	524
CAND	1	98	3	524
CAND	1	99	17	525
CAND	1	100	4	525
CAND	1	101	43	525
CAND	1	102	139	525
CAND	1	103	5	526
CAND	1	104	6	527
CAND	1	105	7	528
CAND	1	106	8	529
CAND	1	107	9	530
CAND	1	108	10	531
CAND	1	109	11	532
CAND	1	110	12	533
CAND	1	111	13	534
CAND	1	112	14	535
CAND	1	113	41	536
CAND	1	114	137	536
CAND	1	115	15	536
CAND	1	116	16	537
CAND	1	117	3	537
CAND	1	118	17	538
CAND	1	119	4	538
CAND	1	120	18	539
CAND	1	121	19	540
CAND	1	122	20	541
CAND	1	123	21	542
CAND	1	124	22	543
CAND	1	125	23	544
CAND	1	126	24	545
CAND	1	127	25	546
CAND	1	128	121	546
CAND	1	129	26	547
CAND	1	130	122	547
CAND	1	131	27	548
CAND	1	132	123	548
CAND	1	133	28	549
CAND	1	134	124	549
CAND	1	135	29	550
CAND	1	136	125	550
CAND	1	137	30	551
CAND	1	138	126	551
CAND	1	139	31	552
CAND	1	140	127	552
CAND	1	141	32	553
CAND	1	142	128	553
CAND	1	143	33	554
CAND	1	144	129	554
CAND	1	145	34	555
CAND	1	146	130	555
CAND	1	147	35	556
CAND	1	148	131	556
CAND	1	149	36	557
CAND	1	150	132	557
CAND	1	151	68	558
CAND	1	152	164	558
CAND	1	153	37	558
CAND	1	154	133	558
CAND	1	155	38	559
CAND	1	156	134	559
CAND	1	157	95	560
CAND	1	158	39	560
CAND	1	159	135	560
CAND	1	160	40	561
CAND	1	161	136	561
CAND	1	162	41	562
CAND	1	163	137	562
CAND	1	164	15	562
CAND	1	165	42	563
CAND	1	166	138	563
CAND	1	167	4	564
CAND	1	168	43	564
CAND	1	169	139	564
CAND	1	170	44	565
CAND	1	171	140	565
CAND	1	172	45	566
CAND	1	173	141	566
CAND	1	174	46	567
CAND	1	175	142	567
CAND	1	176	47	568
CAND	1	177	143	568
CAND	1	178	48	569
CAND	1	179	144	569
CAND	1	180	49	570
CAND	1	181	145	570
CAND	1	182	50	571
CAND	1	183	146	571
CAND	1	184	51	572
CAND	1	185	147	572
CAND	1	186	52	573
CAND	1	187	148	573
CAND	1	188	53	574
CAND	1	189	149	574
CAND	1	190	54	575
CAND	1	191	150	575
CAND	1	192	55	576
CAND	1	193	151	576
CAND	1	194	56	577
CAND	1	195	152	577
CAND	1	196	57	578
CAND	1	197	153	578
CAND	1	198	58	579
CAND	1	199	154	579
CAND	1	200	59	580
CAND	1	201	155	580
CAND	1	202	60	581
CAND	1	203	156	581
CAND	1	204	61	582
CAND	1	205	157	582
CAND	1	206	2	583
CAND	1	207	62	583
CAND	1	208	158	583
CAND	1	209	63	584
CAND	1	210	159	584
CAND	1	211	3	584
CAND	1	212	64	585
CAND	1	213	160	585
CAND	1	214	65	586
CAND	1	215	161	586
CAND	1	216	66	587
CAND	1	217	162	587
CAND	1	218	67	588
CAND	1	219	163	588
CAND	1	220	68	589
CAND	1	221	164	589
CAND	1	222	37	589
CAND	1	223	133	589
CAND	1	224	69	590
CAND	1	225	165	590
CAND	1	226	70	591
CAND	1	227	166	591
CAND	1	228	71	592
CAND	1	229	167	592
CAND	1	230	72	593
CAND	1	231	168	593
CAND	1	232	73	594
CAND	1	233	169	594
CAND	1	234	74	595
CAND	1	235	170	595
CAND	1	236	75	596
CAND	1	237	171	596
CAND	1	238	76	597
CAND	1	239	172	597
CAND	1	240	77	598
CAND	1	241	173	598
CAND	1	242	78	599
CAND	1	243	174	599
CAND	1	244	79	600
CAND	1	245	175	600
CAND	1	246	80	601
CAND	1	247	176	601
CAND	1	248	81	602
CAND	1	249	177	602
CAND	1	250	82	603
CAND	1	251	178	603
CAND	1	252	83	604
CAND	1	253	179	604
CAND	1	254	84	605
CAND	1	255	180	605
CAND	1	256	85	606
CAND	1	257	181	606
CAND	1	258	86	607
CAND	1	259	182	607
CAND	1	260	87	608
CAND	1	261	183	608
CAND	1	262	88	609
CAND	1	263	184	609
CAND	1	264	89	610
CAND	1	265	185	610
CAND	1	266	90	611
CAND	1	267	186	611
CAND	1	268	91	612
CAND	1	269	187	612
CAND	1	270	92	613
CAND	1	271	188	613
CAND	1	272	93	614
CAND	1	273	94	615
CAND	1	274	95	616
CAND	1	275	39	616
CAND	1	276	135	616
CAND	1	277	96	617
CAND	1	278	97	618
CAND	1	279	98	619
CAND	1	280	99	620
CAND	1	281	100	621
CAND	1	282	101	622
CAND	1	283	102	623
CAND	1	284	103	624
CAND	1	285	104	625
CAND	1	286	105	626
CAND	1	287	106	627
CAND	1	288	107	628
CAND	1	289	108	629
CAND	1	290	109	630
CAND	1	291	110	631
CAND	1	292	111	632
CAND	1	293	112	633
CAND	1	294	113	634
CAND	1	295	114	635
CAND	1	296	115	636
CAND	1	297	116	637
CAND	1	298	117	638
CAND	1	299	107	639
CAND	1	300	92	643
CAND	1	301	188	643
CAND	1	302	104	652
CAND	1	303	76	663
CAND	1	304	172	663
CAND	1	305	2	672
CAND	1	306	62	672
CAND	1	307	158	672
CAND	1	308	63	673
CAND	1	309	159	673
CAND	1	310	3	673
CAND	1	311	79	703
CAND	1	312	175	703
CAND	1	313	81	705
CAND	1	314	177	705
CAND	1	315	112	712
CAND	1	316	11	714
CAND	1	317	64	720
CAND	1	318	160	720
CAND	1	319	112	741
CAND	1	320	24	757
CAND	1	321	79	794
CAND	1	322	175	794
CAND	1	323	111	803
CAND	1	324	63	853
CAND	1	325	159	853
CAND	1	326	87	867
CAND	1	327	183	867
CAND	1	328	27	899
CAND	1	329	123	899
CAND	1	330	2	914
CAND	1	331	62	914
CAND	1	332	158	914
CAND	1	333	63	915
CAND	1	334	159	915
CAND	1	335	3	915
CAND	1	336	9	953
CAND	1	337	48	964
CAND	1	338	144	964
CAND	1	339	78	965
CAND	1	340	174	965
CAND	1	341	25	975
CAND	1	342	121	975
CAND	1	343	26	976
CAND	1	344	122	976
CAND	1	345	99	995
CAND	1	346	39	1027
CAND	1	347	135	1027
CAND	1	348	108	1073
CAND	1	349	79	1099
CAND	1	350	175	1099
CAND	1	351	42	1124
CAND	1	352	138	1124
CAND	1	353	16	1124
CAND	1	354	41	1127
CAND	1	355	137	1127
CAND	1	356	15	1127
CAND	1	357	16	1128
CAND	1	358	17	1129
CAND	1	359	28	1150
CAND	1	360	124	1150
CAND	1	361	31	1168
CAND	1	362	127	1168
CAND	1	363	68	1189
CAND	1	364	164	1189
CAND	1	365	37	1189
CAND	1	366	133	1189
CAND	1	367	61	1189
CAND	1	368	157	1189
CAND	1	369	24	1201
CAND	1	370	92	1207
CAND	1	371	188	1207
CAND	1	372	93	1208
CAND	1	373	51	1221
CAND	1	374	147	1221
CAND	1	375	24	1269
CAND	1	376	93	1271
CAND	1	377	46	1305
CAND	1	378	142	1305
CAND	1	379	94	1326
CAND	1	380	47	1350
CAND	1	381	143	1350
CAND	1	382	18	1367
CAND	1	383	77	1371
CAND	1	384	173	1371
CAND	1	385	78	1372
CAND	1	386	174	1372
CAND	1	387	117	1376
CAND	1	388	16	1381
CAND	1	389	3	1381
CAND	1	390	17	1382
CAND	1	391	4	1382
CAND	1	392	94	1385
CAND	1	393	25	1398
CAND	1	394	121	1398
CAND	1	395	26	1399
CAND	1	396	122	1399
CAND	1	397	64	1424
CAND	1	398	160	1424
CAND	1	399	15	1451
CAND	1	400	24	1491
CAND	1	401	23	1547
CAND	1	402	83	1557
CAND	1	403	179	1557
CAND	1	404	2	1602
CAND	1	405	62	1602
CAND	1	406	158	1602
CAND	1	407	26	1603
CAND	1	408	122	1603
CAND	1	409	42	1603
CAND	1	410	138	1603
CAND	1	411	63	1603
CAND	1	412	159	1603
CAND	1	413	3	1603
CAND	1	414	43	1604
CAND	1	415	139	1604
CAND	1	416	74	1609
CAND	1	417	170	1609
CAND	1	418	6	1617
CAND	1	419	17	1633
CAND	1	420	50	1673
CAND	1	421	146	1673
CAND	1	422	79	1673
CAND	1	423	175	1673
CAND	1	424	78	1694
CAND	1	425	174	1694
CAND	1	426	50	1695
CAND	1	427	146	1695
CAND	1	428	79	1695
CAND	1	429	175	1695
CAND	1	430	15	1750
CAND	1	431	16	1751
CAND	1	432	50	1757
CAND	1	433	146	1757
CAND	1	434	27	1758
CAND	1	435	123	1758
CAND	1	436	16	1759
CAND	1	437	3	1759
CAND	1	438	17	1760
CAND	1	439	4	1760
CAND	1	440	43	1760
CAND	1	441	139	1760
CAND	1	442	24	1768
CAND	1	443	25	1769
CAND	1	444	121	1769
CAND	1	445	26	1770
CAND	1	446	122	1770
CAND	1	447	7	1889
CAND	1	448	107	1908
CAND	1	449	97	1932
CAND	1	450	10	1983
CAND	1	451	66	1992
CAND	1	452	162	1992
CAND	1	453	41	2000
CAND	1	454	137	2000
CAND	1	455	15	2000
CAND	1	456	42	2001
CAND	1	457	138	2001
CAND	1	458	43	2002
CAND	1	459	139	2002
CAND	1	460	14	2041
CAND	1	461	116	2059
CAND	1	462	7	2064
CAND	1	463	72	2075
CAND	1	464	168	2075
CAND	1	465	85	2095
CAND	1	466	181	2095
CAND	1	467	42	2100
CAND	1	468	138	2100
CAND	1	469	29	2101
CAND	1	470	125	2101
CAND	1	471	43	2101
CAND	1	472	139	2101
CAND	1	473	61	2114
CAND	1	474	157	2114
END	1	475
PARAM	2	16	16	0
CAND	2	0	116	21
CAND	2	1	27	62
CAND	2	2	123	62
CAND	2	3	2	85
CAND	2	4	62	85
CAND	2	5	158	85
CAND	2	6	63	86
CAND	2	7	159	86
CAND	2	8	43	96
CAND	2	9	139	96
CAND	2	10	116	111
CAND	2	11	117	112
CAND	2	12	5	116
CAND	2	13	27	117
CAND	2	14	123	117
CAND	2	15	28	118
CAND	2	16	124	118
CAND	2	17	68	139
CAND	2	18	164	139
CAND	2	19	37	139
CAND	2	20	133	139
CAND	2	21	10	151
CAND	2	22	92	154
CAND	2	23	188	154
CAND	2	24	93	179
CAND	2	25	70	181
CAND	2	26	166	181
CAND	2	27	63	210
CAND	2	28	159	210
CAND	2	29	87	224
CAND	2	30	183	224
CAND	2	31	27	256
CAND	2	32	123	256
CAND	2	33	2	271
CAND	2	34	62	271
CAND	2	35	158	271
CAND	2	36	63	272
CAND	2	37	159	272
CAND	2	38	3	272
CAND	2	39	9	310
CAND	2	40	2	329
CAND	2	41	62	329
CAND	2	42	158	329
CAND	2	43	63	330
CAND	2	44	159	330
CAND	2	45	3	330
CAND	2	46	64	331
CAND	2	47	160	331
CAND	2	48	116	333
CAND	2	49	42	372
CAND	2	50	138	372
CAND	2	51	16	372
CAND	2	52	3	372
CAND	2	53	17	373
CAND	2	54	114	395
CAND	2	55	32	417
CAND	2	56	128	417
CAND	2	57	17	433
CAND	2	58	1	445
CAND	2	59	64	472
CAND	2	60	160	472
CAND	2	61	93	479
CAND	2	62	116	491
CAND	2	63	109	494
CAND	2	64	16	525
CAND	2	65	17	526
CAND	2	66	4	526
CAND	2	67	43	526
CAND	2	68	139	526
CAND	2	69	111	530
CAND	2	70	5	531
CAND	2	71	111	533
CAND	2	72	83	561
CAND	2	73	179	561
CAND	2	74	43	573
CAND	2	75	139	573
CAND	2	76	63	575
CAND	2	77	159	575
CAND	2	78	3	575
CAND	2	79	4	576
CAND	2	80	43	576
CAND	2	81	139	576
CAND	2	82	78	586
CAND	2	83	174	586
CAND	2	84	79	587
CAND	2	85	175	587
CAND	2	86	78	591
CAND	2	87	174	591
CAND	2	88	50	592
CAND	2	89	146	592
CAND	2	90	79	592
CAND	2	91	175	592
CAND	2	92	111	593
CAND	2	93	78	598
CAND	2	94	174	598
CAND	2	95	79	599
CAND	2	96	175	599
CAND	2	97	27	629
CAND	2	98	123	629
CAND	2	99	16	632
CAND	2	100	63	632
CAND	2	101	159	632
CAND	2	102	3	632
CAND	2	103	17	633
CAND	2	104	4	633
CAND	2	105	43	633
CAND	2	106	139	633
CAND	2	107	73	673
CAND	2	108	169	673
CAND	2	109	63	712
CAND	2	110	159	712
CAND	2	111	64	713
CAND	2	112	160	713
CAND	2	113	4	713
CAND	2	114	43	713
CAND	2	115	139	713
CAND	2	116	78	715
CAND	2	117	174	715
CAND	2	118	33	734
CAND	2	119	129	734
CAND	2	120	116	765
CAND	2	121	117	766
CAND	2	122	27	785
CAND	2	123	123	785
CAND	2	124	28	786
CAND	2	125	124	786
CAND	2	126	4	787
CAND	2	127	43	787
CAND	2	128	139	787
CAND	2	129	83	789
CAND	2	130	179	789
CAND	2	131	115	807
CAND	2	132	78	808
CAND	2	133	174	808
CAND	2	134	42	812
CAND	2	135	138	812
CAND	2	136	16	812
CAND	2	137	0	842
CAND	2	138	1	843
CAND	2	139	2	844
CAND	2	140	62	844
CAND	2	141	158	844
CAND	2	142	16	845
CAND	2	143	63	845
CAND	2	144	159	845
CAND	2	145	3	845
CAND	2	146	17	846
CAND	2	147	4	846
CAND	2	148	43	846
CAND	2	149	139	846
CAND	2	150	5	847
CAND	2	151	6	848
CAND	2	152	7	849
CAND	2	153	8	850
CAND	2	154	9	851
CAND	2	155	10	852
CAND	2	156	11	853
CAND	2	157	12	854
CAND	2	158	13	855
CAND	2	159	14	856
CAND	2	160	41	857
CAND	2	161	137	857
CAND	2	162	15	857
CAND	2	163	16	858
CAND	2	164	3	858
CAND	2	165	17	859
CAND	2	166	4	859
CAND	2	167	18	860
CAND	2	168	19	861
CAND	2	169	20	862
CAND	2	170	21	863
CAND	2	171	22	864
CAND	2	172	23	865
CAND	2	173	24	866
CAND	2	174	25	867
CAND	2	175	121	867
CAND	2	176	26	868
CAND	2	177	122	868
CAND	2	178	27	869
CAND	2	179	123	869
CAND	2	180	28	870
CAND	2	181	124	870
CAND	2	182	29	871
CAND	2	183	125	871
CAND	2	184	30	872
CAND	2	185	126	872
CAND	2	186	31	873
CAND	2	187	127	873
CAND	2	188	32	874
CAND	2	189	128	874
CAND	2	190	33	875
CAND	2	191	129	875
CAND	2	192	34	876
CAND	2	193	130	876
CAND	2	194	35	877
CAND	2	195	131	877
CAND	2	196	36	878
CAND	2	197	132	878
CAND	2	198	68	879
CAND	2	199	164	879
CAND	2	200	37	879
CAND	2	201	133	879
CAND	2	202	38	880
CAND	2	203	134	880
CAND	2	204	95	881
CAND	2	205	39	881
CAND	2	206	135	881
CAND	2	207	40	882
CAND	2	208	136	882
CAND	2	209	41	883
CAND	2	210	137	883
CAND	2	211	15	883
CAND	2	212	42	884
CAND	2	213	138	884
CAND	2	214	4	885
CAND	2	215	43	885
CAND	2	216	139	885
CAND	2	217	44	886
CAND	2	218	140	886
CAND	2	219	45	887
CAND	2	220	141	887
CAND	2	221	46	888
CAND	2	222	142	888
CAND	2	223	47	889
CAND	2	224	143	889
CAND	2	225	48	890
CAND	2	226	144	890
CAND	2	227	49	891
CAND	2	228	145	891
CAND	2	229	50	892
CAND	2	230	146	892
CAND	2	231	51	893
CAND	2	232	147	893
CAND	2	233	52	894
CAND	2	234	148	894
CAND	2	235	53	895
CAND	2	236	149	895
CAND	2	237	54	896
CAND	2	238	150	896
CAND	2	239	55	897
CAND	2	240	151	897
CAND	2	241	56	898
CAND	2	242	152	898
CAND	2	243	57	899
CAND	2	244	153	899
CAND	2	245	58	900
CAND	2	246	154	900
CAND	2	247	59	901
CAND	2	248	155	901
CAND	2	249	60	902
CAND	2	250	156	902
CAND	2	251	61	903
CAND	2	252	157	903
CAND	2	253	2	904
CAND	2	254	62	904
CAND	2	255	158	904
CAND	2	256	63	905
CAND	2	257	159	905
CAND	2	258	3	905
CAND	2	259	64	906
CAND	2	260	160	906
CAND	2	261	65	907
CAND	2	262	161	907
CAND	2	263	66	908
CAND	2	264	162	908
CAND	2	265	67	909
CAND	2	266	163	909
CAND	2	267	68	910
CAND	2	268	164	910
CAND	2	269	37	910
CAND	2	270	133	910
CAND	2	271	69	911
CAND	2	272	165	911
CAND	2	273	70	912
CAND	2	274	166	912
CAND	2	275	71	913
CAND	2	276	167	913
CAND	2	277	72	914
CAND	2	278	168	914
CAND	2	279	73	915
CAND	2	280	169	915
CAND	2	281	74	916
CAND	2	282	170	916
CAND	2	283	75	917
CAND	2	284	171	917
CAND	2	285	76	918
CAND	2	286	172	918
CAND	2	287	77	919
CAND	2	288	173	919
CAND	2	289	78	920
CAND	2	290	174	920
CAND	2	291	79	921
CAND	2	292	175	921
CAND	2	293	80	922
CAND	2	294	176	922
CAND	2	295	81	923
CAND	2	296	177	923
CAND	2	297	82	924
CAND	2	298	178	924
CAND	2	299	83	925
CAND	2	300	179	925
CAND	2	301	84	926
CAND	2	302	180	926
CAND	2	303	85	927
CAND	2	304	181	927
CAND	2	305	86	928
CAND	2	306	182	928
CAND	2	307	87	929
CAND	2	308	183	929
CAND	2	309	88	930
CAND	2	310	184	930
CAND	2	311	89	931
CAND	2	312	185	931
CAND	2	313	90	932
CAND	2	314	186	932
CAND	2	315	91	933
CAND	2	316	187	933
CAND	2	317	92	934
CAND	2	318	188	934
CAND	2	319	93	935
CAND	2	320	94	936
CAND	2	321	95	937
CAND	2	322	39	937
CAND	2	323	135	937
CAND	2	324	96	938
CAND	2	325	97	939
CAND	2	326	98	940
CAND	2	327	99	941
CAND	2	328	100	942
CAND	2	329	101	943
CAND	2	330	102	944
CAND	2	331	103	945
CAND	2	332	104	946
CAND	2	333	105	947
CAND	2	334	106	948
CAND	2	335	107	949
CAND	2	336	108	950
CAND	2	337	109	951
CAND	2	338	110	952
CAND	2	339	111	953
CAND	2	340	112	954
CAND	2	341	113	955
CAND	2	342	114	956
CAND	2	343	115	957
CAND	2	344	116	958
CAND	2	345	117	959
CAND	2	346	117	967
CAND	2	347	16	977
CAND	2	348	3	977
CAND	2	349	17	978
CAND	2	350	4	978
CAND	2	351	77	985
CAND	2	352	173	985
CAND	2	353	78	986
CAND	2	354	174	986
CAND	2	355	50	1011
CAND	2	356	146	1011
CAND	2	357	93	1038
CAND	2	358	78	1060
CAND	2	359	174	1060
CAND	2	360	29	1122
CAND	2	361	125	1122
CAND	2	362	9	1125
CAND	2	363	5	1139
CAND	2	364	49	1143
CAND	2	365	145	1143
CAND	2	366	45	1145
CAND	2	367	141	1145
CAND	2	368	9	1147
CAND	2	369	31	1150
CAND	2	370	127	1150
CAND	2	371	92	1157
CAND	2	372	188	1157
CAND	2	373	93	1158
CAND	2	374	27	1160
CAND	2	375	123	1160
CAND	2	376	43	1162
CAND	2	377	139	1162
CAND	2	378	24	1170
CAND	2	379	23	1226
CAND	2	380	83	1236
CAND	2	381	179	1236
CAND	2	382	31	1309
CAND	2	383	127	1309
CAND	2	384	83	1320
CAND	2	385	179	1320
CAND	2	386	28	1348
CAND	2	387	124	1348
CAND	2	388	28	1425
CAND	2	389	124	1425
CAND	2	390	30	1480
CAND	2	391	126	1480
CAND	2	392	7	1568
CAND	2	393	107	1587
CAND	2	394	7	1602
CAND	2	395	78	1606
CAND	2	396	174	1606
CAND	2	397	15	1615
CAND	2	398	16	1616
CAND	2	399	29	1617
CAND	2	400	125	1617
CAND	2	401	4	1643
CAND	2	402	43	1643
CAND	2	403	139	1643
CAND	2	404	45	1653
CAND	2	405	141	1653
CAND	2	406	94	1660
CAND	2	407	5	1664
CAND	2	408	63	1705
CAND	2	409	159	1705
CAND	2	410	64	1706
CAND	2	411	160	1706
CAND	2	412	76	1720
CAND	2	413	172	1720
CAND	2	414	68	1726
CAND	2	415	164	1726
CAND	2	416	37	1726
CAND	2	417	133	1726
CAND	2	418	15	1752
CAND	2	419	16	1753
CAND	2	420	109	1773
CAND	2	421	66	1788
CAND	2	422	162	1788
CAND	2	423	11	1797
CAND	2	424	31	1809
CAND	2	425	127	1809
CAND	2	426	68	1830
CAND	2	427	164	1830
CAND	2	428	37	1830
CAND	2	429	133	1830
CAND	2	430	61	1830
CAND	2	431	157	1830
CAND	2	432	24	1842
CAND	2	433	92	1848
CAND	2	434	188	1848
CAND	2	435	93	1849
CAND	2	436	51	1862
CAND	2	437	147	1862
CAND	2	438	24	1910
CAND	2	439	93	1912
CAND	2	440	27	1925
CAND	2	441	123	1925
CAND	2	442	28	1926
CAND	2	443	124	1926
CAND	2	444	11	1936
CAND	2	445	115	1960
CAND	2	446	116	1961
CAND	2	447	117	1962
CAND	2	448	15	1976
CAND	2	449	16	1977
CAND	2	450	25	1980
CAND	2	451	121	1980
CAND	2	452	26	1981
CAND	2	453	122	1981
CAND	2	454	28	1997
CAND	2	455	124	1997
CAND	2	456	75	2001
CAND	2	457	171	2001
CAND	2	458	75	2066
CAND	2	459	171	2066
CAND	2	460	117	2088
CAND	2	461	48	2119
CAND	2	462	144	2119
CAND	2	463	78	2120
CAND	2	464	174	2120
CAND	2	465	50	2121
CAND	2	466	146	2121
CAND	2	467	79	2121
CAND	2	468	175	2121
END	2	469
PARAM	3	16	16	0
CAND	3	0	40	0
CAND	3	1	136	0
CAND	3	2	79	50
CAND	3	3	175	50
CAND	3	4	2	51
CAND	3	5	62	51
CAND	3	6	158	51
CAND	3	7	63	52
CAND	3	8	159	52
CAND	3	9	17	53
CAND	3	10	76	73
CAND	3	11	172	73
CAND	3	12	28	76
CAND	3	13	124	76
CAND	3	14	17	77
CAND	3	15	29	81
CAND	3	16	125	81
CAND	3	17	77	83
CAND	3	18	173	83
CAND	3	19	63	115
CAND	3	20	159	115
CAND	3	21	64	116
CAND	3	22	160	116
CAND	3	23	25	130
CAND	3	24	121	130
CAND	3	25	94	148
CAND	3	26	9	180
CAND	3	27	16	205
CAND	3	28	17	206
CAND	3	29	4	206
CAND	3	30	43	206
CAND	3	31	139	206
CAND	3	32	111	210
CAND	3	33	5	211
CAND	3	34	111	213
CAND	3	35	83	241
CAND	3	36	179	241
CAND	3	37	43	253
CAND	3	38	139	253
CAND	3	39	63	255
CAND	3	40	159	255
CAND	3	41	3	255
CAND	3	42	4	256
CAND	3	43	43	256
CAND	3	44	139	256
CAND	3	45	78	266
CAND	3	46	174	266
CAND	3	47	79	267
CAND	3	48	175	267
CAND	3	49	78	271
CAND	3	50	174	271
CAND	3	51	50	272
CAND	3	52	146	272
CAND	3	53	79	272
CAND	3	54	175	272
CAND	3	55	111	273
CAND	3	56	78	278
CAND	3	57	174	278
CAND	3	58	79	279
CAND	3	59	175	279
CAND	3	60	27	309
CAND	3	61	123	309
CAND	3	62	16	312
CAND	3	63	63	312
CAND	3	64	159	312
CAND	3	65	3	312
CAND	3	66	17	313
CAND	3	67	4	313
CAND	3	68	43	313
CAND	3	69	139	313
CAND	3	70	117	322
CAND	3	71	55	324
CAND	3	72	151	324
CAND	3	73	77	358
CAND	3	74	173	358
CAND	3	75	78	359
CAND	3	76	174	359
CAND	3	77	30	400
CAND	3	78	126	400
CAND	3	79	11	411
CAND	3	80	75	432
CAND	3	81	171	432
CAND	3	82	31	465
CAND	3	83	127	465
CAND	3	84	67	474
CAND	3	85	163	474
CAND	3	86	75	476
CAND	3	87	171	476
CAND	3	88	21	511
CAND	3	89	63	532
CAND	3	90	159	532
CAND	3	91	87	546
CAND	3	92	183	546
CAND	3	93	27	578
CAND	3	94	123	578
CAND	3	95	2	593
CAND	3	96	62	593
CAND	3	97	158	593
CAND	3	98	63	594
CAND	3	99	159	594
CAND	3	100	3	594
CAND	3	101	9	632
CAND	3	102	50	647
CAND	3	103	146	647
CAND	3	104	2	656
CAND	3	105	62	656
CAND	3	106	158	656
CAND	3	107	63	657
CAND	3	108	159	657
CAND	3	109	3	657
CAND	3	110	64	658
CAND	3	111	160	658
CAND	3	112	25	705
CAND	3	113	121	705
CAND	3	114	26	706
CAND	3	115	122	706
CAND	3	116	15	732
CAND	3	117	22	769
CAND	3	118	20	770
CAND	3	119	113	796
CAND	3	120	79	824
CAND	3	121	175	824
CAND	3	122	0	842
CAND	3	123	1	843
CAND	3	124	2	844
CAND	3	125	62	844
CAND	3	126	158	844
CAND	3	127	16	845
CAND	3	128	63	845
CAND	3	129	159	845
CAND	3	130	3	845
CAND	3	131	17	846
CAND	3	132	4	846
CAND	3	133	43	846
CAND	3	134	139	846
CAND	3	135	5	847
CAND	3	136	6	848
CAND	3	137	7	849
CAND	3	138	8	850
CAND	3	139	9	851
CAND	3	140	10	852
CAND	3	141	11	853
CAND	3	142	12	854
CAND	3	143	13	855
CAND	3	144	14	856
CAND	3	145	41	857
CAND	3	146	137	857
CAND	3	147	15	857
CAND	3	148	16	858
CAND	3	149	3	858
CAND	3	150	17	859
CAND	3	151	4	859
CAND	3	152	18	860
CAND	3	153	19	861
CAND	3	154	20	862
CAND	3	155	21	863
CAND	3	156	22	864
CAND	3	157	23	865
CAND	3	158	24	866
CAND	3	159	25	867
CAND	3	160	121	867
CAND	3	161	26	868
CAND	3	162	122	868
CAND	3	163	27	869
CAND	3	164	123	869
CAND	3	165	28	870
CAND	3	166	124	870
CAND	3	167	29	871
CAND	3	168	125	871
CAND	3	169	30	872
CAND	3	170	126	872
CAND	3	171	31	873
CAND	3	172	127	873
CAND	3	173	32	874
CAND	3	174	128	874
CAND	3	175	33	875
CAND	3	176	129	875
CAND	3	177	34	876
CAND	3	178	130	876
CAND	3	179	35	877
CAND	3	180	131	877
CAND	3	181	36	878
CAND	3	182	132	878
CAND	3	183	68	879
CAND	3	184	164	879
CAND	3	185	37	879
CAND	3	186	133	879
CAND	3	187	38	880
CAND	3	188	134	880
CAND	3	189	95	881
CAND	3	190	39	881
CAND	3	191	135	881
CAND	3	192	40	882
CAND	3	193	136	882
CAND	3	194	41	883
CAND	3	195	137	883
CAND	3	196	15	883
CAND	3	197	42	884
CAND	3	198	138	884
CAND	3	199	4	885
CAND	3	200	43	885
CAND	3	201	139	885
CAND	3	202	44	886
CAND	3	203	140	886
CAND	3	204	45	887
CAND	3	205	141	887
CAND	3	206	46	888
CAND	3	207	142	888
CAND	3	208	47	889
CAND	3	209	143	889
CAND	3	210	48	890
CAND	3	211	144	890
CAND	3	212	49	891
CAND	3	213	145	891
CAND	3	214	50	892
CAND	3	215	146	892
CAND	3	216	51	893
CAND	3	217	147	893
CAND	3	218	52	894
CAND	3	219	148	894
CAND	3	220	53	895
CAND	3	221	149	895
CAND	3	222	54	896
CAND	3	223	150	896
CAND	3	224	55	897
CAND	3	225	151	897
CAND	3	226	56	898
CAND	3	227	152	898
CAND	3	228	57	899
CAND	3	229	153	899
CAND	3	230	58	900
CAND	3	231	154	900
CAND	3	232	59	901
CAND	3	233	155	901
CAND	3	234	60	902
CAND	3	235	156	902
CAND	3	236	61	903
CAND	3	237	157	903
CAND	3	238	2	904
CAND	3	239	62	904
CAND	3	240	158	904
CAND	3	241	63	905
CAND	3	242	159	905
CAND	3	243	3	905
CAND	3	244	64	906
CAND	3	245	160	906
CAND	3	246	65	907
CAND	3	247	161	907
CAND	3	248	66	908
CAND	3	249	162	908
CAND	3	250	67	909
CAND	3	251	163	909
CAND	3	252	68	910
CAND	3	253	164	910
CAND	3	254	37	910
CAND	3	255	133	910
CAND	3	256	69	911
CAND	3	257	165	911
CAND	3	258	70	912
CAND	3	259	166	912
CAND	3	260	71	913
CAND	3	261	167	913
CAND	3	262	72	914
CAND	3	263	168	914
CAND	3	264	73	915
CAND	3	265	169	915
CAND	3	266	74	916
CAND	3	267	170	916
CAND	3	268	75	917
CAND	3	269	171	917
CAND	3	270	76	918
CAND	3	271	172	918
CAND	3	272	77	919
CAND	3	273	173	919
CAND	3	274	78	920
CAND	3	275	174	920
CAND	3	276	79	921
CAND	3	277	175	921
CAND	3	278	80	922
CAND	3	279	176	922
CAND	3	280	81	923
CAND	3	281	177	923
CAND	3	282	82	924
CAND	3	283	178	924
CAND	3	284	83	925
CAND	3	285	179	925
CAND	3	286	84	926
CAND	3	287	180	926
CAND	3	288	85	927
CAND	3	289	181	927
CAND	3	290	86	928
CAND	3	291	182	928
CAND	3	292	87	929
CAND	3	293	183	929
CAND	3	294	88	930
CAND	3	295	184	930
CAND	3	296	89	931
CAND	3	297	185	931
CAND	3	298	90	932
CAND	3	299	186	932
CAND	3	300	91	933
CAND	3	301	187	933
CAND	3	302	92	934
CAND	3	303	188	934
CAND	3	304	93	935
CAND	3	305	94	936
CAND	3	306	95	937
CAND	3	307	39	937
CAND	3	308	135	937
CAND	3	309	96	938
CAND	3	310	97	939
CAND	3	311	98	940
CAND	3	312	99	941
CAND	3	313	100	942
CAND	3	314	101	943
CAND	3	315	102	944
CAND	3	316	103	945
CAND	3	317	104	946
CAND	3	318	105	947
CAND	3	319	106	948
CAND	3	320	107	949
CAND	3	321	108	950
CAND	3	322	109	951
CAND	3	323	110	952
CAND	3	324	111	953
CAND	3	325	112	954
CAND	3	326	113	955
CAND	3	327	114	956
CAND	3	328	115	957
CAND	3	329	116	958
CAND	3	330	117	959
CAND	3	331	107	960
CAND	3	332	33	962
CAND	3	333	129	962
CAND	3	334	15	970
CAND	3	335	16	971
CAND	3	336	63	971
CAND	3	337	159	971
CAND	3	338	64	972
CAND	3	339	160	972
CAND	3	340	4	972
CAND	3	341	43	972
CAND	3	342	139	972
CAND	3	343	48	985
CAND	3	344	144	985
CAND	3	345	78	986
CAND	3	346	174	986
CAND	3	347	50	987
CAND	3	348	146	987
CAND	3	349	79	987
CAND	3	350	175	987
CAND	3	351	64	992
CAND	3	352	160	992
CAND	3	353	70	1081
CAND	3	354	166	1081
CAND	3	355	83	1104
CAND	3	356	179	1104
CAND	3	357	84	1105
CAND	3	358	180	1105
CAND	3	359	15	1115
CAND	3	360	16	1116
CAND	3	361	3	1116
CAND	3	362	17	1117
CAND	3	363	4	1117
CAND	3	364	10	1121
CAND	3	365	11	1122
CAND	3	366	49	1132
CAND	3	367	145	1132
CAND	3	368	50	1133
CAND	3	369	146	1133
CAND	3	370	22	1134
CAND	3	371	49	1157
CAND	3	372	145	1157
CAND	3	373	50	1158
CAND	3	374	146	1158
CAND	3	375	24	1170
CAND	3	376	23	1226
CAND	3	377	83	1236
CAND	3	378	179	1236
CAND	3	379	51	1286
CAND	3	380	147	1286
CAND	3	381	99	1300
CAND	3	382	32	1310
CAND	3	383	128	1310
CAND	3	384	48	1328
CAND	3	385	144	1328
CAND	3	386	49	1329
CAND	3	387	145	1329
CAND	3	388	44	1333
CAND	3	389	140	1333
CAND	3	390	54	1429
CAND	3	391	150	1429
CAND	3	392	92	1471
CAND	3	393	188	1471
CAND	3	394	93	1472
CAND	3	395	32	1482
CAND	3	396	128	1482
CAND	3	397	31	1489
CAND	3	398	127	1489
CAND	3	399	68	1510
CAND	3	400	164	1510
CAND	3	401	37	1510
CAND	3	402	133	1510
CAND	3	403	61	1510
CAND	3	404	157	1510
CAND	3	405	24	1522
CAND	3	406	92	1528
CAND	3	407	188	1528
CAND	3	408	93	1529
CAND	3	409	51	1542
CAND	3	410	147	1542
CAND	3	411	24	1590
CAND	3	412	93	1592
CAND	3	413	107	1605
CAND	3	414	29	1625
CAND	3	415	125	1625
CAND	3	416	30	1626
CAND	3	417	126	1626
CAND	3	418	109	1641
CAND	3	419	15	1728
CAND	3	420	26	1735
CAND	3	421	122	1735
CAND	3	422	70	1736
CAND	3	423	166	1736
CAND	3	424	109	1752
CAND	3	425	24	1760
CAND	3	426	7	1890
CAND	3	427	107	1909
CAND	3	428	2	1938
CAND	3	429	62	1938
CAND	3	430	158	1938
CAND	3	431	63	1939
CAND	3	432	159	1939
CAND	3	433	3	1939
CAND	3	434	64	1940
CAND	3	435	160	1940
CAND	3	436	29	1940
CAND	3	437	125	1940
CAND	3	438	70	1942
CAND	3	439	166	1942
CAND	3	440	68	1949
CAND	3	441	164	1949
CAND	3	442	37	1949
CAND	3	443	133	1949
CAND	3	444	15	1986
CAND	3	445	91	1992
CAND	3	446	187	1992
CAND	3	447	25	2000
CAND	3	448	121	2000
CAND	3	449	26	2001
CAND	3	450	122	2001
CAND	3	451	31	2003
CAND	3	452	127	2003
CAND	3	453	109	2084
CAND	3	454	78	2094
CAND	3	455	174	2094
CAND	3	456	30	2109
CAND	3	457	126	2109
CAND	3	458	25	2118
CAND	3	459	121	2118
CAND	3	460	26	2119
CAND	3	461	122	2119
END	3	462
PARAM	4	16	16	0
CAND	4	0	76	48
CAND	4	1	172	48
CAND	4	2	115	141
CAND	4	3	32	150
CAND	4	4	128	150
CAND	4	5	116	183
CAND	4	6	117	184
CAND	4	7	107	185
CAND	4	8	63	211
CAND	4	9	159	211
CAND	4	10	87	225
CAND	4	11	183	225
CAND	4	12	27	257
CAND	4	13	123	257
CAND	4	14	2	272
CAND	4	15	62	272
CAND	4	16	158	272
CAND	4	17	63	273
CAND	4	18	159	273
CAND	4	19	3	273
CAND	4	20	9	311
CAND	4	21	4	431
CAND	4	22	78	488
CAND	4	23	174	488
CAND	4	24	0	521
CAND	4	25	1	522
CAND	4	26	2	523
CAND	4	27	62	523
CAND	4	28	158	523
CAND	4	29	16	524
CAND	4	30	63	524
CAND	4	31	159	524
CAND	4	32	3	524
CAND	4	33	17	525
CAND	4	34	4	525
CAND	4	35	43	525
CAND	4	36	139	525
CAND	4	37	5	526
CAND	4	38	6	527
CAND	4	39	7	528
CAND	4	40	8	529
CAND	4	41	9	530
CAND	4	42	10	531
CAND	4	43	11	532
CAND	4	44	12	533
CAND	4	45	13	534
CAND	4	46	14	535
CAND	4	47	41	536
CAND	4	48	137	536
CAND	4	49	15	536
CAND	4	50	16	537
CAND	4	51	3	537
CAND	4	52	17	538
CAND	4	53	4	538
CAND	4	54	18	539
CAND	4	55	19	540
CAND	4	56	20	541
CAND	4	57	21	542
CAND	4	58	22	543
CAND	4	59	23	544
CAND	4	60	24	545
CAND	4	61	25	546
CAND	4	62	121	546
CAND	4	63	26	547
CAND	4	64	122	547
CAND	4	65	27	548
CAND	4	66	123	548
CAND	4	67	28	549
CAND	4	68	124	549
CAND	4	69	29	550
CAND	4	70	125	550
CAND	4	71	30	551
CAND	4	72	126	551
CAND	4	73	31	552
CAND	4	74	127	552
CAND	4	75	32	553
CAND	4	76	128	553
CAND	4	77	33	554
CAND	4	78	129	554
CAND	4	79	34	555
CAND	4	80	130	555
CAND	4	81	35	556
CAND	4	82	131	556
CAND	4	83	36	557
CAND	4	84	132	557
CAND	4	85	68	558
CAND	4	86	164	558
CAND	4	87	37	558
CAND	4	88	133	558
CAND	4	89	38	559
CAND	4	90	134	559
CAND	4	91	95	560
CAND	4	92	39	560
CAND	4	93	135	560
CAND	4	94	40	561
CAND	4	95	136	561
CAND	4	96	41	562
CAND	4	97	137	562
CAND	4	98	15	562
CAND	4	99	42	563
CAND	4	100	138	563
CAND	4	101	4	564
CAND	4	102	43	564
CAND	4	103	139	564
CAND	4	104	44	565
CAND	4	105	140	565
CAND	4	106	45	566
CAND	4	107	141	566
CAND	4	108	46	567
CAND	4	109	142	567
CAND	4	110	47	568
CAND	4	111	143	568
CAND	4	112	48	569
CAND	4	113	144	569
CAND	4	114	49	570
CAND	4	115	145	570
CAND	4	116	50	571
CAND	4	117	146	571
CAND	4	118	51	572
CAND	4	119	147	572
CAND	4	120	52	573
CAND	4	121	148	573
CAND	4	122	53	574
CAND	4	123	149	574
CAND	4	124	54	575
CAND	4	125	150	575
CAND	4	126	55	576
CAND	4	127	151	576
CAND	4	128	56	577
CAND	4	129	152	577
CAND	4	130	57	578
CAND	4	131	153	578
CAND	4	132	58	579
CAND	4	133	154	579
CAND	4	134	59	580
CAND	4	135	155	580
CAND	4	136	60	581
CAND	4	137	156	581
CAND	4	138	61	582
CAND	4	139	157	582
CAND	4	140	2	583
CAND	4	141	62	583
CAND	4	142	158	583
CAND	4	143	63	584
CAND	4	144	159	584
CAND	4	145	3	584
CAND	4	146	64	585
CAND	4	147	160	585
CAND	4	148	65	586
CAND	4	149	161	586
CAND	4	150	66	587
CAND	4	151	162	587
CAND	4	152	67	588
CAND	4	153	163	588
CAND	4	154	68	589
CAND	4	155	164	589
CAND	4	156	37	589
CAND	4	157	133	589
CAND	4	158	69	590
CAND	4	159	165	590
CAND	4	160	70	591
CAND	4	161	166	591
CAND	4	162	71	592
CAND	4	163	167	592
CAND	4	164	72	593
CAND	4	165	168	593
CAND	4	166	73	594
CAND	4	167	169	594
CAND	4	168	74	595
CAND	4	169	170	595
CAND	4	170	75	596
CAND	4	171	171	596
CAND	4	172	76	597
CAND	4	173	172	597
CAND	4	174	77	598
CAND	4	175	173	598
CAND	4	176	78	599
CAND	4	177	174	599
CAND	4	178	79	600
CAND	4	179	175	600
CAND	4	180	80	601
CAND	4	181	176	601
CAND	4	182	81	602
CAND	4	183	177	602
CAND	4	184	82	603
CAND	4	185	178	603
CAND	4	186	83	604
CAND	4	187	179	604
CAND	4	188	84	605
CAND	4	189	180	605
CAND	4	190	85	606
CAND	4	191	181	606
CAND	4	192	86	607
CAND	4	193	182	607
CAND	4	194	87	608
CAND	4	195	183	608
CAND	4	196	88	609
CAND	4	197	184	609
CAND	4	198	89	610
CAND	4	199	185	610
CAND	4	200	90	611
CAND	4	201	186	611
CAND	4	202	91	612
CAND	4	203	187	612
CAND	4	204	92	613
CAND	4	205	188	613
CAND	4	206	93	614
CAND	4	207	94	615
CAND	4	208	95	616
CAND	4	209	39	616
CAND	4	210	135	616
CAND	4	211	96	617
CAND	4	212	97	618
CAND	4	213	98	619
CAND	4	214	99	620
CAND	4	215	100	621
CAND	4	216	101	622
CAND	4	217	102	623
CAND	4	218	103	624
CAND	4	219	104	625
CAND	4	220	105	626
CAND	4	221	106	627
CAND	4	222	107	628
CAND	4	223	108	629
CAND	4	224	109	630
CAND	4	225	110	631
CAND	4	226	111	632
CAND	4	227	112	633
CAND	4	228	113	634
CAND	4	229	114	635
CAND	4	230	115	636
CAND	4	231	116	637
CAND	4	232	117	638
CAND	4	233	112	649
CAND	4	234	109	692
CAND	4	235	86	735
CAND	4	236	182	735
CAND	4	237	26	746
CAND	4	238	122	746
CAND	4	239	28	762
CAND	4	240	124	762
CAND	4	241	49	771
CAND	4	242	145	771
CAND	4	243	14	794
CAND	4	244	77	809
CAND	4	245	173	809
CAND	4	246	69	814
CAND	4	247	165	814
CAND	4	248	63	833
CAND	4	249	159	833
CAND	4	250	16	846
CAND	4	251	17	847
CAND	4	252	4	847
CAND	4	253	43	847
CAND	4	254	139	847
CAND	4	255	111	851
CAND	4	256	5	852
CAND	4	257	111	854
CAND	4	258	83	882
CAND	4	259	179	882
CAND	4	260	43	894
CAND	4	261	139	894
CAND	4	262	63	896
CAND	4	263	159	896
CAND	4	264	3	896
CAND	4	265	4	897
CAND	4	266	43	897
CAND	4	267	139	897
CAND	4	268	78	907
CAND	4	269	174	907
CAND	4	270	79	908
CAND	4	271	175	908
CAND	4	272	78	912
CAND	4	273	174	912
CAND	4	274	50	913
CAND	4	275	146	913
CAND	4	276	79	913
CAND	4	277	175	913
CAND	4	278	111	914
CAND	4	279	78	919
CAND	4	280	174	919
CAND	4	281	79	920
CAND	4	282	175	920
CAND	4	283	27	950
CAND	4	284	123	950
CAND	4	285	16	953
CAND	4	286	63	953
CAND	4	287	159	953
CAND	4	288	3	953
CAND	4	289	17	954
CAND	4	290	4	954
CAND	4	291	43	954
CAND	4	292	139	954
CAND	4	293	69	963
CAND	4	294	165	963
CAND	4	295	27	964
CAND	4	296	123	964
CAND	4	297	32	976
CAND	4	298	128	976
CAND	4	299	78	981
CAND	4	300	174	981
CAND	4	301	77	986
CAND	4	302	173	986
CAND	4	303	116	999
CAND	4	304	100	1003
CAND	4	305	91	1022
CAND	4	306	187	1022
CAND	4	307	70	1037
CAND	4	308	166	1037
CAND	4	309	30	1043
CAND	4	310	126	1043
CAND	4	311	41	1048
CAND	4	312	137	1048
CAND	4	313	42	1049
CAND	4	314	138	1049
CAND	4	315	91	1065
CAND	4	316	187	1065
CAND	4	317	59	1072
CAND	4	318	155	1072
CAND	4	319	42	1085
CAND	4	320	138	1085
CAND	4	321	64	1086
CAND	4	322	160	1086
CAND	4	323	4	1086
CAND	4	324	43	1086
CAND	4	325	139	1086
CAND	4	326	18	1104
CAND	4	327	113	1143
CAND	4	328	7	1247
CAND	4	329	107	1266
CAND	4	330	26	1284
CAND	4	331	122	1284
CAND	4	332	2	1285
CAND	4	333	62	1285
CAND	4	334	158	1285
CAND	4	335	27	1285
CAND	4	336	123	1285
CAND	4	337	63	1286
CAND	4	338	159	1286
CAND	4	339	3	1286
CAND	4	340	64	1287
CAND	4	341	160	1287
CAND	4	342	43	1287
CAND	4	343	139	1287
CAND	4	344	45	1324
CAND	4	345	141	1324
CAND	4	346	11	1326
CAND	4	347	2	1352
CAND	4	348	62	1352
CAND	4	349	158	1352
CAND	4	350	15	1352
CAND	4	351	18	1367
CAND	4	352	32	1386
CAND	4	353	128	1386
CAND	4	354	33	1387
CAND	4	355	129	1387
CAND	4	356	13	1389
CAND	4	357	14	1390
CAND	4	358	41	1418
CAND	4	359	137	1418
CAND	4	360	42	1419
CAND	4	361	138	1419
CAND	4	362	63	1419
CAND	4	363	159	1419
CAND	4	364	10	1421
CAND	4	365	2	1428
CAND	4	366	62	1428
CAND	4	367	158	1428
CAND	4	368	63	1429
CAND	4	369	159	1429
CAND	4	370	3	1429
CAND	4	371	56	1445
CAND	4	372	152	1445
CAND	4	373	78	1470
CAND	4	374	174	1470
CAND	4	375	24	1491
CAND	4	376	23	1547
CAND	4	377	83	1557
CAND	4	378	179	1557
CAND	4	379	77	1619
CAND	4	380	173	1619
CAND	4	381	25	1631
CAND	4	382	121	1631
CAND	4	383	26	1632
CAND	4	384	122	1632
CAND	4	385	91	1650
CAND	4	386	187	1650
CAND	4	387	37	1662
CAND	4	388	133	1662
CAND	4	389	28	1669
CAND	4	390	124	1669
CAND	4	391	5	1703
CAND	4	392	7	1704
CAND	4	393	105	1709
CAND	4	394	61	1714
CAND	4	395	157	1714
CAND	4	396	8	1720
CAND	4	397	85	1723
CAND	4	398	181	1723
CAND	4	399	27	1764
CAND	4	400	123	1764
CAND	4	401	42	1765
CAND	4	402	138	1765
CAND	4	403	28	1765
CAND	4	404	124	1765
CAND	4	405	72	1772
CAND	4	406	168	1772
CAND	4	407	68	1777
CAND	4	408	164	1777
CAND	4	409	25	1789
CAND	4	410	121	1789
CAND	4	411	26	1790
CAND	4	412	122	1790
CAND	4	413	31	1810
CAND	4	414	127	1810
CAND	4	415	68	1831
CAND	4	416	164	1831
CAND	4	417	37	1831
CAND	4	418	133	1831
CAND	4	419	61	1831
CAND	4	420	157	1831
CAND	4	421	24	1843
CAND	4	422	92	1849
CAND	4	423	188	1849
CAND	4	424	93	1850
CAND	4	425	51	1863
CAND	4	426	147	1863
CAND	4	427	24	1911
CAND	4	428	93	1913
CAND	4	429	82	1934
CAND	4	430	178	1934
CAND	4	431	38	1936
CAND	4	432	134	1936
CAND	4	433	72	1938
CAND	4	434	168	1938
CAND	4	435	27	1943
CAND	4	436	123	1943
CAND	4	437	28	1944
CAND	4	438	124	1944
CAND	4	439	105	1960
CAND	4	440	106	1961
CAND	4	441	91	1962
CAND	4	442	187	1962
CAND	4	443	42	1976
CAND	4	444	138	1976
CAND	4	445	27	1977
CAND	4	446	123	1977
CAND	4	447	73	2003
CAND	4	448	169	2003
CAND	4	449	47	2004
CAND	4	450	143	2004
CAND	4	451	28	2034
CAND	4	452	124	2034
CAND	4	453	49	2051
CAND	4	454	145	2051
CAND	4	455	42	2057
CAND	4	456	138	2057
CAND	4	457	98	2060
CAND	4	458	99	2061
CAND	4	459	100	2062
CAND	4	460	34	2110
CAND	4	461	130	2110
END	4	462
PARAM	5	16	16	0
CAND	5	0	56	2
CAND	5	1	152	2
CAND	5	2	93	23
CAND	5	3	18	29
CAND	5	4	65	40
CAND	5	5	161	40
CAND	5	6	78	49
CAND	5	7	174	49
CAND	5	8	50	50
CAND	5	9	146	50
CAND	5	10	91	62
CAND	5	11	187	62
CAND	5	12	50	69
CAND	5	13	146	69
CAND	5	14	27	70
CAND	5	15	123	70
CAND	5	16	16	71
CAND	5	17	3	71
CAND	5	18	17	72
CAND	5	19	49	90
CAND	5	20	145	90
CAND	5	21	27	103
CAND	5	22	123	103
CAND	5	23	28	111
CAND	5	24	124	111
CAND	5	25	29	112
CAND	5	26	125	112
CAND	5	27	69	113
CAND	5	28	165	113
CAND	5	29	27	117
CAND	5	30	123	117
CAND	5	31	17	119
CAND	5	32	86	128
CAND	5	33	182	128
CAND	5	34	78	165
CAND	5	35	174	165
CAND	5	36	50	166
CAND	5	37	146	166
CAND	5	38	79	166
CAND	5	39	175	166
CAND	5	40	28	168
CAND	5	41	124	168
CAND	5	42	23	171
CAND	5	43	42	176
CAND	5	44	138	176
CAND	5	45	63	176
CAND	5	46	159	176
CAND	5	47	64	177
CAND	5	48	160	177
CAND	5	49	0	200
CAND	5	50	1	201
CAND	5	51	2	202
CAND	5	52	62	202
CAND	5	53	158	202
CAND	5	54	16	203
CAND	5	55	63	203
CAND	5	56	159	203
CAND	5	57	3	203
CAND	5	58	17	204
CAND	5	59	4	204
CAND	5	60	43	204
CAND	5	61	139	204
CAND	5	62	5	205
CAND	5	63	6	206
CAND	5	64	7	207
CAND	5	65	8	208
CAND	5	66	9	209
CAND	5	67	10	210
CAND	5	68	11	211
CAND	5	69	12	212
CAND	5	70	13	213
CAND	5	71	14	214
CAND	5	72	41	215
CAND	5	73	137	215
CAND	5	74	15	215
CAND	5	75	16	216
CAND	5	76	3	216
CAND	5	77	17	217
CAND	5	78	4	217
CAND	5	79	18	218
CAND	5	80	19	219
CAND	5	81	20	220
CAND	5	82	21	221
CAND	5	83	22	222
CAND	5	84	23	223
CAND	5	85	24	224
CAND	5	86	25	225
CAND	5	87	121	225
CAND	5	88	26	226
CAND	5	89	122	226
CAND	5	90	27	227
CAND	5	91	123	227
CAND	5	92	28	228
CAND	5	93	124	228
CAND	5	94	29	229
CAND	5	95	125	229
CAND	5	96	30	230
CAND	5	97	126	230
CAND	5	98	31	231
CAND	5	99	127	231
CAND	5	100	32	232
CAND	5	101	128	232
CAND	5	102	33	233
CAND	5	103	129	233
CAND	5	104	34	234
CAND	5	105	130	234
CAND	5	106	35	235
CAND	5	107	131	235
CAND	5	108	36	236
CAND	5	109	132	236
CAND	5	110	68	237
CAND	5	111	164	237
CAND	5	112	37	237
CAND	5	113	133	237
CAND	5	114	38	238
CAND	5	115	134	238
CAND	5	116	95	239
CAND	5	117	39	239
CAND	5	118	135	239
CAND	5	119	40	240
CAND	5	120	136	240
CAND	5	121	41	241
CAND	5	122	137	241
CAND	5	123	15	241
CAND	5	124	42	242
CAND	5	125	138	242
CAND	5	126	4	243
CAND	5	127	43	243
CAND	5	128	139	243
CAND	5	129	44	244
CAND	5	130	140	244
CAND	5	131	45	245
CAND	5	132	141	245
CAND	5	133	46	246
CAND	5	134	142	246
CAND	5	135	47	247
CAND	5	136	143	247
CAND	5	137	48	248
CAND	5	138	144	248
CAND	5	139	49	249
CAND	5	140	145	249
CAND	5	141	50	250
CAND	5	142	146	250
CAND	5	143	51	251
CAND	5	144	147	251
CAND	5	145	52	252
CAND	5	146	148	252
CAND	5	147	53	253
CAND	5	148	149	253
CAND	5	149	54	254
CAND	5	150	150	254
CAND	5	151	55	255
CAND	5	152	151	255
CAND	5	153	56	256
CAND	5	154	152	256
CAND	5	155	57	257
CAND	5	156	153	257
CAND	5	157	58	258
CAND	5	158	154	258
CAND	5	159	59	259
CAND	5	160	155	259
CAND	5	161	60	260
CAND	5	162	156	260
CAND	5	163	61	261
CAND	5	164	157	261
CAND	5	165	2	262
CAND	5	166	62	262
CAND	5	167	158	262
CAND	5	168	63	263
CAND	5	169	159	263
CAND	5	170	3	263
CAND	5	171	64	264
CAND	5	172	160	264
CAND	5	173	65	265
CAND	5	174	161	265
CAND	5	175	66	266
CAND	5	176	162	266
CAND	5	177	67	267
CAND	5	178	163	267
CAND	5	179	68	268
CAND	5	180	164	268
CAND	5	181	37	268
CAND	5	182	133	268
CAND	5	183	69	269
CAND	5	184	165	269
CAND	5	185	70	270
CAND	5	186	166	270
CAND	5	187	71	271
CAND	5	188	167	271
CAND	5	189	72	272
CAND	5	190	168	272
CAND	5	191	73	273
CAND	5	192	169	273
CAND	5	193	74	274
CAND	5	194	170	274
CAND	5	195	75	275
CAND	5	196	171	275
CAND	5	197	76	276
CAND	5	198	172	276
CAND	5	199	77	277
CAND	5	200	173	277
CAND	5	201	78	278
CAND	5	202	174	278
CAND	5	203	79	279
CAND	5	204	175	279
CAND	5	205	80	280
CAND	5	206	176	280
CAND	5	207	81	281
CAND	5	208	177	281
CAND	5	209	82	282
CAND	5	210	178	282
CAND	5	211	83	283
CAND	5	212	179	283
CAND	5	213	84	284
CAND	5	214	180	284
CAND	5	215	85	285
CAND	5	216	181	285
CAND	5	217	86	286
CAND	5	218	182	286
CAND	5	219	87	287
CAND	5	220	183	287
CAND	5	221	88	288
CAND	5	222	184	288
CAND	5	223	89	289
CAND	5	224	185	289
CAND	5	225	90	290
CAND	5	226	186	290
CAND	5	227	91	291
CAND	5	228	187	291
CAND	5	229	92	292
CAND	5	230	188	292
CAND	5	231	93	293
CAND	5	232	94	294
CAND	5	233	95	295
CAND	5	234	39	295
CAND	5	235	135	295
CAND	5	236	96	296
CAND	5	237	97	297
CAND	5	238	98	298
CAND	5	239	99	299
CAND	5	240	100	300
CAND	5	241	101	301
CAND	5	242	102	302
CAND	5	243	103	303
CAND	5	244	104	304
CAND	5	245	105	305
CAND	5	246	106	306
CAND	5	247	107	307
CAND	5	248	108	308
CAND	5	249	109	309
CAND	5	250	110	310
CAND	5	251	111	311
CAND	5	252	112	312
CAND	5	253	113	313
CAND	5	254	114	314
CAND	5	255	115	315
CAND	5	256	116	316
CAND	5	257	117	317
CAND	5	258	42	353
CAND	5	259	138	353
CAND	5	260	16	353
CAND	5	261	3	353
CAND	5	262	17	354
CAND	5	263	4	354
CAND	5	264	81	357
CAND	5	265	177	357
CAND	5	266	31	385
CAND	5	267	127	385
CAND	5	268	101	411
CAND	5	269	42	442
CAND	5	270	138	442
CAND	5	271	16	442
CAND	5	272	41	450
CAND	5	273	137	450
CAND	5	274	42	451
CAND	5	275	138	451
CAND	5	276	16	451
CAND	5	277	3	451
CAND	5	278	17	452
CAND	5	279	77	488
CAND	5	280	173	488
CAND	5	281	79	490
CAND	5	282	175	490
CAND	5	283	16	525
CAND	5	284	17	526
CAND	5	285	4	526
CAND	5	286	43	526
CAND	5	287	139	526
CAND	5	288	111	530
CAND	5	289	5	531
CAND	5	290	111	533
CAND	5	291	83	561
CAND	5	292	179	561
CAND	5	293	43	573
CAND	5	294	139	573
CAND	5	295	63	575
CAND	5	296	159	575
CAND	5	297	3	575
CAND	5	298	4	576
CAND	5	299	43	576
CAND	5	300	139	576
CAND	5	301	78	586
CAND	5	302	174	586
CAND	5	303	79	587
CAND	5	304	175	587
CAND	5	305	78	591
CAND	5	306	174	591
CAND	5	307	50	592
CAND	5	308	146	592
CAND	5	309	79	592
CAND	5	310	175	592
CAND	5	311	111	593
CAND	5	312	78	598
CAND	5	313	174	598
CAND	5	314	79	599
CAND	5	315	175	599
CAND	5	316	27	629
CAND	5	317	123	629
CAND	5	318	16	632
CAND	5	319	63	632
CAND	5	320	159	632
CAND	5	321	3	632
CAND	5	322	17	633
CAND	5	323	4	633
CAND	5	324	43	633
CAND	5	325	139	633
CAND	5	326	59	658
CAND	5	327	155	658
CAND	5	328	107	660
CAND	5	329	25	716
CAND	5	330	121	716
CAND	5	331	39	722
CAND	5	332	135	722
CAND	5	333	115	723
CAND	5	334	116	724
CAND	5	335	33	726
CAND	5	336	129	726
CAND	5	337	9	761
CAND	5	338	10	762
CAND	5	339	48	814
CAND	5	340	144	814
CAND	5	341	65	822
CAND	5	342	161	822
CAND	5	343	93	830
CAND	5	344	73	833
CAND	5	345	169	833
CAND	5	346	105	839
CAND	5	347	63	852
CAND	5	348	159	852
CAND	5	349	87	866
CAND	5	350	183	866
CAND	5	351	27	898
CAND	5	352	123	898
CAND	5	353	2	913
CAND	5	354	62	913
CAND	5	355	158	913
CAND	5	356	63	914
CAND	5	357	159	914
CAND	5	358	3	914
CAND	5	359	9	952
CAND	5	360	114	968
CAND	5	361	108	988
CAND	5	362	109	989
CAND	5	363	112	990
CAND	5	364	11	1085
CAND	5	365	24	1101
CAND	5	366	5	1115
CAND	5	367	32	1134
CAND	5	368	128	1134
CAND	5	369	42	1147
CAND	5	370	138	1147
CAND	5	371	16	1147
CAND	5	372	3	1147
CAND	5	373	17	1148
CAND	5	374	4	1148
CAND	5	375	105	1150
CAND	5	376	106	1151
CAND	5	377	91	1156
CAND	5	378	187	1156
CAND	5	379	31	1167
CAND	5	380	127	1167
CAND	5	381	68	1188
CAND	5	382	164	1188
CAND	5	383	37	1188
CAND	5	384	133	1188
CAND	5	385	61	1188
CAND	5	386	157	1188
CAND	5	387	24	1200
CAND	5	388	92	1206
CAND	5	389	188	1206
CAND	5	390	93	1207
CAND	5	391	51	1220
CAND	5	392	147	1220
CAND	5	393	24	1268
CAND	5	394	93	1270
CAND	5	395	72	1352
CAND	5	396	168	1352
CAND	5	397	28	1388
CAND	5	398	124	1388
CAND	5	399	29	1389
CAND	5	400	125	1389
CAND	5	401	64	1402
CAND	5	402	160	1402
CAND	5	403	74	1420
CAND	5	404	170	1420
CAND	5	405	41	1425
CAND	5	406	137	1425
CAND	5	407	15	1425
CAND	5	408	42	1426
CAND	5	409	138	1426
CAND	5	410	12	1430
CAND	5	411	42	1434
CAND	5	412	138	1434
CAND	5	413	16	1434
CAND	5	414	17	1435
CAND	5	415	4	1435
CAND	5	416	43	1435
CAND	5	417	139	1435
CAND	5	418	78	1447
CAND	5	419	174	1447
CAND	5	420	69	1450
CAND	5	421	165	1450
CAND	5	422	79	1455
CAND	5	423	175	1455
CAND	5	424	7	1568
CAND	5	425	107	1587
CAND	5	426	81	1620
CAND	5	427	177	1620
CAND	5	428	33	1646
CAND	5	429	129	1646
CAND	5	430	33	1651
CAND	5	431	129	1651
CAND	5	432	98	1673
CAND	5	433	86	1716
CAND	5	434	182	1716
CAND	5	435	63	1719
CAND	5	436	159	1719
CAND	5	437	64	1720
CAND	5	438	160	1720
CAND	5	439	50	1727
CAND	5	440	146	1727
CAND	5	441	28	1737
CAND	5	442	124	1737
CAND	5	443	29	1738
CAND	5	444	125	1738
CAND	5	445	105	1751
CAND	5	446	116	1766
CAND	5	447	117	1767
CAND	5	448	48	1776
CAND	5	449	144	1776
CAND	5	450	49	1777
CAND	5	451	145	1777
CAND	5	452	31	1800
CAND	5	453	127	1800
CAND	5	454	32	1801
CAND	5	455	128	1801
CAND	5	456	24	1812
CAND	5	457	23	1868
CAND	5	458	83	1878
CAND	5	459	179	1878
CAND	5	460	25	1925
CAND	5	461	121	1925
CAND	5	462	26	1926
CAND	5	463	122	1926
CAND	5	464	18	1935
CAND	5	465	93	1942
CAND	5	466	11	1968
CAND	5	467	104	1982
CAND	5	468	79	1992
CAND	5	469	175	1992
CAND	5	470	37	2018
CAND	5	471	133	2018
CAND	5	472	81	2026
CAND	5	473	177	2026
CAND	5	474	72	2037
CAND	5	475	168	2037
CAND	5	476	2	2068
CAND	5	477	62	2068
CAND	5	478	158	2068
CAND	5	479	27	2068
CAND	5	480	123	2068
CAND	5	481	63	2069
CAND	5	482	159	2069
CAND	5	483	3	2069
CAND	5	484	48	2071
CAND	5	485	144	2071
CAND	5	486	49	2072
CAND	5	487	145	2072
CAND	5	488	50	2073
CAND	5	489	146	2073
CAND	5	490	100	2076
CAND	5	491	84	2091
CAND	5	492	180	2091
CAND	5	493	93	2101
CAND	5	494	103	2116
END	5	495
Warning: [tblastn] Query_3 no_hit_x: Could not calculate ungapped Karlin-Altschul parameters due to an invalid query sequence or its translation. Please verify the query sequence(s) and/or filtering options 
