PARAM	0	16	16	28
CAND	0	0	0	4999950
CAND	0	1	1	4999951
CAND	0	2	2	4999952
CAND	0	3	62	4999952
CAND	0	4	158	4999952
CAND	0	5	16	4999953
CAND	0	6	63	4999953
CAND	0	7	159	4999953
CAND	0	8	3	4999953
CAND	0	9	17	4999954
CAND	0	10	4	4999954
CAND	0	11	43	4999954
CAND	0	12	139	4999954
CAND	0	13	5	4999955
CAND	0	14	6	4999956
CAND	0	15	7	4999957
CAND	0	16	8	4999958
CAND	0	17	9	4999959
CAND	0	18	10	4999960
CAND	0	19	11	4999961
CAND	0	20	12	4999962
CAND	0	21	13	4999963
CAND	0	22	14	4999964
CAND	0	23	41	4999965
CAND	0	24	137	4999965
CAND	0	25	15	4999965
CAND	0	26	16	4999966
CAND	0	27	3	4999966
CAND	0	28	17	4999967
CAND	0	29	4	4999967
CAND	0	30	18	4999968
CAND	0	31	19	4999969
CAND	0	32	20	4999970
CAND	0	33	21	4999971
CAND	0	34	22	4999972
CAND	0	35	23	4999973
CAND	0	36	24	4999974
CAND	0	37	25	4999975
CAND	0	38	121	4999975
CAND	0	39	26	4999976
CAND	0	40	122	4999976
CAND	0	41	27	4999977
CAND	0	42	123	4999977
CAND	0	43	28	4999978
CAND	0	44	124	4999978
CAND	0	45	29	4999979
CAND	0	46	125	4999979
CAND	0	47	30	4999980
CAND	0	48	126	4999980
CAND	0	49	31	4999981
CAND	0	50	127	4999981
CAND	0	51	32	4999982
CAND	0	52	128	4999982
CAND	0	53	33	4999983
CAND	0	54	129	4999983
CAND	0	55	34	4999984
CAND	0	56	130	4999984
CAND	0	57	35	4999985
CAND	0	58	131	4999985
CAND	0	59	36	4999986
CAND	0	60	132	4999986
CAND	0	61	68	4999987
CAND	0	62	164	4999987
CAND	0	63	37	4999987
CAND	0	64	133	4999987
CAND	0	65	38	4999988
CAND	0	66	134	4999988
CAND	0	67	95	4999989
CAND	0	68	39	4999989
CAND	0	69	135	4999989
CAND	0	70	40	4999990
CAND	0	71	136	4999990
CAND	0	72	41	4999991
CAND	0	73	137	4999991
CAND	0	74	15	4999991
CAND	0	75	42	4999992
CAND	0	76	138	4999992
CAND	0	77	4	4999993
CAND	0	78	43	4999993
CAND	0	79	139	4999993
CAND	0	80	44	4999994
CAND	0	81	140	4999994
CAND	0	82	45	4999995
CAND	0	83	141	4999995
CAND	0	84	46	4999996
CAND	0	85	142	4999996
CAND	0	86	47	4999997
CAND	0	87	143	4999997
END	0	88
PARAM	1	16	16	28
CAND	1	0	0	50
CAND	1	1	1	51
CAND	1	2	2	52
CAND	1	3	62	52
CAND	1	4	158	52
CAND	1	5	16	53
CAND	1	6	63	53
CAND	1	7	159	53
CAND	1	8	3	53
CAND	1	9	17	54
CAND	1	10	4	54
CAND	1	11	43	54
CAND	1	12	139	54
CAND	1	13	5	55
CAND	1	14	6	56
CAND	1	15	7	57
CAND	1	16	8	58
CAND	1	17	9	59
CAND	1	18	10	60
CAND	1	19	11	61
CAND	1	20	12	62
CAND	1	21	13	63
CAND	1	22	14	64
CAND	1	23	41	65
CAND	1	24	137	65
CAND	1	25	15	65
CAND	1	26	16	66
CAND	1	27	3	66
CAND	1	28	17	67
CAND	1	29	4	67
CAND	1	30	18	68
CAND	1	31	19	69
CAND	1	32	20	70
CAND	1	33	21	71
CAND	1	34	22	72
CAND	1	35	23	73
CAND	1	36	24	74
CAND	1	37	25	75
CAND	1	38	121	75
CAND	1	39	26	76
CAND	1	40	122	76
CAND	1	41	27	77
CAND	1	42	123	77
CAND	1	43	28	78
CAND	1	44	124	78
CAND	1	45	29	79
CAND	1	46	125	79
CAND	1	47	30	80
CAND	1	48	126	80
CAND	1	49	31	81
CAND	1	50	127	81
CAND	1	51	32	82
CAND	1	52	128	82
CAND	1	53	33	83
CAND	1	54	129	83
CAND	1	55	34	84
CAND	1	56	130	84
CAND	1	57	35	85
CAND	1	58	131	85
CAND	1	59	36	86
CAND	1	60	132	86
CAND	1	61	68	87
CAND	1	62	164	87
CAND	1	63	37	87
CAND	1	64	133	87
CAND	1	65	38	88
CAND	1	66	134	88
CAND	1	67	95	89
CAND	1	68	39	89
CAND	1	69	135	89
CAND	1	70	40	90
CAND	1	71	136	90
CAND	1	72	41	91
CAND	1	73	137	91
CAND	1	74	15	91
CAND	1	75	42	92
CAND	1	76	138	92
CAND	1	77	4	93
CAND	1	78	43	93
CAND	1	79	139	93
CAND	1	80	44	94
CAND	1	81	140	94
CAND	1	82	45	95
CAND	1	83	141	95
CAND	1	84	46	96
CAND	1	85	142	96
CAND	1	86	47	97
CAND	1	87	143	97
CAND	1	88	48	98
CAND	1	89	144	98
CAND	1	90	49	99
CAND	1	91	145	99
CAND	1	92	50	100
CAND	1	93	146	100
CAND	1	94	51	101
CAND	1	95	147	101
CAND	1	96	52	102
CAND	1	97	148	102
CAND	1	98	53	103
CAND	1	99	149	103
CAND	1	100	54	104
CAND	1	101	150	104
CAND	1	102	55	105
CAND	1	103	151	105
CAND	1	104	56	106
CAND	1	105	152	106
CAND	1	106	57	107
CAND	1	107	153	107
CAND	1	108	58	108
CAND	1	109	154	108
CAND	1	110	59	109
CAND	1	111	155	109
CAND	1	112	60	110
CAND	1	113	156	110
CAND	1	114	61	111
CAND	1	115	157	111
CAND	1	116	2	112
CAND	1	117	62	112
CAND	1	118	158	112
CAND	1	119	63	113
CAND	1	120	159	113
CAND	1	121	3	113
CAND	1	122	64	114
CAND	1	123	160	114
CAND	1	124	65	115
CAND	1	125	161	115
CAND	1	126	66	116
CAND	1	127	162	116
CAND	1	128	67	117
CAND	1	129	163	117
CAND	1	130	68	118
CAND	1	131	164	118
CAND	1	132	37	118
CAND	1	133	133	118
CAND	1	134	69	119
CAND	1	135	165	119
CAND	1	136	70	120
CAND	1	137	166	120
CAND	1	138	71	121
CAND	1	139	167	121
CAND	1	140	72	122
CAND	1	141	168	122
CAND	1	142	73	123
CAND	1	143	169	123
CAND	1	144	74	124
CAND	1	145	170	124
CAND	1	146	75	125
CAND	1	147	171	125
CAND	1	148	76	126
CAND	1	149	172	126
CAND	1	150	77	127
CAND	1	151	173	127
CAND	1	152	78	128
CAND	1	153	174	128
CAND	1	154	79	129
CAND	1	155	175	129
CAND	1	156	80	130
CAND	1	157	176	130
CAND	1	158	81	131
CAND	1	159	177	131
CAND	1	160	82	132
CAND	1	161	178	132
CAND	1	162	83	133
CAND	1	163	179	133
CAND	1	164	84	134
CAND	1	165	180	134
CAND	1	166	85	135
CAND	1	167	181	135
CAND	1	168	86	136
CAND	1	169	182	136
CAND	1	170	87	137
CAND	1	171	183	137
CAND	1	172	88	138
CAND	1	173	184	138
CAND	1	174	89	139
CAND	1	175	185	139
CAND	1	176	90	140
CAND	1	177	186	140
CAND	1	178	91	141
CAND	1	179	187	141
CAND	1	180	92	142
CAND	1	181	188	142
CAND	1	182	93	143
CAND	1	183	94	144
CAND	1	184	95	145
CAND	1	185	39	145
CAND	1	186	135	145
CAND	1	187	96	146
CAND	1	188	97	147
CAND	1	189	98	148
CAND	1	190	99	149
CAND	1	191	100	150
CAND	1	192	101	151
CAND	1	193	102	152
CAND	1	194	103	153
CAND	1	195	104	154
CAND	1	196	105	155
CAND	1	197	106	156
CAND	1	198	107	157
CAND	1	199	108	158
CAND	1	200	109	159
CAND	1	201	110	160
CAND	1	202	111	161
CAND	1	203	112	162
CAND	1	204	113	163
CAND	1	205	114	164
CAND	1	206	115	165
CAND	1	207	116	166
CAND	1	208	117	167
CAND	1	209	107	168
END	1	210
PARAM	2	16	16	28
CAND	2	0	16	4999954
CAND	2	1	17	4999955
CAND	2	2	4	4999955
CAND	2	3	43	4999955
CAND	2	4	139	4999955
CAND	2	5	111	4999959
CAND	2	6	5	4999960
CAND	2	7	111	4999962
CAND	2	8	83	4999990
CAND	2	9	179	4999990
END	2	10
PARAM	3	16	16	28
CAND	3	0	16	54
CAND	3	1	17	55
CAND	3	2	4	55
CAND	3	3	43	55
CAND	3	4	139	55
CAND	3	5	111	59
CAND	3	6	5	60
CAND	3	7	111	62
CAND	3	8	83	90
CAND	3	9	179	90
CAND	3	10	43	102
CAND	3	11	139	102
CAND	3	12	63	104
CAND	3	13	159	104
CAND	3	14	3	104
CAND	3	15	4	105
CAND	3	16	43	105
CAND	3	17	139	105
CAND	3	18	78	115
CAND	3	19	174	115
CAND	3	20	79	116
CAND	3	21	175	116
CAND	3	22	78	120
CAND	3	23	174	120
CAND	3	24	50	121
CAND	3	25	146	121
CAND	3	26	79	121
CAND	3	27	175	121
CAND	3	28	111	122
CAND	3	29	78	127
CAND	3	30	174	127
CAND	3	31	79	128
CAND	3	32	175	128
CAND	3	33	27	158
CAND	3	34	123	158
CAND	3	35	16	161
CAND	3	36	63	161
CAND	3	37	159	161
CAND	3	38	3	161
CAND	3	39	17	162
CAND	3	40	4	162
CAND	3	41	43	162
CAND	3	42	139	162
END	3	43
PARAM	4	16	16	28
CAND	4	0	63	4999960
CAND	4	1	159	4999960
CAND	4	2	87	4999974
CAND	4	3	183	4999974
END	4	4
PARAM	5	16	16	28
CAND	5	0	63	60
CAND	5	1	159	60
CAND	5	2	87	74
CAND	5	3	183	74
CAND	5	4	27	106
CAND	5	5	123	106
CAND	5	6	2	121
CAND	5	7	62	121
CAND	5	8	158	121
CAND	5	9	63	122
CAND	5	10	159	122
CAND	5	11	3	122
CAND	5	12	9	160
END	5	13
PARAM	6	16	16	28
CAND	6	0	7	335
CAND	6	1	107	354
END	6	2
PARAM	7	16	16	28
END	7	0
PARAM	8	16	16	28
CAND	8	0	31	255
CAND	8	1	127	255
CAND	8	2	68	276
CAND	8	3	164	276
CAND	8	4	37	276
CAND	8	5	133	276
CAND	8	6	61	276
CAND	8	7	157	276
CAND	8	8	24	288
CAND	8	9	92	294
CAND	8	10	188	294
CAND	8	11	93	295
CAND	8	12	51	308
CAND	8	13	147	308
CAND	8	14	24	356
CAND	8	15	93	358
END	8	16
PARAM	9	16	16	28
END	9	0
PARAM	10	16	16	28
CAND	10	0	15	247
CAND	10	1	16	248
CAND	10	2	43	249
CAND	10	3	139	249
CAND	10	4	24	257
CAND	10	5	23	313
CAND	10	6	83	323
CAND	10	7	179	323
END	10	8
PARAM	11	16	16	28
END	11	0
Warning: [tblastn] Query_3 no_hit_x: Could not calculate ungapped Karlin-Altschul parameters due to an invalid query sequence or its translation. Please verify the query sequence(s) and/or filtering options 
