./code1_default_subject_fmt6.out: OK
./code1_g1_db_detail.out: OK
./code1_g1_db_fmt0.out: OK
./code1_g1_db_fmt6.out: OK
./code1_g1_db_fmt7.out: OK
./code1_g1_subject_detail.out: OK
./code1_g1_subject_fmt0.out: OK
./code1_g1_subject_fmt6.out: OK
./code1_g1_subject_fmt7.out: OK
./code1_g4_db_detail.out: OK
./code1_g4_db_fmt0.out: OK
./code1_g4_db_fmt6.out: OK
./code1_g4_db_fmt7.out: OK
./code1_g4_subject_detail.out: OK
./code1_g4_subject_fmt0.out: OK
./code1_g4_subject_fmt6.out: OK
./code1_g4_subject_fmt7.out: OK
./code32_g1_db_detail.out: OK
./code32_g1_db_fmt0.out: OK
./code32_g1_db_fmt6.out: OK
./code32_g1_db_fmt7.out: OK
./code32_g1_subject_detail.out: OK
./code32_g1_subject_fmt0.out: OK
./code32_g1_subject_fmt6.out: OK
./code32_g1_subject_fmt7.out: OK
./code32_g4_db_detail.out: OK
./code32_g4_db_fmt0.out: OK
./code32_g4_db_fmt6.out: OK
./code32_g4_db_fmt7.out: OK
./code32_g4_subject_detail.out: OK
./code32_g4_subject_fmt0.out: OK
./code32_g4_subject_fmt6.out: OK
./code32_g4_subject_fmt7.out: OK
./code4_g1_db_detail.out: OK
./code4_g1_db_fmt0.out: OK
./code4_g1_db_fmt6.out: OK
./code4_g1_db_fmt7.out: OK
./code4_g1_subject_detail.out: OK
./code4_g1_subject_fmt0.out: OK
./code4_g1_subject_fmt6.out: OK
./code4_g1_subject_fmt7.out: OK
./code4_g4_db_detail.out: OK
./code4_g4_db_fmt0.out: OK
./code4_g4_db_fmt6.out: OK
./code4_g4_db_fmt7.out: OK
./code4_g4_subject_detail.out: OK
./code4_g4_subject_fmt0.out: OK
./code4_g4_subject_fmt6.out: OK
./code4_g4_subject_fmt7.out: OK
./code1_g1_db_detail.stderr: OK
./code1_g1_db_fmt0.stderr: OK
./code1_g1_db_fmt6.stderr: OK
./code1_g1_db_fmt7.stderr: OK
./code1_g1_subject_detail.stderr: OK
./code1_g1_subject_fmt0.stderr: OK
./code1_g1_subject_fmt6.stderr: OK
./code1_g1_subject_fmt7.stderr: OK
./code1_g4_db_detail.stderr: OK
./code1_g4_db_fmt0.stderr: OK
./code1_g4_db_fmt6.stderr: OK
./code1_g4_db_fmt7.stderr: OK
./code1_g4_subject_detail.stderr: OK
./code1_g4_subject_fmt0.stderr: OK
./code1_g4_subject_fmt6.stderr: OK
./code1_g4_subject_fmt7.stderr: OK
./code32_cli.stderr: OK
./code32_db_cli.stderr: OK
./code32_g1_db_detail.stderr: OK
./code32_g1_db_fmt0.stderr: OK
./code32_g1_db_fmt6.stderr: OK
./code32_g1_db_fmt7.stderr: OK
./code32_g1_subject_detail.stderr: OK
./code32_g1_subject_fmt0.stderr: OK
./code32_g1_subject_fmt6.stderr: OK
./code32_g1_subject_fmt7.stderr: OK
./code32_g4_db_detail.stderr: OK
./code32_g4_db_fmt0.stderr: OK
./code32_g4_db_fmt6.stderr: OK
./code32_g4_db_fmt7.stderr: OK
./code32_g4_subject_detail.stderr: OK
./code32_g4_subject_fmt0.stderr: OK
./code32_g4_subject_fmt6.stderr: OK
./code32_g4_subject_fmt7.stderr: OK
./code4_g1_db_detail.stderr: OK
./code4_g1_db_fmt0.stderr: OK
./code4_g1_db_fmt6.stderr: OK
./code4_g1_db_fmt7.stderr: OK
./code4_g1_subject_detail.stderr: OK
./code4_g1_subject_fmt0.stderr: OK
./code4_g1_subject_fmt6.stderr: OK
./code4_g1_subject_fmt7.stderr: OK
./code4_g4_db_detail.stderr: OK
./code4_g4_db_fmt0.stderr: OK
./code4_g4_db_fmt6.stderr: OK
./code4_g4_db_fmt7.stderr: OK
./code4_g4_subject_detail.stderr: OK
./code4_g4_subject_fmt0.stderr: OK
./code4_g4_subject_fmt6.stderr: OK
./code4_g4_subject_fmt7.stderr: OK
./code32_cli.stdout: OK
./code32_db_cli.stdout: OK
