== cargo clippy --locked --all-targets -- -D warnings
   Compiling proc-macro2 v1.0.106
   Compiling unicode-ident v1.0.24
   Compiling quote v1.0.45
   Compiling autocfg v1.5.0
   Compiling libm v0.2.16
   Compiling libc v0.2.186
   Compiling zerocopy v0.8.48
    Checking cfg-if v1.0.4
   Compiling serde_core v1.0.228
    Checking memchr v2.8.0
   Compiling serde v1.0.228
   Compiling rustversion v1.0.22
   Compiling syn v1.0.109
    Checking bytemuck v1.25.0
   Compiling paste v1.0.15
   Compiling semver v0.1.20
   Compiling heck v0.5.0
    Checking rawpointer v0.2.1
   Compiling thiserror v1.0.69
    Checking utf8parse v0.2.2
   Compiling feature-probe v0.1.1
    Checking regex-syntax v0.8.10
   Compiling anyhow v1.0.102
    Checking hashbrown v0.17.1
    Checking is_terminal_polyfill v1.70.2
    Checking lazy_static v1.5.0
    Checking equivalent v1.0.2
    Checking anstyle v1.0.14
    Checking anstyle-query v1.1.5
   Compiling portable-atomic v1.13.1
   Compiling radium v0.7.0
    Checking typenum v1.20.0
    Checking colorchoice v1.0.5
   Compiling heck v0.4.1
    Checking fixedbitset v0.4.2
    Checking anstyle-parse v1.0.0
   Compiling bv v0.11.1
    Checking safe_arch v0.7.4
   Compiling rustc_version v0.1.7
   Compiling rustix v0.38.44
    Checking unicode-width v0.2.2
    Checking ryu v1.0.23
    Checking byteorder v1.5.0
   Compiling num-traits v0.2.19
   Compiling matrixmultiply v0.3.10
    Checking once_cell v1.21.4
    Checking clap_lex v1.1.0
    Checking itoa v1.0.18
    Checking either v1.15.0
   Compiling newtype_derive v0.1.6
    Checking strsim v0.11.1
    Checking aho-corasick v1.1.4
    Checking csv-core v0.1.13
    Checking bit-vec v0.6.3
    Checking tap v1.0.1
    Checking triple_accel v0.4.0
    Checking linux-raw-sys v0.4.15
    Checking editdistancek v1.0.2
    Checking bitflags v2.13.2
    Checking wyz v0.5.1
    Checking bytecount v0.6.9
    Checking fxhash v0.2.1
    Checking funty v2.0.0
    Checking number_prefix v0.4.0
    Checking anstream v1.0.0
   Compiling LOSAT v0.2.0 (/mnt/c/Users/genom/GitHub/LOSAT-web-gui/LOSAT)
    Checking custom_derive v0.1.7
    Checking strum v0.25.0
    Checking rustc-hash v1.1.0
    Checking wide v0.7.33
    Checking itertools v0.11.0
    Checking bit-set v0.5.3
    Checking clap_builder v4.6.0
    Checking bitvec v1.0.1
    Checking indexmap v2.14.0
   Compiling syn v2.0.117
    Checking petgraph v0.6.5
    Checking getrandom v0.2.17
    Checking console v0.15.11
    Checking regex-automata v0.4.14
    Checking rand_core v0.6.4
    Checking num-integer v0.1.46
    Checking num-complex v0.4.6
    Checking approx v0.5.1
    Checking ordered-float v3.9.2
    Checking itertools-num v0.1.3
    Checking indicatif v0.17.11
    Checking num-rational v0.4.2
    Checking simba v0.6.0
    Checking ndarray v0.15.6
    Checking csv v1.4.0
    Checking regex v1.12.3
   Compiling nalgebra-macros v0.1.0
    Checking ppv-lite86 v0.2.21
    Checking rand_chacha v0.3.1
    Checking rand v0.8.6
   Compiling serde_derive v1.0.228
   Compiling thiserror-impl v1.0.69
   Compiling strum_macros v0.26.4
   Compiling enum-map-derive v0.17.0
   Compiling derive-new v0.6.0
   Compiling clap_derive v4.6.1
   Compiling strum_macros v0.25.3
    Checking rand_distr v0.4.3
    Checking enum-map v2.7.3
    Checking nalgebra v0.29.0
    Checking bio-types v1.0.4
    Checking clap v4.6.1
    Checking vec_map v0.8.2
    Checking multimap v0.9.1
    Checking statrs v0.16.1
    Checking bio v1.6.0
    Checking losat-web-adapter v0.1.0 (/mnt/c/Users/genom/GitHub/LOSAT-web-gui/web/adapter)
    Finished `dev` profile [unoptimized + debuginfo] target(s) in 38.74s
exit 0
== cargo clippy --locked --lib --target wasm32-wasip1 -- -D warnings
   Compiling proc-macro2 v1.0.106
   Compiling unicode-ident v1.0.24
   Compiling quote v1.0.45
   Compiling autocfg v1.5.0
   Compiling libm v0.2.16
   Compiling zerocopy v0.8.48
   Compiling serde_core v1.0.228
    Checking cfg-if v1.0.4
    Checking wasi v0.11.1+wasi-snapshot-preview1
    Checking memchr v2.8.0
   Compiling serde v1.0.228
    Checking bytemuck v1.25.0
   Compiling paste v1.0.15
   Compiling syn v1.0.109
   Compiling rustversion v1.0.22
   Compiling semver v0.1.20
   Compiling heck v0.5.0
    Checking rawpointer v0.2.1
    Checking utf8parse v0.2.2
   Compiling thiserror v1.0.69
   Compiling libc v0.2.186
   Compiling feature-probe v0.1.1
    Checking regex-syntax v0.8.10
    Checking anstyle v1.0.14
    Checking lazy_static v1.5.0
    Checking colorchoice v1.0.5
    Checking is_terminal_polyfill v1.70.2
   Compiling portable-atomic v1.13.1
   Compiling anyhow v1.0.102
    Checking equivalent v1.0.2
    Checking hashbrown v0.17.1
    Checking anstyle-query v1.1.5
    Checking typenum v1.20.0
   Compiling radium v0.7.0
    Checking bit-vec v0.6.3
    Checking anstyle-parse v1.0.0
    Checking unicode-width v0.2.2
    Checking getrandom v0.2.17
    Checking safe_arch v0.7.4
    Checking byteorder v1.5.0
   Compiling rustc_version v0.1.7
   Compiling bv v0.11.1
    Checking either v1.15.0
    Checking wide v0.7.33
    Checking rand_core v0.6.4
    Checking fixedbitset v0.4.2
   Compiling heck v0.4.1
    Checking itoa v1.0.18
    Checking strsim v0.11.1
    Checking aho-corasick v1.1.4
    Checking anstream v1.0.0
    Checking csv-core v0.1.13
    Checking tap v1.0.1
    Checking clap_lex v1.1.0
    Checking once_cell v1.21.4
    Checking ryu v1.0.23
   Compiling newtype_derive v0.1.6
    Checking itertools v0.11.0
    Checking wyz v0.5.1
    Checking fxhash v0.2.1
    Checking bit-set v0.5.3
   Compiling LOSAT v0.2.0 (/mnt/c/Users/genom/GitHub/LOSAT-web-gui/LOSAT)
    Checking triple_accel v0.4.0
    Checking number_prefix v0.4.0
   Compiling num-traits v0.2.19
   Compiling matrixmultiply v0.3.10
    Checking strum v0.25.0
    Checking clap_builder v4.6.0
    Checking bytecount v0.6.9
    Checking editdistancek v1.0.2
    Checking custom_derive v0.1.7
    Checking web-time v1.1.0
    Checking funty v2.0.0
    Checking rustc-hash v1.1.0
    Checking indexmap v2.14.0
    Checking bitvec v1.0.1
    Checking console v0.15.11
   Compiling syn v2.0.117
    Checking petgraph v0.6.5
    Checking indicatif v0.17.11
    Checking regex-automata v0.4.14
    Checking num-complex v0.4.6
    Checking num-integer v0.1.46
    Checking approx v0.5.1
    Checking itertools-num v0.1.3
    Checking ordered-float v3.9.2
    Checking num-rational v0.4.2
    Checking simba v0.6.0
    Checking ndarray v0.15.6
    Checking csv v1.4.0
    Checking regex v1.12.3
    Checking ppv-lite86 v0.2.21
    Checking rand_chacha v0.3.1
   Compiling nalgebra-macros v0.1.0
    Checking rand v0.8.6
    Checking rand_distr v0.4.3
   Compiling serde_derive v1.0.228
   Compiling thiserror-impl v1.0.69
   Compiling enum-map-derive v0.17.0
   Compiling derive-new v0.6.0
   Compiling strum_macros v0.26.4
   Compiling clap_derive v4.6.1
   Compiling strum_macros v0.25.3
    Checking nalgebra v0.29.0
    Checking enum-map v2.7.3
    Checking bio-types v1.0.4
    Checking clap v4.6.1
    Checking multimap v0.9.1
    Checking vec_map v0.8.2
    Checking statrs v0.16.1
    Checking bio v1.6.0
    Checking losat-web-adapter v0.1.0 (/mnt/c/Users/genom/GitHub/LOSAT-web-gui/web/adapter)
    Finished `dev` profile [unoptimized + debuginfo] target(s) in 34.07s
exit 0
== cargo clippy --locked --lib --target wasm32-wasip1-threads --features threads -- -D warnings
    Checking wasi v0.11.1+wasi-snapshot-preview1
    Checking cfg-if v1.0.4
    Checking memchr v2.8.0
   Compiling crossbeam-utils v0.8.21
    Checking bytemuck v1.25.0
    Checking rawpointer v0.2.1
    Checking utf8parse v0.2.2
    Checking regex-syntax v0.8.10
    Checking anstyle v1.0.14
    Checking equivalent v1.0.2
    Checking colorchoice v1.0.5
    Checking hashbrown v0.17.1
   Compiling rayon-core v1.13.0
   Compiling libm v0.2.16
   Compiling zerocopy v0.8.48
   Compiling serde_core v1.0.228
   Compiling serde v1.0.228
   Compiling libc v0.2.186
   Compiling thiserror v1.0.69
    Checking anstyle-query v1.1.5
    Checking either v1.15.0
    Checking typenum v1.20.0
    Checking lazy_static v1.5.0
   Compiling num-traits v0.2.19
   Compiling matrixmultiply v0.3.10
    Checking is_terminal_polyfill v1.70.2
   Compiling bv v0.11.1
   Compiling portable-atomic v1.13.1
    Checking getrandom v0.2.17
    Checking safe_arch v0.7.4
    Checking anstyle-parse v1.0.0
   Compiling newtype_derive v0.1.6
   Compiling anyhow v1.0.102
   Compiling radium v0.7.0
    Checking itoa v1.0.18
    Checking strsim v0.11.1
    Checking bit-vec v0.6.3
    Checking byteorder v1.5.0
    Checking once_cell v1.21.4
    Checking unicode-width v0.2.2
    Checking ryu v1.0.23
    Checking tap v1.0.1
    Checking clap_lex v1.1.0
    Checking fixedbitset v0.4.2
    Checking enum-map v2.7.3
    Checking itertools v0.11.0
    Checking wide v0.7.33
    Checking rand_core v0.6.4
    Checking editdistancek v1.0.2
    Checking bytecount v0.6.9
    Checking custom_derive v0.1.7
    Checking wyz v0.5.1
    Checking strum v0.25.0
    Checking anstream v1.0.0
    Checking triple_accel v0.4.0
    Checking aho-corasick v1.1.4
    Checking csv-core v0.1.13
   Compiling LOSAT v0.2.0 (/mnt/c/Users/genom/GitHub/LOSAT-web-gui/LOSAT)
    Checking funty v2.0.0
    Checking number_prefix v0.4.0
    Checking web-time v1.1.0
    Checking rustc-hash v1.1.0
    Checking bit-set v0.5.3
    Checking fxhash v0.2.1
    Checking console v0.15.11
    Checking num_cpus v1.17.0
    Checking clap_builder v4.6.0
    Checking indexmap v2.14.0
    Checking indicatif v0.17.11
    Checking crossbeam-epoch v0.9.18
    Checking bitvec v1.0.1
    Checking crossbeam-deque v0.8.6
    Checking petgraph v0.6.5
    Checking rayon v1.12.0
    Checking num-integer v0.1.46
    Checking num-complex v0.4.6
    Checking approx v0.5.1
    Checking ordered-float v3.9.2
    Checking itertools-num v0.1.3
    Checking regex-automata v0.4.14
    Checking num-rational v0.4.2
    Checking simba v0.6.0
    Checking ndarray v0.15.6
    Checking clap v4.6.1
    Checking csv v1.4.0
    Checking multimap v0.9.1
    Checking vec_map v0.8.2
    Checking regex v1.12.3
    Checking bio-types v1.0.4
    Checking ppv-lite86 v0.2.21
    Checking rand_chacha v0.3.1
    Checking rand v0.8.6
    Checking rand_distr v0.4.3
    Checking nalgebra v0.29.0
    Checking statrs v0.16.1
    Checking bio v1.6.0
    Checking losat-web-adapter v0.1.0 (/mnt/c/Users/genom/GitHub/LOSAT-web-gui/web/adapter)
    Finished `dev` profile [unoptimized + debuginfo] target(s) in 20.46s
exit 0
