WORD_FINDER	0	1
INIT	0	0	3	3	0	0	120	656
WORD_FINDER	1	0
WORD_FINDER	2	0
WORD_FINDER	3	0
WORD_FINDER	4	0
WORD_FINDER	5	0
WORD_FINDER	6	0
WORD_FINDER	7	1
INIT	7	0	3	3	0	0	120	656
WORD_FINDER	8	0
WORD_FINDER	9	0
WORD_FINDER	10	0
WORD_FINDER	11	0
WORD_FINDER	12	0
WORD_FINDER	13	0
WORD_FINDER	14	1
INIT	14	0	3	3	0	0	120	656
WORD_FINDER	15	0
WORD_FINDER	16	0
WORD_FINDER	17	0
WORD_FINDER	18	0
WORD_FINDER	19	0
WORD_FINDER	20	0
WORD_FINDER	21	1
INIT	21	0	3	3	0	0	120	656
WORD_FINDER	22	0
WORD_FINDER	23	0
WORD_FINDER	24	0
WORD_FINDER	25	0
WORD_FINDER	26	0
WORD_FINDER	27	0
WORD_FINDER	28	1
INIT	28	0	3	3	0	0	120	656
WORD_FINDER	29	0
WORD_FINDER	30	0
WORD_FINDER	31	0
WORD_FINDER	32	0
WORD_FINDER	33	0
WORD_FINDER	34	0
WORD_FINDER	35	1
INIT	35	0	3	3	0	0	120	656
WORD_FINDER	36	1
INIT	36	0	3	3	0	0	120	656
WORD_FINDER	37	0
WORD_FINDER	38	0
WORD_FINDER	39	0
WORD_FINDER	40	0
WORD_FINDER	41	0
WORD_FINDER	42	1
INIT	42	0	3	3	0	0	120	656
WORD_FINDER	43	0
WORD_FINDER	44	0
WORD_FINDER	45	0
WORD_FINDER	46	0
WORD_FINDER	47	0
WORD_FINDER	48	1
INIT	48	0	3	3	0	0	120	647
WORD_FINDER	49	0
WORD_FINDER	50	0
WORD_FINDER	51	0
WORD_FINDER	52	0
WORD_FINDER	53	0
WORD_FINDER	54	0
WORD_FINDER	55	0
WORD_FINDER	56	0
WORD_FINDER	57	0
WORD_FINDER	58	0
WORD_FINDER	59	0
WORD_FINDER	60	0
WORD_FINDER	61	0
WORD_FINDER	62	0
WORD_FINDER	63	0
WORD_FINDER	64	0
WORD_FINDER	65	0
WORD_FINDER	66	1
INIT	66	0	3	3	0	0	120	656
WORD_FINDER	67	0
WORD_FINDER	68	0
WORD_FINDER	69	0
WORD_FINDER	70	0
WORD_FINDER	71	0
WORD_FINDER	72	1
INIT	72	0	3	3	0	0	120	656
WORD_FINDER	73	0
WORD_FINDER	74	0
WORD_FINDER	75	0
WORD_FINDER	76	0
WORD_FINDER	77	0
