
> losat-web@0.0.0 check
> npm run typecheck && npm run lint && npm run test && npm run build


> losat-web@0.0.0 typecheck
> vue-tsc --noEmit


> losat-web@0.0.0 lint
> eslint .


> losat-web@0.0.0 test
> vitest run


 RUN  v5.0.2 /mnt/c/Users/genom/GitHub/LOSAT-web-gui-app/web/app


 Test Files  9 passed (9)
      Tests  128 passed (128)
   Start at  17:19:41
   Duration  9.08s (tests 51%, transform 32%, import 16%, worker 1%)

  Transform  transforming modules took 5.51s · 32% of tracked time, re-done on every run
             persist transforms across runs with fsModuleCache: true
             learn more: https://vitest.dev/guide/improving-performance#caching-between-reruns


> losat-web@0.0.0 build
> vite build

vite v8.3.1 building client environment for production...
transforming...
✓ 40 modules transformed.
rendering chunks...
computing gzip size...
dist/index.html                       0.39 kB │ gzip:  0.26 kB
dist/assets/data-worker-BJwexKUH.js  17.09 kB
dist/assets/index-CpSSZTgd.css        1.21 kB │ gzip:  0.60 kB
dist/assets/index-CKT4iljO.js        82.66 kB │ gzip: 31.94 kB

✓ built in 1.00s
