
> losat-web@0.0.0 check
> npm run typecheck && npm run lint && npm run test && npm run build


> losat-web@0.0.0 typecheck
> vue-tsc --noEmit


> losat-web@0.0.0 lint
> eslint .


> losat-web@0.0.0 test
> vitest run


 RUN  v5.0.2 /mnt/c/Users/genom/GitHub/LOSAT-web-gui-app/web/app


 Test Files  12 passed (12)
      Tests  159 passed | 25 skipped (184)
   Start at  14:41:19
   Duration  13.11s (transform 40%, tests 38%, import 19%, worker 2%)

  Transform  transforming modules took 12.11s · 40% of tracked time, re-done on every run
             persist transforms across runs with fsModuleCache: true
             learn more: https://vitest.dev/guide/improving-performance#caching-between-reruns


> losat-web@0.0.0 build
> vite build

vite v8.3.1 building client environment for production...
transforming...
✓ 56 modules transformed.
rendering chunks...
computing gzip size...
dist/index.html                         0.39 kB │ gzip:  0.26 kB
dist/assets/thread-worker-BFsv56lD.js  17.92 kB
dist/assets/data-worker-Bs8mDzJC.js    18.62 kB
dist/assets/engine-worker-D_BLRGc2.js  30.10 kB
dist/assets/index-CpSSZTgd.css          1.21 kB │ gzip:  0.60 kB
dist/assets/index-D0H0kIY8.js          83.95 kB │ gzip: 32.32 kB

✓ built in 1.91s
