
> losat-web@0.0.0 e2e
> playwright test --reporter=list


Running 93 tests using 2 workers

  -   1 [chromium] › tests/e2e/browsers.spec.ts:34:3 › BlockStore contract: opfs store in a dedicated worker (without storage full)
  -   2 [chromium] › tests/e2e/browsers.spec.ts:49:1 › run output contract: a writer in its own worker and the real Data worker (without storage full)
  -   3 [chromium] › tests/e2e/browsers.spec.ts:34:3 › BlockStore contract: memory store in a dedicated worker (without storage full)
  -   4 [chromium] › tests/e2e/browsers.spec.ts:59:1 › the application keeps results in OPFS, or in memory with the reason shown
pass [opfs] write and seal: a block reads back exactly the bytes appended to it
pass [opfs] read: any range of a sealed block, and nothing beyond its end
pass [opfs] write: the store keeps a copy, so the caller may reuse its buffer
pass [opfs] staging: a block cannot be read before it is sealed
pass [opfs] seal: a sealed block takes no more bytes and cannot be sealed again
pass [run output] every stream arrives in order and the run commits
pass [opfs] discard: a staged or sealed block disappears and its bytes are freed
pass [opfs] create: a path that exists cannot be created again
pass [opfs] removeAll: removes one directory, sealed or not, and leaves the rest
pass [opfs] paths: empty and relative names are rejected
pass [opfs] an empty block can be sealed and read
pass [run output] many small chunks and one large chunk arrive unchanged
pass [run output] a run without output commits with empty outputs
pass [run output] staging: a run cannot be read before it is committed, and the commit waits for end
pass [run output] an end whose totals disagree fails the commit and discards the run
pass [opfs] a large block: 48 MiB in 1 MiB appends reads back unchanged
pass [run output] a message outside the protocol fails the commit
pass [opfs] storage full: an append fails with StorageFullError, the block can only be discarded, and sealed blocks stay readable
  ✓   5 [chromium] › tests/e2e/contracts.spec.ts:32:3 › BlockStore contract: opfs store in a dedicated worker (3.3s)
pass [memory] write and seal: a block reads back exactly the bytes appended to it
pass [memory] read: any range of a sealed block, and nothing beyond its end
pass [memory] write: the store keeps a copy, so the caller may reuse its buffer
pass [memory] staging: a block cannot be read before it is sealed
pass [memory] seal: a sealed block takes no more bytes and cannot be sealed again
pass [memory] discard: a staged or sealed block disappears and its bytes are freed
pass [memory] create: a path that exists cannot be created again
pass [memory] removeAll: removes one directory, sealed or not, and leaves the rest
pass [memory] paths: empty and relative names are rejected
pass [memory] an empty block can be sealed and read
pass [run output] discard drops a staged run and ignores its late chunks
pass [memory] a large block: 48 MiB in 1 MiB appends reads back unchanged
pass [memory] storage full: an append fails with StorageFullError, the block can only be discarded, and sealed blocks stay readable
pass [run output] a committed run is kept by discard and removed by delete
  ✓   7 [chromium] › tests/e2e/contracts.spec.ts:32:3 › BlockStore contract: memory store in a dedicated worker (616ms)
pass [run output] two staged runs keep their outputs apart
pass [run output] the writer refuses to write after end
pass [run output] storage full: the run fails with the reason, and committed runs stay readable
  ✓   6 [chromium] › tests/e2e/contracts.spec.ts:40:1 › run output contract: a writer in its own worker and the real Data worker (OPFS) (4.6s)
pass [record scanner] scan: one record with regular lines (LF)
pass [record scanner] scan: CRLF line ends
pass [record scanner] scan: lines of different lengths
pass [record scanner] scan: several records, the last without a final newline
pass [record scanner] scan: a blank line inside a sequence
pass [record scanner] scan: interior white space belongs to the sequence, trailing white space does not
pass [record scanner] scan: a non-ASCII header
pass [record scanner] scan: residues keep their case
pass [record scanner] scan: a record without residues
pass [record scanner] scan: an empty record ends the input (bio stops reading there)
pass [record scanner] scan: a header line without a newline at the end of the input
pass [record scanner] scan: an empty input has no records
pass [record scanner] scan: a U+FEFF at the start of a header is part of the ID
pass [record scanner] scan: bytes after the empty record that ends the input are not read
pass [record scanner] scan: a long record (4 checkpoints) with lines of 60 and 61 residues
pass [record scanner] scan: a long record with regular 80-residue lines
pass [record scanner] scan: the parser's error for text before the first header
pass [record scanner] scan: the parser's error for a blank line before the first header
pass [record scanner] scan: the parser's error for white space only
pass [record scanner] scan: the parser's error for a first line that is not a header, before bytes that are not UTF-8
pass [record scanner] scan: the parser's error for bytes that are not UTF-8
pass [record scanner] scan: a multi-byte character split across chunks
pass [record scanner] scan: parser kind 1 is refused until SX
  ✓   8 [chromium] › tests/e2e/engine.spec.ts:94:1 › record scanner contract: the serial reactor (845ms)
pass [engine input] register: the run proceeds when the record tables agree
pass [engine input] register: a query record with another ID stops the run before any output
pass [engine input] register: a subject record with another length stops the run before any output
[PLUGIN_TIMINGS] JavaScript callbacks ran for 2.8s of this 3.3s build (84%).
1 callback is listed without a time. Its calls overlapped, so the time inside one call includes work from other calls. To find its cost, profile the build with `node --cpu-prof`:
  - plugin vite:worker-import-meta-url transform (4 calls)
See https://rolldown.rs/reference/InputOptions.checks#bundlertimings for more details.

pass [engine input] register: a missing record stops the run before any output
  ✓  10 [chromium] › tests/e2e/engine.spec.ts:102:3 › engine input contract: the real EngineGateway at 1 thread(s) (1.1s)
multi.blastn n=1: subject registered
multi.megablast n=1: subject retained
iupac.beyond_table.blastn n=1: subject retained
rna.megablast n=1: subject retained
pass [engine input] register: the run proceeds when the record tables agree
multi.mts3.blastn n=1: subject retained
multi.ws7_e1000.blastn n=4: subject registered
multi.besthit.blastn n=4: subject retained
tblastx.multi n=1: subject registered
tblastx.batch n=1: subject retained
pass [engine input] register: a query record with another ID stops the run before any output
tblastx.mts1 n=4: subject registered
tblastx.thrwin n=4: subject retained
pass [engine input] register: a subject record with another length stops the run before any output
pass [engine input] register: a missing record stops the run before any output
  ✓  11 [chromium] › tests/e2e/engine.spec.ts:102:3 › engine input contract: the real EngineGateway at 4 thread(s) (1.1s)
pass [run output, Engine worker] every stream arrives in order and the run commits
pass [run output, Engine worker] many small chunks and one large chunk arrive unchanged
pass [run output, Engine worker] a run without output commits with empty outputs
  ✓   9 [chromium] › tests/e2e/engine.spec.ts:171:1 › R1: searches of one subject with other queries and options reuse it and give the expected bytes (2.1s)
pass [run output, Engine worker] staging: a run cannot be read before it is committed, and the commit waits for end
pass [run output, Engine worker] an end whose totals disagree fails the commit and discards the run
pass [run output, Engine worker] a message outside the protocol fails the commit
pass [run output, Engine worker] discard drops a staged run and ignores its late chunks
pass [run output, Engine worker] a committed run is kept by discard and removed by delete
pass [run output, Engine worker] two staged runs keep their outputs apart
pass [run output, Engine worker] the writer refuses to write after end
FAIL [run output, Engine worker] storage full: the run fails with the reason, and committed runs stay readable: ContractError: commit: expected a rejection matching /StorageFullError: Not enough temporary storage/, but it resolved
  ✓  12 [chromium] › tests/e2e/engine.spec.ts:129:1 › run output contract: the writer in the Engine worker, the real Data worker (without storage full) (1.2s)
completed compact.blastn n=1 n=1 175 ms
completed compact.blastn n=2 n=2 51 ms
completed compact.blastn n=4 n=4 35 ms
completed multi.blastn n=1 n=1 31 ms
completed multi.blastn n=2 n=2 39 ms
completed multi.blastn n=4 n=4 40 ms
completed mask.lcase.megablast n=1 n=1 30 ms
completed mask.lcase.megablast n=2 n=2 30 ms
completed mask.lcase.megablast n=4 n=4 31 ms
completed width.blastp n=1 n=1 41 ms
completed width.blastp n=2 n=2 43 ms
completed width.blastp n=4 n=4 38 ms
completed width.tblastn n=1 n=1 34 ms
completed width.tblastn n=2 n=2 36 ms
completed width.tblastn n=4 n=4 38 ms
completed tblastx.multi n=1 n=1 109 ms
completed tblastx.multi n=2 n=2 102 ms
completed tblastx.multi n=4 n=4 82 ms
completed tblastn.code4 n=1 n=1 25 ms
completed tblastn.code4 n=2 n=2 30 ms
completed tblastn.code4 n=4 n=4 32 ms
completed tblastn.batches n=1 n=1 743 ms
completed tblastn.batches n=2 n=2 669 ms
completed tblastn.batches n=4 n=4 695 ms
completed tblastx.threaded-direct n=1 n=1 44 ms
completed tblastx.threaded-direct n=2 n=2 48 ms
completed tblastx.threaded-direct n=4 n=4 52 ms
completed tblastn.query_batches n=2 n=2 4294 ms
  ✓  14 [chromium] › tests/e2e/engine.spec.ts:138:1 › V-BR: searches through the application give the expected bytes at 1, 2 and 4 threads (5.9s)
  -  15 [chromium] › tests/e2e/measure.spec.ts:207:1 › dw8: the share of a warm search that subject-only preprocessing can take
  -  16 [chromium] › tests/e2e/measure.spec.ts:238:1 › memory: the linear memory of one instance over repeated searches
  -  17 [chromium] › tests/e2e/measure.spec.ts:272:1 › auto: the search phase at 1, 2 and 4 threads by input size
  -  18 [chromium] › tests/e2e/measure.spec.ts:298:1 › cancel: the time to cancel and to prepare the next search in a new runtime
  ✓  19 [chromium] › tests/e2e/smoke.spec.ts:4:1 › the page is cross-origin isolated, so the threaded engine can use shared memory (113ms)
  ✓  20 [chromium] › tests/e2e/smoke.spec.ts:10:1 › paste, queue, run, view and export with the engine (621ms)
  ✓  21 [chromium] › tests/e2e/smoke.spec.ts:37:1 › a BLASTN query of white space only is refused with the index scan error, before it is queued (256ms)
  ✓  22 [chromium] › tests/e2e/storage.spec.ts:24:1 › a tab keeps its outputs in OPFS under tmp/<session>/runs/<run>/, named by tokens only (3.2s)
  ✓  23 [chromium] › tests/e2e/storage.spec.ts:47:3 › the next tab removes the data of a tab that is killed, and keeps its own (6.5s)
completed tblastn.query_batches n=4 n=4 4216 ms
  ✓  13 [chromium] › tests/e2e/engine.spec.ts:213:1 › a search that builds one thread pool after another runs threaded from a new runtime (18.1s)
cancel n=1: cancelled in 3 ms; next search prepared in 15 ms
cancel n=4: cancelled in 4 ms; next search prepared in 47 ms
  ✓  25 [chromium] › tests/e2e/engine.spec.ts:238:1 › a cancelled search ends its runtime; the next search runs in a new one with the expected bytes (1.3s)
renewed 0 n=1: subject registered
renewed 1 n=1: subject retained
renewed 2 n=4: subject registered
renewed 3 n=4: subject retained
renewed 0 n=1: subject registered
renewed 1 n=1: subject registered
renewed 2 n=4: subject registered
renewed 3 n=4: subject registered
  ✓  26 [chromium] › tests/e2e/engine.spec.ts:267:1 › a runtime renewed after every search gives the same bytes and registers the subject again (701ms)
completed compact.blastn n=4 n=4 182 ms
  ✓  27 [chromium] › tests/e2e/engine.spec.ts:290:1 › without cross-origin isolation, a threaded search runs on the serial module with the reason (294ms)
  ✓  24 [chromium] › tests/e2e/storage.spec.ts:47:3 › the next tab removes the data of a tab that is closed, and keeps its own (6.5s)
  ✓  29 [chromium] › tests/e2e/storage.spec.ts:107:1 › two tabs that start at the same time remove an abandoned session once and keep each other (4.6s)
  ✓  28 [chromium] › tests/e2e/storage.spec.ts:80:1 › two open tabs, started one after the other, never remove each other's data (8.4s)
  ✓  30 [chromium] › tests/e2e/storage.spec.ts:128:1 › a stopped (frozen) tab keeps its data while another tab starts (4.0s)
  ✓  31 [chromium] › tests/e2e/storage.spec.ts:147:1 › a run that runs out of storage fails with the reason; earlier results stay and later runs work (3.9s)
pass [opfs] write and seal: a block reads back exactly the bytes appended to it
pass [opfs] read: any range of a sealed block, and nothing beyond its end
pass [opfs] write: the store keeps a copy, so the caller may reuse its buffer
[PLUGIN_TIMINGS] JavaScript callbacks ran for 2.8s of this 3.2s build (86%).
1 callback is listed without a time. Its calls overlapped, so the time inside one call includes work from other calls. To find its cost, profile the build with `node --cpu-prof`:
  - plugin vite:worker-import-meta-url transform (4 calls)
See https://rolldown.rs/reference/InputOptions.checks#bundlertimings for more details.

pass [opfs] staging: a block cannot be read before it is sealed
pass [opfs] seal: a sealed block takes no more bytes and cannot be sealed again
pass [opfs] discard: a staged or sealed block disappears and its bytes are freed
pass [opfs] create: a path that exists cannot be created again
pass [opfs] removeAll: removes one directory, sealed or not, and leaves the rest
pass [opfs] paths: empty and relative names are rejected
pass [opfs] an empty block can be sealed and read
pass [opfs] a large block: 48 MiB in 1 MiB appends reads back unchanged
FAIL [opfs] storage full: an append fails with StorageFullError, the block can only be discarded, and sealed blocks stay readable: ContractError: an append beyond the storage: expected an error matching /StorageFullError/, but nothing was thrown
  ✓  32 [firefox] › tests/e2e/browsers.spec.ts:34:3 › BlockStore contract: opfs store in a dedicated worker (without storage full) (2.2s)
pass [memory] write and seal: a block reads back exactly the bytes appended to it
pass [memory] read: any range of a sealed block, and nothing beyond its end
pass [memory] write: the store keeps a copy, so the caller may reuse its buffer
pass [memory] staging: a block cannot be read before it is sealed
pass [memory] seal: a sealed block takes no more bytes and cannot be sealed again
pass [memory] discard: a staged or sealed block disappears and its bytes are freed
pass [memory] create: a path that exists cannot be created again
pass [memory] removeAll: removes one directory, sealed or not, and leaves the rest
pass [memory] paths: empty and relative names are rejected
pass [memory] an empty block can be sealed and read
pass [run output] every stream arrives in order and the run commits
pass [memory] a large block: 48 MiB in 1 MiB appends reads back unchanged
pass [memory] storage full: an append fails with StorageFullError, the block can only be discarded, and sealed blocks stay readable
  ✓  34 [firefox] › tests/e2e/browsers.spec.ts:34:3 › BlockStore contract: memory store in a dedicated worker (without storage full) (448ms)
pass [run output] many small chunks and one large chunk arrive unchanged
  -  35 [firefox] › tests/e2e/contracts.spec.ts:32:3 › BlockStore contract: opfs store in a dedicated worker
  -  36 [firefox] › tests/e2e/contracts.spec.ts:32:3 › BlockStore contract: memory store in a dedicated worker
  -  37 [firefox] › tests/e2e/contracts.spec.ts:40:1 › run output contract: a writer in its own worker and the real Data worker (OPFS)
pass [run output] a run without output commits with empty outputs
pass [run output] staging: a run cannot be read before it is committed, and the commit waits for end
pass [run output] an end whose totals disagree fails the commit and discards the run
pass [run output] a message outside the protocol fails the commit
pass [run output] discard drops a staged run and ignores its late chunks
pass [run output] a committed run is kept by discard and removed by delete
pass [run output] two staged runs keep their outputs apart
pass [run output] the writer refuses to write after end
FAIL [run output] storage full: the run fails with the reason, and committed runs stay readable: ContractError: commit: expected a rejection matching /StorageFullError: Not enough temporary storage/, but it resolved
run output contract on the opfs store
  ✓  33 [firefox] › tests/e2e/browsers.spec.ts:49:1 › run output contract: a writer in its own worker and the real Data worker (without storage full) (3.7s)
  ✓  39 [firefox] › tests/e2e/browsers.spec.ts:59:1 › the application keeps results in OPFS, or in memory with the reason shown (511ms)
pass [record scanner] scan: one record with regular lines (LF)
pass [record scanner] scan: CRLF line ends
pass [record scanner] scan: lines of different lengths
pass [record scanner] scan: several records, the last without a final newline
pass [record scanner] scan: a blank line inside a sequence
pass [record scanner] scan: interior white space belongs to the sequence, trailing white space does not
pass [record scanner] scan: a non-ASCII header
pass [record scanner] scan: residues keep their case
pass [record scanner] scan: a record without residues
pass [record scanner] scan: an empty record ends the input (bio stops reading there)
pass [record scanner] scan: a header line without a newline at the end of the input
pass [record scanner] scan: an empty input has no records
pass [record scanner] scan: a U+FEFF at the start of a header is part of the ID
pass [record scanner] scan: bytes after the empty record that ends the input are not read
pass [record scanner] scan: a long record (4 checkpoints) with lines of 60 and 61 residues
pass [record scanner] scan: a long record with regular 80-residue lines
pass [record scanner] scan: the parser's error for text before the first header
pass [record scanner] scan: the parser's error for a blank line before the first header
pass [record scanner] scan: the parser's error for white space only
pass [record scanner] scan: the parser's error for a first line that is not a header, before bytes that are not UTF-8
pass [record scanner] scan: the parser's error for bytes that are not UTF-8
pass [record scanner] scan: a multi-byte character split across chunks
pass [record scanner] scan: parser kind 1 is refused until SX
  ✓  38 [firefox] › tests/e2e/engine.spec.ts:94:1 › record scanner contract: the serial reactor (3.0s)
pass [engine input] register: the run proceeds when the record tables agree
pass [engine input] register: a query record with another ID stops the run before any output
multi.blastn n=1: subject registered
multi.megablast n=1: subject retained
pass [engine input] register: a subject record with another length stops the run before any output
iupac.beyond_table.blastn n=1: subject retained
pass [engine input] register: a missing record stops the run before any output
rna.megablast n=1: subject retained
  ✓  41 [firefox] › tests/e2e/engine.spec.ts:102:3 › engine input contract: the real EngineGateway at 1 thread(s) (1.3s)
multi.mts3.blastn n=1: subject retained
pass [engine input] register: the run proceeds when the record tables agree
multi.ws7_e1000.blastn n=4: subject registered
multi.besthit.blastn n=4: subject retained
pass [engine input] register: a query record with another ID stops the run before any output
pass [engine input] register: a subject record with another length stops the run before any output
tblastx.multi n=1: subject registered
pass [engine input] register: a missing record stops the run before any output
  ✓  42 [firefox] › tests/e2e/engine.spec.ts:102:3 › engine input contract: the real EngineGateway at 4 thread(s) (1.3s)
tblastx.batch n=1: subject retained
pass [run output, Engine worker] every stream arrives in order and the run commits
tblastx.mts1 n=4: subject registered
pass [run output, Engine worker] many small chunks and one large chunk arrive unchanged
pass [run output, Engine worker] a run without output commits with empty outputs
tblastx.thrwin n=4: subject retained
pass [run output, Engine worker] staging: a run cannot be read before it is committed, and the commit waits for end
pass [run output, Engine worker] an end whose totals disagree fails the commit and discards the run
pass [run output, Engine worker] a message outside the protocol fails the commit
pass [run output, Engine worker] discard drops a staged run and ignores its late chunks
pass [run output, Engine worker] a committed run is kept by discard and removed by delete
  ✓  40 [firefox] › tests/e2e/engine.spec.ts:171:1 › R1: searches of one subject with other queries and options reuse it and give the expected bytes (5.1s)
pass [run output, Engine worker] two staged runs keep their outputs apart
pass [run output, Engine worker] the writer refuses to write after end
FAIL [run output, Engine worker] storage full: the run fails with the reason, and committed runs stay readable: ContractError: commit: expected a rejection matching /StorageFullError: Not enough temporary storage/, but it resolved
  ✓  43 [firefox] › tests/e2e/engine.spec.ts:129:1 › run output contract: the writer in the Engine worker, the real Data worker (without storage full) (3.2s)
completed compact.blastn n=1 n=1 401 ms
completed compact.blastn n=2 n=2 179 ms
completed compact.blastn n=4 n=4 180 ms
completed multi.blastn n=1 n=1 193 ms
completed multi.blastn n=2 n=2 205 ms
completed multi.blastn n=4 n=4 208 ms
completed mask.lcase.megablast n=1 n=1 155 ms
completed mask.lcase.megablast n=2 n=2 160 ms
completed mask.lcase.megablast n=4 n=4 149 ms
completed width.blastp n=1 n=1 147 ms
completed width.blastp n=2 n=2 163 ms
completed width.blastp n=4 n=4 167 ms
completed width.tblastn n=1 n=1 154 ms
completed width.tblastn n=2 n=2 164 ms
completed width.tblastn n=4 n=4 179 ms
completed tblastx.multi n=1 n=1 484 ms
completed tblastx.multi n=2 n=2 473 ms
completed tblastx.multi n=4 n=4 448 ms
completed tblastn.code4 n=1 n=1 216 ms
completed tblastn.code4 n=2 n=2 243 ms
completed tblastn.code4 n=4 n=4 212 ms
completed tblastn.batches n=1 n=1 5134 ms
completed tblastn.batches n=2 n=2 4238 ms
completed tblastn.batches n=4 n=4 3737 ms
completed tblastx.threaded-direct n=1 n=1 251 ms
completed tblastx.threaded-direct n=2 n=2 259 ms
completed tblastx.threaded-direct n=4 n=4 284 ms
  ✓  45 [firefox] › tests/e2e/engine.spec.ts:138:1 › V-BR: searches through the application give the expected bytes at 1, 2 and 4 threads (21.6s)
  -  46 [firefox] › tests/e2e/measure.spec.ts:207:1 › dw8: the share of a warm search that subject-only preprocessing can take
  -  47 [firefox] › tests/e2e/measure.spec.ts:238:1 › memory: the linear memory of one instance over repeated searches
  -  48 [firefox] › tests/e2e/measure.spec.ts:272:1 › auto: the search phase at 1, 2 and 4 threads by input size
  -  49 [firefox] › tests/e2e/measure.spec.ts:298:1 › cancel: the time to cancel and to prepare the next search in a new runtime
  ✓  50 [firefox] › tests/e2e/smoke.spec.ts:4:1 › the page is cross-origin isolated, so the threaded engine can use shared memory (257ms)
  ✓  51 [firefox] › tests/e2e/smoke.spec.ts:10:1 › paste, queue, run, view and export with the engine (1.4s)
  ✓  52 [firefox] › tests/e2e/smoke.spec.ts:37:1 › a BLASTN query of white space only is refused with the index scan error, before it is queued (827ms)
  -  53 [firefox] › tests/e2e/storage.spec.ts:24:1 › a tab keeps its outputs in OPFS under tmp/<session>/runs/<run>/, named by tokens only
  -  54 [firefox] › tests/e2e/storage.spec.ts:47:3 › the next tab removes the data of a tab that is killed, and keeps its own
  -  55 [firefox] › tests/e2e/storage.spec.ts:47:3 › the next tab removes the data of a tab that is closed, and keeps its own
  -  56 [firefox] › tests/e2e/storage.spec.ts:80:1 › two open tabs, started one after the other, never remove each other's data
  -  57 [firefox] › tests/e2e/storage.spec.ts:107:1 › two tabs that start at the same time remove an abandoned session once and keep each other
  -  58 [firefox] › tests/e2e/storage.spec.ts:128:1 › a stopped (frozen) tab keeps its data while another tab starts
  -  59 [firefox] › tests/e2e/storage.spec.ts:147:1 › a run that runs out of storage fails with the reason; earlier results stay and later runs work
completed tblastn.query_batches n=2 n=2 28530 ms
  -  60 [webkit] › tests/e2e/browsers.spec.ts:34:3 › BlockStore contract: opfs store in a dedicated worker (without storage full)
pass [memory] write and seal: a block reads back exactly the bytes appended to it
pass [memory] read: any range of a sealed block, and nothing beyond its end
pass [memory] write: the store keeps a copy, so the caller may reuse its buffer
pass [memory] staging: a block cannot be read before it is sealed
pass [memory] seal: a sealed block takes no more bytes and cannot be sealed again
pass [memory] discard: a staged or sealed block disappears and its bytes are freed
pass [memory] create: a path that exists cannot be created again
pass [memory] removeAll: removes one directory, sealed or not, and leaves the rest
pass [memory] paths: empty and relative names are rejected
pass [memory] an empty block can be sealed and read
pass [memory] a large block: 48 MiB in 1 MiB appends reads back unchanged
pass [memory] storage full: an append fails with StorageFullError, the block can only be discarded, and sealed blocks stay readable
  ✓  61 [webkit] › tests/e2e/browsers.spec.ts:34:3 › BlockStore contract: memory store in a dedicated worker (without storage full) (515ms)
pass [run output] every stream arrives in order and the run commits
pass [run output] many small chunks and one large chunk arrive unchanged
pass [run output] a run without output commits with empty outputs
pass [run output] staging: a run cannot be read before it is committed, and the commit waits for end
pass [run output] an end whose totals disagree fails the commit and discards the run
pass [run output] a message outside the protocol fails the commit
pass [run output] discard drops a staged run and ignores its late chunks
pass [run output] a committed run is kept by discard and removed by delete
pass [run output] two staged runs keep their outputs apart
pass [run output] the writer refuses to write after end
FAIL [run output] storage full: the run fails with the reason, and committed runs stay readable: ContractError: commit: expected a rejection matching /StorageFullError: Not enough temporary storage/, but it resolved
run output contract on the memory store
  ✓  62 [webkit] › tests/e2e/browsers.spec.ts:49:1 › run output contract: a writer in its own worker and the real Data worker (without storage full) (1.1s)
  ✓  63 [webkit] › tests/e2e/browsers.spec.ts:59:1 › the application keeps results in OPFS, or in memory with the reason shown (401ms)
  -  64 [webkit] › tests/e2e/contracts.spec.ts:32:3 › BlockStore contract: opfs store in a dedicated worker
  -  65 [webkit] › tests/e2e/contracts.spec.ts:32:3 › BlockStore contract: memory store in a dedicated worker
  -  66 [webkit] › tests/e2e/contracts.spec.ts:40:1 › run output contract: a writer in its own worker and the real Data worker (OPFS)
pass [record scanner] scan: one record with regular lines (LF)
pass [record scanner] scan: CRLF line ends
pass [record scanner] scan: lines of different lengths
pass [record scanner] scan: several records, the last without a final newline
pass [record scanner] scan: a blank line inside a sequence
pass [record scanner] scan: interior white space belongs to the sequence, trailing white space does not
pass [record scanner] scan: a non-ASCII header
pass [record scanner] scan: residues keep their case
pass [record scanner] scan: a record without residues
pass [record scanner] scan: an empty record ends the input (bio stops reading there)
pass [record scanner] scan: a header line without a newline at the end of the input
pass [record scanner] scan: an empty input has no records
pass [record scanner] scan: a U+FEFF at the start of a header is part of the ID
pass [record scanner] scan: bytes after the empty record that ends the input are not read
pass [record scanner] scan: a long record (4 checkpoints) with lines of 60 and 61 residues
pass [record scanner] scan: a long record with regular 80-residue lines
pass [record scanner] scan: the parser's error for text before the first header
pass [record scanner] scan: the parser's error for a blank line before the first header
pass [record scanner] scan: the parser's error for white space only
pass [record scanner] scan: the parser's error for a first line that is not a header, before bytes that are not UTF-8
pass [record scanner] scan: the parser's error for bytes that are not UTF-8
pass [record scanner] scan: a multi-byte character split across chunks
pass [record scanner] scan: parser kind 1 is refused until SX
  ✓  67 [webkit] › tests/e2e/engine.spec.ts:94:1 › record scanner contract: the serial reactor (724ms)
pass [engine input] register: the run proceeds when the record tables agree
pass [engine input] register: a query record with another ID stops the run before any output
pass [engine input] register: a subject record with another length stops the run before any output
pass [engine input] register: a missing record stops the run before any output
  ✓  68 [webkit] › tests/e2e/engine.spec.ts:102:3 › engine input contract: the real EngineGateway at 1 thread(s) (1.4s)
pass [engine input] register: the run proceeds when the record tables agree
pass [engine input] register: a query record with another ID stops the run before any output
pass [engine input] register: a subject record with another length stops the run before any output
pass [engine input] register: a missing record stops the run before any output
  ✓  69 [webkit] › tests/e2e/engine.spec.ts:102:3 › engine input contract: the real EngineGateway at 4 thread(s) (1.5s)
pass [run output, Engine worker] every stream arrives in order and the run commits
pass [run output, Engine worker] many small chunks and one large chunk arrive unchanged
pass [run output, Engine worker] a run without output commits with empty outputs
pass [run output, Engine worker] staging: a run cannot be read before it is committed, and the commit waits for end
pass [run output, Engine worker] an end whose totals disagree fails the commit and discards the run
pass [run output, Engine worker] a message outside the protocol fails the commit
pass [run output, Engine worker] discard drops a staged run and ignores its late chunks
pass [run output, Engine worker] a committed run is kept by discard and removed by delete
pass [run output, Engine worker] two staged runs keep their outputs apart
pass [run output, Engine worker] the writer refuses to write after end
FAIL [run output, Engine worker] storage full: the run fails with the reason, and committed runs stay readable: ContractError: commit: expected a rejection matching /StorageFullError: Not enough temporary storage/, but it resolved
  ✓  70 [webkit] › tests/e2e/engine.spec.ts:129:1 › run output contract: the writer in the Engine worker, the real Data worker (without storage full) (1.1s)
completed compact.blastn n=1 n=1 190 ms
completed compact.blastn n=2 n=2 53 ms
completed compact.blastn n=4 n=4 63 ms
completed multi.blastn n=1 n=1 38 ms
completed multi.blastn n=2 n=2 54 ms
completed multi.blastn n=4 n=4 92 ms
completed mask.lcase.megablast n=1 n=1 24 ms
completed mask.lcase.megablast n=2 n=2 42 ms
completed mask.lcase.megablast n=4 n=4 40 ms
completed width.blastp n=1 n=1 44 ms
completed width.blastp n=2 n=2 45 ms
completed width.blastp n=4 n=4 29 ms
completed width.tblastn n=1 n=1 27 ms
completed width.tblastn n=2 n=2 37 ms
completed width.tblastn n=4 n=4 32 ms
completed tblastx.multi n=1 n=1 117 ms
completed tblastx.multi n=2 n=2 113 ms
completed tblastx.multi n=4 n=4 86 ms
completed tblastn.code4 n=1 n=1 22 ms
completed tblastn.code4 n=2 n=2 27 ms
completed tblastn.code4 n=4 n=4 26 ms
completed tblastn.batches n=1 n=1 777 ms
completed tblastn.batches n=2 n=2 696 ms
completed tblastn.batches n=4 n=4 707 ms
completed tblastx.threaded-direct n=1 n=1 44 ms
completed tblastx.threaded-direct n=2 n=2 44 ms
completed tblastx.threaded-direct n=4 n=4 43 ms
  ✓  71 [webkit] › tests/e2e/engine.spec.ts:138:1 › V-BR: searches through the application give the expected bytes at 1, 2 and 4 threads (6.3s)
multi.blastn n=1: subject registered
multi.megablast n=1: subject retained
iupac.beyond_table.blastn n=1: subject retained
rna.megablast n=1: subject retained
multi.mts3.blastn n=1: subject retained
multi.ws7_e1000.blastn n=4: subject registered
multi.besthit.blastn n=4: subject retained
tblastx.multi n=1: subject registered
tblastx.batch n=1: subject retained
tblastx.mts1 n=4: subject registered
tblastx.thrwin n=4: subject retained
  ✓  72 [webkit] › tests/e2e/engine.spec.ts:171:1 › R1: searches of one subject with other queries and options reuse it and give the expected bytes (2.3s)
completed tblastn.query_batches n=2 n=2 4438 ms
completed tblastn.query_batches n=4 n=4 28281 ms
  ✓  44 [firefox] › tests/e2e/engine.spec.ts:213:1 › a search that builds one thread pool after another runs threaded from a new runtime (1.1m)
cancel n=1: cancelled in 78 ms; next search prepared in 126 ms
cancel n=4: cancelled in 68 ms; next search prepared in 122 ms
  ✓  74 [firefox] › tests/e2e/engine.spec.ts:238:1 › a cancelled search ends its runtime; the next search runs in a new one with the expected bytes (2.4s)
renewed 0 n=1: subject registered
renewed 1 n=1: subject retained
renewed 2 n=4: subject registered
renewed 3 n=4: subject retained
renewed 0 n=1: subject registered
renewed 1 n=1: subject registered
renewed 2 n=4: subject registered
renewed 3 n=4: subject registered
  ✓  75 [firefox] › tests/e2e/engine.spec.ts:267:1 › a runtime renewed after every search gives the same bytes and registers the subject again (2.6s)
completed compact.blastn n=4 n=4 577 ms
  ✓  76 [firefox] › tests/e2e/engine.spec.ts:290:1 › without cross-origin isolation, a threaded search runs on the serial module with the reason (800ms)
  -  77 [webkit] › tests/e2e/measure.spec.ts:207:1 › dw8: the share of a warm search that subject-only preprocessing can take
  -  78 [webkit] › tests/e2e/measure.spec.ts:238:1 › memory: the linear memory of one instance over repeated searches
  -  79 [webkit] › tests/e2e/measure.spec.ts:272:1 › auto: the search phase at 1, 2 and 4 threads by input size
  -  80 [webkit] › tests/e2e/measure.spec.ts:298:1 › cancel: the time to cancel and to prepare the next search in a new runtime
completed tblastn.query_batches n=4 n=4 5073 ms
  ✓  73 [webkit] › tests/e2e/engine.spec.ts:213:1 › a search that builds one thread pool after another runs threaded from a new runtime (19.6s)
cancel n=1: cancelled in 2 ms; next search prepared in 10 ms
cancel n=4: cancelled in 1 ms; next search prepared in 18 ms
  ✓  81 [webkit] › tests/e2e/engine.spec.ts:238:1 › a cancelled search ends its runtime; the next search runs in a new one with the expected bytes (1.7s)
renewed 0 n=1: subject registered
renewed 1 n=1: subject retained
renewed 2 n=4: subject registered
renewed 3 n=4: subject retained
renewed 0 n=1: subject registered
renewed 1 n=1: subject registered
renewed 2 n=4: subject registered
renewed 3 n=4: subject registered
  ✓  82 [webkit] › tests/e2e/engine.spec.ts:267:1 › a runtime renewed after every search gives the same bytes and registers the subject again (1.3s)
completed compact.blastn n=4 n=4 223 ms
  ✓  84 [webkit] › tests/e2e/engine.spec.ts:290:1 › without cross-origin isolation, a threaded search runs on the serial module with the reason (435ms)
  ✓  83 [webkit] › tests/e2e/smoke.spec.ts:4:1 › the page is cross-origin isolated, so the threaded engine can use shared memory (459ms)
  ✓  86 [webkit] › tests/e2e/smoke.spec.ts:37:1 › a BLASTN query of white space only is refused with the index scan error, before it is queued (702ms)
  -  87 [webkit] › tests/e2e/storage.spec.ts:24:1 › a tab keeps its outputs in OPFS under tmp/<session>/runs/<run>/, named by tokens only
  -  88 [webkit] › tests/e2e/storage.spec.ts:47:3 › the next tab removes the data of a tab that is killed, and keeps its own
  -  89 [webkit] › tests/e2e/storage.spec.ts:47:3 › the next tab removes the data of a tab that is closed, and keeps its own
  -  90 [webkit] › tests/e2e/storage.spec.ts:80:1 › two open tabs, started one after the other, never remove each other's data
  -  91 [webkit] › tests/e2e/storage.spec.ts:107:1 › two tabs that start at the same time remove an abandoned session once and keep each other
  -  92 [webkit] › tests/e2e/storage.spec.ts:128:1 › a stopped (frozen) tab keeps its data while another tab starts
  -  93 [webkit] › tests/e2e/storage.spec.ts:147:1 › a run that runs out of storage fails with the reason; earlier results stay and later runs work
  ✓  85 [webkit] › tests/e2e/smoke.spec.ts:10:1 › paste, queue, run, view and export with the engine (1.0s)

  37 skipped
  56 passed (2.6m)
