[WebServer] (!) Your Vite config uses features that are unsupported by `configLoader: 'native'`, which is planned to become the default in a future major version of Vite:
[WebServer]   - import "./output-format" without a file extension (src/domain/verification.ts:9:35). Add the file extension
[WebServer]   - import "./programs" without a file extension (src/domain/verification.ts:10:32). Add the file extension
[WebServer] Set `VITE_CONFIG_NATIVE_IGNORE_WARNING=true` to suppress this warning.
[WebServer] (!) Your Vite config uses features that are unsupported by `configLoader: 'native'`, which is planned to become the default in a future major version of Vite:
[WebServer]   - import "./output-format" without a file extension (src/domain/verification.ts:9:35). Add the file extension
[WebServer]   - import "./programs" without a file extension (src/domain/verification.ts:10:32). Add the file extension
[WebServer] Set `VITE_CONFIG_NATIVE_IGNORE_WARNING=true` to suppress this warning.

Running 90 tests using 2 workers

  ✓   2 [chromium] › tests/e2e/results.spec.ts:512:3 › BLASTN: the header block is the run's; the Descriptions, Graphic Summary and HSP table are the outfmt 6 rows, the Alignments outfmt 0's text; units, frames and run details (2.9s)
  ✓   1 [chromium] › tests/e2e/results.spec.ts:512:3 › BLASTP: the header block is the run's; the Descriptions, Graphic Summary and HSP table are the outfmt 6 rows, the Alignments outfmt 0's text; units, frames and run details (5.1s)
  ✓   3 [chromium] › tests/e2e/results.spec.ts:512:3 › TBLASTN: the header block is the run's; the Descriptions, Graphic Summary and HSP table are the outfmt 6 rows, the Alignments outfmt 0's text; units, frames and run details (3.8s)
  ✓   5 [chromium] › tests/e2e/results.spec.ts:842:1 › an HSP that outfmt 0 does not show, and a hit list that may have reached its limit (1.6s)
  ✓   4 [chromium] › tests/e2e/results.spec.ts:512:3 › TBLASTX: the header block is the run's; the Descriptions, Graphic Summary and HSP table are the outfmt 6 rows, the Alignments outfmt 0's text; units, frames and run details (4.3s)
  ✓   6 [chromium] › tests/e2e/results.spec.ts:941:1 › the Descriptions cut at 100 subjects: the marks follow the listed rows (code review 2 L2) (1.1s)
  ✓   7 [chromium] › tests/e2e/results.spec.ts:984:1 › BLASTN: an HSP of one letter has no orientation in its record; the note points to outfmt 0's Strand= line (2.4s)
  ✓   8 [chromium] › tests/e2e/results.spec.ts:1043:1 › selection by HSP identity: sorting keeps the selected HSP; another subject or query moves it (4.7s)
  ✓   9 [chromium] › tests/e2e/results.spec.ts:1097:1 › the one page (NCBI classic): the Graphic Summary, the Descriptions and the Alignments without a tab click; a Description chosen brings its alignments into view (2.7s)
  ✓  11 [chromium] › tests/e2e/results.spec.ts:1329:1 › many queries; view filters change the view, not the search; the notices tell filtered out, no hits and a failed run apart (5.2s)
  ✓  12 [chromium] › tests/e2e/results.spec.ts:1503:1 › the dot plot: the HSPs of the pair on a canvas; zoom; choosing an HSP on it or in the list; its popup (3.7s)
  ✓  10 [chromium] › tests/e2e/results.spec.ts:1159:1 › the Alignments: a block per Range; Next, Previous and First Match; the previous and next subject; Ranges far apart in a window (10.1s)
  ✓  13 [chromium] › tests/e2e/results.spec.ts:1654:1 › the dot plot: Download SVG saves the plot as shown, as a plain SVG with the canvas's titles and without the halo (S15) (1.8s)
  ✓  14 [chromium] › tests/e2e/results.spec.ts:1709:1 › the dot plot: on a desktop screen, a popup that has no room beside a short plot is scrolled into view by the first click (S13b code review 2) (2.1s)
  ✓  15 [chromium] › tests/e2e/results.spec.ts:1732:1 › narrow screens: the results are no wider than the screen; "Open results" shows them; the tables show the key values first (1.9s)
  ✓  16 [chromium] › tests/e2e/results.spec.ts:512:3 › BLASTN: the header block is the run's; the Descriptions, Graphic Summary and HSP table are the outfmt 6 rows, the Alignments outfmt 0's text; units, frames and run details (2.9s)
  ✓  17 [chromium] › tests/e2e/results.spec.ts:512:3 › BLASTP: the header block is the run's; the Descriptions, Graphic Summary and HSP table are the outfmt 6 rows, the Alignments outfmt 0's text; units, frames and run details (5.3s)
  ✓  18 [chromium] › tests/e2e/results.spec.ts:512:3 › TBLASTN: the header block is the run's; the Descriptions, Graphic Summary and HSP table are the outfmt 6 rows, the Alignments outfmt 0's text; units, frames and run details (3.9s)
  ✓  20 [chromium] › tests/e2e/results.spec.ts:842:1 › an HSP that outfmt 0 does not show, and a hit list that may have reached its limit (1.7s)
  ✓  21 [chromium] › tests/e2e/results.spec.ts:941:1 › the Descriptions cut at 100 subjects: the marks follow the listed rows (code review 2 L2) (1.1s)
  ✓  19 [chromium] › tests/e2e/results.spec.ts:512:3 › TBLASTX: the header block is the run's; the Descriptions, Graphic Summary and HSP table are the outfmt 6 rows, the Alignments outfmt 0's text; units, frames and run details (4.5s)
  ✓  22 [chromium] › tests/e2e/results.spec.ts:984:1 › BLASTN: an HSP of one letter has no orientation in its record; the note points to outfmt 0's Strand= line (2.3s)
  ✓  24 [chromium] › tests/e2e/results.spec.ts:1097:1 › the one page (NCBI classic): the Graphic Summary, the Descriptions and the Alignments without a tab click; a Description chosen brings its alignments into view (2.7s)
  ✓  23 [chromium] › tests/e2e/results.spec.ts:1043:1 › selection by HSP identity: sorting keeps the selected HSP; another subject or query moves it (5.0s)
  ✓  26 [chromium] › tests/e2e/results.spec.ts:1329:1 › many queries; view filters change the view, not the search; the notices tell filtered out, no hits and a failed run apart (5.3s)
  ✓  27 [chromium] › tests/e2e/results.spec.ts:1503:1 › the dot plot: the HSPs of the pair on a canvas; zoom; choosing an HSP on it or in the list; its popup (3.2s)
  ✓  25 [chromium] › tests/e2e/results.spec.ts:1159:1 › the Alignments: a block per Range; Next, Previous and First Match; the previous and next subject; Ranges far apart in a window (10.8s)
  ✓  28 [chromium] › tests/e2e/results.spec.ts:1654:1 › the dot plot: Download SVG saves the plot as shown, as a plain SVG with the canvas's titles and without the halo (S15) (1.8s)
  ✓  29 [chromium] › tests/e2e/results.spec.ts:1709:1 › the dot plot: on a desktop screen, a popup that has no room beside a short plot is scrolled into view by the first click (S13b code review 2) (1.6s)
  ✓  30 [chromium] › tests/e2e/results.spec.ts:1732:1 › narrow screens: the results are no wider than the screen; "Open results" shows them; the tables show the key values first (1.8s)
  ✓  31 [firefox] › tests/e2e/results.spec.ts:512:3 › BLASTN: the header block is the run's; the Descriptions, Graphic Summary and HSP table are the outfmt 6 rows, the Alignments outfmt 0's text; units, frames and run details (4.5s)
  ✓  32 [firefox] › tests/e2e/results.spec.ts:512:3 › BLASTP: the header block is the run's; the Descriptions, Graphic Summary and HSP table are the outfmt 6 rows, the Alignments outfmt 0's text; units, frames and run details (8.3s)
  ✓  33 [firefox] › tests/e2e/results.spec.ts:512:3 › TBLASTN: the header block is the run's; the Descriptions, Graphic Summary and HSP table are the outfmt 6 rows, the Alignments outfmt 0's text; units, frames and run details (5.6s)
  ✓  35 [firefox] › tests/e2e/results.spec.ts:842:1 › an HSP that outfmt 0 does not show, and a hit list that may have reached its limit (3.0s)
  ✓  34 [firefox] › tests/e2e/results.spec.ts:512:3 › TBLASTX: the header block is the run's; the Descriptions, Graphic Summary and HSP table are the outfmt 6 rows, the Alignments outfmt 0's text; units, frames and run details (6.1s)
  ✓  36 [firefox] › tests/e2e/results.spec.ts:941:1 › the Descriptions cut at 100 subjects: the marks follow the listed rows (code review 2 L2) (2.1s)
  ✓  37 [firefox] › tests/e2e/results.spec.ts:984:1 › BLASTN: an HSP of one letter has no orientation in its record; the note points to outfmt 0's Strand= line (2.8s)
  ✓  39 [firefox] › tests/e2e/results.spec.ts:1097:1 › the one page (NCBI classic): the Graphic Summary, the Descriptions and the Alignments without a tab click; a Description chosen brings its alignments into view (3.3s)
  ✓  38 [firefox] › tests/e2e/results.spec.ts:1043:1 › selection by HSP identity: sorting keeps the selected HSP; another subject or query moves it (6.1s)
  ✓  41 [firefox] › tests/e2e/results.spec.ts:1329:1 › many queries; view filters change the view, not the search; the notices tell filtered out, no hits and a failed run apart (7.5s)
  ✓  40 [firefox] › tests/e2e/results.spec.ts:1159:1 › the Alignments: a block per Range; Next, Previous and First Match; the previous and next subject; Ranges far apart in a window (11.9s)
  ✓  42 [firefox] › tests/e2e/results.spec.ts:1503:1 › the dot plot: the HSPs of the pair on a canvas; zoom; choosing an HSP on it or in the list; its popup (3.8s)
  ✓  43 [firefox] › tests/e2e/results.spec.ts:1654:1 › the dot plot: Download SVG saves the plot as shown, as a plain SVG with the canvas's titles and without the halo (S15) (2.7s)
  ✓  44 [firefox] › tests/e2e/results.spec.ts:1709:1 › the dot plot: on a desktop screen, a popup that has no room beside a short plot is scrolled into view by the first click (S13b code review 2) (3.0s)
  ✓  45 [firefox] › tests/e2e/results.spec.ts:1732:1 › narrow screens: the results are no wider than the screen; "Open results" shows them; the tables show the key values first (3.3s)
  ✓  46 [firefox] › tests/e2e/results.spec.ts:512:3 › BLASTN: the header block is the run's; the Descriptions, Graphic Summary and HSP table are the outfmt 6 rows, the Alignments outfmt 0's text; units, frames and run details (4.6s)
  ✓  48 [firefox] › tests/e2e/results.spec.ts:512:3 › TBLASTN: the header block is the run's; the Descriptions, Graphic Summary and HSP table are the outfmt 6 rows, the Alignments outfmt 0's text; units, frames and run details (5.6s)
  ✓  47 [firefox] › tests/e2e/results.spec.ts:512:3 › BLASTP: the header block is the run's; the Descriptions, Graphic Summary and HSP table are the outfmt 6 rows, the Alignments outfmt 0's text; units, frames and run details (8.3s)
  ✓  50 [firefox] › tests/e2e/results.spec.ts:842:1 › an HSP that outfmt 0 does not show, and a hit list that may have reached its limit (3.1s)
  ✓  49 [firefox] › tests/e2e/results.spec.ts:512:3 › TBLASTX: the header block is the run's; the Descriptions, Graphic Summary and HSP table are the outfmt 6 rows, the Alignments outfmt 0's text; units, frames and run details (6.3s)
  ✓  51 [firefox] › tests/e2e/results.spec.ts:941:1 › the Descriptions cut at 100 subjects: the marks follow the listed rows (code review 2 L2) (2.2s)
  ✓  52 [firefox] › tests/e2e/results.spec.ts:984:1 › BLASTN: an HSP of one letter has no orientation in its record; the note points to outfmt 0's Strand= line (2.8s)
  ✓  53 [firefox] › tests/e2e/results.spec.ts:1043:1 › selection by HSP identity: sorting keeps the selected HSP; another subject or query moves it (5.2s)
  ✓  54 [firefox] › tests/e2e/results.spec.ts:1097:1 › the one page (NCBI classic): the Graphic Summary, the Descriptions and the Alignments without a tab click; a Description chosen brings its alignments into view (2.8s)
  ✓  56 [firefox] › tests/e2e/results.spec.ts:1329:1 › many queries; view filters change the view, not the search; the notices tell filtered out, no hits and a failed run apart (6.0s)
  ✓  57 [firefox] › tests/e2e/results.spec.ts:1503:1 › the dot plot: the HSPs of the pair on a canvas; zoom; choosing an HSP on it or in the list; its popup (3.9s)
  ✓  55 [firefox] › tests/e2e/results.spec.ts:1159:1 › the Alignments: a block per Range; Next, Previous and First Match; the previous and next subject; Ranges far apart in a window (10.6s)
  ✓  58 [firefox] › tests/e2e/results.spec.ts:1654:1 › the dot plot: Download SVG saves the plot as shown, as a plain SVG with the canvas's titles and without the halo (S15) (2.7s)
  ✓  59 [firefox] › tests/e2e/results.spec.ts:1709:1 › the dot plot: on a desktop screen, a popup that has no room beside a short plot is scrolled into view by the first click (S13b code review 2) (2.5s)
  ✓  60 [firefox] › tests/e2e/results.spec.ts:1732:1 › narrow screens: the results are no wider than the screen; "Open results" shows them; the tables show the key values first (3.6s)
  ✓  61 [webkit] › tests/e2e/results.spec.ts:512:3 › BLASTN: the header block is the run's; the Descriptions, Graphic Summary and HSP table are the outfmt 6 rows, the Alignments outfmt 0's text; units, frames and run details (4.4s)
  ✓  63 [webkit] › tests/e2e/results.spec.ts:512:3 › TBLASTN: the header block is the run's; the Descriptions, Graphic Summary and HSP table are the outfmt 6 rows, the Alignments outfmt 0's text; units, frames and run details (6.8s)
  ✓  62 [webkit] › tests/e2e/results.spec.ts:512:3 › BLASTP: the header block is the run's; the Descriptions, Graphic Summary and HSP table are the outfmt 6 rows, the Alignments outfmt 0's text; units, frames and run details (8.1s)
  ✓  65 [webkit] › tests/e2e/results.spec.ts:842:1 › an HSP that outfmt 0 does not show, and a hit list that may have reached its limit (3.7s)
  ✓  64 [webkit] › tests/e2e/results.spec.ts:512:3 › TBLASTX: the header block is the run's; the Descriptions, Graphic Summary and HSP table are the outfmt 6 rows, the Alignments outfmt 0's text; units, frames and run details (6.6s)
  ✓  66 [webkit] › tests/e2e/results.spec.ts:941:1 › the Descriptions cut at 100 subjects: the marks follow the listed rows (code review 2 L2) (2.9s)
  ✓  67 [webkit] › tests/e2e/results.spec.ts:984:1 › BLASTN: an HSP of one letter has no orientation in its record; the note points to outfmt 0's Strand= line (2.7s)
  ✓  69 [webkit] › tests/e2e/results.spec.ts:1097:1 › the one page (NCBI classic): the Graphic Summary, the Descriptions and the Alignments without a tab click; a Description chosen brings its alignments into view (3.9s)
  ✓  68 [webkit] › tests/e2e/results.spec.ts:1043:1 › selection by HSP identity: sorting keeps the selected HSP; another subject or query moves it (7.1s)
  ✓  71 [webkit] › tests/e2e/results.spec.ts:1329:1 › many queries; view filters change the view, not the search; the notices tell filtered out, no hits and a failed run apart (7.1s)
  ✓  70 [webkit] › tests/e2e/results.spec.ts:1159:1 › the Alignments: a block per Range; Next, Previous and First Match; the previous and next subject; Ranges far apart in a window (12.0s)
  ✓  72 [webkit] › tests/e2e/results.spec.ts:1503:1 › the dot plot: the HSPs of the pair on a canvas; zoom; choosing an HSP on it or in the list; its popup (4.4s)
  ✓  73 [webkit] › tests/e2e/results.spec.ts:1654:1 › the dot plot: Download SVG saves the plot as shown, as a plain SVG with the canvas's titles and without the halo (S15) (2.6s)
  ✓  74 [webkit] › tests/e2e/results.spec.ts:1709:1 › the dot plot: on a desktop screen, a popup that has no room beside a short plot is scrolled into view by the first click (S13b code review 2) (2.4s)
  ✓  75 [webkit] › tests/e2e/results.spec.ts:1732:1 › narrow screens: the results are no wider than the screen; "Open results" shows them; the tables show the key values first (3.1s)
  ✓  76 [webkit] › tests/e2e/results.spec.ts:512:3 › BLASTN: the header block is the run's; the Descriptions, Graphic Summary and HSP table are the outfmt 6 rows, the Alignments outfmt 0's text; units, frames and run details (4.9s)
  ✓  77 [webkit] › tests/e2e/results.spec.ts:512:3 › BLASTP: the header block is the run's; the Descriptions, Graphic Summary and HSP table are the outfmt 6 rows, the Alignments outfmt 0's text; units, frames and run details (7.8s)
  ✓  78 [webkit] › tests/e2e/results.spec.ts:512:3 › TBLASTN: the header block is the run's; the Descriptions, Graphic Summary and HSP table are the outfmt 6 rows, the Alignments outfmt 0's text; units, frames and run details (6.9s)
  ✓  80 [webkit] › tests/e2e/results.spec.ts:842:1 › an HSP that outfmt 0 does not show, and a hit list that may have reached its limit (3.6s)
  ✓  79 [webkit] › tests/e2e/results.spec.ts:512:3 › TBLASTX: the header block is the run's; the Descriptions, Graphic Summary and HSP table are the outfmt 6 rows, the Alignments outfmt 0's text; units, frames and run details (6.5s)
  ✓  81 [webkit] › tests/e2e/results.spec.ts:941:1 › the Descriptions cut at 100 subjects: the marks follow the listed rows (code review 2 L2) (2.9s)
  ✓  82 [webkit] › tests/e2e/results.spec.ts:984:1 › BLASTN: an HSP of one letter has no orientation in its record; the note points to outfmt 0's Strand= line (2.7s)
  ✓  84 [webkit] › tests/e2e/results.spec.ts:1097:1 › the one page (NCBI classic): the Graphic Summary, the Descriptions and the Alignments without a tab click; a Description chosen brings its alignments into view (3.8s)
  ✓  83 [webkit] › tests/e2e/results.spec.ts:1043:1 › selection by HSP identity: sorting keeps the selected HSP; another subject or query moves it (7.1s)
  ✓  86 [webkit] › tests/e2e/results.spec.ts:1329:1 › many queries; view filters change the view, not the search; the notices tell filtered out, no hits and a failed run apart (6.4s)
  ✓  85 [webkit] › tests/e2e/results.spec.ts:1159:1 › the Alignments: a block per Range; Next, Previous and First Match; the previous and next subject; Ranges far apart in a window (11.7s)
  ✓  87 [webkit] › tests/e2e/results.spec.ts:1503:1 › the dot plot: the HSPs of the pair on a canvas; zoom; choosing an HSP on it or in the list; its popup (4.9s)
  ✓  88 [webkit] › tests/e2e/results.spec.ts:1654:1 › the dot plot: Download SVG saves the plot as shown, as a plain SVG with the canvas's titles and without the halo (S15) (3.0s)
  ✓  89 [webkit] › tests/e2e/results.spec.ts:1709:1 › the dot plot: on a desktop screen, a popup that has no room beside a short plot is scrolled into view by the first click (S13b code review 2) (2.4s)
  ✓  90 [webkit] › tests/e2e/results.spec.ts:1732:1 › narrow screens: the results are no wider than the screen; "Open results" shows them; the tables show the key values first (2.8s)

  90 passed (3.5m)
