(!) Your Vite config uses features that are unsupported by `configLoader: 'native'`, which is planned to become the default in a future major version of Vite:
  - import "./output-format" without a file extension (src/domain/verification.ts:9:35). Add the file extension
  - import "./programs" without a file extension (src/domain/verification.ts:10:32). Add the file extension
Set `VITE_CONFIG_NATIVE_IGNORE_WARNING=true` to suppress this warning.

 RUN  v5.0.2 /home/kawato/losat-work/.worktrees/web-gui-app/web/app

 ✓ tests/unit/format.test.ts > formatDateTime > writes a local time in ISO 8601 form, day and month never swapped 2ms
 ✓ tests/unit/format.test.ts > formatDateTime > pads every field and drops the milliseconds 0ms
 ✓ tests/unit/format.test.ts > formatCounted > writes the noun in the singular for one only 9ms
 ✓ tests/unit/format.test.ts > frames > names only the translated sequence’s frame where one sequence is translated (W4b screen review L9) 0ms
 ✓ tests/unit/format.test.ts > frames > writes the frames with their signs, the query’s first 0ms
 ✓ tests/unit/format.test.ts > frames > puts them in a sentence 0ms
 ✓ tests/unit/format.test.ts > breakAfterSeparators > ends a piece after _ . | and :, and keeps every character 1ms
 ✓ tests/unit/format.test.ts > breakAfterSeparators > leaves an ID without those characters whole, and an empty one empty 0ms
 ✓ tests/unit/plot-scale.test.ts > tickSteps > is the tick_size table of blast2dotplot.py, its bounds inclusive 2ms
 ✓ tests/unit/plot-scale.test.ts > axisUnit and tickLabel > chooses bp, kbp or Mbp by the span (aa, kaa or Maa on a protein axis) 0ms
 ✓ tests/unit/plot-scale.test.ts > axisUnit and tickLabel > writes a decimal only where the value is not whole in the unit 9ms
 ✓ tests/unit/plot-scale.test.ts > axisTicks > places the major and minor ticks of the visible span, minor ticks off the major ones 1ms
 ✓ tests/unit/plot-scale.test.ts > axisTicks > chooses the steps again for a zoomed view and starts at the first multiple in view 0ms
 ✓ tests/unit/plot-scale.test.ts > axisTicks > places minor ticks whatever their count, leaving out only those closer than MIN_MINOR_PX 0ms
 ✓ tests/unit/plot-scale.test.ts > axisTicks > builds no minor ticks for a long record drawn small 0ms
 ✓ tests/unit/plot-scale.test.ts > axisTicks > has no ticks for an empty span 0ms
 ✓ tests/unit/plot-scale.test.ts > rulerTicks > labels 1, the length and round positions between 0ms
 ✓ tests/unit/plot-scale.test.ts > rulerTicks > leaves out round positions too close to an end, and copes with tiny records 0ms
 ✓ tests/unit/plot-scale.test.ts > identityClass > truncates the pident string and classes it as blast2dotplot.py does 0ms
 ✓ tests/unit/plot-scale.test.ts > identityClass > draws a pident that is not a number (the FakeEngine writes FAKE) opaque 0ms
 ✓ tests/unit/plot-scale.test.ts > scoreBin > uses NCBI's half-open bins and colours 0ms
 ✓ tests/unit/plot-geometry.test.ts > plotSize > spans the available width with the longer sequence, the shorter one in proportion 1ms
 ✓ tests/unit/plot-geometry.test.ts > plotSize > is at most 1000 px and the shorter side at least 120 px (then not to scale) 0ms
 ✓ tests/unit/plot-geometry.test.ts > plotSize > counts 3 letters a residue on a protein axis against a nucleotide one (TBLASTN, BLASTX; decision 26) 0ms
 ✓ tests/unit/plot-geometry.test.ts > positions and pixels > maps query positions to x and subject positions downward to y, both ways 0ms
 ✓ tests/unit/plot-geometry.test.ts > positions and pixels > measures the distance from a point to a segment 0ms
 ✓ tests/unit/plot-geometry.test.ts > zoom and pan > zooms about a point, keeping the two spans in the plot's ratio, and back to the whole plot 1ms
 ✓ tests/unit/plot-geometry.test.ts > zoom and pan > keeps the point under the pointer in place 0ms
 ✓ tests/unit/plot-geometry.test.ts > zoom and pan > stops at the whole plot and at 4 letters 1ms
 ✓ tests/unit/plot-geometry.test.ts > zoom and pan > pans within the records 0ms
 ✓ tests/unit/plot-geometry.test.ts > zoom and pan > frames an HSP (reverse ones too) at the same scale on both axes 1ms
 ✓ tests/unit/plot-geometry.test.ts > the lines that show in the view, and the line under a point > keeps a line whose stroke reaches into the view, and leaves out one that cannot 0ms
 ✓ tests/unit/plot-geometry.test.ts > the lines that show in the view, and the line under a point > clips a segment to a box 0ms
 ✓ tests/unit/plot-geometry.test.ts > the lines that show in the view, and the line under a point > picks the nearest line within reach by its part inside the frame, and nothing outside the frame 0ms
 ✓ tests/unit/plot-geometry.test.ts > placeBox > puts the box right of and below the anchor 0ms
 ✓ tests/unit/plot-geometry.test.ts > placeBox > flips to the left and above near the far edges 0ms
 ✓ tests/unit/plot-geometry.test.ts > placeBox > stays inside bounds that have room on neither side 0ms
 ✓ tests/unit/plot-geometry.test.ts > placeBeside > puts the popup off an end of the line, leaving the line uncovered (W4b screen review L10) 1ms
 ✓ tests/unit/plot-geometry.test.ts > placeBeside > takes the first place that covers nothing of the line and needs no move 0ms
 ✓ tests/unit/plot-geometry.test.ts > placeBeside > places a box beside a point (a line out of view, or of one pixel) 0ms
 ✓ tests/unit/plot-geometry.test.ts > placeBeside > gives no place where the box would cover the midpoint wherever it goes, or does not fit 0ms
 ✓ tests/unit/rpc.test.ts > rpc > calls the served methods and returns their results 19ms
 ✓ tests/unit/rpc.test.ts > rpc > transfers the typed arrays of a result and of an array in it when they own their buffers 1ms
 ✓ tests/unit/rpc.test.ts > rpc > keeps the name and message of an error 0ms
 ✓ tests/unit/rpc.test.ts > rpc > serves only the listed methods 1ms
 ✓ tests/unit/rpc.test.ts > rpc > transfers a returned MessagePort 0ms
 ✓ tests/unit/rpc.test.ts > rpc > rejects every call when the service fails to start 0ms
 ✓ tests/unit/rpc.test.ts > rpc > keeps working after an error event of a worker that has answered 0ms
 ✓ tests/unit/rpc.test.ts > rpc > rejects pending and later calls when the worker fails to start 0ms
 ✓ tests/unit/settings-file.test.ts > settings file > writes the program, the options and the threads with the format, the schema and a note, as JSON.stringify does 1ms
 ✓ tests/unit/settings-file.test.ts > settings file > reads back what it writes 1ms
 ✓ tests/unit/settings-file.test.ts > settings file > takes the settings of a run from its argv after the inputs, and its threads 0ms
 ✓ tests/unit/settings-file.test.ts > settings file > refuses a file that is too large, not UTF-8, or not JSON 0ms
 ✓ tests/unit/settings-file.test.ts > settings file > refuses another format, a newer or a wrong schema, and fields that schema 1 does not have 0ms
 ✓ tests/unit/settings-file.test.ts > settings file > refuses an unknown program 1ms
 ✓ tests/unit/settings-file.test.ts > settings file > refuses options that are not a bounded list of bounded words, or that hold a flag LOSAT Web sets itself 2ms
 ✓ tests/unit/settings-file.test.ts > settings file > refuses threads other than "auto" or a whole number in the form range 1ms
 ✓ tests/unit/settings-file.test.ts > settings file > cuts a long value in a message 1ms
 ✓ tests/unit/settings-file.test.ts > settings file > offers the threads of the processor, at most 16, and 4 where the browser does not say 0ms
 ✓ tests/unit/settings-file.test.ts > readOptions > reads a value that starts with "-" after a flag that takes a value, and bare flags 2ms
 ✓ tests/unit/settings-file.test.ts > readOptions > gives an undescribed flag the next word unless it looks like an option, and reports stray words 0ms
 ✓ tests/unit/extraction.test.ts > extraction targets > takes the record, unit, span and label of an HSP on either role 3ms
 ✓ tests/unit/extraction.test.ts > extraction targets > BLASTX (synthetic records until SX): the query positions are nucleotides whatever the frame 1ms
 ✓ tests/unit/extraction.test.ts > extraction targets > TBLASTN: a minus frame subject in nucleotides and the protein query in residues 0ms
 ✓ tests/unit/extraction.test.ts > extraction targets > refuses an HSP that is not within its record 1ms
 ✓ tests/unit/extraction.test.ts > planning > separate: one sequence per HSP in tray order, overlaps kept 1ms
 ✓ tests/unit/extraction.test.ts > planning > spanning: one interval from the smallest to the largest position on each record, then the flanks 0ms
 ✓ tests/unit/extraction.test.ts > planning > whole: one sequence per record listing every HSP of the tray on it, whatever the join 0ms
 ✓ tests/unit/extraction.test.ts > planning > never joins records of different runs or roles, even with the same ID, length and position 0ms
 ✓ tests/unit/extraction.test.ts > planning > says that it does not decide the strand of a one-letter BLASTN HSP, and why 0ms
 ✓ tests/unit/extraction.test.ts > planning > refuses HSPs that disagree about one record 0ms
 ✓ tests/unit/extraction.test.ts > sequence FASTA > writes the header and the residues as read, 60 per line, case kept 1ms
 ✓ tests/unit/extraction.test.ts > sequence FASTA > names a record without an ID as the engine does in outfmt 6 0ms
 ✓ tests/unit/extraction.test.ts > sequence FASTA > wraps any letters at the given width 0ms
 ✓ tests/unit/extraction.test.ts > gapped alignment FASTA > writes both rows as the engine wrote them, with the search direction of the coordinates 0ms
 ✓ tests/unit/extraction.test.ts > gapped alignment FASTA > shows frames for translated sequences only 0ms
 ✓ tests/unit/extraction.test.ts > gapped alignment FASTA > reports an HSP without aligned rows instead of inventing them 0ms
 ✓ tests/unit/extraction-steps.test.ts > extraction steps > reads pieces that fit in one read together, one request per record, as readRequests does 3ms
 ✓ tests/unit/extraction-steps.test.ts > extraction steps > starts a new step where the residues or the pieces of a step would pass their bound, in tray order 1ms
 ✓ tests/unit/extraction-steps.test.ts > extraction steps > reads a piece longer than one read alone, in parts of whole lines, and marks a whole record 1ms
 ✓ tests/unit/extraction-steps.test.ts > extraction steps > refuses a read that is not a whole number of lines 1ms
 ✓ tests/unit/extraction-steps.test.ts > extraction steps > writes a sequence in parts with the same bytes as written whole 7ms
 ✓ tests/unit/session.test.ts > working session ownership > holds the session lock until the worker ends 2ms
 ✓ tests/unit/session.test.ts > working session ownership > removes only the sessions whose lock is free, holding their lock while it removes 2ms
 ✓ tests/unit/session.test.ts > working session ownership > leaves a directory that cannot be removed and goes on 1ms
 ✓ tests/unit/session.test.ts > working session ownership > takes its lock before it opens its directory, then reclaims in the background 1ms
 ✓ tests/unit/session.test.ts > working session ownership > reclaims abandoned sessions first when OPFS is too full to open, then opens it 1ms
 ✓ tests/unit/session.test.ts > working session ownership > keeps its data in memory when OPFS stays full after the reclaim 1ms
 ✓ tests/unit/session.test.ts > working session ownership > keeps its data in memory and removes nothing without Web Locks 1ms
 ✓ tests/unit/session.test.ts > working session ownership > keeps its data in memory when its lock cannot be taken, so no other tab can remove it 0ms
 ✓ tests/unit/session.test.ts > working session ownership > falls back to memory with the reason when OPFS cannot be used 0ms
 ✓ tests/unit/reproduce.test.ts > commands > gives the LOSAT command and the NCBI command of the same program, inputs and options, quoted alike, without -num_threads 3ms
 ✓ tests/unit/reproduce.test.ts > commands > compares every option the search form writes, regions and negative values included 2ms
 ✓ tests/unit/reproduce.test.ts > commands > gives no NCBI command for a genetic code that NCBI BLAST+ refuses, and says why 1ms
 ✓ tests/unit/reproduce.test.ts > commands > gives the NCBI command with the approved exception of a non-default subject code of TBLASTN and TBLASTX 1ms
 ✓ tests/unit/reproduce.test.ts > commands > gives no NCBI command for an option it has not checked, or for arguments that are not options 1ms
 ✓ tests/unit/reproduce.test.ts > commands > notes where the files go and the threads, and when two inputs of one name differ 0ms
 ✓ tests/unit/reproduce.test.ts > commands > says how the input of a run relates to what was chosen 1ms
 ✓ tests/unit/reproduce.test.ts > commands > tells which input is the chosen file as it is, and sends the commands to the saved input of the others (screen review L2) 1ms
 ✓ tests/unit/reproduce.test.ts > the commands of the fixed comparison cases > has an NCBI command for every case but the code NCBI refuses, and the exceptions of the subject codes 2ms
 ↓ tests/unit/reproduce.test.ts > the commands of the fixed comparison cases > writes them for check_commands.py
 ✓ tests/unit/verification-table.test.ts > verification table > lists the four programs of the engine and the NCBI version 3ms
 ✓ tests/unit/verification-table.test.ts > verification table > records the browser runtime of every program from the verification cells 1ms
 ✓ tests/unit/verification-table.test.ts > verification table > has the default options of every program compared for the formats of the records 0ms
 ✓ tests/unit/verification-table.test.ts > verification table > has the options of the regression fixtures and the approved exception 1ms
 ✓ tests/unit/verification-table.test.ts > verification table > keeps a flag of a range and drops the range 1ms
 ✓ tests/unit/verification-table.test.ts > verification table > keeps nothing outside the inputs, outputs and threads in a key 16ms
 ✓ tests/unit/verification-table.test.ts > verification table > names its sources with their SHA-256 and the records that it took from them 1ms
 ✓ tests/unit/verification-table.test.ts > verification table > is the same on every run 24ms
 ✓ tests/unit/verification-table.test.ts > verification table > writes a copy for the gate record when LOSAT_WEB_VERIFICATION_OUT is set 1ms
 ✓ tests/unit/thread-host.test.ts > ThreadHost > prepares two sets of thread workers and starts threads in them with increasing thread IDs 3ms
 ✓ tests/unit/thread-host.test.ts > ThreadHost > starts the next pool of a search in the spare set while the threads of the previous pool still run 1ms
 ✓ tests/unit/thread-host.test.ts > ThreadHost > waits for a thread worker that is being prepared again after its thread returned 57ms
 ✓ tests/unit/attention.test.ts > leave guard > is off without runs 2ms
 ✓ tests/unit/attention.test.ts > leave guard > is on while a run is queued 0ms
 ✓ tests/unit/attention.test.ts > leave guard > is on while a run is preparing 0ms
 ✓ tests/unit/attention.test.ts > leave guard > is on while a run is running 0ms
 ✓ tests/unit/attention.test.ts > leave guard > is on while a run is finalizing 0ms
 ✓ tests/unit/attention.test.ts > leave guard > follows the runs: on while any run is in progress, off when all are terminal 0ms
 ✓ tests/unit/attention.test.ts > wake lock > is 'unsupported' when the page cannot hold one, and is never requested 1ms
 ✓ tests/unit/attention.test.ts > wake lock > is off, and not requested, while keepAwake is false 0ms
 ✓ tests/unit/attention.test.ts > wake lock > is not requested without runs, and is held from a queued run to the end of the queue 1ms
 ✓ tests/unit/attention.test.ts > wake lock > is requested when keepAwake is turned on during a run, and released when the run completes 0ms
 ✓ tests/unit/attention.test.ts > wake lock > is released when keepAwake is turned off 0ms
 ✓ tests/unit/attention.test.ts > wake lock > is 'failed' with the error message when the request is rejected 0ms
 ✓ tests/unit/attention.test.ts > wake lock > writes a non-Error rejection as a string 0ms
 ✓ tests/unit/attention.test.ts > wake lock > is requested again after a failure, and the error is cleared 0ms
 ✓ tests/unit/attention.test.ts > wake lock > is requested again when the browser releases it while the run is active and the page visible 1ms
 ✓ tests/unit/attention.test.ts > wake lock > is not requested again when the browser releases it while the page is hidden 0ms
 ✓ tests/unit/attention.test.ts > wake lock > is not requested while the page is hidden, and is requested when it is shown 0ms
 ✓ tests/unit/attention.test.ts > resume report > reports how long the page was hidden and what became of the runs 2ms
 ✓ tests/unit/attention.test.ts > resume report > keeps the earlier status for a run that is no longer in the list 0ms
 ✓ tests/unit/attention.test.ts > resume report > is 'not-responding' when the probe rejects 0ms
 ✓ tests/unit/attention.test.ts > resume report > is 'not-responding' when the probe does not answer within probeTimeoutMs 86ms
 ✓ tests/unit/attention.test.ts > resume report > is not made when no run was in progress as the page was hidden 0ms
 ✓ tests/unit/attention.test.ts > resume report > is not made when there are no runs, nor when the page is shown without having been hidden 0ms
 ✓ tests/unit/attention.test.ts > resume report > is not made again by a second show after dismissResume 0ms
 ✓ tests/unit/attention.test.ts > resume report > is removed by dismissResume 0ms
 ✓ tests/unit/attention.test.ts > resume report > does not bring the report back when a probe answers after dismissResume 0ms
 ✓ tests/unit/attention.test.ts > resume report > lets the latest show decide the Data worker status 0ms
 ✓ tests/unit/attention.test.ts > resume report > makes no report for a hide shorter than minHiddenMs 0ms
 ✓ tests/unit/attention.test.ts > resume report > lets a late answer of the Data worker correct "not-responding" 40ms
 ✓ tests/unit/export-writer.test.ts > ExportWriter (design §12.1) > writes text in blocks of about blockChars characters, in order 3ms
 ✓ tests/unit/export-writer.test.ts > ExportWriter (design §12.1) > writes bytes after the text before them, as they are 1ms
 ✓ tests/unit/export-writer.test.ts > ExportWriter (design §12.1) > counts UTF-8 bytes, not characters 0ms
 ✓ tests/unit/export-writer.test.ts > writeFile > saves the file once it is written 1ms
 ✓ tests/unit/export-writer.test.ts > writeFile > saves nothing when writing fails, and throws the error again 2ms
 ✓ tests/unit/sequence-layout.test.ts > reading residues forward from the layout of a record > kind 1, uniform, LF: every interval start, random ends, every chunk size 17ms
 ✓ tests/unit/sequence-layout.test.ts > reading residues forward from the layout of a record > kind 1, uniform, CR LF: every interval start, random ends, every chunk size 5ms
 ✓ tests/unit/sequence-layout.test.ts > reading residues forward from the layout of a record > kind 1, uniform, eol 3 from trailing spaces: every interval start, random ends, every chunk size 6ms
 ✓ tests/unit/sequence-layout.test.ts > reading residues forward from the layout of a record > kind 2, uniform, eol 4 from a tab and CR LF: every interval start, random ends, every chunk size 2ms
 ✓ tests/unit/sequence-layout.test.ts > reading residues forward from the layout of a record > kind 1, one line: every interval start, random ends, every chunk size 2ms
 ✓ tests/unit/sequence-layout.test.ts > reading residues forward from the layout of a record > kind 1, ragged LF with noise: every interval start, random ends, every chunk size 13ms
 ✓ tests/unit/sequence-layout.test.ts > reading residues forward from the layout of a record > kind 1, ragged CR LF with noise: every interval start, random ends, every chunk size 17ms
 ✓ tests/unit/sequence-layout.test.ts > reading residues forward from the layout of a record > kind 2, ragged LF with noise: every interval start, random ends, every chunk size 13ms
 ✓ tests/unit/sequence-layout.test.ts > reading residues forward from the layout of a record > kind 2, ragged CR LF, comments only: every interval start, random ends, every chunk size 6ms
 ✓ tests/unit/sequence-layout.test.ts > reading residues forward from the layout of a record > reads records of more than 65536 residues through their checkpoints, and a uniform one with CR LF 106ms
 ✓ tests/unit/search-form.test.ts > formParameters > gives no parameters for empty values 2ms
 ✓ tests/unit/search-form.test.ts > formParameters > omits a value equal to the engine default, also with surrounding white space 0ms
 ✓ tests/unit/search-form.test.ts > formParameters > keeps a different value, trimmed 0ms
 ✓ tests/unit/search-form.test.ts > formParameters > keeps a value when the engine states no default 0ms
 ✓ tests/unit/search-form.test.ts > formParameters > writes a flag field only when its value is true 0ms
 ✓ tests/unit/search-form.test.ts > formParameters > ignores a boolean value for a value field 0ms
 ✓ tests/unit/search-form.test.ts > formParameters > skips fields whose flag is not among the engine options 0ms
 ✓ tests/unit/search-form.test.ts > formParameters > follows the order of the descriptor, not of the values or the options 0ms
 ✓ tests/unit/search-form.test.ts > formParameters > considers all descriptor fields when the options are undefined 0ms
 ✓ tests/unit/search-form.test.ts > formParameters > works for TBLASTX with its sections in the order of the page: the genetic codes, then the algorithm parameters 0ms
 ✓ tests/unit/search-form.test.ts > formParameters > gives the parameters of one place of the screen 0ms
 ✓ tests/unit/search-form.test.ts > formParameters > omits a TBLASTX value equal to the engine default 0ms
 ✓ tests/unit/search-form.test.ts > setField > removes the template fields when the task is blastn 1ms
 ✓ tests/unit/search-form.test.ts > setField > removes the template fields when the task is blastn-short 0ms
 ✓ tests/unit/search-form.test.ts > setField > keeps the template fields when the task is dc-megablast 0ms
 ✓ tests/unit/search-form.test.ts > setField > keeps the template fields when the task is megablast 0ms
 ✓ tests/unit/search-form.test.ts > setField > does not clear the templates when another field is set 0ms
 ✓ tests/unit/search-form.test.ts > setField > returns a frozen object and leaves the input unchanged 0ms
 ✓ tests/unit/search-form.test.ts > setField > sets a flag value 0ms
 ✓ tests/unit/search-form.test.ts > describedSections > returns the program sections when the options are unknown 0ms
 ✓ tests/unit/search-form.test.ts > describedSections > keeps only described fields and drops empty sections 0ms
 ✓ tests/unit/search-form.test.ts > describedSections > returns no section when the engine describes none of the fields 0ms
 ✓ tests/unit/search-form.test.ts > fieldChoices > uses the engine's choices for an option that takes a value 0ms
 ✓ tests/unit/search-form.test.ts > fieldChoices > uses the field's choices when the engine lists none 0ms
 ✓ tests/unit/search-form.test.ts > fieldChoices > gives no choices when neither lists any 0ms
 ✓ tests/unit/search-form.test.ts > fieldChoices > does not use the choices of a flag option 0ms
 ✓ tests/unit/search-form.test.ts > writtenValue > writes a value other than empty and the default, trimmed 0ms
 ✓ tests/unit/search-form.test.ts > writtenValue > writes a value equal to no default, as when the engine states none (a default that depends on the task) 0ms
 ✓ tests/unit/search-form.test.ts > writtenValue > writes a flag only when it is set 0ms
 ✓ tests/unit/search-form.test.ts > effectiveValue > is the value set, trimmed, or else the default 0ms
 ✓ tests/unit/search-form.test.ts > sections by place, and the Discontiguous Word Options > shows the section for the dc-megablast task, set or the default 0ms
 ✓ tests/unit/search-form.test.ts > sections by place, and the Discontiguous Word Options > hides it for the other tasks while its fields are empty 0ms
 ✓ tests/unit/search-form.test.ts > sections by place, and the Discontiguous Word Options > shows it while one of its fields has a value, so that no hidden value is written 0ms
 ✓ tests/unit/search-form.test.ts > sections by place, and the Discontiguous Word Options > always shows a section without a rule 0ms
 ✓ tests/unit/search-form.test.ts > sections by place, and the Discontiguous Word Options > places the task, the genetic codes and the algorithm parameters 1ms
 ✓ tests/unit/search-form.test.ts > fieldRows > puts the consecutive fields of a row together (NCBI's Match/Mismatch Scores and Gap Costs) 0ms
 ✓ tests/unit/search-form.test.ts > searchSummary > says what is searched, with which program and task, and where 0ms
 ✓ tests/unit/search-form.test.ts > searchSummary > names a task without a note, and leaves the task out while it is unknown 0ms
 ✓ tests/unit/search-form.test.ts > regionProblem > asks for both positions 0ms
 ✓ tests/unit/search-form.test.ts > regionProblem > rejects "1.5" and "10" as not whole numbers 0ms
 ✓ tests/unit/search-form.test.ts > regionProblem > rejects " 0x10" and "20" as not whole numbers 0ms
 ✓ tests/unit/search-form.test.ts > regionProblem > rejects "-3" and "10" as not whole numbers 0ms
 ✓ tests/unit/search-form.test.ts > regionProblem > rejects "1e3" and "10" as not whole numbers 0ms
 ✓ tests/unit/search-form.test.ts > regionProblem > rejects "5" and "abc" as not whole numbers 0ms
 ✓ tests/unit/search-form.test.ts > regionProblem > rejects "5" and "+7" as not whole numbers 0ms
 ✓ tests/unit/search-form.test.ts > regionProblem > rejects "1 0" and "5" as not whole numbers 0ms
 ✓ tests/unit/search-form.test.ts > regionProblem > limits the start and the stop to the record 0ms
 ✓ tests/unit/search-form.test.ts > regionProblem > names the length of the record in the message 0ms
 ✓ tests/unit/search-form.test.ts > regionProblem > accepts positions within the record, including start == stop and start > stop 0ms
 ✓ tests/unit/search-form.test.ts > regionProblem > accepts surrounding white space 0ms
 ✓ tests/unit/search-form.test.ts > region value, range and positions > has a flag for each role 0ms
 ✓ tests/unit/search-form.test.ts > region value, range and positions > writes the value without white space or leading zeros 0ms
 ✓ tests/unit/search-form.test.ts > region value, range and positions > gives the range of a valid region 0ms
 ✓ tests/unit/search-form.test.ts > region value, range and positions > gives no range while the region is incomplete or outside the record 0ms
 ✓ tests/unit/search-form.test.ts > region value, range and positions > orders, rounds and limits positions 0ms
 ✓ tests/unit/search-form.test.ts > estimateKind > estimates a nucleotide sequence from a share of at least 90% of A C G T U N 2ms
 ✓ tests/unit/search-form.test.ts > estimateKind > estimates a protein below that share 0ms
 ✓ tests/unit/search-form.test.ts > estimateKind > gives no estimate without letters 0ms
 ✓ tests/unit/search-form.test.ts > estimateKind > counts only the letters A-Z and a-z 0ms
 ✓ tests/unit/search-form.test.ts > estimateKind > looks for a kind other than the expected one 0ms
 ✓ tests/unit/search-form.test.ts > estimateKind > does not warn about a record without letters 0ms
 ✓ tests/unit/search-form.test.ts > geneticCodeLabel > writes the number and the name of a known code 0ms
 ✓ tests/unit/search-form.test.ts > geneticCodeLabel > writes the number alone for a code without a name 0ms
 ✓ tests/unit/search-form.test.ts > duplicateIds > returns the IDs that appear more than once 0ms
 ✓ tests/unit/search-form.test.ts > duplicateIds > returns an empty set when all IDs differ 0ms
 ✓ tests/unit/search-form.test.ts > program descriptors > lists each program once 0ms
 ✓ tests/unit/search-form.test.ts > program descriptors > marks BLASTX as unavailable 0ms
 ✓ tests/unit/search-form.test.ts > program descriptors > blastn has a form with unique flags 0ms
 ✓ tests/unit/search-form.test.ts > program descriptors > blastp has a form with unique flags 0ms
 ✓ tests/unit/search-form.test.ts > program descriptors > tblastn has a form with unique flags 0ms
 ✓ tests/unit/search-form.test.ts > program descriptors > tblastx has a form with unique flags 0ms
 ✓ tests/unit/search-form.test.ts > program descriptors > blastn uses no reserved flag 1ms
 ✓ tests/unit/search-form.test.ts > program descriptors > blastp uses no reserved flag 0ms
 ✓ tests/unit/search-form.test.ts > program descriptors > blastx uses no reserved flag 0ms
 ✓ tests/unit/search-form.test.ts > program descriptors > tblastn uses no reserved flag 0ms
 ✓ tests/unit/search-form.test.ts > program descriptors > tblastx uses no reserved flag 0ms
 ✓ tests/unit/search-form.test.ts > program descriptors > blastn has NCBI's sections in NCBI's order under Algorithm parameters 0ms
 ✓ tests/unit/search-form.test.ts > program descriptors > blastp has NCBI's sections in NCBI's order under Algorithm parameters 0ms
 ✓ tests/unit/search-form.test.ts > program descriptors > tblastn has NCBI's sections in NCBI's order under Algorithm parameters 0ms
 ✓ tests/unit/search-form.test.ts > program descriptors > tblastx has NCBI's sections in NCBI's order under Algorithm parameters 0ms
 ✓ tests/unit/search-form.test.ts > program descriptors > gives the sequence kind and unit of each input 0ms
 ✓ tests/unit/dataset.test.ts > dataset revisions > lists the included records in the original order 2ms
 ✓ tests/unit/dataset.test.ts > dataset revisions > sorts and deduplicates an exclusion and rejects indices outside the table 1ms
 ✓ tests/unit/dataset.test.ts > record tables at register > agrees when every ID and length is the same 0ms
 ✓ tests/unit/dataset.test.ts > record tables at register > names the first record that differs 0ms
 ✓ tests/unit/dataset.test.ts > record tables at register > reports a different number of records 0ms
 ✓ tests/unit/dataset.test.ts > isFirstLineRefusal > is true for the refusal of a first line that may be a sequence identifier, and for no other refusal 0ms
 ✓ tests/unit/sequence-layout.test.ts > reading residues forward from the layout of a record > places residue i of a uniform record with the formula, for any positive eol 2ms
 ✓ tests/unit/sequence-layout.test.ts > reading residues forward from the layout of a record > keeps the bytes of the file: case and U as written 0ms
 ✓ tests/unit/sequence-layout.test.ts > reading residues forward from the layout of a record > follows the line rules of abi_v2.md §9 on hand-written lines 0ms
 ✓ tests/unit/sequence-layout.test.ts > reading residues forward from the layout of a record > counts residues as the record table does and knows the stored letters of each kind 1ms
 ✓ tests/unit/sequence-layout.test.ts > reading residues forward from the layout of a record > accepts reader kinds 1 and 2 only 1ms
 ✓ tests/unit/sequence-layout.test.ts > reading residues forward from the layout of a record > finds the checkpoint at or before a residue 0ms
 ✓ tests/unit/argv.test.ts > buildArgv > puts the program and input names first, then parameters in the given order 2ms
 ✓ tests/unit/argv.test.ts > buildArgv > rejects the application-managed flag -query 1ms
 ✓ tests/unit/argv.test.ts > buildArgv > rejects the application-managed flag -subject 0ms
 ✓ tests/unit/argv.test.ts > buildArgv > rejects the application-managed flag -out 0ms
 ✓ tests/unit/argv.test.ts > buildArgv > rejects the application-managed flag -outfmt 0ms
 ✓ tests/unit/argv.test.ts > buildArgv > rejects the application-managed flag -num_threads 0ms
 ✓ tests/unit/argv.test.ts > buildArgv > rejects parameters that are not flags 0ms
 ✓ tests/unit/argv.test.ts > toShellCommand > quotes only the words that need quoting and always writes -outfmt 0ms
 ✓ tests/unit/argv.test.ts > optionValue > reads the word after an option's last occurrence, and nothing where it is not given 0ms
 ✓ tests/unit/coordinates.test.ts > record intervals and strands of HSP coordinates > orders the two coordinates and keeps the strand they give 3ms
 ✓ tests/unit/coordinates.test.ts > record intervals and strands of HSP coordinates > BLASTN: the query on its plus strand, a minus-strand subject, and a one-letter HSP whose strand the record does not give 1ms
 ✓ tests/unit/coordinates.test.ts > record intervals and strands of HSP coordinates > frames change no coordinate: TBLASTN, TBLASTX and BLASTX positions are the nucleotides of the record 1ms
 ✓ tests/unit/coordinates.test.ts > record intervals and strands of HSP coordinates > knows which sequences a program translates and their units 1ms
 ✓ tests/unit/coordinates.test.ts > flanks, the ends of a record and spanning > adds left and right flanks on the record axis whatever the strand 0ms
 ✓ tests/unit/coordinates.test.ts > flanks, the ends of a record and spanning > cuts at both ends and keeps the requested interval 1ms
 ✓ tests/unit/coordinates.test.ts > flanks, the ends of a record and spanning > refuses intervals outside the record, negative or fractional flanks 1ms
 ✓ tests/unit/coordinates.test.ts > flanks, the ends of a record and spanning > spans several intervals without joining them otherwise 0ms
 ✓ tests/unit/coordinates.test.ts > flanks, the ends of a record and spanning > gives the strand that spans share, or mixed 0ms
 ✓ tests/unit/coordinates.test.ts > flanks, the ends of a record and spanning > checks that an interval lies in its record 1ms
 ✓ tests/unit/thread-host.test.ts > ThreadHost > fails to prepare when a thread worker does not become ready in time 101ms
 ✓ tests/unit/thread-host.test.ts > ThreadHost > abandons a thread that does not start in time, reports a fault, and the thread can no longer start 73ms
 ✓ tests/unit/hsp-export.test.ts > the scopes of an export > puts rows in the engine order 3ms
 ✓ tests/unit/hsp-export.test.ts > the scopes of an export > keeps the HSPs that the view filters keep, in the listed queries 1ms
 ✓ tests/unit/hsp-export.test.ts > the scopes of an export > takes the marked subjects of the list, in the engine order whatever the list sort 1ms
 ✓ tests/unit/hsp-export.test.ts > the scopes of an export > names the filters in words 0ms
 ✓ tests/unit/hsp-export.test.ts > CSV > quotes a field with a comma, a quote, CR or LF, and doubles its quotes (RFC 4180) 0ms
 ✓ tests/unit/hsp-export.test.ts > CSV > writes a header row and one row per HSP with the outfmt 6 fields as written 1ms
 ✓ tests/unit/hsp-export.test.ts > CSV > writes IDs as they are, quoted where they must be, never altered 1ms
 ✓ tests/unit/hsp-export.test.ts > JSON > joins its pieces into one valid document that says what it is 4ms
 ✓ tests/unit/hsp-export.test.ts > JSON > leaves the aligned rows out when they are not chosen, and writes an empty scope as an empty array 2ms
 ✓ tests/unit/hsp-export.test.ts > the report > escapes & < > " and ' 1ms
 ✓ tests/unit/hsp-export.test.ts > the report > is a static page that loads nothing and says what it is 1ms
 ✓ tests/unit/hsp-export.test.ts > the report > writes every text of the run as text, whatever it holds 33ms
 ✓ tests/unit/hsp-export.test.ts > the report > keeps a text that starts with a line end as written inside <pre> (the parser drops one after the tag) 0ms
 ✓ tests/unit/hsp-export.test.ts > the report > lists the HSPs that outfmt 0 does not show, and says when there are no warnings 0ms
 ✓ tests/unit/plot-svg.test.ts > dotPlotSvg: the file > is an SVG of the plot's size in CSS pixels, with a title and a description that name the run and the format 15ms
 ✓ tests/unit/plot-svg.test.ts > dotPlotSvg: the file > draws an HSP from its start to its end in the frame's pixels, as the canvas does 3ms
 ✓ tests/unit/plot-svg.test.ts > dotPlotSvg: the file > groups lines by colour and opacity class: the script's colours, the identity classes 2ms
 ✓ tests/unit/plot-svg.test.ts > dotPlotSvg: the file > writes only the lines the view can show, and none of the groups that stay empty 2ms
 ✓ tests/unit/plot-svg.test.ts > dotPlotSvg: the file > leaves out opaque lines that fall on the pixels of one before them, and no translucent one 2ms
 ✓ tests/unit/plot-svg.test.ts > dotPlotSvg: the file > draws an HSP shorter than a pixel or two as a 3 px dash 1ms
 ✓ tests/unit/plot-svg.test.ts > dotPlotSvg: the file > clips the lines to the frame by a nested svg, with no clip path 2ms
 ✓ tests/unit/plot-svg.test.ts > dotPlotSvg: the file > writes the grid, the frame and the ticks of the canvas, and the labels it would label 3ms
 ✓ tests/unit/plot-svg.test.ts > dotPlotSvg: the file > titles the axes with the IDs and the unit of the view's span (kbp from 5,000 letters) 1ms
 ✓ tests/unit/plot-svg.test.ts > dotPlotSvg: the file > says in its description when the axes are not to scale, and the nt per aa of a protein axis 3ms
 ✓ tests/unit/plot-svg.test.ts > dotPlotSvg: the file > cuts a long ID of the title so that the unit stays, as the canvas does 2ms
 ✓ tests/unit/plot-svg.test.ts > dotPlotSvg: the file > leaves out the selected HSP's halo and has no legend or other drawing but the plot 2ms
 ✓ tests/unit/plot-svg.test.ts > dotPlotSvg: text from the inputs > escapes & < > " ' in IDs, in the title, the description and the axis titles 1ms
 ✓ tests/unit/plot-svg.test.ts > dotPlotSvg: text from the inputs > has no script, no event attribute and no reference for ordinary IDs either 3ms
 ✓ tests/unit/plot-svg.test.ts > dotPlotSvg: text from the inputs > replaces characters that XML cannot hold, so that the file still parses 1ms
 ✓ tests/unit/plot-svg.test.ts > exportDotPlotSvg: the file > is named by the run and the records' positions, never by an ID, and saved as image/svg+xml 2ms
 ✓ tests/unit/plot-svg.test.ts > exportDotPlotSvg: the file > writes a pair of 5,993 HSPs one line each, in order, without building the file at once 65ms
 ✓ tests/unit/plot-svg.test.ts > exportDotPlotSvg: the file > saves nothing when the building fails 4ms
 ✓ tests/unit/plot-svg.test.ts > exportDotPlotSvg: the file > names the file by positions 0ms
 ✓ tests/unit/headers.test.ts > _headers > enables cross-origin isolation for every path 3ms
 ✓ tests/unit/headers.test.ts > _headers > limits every fetch to the site itself and allows Wasm compilation 1ms
 ✓ tests/unit/headers.test.ts > _headers > rejects a header line outside any path rule 1ms
 ✓ tests/unit/engine-gateway.test.ts > WasmEngine > starts a generation, relays phases and resolves with the runtime of the search 11ms
 ✓ tests/unit/engine-gateway.test.ts > WasmEngine > runs the next search in the same generation 4ms
 ✓ tests/unit/engine-gateway.test.ts > WasmEngine > cancels by ending the worker; the next search starts a new generation and late messages are dropped 4ms
 ✓ tests/unit/engine-gateway.test.ts > WasmEngine > ignores a cancel of another or a finished run 2ms
 ✓ tests/unit/engine-gateway.test.ts > WasmEngine > renews the runtime before the next search when the instance ran too many searches 5ms
 ✓ tests/unit/engine-gateway.test.ts > WasmEngine > renews the runtime when the memory of the instance reached the high-water mark 4ms
 ✓ tests/unit/engine-gateway.test.ts > WasmEngine > keeps the name, role and detail of an InputMismatchError 2ms
 ✓ tests/unit/engine-gateway.test.ts > WasmEngine > ends the runtime after an error that stopped the instance 2ms
 ✓ tests/unit/engine-gateway.test.ts > WasmEngine > fails the search when the worker fails, and starts a new generation for the next one 4ms
 ✓ tests/unit/engine-gateway.test.ts > WasmEngine > fails the search when a thread worker reports a fault 28ms
 ✓ tests/unit/engine-gateway.test.ts > WasmEngine > runs one search at a time 0ms
 ✓ tests/unit/results.test.ts > outfmt 6 rows and outfmt 0 headings > splits a row into its twelve fields, and refuses another number of fields 4ms
 ✓ tests/unit/results.test.ts > outfmt 6 rows and outfmt 0 headings > takes the title of a subject heading as written 0ms
 ✓ tests/unit/results.test.ts > the HSP table and its index > keeps the small fields of each record, with null as -1 or 0 1ms
 ✓ tests/unit/results.test.ts > the HSP table and its index > groups the HSPs by query and subject in the engine order 0ms
 ✓ tests/unit/results.test.ts > the HSP table and its index > sorts subjects and HSPs by engine values, ties in the engine order 1ms
 ✓ tests/unit/results.test.ts > the HSP table and its index > filters HSPs by E value, bit score and subject text, and counts what it hides 2ms
 ✓ tests/unit/results.test.ts > the HSP table and its index > gives an HSP's subject coordinates in ascending order (NCBI's Range) 0ms
 ✓ tests/unit/results.test.ts > the HSP table and its index > puts a window of Ranges around a position, within the list 0ms
 ✓ tests/unit/results.test.ts > the HSP table and its index > gives the orientation from coordinates, frames, or not at all 0ms
 ✓ tests/unit/results.test.ts > hitLimits > reads the limits of the argv, or the default that the engine describes 0ms
 ✓ tests/unit/results.test.ts > hitLimits > claims no limit that it cannot read 0ms
 ✓ tests/unit/results.test.ts > optionKey > is the same for the same options in any order, with the default task written or not 0ms
 ✓ tests/unit/results.test.ts > optionKey > keeps a value that starts with "-", and names a range without its coordinates 0ms
 ✓ tests/unit/results.test.ts > optionKey > reads nothing from words that are not options 0ms
 ✓ tests/unit/results.test.ts > verificationBadge > certifies a run inside a profile, and says what that means 0ms
 ✓ tests/unit/results.test.ts > verificationBadge > says why a run is outside the certified profiles 0ms
 ✓ tests/unit/results.test.ts > verificationBadge > keeps the badge of a loaded run only when this site's engine build wrote its outputs, and says that it was loaded (code review M2) 0ms
 ✓ tests/unit/results.test.ts > verificationBadge > names the approved exceptions of a non-default subject genetic code 0ms
 ✓ tests/unit/results.test.ts > ResultsBrowser > opens a run on its first query with hits, its first subject and HSP, and reads the HSP as written 4ms
 ✓ tests/unit/results.test.ts > ResultsBrowser > follows an HSP of another subject, and shows a query without hits 3ms
 ✓ tests/unit/results.test.ts > ResultsBrowser > drops a detail that arrives after the selection moved on 3ms
 ✓ tests/unit/results.test.ts > ResultsBrowser > keeps the selected HSP through a filter that shows it, and moves off one that hides it 1ms
 ✓ tests/unit/results.test.ts > ResultsBrowser > moves off a query that a query filter hides, and selects none when no query is listed 1ms
 ✓ tests/unit/results.test.ts > ResultsBrowser > opens another run without view filters, and keeps them for the same run 1ms
 ✓ tests/unit/results.test.ts > ResultsBrowser > says that a query reached the hit list limit, and a subject the HSP limit 0ms
 ✓ tests/unit/results.test.ts > ResultsBrowser > shows why a run has no results, and opens it when it completes 3ms
 ✓ tests/unit/results.test.ts > ResultsBrowser > reads a run whose results could not be read once, not at each change of the runs 2ms
 ✓ tests/unit/results.test.ts > ResultsBrowser > reads the headings of a run opened while those of the run before were being read 6ms
 ✓ tests/unit/results.test.ts > ResultsBrowser > sorts subjects by the values that the list shows: the first HSP and the HSP count before the filters 2ms
 ✓ tests/unit/results.test.ts > ResultsBrowser > lists the selected subject's Ranges in the engine's order, numbered among all its HSPs, as the filters show them 1ms
 ✓ tests/unit/results.test.ts > ResultsBrowser > reads a section of outfmt 0 once per run, none for an HSP that outfmt 0 does not show, and again after a failed read 5ms
 ✓ tests/unit/results.test.ts > ResultsBrowser > reads a subject's heading once per run for the selected HSP's detail and the lists, and finds HSPs by rank 6ms
 ✓ tests/unit/results.test.ts > ResultsBrowser > reads the detail of a failed HSP again when it is selected again, and leaves a loading or ready one alone 7ms
 ✓ tests/unit/results.test.ts > ResultsBrowser > names the task of a run: the argv's, else the engine's default 1ms
 ✓ tests/unit/candidates.test.ts > what the results browser gives the tray > makes candidate sources from the HSP table, the run snapshot and the outfmt 6 rows, without reading 5ms
 ✓ tests/unit/candidates.test.ts > what the results browser gives the tray > keeps the frames of translated records 1ms
 ✓ tests/unit/candidates.test.ts > what the results browser gives the tray > lists every HSP of a subject in the engine order, whatever the filters show 1ms
 ✓ tests/unit/candidates.test.ts > what the results browser gives the tray > marks subjects that the list shows, keeps them through sorting, and drops them with the query, the run or a filter 2ms
 ✓ tests/unit/candidates.test.ts > what the results browser gives the tray > keeps the marks within the listed subjects when the list is cut: a re-sort or a filter that moves a marked subject past it drops the mark (code review 2 L2) 3ms
 ✓ tests/unit/candidates.test.ts > what the results browser gives the tray > goes back to a candidate: opens its run, selects it, and clears only the filters that hide it 2ms
 ✓ tests/unit/candidates.test.ts > what the results browser gives the tray > does not go back to a run without results 0ms
 ✓ tests/unit/candidates.test.ts > what the results browser gives the tray > names the filters that hide an HSP as filterQuery and the query list apply them 0ms
 ✓ tests/unit/candidates.test.ts > CandidateTray > adds HSPs once each, in order, selected, with an empty note and when they were added 1ms
 ✓ tests/unit/candidates.test.ts > CandidateTray > refuses HSPs, extraction and export of a run that is queued (REQ-10) 5ms
 ✓ tests/unit/candidates.test.ts > CandidateTray > refuses HSPs, extraction and export of a run that is preparing (REQ-10) 1ms
 ✓ tests/unit/candidates.test.ts > CandidateTray > refuses HSPs, extraction and export of a run that is running (REQ-10) 1ms
 ✓ tests/unit/candidates.test.ts > CandidateTray > refuses HSPs, extraction and export of a run that is finalizing (REQ-10) 1ms
 ✓ tests/unit/candidates.test.ts > CandidateTray > refuses HSPs, extraction and export of a run that is cancelled (REQ-10) 1ms
 ✓ tests/unit/candidates.test.ts > CandidateTray > refuses HSPs, extraction and export of a run that is failed (REQ-10) 1ms
 ✓ tests/unit/candidates.test.ts > CandidateTray > refuses HSPs, extraction and export of a run that is unknown (REQ-10) 2ms
 ✓ tests/unit/candidates.test.ts > CandidateTray > removes, moves, notes, selects and clears 1ms
 ✓ tests/unit/candidates.test.ts > CandidateTray > sorts by addition, by run and engine order, and by subject and position; sorting rewrites the order 5ms
 ✓ tests/unit/candidates.test.ts > CandidateTray > lists where the candidates come from, one entry per run, in run order 2ms
 ✓ tests/unit/candidates.test.ts > CandidateTray > extracts the selected candidates in tray order: one read per record, clipped ends and unknown strands reported 2ms
 ✓ tests/unit/candidates.test.ts > CandidateTray > saves nothing and leaves the tray as it was when a read fails, and refuses without a selection or while busy 2ms
 ✓ tests/unit/candidates.test.ts > CandidateTray > exports the gapped alignments of the selected candidates from their HSP records: one read per run, apart from the sequences 2ms
 ✓ tests/unit/candidates.test.ts > the outputs written as they are read > extracts a record longer than one read in parts of at most the limit, with the same bytes, and checks a whole record read in parts 16ms
 ✓ tests/unit/candidates.test.ts > the outputs written as they are read > refuses a whole record read in parts whose source no longer matches its record table, and saves nothing 4ms
 ✓ tests/unit/candidates.test.ts > the outputs written as they are read > writes thousands of records in few blocks 91ms
 ✓ tests/unit/run-files.test.ts > SearchDraft settings > gives the program, the argv words after the inputs (regions included) and the threads 15ms
 ✓ tests/unit/run-files.test.ts > SearchDraft settings > replaces the form conditions: fields the settings do not name return to their defaults; the inputs and the title stay 4ms
 ✓ tests/unit/run-files.test.ts > SearchDraft settings > lists what it does not apply: words without a field, stray words, a region the inputs cannot take, too many threads 2ms
 ✓ tests/unit/run-files.test.ts > SearchDraft settings > switches the program, reads the inputs again with its reader, and then applies the regions on the inputs' only records 4ms
 ✓ tests/unit/run-files.test.ts > SearchDraft settings > changes nothing when the engine cannot describe the program 3ms
 ✓ tests/unit/run-files.test.ts > the round trip of runs made by the form > blastn (defaults) 8ms
 ✓ tests/unit/run-files.test.ts > the round trip of runs made by the form > blastn -task -reward -penalty -evalue -dust -lcase_masking -subject_besthit 39ms
 ✓ tests/unit/run-files.test.ts > the round trip of runs made by the form > blastp -matrix -gapopen -gapextend -comp_based_stats -seg 9ms
 ✓ tests/unit/run-files.test.ts > the round trip of runs made by the form > tblastn -task -db_gencode -soft_masking -lcase_masking -xdrop_gap 10ms
 ✓ tests/unit/coordinator.test.ts > Coordinator > runs one job at a time in FIFO order and stores the outputs and diagnostics 40ms
 ✓ tests/unit/coordinator.test.ts > Coordinator > freezes the snapshot so later edits cannot change a queued job 6ms
 ✓ tests/unit/coordinator.test.ts > Coordinator > reads a chosen file by reference and names the input after it 3ms
 ✓ tests/unit/coordinator.test.ts > Coordinator > does not queue an input that the index scan cannot read 1ms
 ✓ tests/unit/coordinator.test.ts > Coordinator > indexes each text or file input with the reader of the program's kind for its role 6ms
 ✓ tests/unit/coordinator.test.ts > Coordinator > cancels a queued job without starting it 4ms
 ✓ tests/unit/coordinator.test.ts > Coordinator > discards a cancelled run and ignores its late events 4ms
 ✓ tests/unit/coordinator.test.ts > Coordinator > cancels a FakeEngine run between phases 23ms
 ✓ tests/unit/coordinator.test.ts > Coordinator > marks a failed run and keeps earlier results 4ms
 ✓ tests/unit/coordinator.test.ts > Coordinator > fails a run whose records the engine reads differently from the record table 4ms
 ✓ tests/unit/draft.test.ts > SearchDraft inputs > indexes pasted text and checks it with the engine 12ms
 ✓ tests/unit/draft.test.ts > SearchDraft inputs > replaces the paste source when the text changes, and removes it when the text is emptied 4ms
 ✓ tests/unit/draft.test.ts > SearchDraft inputs > reads a text without a defline as a record without an ID, as the engine's reader does, and adds a defline on request 2ms
 ✓ tests/unit/draft.test.ts > SearchDraft inputs > reports the index scan error 1ms
 ✓ tests/unit/draft.test.ts > SearchDraft inputs > maps a refusal that names a line to the record that holds it, among the included records 5ms
 ✓ tests/unit/draft.test.ts > SearchDraft inputs > asks the engine about a source without records, but not about one whose records are all excluded 3ms
 ✓ tests/unit/draft.test.ts > SearchDraft inputs > shows the engine refusal of a record and maps it to the record table; excluding it passes the check 3ms
 ✓ tests/unit/draft.test.ts > SearchDraft inputs > maps a refused record among the included records only 3ms
 ✓ tests/unit/draft.test.ts > SearchDraft inputs > checks the inputs again for another program 2ms
 ✓ tests/unit/draft.test.ts > SearchDraft inputs > indexes a role's sources again when the program reads the role as the other sequence kind 6ms
 ✓ tests/unit/draft.test.ts > SearchDraft inputs > indexes a source that could not be read again for a program of the other kind, and drops its exclusions 3ms
 ✓ tests/unit/draft.test.ts > SearchDraft reader change notice (Owner decision 2, S15) > says, on each source that had exclusions, that they were cleared; the next selection change clears the notice 3ms
 ✓ tests/unit/draft.test.ts > SearchDraft reader change notice (Owner decision 2, S15) > never outlives its program: BLASTN, BLASTP, TBLASTX 9ms
 ✓ tests/unit/draft.test.ts > SearchDraft reader change notice (Owner decision 2, S15) > keeps no notice when the reader kind stays 1ms
 ✓ tests/unit/draft.test.ts > SearchDraft submit > refuses to queue without inputs, with every record excluded, or with a refused input 4ms
 ✓ tests/unit/draft.test.ts > SearchDraft submit > refuses BLASTX until SX 1ms
 ✓ tests/unit/draft.test.ts > SearchDraft submit > queues one combined search of all files, named as plan §5.3 says 3ms
 ✓ tests/unit/draft.test.ts > SearchDraft submit > queues separate searches as every query input against every subject input 3ms
 ✓ tests/unit/draft.test.ts > SearchDraft submit > uses the same revision for the same selection, so that a kept subject is the same input (R1) 6ms
 ✓ tests/unit/draft.test.ts > SearchDraft submit > writes the region of a role that has one record, and only then 3ms
 ✓ tests/unit/draft.test.ts > SearchDraft submit > writes only the values the user set and that differ from the engine default 2ms
 ✓ tests/unit/draft.test.ts > SearchDraft submit > restores the defaults of some fields: their values are cleared, the others kept, and the argv validated again 1ms
 ✓ tests/unit/draft.test.ts > SearchDraft submit > gives every run of the draft its Job Title, outside the argv 5ms
 ✓ tests/unit/draft.test.ts > SearchDraft submit > validates the draft's argv with the engine and shows its message 1ms
 ✓ tests/unit/draft.test.ts > SearchDraft submit > queues runs in the coordinator, a group with shared subject bytes 3ms
 ✓ tests/unit/draft.test.ts > SearchDraft submit > reports a failure to queue instead of dropping it 4ms
 ✓ tests/unit/draft.test.ts > SearchDraft submit > maps a subject record that the engine refuses, and reports it in short above the button 31ms
 ✓ tests/unit/draft.test.ts > SearchDraft submit > does not let a check that could not run keep the search from the queue 2ms
 ✓ tests/unit/draft.test.ts > SearchDraft submit > checks a selection once: going back to an earlier selection or program uses its verdict 3ms
 ✓ tests/unit/draft.test.ts > SearchDraft submit > shows a pasted text as being read at once, before it is indexed 2ms
 ✓ tests/unit/draft.test.ts > SearchDraft submit > keeps a region with its record: another record leaves it aside 2ms
 ✓ tests/unit/session-data.test.ts > DataService for session files > describes a run input: its records in order, with their SHA-256, and its sources with the exclusions 9ms
 ✓ tests/unit/session-data.test.ts > DataService for session files > releases sources and the revisions made of them, and only those 4ms
 ✓ tests/unit/session-data.test.ts > DataService for session files > reads the streams of a committed run in ranges, and gives their lengths 25ms
 ✓ tests/unit/session-data.test.ts > DataService for session files > checks the HSP records of a committed run as the JSON of their lines, read in bounded ranges 6ms
 ✓ tests/unit/session-data.test.ts > DataService for session files > tells a writer how many bytes of a staged run are stored, once they reach a count 4ms
 ✓ tests/unit/session-data.test.ts > DataService for session files > rejects with the failure once a staged run cannot be stored, so that its writer stops (code review L4) 3ms
 ✓ tests/unit/result-export.test.ts > the verification badge of a run loaded from a session file (code review M2) > says that another engine build wrote the outputs, instead of this site's verification 11ms
 ✓ tests/unit/result-export.test.ts > the verification badge of a run loaded from a session file (code review M2) > keeps this site's badge for outputs that its engine build wrote, and says that the run was loaded 3ms
 ✓ tests/unit/result-export.test.ts > the scopes and their counts > counts the whole run, the HSPs after the view filters, and those of the marked subjects 3ms
 ✓ tests/unit/result-export.test.ts > the scopes and their counts > counts nothing without a loaded run 0ms
 ✓ tests/unit/result-export.test.ts > CSV > writes the whole run with the record IDs, the HSP labels and the outfmt 6 fields as written 5ms
 ✓ tests/unit/result-export.test.ts > CSV > writes the filtered and the marked scopes in the engine order 2ms
 ✓ tests/unit/result-export.test.ts > CSV > writes a large scope in more than one block 174ms
 ✓ tests/unit/run-files.test.ts > the round trip of runs made by the form > tblastx -query_gencode -culling_limit -seg -threshold 5ms
 ✓ tests/unit/run-files.test.ts > RunFiles > saves the form settings as a LOSAT Web settings file, written through the Writer 1ms
 ✓ tests/unit/run-files.test.ts > RunFiles > loads a settings file into the form, and says what was loaded and what was not applied 1ms
 ✓ tests/unit/run-files.test.ts > RunFiles > refuses a broken, oversized or BLASTX settings file and leaves the form as it was 1ms
 ✓ tests/unit/run-files.test.ts > RunFiles > saves a run's settings from its argv, and Edit Search puts them and its Job Title in the form, which keeps its inputs 5ms
 ✓ tests/unit/run-files.test.ts > RunFiles > Edit Search changes nothing and says why when the engine cannot describe the program 4ms
 ✓ tests/unit/run-files.test.ts > RunFiles > saves the exact bytes that the engine searched, under the argv name, in bounded blocks 6ms
 ✓ tests/unit/run-files.test.ts > RunFiles > writes a large input in slices of the Writer's block size 27ms
 ✓ tests/unit/run-files.test.ts > RunFiles > saves the input of a run loaded from a session file only from its attached original, and only if it still makes that input 3ms
 ✓ tests/unit/run-files.test.ts > RunFiles > says where the input of a run loaded from a session file came from, as the file recorded its sources (code review L2) 3ms
 ✓ tests/unit/coordinator.test.ts > Coordinator > fails a run with the reason when storage runs out, keeps earlier results and recovers 20ms
 ✓ tests/unit/coordinator.test.ts > Coordinator > publishes the temporary storage in use 6ms
 ✓ tests/unit/coordinator.test.ts > Coordinator > refuses BLASTX as ABI v2 does until session SX 0ms
 ✓ tests/unit/coordinator.test.ts > Coordinator > does not queue a request that the engine rejects 1ms
 ✓ tests/unit/coordinator.test.ts > Coordinator > exports a completed output byte for byte under a descriptive name 12ms
 ✓ tests/unit/coordinator.test.ts > Coordinator > exports the whole stored output byte for byte, read in bounded ranges and written in order 10ms
 ✓ tests/unit/coordinator.test.ts > Coordinator > saves nothing when a read of the stored output fails 13ms
 ✓ tests/unit/coordinator.test.ts > Coordinator > queues a group in order, numbered without gaps, and cancels the group together 4ms
 ✓ tests/unit/coordinator.test.ts > Coordinator > keeps the Job Title trimmed in each snapshot of a group, outside the argv, and none when it is empty 6ms
 ✓ tests/unit/coordinator.test.ts > Coordinator > queues nothing of a group when one request is invalid, and keeps the numbering 2ms
 ✓ tests/unit/coordinator.test.ts > Coordinator > runs dataset inputs as the revisions say, and shares the bytes of the same revisions 3ms
 ✓ tests/unit/result-export.test.ts > JSON > writes one valid document: the run, the scope, then each HSP with its record and aligned rows 2ms
 ✓ tests/unit/result-export.test.ts > JSON > leaves out the aligned rows when they are not chosen 1ms
 ✓ tests/unit/result-export.test.ts > JSON > reads the HSP records in batches, never one by one 46ms
 ✓ tests/unit/result-export.test.ts > JSON > saves nothing when a read fails, and says why 21ms
 ✓ tests/unit/result-export.test.ts > the report > writes the run, the scope, each query with its HSP table and outfmt 0 text, and the warnings, all escaped 3ms
 ✓ tests/unit/result-export.test.ts > the report > reads outfmt 0 in windows that serve many sections, never past its end 45ms
 ✓ tests/unit/session-save-load.test.ts > Session: saving and opening > saves two runs with candidates and notes, and opens them in a fresh app without searching 199ms
 ✓ tests/unit/session-save-load.test.ts > Session: saving and opening > writes no storage path, token, run, revision or source ID of the session that saved it 75ms
 ✓ tests/unit/data-service.test.ts > DataService sources and record tables > keeps a File reference and builds its record table with per-record SHA-256 9ms
 ✓ tests/unit/data-service.test.ts > DataService sources and record tables > keeps records with the same ID apart and keeps the original headers and case (REQ-05) 3ms
 ✓ tests/unit/session-data.test.ts > browserCompression > gzips blocks as they are written and hands the compressed blocks on in order 266ms
 ✓ tests/unit/extraction-engine.test.ts > extraction reads the residues that the engine searched (real searches) > BLASTN: plus and minus strands, flanks cut at both ends, lower case, U and comment lines, an untitled subject, a record over 65536 residues (checkpoints) and a uniform one with CR LF 139ms
 ✓ tests/unit/data-extraction.test.ts > DataService.readResidues > reads the record at a position of the run input, in buildRunInput order, with exclusions and duplicate IDs 13ms
 ✓ tests/unit/data-extraction.test.ts > DataService.readResidues > reads a first record without a defline (offsets 0 and 0): from the formula, and after comment lines from its checkpoints 5ms
 ✓ tests/unit/data-extraction.test.ts > DataService.readResidues > reads a large record in bounded slices of its File, from its checkpoints 55ms
 ✓ tests/unit/result-export.test.ts > the report > leaves out the outfmt 0 text of the alignments when they are not chosen, and says so 6ms
 ✓ tests/unit/result-export.test.ts > the report > hands a query with many HSPs to the Writer in parts, not as one text 127ms
 ✓ tests/unit/session-save-load.test.ts > Session: saving and opening > opens a file again after its own runs, numbering them after them, and saves a loaded run with the same identity 195ms
 ✓ tests/unit/session-data.test.ts > browserCompression > compresses one large write in pieces, the same bytes as many small writes (fix round 2) 171ms
 ✓ tests/unit/engine-runtime.test.ts > chooseThreads > keeps an explicit request 2ms
 ✓ tests/unit/engine-runtime.test.ts > chooseThreads > runs Auto serially below the size threshold 0ms
 ✓ tests/unit/engine-runtime.test.ts > chooseThreads > runs Auto with up to half the logical processors from the threshold on, within the maximum 0ms
 ✓ tests/unit/engine-runtime.test.ts > renewalReason > renews at the high-water mark of the linear memory 1ms
 ✓ tests/unit/engine-runtime.test.ts > renewalReason > renews after a maximum number of searches when one is set, and by default never for the count 0ms
 ✓ tests/unit/engine-runtime.test.ts > inspectReactor > finds a serial reactor and its own memory 3ms
 ✓ tests/unit/engine-runtime.test.ts > inspectReactor > finds a threaded reactor and the maximum of the shared memory it imports 1ms
 ✓ tests/unit/engine-runtime.test.ts > inspectReactor > rejects a module without every ABI v2 export 1ms
 ✓ tests/unit/engine-runtime.test.ts > inspectReactor > rejects a threaded module without a shared memory with a maximum, or without wasi_thread_start 1ms
 ✓ tests/unit/engine-runtime.test.ts > inspectReactor > rejects bytes that are not a WebAssembly module 1ms
 ✓ tests/unit/engine-runtime.test.ts > stopMessage > reports the last line that the engine wrote, and the trap 1ms
 ✓ tests/unit/engine-runtime.test.ts > stopMessage > says when the engine ran out of memory 0ms
 ✓ tests/unit/engine-runtime.test.ts > ReactorAbi > joins a response that the engine sends in several chunks (1 MiB each in the adapter) 1ms
 ✓ tests/unit/engine-runtime.test.ts > ReactorAbi > releases a registered handle whose response cannot be read 0ms
 ✓ tests/unit/engine-runtime.test.ts > the built reactors > are the two reactor kinds, with the shared memory of the certified threaded build (plan TD-7) 9ms
 ✓ tests/unit/engine-runtime.test.ts > responses of more than 1 MiB from the serial reactor > scans and registers thousands of records 255ms
 ✓ tests/unit/data-extraction.test.ts > DataService.readResidues > reads only bytes near a short interval of a large record, with the default chunk size 388ms
 ✓ tests/unit/data-extraction.test.ts > DataService.readResidues > refuses intervals outside the record and positions outside the run input 3ms
 ✓ tests/unit/data-extraction.test.ts > DataService.readResidues > refuses a source that no longer matches its record table 2ms
 ✓ tests/unit/data-extraction.test.ts > DataService.readResidues > refuses records indexed with another reader kind than 1 or 2 1ms
 ✓ tests/unit/data-extraction.test.ts > DataService.checkRecord > checks a whole record in parts read in bounded slices, as a whole-record read checks it 36ms
stdout | tests/unit/extraction-engine.test.ts > extraction reads the residues that the engine searched (real searches) > BLASTP, TBLASTN with a minus frame, and TBLASTX
extraction against real searches: 8 runs, 45 HSPs, 240 pieces read, 19 cut at position 1 and 31 at the end, 8287 aligned letters compared

 ✓ tests/unit/extraction-engine.test.ts > extraction reads the residues that the engine searched (real searches) > BLASTN with -subject_loc and with -query_loc: coordinates stay those of the whole record 11ms
 ✓ tests/unit/extraction-engine.test.ts > extraction reads the residues that the engine searched (real searches) > two subject records with the same ID: the hit on the second, then the first left out (positions shift) 11ms
 ✓ tests/unit/extraction-engine.test.ts > extraction reads the residues that the engine searched (real searches) > BLASTP, TBLASTN with a minus frame, and TBLASTX 132ms
 ✓ tests/unit/result-export.test.ts > the report > saves nothing when outfmt 0 cannot be read 1ms
 ✓ tests/unit/result-export.test.ts > pauses while a file is written (fix round 2) > pauses after about 20 ms of work, in each format, and writes the same file as without pauses 156ms
stdout | tests/unit/extraction-engine.test.ts > extraction reads the residues that the engine searched (real searches) > through the application layer: candidates from the results browser, extracted with each region and join and exported, read back
the candidate tray against real searches: 7 candidates of 2 runs, 49 sequences written and read back (15 cut at a record end), 7 alignments

 ✓ tests/unit/result-export.test.ts > an export in progress > keeps the scope it started with, and runs alone 3ms
 ✓ tests/unit/result-export.test.ts > an export in progress > refuses an empty scope with a message 1ms
 ✓ tests/unit/result-export.test.ts > file names and batches > names files after the run and the program, never an input 0ms
 ✓ tests/unit/result-export.test.ts > file names and batches > ends a batch of records early when the HSPs span many residues 0ms
 ✓ tests/unit/extraction-engine.test.ts > extraction reads the residues that the engine searched (real searches) > a subject file that starts with residues: its first record has no defline (offsets 0 and 0) and is read like the others 12ms
 ✓ tests/unit/extraction-engine.test.ts > extraction reads the residues that the engine searched (real searches) > through the application layer: candidates from the results browser, extracted with each region and join and exported, read back 52ms
 ✓ tests/unit/contracts.test.ts > BlockStore contract: memory > write and seal: a block reads back exactly the bytes appended to it 4ms
 ✓ tests/unit/contracts.test.ts > BlockStore contract: memory > read: any range of a sealed block, and nothing beyond its end 1ms
 ✓ tests/unit/contracts.test.ts > BlockStore contract: memory > write: the store keeps a copy, so the caller may reuse its buffer 0ms
 ✓ tests/unit/contracts.test.ts > BlockStore contract: memory > staging: a block cannot be read before it is sealed 0ms
 ✓ tests/unit/contracts.test.ts > BlockStore contract: memory > seal: a sealed block takes no more bytes and cannot be sealed again 0ms
 ✓ tests/unit/contracts.test.ts > BlockStore contract: memory > discard: a staged or sealed block disappears and its bytes are freed 1ms
 ✓ tests/unit/contracts.test.ts > BlockStore contract: memory > create: a path that exists cannot be created again 0ms
 ✓ tests/unit/contracts.test.ts > BlockStore contract: memory > removeAll: removes one directory, sealed or not, and leaves the rest 1ms
 ✓ tests/unit/contracts.test.ts > BlockStore contract: memory > paths: empty and relative names are rejected 0ms
 ✓ tests/unit/contracts.test.ts > BlockStore contract: memory > an empty block can be sealed and read 0ms
 ✓ tests/unit/contracts.test.ts > BlockStore contract: memory > a large block: 48 MiB in 1 MiB appends reads back unchanged 496ms
 ✓ tests/unit/layers.test.ts > layer boundaries > src/domain/probe.ts may not import ../application/coordinator 10ms
 ✓ tests/unit/layers.test.ts > layer boundaries > src/domain/probe.ts may not import ../ports/engine 4ms
 ✓ tests/unit/layers.test.ts > layer boundaries > src/domain/probe.ts may not import ../infra/fake/fake-engine 6ms
 ✓ tests/unit/layers.test.ts > layer boundaries > src/domain/probe.ts may not import vue 7ms
 ✓ tests/unit/layers.test.ts > layer boundaries > src/ports/probe.ts may not import ../application/coordinator 7ms
 ✓ tests/unit/layers.test.ts > layer boundaries > src/ports/probe.ts may not import ../infra/fake/fake-engine 3ms
 ✓ tests/unit/layers.test.ts > layer boundaries > src/application/probe.ts may not import ../infra/fake/fake-engine 9ms
 ✓ tests/unit/layers.test.ts > layer boundaries > src/application/probe.ts may not import ../ui/useStore 5ms
 ✓ tests/unit/layers.test.ts > layer boundaries > src/application/probe.ts may not import vue 6ms
 ✓ tests/unit/layers.test.ts > layer boundaries > src/infra/probe.ts may not import ../application/coordinator 9ms
 ✓ tests/unit/layers.test.ts > layer boundaries > src/infra/probe.ts may not import vue 4ms
 ✓ tests/unit/layers.test.ts > layer boundaries > src/ui/probe.ts may not import ../infra/fake/fake-engine 17ms
 ✓ tests/unit/layers.test.ts > layer boundaries > src/ports/probe.ts may import ../domain/programs 3ms
 ✓ tests/unit/layers.test.ts > layer boundaries > src/application/probe.ts may import ../ports/engine 3ms
 ✓ tests/unit/layers.test.ts > layer boundaries > src/infra/probe.ts may import ../ports/engine 3ms
 ✓ tests/unit/layers.test.ts > layer boundaries > src/ui/probe.ts may import ../application/coordinator 3ms
 ✓ tests/unit/layers.test.ts > layer boundaries > src/ui/probe.ts may import ../domain/argv 3ms
 ✓ tests/unit/layers.test.ts > layer boundaries > src/composition.ts may import ./infra/fake/fake-engine 6ms
 ✓ tests/unit/session-save-load.test.ts > Session: saving and opening > leaves the candidates out when asked, and saves only completed runs 123ms
 ✓ tests/unit/data-extraction.test.ts > DataService.checkRecord > refuses a source whose record no longer has the residues or the counts of its record table 3ms
 ✓ tests/unit/data-extraction.test.ts > DataService.readHspRecords > returns the records of the indices asked, in that order, with their aligned rows, reading in bounded ranges 47ms
 ✓ tests/unit/candidates.test.ts > the outputs written as they are read > exports the alignments in batches of HSP records, in tray order, with the same bytes 7ms
 ✓ tests/unit/candidates.test.ts > the tray at the size of a large run > takes every HSP of a subject of 3000 copies, and of 200 marked subjects, from the results browser 42ms
 ✓ tests/unit/candidates.test.ts > the tray at the size of a large run > adds 40 000 candidates, and sorts, moves, notes, selects and removes them in time linear in their number 602ms
 ✓ tests/unit/session-save-load.test.ts > Session: the original FASTA (REQ-23) > refuses extraction until the original is chosen again and matches; the alignment export needs none 89ms
 ✓ tests/unit/session-data.test.ts > browserCompression > fails the writes when the compressed blocks cannot be handed on, and aborts without output 235ms
 ✓ tests/unit/session-data.test.ts > browserCompression > reads gzip data in chunks, and throws on damaged data 20ms
 ✓ tests/unit/engine-runtime.test.ts > RecordScanner contract: the serial reactor in Node > scan kind 1: several records with regular lines (LF) 2ms
 ✓ tests/unit/engine-runtime.test.ts > RecordScanner contract: the serial reactor in Node > scan kind 2: several records with regular lines (LF) 0ms
 ✓ tests/unit/engine-runtime.test.ts > RecordScanner contract: the serial reactor in Node > scan kind 1: CR LF line ends 0ms
 ✓ tests/unit/engine-runtime.test.ts > RecordScanner contract: the serial reactor in Node > scan kind 2: CR LF line ends 0ms
 ✓ tests/unit/engine-runtime.test.ts > RecordScanner contract: the serial reactor in Node > scan kind 1: CR line ends 0ms
 ✓ tests/unit/engine-runtime.test.ts > RecordScanner contract: the serial reactor in Node > scan kind 2: CR line ends 0ms
 ✓ tests/unit/engine-runtime.test.ts > RecordScanner contract: the serial reactor in Node > scan kind 1: LF and CR LF line ends in one file 0ms
 ✓ tests/unit/engine-runtime.test.ts > RecordScanner contract: the serial reactor in Node > scan kind 2: LF and CR LF line ends in one file 0ms
 ✓ tests/unit/engine-runtime.test.ts > RecordScanner contract: the serial reactor in Node > scan kind 1: lower case residues are counted upper-cased 0ms
 ✓ tests/unit/engine-runtime.test.ts > RecordScanner contract: the serial reactor in Node > scan kind 2: lower case residues are counted upper-cased 0ms
 ✓ tests/unit/engine-runtime.test.ts > RecordScanner contract: the serial reactor in Node > scan kind 1: comment lines (!, # and ;) before and inside records 0ms
 ✓ tests/unit/engine-runtime.test.ts > RecordScanner contract: the serial reactor in Node > scan kind 2: comment lines (!, # and ;) before and inside records 1ms
 ✓ tests/unit/engine-runtime.test.ts > RecordScanner contract: the serial reactor in Node > scan kind 1: ; ends the data of a line 1ms
 ✓ tests/unit/engine-runtime.test.ts > RecordScanner contract: the serial reactor in Node > scan kind 2: ; ends the data of a line 1ms
 ✓ tests/unit/engine-runtime.test.ts > RecordScanner contract: the serial reactor in Node > scan kind 1: blank lines and white space 1ms
 ✓ tests/unit/engine-runtime.test.ts > RecordScanner contract: the serial reactor in Node > scan kind 2: blank lines and white space 1ms
 ✓ tests/unit/engine-runtime.test.ts > RecordScanner contract: the serial reactor in Node > scan kind 1: a first record without a defline 1ms
 ✓ tests/unit/engine-runtime.test.ts > RecordScanner contract: the serial reactor in Node > scan kind 2: a first record without a defline 1ms
 ✓ tests/unit/engine-runtime.test.ts > RecordScanner contract: the serial reactor in Node > scan kind 1: a first record without a defline after a comment line 0ms
 ✓ tests/unit/engine-runtime.test.ts > RecordScanner contract: the serial reactor in Node > scan kind 2: a first record without a defline after a comment line 0ms
 ✓ tests/unit/engine-runtime.test.ts > RecordScanner contract: the serial reactor in Node > scan kind 1: records without residues, the last a defline without a newline 0ms
 ✓ tests/unit/engine-runtime.test.ts > RecordScanner contract: the serial reactor in Node > scan kind 2: records without residues, the last a defline without a newline 0ms
 ✓ tests/unit/engine-runtime.test.ts > RecordScanner contract: the serial reactor in Node > scan kind 1: U is stored as T in kind 1 0ms
 ✓ tests/unit/engine-runtime.test.ts > RecordScanner contract: the serial reactor in Node > scan kind 2: U is stored as T in kind 1 0ms
 ✓ tests/unit/engine-runtime.test.ts > RecordScanner contract: the serial reactor in Node > scan kind 1: * and the protein letters are stored in kind 2 only 0ms
 ✓ tests/unit/engine-runtime.test.ts > RecordScanner contract: the serial reactor in Node > scan kind 2: * and the protein letters are stored in kind 2 only 0ms
 ✓ tests/unit/engine-runtime.test.ts > RecordScanner contract: the serial reactor in Node > scan kind 1: bytes that the kind does not store are skipped 0ms
 ✓ tests/unit/engine-runtime.test.ts > RecordScanner contract: the serial reactor in Node > scan kind 2: bytes that the kind does not store are skipped 0ms
 ✓ tests/unit/engine-runtime.test.ts > RecordScanner contract: the serial reactor in Node > scan kind 1: the ID is the title up to its first space, after the white space that follows > 1ms
 ✓ tests/unit/engine-runtime.test.ts > RecordScanner contract: the serial reactor in Node > scan kind 2: the ID is the title up to its first space, after the white space that follows > 0ms
 ✓ tests/unit/engine-runtime.test.ts > RecordScanner contract: the serial reactor in Node > scan kind 1: a non-ASCII title 0ms
 ✓ tests/unit/engine-runtime.test.ts > RecordScanner contract: the serial reactor in Node > scan kind 2: a non-ASCII title 0ms
 ✓ tests/unit/engine-runtime.test.ts > RecordScanner contract: the serial reactor in Node > scan kind 1: an empty input has no records 0ms
 ✓ tests/unit/engine-runtime.test.ts > RecordScanner contract: the serial reactor in Node > scan kind 2: an empty input has no records 0ms
 ✓ tests/unit/engine-runtime.test.ts > RecordScanner contract: the serial reactor in Node > scan kind 1: white space, blank and comment lines only have no records 0ms
 ✓ tests/unit/engine-runtime.test.ts > RecordScanner contract: the serial reactor in Node > scan kind 2: white space, blank and comment lines only have no records 0ms
 ✓ tests/unit/engine-runtime.test.ts > RecordScanner contract: the serial reactor in Node > scan kind 1: a long record (4 checkpoints) with lines of 60 and 61 residues 257ms
 ✓ tests/unit/contracts.test.ts > BlockStore contract: memory > storage full: an append fails with StorageFullError, the block can only be discarded, and sealed blocks stay readable 9ms
 ✓ tests/unit/contracts.test.ts > RecordScanner contract: FakeScanner > scan kind 1: several records with regular lines (LF) 6ms
 ✓ tests/unit/contracts.test.ts > RecordScanner contract: FakeScanner > scan kind 2: several records with regular lines (LF) 0ms
 ✓ tests/unit/contracts.test.ts > RecordScanner contract: FakeScanner > scan kind 1: CR LF line ends 0ms
 ✓ tests/unit/contracts.test.ts > RecordScanner contract: FakeScanner > scan kind 2: CR LF line ends 0ms
 ✓ tests/unit/contracts.test.ts > RecordScanner contract: FakeScanner > scan kind 1: CR line ends 0ms
 ✓ tests/unit/contracts.test.ts > RecordScanner contract: FakeScanner > scan kind 2: CR line ends 0ms
 ✓ tests/unit/contracts.test.ts > RecordScanner contract: FakeScanner > scan kind 1: LF and CR LF line ends in one file 0ms
 ✓ tests/unit/contracts.test.ts > RecordScanner contract: FakeScanner > scan kind 2: LF and CR LF line ends in one file 0ms
 ✓ tests/unit/contracts.test.ts > RecordScanner contract: FakeScanner > scan kind 1: lower case residues are counted upper-cased 0ms
 ✓ tests/unit/contracts.test.ts > RecordScanner contract: FakeScanner > scan kind 2: lower case residues are counted upper-cased 0ms
 ✓ tests/unit/contracts.test.ts > RecordScanner contract: FakeScanner > scan kind 1: comment lines (!, # and ;) before and inside records 0ms
 ✓ tests/unit/contracts.test.ts > RecordScanner contract: FakeScanner > scan kind 2: comment lines (!, # and ;) before and inside records 0ms
 ✓ tests/unit/contracts.test.ts > RecordScanner contract: FakeScanner > scan kind 1: ; ends the data of a line 0ms
 ✓ tests/unit/contracts.test.ts > RecordScanner contract: FakeScanner > scan kind 2: ; ends the data of a line 0ms
 ✓ tests/unit/contracts.test.ts > RecordScanner contract: FakeScanner > scan kind 1: blank lines and white space 0ms
 ✓ tests/unit/contracts.test.ts > RecordScanner contract: FakeScanner > scan kind 2: blank lines and white space 0ms
 ✓ tests/unit/contracts.test.ts > RecordScanner contract: FakeScanner > scan kind 1: a first record without a defline 0ms
 ✓ tests/unit/contracts.test.ts > RecordScanner contract: FakeScanner > scan kind 2: a first record without a defline 0ms
 ✓ tests/unit/contracts.test.ts > RecordScanner contract: FakeScanner > scan kind 1: a first record without a defline after a comment line 0ms
 ✓ tests/unit/contracts.test.ts > RecordScanner contract: FakeScanner > scan kind 2: a first record without a defline after a comment line 0ms
 ✓ tests/unit/contracts.test.ts > RecordScanner contract: FakeScanner > scan kind 1: records without residues, the last a defline without a newline 0ms
 ✓ tests/unit/contracts.test.ts > RecordScanner contract: FakeScanner > scan kind 2: records without residues, the last a defline without a newline 0ms
 ✓ tests/unit/contracts.test.ts > RecordScanner contract: FakeScanner > scan kind 1: U is stored as T in kind 1 0ms
 ✓ tests/unit/contracts.test.ts > RecordScanner contract: FakeScanner > scan kind 2: U is stored as T in kind 1 0ms
 ✓ tests/unit/contracts.test.ts > RecordScanner contract: FakeScanner > scan kind 1: * and the protein letters are stored in kind 2 only 0ms
 ✓ tests/unit/contracts.test.ts > RecordScanner contract: FakeScanner > scan kind 2: * and the protein letters are stored in kind 2 only 0ms
 ✓ tests/unit/contracts.test.ts > RecordScanner contract: FakeScanner > scan kind 1: bytes that the kind does not store are skipped 0ms
 ✓ tests/unit/contracts.test.ts > RecordScanner contract: FakeScanner > scan kind 2: bytes that the kind does not store are skipped 0ms
 ✓ tests/unit/contracts.test.ts > RecordScanner contract: FakeScanner > scan kind 1: the ID is the title up to its first space, after the white space that follows > 0ms
 ✓ tests/unit/contracts.test.ts > RecordScanner contract: FakeScanner > scan kind 2: the ID is the title up to its first space, after the white space that follows > 0ms
 ✓ tests/unit/contracts.test.ts > RecordScanner contract: FakeScanner > scan kind 1: a non-ASCII title 0ms
 ✓ tests/unit/contracts.test.ts > RecordScanner contract: FakeScanner > scan kind 2: a non-ASCII title 0ms
 ✓ tests/unit/contracts.test.ts > RecordScanner contract: FakeScanner > scan kind 1: an empty input has no records 0ms
 ✓ tests/unit/contracts.test.ts > RecordScanner contract: FakeScanner > scan kind 2: an empty input has no records 0ms
 ✓ tests/unit/contracts.test.ts > RecordScanner contract: FakeScanner > scan kind 1: white space, blank and comment lines only have no records 0ms
 ✓ tests/unit/contracts.test.ts > RecordScanner contract: FakeScanner > scan kind 2: white space, blank and comment lines only have no records 0ms
 ✓ tests/unit/contracts.test.ts > RecordScanner contract: FakeScanner > scan kind 1: a long record (4 checkpoints) with lines of 60 and 61 residues 220ms
 ✓ tests/unit/session-save-load.test.ts > Session: the original FASTA (REQ-23) > attaches only to a run loaded from a session file, and only by an explicit choice 62ms
 ✓ tests/unit/session-save-load.test.ts > Session: refused files leave nothing behind > refuses a file that is not gzip, damaged gzip data, and a cut file 76ms
 ✓ tests/unit/data-extraction.test.ts > DataService.readHspRecords > reads the lines of a batch that lie close together with one read of the store, not one per record 281ms
 ✓ tests/unit/data-extraction.test.ts > DataService.readHspRecords > finds the records by their index where the lines are not in index order 3ms
 ✓ tests/unit/session-file.test.ts > session file container > reads back the manifest, the run blocks and the candidates, in pieces of any size 32ms
 ✓ tests/unit/session-file.test.ts > session file container > reads a session without candidates, and empty blocks 4ms
 ✓ tests/unit/session-file.test.ts > session file container > freezes the manifest it returns and keeps only its known fields 1ms
 ✓ tests/unit/session-file.test.ts > session file container > names its files by the time of saving, never by an input 1ms
 ✓ tests/unit/session-file.test.ts > session file refusals > refuses a file that is not a session file, or of a newer container 2ms
 ✓ tests/unit/session-file.test.ts > session file refusals > refuses another format or schema, a newer schema as saved by a newer LOSAT Web 1ms
 ✓ tests/unit/session-file.test.ts > session file refusals > refuses a manifest that is not JSON or not UTF-8 1ms
 ✓ tests/unit/session-file.test.ts > session file refusals > names a missing field, an unknown field and a value of the wrong type 5ms
 ✓ tests/unit/session-file.test.ts > session file refusals > checks that the sources and their exclusions make the record table 1ms
 ✓ tests/unit/session-file.test.ts > session file refusals > refuses values over the limits 2ms
 ✓ tests/unit/session-file.test.ts > session file refusals > refuses blocks that are missing, extra, out of order, or of another length 5ms
 ✓ tests/unit/session-file.test.ts > session file refusals > refuses a block longer than its header states, and bytes after the end line 1ms
 ✓ tests/unit/session-file.test.ts > session file refusals > refuses a container cut at any byte: at every block boundary and inside every block 1068ms
 ✓ tests/unit/session-save-load.test.ts > Session: refused files leave nothing behind > joins the browser's own gzip error cleanly: its full stop does not double the sentence's (screen review I1) 53ms
 ✓ tests/unit/session-save-load.test.ts > Session: refused files leave nothing behind > stops reading as soon as a run cannot be stored, and refuses the file with the reason (code review L4) 57ms
 ✓ tests/unit/engine-runtime.test.ts > RecordScanner contract: the serial reactor in Node > scan kind 2: a long record (4 checkpoints) with lines of 60 and 61 residues 167ms
 ✓ tests/unit/contracts.test.ts > RecordScanner contract: FakeScanner > scan kind 2: a long record (4 checkpoints) with lines of 60 and 61 residues 159ms
 ✓ tests/unit/session-file.test.ts > session file refusals > takes nothing more after a refusal 1ms
 ✓ tests/unit/session-file.test.ts > session file refusals > refuses candidates that name a run, an HSP or a query record that the file does not have, or one HSP twice 1ms
 ✓ tests/unit/session-file.test.ts > what a loaded run must agree with > accepts HSP records within the run, in any order of their indices, with frames and fields that the ABI may add 1ms
 ✓ tests/unit/session-file.test.ts > what a loaded run must agree with > names the HSP record that the run cannot have 0ms
 ✓ tests/unit/session-file.test.ts > what a loaded run must agree with > refuses ranks that are not 0 to n - 1 within each query, which the typed table would wrap or leave unfound (code review 2 L1) 0ms
 ✓ tests/unit/session-file.test.ts > what a loaded run must agree with > refuses fields of the wrong type that a typed array or a coercion would have hidden (code review M1) 1ms
 ✓ tests/unit/session-file.test.ts > what a loaded run must agree with > names the first record of chosen files that differs from the saved input, or the count 0ms
 ✓ tests/unit/session-file.test.ts > what a loaded run must agree with > matches chosen files to the recorded sources by their records, whatever order they were chosen in (code review L3) 1ms
 ✓ tests/unit/session-file.test.ts > the paced checks of a large manifest (fix round 2) > gives the manifest that checkManifest gives, frozen and written the same, pausing between its steps 125ms
 ✓ tests/unit/session-save-load.test.ts > Session: refused files leave nothing behind > refuses HSP records and candidates that the runs cannot have 76ms
 ✓ tests/unit/session-save-load.test.ts > Session: refused files leave nothing behind > refuses HSP records whose JSON a typed array would have coerced, and leaves the working session as it was (code review M1) 74ms
 ✓ tests/unit/session-file.test.ts > the paced checks of a large manifest (fix round 2) > refuses what checkManifest refuses, with the same message 26ms
 ✓ tests/unit/session-file.test.ts > the paced checks of a large manifest (fix round 2) > reads a container with pushPaced as push reads it, pausing while it checks the manifest 67ms
 ✓ tests/unit/engine-runtime.test.ts > RecordScanner contract: the serial reactor in Node > scan kind 1: a long record with regular 80-residue lines 165ms
 ✓ tests/unit/session-save-load.test.ts > Session: refused files leave nothing behind > refuses a newer schema, a missing block and a manifest over the limits, and shows hostile text only as data 72ms
 ✓ tests/unit/contracts.test.ts > RecordScanner contract: FakeScanner > scan kind 1: a long record with regular 80-residue lines 185ms
 ✓ tests/unit/engine-runtime.test.ts > RecordScanner contract: the serial reactor in Node > scan kind 2: a long record with regular 80-residue lines 169ms
 ✓ tests/unit/contracts.test.ts > RecordScanner contract: FakeScanner > scan kind 2: a long record with regular 80-residue lines 122ms
 ✓ tests/unit/engine-runtime.test.ts > RecordScanner contract: the serial reactor in Node > scan: a multi-byte character split across chunks 0ms
 ✓ tests/unit/engine-runtime.test.ts > RecordScanner contract: the serial reactor in Node > scan: an unknown parser kind is refused 0ms
 ✓ tests/unit/engine-runtime.test.ts > the serial reactor scans with the NCBI reader kinds > scans a small input with parser kind 1 2ms
 ✓ tests/unit/engine-runtime.test.ts > the serial reactor scans with the NCBI reader kinds > scans a small input with parser kind 2 0ms
 ✓ tests/unit/engine-runtime.test.ts > the serial reactor scans with the NCBI reader kinds > fails with NCBI's reader error, which names the line (parser kind 1) 0ms
 ✓ tests/unit/engine-runtime.test.ts > the serial reactor scans with the NCBI reader kinds > fails with NCBI's reader error, which names the line (parser kind 2) 0ms
 ✓ tests/unit/engine-runtime.test.ts > the serial reactor scans with the NCBI reader kinds > rejects what LOSAT Web cannot index, naming the line or the record 1ms
 ✓ tests/unit/engine-runtime.test.ts > the serial reactor answers the search form > FakeEngine's describe.json is the reactor's describe of every program 23ms
 ✓ tests/unit/engine-runtime.test.ts > the serial reactor answers the search form > every field of the search form is an option that the engine describes 19ms
 ✓ tests/unit/engine-runtime.test.ts > the serial reactor answers the search form > checks an input with the engine's register: the verdict and the message 2ms
 ✓ tests/unit/engine-runtime.test.ts > the serial reactor answers the search form > finds the record of the line that the engine's refusal names 9ms
 ✓ tests/unit/contracts.test.ts > RecordScanner contract: FakeScanner > scan: a multi-byte character split across chunks 0ms
 ✓ tests/unit/contracts.test.ts > RecordScanner contract: FakeScanner > scan: an unknown parser kind is refused 0ms
 ✓ tests/unit/contracts.test.ts > Run output contract: DataService with the memory store, in one thread > every stream arrives in order and the run commits 25ms
 ✓ tests/unit/contracts.test.ts > Run output contract: DataService with the memory store, in one thread > many small chunks and one large chunk arrive unchanged 52ms
 ✓ tests/unit/contracts.test.ts > Run output contract: DataService with the memory store, in one thread > a run without output commits with empty outputs 0ms
 ✓ tests/unit/contracts.test.ts > Run output contract: DataService with the memory store, in one thread > staging: a run cannot be read before it is committed, and the commit waits for end 300ms
 ✓ tests/unit/contracts.test.ts > Run output contract: DataService with the memory store, in one thread > an end whose totals disagree fails the commit and discards the run 0ms
 ✓ tests/unit/contracts.test.ts > Run output contract: DataService with the memory store, in one thread > a message outside the protocol fails the commit 0ms
 ✓ tests/unit/contracts.test.ts > Run output contract: DataService with the memory store, in one thread > discard drops a staged run and ignores its late chunks 301ms
 ✓ tests/unit/contracts.test.ts > Run output contract: DataService with the memory store, in one thread > a committed run is kept by discard and removed by delete 0ms
 ✓ tests/unit/contracts.test.ts > Run output contract: DataService with the memory store, in one thread > two staged runs keep their outputs apart 0ms
 ✓ tests/unit/contracts.test.ts > Run output contract: DataService with the memory store, in one thread > the writer refuses to write after end 0ms
 ✓ tests/unit/contracts.test.ts > Run output contract: DataService with the memory store, in one thread > storage full: the run fails with the reason, and committed runs stay readable 6ms
 ✓ tests/unit/contracts.test.ts > Engine input contract: FakeEngine > register: the run proceeds when the record tables agree 16ms
 ✓ tests/unit/contracts.test.ts > Engine input contract: FakeEngine > register: a query record with another ID stops the run before any output 302ms
 ✓ tests/unit/contracts.test.ts > Engine input contract: FakeEngine > register: a subject record with another length stops the run before any output 302ms
 ✓ tests/unit/contracts.test.ts > Engine input contract: FakeEngine > register: a missing record stops the run before any output 302ms
 ✓ tests/unit/data-service.test.ts > DataService sources and record tables > builds the run input and checks an input of more records than a call can take as arguments 6399ms
 ✓ tests/unit/data-service.test.ts > DataService sources and record tables > rejects a source with the index scan's error 1ms
 ✓ tests/unit/data-service.test.ts > DataService sources and record tables > rejects a record table whose offsets are not ordered inside the source 0ms
 ✓ tests/unit/data-service.test.ts > DataService sources and record tables > makes a new revision for a new selection and refuses unknown records 5ms
 ✓ tests/unit/data-service.test.ts > DataService sources and record tables > gives the source unchanged when every record is included 1ms
 ✓ tests/unit/data-service.test.ts > DataService sources and record tables > gives the included original records in order when records are left out 1ms
 ✓ tests/unit/data-service.test.ts > DataService sources and record tables > adds one newline after a source without a final newline when another follows 1ms
 ✓ tests/unit/data-service.test.ts > DataService sources and record tables > keeps a first record without a defline: its bytes start the source, and it can be left out 1ms
 ✓ tests/unit/data-service.test.ts > DataService sources and record tables > keeps a first record without a defline at the start of a combined input only 1ms
 ✓ tests/unit/data-service.test.ts > DataService sources and record tables > accepts a source without records: white space, blank and comment lines 0ms
 ✓ tests/unit/data-service.test.ts > DataService sources and record tables > accepts a record without a defline as the first record of a table only 1ms
 ✓ tests/unit/data-service.test.ts > DataService checkInput: the record that a refusal names by its line > finds the record of a line with LF and with CR LF line ends; blank lines count 1ms
 ✓ tests/unit/data-service.test.ts > DataService checkInput: the record that a refusal names by its line > counts the lines as NCBI's line reader does where it joins two lines of the file 1ms
 ✓ tests/unit/data-service.test.ts > DataService checkInput: the record that a refusal names by its line > finds a first record without a defline, and no record for a line before the first record 1ms
 ✓ tests/unit/data-service.test.ts > DataService checkInput: the record that a refusal names by its line > finds the record in a run input of several revisions, with an added newline and exclusions 1ms
 ✓ tests/unit/data-service.test.ts > DataService checkInput: the record that a refusal names by its line > numbers the lines as NCBI's line reader: every line counts, CR LF and a lone CR end one 0ms
 ✓ tests/unit/data-service.test.ts > DataService checkInput: the record that a refusal names by its line > gives no position for a message that names no line 0ms
 ✓ tests/unit/data-service.test.ts > DataService runs and storage status > reports the storage it uses, the session bytes and the cleanup state 10ms
 ✓ tests/unit/data-service.test.ts > DataService runs and storage status > refuses a second run with the same id and a commit of an unknown run 0ms
 ✓ tests/unit/data-service.test.ts > DataService runs and storage status > reports the storage failure even if removing the failed run fails too 1ms
 ✓ tests/unit/data-service.test.ts > DataService runs and storage status > counts the HSP records as readHits reads them: blank lines and empty chunks are not records 0ms
 ✓ tests/unit/data-service.test.ts > DataService runs and storage status > commits a run once when the commit is asked for twice 0ms
 ✓ tests/unit/data-service.test.ts > DataService runs and storage status > frees the bytes of a run that runs out of storage at once 0ms
 ✓ tests/unit/data-service.test.ts > DataService runs and storage status > reports the memory budget of results kept in memory with its own message 0ms
stdout | tests/unit/hsp-correspondence.test.ts > HSP records and the rows and sections of outfmt 6 and 0 (every outfmt 0 fixture) > agree for every search
HSP correspondence: 165 searches (blastn, blastp, tblastn, tblastx), 30467 HSPs, 30027 outfmt 0 sections, 440 HSPs that outfmt 0 does not show; fixtures equal to NCBI: 196 byte for byte, 2 as the database search (-db_gencode exception), 3 field lists not compared

 ✓ tests/unit/hsp-correspondence.test.ts > HSP records and the rows and sections of outfmt 6 and 0 (every outfmt 0 fixture) > agree for every search 21536ms

 Test Files  38 passed (38)
      Tests  716 passed | 1 skipped (717)
   Start at  02:15:43
   Duration  22.61s (tests 72%, transform 23%, import 4%)

