LOSAT/src/algorithm/blastn/args.rs:109 src/algo/blast/blastinput/blast_args.cpp:2960-2968: 3 line(s) not found, e.g. '   m_NumDescriptions = args[kArgMaxTargetSequences].AsInteger();'
LOSAT/src/algorithm/blastn/args.rs:250 src/algo/blast/format/blast_format.cpp:770-782: 3 line(s) not found, e.g. 'case 6: case 7:'
LOSAT/src/algorithm/blastn/blast_engine/run.rs:10 include/algo/blast/blastinput/blast_args.hpp:1290-1296: 3 line(s) not found, e.g. 'CMTArgs(...)'
LOSAT/src/algorithm/blastn/blast_engine/run.rs:25 src/algo/blast/core/blast_engine.c:1674-1783: 2 line(s) not found, e.g. 'BLAST_PreliminarySearchEngine(..., hsp_stream, ...);'
LOSAT/src/algorithm/blastn/blast_engine/run.rs:121 src/objtools/align_format/showdefline.cpp:69-79: 4 line(s) not found, e.g. 'string CShowBlastDefline::GetDefline(const CBioseq_Handle& bioseq) const'
LOSAT/src/algorithm/blastn/blast_engine/run.rs:181 src/algo/blast/core/blast_hits.c:1923-1926: 2 line(s) not found, e.g. '   (hsp->score*kbp[hsp->context]->Lambda - kbp[hsp->context]->logK) /'
LOSAT/src/algorithm/blastn/blast_engine/run.rs:187 src/algo/blast/core/blast_stat.c:4157-4171: 1 line(s) not found, e.g. 'BLAST_KarlinStoE_simple(Int4 S, Blast_KarlinBlk* kbp, Int8 searchsp)'
LOSAT/src/algorithm/blastn/blast_engine/run.rs:365 src/algo/blast/core/blast_engine.c:298-307: 1 line(s) not found, e.g. '    subject->seq_ranges[len-1].right = subject->length;'
LOSAT/src/algorithm/blastn/blast_engine/run.rs:445 src/algo/blast/core/blast_engine.c:221-310: 3 line(s) not found, e.g. 'if (backup->offset + MAX_DBSEQ_LEN < backup->hard_ranges[backup->hm_index].right) {'
LOSAT/src/algorithm/blastn/blast_engine/run.rs:564 src/algo/blast/core/blast_engine.c:580-584: 1 line(s) not found, e.g. 'overlap = (backup.offset == backup.hard_ranges[backup.hm_index].left) ?'
LOSAT/src/algorithm/blastn/blast_engine/run.rs:728 include/algo/blast/core/blast_extend.h:97-105: 1 line(s) not found, e.g. '} BLAST_DiagHash;'
LOSAT/src/algorithm/blastn/blast_engine/run.rs:805 src/algo/blast/core/na_ungapped.c:396-449: 2 line(s) not found, e.g. '    } else {'
LOSAT/src/algorithm/blastn/blast_engine/run.rs:894 src/algo/blast/core/na_ungapped.c:825-858: 3 line(s) not found, e.g. 's_BlastDiagHashInsert(hash_table, diag, s_end_pos,'
LOSAT/src/algorithm/blastn/blast_engine/run.rs:912 include/algo/blast/core/blast_def.h:135-149: 2 line(s) not found, e.g. '    struct { Uint4 q_off; Uint4 s_off; } qs_offsets;'
LOSAT/src/algorithm/blastn/blast_engine/run.rs:922 src/algo/blast/core/na_ungapped.c:614-621: 6 line(s) not found, e.g. 'static Int4'
LOSAT/src/algorithm/blastn/blast_engine/run.rs:936 src/algo/blast/core/blast_hits.c:1122-1132: 4 line(s) not found, e.g. '   *q_start = hsp->query.offset + 1;'
LOSAT/src/algorithm/blastn/blast_engine/run.rs:1209 src/algo/blast/core/blast_nascan.c:1639-1701: 4 line(s) not found, e.g. 'static Int4 s_MBScanSubject_9_1(...)'
LOSAT/src/algorithm/blastn/blast_engine/run.rs:1319 src/algo/blast/core/blast_nascan.c:1715-1755: 1 line(s) not found, e.g. 'static Int4 s_MBScanSubject_9_2(...)'
LOSAT/src/algorithm/blastn/blast_engine/run.rs:1410 src/algo/blast/core/blast_nascan.c:1768-1832: 4 line(s) not found, e.g. 'static Int4 s_MBScanSubject_10_1(...)'
LOSAT/src/algorithm/blastn/blast_engine/run.rs:1526 src/algo/blast/core/blast_nascan.c:1845-1884: 1 line(s) not found, e.g. 'static Int4 s_MBScanSubject_10_2(...)'
LOSAT/src/algorithm/blastn/blast_engine/run.rs:1617 src/algo/blast/core/blast_nascan.c:1898-1964: 4 line(s) not found, e.g. 'static Int4 s_MBScanSubject_10_3(...)'
LOSAT/src/algorithm/blastn/blast_engine/run.rs:1789 src/algo/blast/core/blast_nascan.c:1978-2041: 1 line(s) not found, e.g. 'static Int4 s_MBScanSubject_11_1Mod4(...)'
LOSAT/src/algorithm/blastn/blast_engine/run.rs:1922 src/algo/blast/core/blast_nascan.c:2055-2107: 5 line(s) not found, e.g. 'static Int4 s_MBScanSubject_11_2Mod4(...)'
LOSAT/src/algorithm/blastn/blast_engine/run.rs:2022 src/algo/blast/core/blast_nascan.c:2120-2188: 4 line(s) not found, e.g. 'static Int4 s_MBScanSubject_11_3Mod4(...)'
LOSAT/src/algorithm/blastn/blast_engine/run.rs:2216 src/algo/blast/core/blast_nascan.c:2602-2677: 3 line(s) not found, e.g. '    case 9:  ...'
LOSAT/src/algorithm/blastn/blast_engine/run.rs:2478 src/algo/blast/core/blast_nascan.c:1598-1605: 1 line(s) not found, e.g. '}'
LOSAT/src/algorithm/blastn/blast_engine/run.rs:2526 src/algo/blast/core/na_ungapped.c:1673-1676: 1 line(s) not found, e.g. '}'
LOSAT/src/algorithm/blastn/blast_engine/run.rs:2557 src/algo/blast/core/na_ungapped.c:1647-1674: 2 line(s) not found, e.g. 'while (s_DetermineScanningOffsets(subject, word_length, lut_word_length, scan_range)) {'
LOSAT/src/algorithm/blastn/blast_engine/run.rs:2891 include/algo/blast/core/blast_def.h:135-149: 2 line(s) not found, e.g. '    struct { Uint4 q_off; Uint4 s_off; } qs_offsets;'
LOSAT/src/algorithm/blastn/blast_engine/run.rs:2908 src/algo/blast/core/blast_extend.c:271-300: 2 line(s) not found, e.g. '    }'
LOSAT/src/algorithm/blastn/blast_engine/run.rs:2950 src/algo/blast/core/blast_gapalign.c:4012-4031: 3 line(s) not found, e.g. '   status = BLAST_GreedyGappedAlignment(..., (Boolean) TRUE, FALSE, fence_hit);'
LOSAT/src/algorithm/blastn/blast_engine/run.rs:2964 src/algo/blast/core/blast_gapalign.c:4058-4076: 1 line(s) not found, e.g. '             &(gap_align->edit_script), &new_hsp);'
LOSAT/src/algorithm/blastn/blast_engine/run.rs:2994 src/algo/blast/core/blast_hits.c:1330-1353: 1 line(s) not found, e.g. '}'
LOSAT/src/algorithm/blastn/blast_engine/run.rs:3014 src/algo/blast/core/blast_hits.c:2268-2321: 6 line(s) not found, e.g. 'if (h1->context < h2->context) return -1;'
LOSAT/src/algorithm/blastn/blast_engine/run.rs:3033 src/algo/blast/core/blast_hits.c:2327-2383: 6 line(s) not found, e.g. 'if (h1->context < h2->context) return -1;'
LOSAT/src/algorithm/blastn/blast_engine/run.rs:3095 src/algo/blast/core/blast_traceback.c:358-365: 1 line(s) not found, e.g. '{ Blast_HSPListSortByScore(hsp_list); }'
LOSAT/src/algorithm/blastn/blast_engine/run.rs:3120 src/algo/blast/core/blast_hits.c:2455-2535: 1 line(s) not found, e.g. '    s_CutOffGapEditScript(...);'
LOSAT/src/algorithm/blastn/blast_engine/run.rs:3179 src/algo/blast/core/blast_hits.c:1488-1533: 1 line(s) not found, e.g. 'static Boolean s_BlastMergeTwoHSPs(BlastHSP* hsp1, BlastHSP* hsp2, Boolean allow_gap)'
LOSAT/src/algorithm/blastn/blast_engine/run.rs:3671 src/algo/blast/core/blast_gapalign.c:4012-4076: 4 line(s) not found, e.g. 'status = BLAST_GreedyGappedAlignment(..., (Boolean) TRUE, FALSE, fence_hit);'
LOSAT/src/algorithm/blastn/blast_engine/run.rs:3706 include/algo/blast/core/blast_extend.h:77-81: 1 line(s) not found, e.g. '} BLAST_DiagTable;'
LOSAT/src/algorithm/blastn/blast_engine/run.rs:3716 include/algo/blast/core/blast_extend.h:97-105: 1 line(s) not found, e.g. '} BLAST_DiagHash;'
LOSAT/src/algorithm/blastn/blast_engine/run.rs:3769 src/algo/blast/core/blast_gapalign.c:4012-4076: 4 line(s) not found, e.g. 'status = BLAST_GreedyGappedAlignment(..., (Boolean) TRUE, FALSE, fence_hit);'
LOSAT/src/algorithm/blastn/blast_engine/run.rs:3851 src/algo/blast/core/blast_query_info.c:219-238: 3 line(s) not found, e.g. 'if (A->contexts[m].query_offset > n) e = m;'
LOSAT/src/algorithm/blastn/blast_engine/run.rs:3874 src/algo/blast/core/blast_query_info.c:219-238: 3 line(s) not found, e.g. 'if (A->contexts[m].query_offset > n) e = m;'
LOSAT/src/algorithm/blastn/blast_engine/run.rs:3902 src/algo/blast/core/blast_query_info.c:219-238: 3 line(s) not found, e.g. 'if (A->contexts[m].query_offset > n) e = m;'
LOSAT/src/algorithm/blastn/blast_engine/run.rs:3917 src/algo/blast/core/blast_query_info.c:219-238: 4 line(s) not found, e.g. '    } else { b = 0; e = size; }'
LOSAT/src/algorithm/blastn/blast_engine/run.rs:3957 src/algo/blast/api/blast_setup_cxx.cpp:500-603: 2 line(s) not found, e.g. 'sequence = queries.GetBlastSequence(index, encoding, strand, eSentinels);'
LOSAT/src/algorithm/blastn/blast_engine/run.rs:4091 src/algo/blast/unit_tests/api/ntscan_unit_test.cpp:739-776: 1 line(s) not found, e.g. '    hit_found = TRUE;'
LOSAT/src/algorithm/blastn/blast_engine/run.rs:4100 src/algo/blast/core/na_ungapped.c:1647-1674: 2 line(s) not found, e.g. 'while (s_DetermineScanningOffsets(subject, word_length, lut_word_length, scan_range)) {'
LOSAT/src/algorithm/blastn/blast_engine/run.rs:4173 src/algo/blast/core/blast_traceback.c:877-892: 1 line(s) not found, e.g. '   if (!(hit_list = results->hitlist_array[query_index])) continue;'
LOSAT/src/algorithm/blastn/blast_engine/run.rs:4196 src/algo/blast/core/blast_engine.c:493-555: 2 line(s) not found, e.g. '            query_info, subject, gap_align, score_params, ext_params,'
LOSAT/src/algorithm/blastn/blast_engine/run.rs:4226 src/algo/blast/core/blast_traceback.c:358-613: 5 line(s) not found, e.g. 'tree = Blast_IntervalTreeInit(...);'
LOSAT/src/algorithm/blastn/blast_engine/run.rs:4246 src/algo/blast/core/blast_traceback.c:633-692: 5 line(s) not found, e.g. 'extra_start = Blast_HSPListPurgeHSPsWithCommonEndpoints(..., FALSE);'
LOSAT/src/algorithm/blastn/blast_engine/run.rs:4265 src/algo/blast/core/blast_traceback.c:836-892: 1 line(s) not found, e.g. 's_BlastPruneExtraHits(results, hitlist_size);'
LOSAT/src/algorithm/blastn/blast_engine/run.rs:4544 src/algo/blast/core/blast_hits.c:1374-1382: 2 line(s) not found, e.g. '    if (hsp_list->hspcnt > 1) {'
LOSAT/src/algorithm/blastn/blast_engine/run.rs:4714 src/algo/blast/core/blast_traceback.c:836-867: 3 line(s) not found, e.g. 'for (subject_index = 0; subject_index < hit_list->hsplist_count; ++subject_index) {'
LOSAT/src/algorithm/blastn/blast_engine/run.rs:4743 src/algo/blast/core/blast_hits.c:3383-3400: 1 line(s) not found, e.g. '      if (hit_list != NULL && hit_list->hsplist_count > 1) {'
LOSAT/src/algorithm/blastn/blast_engine/run.rs:4758 src/algo/blast/core/blast_traceback.c:877-892: 1 line(s) not found, e.g. 'static void s_BlastPruneExtraHits(BlastHSPResults* results, Int4 hitlist_size)'
LOSAT/src/algorithm/blastn/blast_engine/run.rs:4821 src/algo/blast/core/blast_traceback.c:877-892: 1 line(s) not found, e.g. 'static void s_BlastPruneExtraHits(BlastHSPResults* results, Int4 hitlist_size)'
LOSAT/src/algorithm/blastn/blast_engine/run.rs:4849 src/algo/blast/core/blast_hits.c:3077-3106: 1 line(s) not found, e.g. 'static int s_EvalueCompareHSPLists(const void* v1, const void* v2) { ... }'
LOSAT/src/algorithm/blastn/blast_engine/run.rs:4923 src/algo/blast/format/blast_format.cpp:68-93: 2 line(s) not found, e.g. 'CBlastFormat::CBlastFormat(..., CNcbiOstream& outfile, ...)'
LOSAT/src/algorithm/blastn/blast_engine/run.rs:5009 src/algo/blast/api/blast_setup_cxx.cpp:486-651: 3 line(s) not found, e.g. 'void'
LOSAT/src/algorithm/blastn/blast_engine/run.rs:6174 include/algo/blast/blastinput/blast_args.hpp:1290-1296: 3 line(s) not found, e.g. 'CMTArgs(...)'
LOSAT/src/algorithm/blastn/blast_engine/run.rs:6184 src/algo/blast/blastinput/blast_args.cpp:3205-3222: 1 line(s) not found, e.g. '} else {'
LOSAT/src/algorithm/blastn/blast_engine/run.rs:6200 src/algo/blast/core/blast_engine.c:493-555: 2 line(s) not found, e.g. '            query_info, subject, gap_align, score_params, ext_params,'
LOSAT/src/algorithm/blastn/blast_engine/run.rs:6233 src/algo/blast/core/blast_engine.c:478-536: 1 line(s) not found, e.g. '        aux_struct->WordFinder(...);'
LOSAT/src/algorithm/blastn/blast_engine/run.rs:6268 src/algo/blast/core/blast_traceback.c:509-513: 1 line(s) not found, e.g. '    query_length, adjusted_s_length, fence_hit);'
LOSAT/src/algorithm/blastn/blast_engine/run.rs:6280 src/algo/blast/api/blast_setup_cxx.cpp:486-651: 2 line(s) not found, e.g. 'SetupQueries_OMF(IBlastQuerySource& queries,'
LOSAT/src/algorithm/blastn/blast_engine/run.rs:6309 src/algo/blast/api/blast_setup_cxx.cpp:836-847: 1 line(s) not found, e.g. 'BlastSeqBlkSetCompressedSequence(subj, compressed_seq.data.release());'
LOSAT/src/algorithm/blastn/blast_engine/run.rs:6338 src/algo/blast/core/blast_engine.c:1409-1475: 1 line(s) not found, e.g. '   status = s_BlastSearchEngineCore(...);'
LOSAT/src/algorithm/blastn/blast_engine/run.rs:6346 src/algo/blast/core/blast_engine.c:478-500: 1 line(s) not found, e.g. '        aux_struct->WordFinder(...);'
LOSAT/src/algorithm/blastn/blast_engine/run.rs:6367 src/algo/blast/api/blast_setup_cxx.cpp:836-847: 1 line(s) not found, e.g. '}'
LOSAT/src/algorithm/blastn/blast_engine/run.rs:6414 src/algo/blast/core/blast_hits.c:2589-2593: 1 line(s) not found, e.g. '                 curr_context + 1 : curr_context - 1;'
LOSAT/src/algorithm/blastn/blast_engine/run.rs:6429 include/algo/blast/core/blast_hits.h:153-166: 1 line(s) not found, e.g. '   Int4 query_index; /**< Index of the query which this HSPList corresponds to. */'
LOSAT/src/algorithm/blastn/blast_engine/run.rs:6455 src/algo/blast/core/blast_util.c:839-847: 2 line(s) not found, e.g. 'if (context_number % NUM_STRANDS == 0) frame = 1;'
LOSAT/src/algorithm/blastn/blast_engine/run.rs:6528 src/algo/blast/api/blast_setup_cxx.cpp:498-604: 1 line(s) not found, e.g. 'sequence = queries.GetBlastSequence(index, encoding, strand, eSentinels);'
LOSAT/src/algorithm/blastn/blast_engine/run.rs:6541 src/algo/blast/core/blast_setup.c:609-619: 3 line(s) not found, e.g. 'if (!mask_at_hash) {'
LOSAT/src/algorithm/blastn/blast_engine/run.rs:6553 src/algo/blast/api/blast_setup_cxx.cpp:500-603: 1 line(s) not found, e.g. 'memcpy(&buf.get()[offset], sequence.data.get(), sequence.length);'
LOSAT/src/algorithm/blastn/blast_engine/run.rs:6580 src/algo/blast/core/blast_nalookup.c:46-47: 1 line(s) not found, e.g. '                         Int4 *lut_width)'
LOSAT/src/algorithm/blastn/blast_engine/run.rs:6817 src/algo/blast/core/blast_setup.c:821-846: 3 line(s) not found, e.g. 'BLAST_ComputeLengthAdjustment(..., query_length, db_length, db_num_seqs, &length_adjustment);'
LOSAT/src/algorithm/blastn/blast_engine/run.rs:7080 src/algo/blast/core/blast_traceback.c:350-692: 1 line(s) not found, e.g. 'Blast_HSPListPurgeHSPsWithCommonEndpoints(..., FALSE);'
LOSAT/src/algorithm/blastn/blast_engine/run.rs:7159 src/algo/blast/blastinput/blast_args.cpp:2547-2556: 1 line(s) not found, e.g. 'm_Scope = ReadSequencesToBlast(... use_lcase_masks, subjects, ...);'
LOSAT/src/algorithm/blastn/blast_engine/run.rs:7208 src/algo/blast/core/blast_parameters.c:236-259: 1 line(s) not found, e.g. '}'
LOSAT/src/algorithm/blastn/blast_engine/run.rs:7250 src/algo/blast/core/blast_engine.c:478-536: 1 line(s) not found, e.g. '        aux_struct->WordFinder(...);'
LOSAT/src/algorithm/blastn/blast_engine/run.rs:7305 src/algo/blast/core/blast_engine.c:493-526: 2 line(s) not found, e.g. '            query_info, subject, gap_align, score_params, ext_params,'
LOSAT/src/algorithm/blastn/blast_engine/run.rs:7331 include/algo/blast/core/blast_hits.h:153-166: 1 line(s) not found, e.g. '   Int4 query_index; /**< Index of the query which this HSPList corresponds to. */'
LOSAT/src/algorithm/blastn/blast_engine/run.rs:7346 src/algo/blast/core/na_ungapped.c:1647-1662: 2 line(s) not found, e.g. '    scan_range[1] = subject->seq_ranges[0].left + word_length - lut_word_length;'
LOSAT/src/algorithm/blastn/blast_engine/run.rs:7364 src/objtools/readers/fasta.cpp:1079-1089: 1 line(s) not found, e.g. '    m_CurrentMask->SetPacked_int().AddInterval(...);'
LOSAT/src/algorithm/blastn/blast_engine/run.rs:7375 src/algo/blast/api/blast_setup_cxx.cpp:812-826: 3 line(s) not found, e.g. '    s_SeqLoc2MaskedSubjRanges(...);'
LOSAT/src/algorithm/blastn/blast_engine/run.rs:7398 src/algo/blast/api/blast_setup_cxx.cpp:836-847: 1 line(s) not found, e.g. 'BlastSeqBlkSetSequence(subj, sequence.data.release(), ...);'
LOSAT/src/algorithm/blastn/blast_engine/run.rs:7417 src/algo/blast/api/blast_setup_cxx.cpp:836-847: 1 line(s) not found, e.g. '}'
LOSAT/src/algorithm/blastn/blast_engine/run.rs:7447 src/algo/blast/core/blast_parameters.c:336-377: 1 line(s) not found, e.g. '                      (Uint8)query_length) * ((Uint8)subj_length),'
LOSAT/src/algorithm/blastn/blast_engine/run.rs:7597 src/algo/blast/core/blast_nascan.c:193-207: 2 line(s) not found, e.g. '                          ...);'
LOSAT/src/algorithm/blastn/blast_engine/run.rs:7624 src/algo/blast/core/blast_nascan.c:147-259: 1 line(s) not found, e.g. '/* Scan the compressed subject sequence */'
LOSAT/src/algorithm/blastn/blast_engine/run.rs:7723 src/algo/blast/core/na_ungapped.c:656-662: 1 line(s) not found, e.g. 's_off_pos = s_off + diag_table->offset;'
LOSAT/src/algorithm/blastn/blast_engine/run.rs:7763 src/algo/blast/core/blast_extend.c:145-149: 1 line(s) not found, e.g. '}'
LOSAT/src/algorithm/blastn/blast_engine/run.rs:7867 src/algo/blast/core/na_ungapped.c:825-826: 4 line(s) not found, e.g. 'if (Delta < 0) Delta = 0;'
LOSAT/src/algorithm/blastn/blast_engine/run.rs:7887 src/algo/blast/core/blast_nascan.c:193-207: 2 line(s) not found, e.g. '                          ...);'
LOSAT/src/algorithm/blastn/blast_engine/run.rs:7912 src/algo/blast/core/blast_engine.c:451-497: 4 line(s) not found, e.g. 'hitsfound = scansub(lookup_wrap, subject, offset_pairs,'
LOSAT/src/algorithm/blastn/blast_engine/run.rs:7920 src/algo/blast/core/blast_nascan.c:1482-1534: 1 line(s) not found, e.g. '    index, offset_pairs + total_hits, s_off);'
LOSAT/src/algorithm/blastn/blast_engine/run.rs:7933 src/algo/blast/core/blast_engine.c:451-497: 4 line(s) not found, e.g. 'hitsfound = scansub(lookup_wrap, subject, offset_pairs,'
LOSAT/src/algorithm/blastn/blast_engine/run.rs:8020 src/algo/blast/core/blast_nascan.c:193-207: 2 line(s) not found, e.g. 's_BlastLookupRetrieve(lookup, index,'
LOSAT/src/algorithm/blastn/blast_engine/run.rs:8106 src/algo/blast/core/na_ungapped.c:1093-1144: 6 line(s) not found, e.g. '    if (((Uint1) (*s << (2 * (s_off % COMPRESSION_RATIO))) >> 6) != *q)'
LOSAT/src/algorithm/blastn/blast_engine/run.rs:8137 src/algo/blast/core/na_ungapped.c:1101-1114: 1 line(s) not found, e.g. '    if (((Uint1) (*s << (2 * (s_off % COMPRESSION_RATIO))) >> 6) != *q)'
LOSAT/src/algorithm/blastn/blast_engine/run.rs:8237 src/algo/blast/core/na_ungapped.c:1120-1136: 1 line(s) not found, e.g. 'if (packed_subject_base != *q)'
LOSAT/src/algorithm/blastn/blast_engine/run.rs:8379 src/algo/blast/core/na_ungapped.c:1093-1155: 5 line(s) not found, e.g. '                                 masked_locations, query_info,'
LOSAT/src/algorithm/blastn/blast_engine/run.rs:8457 src/algo/blast/core/blast_nalookup.c:1027-1034: 2 line(s) not found, e.g. 'mb_lt->next_pos[index] = mb_lt->hashtable[ecode];'
LOSAT/src/algorithm/blastn/blast_engine/run.rs:8468 src/algo/blast/core/na_ungapped.c:674-676: 2 line(s) not found, e.g. 'if (two_hits && (hit_saved || s_end_pos > last_hit + window_size)) {'
LOSAT/src/algorithm/blastn/blast_engine/run.rs:8735 src/algo/blast/core/na_ungapped.c:841-921: 2 line(s) not found, e.g. '    word_type = s_TypeOfWord(..., TRUE, &extended);'
LOSAT/src/algorithm/blastn/blast_engine/run.rs:8835 src/algo/blast/core/na_ungapped.c:740-749: 3 line(s) not found, e.g. 'if (word_params->matrix_only_scoring || word_length < 11)'
LOSAT/src/algorithm/blastn/blast_engine/run.rs:8901 src/algo/blast/core/na_ungapped.c:740-758: 1 line(s) not found, e.g. 's_NuclUngappedExtendExact(..., -(cutoffs->x_dropoff), ungapped_data);'
LOSAT/src/algorithm/blastn/blast_engine/run.rs:9025 include/algo/blast/core/blast_def.h:135-149: 1 line(s) not found, e.g. 'struct { Uint4 q_off; Uint4 s_off; } qs_offsets;'
LOSAT/src/algorithm/blastn/blast_engine/run.rs:9075 src/algo/blast/core/blast_nascan.c:193-207: 2 line(s) not found, e.g. '                          ...);'
LOSAT/src/algorithm/blastn/blast_engine/run.rs:9092 src/algo/blast/core/blast_nascan.c:193-207: 2 line(s) not found, e.g. '                          ...);'
LOSAT/src/algorithm/blastn/blast_engine/run.rs:9117 src/algo/blast/core/blast_nascan.c:193-207: 2 line(s) not found, e.g. '                          ...);'
LOSAT/src/algorithm/blastn/blast_engine/run.rs:9138 src/algo/blast/core/blast_nascan.c:1504-1533: 1 line(s) not found, e.g. '    index, offset_pairs + total_hits, s_off);'
LOSAT/src/algorithm/blastn/blast_engine/run.rs:9276 src/algo/blast/core/blast_nascan.c:193-207: 2 line(s) not found, e.g. '                          ...);'
LOSAT/src/algorithm/blastn/blast_engine/run.rs:9302 src/algo/blast/core/blast_engine.c:451-497: 4 line(s) not found, e.g. 'hitsfound = scansub(lookup_wrap, subject, offset_pairs,'
LOSAT/src/algorithm/blastn/blast_engine/run.rs:9318 src/algo/blast/core/blast_nascan.c:193-207: 2 line(s) not found, e.g. '                          ...);'
LOSAT/src/algorithm/blastn/blast_engine/run.rs:9343 src/algo/blast/core/blast_nascan.c:193-207: 2 line(s) not found, e.g. '                          ...);'
LOSAT/src/algorithm/blastn/blast_engine/run.rs:9373 src/algo/blast/core/blast_nascan.c:193-207: 2 line(s) not found, e.g. '                          ...);'
LOSAT/src/algorithm/blastn/blast_engine/run.rs:9390 src/algo/blast/core/blast_nascan.c:41-79: 6 line(s) not found, e.g. 'num_hits = s_BlastLookupGetNumHits(lookup, index);'
LOSAT/src/algorithm/blastn/blast_engine/run.rs:9421 src/algo/blast/core/blast_nascan.c:1406-1412: 1 line(s) not found, e.g. 'offset_pairs[i].qs_offsets.q_off = q_off - 1;'
LOSAT/src/algorithm/blastn/blast_engine/run.rs:9494 src/algo/blast/core/blast_nascan.c:193-207: 2 line(s) not found, e.g. 's_BlastLookupRetrieve(lookup, index,'
LOSAT/src/algorithm/blastn/blast_engine/run.rs:9608 src/algo/blast/core/na_ungapped.c:825-826: 3 line(s) not found, e.g. 's_BlastDiagHashInsert(hash_table, diag, s_end_pos,'
LOSAT/src/algorithm/blastn/blast_engine/run.rs:9620 src/algo/blast/core/na_ungapped.c:459-489: 1 line(s) not found, e.g. 'static NCBI_INLINE Boolean s_IsSeedMasked(...)'
LOSAT/src/algorithm/blastn/blast_engine/run.rs:9659 src/algo/blast/core/blast_nalookup.c:1027-1034: 2 line(s) not found, e.g. 'mb_lt->next_pos[index] = mb_lt->hashtable[ecode];'
LOSAT/src/algorithm/blastn/blast_engine/run.rs:9670 src/algo/blast/core/na_ungapped.c:674-676: 2 line(s) not found, e.g. 'if (two_hits && (hit_saved || s_end_pos > last_hit + window_size)) {'
LOSAT/src/algorithm/blastn/blast_engine/run.rs:9963 src/algo/blast/core/na_ungapped.c:740-749: 3 line(s) not found, e.g. 'if (word_params->matrix_only_scoring || word_length < 11)'
LOSAT/src/algorithm/blastn/blast_engine/run.rs:10025 src/algo/blast/core/na_ungapped.c:740-758: 1 line(s) not found, e.g. 's_NuclUngappedExtendExact(..., -(cutoffs->x_dropoff), ungapped_data);'
LOSAT/src/algorithm/blastn/blast_engine/run.rs:10154 include/algo/blast/core/blast_def.h:135-149: 1 line(s) not found, e.g. 'struct { Uint4 q_off; Uint4 s_off; } qs_offsets;'
LOSAT/src/algorithm/blastn/blast_engine/run.rs:10203 src/algo/blast/core/blast_nascan.c:193-207: 2 line(s) not found, e.g. '                          ...);'
LOSAT/src/algorithm/blastn/blast_engine/run.rs:10247 src/algo/blast/core/blast_extend.c:307-309: 1 line(s) not found, e.g. 'qsort(init_hsp_array, init_hitlist->total,'
LOSAT/src/algorithm/blastn/blast_engine/run.rs:10304 src/algo/blast/core/blast_gapalign.c:3908-3913: 1 line(s) not found, e.g. 'tmp_hsp.subject.end = s_end;'
LOSAT/src/algorithm/blastn/blast_engine/run.rs:10403 src/algo/blast/core/blast_gapalign.c:4033-4045: 1 line(s) not found, e.g. 'status = s_BlastDynProgNtGappedAlignment(...);'
LOSAT/src/algorithm/blastn/blast_engine/run.rs:10411 src/algo/blast/core/blast_gapalign.c:4071-4076: 2 line(s) not found, e.g. 'status = Blast_HSPInit(...,'
LOSAT/src/algorithm/blastn/blast_engine/run.rs:10426 src/algo/blast/core/blast_gapalign.c:2973-3003: 2 line(s) not found, e.g. 'score_left = s_BlastAlignPackedNucl(query, subject, q_length, s_length, ...);'
LOSAT/src/algorithm/blastn/blast_engine/run.rs:10526 src/algo/blast/core/blast_gapalign.c:4058-4091: 1 line(s) not found, e.g. '                          gap_align->subject_stop, ...);'
LOSAT/src/algorithm/blastn/blast_engine/run.rs:10586 src/algo/blast/core/blast_gapalign.c:3908-3913: 1 line(s) not found, e.g. 'tmp_hsp.subject.end = s_end;'
LOSAT/src/algorithm/blastn/blast_engine/run.rs:10620 src/algo/blast/core/blast_gapalign.c:4058-4076: 1 line(s) not found, e.g. '             &(gap_align->edit_script), &new_hsp);'
LOSAT/src/algorithm/blastn/blast_engine/run.rs:10688 src/algo/blast/core/blast_gapalign.c:4058-4085: 3 line(s) not found, e.g. '    status = Blast_HSPInit(..., &new_hsp);'
LOSAT/src/algorithm/blastn/blast_engine/run.rs:11021 src/algo/blast/core/blast_traceback.c:358-373: 2 line(s) not found, e.g. '/* Make sure the HSPs in the HSP list are sorted by score, as they should be. */'
LOSAT/src/algorithm/blastn/blast_engine/run.rs:11038 src/algo/blast/core/blast_traceback.c:371-373: 1 line(s) not found, e.g. '                              0, subject_length + 1);'
LOSAT/src/algorithm/blastn/blast_engine/run.rs:11054 src/algo/blast/core/blast_traceback.c:358-365: 1 line(s) not found, e.g. '   should be. */'
LOSAT/src/algorithm/blastn/blast_engine/run.rs:11076 src/algo/blast/core/blast_itree.c:66-70: 4 line(s) not found, e.g. '    tree->num_alloc = 2 * tree->num_alloc;'
LOSAT/src/algorithm/blastn/blast_engine/run.rs:11088 src/algo/blast/core/blast_traceback.c:403-612: 3 line(s) not found, e.g. 'if (!BlastIntervalTreeContainsHSP(tree, hsp, query_info, hit_options->min_diag_separation)) {'
LOSAT/src/algorithm/blastn/blast_engine/run.rs:11103 src/algo/blast/core/blast_traceback.c:436-460: 1 line(s) not found, e.g. '   if (!retval) { ... }'
LOSAT/src/algorithm/blastn/blast_engine/run.rs:11178 src/algo/blast/core/blast_traceback.c:403-612: 3 line(s) not found, e.g. 'if (!BlastIntervalTreeContainsHSP(tree, hsp, query_info, hit_options->min_diag_separation)) {'
LOSAT/src/algorithm/blastn/blast_engine/run.rs:11217 src/algo/blast/core/blast_traceback.c:403-601: 4 line(s) not found, e.g. 'if (!BlastIntervalTreeContainsHSP(tree, hsp, query_info, ...)) {'
LOSAT/src/algorithm/blastn/blast_engine/run.rs:11234 src/algo/blast/core/blast_traceback.c:403-612: 3 line(s) not found, e.g. 'if (!BlastIntervalTreeContainsHSP(tree, hsp, query_info, hit_options->min_diag_separation)) {'
LOSAT/src/algorithm/blastn/blast_engine/run.rs:11403 src/algo/blast/core/blast_gapalign.c:4071-4076: 1 line(s) not found, e.g. '              &(gap_align->edit_script), &new_hsp);'
LOSAT/src/algorithm/blastn/blast_engine/run.rs:11533 src/algo/blast/core/blast_traceback.c:403-612: 3 line(s) not found, e.g. 'if (!BlastIntervalTreeContainsHSP(tree, hsp, query_info, hit_options->min_diag_separation)) {'
LOSAT/src/algorithm/blastn/blast_engine/run.rs:11543 src/algo/blast/core/blast_itree.c:273-585: 3 line(s) not found, e.g. 'if (in_hsp->score > tree_hsp->score) return in_hsp;'
LOSAT/src/algorithm/blastn/blast_engine/run.rs:11596 src/algo/blast/core/blast_traceback.c:583-597: 1 line(s) not found, e.g. '    Blast_HSPGetNumIdentitiesAndPositives(..., &align_length, ...);'
LOSAT/src/algorithm/blastn/blast_engine/run.rs:11670 src/algo/blast/core/blast_traceback.c:583-597: 1 line(s) not found, e.g. '       adjusted_subject, hsp, score_options, &align_length, sbp);'
LOSAT/src/algorithm/blastn/blast_engine/run.rs:11699 src/algo/blast/core/blast_traceback.c:436-472: 1 line(s) not found, e.g. 'BlastGetOffsetsForGappedAlignment(..., &q_start, &s_start);'
LOSAT/src/algorithm/blastn/blast_engine/run.rs:11781 src/algo/blast/core/blast_traceback.c:583-612: 1 line(s) not found, e.g. '    Blast_HSPGetNumIdentitiesAndPositives(..., &align_length, ...);'
LOSAT/src/algorithm/blastn/blast_engine/run.rs:11832 src/algo/blast/core/blast_traceback.c:234-246: 1 line(s) not found, e.g. 'Blast_HSPListGetBitScores(hsp_list, kGapped, sbp);'
LOSAT/src/algorithm/blastn/blast_engine/run.rs:12026 src/algo/blast/core/blast_traceback.c:647-665: 2 line(s) not found, e.g. 'delete_hsp = Blast_HSPReevaluateWithAmbiguitiesGapped(...);'
LOSAT/src/algorithm/blastn/blast_engine/run.rs:12047 src/algo/blast/core/blast_traceback.c:656-663: 2 line(s) not found, e.g. 'delete_hsp = Blast_HSPReevaluateWithAmbiguitiesGapped(...);'
LOSAT/src/algorithm/blastn/blast_engine/run.rs:12122 src/algo/blast/core/blast_traceback.c:647-665: 1 line(s) not found, e.g. 'delete_hsp = Blast_HSPReevaluateWithAmbiguitiesGapped(...);'
LOSAT/src/algorithm/blastn/blast_engine/run.rs:12176 src/algo/blast/core/blast_traceback.c:666-668: 1 line(s) not found, e.g. '}'
LOSAT/src/algorithm/blastn/blast_engine/run.rs:12199 src/algo/blast/core/blast_hits.c:1330-1353: 1 line(s) not found, e.g. '}'
LOSAT/src/algorithm/blastn/blast_engine/run.rs:12227 src/algo/blast/core/blast_itree.c:66-70: 4 line(s) not found, e.g. '    tree->num_alloc = 2 * tree->num_alloc;'
LOSAT/src/algorithm/blastn/blast_engine/run.rs:12247 src/algo/blast/core/blast_itree.c:537-550: 1 line(s) not found, e.g. 'query_start = query_context_offset;'
LOSAT/src/algorithm/blastn/blast_engine/run.rs:12253 src/algo/blast/core/blast_gapalign.c:3908-3913: 1 line(s) not found, e.g. 'tmp_hsp.subject.end = s_end;'
LOSAT/src/algorithm/blastn/blast_engine/run.rs:12275 src/algo/blast/core/blast_traceback.c:678-688: 2 line(s) not found, e.g. '    } else {'
LOSAT/src/algorithm/blastn/blast_engine/run.rs:12357 src/algo/blast/core/blast_traceback.c:678-692: 3 line(s) not found, e.g. '   if (BlastIntervalTreeContainsHSP(...)) {'
LOSAT/src/algorithm/blastn/blast_engine/run.rs:12371 src/algo/blast/core/blast_traceback.c:234-246: 1 line(s) not found, e.g. 'Blast_HSPListGetBitScores(hsp_list, kGapped, sbp);'
LOSAT/src/algorithm/blastn/blast_engine/run.rs:12448 src/algo/blast/core/blast_traceback.c:358-373: 2 line(s) not found, e.g. '/* Make sure the HSPs in the HSP list are sorted by score, as they should be. */'
LOSAT/src/algorithm/blastn/blast_engine/run.rs:12608 src/algo/blast/core/blast_engine.c:1674-1783: 4 line(s) not found, e.g. '   progress_info);'
LOSAT/src/algorithm/blastn/blast_engine/run.rs:13102 src/algo/blast/core/blast_hits.c:1330-1353: 3 line(s) not found, e.g. 'if (0 == (result = BLAST_CMP(hsp2->score, hsp1->score)) && ...) {'
LOSAT/src/algorithm/blastn/blast_engine/run.rs:13192 src/algo/blast/core/blast_hits.c:1923-1926: 2 line(s) not found, e.g. '   (hsp->score*kbp[hsp->context]->Lambda - kbp[hsp->context]->logK) /'
LOSAT/src/algorithm/blastn/blast_engine/run.rs:13229 src/algo/blast/core/blast_hits.c:1923-1926: 2 line(s) not found, e.g. '   (hsp->score*kbp[hsp->context]->Lambda - kbp[hsp->context]->logK) /'
LOSAT/src/algorithm/blastn/blast_engine/run.rs:13337 src/algo/blast/core/blast_traceback.c:403-612: 3 line(s) not found, e.g. 'if (!BlastIntervalTreeContainsHSP(tree, hsp, query_info,'
LOSAT/src/algorithm/blastn/blast_engine/run.rs:13436 src/algo/blast/core/blast_traceback.c:509-513: 1 line(s) not found, e.g. '    query_length, adjusted_s_length, fence_hit);'
LOSAT/src/algorithm/blastn/coordination.rs:590 src/algo/blast/core/blast_nalookup.c:45-185: 2 line(s) not found, e.g. 'lut_type = BlastChooseNaLookupTable(lookup_options,'
LOSAT/src/algorithm/blastn/coordination.rs:627 src/algo/blast/core/blast_nalookup.c:45-185: 23 line(s) not found, e.g. 'case 4: case 5: case 6:'
LOSAT/src/algorithm/blastn/coordination.rs:784 src/algo/blast/core/blast_nalookup.c:45-185: 2 line(s) not found, e.g. 'lut_type = BlastChooseNaLookupTable(lookup_options,'
LOSAT/src/algorithm/blastn/coordination.rs:818 src/algo/blast/api/blast_setup_cxx.cpp:486-860: 2 line(s) not found, e.g. 'SetupQueries_OMF(...);'
LOSAT/src/algorithm/blastn/coordination.rs:927 src/objtools/readers/fasta.cpp:1079-1089: 1 line(s) not found, e.g. '    m_CurrentMask->SetPacked_int().AddInterval(...);'
LOSAT/src/algorithm/blastn/coordination.rs:965 src/algo/blast/blastinput/blast_args.cpp:2547-2556: 2 line(s) not found, e.g. 'const bool use_lcase_masks = args.Exist(kArgUseLCaseMasking) ? ... : kDfltArgUseLCaseMasking;'
LOSAT/src/algorithm/blastn/coordination.rs:977 src/algo/blast/api/dust_filter.cpp:92-128: 1 line(s) not found, e.g. 'if (orig_query_mask.NotEmpty()) {'
LOSAT/src/algorithm/blastn/coordination.rs:1029 src/algo/blast/api/dust_filter.cpp:92-102: 1 line(s) not found, e.g. 'void s_CombineDustMasksWithUserProvidedMasks(...)'
LOSAT/src/algorithm/blastn/coordination.rs:1073 src/algo/blast/core/blast_nalookup.c:1231-1344: 2 line(s) not found, e.g. 'Int4 BlastMBLookupTableNew(...);'
LOSAT/src/algorithm/blastn/coordination.rs:1107 src/algo/blast/api/blast_setup_cxx.cpp:836-847: 1 line(s) not found, e.g. '}'
LOSAT/src/algorithm/blastn/coordination.rs:1141 src/algo/blast/core/blast_nalookup.c:1027-1034: 2 line(s) not found, e.g. 'mb_lt->next_pos[index] = mb_lt->hashtable[ecode];'
LOSAT/src/algorithm/blastn/coordination.rs:1252 src/algo/blast/blastinput/blast_args.cpp:2547-2556: 2 line(s) not found, e.g. 'const bool use_lcase_masks = args.Exist(kArgUseLCaseMasking) ? ... : kDfltArgUseLCaseMasking;'
LOSAT/src/algorithm/blastn/coordination.rs:1352 src/objtools/readers/fasta.cpp:867-949: 1 line(s) not found, e.g. "case 'a': case 'b': case 'c': case 'd': ..."
LOSAT/src/algorithm/blastn/coordination.rs:1462 src/algo/blast/api/dust_filter.cpp:121-127: 1 line(s) not found, e.g. 'const int kTopFlags = ... | CSeq_loc::fMerge_All | ...;'
LOSAT/src/algorithm/blastn/lookup.rs:41 src/algo/blast/core/blast_encoding.c:80-103: 1 line(s) not found, e.g. 'const Uint1 IUPACNA_TO_NCBI4NA[128]={ ... };'
LOSAT/src/algorithm/blastn/lookup.rs:52 src/algo/blast/core/blast_encoding.c:95-103: 1 line(s) not found, e.g. 'const Uint1 IUPACNA_TO_NCBI4NA[128]={ ... };'
LOSAT/src/algorithm/blastn/lookup.rs:103 include/algo/blast/core/blast_nalookup.h:109-156: 2 line(s) not found, e.g. 'typedef struct NaLookupBackboneCell { ... } NaLookupBackboneCell;'
LOSAT/src/algorithm/blastn/lookup.rs:151 src/algo/blast/core/blast_nascan.c:41-79: 1 line(s) not found, e.g. '    lookup_pos = lookup->overflow + lookup->thick_backbone[index].payload.overflow_cursor;'
LOSAT/src/algorithm/blastn/lookup.rs:253 src/algo/blast/core/blast_nalookup.c:1122-1177: 2 line(s) not found, e.g. 'if (!PV_TEST(pv, word, pv_array_bts)) continue;'
LOSAT/src/algorithm/blastn/lookup.rs:272 src/algo/blast/core/blast_nalookup.c:1250-1254: 1 line(s) not found, e.g. 'mb_lt->hashsize = 1ULL << (BITS_PER_NUC * mb_lt->lut_word_length);'
LOSAT/src/algorithm/blastn/lookup.rs:291 src/algo/blast/core/blast_nalookup.c:1122-1177: 2 line(s) not found, e.g. 'if (!PV_TEST(pv, word, pv_array_bts)) continue;'
LOSAT/src/algorithm/blastn/lookup.rs:323 src/algo/blast/api/blast_setup_cxx.cpp:836-847: 1 line(s) not found, e.g. '}'
LOSAT/src/algorithm/blastn/lookup.rs:400 include/algo/blast/core/blast_lookup.h:51-57: 3 line(s) not found, e.g. '#define PV_SET(lookup, index, shift) \\'
LOSAT/src/algorithm/blastn/lookup.rs:427 src/algo/blast/core/lookup_util.c:71-83: 3 line(s) not found, e.g. 'Int4 ilog2(Int8 x)'
LOSAT/src/algorithm/blastn/lookup.rs:452 src/algo/blast/core/blast_nalookup.c:1270-1306: 1 line(s) not found, e.g. '} else {'
LOSAT/src/algorithm/blastn/lookup.rs:503 src/algo/blast/core/blast_nalookup.c:878-893: 1 line(s) not found, e.g. 'if (seq < pos) continue;'
LOSAT/src/algorithm/blastn/lookup.rs:525 src/algo/blast/core/blast_nalookup.c:1250-1254: 1 line(s) not found, e.g. 'mb_lt->hashsize = 1ULL << (BITS_PER_NUC * mb_lt->lut_word_length);'
LOSAT/src/algorithm/blastn/lookup.rs:543 src/algo/blast/core/blast_nalookup.c:856-889: 3 line(s) not found, e.g. 'for (loc = location; loc; loc = loc->next) {'
LOSAT/src/algorithm/blastn/lookup.rs:591 src/algo/blast/core/blast_nalookup.c:1047-1059: 3 line(s) not found, e.g. '    if ((counts[ecode / 2] >> 4) >= max_word_count) continue;'
LOSAT/src/algorithm/blastn/lookup.rs:614 src/algo/blast/core/blast_nalookup.c:1166-1177: 3 line(s) not found, e.g. '    if ((counts[index] & 0xf) < max_word_count) counts[index]++;'
LOSAT/src/algorithm/blastn/lookup.rs:673 include/algo/blast/core/blast_lookup.h:51-57: 1 line(s) not found, e.g. '    ( lookup[(index) >> (shift)] & ((PV_ARRAY_TYPE)1 << ((index) & PV_ARRAY_MASK)) )'
LOSAT/src/algorithm/blastn/lookup.rs:700 src/algo/blast/core/blast_nascan.c:1386-1394: 1 line(s) not found, e.g. '    return 0;'
LOSAT/src/algorithm/blastn/lookup.rs:1010 src/algo/blast/core/blast_lookup.c:91-132: 1 line(s) not found, e.g. '    if (word_length > to - from + 1) continue;'
LOSAT/src/algorithm/blastn/lookup.rs:1075 src/algo/blast/core/blast_nalookup.c:1270-1306: 1 line(s) not found, e.g. '} else {'
LOSAT/src/algorithm/blastn/lookup.rs:1197 src/algo/blast/core/blast_nalookup.c:1047-1059: 1 line(s) not found, e.g. '   if ((counts[ecode / 2] >> 4) >= max_word_count) continue;'
LOSAT/src/algorithm/blastn/lookup.rs:1261 src/algo/blast/core/blast_lookup.c:33-77: 1 line(s) not found, e.g. 'if (backbone[index] == NULL) { ... }'
LOSAT/src/algorithm/blastn/lookup.rs:1320 src/algo/blast/core/blast_nalookup.c:1027-1034: 2 line(s) not found, e.g. 'mb_lt->next_pos[index] = mb_lt->hashtable[ecode];'
LOSAT/src/algorithm/blastn/lookup.rs:1336 include/algo/blast/core/blast_lookup.h:51-57: 2 line(s) not found, e.g. '#define PV_SET(lookup, index, shift) \\'
LOSAT/src/algorithm/blastn/lookup.rs:1379 src/algo/blast/core/blast_nalookup.c:548-583: 1 line(s) not found, e.g. 'BlastLookupIndexQueryExactMatches(...);'
LOSAT/src/algorithm/blastn/lookup.rs:1473 src/algo/blast/core/blast_nalookup.c:1047-1059: 1 line(s) not found, e.g. '   if ((counts[ecode / 2] >> 4) >= max_word_count) continue;'
LOSAT/src/algorithm/blastn/lookup.rs:1492 src/algo/blast/core/blast_nalookup.c:456-533: 5 line(s) not found, e.g. 'lookup->thick_backbone = (NaLookupBackboneCell *)calloc(...);'
LOSAT/src/algorithm/blastn/lookup.rs:1664 src/algo/blast/core/blast_nalookup.c:979-1108: 1 line(s) not found, e.g. '    } else {'
LOSAT/src/algorithm/blastn/lookup.rs:2225 src/algo/blast/core/blast_lookup.c:33-77: 1 line(s) not found, e.g. 'if (backbone[index] == NULL) { ... }'
LOSAT/src/algorithm/blastn/lookup.rs:2248 src/algo/blast/core/blast_nalookup.c:1027-1034: 2 line(s) not found, e.g. 'mb_lt->next_pos[index] = mb_lt->hashtable[ecode];'
LOSAT/src/algorithm/blastn/mod.rs:18 src/algo/blast/core/blast_traceback.c:633-692: 3 line(s) not found, e.g. 'Blast_HSPListPurgeHSPsWithCommonEndpoints(..., FALSE);'
LOSAT/src/blastinput/value_parsers.rs:5 src/algo/blast/blastinput/blast_args.cpp:410-420: 4 line(s) not found, e.g. 'if (dust_opts == kDfltArgNoFiltering) { opt.SetDustFiltering(false); }'
LOSAT/src/blastinput/value_parsers.rs:504 src/algo/blast/blastinput/cmdline_flags.cpp:46-50: 1 line(s) not found, e.g. 'const string kArgSubject("subject");'
LOSAT/src/cli.rs:55 src/algo/blast/blastinput/blast_args.cpp:166-349: 3 line(s) not found, e.g. 'arg_desc.AddOptionalKey(kArgWordSize, "int_value", description, CArgDescriptions::eInteger);'
LOSAT/src/cli.rs:156 src/algo/blast/blastinput/cmdline_flags.cpp:46-94: 2 line(s) not found, e.g. 'const string kArgWordSize("word_size");'
LOSAT/src/cli.rs:184 src/algo/blast/blastinput/tblastn_args.cpp:64-129: 1 line(s) not found, e.g. 'm_BlastDbArgs.Reset(new CBlastDatabaseArgs);'
LOSAT/src/report/pairwise.rs:150 src/algo/blast/format/blast_format.cpp:2248-2285: 3 line(s) not found, e.g. '          << options.GetWordThreshold() << "\\n";'
LOSAT/src/report/pairwise.rs:277 src/objtools/align_format/showalign.cpp:3578-3604: 2 line(s) not found, e.g. 'out << " Score = " << bit_score'
LOSAT/src/report/pairwise.rs:1021 src/algo/blast/format/blastfmtutil.cpp:73-111: 2 line(s) not found, e.g. 'if (m_Program == "psiblast" || m_Program == "blastp") {'
LOSAT/src/report/pairwise.rs:1028 src/algo/blast/api/version.cpp:46-69: 2 line(s) not found, e.g. '"Stephen F. Altschul, Thomas L. Madden, Alejandro A. Schaffer, ..."'
LOSAT/src/report/pairwise.rs:1082 src/algo/blast/format/blastfmtutil.cpp:125-138: 3 line(s) not found, e.g. 'out << "           " << NStr::IntToString(nNumSeqs,NStr::fWithCommas)'
LOSAT/src/report/pairwise.rs:1281 src/algo/blast/format/blast_format.cpp:445-477: 3 line(s) not found, e.g. '    CBlastFormatUtil::PrintKAParameters(..., false, gbp);'
LOSAT/src/report/pairwise.rs:1413 src/objtools/align_format/align_format_util.cpp:503-579: 2 line(s) not found, e.g. 'out << NStr::Int8ToString(dbinfo->total_length, NStr::fWithCommas) << "\\n";'
LOSAT/src/report/pairwise.rs:1423 src/algo/blast/format/blast_format.cpp:2258-2285: 3 line(s) not found, e.g. '        << options.GetWordThreshold() << "\\n";'
LOSAT/src/report/pairwise.rs:1494 src/algo/blast/format/blast_format.cpp:372-424: 3 line(s) not found, e.g. 'CBlastFormatUtil::BlastPrintVersionInfo(m_Program, m_IsHTML, m_Outfile);'
LOSAT/src/report/pairwise.rs:1948 src/algo/blast/format/blast_format.cpp:451-478: 3 line(s) not found, e.g. '        CBlastFormatUtil::PrintKAParameters(kbp_ungap->Lambda, kbp_ungap->K,'
LOSAT/src/report/pairwise.rs:2959 src/objtools/align_format/showalign.cpp:1408-1469: 1 line(s) not found, e.g. 'void CDisplaySeqalign::x_DisplayRowData(SAlnRowInfo *alnRoInfo, CNcbiOstream& out)'
LOSAT/src/report/pairwise.rs:2982 src/algo/blast/format/blast_format.cpp:790-803: 1 line(s) not found, e.g. 'tabinfo.PrintHeader(..., dbname, ...);'
LOSAT/src/report/pairwise.rs:3012 src/objtools/align_format/showalign.cpp:2278-2315: 1 line(s) not found, e.g. 'string CDisplaySeqalign::x_PrintDefLine(...)'
LOSAT/src/web_api.rs:29 src/algo/blast/api/blast_setup_cxx.cpp:606-617: 2 line(s) not found, e.g. 'sequence = queries.GetBlastSequence(index, encoding,'
LOSAT/src/web_api.rs:38 src/algo/blast/core/blast_engine.c:1407-1427: 1 line(s) not found, e.g. 'while ((seq_arg.oid = BlastSeqSrcIteratorNext(seq_src, itr)) != BLAST_SEQSRC_EOF) {'
LOSAT/src/web_api.rs:161 src/algo/blast/api/blast_setup_cxx.cpp:486-651: 2 line(s) not found, e.g. 'SetupQueries_OMF(IBlastQuerySource& queries,'
LOSAT/src/web_api.rs:179 src/algo/blast/blastinput/cmdline_flags.cpp:46-94: 2 line(s) not found, e.g. 'const string kArgOutputFormat("outfmt");'
LOSAT/src/web_api.rs:213 src/algo/blast/blastinput/blast_args.cpp:3205-3222: 1 line(s) not found, e.g. '} else {'
LOSAT/src/web_api.rs:342 src/algo/blast/blastinput/tblastx_args.cpp:66-118: 1 line(s) not found, e.g. 'arg.Reset(new CFormattingArgs);'
LOSAT/src/web_api.rs:430 src/algo/blast/blastinput/blast_args.cpp:825-886: 5 line(s) not found, e.g. "case '0': case 'F': case 'f': compo_mode = eNoCompositionBasedStats; break;"
LOSAT/src/web_api.rs:464 src/algo/blast/blastinput/blastp_args.cpp:71-115: 2 line(s) not found, e.g. 'arg.Reset(new CGenericSearchArgs(kQueryIsProtein, false, false, false, false, true));'
LOSAT/src/web_api.rs:670 src/algo/blast/api/blast_setup_cxx.cpp:486-651: 2 line(s) not found, e.g. 'SetupQueries_OMF(IBlastQuerySource& queries,'
LOSAT/src/web_api.rs:693 src/algo/blast/blastinput/blastp_args.cpp:71-115: 1 line(s) not found, e.g. 'arg.Reset(new CFormattingArgs);'
LOSAT/src/web_api.rs:751 src/algo/blast/api/blast_setup_cxx.cpp:606-617: 2 line(s) not found, e.g. 'sequence = queries.GetBlastSequence(index, encoding,'
LOSAT/src/web_api.rs:760 src/algo/blast/core/blast_engine.c:1407-1427: 1 line(s) not found, e.g. 'while ((seq_arg.oid = BlastSeqSrcIteratorNext(seq_src, itr)) != BLAST_SEQSRC_EOF) {'
LOSAT/src/web_api.rs:854 src/algo/blast/api/blast_setup_cxx.cpp:486-651: 2 line(s) not found, e.g. 'SetupQueries_OMF(IBlastQuerySource& queries,'
LOSAT/src/web_api.rs:889 src/algo/blast/core/blast_engine.c:1407-1427: 1 line(s) not found, e.g. 'while ((seq_arg.oid = BlastSeqSrcIteratorNext(seq_src, itr)) != BLAST_SEQSRC_EOF) {'
LOSAT/src/web_api.rs:1045 src/algo/blast/api/blast_setup_cxx.cpp:486-651: 2 line(s) not found, e.g. 'SetupQueries_OMF(IBlastQuerySource& queries,'
LOSAT/src/web_api.rs:1150 src/algo/blast/core/blast_engine.c:1407-1427: 1 line(s) not found, e.g. 'while ((seq_arg.oid = BlastSeqSrcIteratorNext(seq_src, itr)) != BLAST_SEQSRC_EOF) {'
exit 0
