    Checking cfg-if v1.0.4
    Checking memchr v2.8.0
    Checking libm v0.2.16
    Checking libc v0.2.186
    Checking zerocopy v0.8.48
    Checking serde_core v1.0.228
    Checking bytemuck v1.25.0
    Checking rawpointer v0.2.1
    Checking crossbeam-utils v0.8.21
    Checking matrixmultiply v0.3.10
    Checking safe_arch v0.7.4
    Checking utf8parse v0.2.2
    Checking aho-corasick v1.1.4
    Checking regex-syntax v0.8.10
    Checking wide v0.7.33
    Checking getrandom v0.2.17
    Checking num-traits v0.2.19
    Checking rand_core v0.6.4
    Checking anstyle-parse v1.0.0
    Checking crossbeam-epoch v0.9.18
    Checking lazy_static v1.5.0
    Checking anstyle-query v1.1.5
    Checking typenum v1.20.0
    Checking anstyle v1.0.14
    Checking hashbrown v0.17.1
    Checking either v1.15.0
    Checking num-complex v0.4.6
    Checking num-integer v0.1.46
    Checking approx v0.5.1
    Checking equivalent v1.0.2
    Checking is_terminal_polyfill v1.70.2
    Checking num-rational v0.4.2
    Checking colorchoice v1.0.5
    Checking simba v0.6.0
    Checking crossbeam-deque v0.8.6
    Checking serde v1.0.228
    Checking indexmap v2.14.0
    Checking anstream v1.0.0
    Checking thiserror v1.0.69
    Checking csv-core v0.1.13
    Checking clap_lex v1.1.0
    Checking unicode-width v0.2.2
    Checking regex-automata v0.4.14
    Checking once_cell v1.21.4
    Checking strsim v0.11.1
    Checking fixedbitset v0.4.2
    Checking ryu v1.0.23
    Checking byteorder v1.5.0
    Checking bit-vec v0.6.3
    Checking itoa v1.0.18
    Checking tap v1.0.1
    Checking wyz v0.5.1
    Checking fxhash v0.2.1
    Checking petgraph v0.6.5
    Checking bit-set v0.5.3
    Checking csv v1.4.0
    Checking clap_builder v4.6.0
    Checking console v0.15.11
    Checking multimap v0.9.1
    Checking vec_map v0.8.2
    Checking bv v0.11.1
    Checking enum-map v2.7.3
    Checking newtype_derive v0.1.6
    Checking rayon-core v1.13.0
    Checking portable-atomic v1.13.1
    Checking anyhow v1.0.102
    Checking radium v0.7.0
    Checking ndarray v0.15.6
    Checking ppv-lite86 v0.2.21
    Checking itertools v0.11.0
    Checking ordered-float v3.9.2
    Checking rand_chacha v0.3.1
    Checking itertools-num v0.1.3
    Checking strum v0.25.0
    Checking custom_derive v0.1.7
    Checking editdistancek v1.0.2
    Checking bytecount v0.6.9
    Checking funty v2.0.0
   Compiling LOSAT v0.1.0 (/mnt/c/users/genom/github/losat/LOSAT)
    Checking rand v0.8.6
    Checking regex v1.12.3
    Checking number_prefix v0.4.0
    Checking triple_accel v0.4.0
    Checking indicatif v0.17.11
    Checking clap v4.6.1
    Checking bitvec v1.0.1
    Checking rand_distr v0.4.3
    Checking rayon v1.12.0
    Checking bio-types v1.0.4
    Checking num_cpus v1.17.0
    Checking rustc-hash v1.1.0
    Checking nalgebra v0.29.0
    Checking statrs v0.16.1
    Checking bio v1.6.0
    Finished `release` profile [optimized] target(s) in 12.87s
