   Compiling proc-macro2 v1.0.106
   Compiling unicode-ident v1.0.24
   Compiling quote v1.0.45
   Compiling autocfg v1.5.0
   Compiling libm v0.2.16
   Compiling libc v0.2.186
   Compiling zerocopy v0.8.48
   Compiling cfg-if v1.0.4
   Compiling serde_core v1.0.228
   Compiling memchr v2.8.0
   Compiling num-traits v0.2.19
   Compiling matrixmultiply v0.3.10
   Compiling syn v1.0.109
   Compiling crossbeam-utils v0.8.21
   Compiling rustversion v1.0.22
   Compiling bytemuck v1.25.0
   Compiling syn v2.0.117
   Compiling serde v1.0.228
   Compiling paste v1.0.15
   Compiling safe_arch v0.7.4
   Compiling getrandom v0.2.17
   Compiling semver v0.1.20
   Compiling rand_core v0.6.4
   Compiling rawpointer v0.2.1
   Compiling heck v0.5.0
   Compiling wide v0.7.33
   Compiling rustc_version v0.1.7
   Compiling num-integer v0.1.46
   Compiling num-complex v0.4.6
   Compiling approx v0.5.1
   Compiling aho-corasick v1.1.4
   Compiling regex-syntax v0.8.10
   Compiling utf8parse v0.2.2
   Compiling feature-probe v0.1.1
   Compiling thiserror v1.0.69
   Compiling simba v0.6.0
   Compiling bv v0.11.1
   Compiling anstyle-parse v1.0.0
   Compiling crossbeam-epoch v0.9.18
   Compiling num-rational v0.4.2
   Compiling newtype_derive v0.1.6
   Compiling ppv-lite86 v0.2.21
   Compiling is_terminal_polyfill v1.70.2
   Compiling radium v0.7.0
   Compiling either v1.15.0
   Compiling rand_chacha v0.3.1
   Compiling regex-automata v0.4.14
   Compiling rayon-core v1.13.0
   Compiling rand v0.8.6
   Compiling anyhow v1.0.102
   Compiling anstyle v1.0.14
   Compiling anstyle-query v1.1.5
   Compiling portable-atomic v1.13.1
   Compiling rand_distr v0.4.3
   Compiling typenum v1.20.0
   Compiling lazy_static v1.5.0
   Compiling hashbrown v0.17.1
   Compiling equivalent v1.0.2
   Compiling serde_derive v1.0.228
   Compiling thiserror-impl v1.0.69
   Compiling colorchoice v1.0.5
   Compiling anstream v1.0.0
   Compiling nalgebra-macros v0.1.0
   Compiling enum-map-derive v0.17.0
   Compiling derive-new v0.6.0
   Compiling indexmap v2.14.0
   Compiling strum_macros v0.26.4
   Compiling regex v1.12.3
   Compiling crossbeam-deque v0.8.6
   Compiling csv-core v0.1.13
   Compiling once_cell v1.21.4
   Compiling ryu v1.0.23
   Compiling bit-vec v0.6.3
   Compiling heck v0.4.1
   Compiling tap v1.0.1
   Compiling byteorder v1.5.0
   Compiling nalgebra v0.29.0
   Compiling itoa v1.0.18
   Compiling unicode-width v0.2.2
   Compiling strsim v0.11.1
   Compiling fixedbitset v0.4.2
   Compiling clap_lex v1.1.0
   Compiling petgraph v0.6.5
   Compiling clap_builder v4.6.0
   Compiling console v0.15.11
   Compiling csv v1.4.0
   Compiling bio-types v1.0.4
   Compiling fxhash v0.2.1
   Compiling strum_macros v0.25.3
   Compiling bit-set v0.5.3
   Compiling wyz v0.5.1
   Compiling enum-map v2.7.3
   Compiling clap_derive v4.6.1
   Compiling itertools v0.11.0
   Compiling ndarray v0.15.6
   Compiling ordered-float v3.9.2
   Compiling vec_map v0.8.2
   Compiling multimap v0.9.1
   Compiling itertools-num v0.1.3
   Compiling custom_derive v0.1.7
   Compiling number_prefix v0.4.0
   Compiling bytecount v0.6.9
   Compiling editdistancek v1.0.2
   Compiling strum v0.25.0
   Compiling triple_accel v0.4.0
   Compiling funty v2.0.0
   Compiling LOSAT v0.1.0 (/mnt/c/users/genom/github/losat/docs/evidence/wasm_remaining_work_20260915/run-03/work/I4-source/LOSAT)
   Compiling bitvec v1.0.1
   Compiling indicatif v0.17.11
   Compiling rayon v1.12.0
   Compiling clap v4.6.1
   Compiling num_cpus v1.17.0
   Compiling rustc-hash v1.1.0
   Compiling statrs v0.16.1
   Compiling bio v1.6.0
    Finished `test` profile [unoptimized + debuginfo] target(s) in 22.59s
     Running unittests src/lib.rs (/tmp/losat-run03-standard-tests/I4/debug/deps/LOSAT-58175ff142d19059)

running 434 tests
test algorithm::blastn::alignment::greedy::tests::test_greedy_reverse_and_empty_boundary_cases ... ok
test algorithm::blastn::alignment::greedy::tests::non_affine_fence_retains_written_scratch ... ok
test algorithm::blastn::blast_engine::run::tests::prelim_purge_retains_the_first_complete_equal_record ... ok
test algorithm::blastn::blast_engine::run::tests::test_adjust_blastn_offsets_minus_query_keeps_internal_subject_order ... ok
test algorithm::blastn::blast_engine::run::tests::stable_prelim_sort_preserves_equal_complete_record_order ... ok
test algorithm::blastn::blast_engine::run::tests::test_blastn_context_statistics_rounds_evalue_score_only ... ok
test algorithm::blastn::alignment::greedy::tests::test_greedy_traceback_ncbi_regression_cases ... ok
test algorithm::blastn::blast_engine::run::tests::test_build_subject_seq_ranges_from_masks ... ok
test algorithm::blastn::blast_engine::run::tests::test_blastn_context_statistics_uses_supplied_eff_searchsp ... ok
test algorithm::blastn::coordination::tests::test_collect_lowercase_masks ... ok
test algorithm::blastn::coordination::tests::test_merge_mask_intervals ... ok
test algorithm::blastn::filtering::purge_endpoints::tests::common_endpoint_comparator_ignores_edit_script ... ok
test algorithm::blastn::filtering::purge_endpoints::tests::equivalent_scripts_keep_endpoints_and_score ... ok
test algorithm::blastn::filtering::purge_endpoints::tests::common_endpoint_shifts_preserve_trimmed_tail_and_active_boundary ... ok
test algorithm::blastn::filtering::purge_endpoints::tests::final_active_slot_can_be_trimmed_or_deleted_in_either_pass ... ok
test algorithm::blastn::filtering::purge_endpoints::tests::handle_sort_keeps_payload_addresses_equal_order_and_tail ... ok
test algorithm::blastn::filtering::purge_endpoints::tests::source_compatible_purge_never_synthesizes_edit_script ... ok
test algorithm::blastn::filtering::purge_endpoints::tests::source_compatible_first_survivor_accepts_either_equal_order ... ok
test algorithm::blastn::filtering::purge_endpoints::tests::test_purge_common_start_keeps_longer_end_on_score_tie ... ok
test algorithm::blastn::filtering::subject_best_hit::tests::test_different_strand_no_filtering ... ok
test algorithm::blastn::filtering::subject_best_hit::tests::test_same_strand_filtering ... ok
test algorithm::blastn::hsp::tests::stable_hsp_sort_preserves_comparator_equal_input_order ... ok
test algorithm::blastn::hsp::tests::test_blastn_outfmt7_header_matches_ncbi_shape ... ok
test algorithm::blastn::hsp::tests::test_hitlist_update_keeps_best ... ok
test algorithm::blastn::hsp::tests::test_prelim_hitlist_size_gapped ... ok
test algorithm::blastn::hsp::tests::test_blastn_rejects_custom_outfmt_until_fields_are_ported ... ok
test algorithm::blastn::interval_tree::tests::test_containing_hsp_reports_ncbi_score_and_endpoint_semantics ... ok
test algorithm::blastn::interval_tree::tests::test_containment_respects_query_context_and_diag_separation ... ok
test algorithm::blastn::interval_tree::tests::test_interval_tree_basic ... ok
test algorithm::blastn::interval_tree::tests::test_interval_tree_common_endpoint_prefers_shorter_equal_score_hsp ... ok
test algorithm::blastn::interval_tree::tests::test_interval_tree_containment_uses_subject_frame_sign ... ok
test algorithm::blastn::interval_tree::tests::test_interval_tree_different_strand ... ok
test algorithm::blastn::interval_tree::tests::test_interval_tree_not_contained ... ok
test algorithm::blastn::interval_tree::tests::test_mb_hsp_close ... ok
test algorithm::blastn::ncbi_cutoffs::tests::test_compute_blastn_cutoff_score_gapped ... ok
test algorithm::blastn::ncbi_cutoffs::tests::test_compute_blastn_cutoff_score_ungapped ... ok
test algorithm::blastn::ncbi_cutoffs::tests::test_cutoff_score_max_from_evalue ... ok
test algorithm::blastn::ncbi_cutoffs::tests::test_gap_trigger_raw_score ... ok
test algorithm::blastp::alignment::tests::test_build_alignment_view_gapped ... ok
test algorithm::blastp::alignment::tests::test_build_alignment_view_ungapped ... ok
test algorithm::blastp::args::tests::test_blastp_fast_task_resolves_ncbi_defaults ... ok
test algorithm::blastp::args::tests::test_blastp_short_task_resolves_ncbi_defaults ... ok
test algorithm::blastp::args::tests::test_comp_based_stats_cli_string_matches_ncbi_modes ... ok
test algorithm::blastp::args::tests::test_comp_based_stats_parser_supports_ncbi_modes ... ok
test algorithm::blastp::args::tests::test_default_blastp_options_resolve_to_ncbi_defaults ... ok
test algorithm::blastp::args::tests::test_explicit_gap_values_override_matrix_defaults_independently ... ok
test algorithm::blastp::args::tests::test_matrix_resolution_updates_gap_threshold_and_window_defaults ... ok
test algorithm::blastp::args::tests::test_seg_cli_string_matches_ncbi_forms ... ok
test algorithm::blastp::args::tests::test_seg_yes_no_and_custom_parser ... ok
test algorithm::blastp::args::tests::test_ungapped_with_composition_based_stats_is_rejected ... ok
test algorithm::blastp::args::tests::test_word_size_above_four_selects_compressed_lookup_thresholds ... ok
test algorithm::blastp::blast_engine::tests::accession_and_version_columns_remain_distinct ... ok
test algorithm::blastp::blast_engine::tests::test_blastp_diag_last_hit_after_one_hit_matches_ncbi_formula ... ok
test algorithm::blastp::blast_engine::tests::test_blastp_flagged_diag_branch_matches_ncbi_skip_vs_reset_order ... ok
test algorithm::blastp::blast_engine::tests::test_blastp_hsp_tabular_field_matches_pairwise_metadata_without_alignment_text ... ok
test algorithm::blastp::blast_engine::tests::test_blastp_prelim_evalue_and_cutoff_follow_ncbi_cbs_stretch ... ok
test algorithm::blastp::blast_engine::tests::test_blastp_preliminary_cutoff_subject_length_uses_global_min_subject_len ... ok
test algorithm::blastp::blast_engine::tests::test_blastp_redo_params_follow_ncbi_cutoff_formulas ... ok
test algorithm::blastp::blast_engine::tests::test_blastp_redo_x_dropoff_uses_scaled_final_vs_unscaled_extend_max ... ok
test algorithm::blastp::blast_engine::tests::test_blastp_save_init_hsp_uses_qstart_sstart_len_as_single_truth ... ok
test algorithm::blastp::blast_engine::tests::test_blastp_tabular_field_text_renders_requested_metadata ... ok
test algorithm::blastp::blast_engine::tests::test_blastp_two_hit_cross_query_reject_uses_context_start ... ok
test algorithm::blastp::blast_engine::tests::test_blastp_two_hit_diag_update_matches_ncbi_flag_and_last_hit_updates ... ok
test algorithm::blastp::blast_engine::tests::test_build_btop_matches_ncbi_style_match_run_encoding ... ok
test algorithm::blastp::blast_engine::tests::test_blastp_absolute_lookup_offsets_flow_directly_into_context_and_seed_fields ... ok
test algorithm::blastp::blast_engine::tests::test_build_restricted_align_array_uses_first_init_hsp_per_query ... ok
test algorithm::blastp::blast_engine::tests::test_build_restricted_align_array_uses_qoff_not_cached_context ... ok
test algorithm::blastp::blast_engine::tests::test_chain_blastp_init_hsps_restores_ncbi_score_order ... ok
test algorithm::blastp::blast_engine::tests::test_blastp_diag_table_uses_ncbi_query_length_with_shared_boundary_sentinel ... ok
test algorithm::blastp::blast_engine::tests::test_blastp_adjust_hsp_offsets_and_get_query_data_uses_qoff_as_context_truth ... ok
test algorithm::blastp::blast_engine::tests::test_compact_chained_init_hsps_ncbi_uses_tail_swap_compaction_order ... ok
test algorithm::blastp::blast_engine::tests::test_compare_init_hsps_by_score_matches_ncbi_score_compare_match_ties ... ok
test algorithm::blastp::blast_engine::tests::test_blastp_for_each_offset_pair_two_hit_uses_trailing_sentinel_for_short_subjects ... ok
test algorithm::blastp::blast_engine::tests::test_invalid_blastp_context_uses_ncbi_placeholder_cutoffs ... ok
test algorithm::blastp::blast_engine::tests::test_merge_blastp_subject_results_replays_subject_index_order ... ok
test algorithm::blastp::blast_engine::tests::test_blastp_for_each_offset_pair_preserves_absolute_query_offsets_across_queries ... ok
test algorithm::blastp::blast_engine::tests::test_ncbi_qsort_init_hsps_by_query_offset_score_matches_ncbi_ties ... ok
test algorithm::blastp::blast_engine::tests::test_blastp_for_each_offset_pair_preserves_scan_emission_order ... ok
test algorithm::blastp::blast_engine::tests::test_ncbi_qsort_preliminary_hits_matches_requested_ncbi_comparator ... ok
test algorithm::blastp::blast_engine::tests::test_one_hit_caller_passes_ncbi_payload_directly_to_blastp_save_init_hsp ... ok
test algorithm::blastp::blast_engine::tests::test_parse_blastp_tabular_fields_expands_std_and_dedups ... ok
test algorithm::blastp::blast_engine::tests::test_preliminary_common_endpoint_compare_uses_context_not_query_index ... ok
test algorithm::blastp::blast_engine::tests::test_preliminary_hit_from_local_match_hsp_preserves_ncbi_gapped_starts_and_context ... ok
test algorithm::blastp::blast_engine::tests::test_prepare_preliminary_hits_for_kappa_keeps_first_equal_endpoint_hsp ... ok
test algorithm::blastp::blast_engine::tests::test_prepare_preliminary_hits_for_kappa_keeps_shared_endpoints_on_subject_frame_change ... ok
test algorithm::blastp::blast_engine::tests::test_blastp_for_each_offset_pair_dispatches_compressed_lookup ... ok
test algorithm::blastp::blast_engine::tests::test_prepare_preliminary_hits_for_kappa_purges_shared_endpoints_then_sorts ... ok
test algorithm::blastp::blast_engine::tests::test_rebuild_preliminary_interval_tree_drops_only_retried_query_hsps ... ok
test algorithm::blastp::blast_engine::tests::test_redone_match_heaps_use_hitlist_size_not_prelim_hitlist_size ... ok
test algorithm::blastp::blast_engine::tests::test_restricted_preliminary_score_retries_exact_within_ncbi_inconclusive_band ... ok
test algorithm::blastp::blast_engine::tests::test_split_preliminary_hits_by_query_preserves_subject_order_within_query ... ok
test algorithm::blastp::blast_engine::tests::test_two_hit_caller_preserves_second_hit_seed_and_length_when_left_stops_early ... ok
test algorithm::blastp::blast_engine::tests::test_two_hit_caller_preserves_second_hit_seed_and_length_when_right_extension_occurs ... ok
test algorithm::blastp::blast_engine::tests::test_validate_requested_blastp_support_accepts_blastp_fast_word_size_five ... ok
test algorithm::blastp::blast_engine::tests::test_validate_requested_blastp_support_rejects_non_default_scoring ... ok
test algorithm::blastp::blast_engine::tests::test_validate_requested_blastp_support_rejects_unified_p_mode ... ok
test algorithm::blastp::blast_engine::tests::test_validate_requested_blastp_support_rejects_unverified_compressed_word_size ... ok
test algorithm::blastp::encoding::tests::test_encode_protein_sequence_adds_sentinels ... ok
test algorithm::blastp::encoding::tests::test_ncbistdaa_to_ascii_roundtrip ... ok
test algorithm::blastp::extension::tests::test_extend_one_hit_returns_ncbi_blast_ungapped_data_payload ... ok
test algorithm::blastp::extension::tests::test_extend_two_hit_returns_ncbi_payload_when_left_reaches_first_hit ... ok
test algorithm::blastp::extension::tests::test_extend_two_hit_returns_ncbi_payload_when_left_stops_before_first_hit ... ok
test algorithm::blastp::gapalign::tests::test_adjust_subject_range_keeps_short_subject ... ok
test algorithm::blastp::gapalign::tests::test_adjust_subject_range_shifts_long_subject_ncbi_style ... ok
test algorithm::blastp::gapalign::tests::test_align_ex_protein_sets_fence_hit_on_ncbi_fence_sentry ... ok
test algorithm::blastp::gapalign::tests::test_blast_gapped_alignment_with_traceback_skips_right_extension_after_left_fence_hit ... ok
test algorithm::blastp::gapalign::tests::test_blastp_traceback_builds_gap_script ... ok
test algorithm::blastp::gapalign::tests::test_debug_traceback_start_scan_wssv_488_vs_bdt63510 ... ignored, diagnostic start scan for the residual WSSV/PajaWSV CBS=2 traceback diff
test algorithm::blastp::gapalign::tests::test_prelim_edit_ops_to_gap_edit_script_merges_last_forward_op_ncbi_style ... ok
test algorithm::blastp::gapalign::tests::test_prelim_edit_ops_to_gap_edit_script_reverses_forward_ops_ncbi_style ... ok
test algorithm::blastp::gapalign::tests::test_prune_terminal_gap_ops_updates_score_and_boundaries_ncbi_style ... ok
test algorithm::blastp::gapalign::tests::test_reevaluate_blastp_hit_extends_left_over_exact_low_residue_match ... ok
test algorithm::blastp::gapalign::tests::test_reevaluate_blastp_hit_keeps_best_subalignment ... ok
test algorithm::blastp::gapalign::tests::test_reevaluate_blastp_hit_masks_query_residue_with_ncbi_k_residue_mask ... ok
test algorithm::blastp::gapalign::tests::test_reevaluate_blastp_hit_trims_partial_leading_sub_run ... ok
test algorithm::blastp::gapalign::tests::test_score_only_alignment_exact_preserves_original_subject_coordinates_with_shift ... ok
test algorithm::blastp::gapalign::tests::test_score_only_alignment_keeps_seed_when_start_is_last_residue ... ok
test algorithm::blastp::gapalign::tests::test_score_only_alignment_restricted_preserves_original_subject_coordinates_with_shift ... ok
test algorithm::blastp::gapalign::tests::test_score_only_alignment_reused_scratch_matches_fresh_scratch ... ok
test algorithm::blastp::gapalign::tests::test_traceback_fence_exposes_only_initialized_prefix ... ok
test algorithm::blastp::gapalign::tests::test_traceback_keeps_seed_when_start_is_last_residue ... ok
test algorithm::blastp::hsp::tests::test_compo_heap_pop_returns_worst_record_first ... ok
test algorithm::blastp::hsp::tests::test_compo_heap_would_insert_uses_ncbi_score_and_subject_tie_breakers ... ok
test algorithm::blastp::hsp::tests::test_fill_results_from_compo_heaps_builds_hitlist_via_hitlist_update ... ok
test algorithm::blastp::hsp::tests::test_hit_list_update_and_prune_keep_best_subjects ... ok
test algorithm::blastp::hsp::tests::test_hit_list_update_replaces_equal_worst_with_newer_oid ... ok
test algorithm::blastp::hsp::tests::test_purge_hits_with_common_endpoints_dense_duplicate_switches_to_bitmap ... ok
test algorithm::blastp::hsp::tests::test_purge_hits_with_common_endpoints_ex_keeps_single_hsp_list_order_without_regrouping ... ok
test algorithm::blastp::hsp::tests::test_purge_hits_with_common_endpoints_keeps_longer_match ... ok
test algorithm::blastp::hsp::tests::test_purge_hits_with_common_endpoints_no_duplicate_allocates_no_removal_marks ... ok
test algorithm::blastp::hsp::tests::test_purge_hits_with_common_endpoints_sparse_duplicate_uses_index_marks ... ok
test algorithm::blastp::hsp::tests::test_reap_hsplist_by_evalue_preserves_ncbi_compaction_order ... ok
test algorithm::blastp::hsp::tests::test_score_compare_hits_prefers_higher_score_then_offsets ... ok
test algorithm::blastp::hsp::tests::test_sort_hsplist_by_evalue_uses_score_compare_as_tie_breaker ... ok
test algorithm::blastp::hsp::tests::test_sort_hsplist_by_score_matches_ncbi_tie_breakers ... ok
test algorithm::blastp::kappa::tests::test_adjust_evalues_for_composition_matches_ncbi_sequence_scaling ... ok
test algorithm::blastp::kappa::tests::test_build_incoming_alignment_list_uses_truncating_scaled_score_and_query_index ... ok
test algorithm::blastp::kappa::tests::test_evaluate_and_purge_uses_scaled_lambda_for_spouge ... ok
test algorithm::blastp::kappa::tests::test_evaluate_and_purge_uses_spouge_for_gapped_blastp ... ok
test algorithm::blastp::kappa::tests::test_hits_from_distinct_alignments_uses_edit_script_context ... ok
test algorithm::blastp::kappa::tests::test_normalize_scores_uses_blast_nint_and_scaled_bit_score ... ok
test algorithm::blastn::extension::four_base_tests::every_blastna_word_and_starting_phase_matches_c_uint1_expression ... ok
test algorithm::blastp::kappa::tests::test_query_range_data_rejects_negative_begin_instead_of_clamping - should panic ... ok
test algorithm::blastp::kappa::tests::test_reap_contained_hits_discards_lower_scoring_inner_hit ... ok
test algorithm::blastp::kappa::tests::test_reap_contained_hits_requires_matching_subject_frame ... ok
test algorithm::blastp::kappa::tests::test_reap_contained_hits_uses_internal_offsets_ncbi_style ... ok
test algorithm::blastp::kappa::tests::test_recompute_num_identities_ungapped ... ok
test algorithm::blastp::kappa::tests::test_recompute_num_identities_uses_query_nomask ... ok
test algorithm::blastp::kappa::tests::test_redo_preliminary_blastp_hit_preserves_internal_offsets_with_ranges ... ok
test algorithm::blastp::kappa::tests::test_subject_range_data_rejects_negative_begin_instead_of_clamping - should panic ... ok
test algorithm::blastp::kappa::tests::test_subject_range_near_identical_uses_original_range_offset ... ok
test algorithm::blastp::kappa::tests::test_subject_range_slice_has_fresh_leading_sentinel ... ok
test algorithm::blastp::kappa::tests::test_subject_seg_preserves_prior_not_biased_state ... ok
test algorithm::blastp::kappa::tests::test_subject_seg_skips_exact_near_identical_subject ... ok
test algorithm::tblastx::blast_engine::run_impl::tests::adjust_tblastx_chunk_subject_offsets_adjusts_subject_coordinates ... ok
test algorithm::blastn::blast_engine::run::tests::speculative_traceback_preserves_ordered_gapped_hsps ... ok
test algorithm::tblastx::blast_engine::run_impl::tests::merge_tblastx_subject_chunk_hits_keeps_current_hits_after_overlap_strip ... ok
test algorithm::tblastx::blast_engine::run_impl::tests::merge_tblastx_subject_chunk_hits_keeps_different_context_hits ... ok
test algorithm::tblastx::blast_engine::run_impl::tests::merge_tblastx_subject_chunk_hits_keeps_previous_hits_before_overlap_strip ... ok
test algorithm::tblastx::blast_engine::run_impl::tests::merge_tblastx_subject_chunk_hits_merges_hsp_fully_inside_overlap_strip ... ok
test algorithm::tblastx::blast_engine::run_impl::tests::merge_tblastx_subject_chunk_hits_merges_negative_subject_frame_overlap ... ok
test algorithm::tblastx::blast_engine::run_impl::tests::merge_tblastx_subject_chunk_hits_merges_overlap_strip_same_context ... ok
test algorithm::tblastx::blast_engine::run_impl::tests::scan_interior_ranges_keep_right_lookahead_without_duplicate_emission ... ok
test algorithm::tblastx::blast_engine::run_impl::tests::subject_split_state_keeps_short_subjects_as_single_chunk ... ok
test algorithm::blastp::kappa::tests::test_subject_seg_masks_when_enabled_and_not_near_identical ... ok
test algorithm::tblastx::blast_engine::run_impl::tests::subject_split_state_uses_ncbi_max_len_and_overlap ... ok
test algorithm::tblastx::blast_gapalign::tests::test_get_ungapped_hsp_list_fails_fast_on_negative_context_relative_query_start - should panic ... ok
test algorithm::tblastx::blast_gapalign::tests::test_get_ungapped_hsp_list_preserves_insertion_order_when_score_sorted ... ok
test algorithm::tblastx::blast_gapalign::tests::test_get_ungapped_hsp_list_sorts_like_ncbi_score_compare_match ... ok
test algorithm::tblastx::blast_gapalign::tests::test_ncbi_score_sort_preserves_current_hsp_list_order_for_equal_hits ... ok
test algorithm::tblastx::blast_aascan::tests::test_s_blast_aa_scan_subject_small_buffer_resumes_without_splitting_subject_offset ... ok
test algorithm::tblastx::filtering::purge_endpoints::tests::test_mixed_subject_purge_is_wrong ... ok
test algorithm::blastp::gapalign::tests::test_traceback_contiguous_rows_reused_scratch_matches_fresh ... ok
test algorithm::tblastx::filtering::purge_endpoints::tests::test_purge_different_context_not_duplicate ... ok
test algorithm::tblastx::filtering::purge_endpoints::tests::test_purge_different_s_frame_not_duplicate ... ok
test algorithm::tblastx::filtering::purge_endpoints::tests::test_purge_ncbi_parity ... ok
test algorithm::tblastx::ncbi_cutoffs::tests::test_blast_gap_decay_rate_constant ... ok
test algorithm::tblastx::ncbi_cutoffs::tests::complete_subject_set_effective_lengths ... ok
test algorithm::tblastx::lookup::backbone::tests::test_prepare_lookup_query_marks_failed_ungapped_ka_context_invalid ... ok
test algorithm::tblastx::ncbi_cutoffs::tests::test_cutoff_e_tblastx_constant ... ok
test algorithm::tblastx::ncbi_cutoffs::tests::test_cutoff_for_update_long_sequence ... ok
test algorithm::tblastx::ncbi_cutoffs::tests::test_cutoff_for_update_very_long_sequence ... ok
test algorithm::tblastx::lookup::backbone::tests::test_build_ncbi_lookup_multiple_queries_do_not_cross_shared_boundary_sentinel ... ok
test algorithm::tblastx::ncbi_cutoffs::tests::test_cutoff_score_cap_effective ... ok
test algorithm::tblastx::ncbi_cutoffs::tests::test_cutoff_score_for_update_tblastx ... ok
test algorithm::tblastx::ncbi_cutoffs::tests::test_cutoff_score_from_evalue_uses_ceil ... ok
test algorithm::tblastx::ncbi_cutoffs::tests::test_cutoff_score_gap_trigger_wins ... ok
test algorithm::tblastx::lookup::backbone::tests::test_prepare_lookup_query_shares_single_boundary_sentinel_and_context_offsets ... ok
test algorithm::tblastx::ncbi_cutoffs::tests::test_cutoff_score_max_for_tblastx ... ok
test algorithm::tblastx::ncbi_cutoffs::tests::test_cutoff_score_max_long_sequence ... ok
test algorithm::tblastx::lookup::backbone::tests::test_prepare_lookup_query_converts_seg_masks_to_absolute_inclusive_segments ... ok
test algorithm::tblastx::ncbi_cutoffs::tests::test_db_length_integer_division_edge_cases ... ok
test algorithm::tblastx::ncbi_cutoffs::tests::test_cutoff_update_vs_legacy ... ok
test algorithm::tblastx::ncbi_cutoffs::tests::test_db_length_matches_ncbi_integer_division ... ok
test algorithm::tblastx::ncbi_cutoffs::tests::test_eff_searchsp_long_sequence ... ok
test algorithm::tblastx::ncbi_cutoffs::tests::test_eff_searchsp_very_long_sequence ... ok
test algorithm::tblastx::ncbi_cutoffs::tests::test_gap_trigger_raw_score ... ok
test algorithm::tblastx::ncbi_cutoffs::tests::test_gap_trigger_uses_trunc_not_ceil ... ok
test algorithm::tblastx::ncbi_cutoffs::tests::test_x_drop_different_bits ... ok
test algorithm::tblastx::ncbi_cutoffs::tests::test_x_drop_raw_score_blosum62 ... ok
test algorithm::tblastx::ncbi_cutoffs::tests::test_x_drop_uses_ceil_not_trunc ... ok
test algorithm::tblastx::ncbi_cutoffs::tests::test_x_drop_with_scale_factor ... ok
test algorithm::tblastx::sum_stats_linking::cutoffs::database_cutoff_tests::complete_database_changes_linking_cutoff ... ok
test algorithm::tblastx::sum_stats_linking::linking::tests::dual_maximum_boundaries_and_channel_ties ... ok
test algorithm::tblastx::sum_stats_linking::linking::tests::dual_maximum_rebuild_replaces_unrepaired_state ... ok
test algorithm::tblastx::sum_stats_linking::linking::tests::dual_maximum_surviving_addback_and_multi_remove ... ok
test algorithm::tblastx::sum_stats_linking::linking::tests::large_gap_scan_preserves_initial_state_and_zero_one_jumps ... ok
test algorithm::tblastx::sum_stats_linking::linking::tests::large_gap_scan_preserves_strict_ties_mapping_and_xsum_bits ... ok
test algorithm::tblastx::sum_stats_linking::linking::tests::test_hsp_sort_identical_coords ... ok
test algorithm::tblastx::lookup::backbone::tests::test_build_ncbi_lookup_preserves_overflow_query_offset_append_order ... ok
test algorithm::tblastx::sum_stats_linking::linking::tests::test_hsp_sort_order_matches_ncbi ... ok
test algorithm::tblastx::sum_stats_linking::linking::tests::dual_maximum_deterministic_state_transitions ... ok
test algorithm::tblastx::sum_stats_linking::linking::tests::test_link_reference_replay_singleton_and_repeated_indices ... ok
test algorithm::tblastx::sum_stats_linking::linking::tests::test_final_link_sorts_preserve_payloads_addresses_and_all_ties ... ok
test algorithm::tblastx::sum_stats_linking::linking::tests::test_ncbi_comparison_semantics ... ok
test algorithm::tblastx::sum_stats_linking::linking::tests::test_link_sort_tie_preserves_current_hsp_list_order_for_equal_hits ... ok
test algorithm::tblastx::sum_stats_linking::linking::tests::test_replay_ncbi_output_list_inserts_chain_members_after_head ... ok
test algorithm::tblastx::translation::tests::test_generate_frames ... ok
test algorithm::tblastx::translation::tests::test_ncbistdaa_encoding ... ok
test algorithm::tblastx::ungapped_hit_sort::tests::comparator_equal_hits_preserve_incoming_order_without_an_extra_key ... ok
test algorithm::tblastx::ungapped_hit_sort::tests::index_replay_preserves_link_relation_fields ... ok
test algorithm::tblastx::ungapped_hit_sort::tests::index_replay_preserves_each_complete_original_record ... ok
test algorithm::tblastx::translation::tests::test_sentinel_positions ... ok
test align::result::tests::test_alignment_result_identity ... ok
test align::result::tests::test_alignment_builder ... ok
test align::result::tests::test_edit_script_stats ... ok
test align::sw_banded::tests::test_extend_gapped_simple ... ok
test align::sw_banded::tests::test_extend_heuristic ... ok
test algorithm::blastp::gapalign::tests::test_traceback_score_matches_rescored_edit_script_wssv_537 ... ok
test align::sw_banded::tests::test_extend_with_traceback ... ok
test algorithm::tblastx::sum_stats_linking::linking::tests::test_final_link_replay_parallel_matches_sequential_complete_payloads ... ok
test align::traceback::tests::test_stats_from_edit_script ... ok
test align::traceback::tests::test_traceback_matrix ... ok
test align::traceback::tests::test_ungapped_edit_script ... ok
test common::shared_output_sort_tests::index_replay_moves_each_complete_record_without_synthesis_or_loss ... ok
test algorithm::tblastx::lookup::backbone::tests::test_build_ncbi_lookup_preserves_neighbor_query_offset_append_order ... ok
test algorithm::tblastx::lookup::backbone::tests::test_build_ncbi_lookup_respects_interval_boundaries ... ok
test common::shared_output_sort_tests::public_score_and_evalue_output_entry_points_keep_comparator_semantics ... ok
test common::shared_output_sort_tests::stable_equal_hit_indices_preserve_incoming_complete_records ... ok
test core::blast_encoding::tests::test_decode_base ... ok
test common::shared_output_sort_tests::stable_equal_subject_group_indices_preserve_incoming_order ... ok
test core::blast_encoding::tests::test_decode_kmer ... ok
test core::blast_encoding::tests::test_encode_kmer_from_ascii ... ok
test core::blast_encoding::tests::test_encode_base ... ok
test core::blast_encoding::tests::test_extract_kmer ... ok
test core::blast_encoding::tests::test_extract_kmer_with_ambiguous ... ok
test algorithm::tblastx::lookup::backbone::tests::test_build_ncbi_lookup_skips_words_crossing_invalid_residue ... ok
test core::blast_encoding::tests::test_kmer_iterator ... ok
test algorithm::tblastx::lookup::compressed::tests::compressed_encoded_and_unencoded_indices_match ... ok
test core::blast_encoding::tests::test_kmer_iterator_with_ambiguous ... ok
test core::blast_encoding::tests::test_packed_sequence_get_base ... ok
test core::blast_encoding::tests::test_packed_sequence_new ... ok
test algorithm::tblastx::lookup::compressed::tests::compressed_word_hit_overflow_matches_ncbi_scan_order ... ok
test core::blast_encoding::tests::test_packed_sequence_unpack ... ok
test algorithm::tblastx::lookup::backbone::tests::test_build_ncbi_lookup_query_length_matches_ncbi_sequence_length ... ok
test core::blast_encoding::tests::test_packed_sequence_with_ambiguous ... ok
test core::blast_encoding::tests::test_packing_matches_ncbi_blast ... ok
test core::blast_encoding::tests::test_partial_byte ... ok
test core::blast_encoding::tests::test_sliding_kmer ... ok
test core::blast_filter::tests::test_complex_sequence ... ok
test core::blast_filter::tests::test_encode_base ... ok
test core::blast_filter::tests::test_encode_triplet ... ok
test core::blast_filter::tests::test_is_kmer_masked ... ok
test core::blast_filter::tests::test_params_validation ... ok
test core::blast_filter::tests::test_short_sequence ... ok
test core::blast_stat::composition::tests::test_compute_aa_composition_excludes_x_from_denominator ... ok
test core::blast_stat::composition::tests::test_compute_std_aa_composition_matches_robinson_order ... ok
test core::blast_stat::length_adjustment::tests::test_length_adjustment_basic ... ok
test core::blast_stat::lookup_tables::tests::test_lookup_nucl_params_megablast ... ok
test algorithm::tblastx::lookup::compressed::tests::compressed_scan_subject_small_buffer_resumes_without_splitting_subject_offset ... ok
test core::blast_stat::lookup_tables::tests::test_lookup_protein_params_blosum62 ... ok
test algorithm::tblastx::lookup::backbone::tests::test_build_ncbi_lookup_debruijn_exact_words_match_ncbi_counts ... ok
test core::blast_stat::score_calc::tests::test_bit_score ... ok
test algorithm::tblastx::lookup::compressed::tests::compressed_finalize_sets_pv_and_longest_chain ... ok
test core::blast_stat::sum_statistics::tests::test_gap_decay_divisor ... ok
test algorithm::tblastx::lookup::compressed::tests::compressed_scan_subject_emits_ncbi_subject_major_order ... ok
test core::blast_util::tests::test_blosum62_conversion ... ok
test core::blast_util::tests::test_blosum62_scores ... ok
test core::blast_util::tests::test_ncbistdaa_encoding ... ok
test core::blast_util::tests::test_sentinel_uses_blast_score_min ... ok
test core::blast_util::tests::test_u_and_o_follow_ncbi_matrix_aliases ... ok
test core::composition_adjustment::adjust_scores::tests::test_blast_adjust_scores_returns_none_for_zero_composition_ncbi_style ... ok
test core::composition_adjustment::adjust_scores::tests::test_blast_composition_pvalue_clamps_left_tail ... ok
test core::composition_adjustment::adjust_scores::tests::test_blast_overall_p_value_matches_fisher_style_formula ... ok
test core::composition_adjustment::adjust_scores::tests::test_blast_adjust_scores_returns_adjusted_matrix_for_blosum62 ... ok
test core::composition_adjustment::adjust_scores::tests::test_build_matrix_info_blosum62_rebuilds_start_matrix_from_freq_ratios ... ok
test core::composition_adjustment::adjust_scores::tests::test_read_aa_composition_ignores_x_and_merges_u_into_c ... ok
test core::composition_adjustment::adjust_scores::tests::test_set_xuo_scores_uses_row_average_for_pairwise_ambiguity_to_x ... ok
test core::composition_adjustment::redo_alignment::tests::test_blast_redo_one_match_keeps_distinct_alignments_per_query_index ... ok
test core::composition_adjustment::redo_alignment::tests::test_build_query_word_hashes_matches_ncbi_shift_hash ... ok
test core::composition_adjustment::redo_alignment::tests::test_distinct_alignments_sort_orders_ncbi_style ... ok
test core::composition_adjustment::redo_alignment::tests::test_find_num_identical_accepts_short_hash_slice_for_9aa_window ... ok
test core::composition_adjustment::redo_alignment::tests::test_is_contained_requires_score_tolerance ... ok
test core::composition_adjustment::redo_alignment::tests::test_location_compare_windows_sorts_by_query_then_subject ... ok
test core::composition_adjustment::redo_alignment::tests::test_preliminary_test_near_identical_uses_cutoff_branch ... ok
test core::composition_adjustment::redo_alignment::tests::test_test_near_identical_accepts_high_identity_alignment ... ok
test core::composition_adjustment::redo_alignment::tests::test_test_near_identical_keeps_fraction_check_when_middle_slice_has_no_words ... ok
test core::composition_adjustment::redo_alignment::tests::test_test_near_identical_rejects_low_identity_alignment ... ok
test core::composition_adjustment::redo_alignment::tests::test_windows_from_protein_aligns_preserves_incoming_order_after_reverse_only ... ok
test core::composition_adjustment::redo_alignment::tests::test_windows_from_protein_aligns_separates_queries_by_index ... ok
test core::composition_adjustment::redo_alignment::tests::test_with_distinct_ends_keeps_best_shared_endpoint ... ok
test core::composition_adjustment::redo_alignment::tests::test_with_distinct_ends_similar_endpoint_requires_same_frame ... ok
test core::gencode_singleton::tests::test_ambiguous_codon ... ok
test core::gencode_singleton::tests::test_invalid_length ... ok
test core::gencode_singleton::tests::test_standard_code ... ok
test post::chain::tests::test_chain_nearby_hsps ... ok
test core::blast_filter::tests::test_simple_repeat ... ok
test post::chain::tests::test_cluster_by_diagonal ... ok
test post::chain::tests::test_filter_overlapping ... ok
test post::chain::tests::test_ncbi_compat_no_chaining ... ok
test post::chain::tests::test_no_chain_distant_hsps ... ok
test post::filter::tests::test_calculate_overlap ... ok
test post::filter::tests::test_filter_by_evalue ... ok
test post::filter::tests::test_filter_overlapping ... ok
test post::filter::tests::test_keep_top_n ... ok
test report::outfmt6::tests::test_exponent_padding_without_generated_fixture ... ok
test report::outfmt6::tests::test_format_bitscore_ncbi_large ... ok
test report::outfmt6::tests::test_format_bitscore_ncbi_medium ... ok
test report::outfmt6::tests::test_format_bitscore_ncbi_small ... ok
test report::outfmt6::tests::test_format_evalue_compat ... ok
test report::outfmt6::tests::test_format_evalue_ncbi_base_scientific ... ok
test report::outfmt6::tests::test_format_evalue_ncbi_decimal ... ok
test report::outfmt6::tests::test_format_evalue_ncbi_integer ... ok
test report::outfmt6::tests::test_format_evalue_ncbi_medium_scientific ... ok
test report::outfmt6::tests::test_format_evalue_ncbi_small_scientific ... ok
test report::outfmt6::tests::test_format_evalue_ncbi_very_small ... ok
test report::outfmt6::tests::test_format_evalue_ncbi_zero ... ok
test report::outfmt6::tests::test_format_hit ... ok
test report::outfmt6::tests::test_format_hit_ncbi_compat ... ok
test report::outfmt6::tests::test_format_percent_identity_ncbi_divides_before_scaling ... ok
test report::outfmt6::tests::test_generate_summary ... ok
test report::outfmt6::tests::test_output_format_parse ... ok
test report::outfmt6::tests::test_write_with_header ... ok
test report::pairwise::tests::flatfile_wrapping_preserves_ncbi_break_boundaries ... ok
test report::pairwise::tests::test_write_hsp_info ... ok
test report::pairwise::tests::test_write_pairwise_simple ... ok
test report::pairwise::tests::test_write_subject_header ... ok
test seed::aa_word_finder::tests::test_encode_with_stop ... ok
test seed::aa_word_finder::tests::test_encode_decode ... ok
test seed::aa_word_finder::tests::test_kmer_score ... ok
test seed::na_word_finder::tests::test_build_lookup ... ok
test seed::na_word_finder::tests::test_encode_ambiguous ... ok
test seed::na_word_finder::tests::test_encode_decode_kmer ... ok
test seed::na_word_finder::tests::test_word_finder ... ok
test sequence::packed_nucleotide::tests::test_decode_base ... ok
test sequence::packed_nucleotide::tests::test_decode_kmer ... ok
test sequence::packed_nucleotide::tests::test_encode_base ... ok
test sequence::packed_nucleotide::tests::test_encode_kmer_from_ascii ... ok
test sequence::packed_nucleotide::tests::test_extract_kmer ... ok
test sequence::packed_nucleotide::tests::test_extract_kmer_with_ambiguous ... ok
test sequence::packed_nucleotide::tests::test_kmer_iterator ... ok
test sequence::packed_nucleotide::tests::test_kmer_iterator_with_ambiguous ... ok
test sequence::packed_nucleotide::tests::test_packed_sequence_get_base ... ok
test sequence::packed_nucleotide::tests::test_packed_sequence_new ... ok
test sequence::packed_nucleotide::tests::test_packed_sequence_unpack ... ok
test sequence::packed_nucleotide::tests::test_packed_sequence_with_ambiguous ... ok
test sequence::packed_nucleotide::tests::test_packing_matches_ncbi_blast ... ok
test sequence::packed_nucleotide::tests::test_partial_byte ... ok
test sequence::packed_nucleotide::tests::test_sliding_kmer ... ok
test stats::karlin::tests::test_bit_score ... ok
test stats::karlin::tests::test_evalue ... ok
test stats::karlin::tests::test_round_trip ... ok
test stats::karlin_calc::tests::test_apply_check_ideal ... ok
test stats::karlin_calc::tests::test_compute_aa_composition ... ok
test stats::karlin_calc::tests::test_compute_aa_composition_excludes_x_from_denominator ... ok
test stats::karlin_calc::tests::test_compute_score_freq_profile ... ok
test stats::karlin_calc::tests::test_compute_std_aa_composition ... ok
test stats::length_adjustment::tests::test_length_adjustment_basic ... ok
test algorithm::blastn::blast_engine::run::tests::word7_uses_subject_set_cutoffs ... ok
test stats::length_adjustment::tests::test_length_adjustment_db_num_seqs_effect ... ok
test stats::length_adjustment::tests::test_length_adjustment_edge_cases ... ok
test stats::length_adjustment::tests::test_length_adjustment_includes_beta ... ok
test stats::length_adjustment::tests::test_length_adjustment_nucleotide ... ok
test stats::length_adjustment::tests::test_length_adjustment_single_sequence ... ok
test stats::length_adjustment::tests::test_length_adjustment_zero_inputs ... ok
test stats::search_space::tests::test_database_search_space ... ok
test stats::search_space::tests::test_length_adjustment ... ok
test stats::search_space::tests::test_length_adjustment_convergence ... ok
test stats::search_space::tests::test_simple_search_space ... ok
test stats::spouge::tests::test_blast_spouge_etos_matches_ncbi_formula_for_representative_evalues ... ok
test stats::spouge::tests::test_blast_spouge_stoe_matches_ncbi_formula_for_representative_tail_inputs ... ok
test stats::spouge::tests::test_blast_spouge_stoe_matches_ncbi_formula_for_scaled_lambda ... ok
test stats::spouge::tests::test_lookup_protein_gumbel_params_blosum62_11_1 ... ok
test stats::sum_statistics::tests::test_gap_decay_divisor ... ok
test stats::sum_statistics::tests::test_ln_factorial ... ok
test stats::sum_statistics::tests::test_normalize_score ... ok
test stats::sum_statistics::tests::test_p_to_e_and_e_to_p ... ok
test stats::sum_statistics::tests::test_small_gap_sum_e_single_hsp ... ok
test stats::tables::tests::test_lookup_nucl_params_blastn ... ok
test stats::tables::tests::test_lookup_nucl_params_blastn_ungapped ... ok
test stats::tables::tests::test_lookup_nucl_params_gap_fallback ... ok
test stats::tables::tests::test_lookup_nucl_params_megablast ... ok
test stats::tables::tests::test_lookup_nucl_params_unsupported_fallback ... ok
test stats::tables::tests::test_lookup_protein_params_blosum62 ... ok
test utils::dust::tests::test_complex_sequence ... ok
test utils::dust::tests::test_encode_base ... ok
test utils::dust::tests::test_encode_triplet ... ok
test utils::dust::tests::test_is_kmer_masked ... ok
test utils::dust::tests::test_params_validation ... ok
test utils::dust::tests::test_short_sequence ... ok
test utils::dust::tests::test_simple_repeat ... ok
test utils::matrix::tests::test_blosum62_ncbistdaa_direct_matches_generic_for_blastaa_alphabet ... ok
test utils::matrix::tests::test_blosum62_ncbistdaa_score_row_matches_direct_scores ... ok
test utils::matrix::tests::test_blosum62_scores ... ok
test utils::matrix::tests::test_matrix_defscores_follow_ncbi ... ok
test utils::matrix::tests::test_ncbistdaa_encoding ... ok
test utils::matrix::tests::test_non_blosum62_standard_matrices ... ok
test utils::matrix::tests::test_sentinel_uses_blast_score_min ... ok
test utils::matrix::tests::test_standard_matrix_conversion ... ok
test utils::matrix::tests::test_u_and_o_follow_ncbi_matrix_aliases ... ok
test utils::seg::tests::test_calculate_entropy ... ok
test utils::seg::tests::test_mask_complex_sequence ... ok
test utils::seg::tests::test_mask_sequence_matches_ncbi_segmasker_bdt63528 ... ok
test utils::seg::tests::test_mask_sequence_matches_ncbi_segmasker_bdt63134 ... ok
test utils::seg::tests::test_mask_short_sequence ... ok
test utils::seg::tests::test_mask_sequence_matches_ncbi_segmasker_bdt63533 ... ok
test utils::seg::tests::test_merge_segs_inclusive_matches_ncbi_overlap_merge ... ok
test utils::seg::tests::test_mask_sequence_matches_ncbi_segmasker_wp_025208655_1 ... ok
test utils::seg::tests::test_seg_params_default ... ok
test utils::seg::tests::test_seg_params_validation ... ok
test utils::seg::tests::test_mask_sequence_matches_ncbi_segmasker_yp_009220537_1 ... ok
test utils::threading::tests::caller_registration_is_cleared_after_panic ... ok
test utils::threading::tests::invalid_request_never_enters_search ... ok
test utils::seg::tests::test_mask_sequence_matches_ncbi_segmasker_bdt63510 ... ok
test utils::seg::tests::test_mask_sequence_matches_ncbi_segmasker_wp_025208654_1 ... ok
test utils::threading::tests::repeated_pools_include_caller_and_preserve_errors ... ok
test utils::seg::tests::test_mask_sequence_matches_ncbi_segmasker_bdt63573 ... ok
test utils::seg::tests::test_mask_sequence_matches_ncbi_segmasker_bdv02435_1 ... ok
test utils::seg::tests::test_mask_simple_repeat ... ok
test utils::seg::tests::test_mask_sequence_matches_ncbi_segmasker_yp_009220574_1 ... ok
test utils::seg::tests::test_mask_sequence_matches_ncbi_segmasker_yp_009220568_1 ... ok
test utils::seg::tests::test_mask_sequence_matches_ncbi_segmasker_bdv02435_1_query_defaults ... ok
test algorithm::tblastx::lookup::backbone::tests::test_build_ncbi_lookup_representative_neighbor_counts_match_bruteforce ... ok
test seed::aa_word_finder::tests::test_neighborhood_index ... ok

test result: ok. 433 passed; 0 failed; 1 ignored; 0 measured; 0 filtered out; finished in 5.84s

     Running unittests src/main.rs (/tmp/losat-run03-standard-tests/I4/debug/deps/LOSAT-47d1dc164c2c3d2b)

running 0 tests

test result: ok. 0 passed; 0 failed; 0 ignored; 0 measured; 0 filtered out; finished in 0.00s

     Running tests/cli_smoke.rs (/tmp/losat-run03-standard-tests/I4/debug/deps/cli_smoke-c932301b4fcd1e94)

running 5 tests
test missing_input_file_reports_explicit_query_error ... ok
test unsupported_blastp_option_fails_before_file_io ... ok
test malformed_fasta_reports_parse_error ... ok
test cli_help_and_version_are_available_without_inputs ... ok
test normal_tblastx_run_keeps_stderr_clean_without_debug_env ... ok

test result: ok. 5 passed; 0 failed; 0 ignored; 0 measured; 0 filtered out; finished in 0.02s

     Running tests/cli_v2.rs (/tmp/losat-run03-standard-tests/I4/debug/deps/cli_v2-9181c57f9b0e26e7)

running 8 tests
test flags_and_value_tokens_are_not_reinterpreted ... ok
test canonical_options_for_every_program ... ok
test defaults_and_task_overrides_remain_distinct ... ok
test legacy_and_unsupported_syntax_is_unknown ... ok
test filtering_has_exactly_one_shared_value_grammar ... ok
test composition_tokens_round_trip_and_reject_suffix_garbage ... ok
test output_capabilities_fail_explicitly_and_help_is_canonical ... ok
test numeric_values_are_validated_before_io ... ok

test result: ok. 8 passed; 0 failed; 0 ignored; 0 measured; 0 filtered out; finished in 0.01s

     Running tests/compressed_lookup.rs (/tmp/losat-run03-standard-tests/I4/debug/deps/compressed_lookup-65f7754cb84f0661)

running 4 tests
test compressed_encoded_and_unencoded_indices_match ... ok
test compressed_word_hit_overflow_matches_ncbi_scan_order ... ok
test compressed_finalize_sets_pv_and_longest_chain ... ok
test compressed_neighbor_lookup_builds_representative_blosum62_word ... ok

test result: ok. 4 passed; 0 failed; 0 ignored; 0 measured; 0 filtered out; finished in 0.02s

     Running tests/megablast_xdrop.rs (/tmp/losat-run03-standard-tests/I4/debug/deps/megablast_xdrop-cac52d8ae82ace12)

running 1 test
test megablast_automatic_xdrop_preserves_oracle_scripts ... ok

test result: ok. 1 passed; 0 failed; 0 ignored; 0 measured; 0 filtered out; finished in 0.97s

     Running tests/unit_tests.rs (/tmp/losat-run03-standard-tests/I4/debug/deps/unit_tests-e0e01e6b9b99a4bd)

running 178 tests
test unit::blastn::alignment::test_gdb3_negative_numbers ... ok
test unit::blastn::alignment::test_gdb3_large_numbers ... ok
test unit::blastn::alignment::test_gdb3_all_zero ... ok
test ncbi_comparison::test_effective_search_space_ncbi_comparison ... ok
test unit::blastn::alignment::test_gdb3_no_reduction ... ok
test unit::blastn::alignment::test_gdb3_prime_numbers ... ok
test unit::blastn::alignment::test_gdb3_with_reduction ... ok
test unit::blastn::alignment::test_gdb3_zero_b ... ok
test unit::blastn::constants::test_greedy_alignment_constants ... ok
test unit::blastn::constants::test_invalid_diag ... ok
test unit::blastn::constants::test_max_direct_lookup_word_size ... ok
test unit::blastn::constants::test_max_hits_per_kmer ... ok
test unit::blastn::args::test_custom_task ... ok
test unit::blastn::args::test_custom_evalue ... ok
test unit::blastn::constants::test_min_ungapped_score_thresholds ... ok
test unit::blastn::args::test_custom_num_threads ... ok
test unit::blastn::constants::test_x_drop_constants ... ok
test unit::blastn::args::test_custom_scoring_parameters ... ok
test unit::blastn::constants::test_invalid_offset ... ok
test unit::blastn::constants::test_two_hit_window ... ok
test unit::blastn::args::test_custom_max_target_seqs ... ok
test unit::blastn::extension::test_extend_hit_ungapped_at_sequence_end ... ok
test unit::blastn::extension::test_extend_hit_ungapped_coordinates ... ok
test unit::blastn::extension::test_extend_hit_ungapped_at_sequence_start ... ok
test unit::blastn::args::test_custom_word_size ... ok
test unit::blastn::extension::test_extend_hit_ungapped_different_reward_penalty ... ok
test unit::blastn::extension::test_extend_hit_ungapped_perfect_match ... ok
test unit::blastn::args::test_default_values ... ok
test unit::blastn::args::test_output_path ... ok
test unit::blastn::args::test_dust_options ... ok
test unit::blastn::args::test_verbose_flag ... ok
test unit::blastn::extension::test_extend_hit_ungapped_short_sequences ... ok
test unit::blastn::args::test_query_and_subject_paths ... ok
test unit::blastn::extension::test_extend_hit_ungapped_with_mismatches ... ok
test unit::blastn::extension::test_extend_hit_ungapped_x_drop_termination ... ok
test unit::blastn::lookup::test_encode_kmer_basic ... ok
test unit::blastn::lookup::test_encode_kmer_case_insensitive ... ok
test unit::blastn::lookup::test_encode_kmer_different_lengths ... ok
test unit::blastn::lookup::test_encode_kmer_different_positions ... ok
test unit::blastn::lookup::test_encode_kmer_invalid_base ... ok
test unit::blastn::lookup::test_encode_kmer_out_of_bounds ... ok
test unit::blastn::lookup::test_reverse_complement_actual ... ok
test unit::blastn::lookup::test_reverse_complement_ambiguous_bases ... ok
test unit::blastn::lookup::test_reverse_complement_basic ... ok
test unit::blastn::lookup::test_reverse_complement_case_insensitive ... ok
test unit::blastn::lookup::test_reverse_complement_round_trip ... ok
test unit::blastn::lookup::test_reverse_complement_u_and_t ... ok
test unit::common::chaining::test_calculate_overlap_adjacent ... ok
test unit::common::chaining::test_calculate_overlap_full_overlap ... ok
test unit::common::chaining::test_calculate_overlap_no_overlap ... ok
test unit::common::chaining::test_calculate_overlap_one_inside_other ... ok
test unit::common::chaining::test_calculate_overlap_partial_overlap ... ok
test unit::common::chaining::test_can_chain_hsps_close_hsps ... ok
test unit::common::chaining::test_can_chain_hsps_large_diagonal_drift ... ok
test unit::common::chaining::test_can_chain_hsps_large_overlap ... ok
test unit::common::chaining::test_can_chain_hsps_small_overlap ... ok
test unit::common::chaining::test_can_chain_hsps_too_far ... ok
test unit::common::chaining::test_filter_overlapping_hsps_different_queries ... ok
test unit::common::chaining::test_filter_overlapping_hsps_different_subjects ... ok
test unit::common::chaining::test_filter_overlapping_hsps_empty ... ok
test unit::common::chaining::test_filter_overlapping_hsps_high_overlap ... ok
test unit::common::chaining::test_filter_overlapping_hsps_low_overlap ... ok
test unit::common::chaining::test_filter_overlapping_hsps_no_overlap ... ok
test unit::common::chaining::test_filter_overlapping_hsps_single_hit ... ok
test unit::common::chaining::test_filter_overlapping_hsps_sorted_by_score ... ok
test unit::common::chaining::test_filter_overlapping_hsps_zero_threshold ... ok
test unit::common::diagnostics::test_base_diagnostic_counters_atomic_operations ... ok
test unit::common::diagnostics::test_base_diagnostic_counters_initialization ... ok
test unit::common::diagnostics::test_diagnostic_output_formatting ... ok
test unit::common::diagnostics::test_diagnostic_output_formatting_nucleotide ... ok
test unit::common::diagnostics::test_diagnostics_enabled ... ok
test unit::common::diagnostics::test_nucleotide_diagnostic_counters_atomic_operations ... ok
test unit::common::diagnostics::test_nucleotide_diagnostic_counters_initialization ... ok
test unit::common::diagnostics::test_protein_diagnostic_counters_atomic_operations ... ok
test unit::common::diagnostics::test_protein_diagnostic_counters_initialization ... ok
test unit::common::evalue::test_bit_score_calculation ... ok
test unit::common::evalue::test_bit_score_with_nucleotide_params ... ok
test unit::common::evalue::test_bit_score_zero_score ... ok
test unit::common::evalue::test_evalue_alignment_length ... ok
test unit::common::evalue::test_evalue_alignment_length_large_alignment ... ok
test unit::common::evalue::test_evalue_alignment_length_minimum_space ... ok
test unit::common::evalue::test_evalue_consistency ... ok
test unit::common::evalue::test_evalue_database_search ... ok
test unit::common::evalue::test_evalue_database_search_large_database ... ok
test unit::common::evalue::test_evalue_monotonicity ... ok
test unit::common::evalue_ncbi::test_effective_search_space_variation ... ok
test unit::common::evalue_ncbi::test_evalue_against_ncbi_blastn_with_effective_space ... ignored
test unit::common::evalue_ncbi::test_evalue_against_ncbi_tblastx_with_effective_space ... ignored
test unit::common::evalue_ncbi::test_evalue_with_fixed_alignment ... ok
test unit::common::evalue_ncbi::test_parameter_set_independence ... ok
test unit::stats::evalue_precision::test_evalue_edge_cases ... ok
test unit::stats::evalue_precision::test_ln_factorial_int_large ... ok
test unit::stats::evalue_precision::test_ln_factorial_int_medium ... ok
test unit::stats::evalue_precision::test_ln_factorial_int_small ... ok
test unit::stats::evalue_precision::test_p_to_e_round_trip ... ok
test unit::stats::evalue_precision::test_small_gap_sum_e_large_chain ... ok
test unit::stats::evalue_precision::test_small_gap_sum_e_medium_chain ... ok
test unit::stats::evalue_precision::test_small_gap_sum_e_single_hsp ... ok
test unit::stats::evalue_precision::test_small_gap_sum_e_small_chain ... ok
test unit::stats::evalue_precision::test_xsum_accumulation_precision ... ok
test unit::stats::evalue_precision_fix_verification::test_large_gap_sum_e_weight_divisor ... ok
test unit::stats::evalue_precision_fix_verification::test_weight_divisor_handling ... ok
test unit::tblastx::args::test_custom_evalue ... ok
test unit::tblastx::args::test_custom_gencode ... ok
test unit::tblastx::args::test_custom_max_target_seqs ... ok
test unit::tblastx::args::test_custom_num_threads ... ok
test unit::tblastx::args::test_custom_threshold ... ok
test unit::tblastx::args::test_custom_word_size ... ok
test unit::tblastx::args::test_default_values ... ok
test unit::tblastx::args::test_output_path ... ok
test unit::tblastx::args::test_query_and_subject_paths ... ok
test unit::tblastx::args::test_seg_options ... ok
test unit::tblastx::chaining::test_chain_and_filter_hsps_protein_different_frames ... ok
test unit::tblastx::chaining::test_chain_and_filter_hsps_protein_different_queries ... ok
test unit::tblastx::chaining::test_chain_and_filter_hsps_protein_different_subjects ... ok
test unit::tblastx::chaining::test_chain_and_filter_hsps_protein_empty ... ok
test unit::tblastx::chaining::test_chain_and_filter_hsps_protein_evalue_filtering ... ok
test unit::tblastx::chaining::test_chain_and_filter_hsps_protein_gapped_vs_ungapped ... ok
test unit::tblastx::chaining::test_chain_and_filter_hsps_protein_multiple_hits_same_frame ... ok
test unit::tblastx::chaining::test_chain_and_filter_hsps_protein_single_hit ... ok
test unit::tblastx::chaining::test_chain_and_filter_hsps_protein_sorting_by_bit_score ... ok
test unit::tblastx::constants::test_chaining_constants ... ok
test unit::tblastx::constants::test_gap_penalties ... ok
test unit::tblastx::constants::test_high_score_threshold ... ok
test unit::tblastx::constants::test_min_ungapped_score ... ok
test unit::tblastx::constants::test_sentinel_constants ... ok
test unit::tblastx::constants::test_stop_codon_encoding ... ok
test unit::tblastx::constants::test_two_hit_window ... ok
test unit::tblastx::constants::test_x_drop_constants ... ok
test unit::tblastx::extension::test_extend_gapped_protein_at_boundaries ... ok
test unit::tblastx::extension::test_extend_gapped_protein_basic ... ok
test unit::tblastx::extension::test_extend_gapped_protein_invalid_bounds ... ok
test unit::tblastx::extension::test_extend_gapped_protein_with_gaps ... ok
test unit::tblastx::extension::test_extend_gapped_protein_with_stop_codons ... ok
test unit::tblastx::extension::test_extend_gapped_protein_zero_length_seed ... ok
test unit::tblastx::extension::test_extend_hit_two_hit_at_boundaries ... ok
test unit::tblastx::extension::test_extend_hit_two_hit_basic ... ok
test unit::tblastx::extension::test_extend_hit_two_hit_no_connection ... ok
test unit::tblastx::extension::test_extend_hit_ungapped_at_sequence_end ... ok
test unit::tblastx::extension::test_extend_hit_ungapped_at_sequence_start ... ok
test unit::tblastx::extension::test_extend_hit_ungapped_coordinates ... ok
test unit::tblastx::extension::test_extend_hit_ungapped_perfect_match ... ok
test unit::tblastx::extension::test_extend_hit_ungapped_with_mismatches ... ok
test unit::tblastx::extension::test_extend_hit_ungapped_x_drop_termination ... ok
test unit::tblastx::extension::test_get_score_basic ... ok
test unit::tblastx::extension::test_get_score_matches ... ok
test unit::tblastx::extension::test_get_score_stop_codon ... ok
test unit::tblastx::lookup::test_build_direct_lookup_amino_acid_positions ... ok
test unit::tblastx::lookup::test_build_direct_lookup_basic ... ok
test unit::tblastx::lookup::test_build_direct_lookup_frame_indices ... ok
test unit::tblastx::lookup::test_build_direct_lookup_multiple_frames ... ok
test unit::tblastx::lookup::test_build_direct_lookup_multiple_queries ... ok
test unit::tblastx::lookup::test_build_direct_lookup_short_sequence ... ok
test unit::tblastx::lookup::test_encode_aa_kmer_basic ... ok
test unit::tblastx::lookup::test_build_direct_lookup_with_seg_masking ... ok
test unit::tblastx::lookup::test_encode_aa_kmer_different_positions ... ok
test unit::tblastx::lookup::test_encode_aa_kmer_edge_cases ... ok
test unit::tblastx::lookup::test_encode_aa_kmer_max_values ... ok
test unit::tblastx::lookup::test_encode_aa_kmer_out_of_bounds ... ok
test unit::tblastx::lookup::test_encode_aa_kmer_with_stop_codon ... ok
test unit::tblastx::lookup::test_build_ncbi_lookup_indexes_low_self_score_exact_word ... ok
test unit::tblastx::translation::test_generate_frames_amino_acid_sequence ... ok
test unit::tblastx::lookup::test_build_ncbi_lookup_longest_chain_tracks_max_cell ... ok
test unit::tblastx::translation::test_generate_frames_basic ... ok
test unit::tblastx::lookup::test_get_context_idx_edge_cases ... ok
test unit::tblastx::translation::test_generate_frames_different_genetic_codes ... ok
test unit::tblastx::translation::test_generate_frames_forward_frames ... ok
test unit::tblastx::translation::test_generate_frames_original_length ... ok
test unit::tblastx::translation::test_generate_frames_reverse_frames ... ok
test unit::tblastx::translation::test_generate_frames_short_sequence ... ok
test unit::tblastx::translation::test_generate_frames_very_short_sequence ... ok
test unit::tblastx::run_engine::db_gencode_controls_local_subject_search_translation ... ok
test unit::tblastx::lookup::test_get_context_idx_matches_ncbi ... ok
test unit::tblastx::lookup::test_get_context_idx_multiple_queries ... ok
test unit::tblastx::run_engine::tblastx_output_filter_debug_stderr_is_env_gated ... ok
test unit::tblastx::run_engine::tblastx_parallel_chunks_matches_serial_on_real_chunk_boundaries ... ok
test unit::tblastx::run_engine::tblastx_serial_scan_chunks_matches_normal_on_ap027133_50k ... ok
test unit::tblastx::run_engine::tblastx_serial_scan_chunks_matches_normal_on_mjenmv has been running for over 60 seconds
test unit::tblastx::run_engine::tblastx_serial_scan_chunks_matches_normal_on_mjenmv ... ok

test result: ok. 176 passed; 0 failed; 2 ignored; 0 measured; 0 filtered out; finished in 218.55s

   Doc-tests LOSAT

running 0 tests

test result: ok. 0 passed; 0 failed; 0 ignored; 0 measured; 0 filtered out; finished in 0.00s

