GAPPED_PARAMS	0	11	1	38	64	0	0	0	0	0
GAPPED_INPUT	0	2
GAPPED_INIT	0	0	3	203	0	200	120	656
GAPPED_INIT	0	1	32	1718	17	1703	19	20
CONTAINS	0	1	0	120	200	320
CONTAINS	0	1	17	36	1703	1722
GAPPED_OUTPUT	0	0	2
GAPPED_HSP	0	0	656	0	0	0	120	29	1	200	320	229
GAPPED_HSP	0	1	20	0	0	17	36	22	1	1703	1722	1708
ENDPOINT_INPUT	1	2
ENDPOINT_IN_HSP	0	656	1	0	120	200	320
ENDPOINT_IN_HSP	1	20	1	17	36	1703	1722
ENDPOINT_OUTPUT	2	2
ENDPOINT_OUT_HSP	0	20	1	17	36	1703	1722
ENDPOINT_OUT_HSP	1	656	1	0	120	200	320
GAPPED_PARAMS	1	11	1	38	64	0	0	0	0	0
GAPPED_INPUT	1	1
GAPPED_INIT	1	0	3	524	0	521	120	656
CONTAINS	0	2	0	120	521	641
GAPPED_OUTPUT	1	0	1
GAPPED_HSP	1	0	656	0	0	0	120	29	2	521	641	550
ENDPOINT_INPUT	1	1
ENDPOINT_IN_HSP	0	656	2	0	120	521	641
ENDPOINT_OUTPUT	1	1
ENDPOINT_OUT_HSP	0	656	2	0	120	521	641
GAPPED_PARAMS	2	11	1	38	64	0	0	0	0	0
GAPPED_INPUT	2	4
GAPPED_INIT	2	0	3	845	0	842	120	656
GAPPED_INIT	2	1	43	1162	31	1150	15	18
GAPPED_INIT	2	2	43	1643	42	1642	4	14
GAPPED_INIT	2	3	50	1011	50	1011	3	13
CONTAINS	0	3	0	120	842	962
CONTAINS	0	3	31	46	1150	1165
CONTAINS	0	3	42	46	1642	1646
CONTAINS	0	3	50	53	1011	1014
GAPPED_OUTPUT	2	0	4
GAPPED_HSP	2	0	656	0	0	0	120	29	3	842	962	871
GAPPED_HSP	2	1	18	0	0	31	46	38	3	1150	1165	1157
GAPPED_HSP	2	2	17	0	0	42	64	44	3	1642	1662	1644
GAPPED_HSP	2	3	13	0	0	50	53	51	3	1011	1014	1012
ENDPOINT_INPUT	1	4
ENDPOINT_IN_HSP	0	656	3	0	120	842	962
ENDPOINT_IN_HSP	1	18	3	31	46	1150	1165
ENDPOINT_IN_HSP	2	17	3	42	64	1642	1662
ENDPOINT_IN_HSP	3	13	3	50	53	1011	1014
ENDPOINT_OUTPUT	4	4
ENDPOINT_OUT_HSP	0	18	3	31	46	1150	1165
ENDPOINT_OUT_HSP	1	13	3	50	53	1011	1014
ENDPOINT_OUT_HSP	2	17	3	42	64	1642	1662
ENDPOINT_OUT_HSP	3	656	3	0	120	842	962
GAPPED_PARAMS	3	11	1	38	64	0	0	0	0	0
GAPPED_INPUT	3	4
GAPPED_INIT	3	0	3	845	0	842	120	656
GAPPED_INIT	3	1	43	972	33	962	13	24
GAPPED_INIT	3	2	63	115	64	116	2	15
GAPPED_INIT	3	3	78	986	78	986	3	14
CONTAINS	0	-1	0	120	842	962
CONTAINS	0	-1	33	46	962	975
CONTAINS	0	-1	64	66	116	118
CONTAINS	0	-1	78	81	986	989
GAPPED_OUTPUT	3	0	4
GAPPED_HSP	3	0	656	0	0	0	120	29	-1	842	962	871
GAPPED_HSP	3	1	24	0	0	33	46	38	-1	962	975	967
GAPPED_HSP	3	2	15	0	0	64	66	65	-1	116	118	117
GAPPED_HSP	3	3	38	0	0	2	82	79	-1	904	990	987
ENDPOINT_INPUT	1	4
ENDPOINT_IN_HSP	0	656	-1	0	120	842	962
ENDPOINT_IN_HSP	1	24	-1	33	46	962	975
ENDPOINT_IN_HSP	2	15	-1	64	66	116	118
ENDPOINT_IN_HSP	3	38	-1	2	82	904	990
ENDPOINT_OUTPUT	4	4
ENDPOINT_OUT_HSP	0	24	-1	33	46	962	975
ENDPOINT_OUT_HSP	1	15	-1	64	66	116	118
ENDPOINT_OUT_HSP	2	38	-1	2	82	904	990
ENDPOINT_OUT_HSP	3	656	-1	0	120	842	962
GAPPED_PARAMS	4	11	1	38	64	0	0	0	0	0
GAPPED_INPUT	4	4
GAPPED_INIT	4	0	3	524	0	521	120	656
GAPPED_INIT	4	1	27	964	17	954	13	36
GAPPED_INIT	4	2	59	1072	55	1068	7	15
GAPPED_INIT	4	3	100	1003	100	1003	3	13
CONTAINS	0	-2	0	120	521	641
CONTAINS	0	-2	17	30	954	967
CONTAINS	0	-2	55	62	1068	1075
CONTAINS	0	-2	100	103	1003	1006
GAPPED_OUTPUT	4	0	4
GAPPED_HSP	4	0	656	0	0	0	120	29	-2	521	641	550
GAPPED_HSP	4	1	36	0	0	17	30	22	-2	954	967	959
GAPPED_HSP	4	2	15	0	0	55	62	58	-2	1068	1075	1071
GAPPED_HSP	4	3	13	0	0	100	103	101	-2	1003	1006	1004
ENDPOINT_INPUT	1	4
ENDPOINT_IN_HSP	0	656	-2	0	120	521	641
ENDPOINT_IN_HSP	1	36	-2	17	30	954	967
ENDPOINT_IN_HSP	2	15	-2	55	62	1068	1075
ENDPOINT_IN_HSP	3	13	-2	100	103	1003	1006
ENDPOINT_OUTPUT	4	4
ENDPOINT_OUT_HSP	0	36	-2	17	30	954	967
ENDPOINT_OUT_HSP	1	15	-2	55	62	1068	1075
ENDPOINT_OUT_HSP	2	13	-2	100	103	1003	1006
ENDPOINT_OUT_HSP	3	656	-2	0	120	521	641
GAPPED_PARAMS	5	11	1	38	64	0	0	0	0	0
GAPPED_INPUT	5	4
GAPPED_INIT	5	0	3	203	0	200	120	656
GAPPED_INIT	5	1	16	1434	12	1430	7	26
GAPPED_INIT	5	2	62	202	62	202	3	23
GAPPED_INIT	5	3	91	62	78	49	16	22
CONTAINS	0	-3	0	120	200	320
CONTAINS	0	-3	12	19	1430	1437
CONTAINS	1	-3	62	65	202	205
CONTAINS	0	-3	78	94	49	65
GAPPED_OUTPUT	5	0	3
GAPPED_HSP	5	0	656	0	0	0	120	29	-3	200	320	229
GAPPED_HSP	5	1	26	0	0	12	19	15	-3	1430	1437	1433
GAPPED_HSP	5	2	27	0	0	78	118	83	-3	49	92	54
ENDPOINT_INPUT	1	3
ENDPOINT_IN_HSP	0	656	-3	0	120	200	320
ENDPOINT_IN_HSP	1	26	-3	12	19	1430	1437
ENDPOINT_IN_HSP	2	27	-3	78	118	49	92
ENDPOINT_OUTPUT	3	3
ENDPOINT_OUT_HSP	0	26	-3	12	19	1430	1437
ENDPOINT_OUT_HSP	1	27	-3	78	118	49	92
ENDPOINT_OUT_HSP	2	656	-3	0	120	200	320
TRACEBACK_INPUT	0	18
TRACEBACK_IN_HSP	0	0	656	1	0	120	200	320
TRACEBACK_IN_HSP	0	1	656	-3	0	120	200	320
TRACEBACK_IN_HSP	0	2	656	2	0	120	521	641
TRACEBACK_IN_HSP	0	3	656	-2	0	120	521	641
TRACEBACK_IN_HSP	0	4	656	3	0	120	842	962
TRACEBACK_IN_HSP	0	5	656	-1	0	120	842	962
TRACEBACK_IN_HSP	0	6	38	-1	2	82	904	990
TRACEBACK_IN_HSP	0	7	36	-2	17	30	954	967
TRACEBACK_IN_HSP	0	8	27	-3	78	118	49	92
TRACEBACK_IN_HSP	0	9	26	-3	12	19	1430	1437
TRACEBACK_IN_HSP	0	10	24	-1	33	46	962	975
TRACEBACK_IN_HSP	0	11	20	1	17	36	1703	1722
TRACEBACK_IN_HSP	0	12	18	3	31	46	1150	1165
TRACEBACK_IN_HSP	0	13	17	3	42	64	1642	1662
TRACEBACK_IN_HSP	0	14	15	-1	64	66	116	118
TRACEBACK_IN_HSP	0	15	15	-2	55	62	1068	1075
TRACEBACK_IN_HSP	0	16	13	-2	100	103	1003	1006
TRACEBACK_IN_HSP	0	17	13	3	50	53	1011	1014
CONTAINS	0	1	0	120	200	320
TARGET_TRANSLATION	1	200	320	167	353	353	1
TRACEBACK_OUTPUT	0	0	18	1
TRACEBACK_OUT_HSP	0	0	656	1	0	120	200	320
TRACEBACK_OUT_HSP	0	1	656	-3	0	120	200	320
TRACEBACK_OUT_HSP	0	2	656	2	0	120	521	641
TRACEBACK_OUT_HSP	0	3	656	-2	0	120	521	641
TRACEBACK_OUT_HSP	0	4	656	3	0	120	842	962
TRACEBACK_OUT_HSP	0	5	656	-1	0	120	842	962
TRACEBACK_OUT_HSP	0	6	38	-1	2	82	904	990
TRACEBACK_OUT_HSP	0	7	36	-2	17	30	954	967
TRACEBACK_OUT_HSP	0	8	27	-3	78	118	49	92
TRACEBACK_OUT_HSP	0	9	26	-3	12	19	1430	1437
TRACEBACK_OUT_HSP	0	10	24	-1	33	46	962	975
TRACEBACK_OUT_HSP	0	11	20	1	17	36	1703	1722
TRACEBACK_OUT_HSP	0	12	18	3	31	46	1150	1165
TRACEBACK_OUT_HSP	0	13	17	3	42	64	1642	1662
TRACEBACK_OUT_HSP	0	14	15	-1	64	66	116	118
TRACEBACK_OUT_HSP	0	15	15	-2	55	62	1068	1075
TRACEBACK_OUT_HSP	0	16	13	-2	100	103	1003	1006
TRACEBACK_OUT_HSP	0	17	13	3	50	53	1011	1014
TRACEBACK_INPUT	0	18
TRACEBACK_IN_HSP	0	0	656	1	0	120	200	320
TRACEBACK_IN_HSP	0	1	656	-3	0	120	200	320
TRACEBACK_IN_HSP	0	2	656	2	0	120	521	641
TRACEBACK_IN_HSP	0	3	656	-2	0	120	521	641
TRACEBACK_IN_HSP	0	4	656	3	0	120	842	962
TRACEBACK_IN_HSP	0	5	656	-1	0	120	842	962
TRACEBACK_IN_HSP	0	6	38	-1	2	82	904	990
TRACEBACK_IN_HSP	0	7	36	-2	17	30	954	967
TRACEBACK_IN_HSP	0	8	27	-3	78	118	49	92
TRACEBACK_IN_HSP	0	9	26	-3	12	19	1430	1437
TRACEBACK_IN_HSP	0	10	24	-1	33	46	962	975
TRACEBACK_IN_HSP	0	11	20	1	17	36	1703	1722
TRACEBACK_IN_HSP	0	12	18	3	31	46	1150	1165
TRACEBACK_IN_HSP	0	13	17	3	42	64	1642	1662
TRACEBACK_IN_HSP	0	14	15	-1	64	66	116	118
TRACEBACK_IN_HSP	0	15	15	-2	55	62	1068	1075
TRACEBACK_IN_HSP	0	16	13	-2	100	103	1003	1006
TRACEBACK_IN_HSP	0	17	13	3	50	53	1011	1014
CONTAINS	0	1	0	120	200	320
TARGET_TRANSLATION	1	-1	0	0	2125	2125	1
HSP_TEST	0	120	0	120	200	320
CONTAINS	0	-3	0	120	200	320
TARGET_TRANSLATION	-3	-1	0	0	2125	2125	1
HSP_TEST	0	120	0	120	200	320
CONTAINS	0	2	0	120	521	641
TARGET_TRANSLATION	2	-1	0	0	2125	2125	1
HSP_TEST	0	120	0	120	521	641
CONTAINS	0	-2	0	120	521	641
TARGET_TRANSLATION	-2	-1	0	0	2125	2125	1
HSP_TEST	0	120	0	120	521	641
CONTAINS	0	3	0	120	842	962
TARGET_TRANSLATION	3	-1	0	0	2125	2125	1
HSP_TEST	0	120	0	120	842	962
CONTAINS	0	-1	0	120	842	962
TARGET_TRANSLATION	-1	-1	0	0	2125	2125	1
HSP_TEST	0	120	0	120	842	962
CONTAINS	0	-1	2	82	904	990
TARGET_TRANSLATION	-1	-1	0	0	2125	2125	1
HSP_TEST	0	148	0	82	842	990
CONTAINS	0	-2	17	30	954	967
TARGET_TRANSLATION	-2	-1	0	0	2125	2125	1
HSP_TEST	0	13	17	30	954	967
CONTAINS	0	-3	78	118	49	92
TARGET_TRANSLATION	-3	-1	0	0	2125	2125	1
HSP_TEST	0	43	78	118	49	92
CONTAINS	0	-3	12	19	1430	1437
TARGET_TRANSLATION	-3	-1	0	0	2125	2125	1
HSP_TEST	0	7	12	19	1430	1437
CONTAINS	0	-1	33	46	962	975
TARGET_TRANSLATION	-1	-1	0	0	2125	2125	1
HSP_TEST	0	13	33	46	962	975
CONTAINS	0	1	17	36	1703	1722
TARGET_TRANSLATION	1	-1	0	0	2125	2125	1
HSP_TEST	0	19	17	36	1703	1722
CONTAINS	0	3	31	46	1150	1165
TARGET_TRANSLATION	3	-1	0	0	2125	2125	1
HSP_TEST	0	15	31	46	1150	1165
CONTAINS	0	3	42	64	1642	1662
TARGET_TRANSLATION	3	-1	0	0	2125	2125	1
HSP_TEST	0	22	42	64	1642	1662
CONTAINS	0	-1	64	66	116	118
TARGET_TRANSLATION	-1	-1	0	0	2125	2125	1
HSP_TEST	0	2	64	66	116	118
CONTAINS	0	-2	55	62	1068	1075
TARGET_TRANSLATION	-2	-1	0	0	2125	2125	1
HSP_TEST	0	7	55	62	1068	1075
CONTAINS	0	-2	100	103	1003	1006
TARGET_TRANSLATION	-2	-1	0	0	2125	2125	1
HSP_TEST	0	3	100	103	1003	1006
CONTAINS	0	3	50	53	1011	1014
TARGET_TRANSLATION	3	-1	0	0	2125	2125	1
HSP_TEST	0	3	50	53	1011	1014
ENDPOINT_INPUT	0	18
ENDPOINT_IN_HSP	0	656	1	0	120	200	320
ENDPOINT_IN_HSP	1	656	-3	0	120	200	320
ENDPOINT_IN_HSP	2	656	2	0	120	521	641
ENDPOINT_IN_HSP	3	656	-2	0	120	521	641
ENDPOINT_IN_HSP	4	656	3	0	120	842	962
ENDPOINT_IN_HSP	5	656	-1	0	120	842	962
ENDPOINT_IN_HSP	6	236	-1	0	82	842	990
ENDPOINT_IN_HSP	7	36	-2	17	30	954	967
ENDPOINT_IN_HSP	8	27	-3	78	118	49	92
ENDPOINT_IN_HSP	9	26	-3	12	19	1430	1437
ENDPOINT_IN_HSP	10	24	-1	33	46	962	975
ENDPOINT_IN_HSP	11	20	1	17	36	1703	1722
ENDPOINT_IN_HSP	12	18	3	31	46	1150	1165
ENDPOINT_IN_HSP	13	17	3	42	64	1642	1662
ENDPOINT_IN_HSP	14	15	-1	64	66	116	118
ENDPOINT_IN_HSP	15	15	-2	55	62	1068	1075
ENDPOINT_IN_HSP	16	13	-2	100	103	1003	1006
ENDPOINT_IN_HSP	17	13	3	50	53	1011	1014
ENDPOINT_OUTPUT	17	17
ENDPOINT_OUT_HSP	0	26	-3	12	19	1430	1437
ENDPOINT_OUT_HSP	1	36	-2	17	30	954	967
ENDPOINT_OUT_HSP	2	20	1	17	36	1703	1722
ENDPOINT_OUT_HSP	3	24	-1	33	46	962	975
ENDPOINT_OUT_HSP	4	18	3	31	46	1150	1165
ENDPOINT_OUT_HSP	5	13	3	50	53	1011	1014
ENDPOINT_OUT_HSP	6	15	-2	55	62	1068	1075
ENDPOINT_OUT_HSP	7	17	3	42	64	1642	1662
ENDPOINT_OUT_HSP	8	15	-1	64	66	116	118
ENDPOINT_OUT_HSP	9	13	-2	100	103	1003	1006
ENDPOINT_OUT_HSP	10	27	-3	78	118	49	92
ENDPOINT_OUT_HSP	11	656	1	0	120	200	320
ENDPOINT_OUT_HSP	12	656	-3	0	120	200	320
ENDPOINT_OUT_HSP	13	656	2	0	120	521	641
ENDPOINT_OUT_HSP	14	656	-2	0	120	521	641
ENDPOINT_OUT_HSP	15	656	3	0	120	842	962
ENDPOINT_OUT_HSP	16	656	-1	0	120	842	962
CONTAINS	0	1	0	120	200	320
CONTAINS	0	-3	0	120	200	320
CONTAINS	0	2	0	120	521	641
CONTAINS	0	-2	0	120	521	641
CONTAINS	0	3	0	120	842	962
CONTAINS	0	-1	0	120	842	962
CONTAINS	0	-2	17	30	954	967
CONTAINS	0	-3	78	118	49	92
CONTAINS	0	-3	12	19	1430	1437
CONTAINS	0	-1	33	46	962	975
CONTAINS	0	1	17	36	1703	1722
CONTAINS	0	3	31	46	1150	1165
CONTAINS	0	3	42	64	1642	1662
CONTAINS	0	-1	64	66	116	118
CONTAINS	0	-2	55	62	1068	1075
CONTAINS	0	-2	100	103	1003	1006
CONTAINS	0	3	50	53	1011	1014
TRACEBACK_OUTPUT	0	0	17	0
TRACEBACK_OUT_HSP	0	0	656	1	0	120	200	320
TRACEBACK_OUT_HSP	0	1	656	-3	0	120	200	320
TRACEBACK_OUT_HSP	0	2	656	2	0	120	521	641
TRACEBACK_OUT_HSP	0	3	656	-2	0	120	521	641
TRACEBACK_OUT_HSP	0	4	656	3	0	120	842	962
TRACEBACK_OUT_HSP	0	5	656	-1	0	120	842	962
TRACEBACK_OUT_HSP	0	6	36	-2	17	30	954	967
TRACEBACK_OUT_HSP	0	7	27	-3	78	118	49	92
TRACEBACK_OUT_HSP	0	8	26	-3	12	19	1430	1437
TRACEBACK_OUT_HSP	0	9	24	-1	33	46	962	975
TRACEBACK_OUT_HSP	0	10	20	1	17	36	1703	1722
TRACEBACK_OUT_HSP	0	11	18	3	31	46	1150	1165
TRACEBACK_OUT_HSP	0	12	17	3	42	64	1642	1662
TRACEBACK_OUT_HSP	0	13	15	-1	64	66	116	118
TRACEBACK_OUT_HSP	0	14	15	-2	55	62	1068	1075
TRACEBACK_OUT_HSP	0	15	13	-2	100	103	1003	1006
TRACEBACK_OUT_HSP	0	16	13	3	50	53	1011	1014
