D_CALL	0	evalue	41	120	1	0	0	1
D_CONTEXT	0	0	120	10000	20
D_LIST	0	evalue_before	0	0	22	0
D_HSP	0	evalue_before	0	0	1	0	120	0	120	789	0	0	0	0	0	28
D_HSP	0	evalue_before	1	1	1	0	70	25	95	474	0	0	0	0	0	30
D_HSP	0	evalue_before	2	0	2	3	8	111	116	31	0	0	0	0	0	113
D_HSP	0	evalue_before	3	1	3	32	43	50	62	25	0	0	0	0	0	59
D_HSP	0	evalue_before	4	0	3	57	68	50	62	25	0	0	0	0	0	59
D_HSP	0	evalue_before	5	0	-3	19	58	62	101	24	0	0	0	0	0	67
D_HSP	0	evalue_before	6	0	3	63	65	72	74	23	0	0	0	0	0	73
D_HSP	0	evalue_before	7	0	2	77	86	34	43	21	0	0	0	0	0	39
D_HSP	0	evalue_before	8	1	2	26	31	34	39	20	0	0	0	0	0	36
D_HSP	0	evalue_before	9	0	2	51	56	34	39	20	0	0	0	0	0	36
D_HSP	0	evalue_before	10	1	-2	28	41	56	69	20	0	0	0	0	0	61
D_HSP	0	evalue_before	11	0	-2	53	66	56	69	20	0	0	0	0	0	61
D_HSP	0	evalue_before	12	0	-1	33	40	111	118	20	0	0	0	0	0	112
D_HSP	0	evalue_before	13	0	-1	33	52	61	80	19	0	0	0	0	0	74
D_HSP	0	evalue_before	14	1	2	26	32	82	88	18	0	0	0	0	0	85
D_HSP	0	evalue_before	15	0	2	51	57	82	88	18	0	0	0	0	0	85
D_HSP	0	evalue_before	16	0	2	63	65	111	113	18	0	0	0	0	0	112
D_HSP	0	evalue_before	17	0	-2	93	95	73	75	16	0	0	0	0	0	74
D_HSP	0	evalue_before	18	1	-2	68	69	73	74	16	0	0	0	0	0	74
D_HSP	0	evalue_before	19	0	-1	33	35	106	108	14	0	0	0	0	0	107
D_HSP	0	evalue_before	20	0	3	38	40	32	34	12	0	0	0	0	0	33
D_HSP	0	evalue_before	21	0	2	102	104	74	76	10	0	0	0	0	0	75
D_RETURN	0	evalue	0
D_LIST	0	evalue_after	0	0	22	8.2346936665658832e-84
D_HSP	0	evalue_after	0	0	1	0	120	0	120	789	0	0	8.2346936665658832e-84	0	0	28
D_HSP	0	evalue_after	1	1	1	0	70	25	95	474	0	0	1.1172292748586168e-49	0	0	30
D_HSP	0	evalue_after	2	0	2	3	8	111	116	31	0	0	0.69968800269638742	0	0	113
D_HSP	0	evalue_after	3	1	3	32	43	50	62	25	0	0	1.5316637440635397	0	0	59
D_HSP	0	evalue_after	4	0	3	57	68	50	62	25	0	0	2.8027501927975615	0	0	59
D_HSP	0	evalue_after	5	0	-3	19	58	62	101	24	0	0	3.5247874606809355	0	0	67
D_HSP	0	evalue_after	6	0	3	63	65	72	74	23	0	0	4.4304229995092994	0	0	73
D_HSP	0	evalue_after	7	0	2	77	86	34	43	21	0	0	6.9885698614569742	0	0	39
D_HSP	0	evalue_after	8	1	2	26	31	34	39	20	0	0	5.0912097030906329	0	0	36
D_HSP	0	evalue_after	9	0	2	51	56	34	39	20	0	0	8.7706588971628445	0	0	36
D_HSP	0	evalue_after	10	1	-2	28	41	56	69	20	0	0	5.0912097030906329	0	0	61
D_HSP	0	evalue_after	11	0	-2	53	66	56	69	20	0	0	8.7706588971628445	0	0	61
D_HSP	0	evalue_after	12	0	-1	33	40	111	118	20	0	0	8.7706588971628445	0	0	112
D_HSP	0	evalue_after	13	0	-1	33	52	61	80	19	0	0	11.00185637275268	0	0	74
D_HSP	0	evalue_after	14	1	2	26	32	82	88	18	0	0	8.1773801159969874	0	0	85
D_HSP	0	evalue_after	15	0	2	51	57	82	88	18	0	0	13.794166458128684	0	0	85
D_HSP	0	evalue_after	16	0	2	63	65	111	113	18	0	0	13.794166458128684	0	0	112
D_HSP	0	evalue_after	17	0	-2	93	95	73	75	16	0	0	21.655296891441445	0	0	74
D_HSP	0	evalue_after	18	1	-2	68	69	73	74	16	0	0	13.090424470434291	0	0	74
D_HSP	0	evalue_after	19	0	-1	33	35	106	108	14	0	0	33.937596613056343	0	0	107
D_HSP	0	evalue_after	20	0	3	38	40	32	34	12	0	0	53.098949301429045	0	0	33
D_HSP	0	evalue_after	21	0	2	102	104	74	76	10	0	0	82.949814787418063	0	0	75
D_CALL	1	evalue	41	120	1	0	0	1
D_CONTEXT	1	1	70	5936	14
D_LIST	1	evalue_before	0	1	3	1.1172292748586168e-49
D_HSP	1	evalue_before	0	1	1	0	70	25	95	474	70	0	1.1172292748586168e-49	0	0	30
D_HSP	1	evalue_before	1	1	-2	28	41	56	69	20	5	0	5.0912097030906329	0	0	61
D_HSP	1	evalue_before	2	1	-2	68	70	73	75	16	2	0	13.090424470434291	0	0	74
D_RETURN	1	evalue	0
D_LIST	1	evalue_after	0	1	3	1.1172292748586168e-49
D_HSP	1	evalue_after	0	1	1	0	70	25	95	474	70	0	1.1172292748586168e-49	0	0	30
D_HSP	1	evalue_after	1	1	-2	28	41	56	69	20	5	0	5.0912097030906329	0	0	61
D_HSP	1	evalue_after	2	1	-2	68	70	73	75	16	2	0	13.090424470434291	0	0	74
D_CALL	2	reap
D_LIST	2	reap_before	0	1	3	1.1172292748586168e-49
D_HSP	2	reap_before	0	1	1	0	70	25	95	474	70	0	1.1172292748586168e-49	0	0	30
D_HSP	2	reap_before	1	1	-2	28	41	56	69	20	5	0	5.0912097030906329	0	0	61
D_HSP	2	reap_before	2	1	-2	68	70	73	75	16	2	0	13.090424470434291	0	0	74
D_RETURN	2	reap	0
D_LIST	2	reap_after	0	1	3	1.1172292748586168e-49
D_HSP	2	reap_after	0	1	1	0	70	25	95	474	70	0	1.1172292748586168e-49	0	0	30
D_HSP	2	reap_after	1	1	-2	28	41	56	69	20	5	0	5.0912097030906329	0	0	61
D_HSP	2	reap_after	2	1	-2	68	70	73	75	16	2	0	13.090424470434291	0	0	74
D_CALL	3	bits	1
D_LIST	3	bits_before	0	1	3	1.1172292748586168e-49
D_HSP	3	bits_before	0	1	1	0	70	25	95	474	70	0	1.1172292748586168e-49	0	0	30
D_HSP	3	bits_before	1	1	-2	28	41	56	69	20	5	0	5.0912097030906329	0	0	61
D_HSP	3	bits_before	2	1	-2	68	70	73	75	16	2	0	13.090424470434291	0	0	74
D_RETURN	3	bits	0
D_LIST	3	bits_after	0	1	3	1.1172292748586168e-49
D_HSP	3	bits_after	0	1	1	0	70	25	95	474	70	0	1.1172292748586168e-49	138.31408691402899	0	30
D_HSP	3	bits_after	1	1	-2	28	41	56	69	20	5	0	5.0912097030906329	10.592294944129044	0	61
D_HSP	3	bits_after	2	1	-2	68	70	73	75	16	2	0	13.090424470434291	9.4669928122356541	0	74
D_CALL	4	evalue	41	120	1	0	0	1
D_CONTEXT	4	0	120	10000	20
D_LIST	4	evalue_before	0	0	7	8.2346936665658832e-84
D_HSP	4	evalue_before	0	0	1	0	120	0	120	789	120	0	8.2346936665658832e-84	0	0	28
D_HSP	4	evalue_before	1	0	-3	19	58	62	101	24	8	0	3.5247874606809355	0	0	67
D_HSP	4	evalue_before	2	0	-2	53	66	56	69	20	5	0	8.7706588971628445	0	0	61
D_HSP	4	evalue_before	3	0	-1	33	40	111	118	20	3	0	8.7706588971628445	0	0	112
D_HSP	4	evalue_before	4	0	-1	33	52	61	80	19	4	0	11.00185637275268	0	0	74
D_HSP	4	evalue_before	5	0	-2	93	95	73	75	16	2	0	21.655296891441445	0	0	74
D_HSP	4	evalue_before	6	0	-1	33	35	106	108	14	2	0	33.937596613056343	0	0	107
D_RETURN	4	evalue	0
D_LIST	4	evalue_after	0	0	7	8.2346936665658832e-84
D_HSP	4	evalue_after	0	0	1	0	120	0	120	789	120	0	8.2346936665658832e-84	0	0	28
D_HSP	4	evalue_after	1	0	-3	19	58	62	101	24	8	0	3.5247874606809355	0	0	67
D_HSP	4	evalue_after	2	0	-2	53	66	56	69	20	5	0	8.7706588971628445	0	0	61
D_HSP	4	evalue_after	3	0	-1	33	40	111	118	20	3	0	8.7706588971628445	0	0	112
D_HSP	4	evalue_after	4	0	-1	33	52	61	80	19	4	0	11.00185637275268	0	0	74
D_HSP	4	evalue_after	5	0	-2	93	95	73	75	16	2	0	21.655296891441445	0	0	74
D_HSP	4	evalue_after	6	0	-1	33	35	106	108	14	2	0	33.937596613056343	0	0	107
D_CALL	5	reap
D_LIST	5	reap_before	0	0	7	8.2346936665658832e-84
D_HSP	5	reap_before	0	0	1	0	120	0	120	789	120	0	8.2346936665658832e-84	0	0	28
D_HSP	5	reap_before	1	0	-3	19	58	62	101	24	8	0	3.5247874606809355	0	0	67
D_HSP	5	reap_before	2	0	-2	53	66	56	69	20	5	0	8.7706588971628445	0	0	61
D_HSP	5	reap_before	3	0	-1	33	40	111	118	20	3	0	8.7706588971628445	0	0	112
D_HSP	5	reap_before	4	0	-1	33	52	61	80	19	4	0	11.00185637275268	0	0	74
D_HSP	5	reap_before	5	0	-2	93	95	73	75	16	2	0	21.655296891441445	0	0	74
D_HSP	5	reap_before	6	0	-1	33	35	106	108	14	2	0	33.937596613056343	0	0	107
D_RETURN	5	reap	0
D_LIST	5	reap_after	0	0	7	8.2346936665658832e-84
D_HSP	5	reap_after	0	0	1	0	120	0	120	789	120	0	8.2346936665658832e-84	0	0	28
D_HSP	5	reap_after	1	0	-3	19	58	62	101	24	8	0	3.5247874606809355	0	0	67
D_HSP	5	reap_after	2	0	-2	53	66	56	69	20	5	0	8.7706588971628445	0	0	61
D_HSP	5	reap_after	3	0	-1	33	40	111	118	20	3	0	8.7706588971628445	0	0	112
D_HSP	5	reap_after	4	0	-1	33	52	61	80	19	4	0	11.00185637275268	0	0	74
D_HSP	5	reap_after	5	0	-2	93	95	73	75	16	2	0	21.655296891441445	0	0	74
D_HSP	5	reap_after	6	0	-1	33	35	106	108	14	2	0	33.937596613056343	0	0	107
D_CALL	6	bits	1
D_LIST	6	bits_before	0	0	7	8.2346936665658832e-84
D_HSP	6	bits_before	0	0	1	0	120	0	120	789	120	0	8.2346936665658832e-84	0	0	28
D_HSP	6	bits_before	1	0	-3	19	58	62	101	24	8	0	3.5247874606809355	0	0	67
D_HSP	6	bits_before	2	0	-2	53	66	56	69	20	5	0	8.7706588971628445	0	0	61
D_HSP	6	bits_before	3	0	-1	33	40	111	118	20	3	0	8.7706588971628445	0	0	112
D_HSP	6	bits_before	4	0	-1	33	52	61	80	19	4	0	11.00185637275268	0	0	74
D_HSP	6	bits_before	5	0	-2	93	95	73	75	16	2	0	21.655296891441445	0	0	74
D_HSP	6	bits_before	6	0	-1	33	35	106	108	14	2	0	33.937596613056343	0	0	107
D_RETURN	6	bits	0
D_LIST	6	bits_after	0	0	7	8.2346936665658832e-84
D_HSP	6	bits_after	0	0	1	0	120	0	120	789	120	0	8.2346936665658832e-84	226.93162980063357	0	28
D_HSP	6	bits_after	1	0	-3	19	58	62	101	24	8	0	3.5247874606809355	11.717597076022434	0	67
D_HSP	6	bits_after	2	0	-2	53	66	56	69	20	5	0	8.7706588971628445	10.592294944129044	0	61
D_HSP	6	bits_after	3	0	-1	33	40	111	118	20	3	0	8.7706588971628445	10.592294944129044	0	112
D_HSP	6	bits_after	4	0	-1	33	52	61	80	19	4	0	11.00185637275268	10.310969411155696	0	74
D_HSP	6	bits_after	5	0	-2	93	95	73	75	16	2	0	21.655296891441445	9.4669928122356541	0	74
D_HSP	6	bits_after	6	0	-1	33	35	106	108	14	2	0	33.937596613056343	8.9043417462889565	0	107
