PASS masking_options_20260925__run_20260925__seg_cross_traceback_20260924.mode0__fmt0: 2106 bytes
PASS masking_options_20260925__run_20260925__seg_cross_traceback_20260924.mode0__fmt6: 63 bytes
PASS masking_options_20260925__run_20260925__seg_cross_traceback_20260924.mode0__fmt7: 450 bytes
PASS masking_options_20260925__run_20260925__seg_cross_traceback_20260924.mode2__fmt0: 2144 bytes
PASS masking_options_20260925__run_20260925__seg_cross_traceback_20260924.mode2__fmt6: 63 bytes
PASS masking_options_20260925__run_20260925__seg_cross_traceback_20260924.mode2__fmt7: 450 bytes
PASS masking_options_20260925__run_20260925__seg_soft_traceback_20260924.mode0__fmt0: 2106 bytes
PASS masking_options_20260925__run_20260925__seg_soft_traceback_20260924.mode0__fmt6: 64 bytes
PASS masking_options_20260925__run_20260925__seg_soft_traceback_20260924.mode0__fmt7: 450 bytes
PASS masking_options_20260925__run_20260925__seg_soft_traceback_20260924.mode2__fmt0: 2144 bytes
PASS masking_options_20260925__run_20260925__seg_soft_traceback_20260924.mode2__fmt6: 64 bytes
PASS masking_options_20260925__run_20260925__seg_soft_traceback_20260924.mode2__fmt7: 450 bytes
PASS masking_options_20260925__run_20260925__lcase_query_20260924.mode0__fmt0: 1986 bytes
PASS masking_options_20260925__run_20260925__lcase_query_20260924.mode0__fmt6: 63 bytes
PASS masking_options_20260925__run_20260925__lcase_query_20260924.mode0__fmt7: 442 bytes
PASS masking_options_20260925__run_20260925__lcase_query_20260924.mode2__fmt0: 2024 bytes
PASS masking_options_20260925__run_20260925__lcase_query_20260924.mode2__fmt6: 63 bytes
PASS masking_options_20260925__run_20260925__lcase_query_20260924.mode2__fmt7: 442 bytes
PASS masking_options_20260925__run_20260925__lcase_soft_query_20260924.mode0__fmt0: 1996 bytes
PASS masking_options_20260925__run_20260925__lcase_soft_query_20260924.mode0__fmt6: 63 bytes
PASS masking_options_20260925__run_20260925__lcase_soft_query_20260924.mode0__fmt7: 447 bytes
PASS masking_options_20260925__run_20260925__lcase_soft_query_20260924.mode2__fmt0: 2034 bytes
PASS masking_options_20260925__run_20260925__lcase_soft_query_20260924.mode2__fmt6: 63 bytes
PASS masking_options_20260925__run_20260925__lcase_soft_query_20260924.mode2__fmt7: 447 bytes
PASS masking_options_20260925__run_20260925__seg_lcase_overlap_20260924.mode0__fmt0: 1986 bytes
PASS masking_options_20260925__run_20260925__seg_lcase_overlap_20260924.mode0__fmt6: 67 bytes
PASS masking_options_20260925__run_20260925__seg_lcase_overlap_20260924.mode0__fmt7: 454 bytes
PASS masking_options_20260925__run_20260925__seg_lcase_overlap_20260924.mode2__fmt0: 2024 bytes
PASS masking_options_20260925__run_20260925__seg_lcase_overlap_20260924.mode2__fmt6: 67 bytes
PASS masking_options_20260925__run_20260925__seg_lcase_overlap_20260924.mode2__fmt7: 454 bytes
PASS masking_options_20260925__run_20260925__seg_lcase_overlap_soft_20260924.mode0__fmt0: 2011 bytes
PASS masking_options_20260925__run_20260925__seg_lcase_overlap_soft_20260924.mode0__fmt6: 66 bytes
PASS masking_options_20260925__run_20260925__seg_lcase_overlap_soft_20260924.mode0__fmt7: 458 bytes
PASS masking_options_20260925__run_20260925__seg_lcase_overlap_soft_20260924.mode2__fmt0: 2049 bytes
PASS masking_options_20260925__run_20260925__seg_lcase_overlap_soft_20260924.mode2__fmt6: 66 bytes
PASS masking_options_20260925__run_20260925__seg_lcase_overlap_soft_20260924.mode2__fmt7: 458 bytes
PASS remaining_local_20260925__run_20260925__ambiguity_20260923.mode0__fmt0: 1970 bytes
PASS remaining_local_20260925__run_20260925__ambiguity_20260923.mode0__fmt6: 52 bytes
PASS remaining_local_20260925__run_20260925__ambiguity_20260923.mode0__fmt7: 416 bytes
PASS remaining_local_20260925__run_20260925__ambiguity_20260923.mode2__fmt0: 2008 bytes
PASS remaining_local_20260925__run_20260925__ambiguity_20260923.mode2__fmt6: 52 bytes
PASS remaining_local_20260925__run_20260925__ambiguity_20260923.mode2__fmt7: 416 bytes
PASS remaining_local_20260925__run_20260925__lowercase_20260923.mode0__fmt0: 2668 bytes
PASS remaining_local_20260925__run_20260925__lowercase_20260923.mode0__fmt6: 101 bytes
PASS remaining_local_20260925__run_20260925__lowercase_20260923.mode0__fmt7: 465 bytes
PASS remaining_local_20260925__run_20260925__lowercase_20260923.mode2__fmt0: 2744 bytes
PASS remaining_local_20260925__run_20260925__lowercase_20260923.mode2__fmt6: 101 bytes
PASS remaining_local_20260925__run_20260925__lowercase_20260923.mode2__fmt7: 465 bytes
PASS remaining_local_20260925__run_20260925__multi_hsp_20260924.mode0__fmt0: 2768 bytes
PASS remaining_local_20260925__run_20260925__multi_hsp_20260924.mode0__fmt6: 168 bytes
PASS remaining_local_20260925__run_20260925__multi_hsp_20260924.mode0__fmt7: 532 bytes
PASS remaining_local_20260925__run_20260925__multi_hsp_20260924.mode2__fmt0: 2894 bytes
PASS remaining_local_20260925__run_20260925__multi_hsp_20260924.mode2__fmt6: 169 bytes
PASS remaining_local_20260925__run_20260925__multi_hsp_20260924.mode2__fmt7: 533 bytes
PASS remaining_local_20260925__run_20260925__multi_hsp_no_fence_20260924.mode0__fmt0: 2786 bytes
PASS remaining_local_20260925__run_20260925__multi_hsp_no_fence_20260924.mode0__fmt6: 168 bytes
PASS remaining_local_20260925__run_20260925__multi_hsp_no_fence_20260924.mode0__fmt7: 541 bytes
PASS remaining_local_20260925__run_20260925__multi_hsp_no_fence_20260924.mode2__fmt0: 2912 bytes
PASS remaining_local_20260925__run_20260925__multi_hsp_no_fence_20260924.mode2__fmt6: 169 bytes
PASS remaining_local_20260925__run_20260925__multi_hsp_no_fence_20260924.mode2__fmt7: 542 bytes
PASS remaining_local_20260925__run_20260925__six_frame_merged_20260924.mode0__fmt0: 7320 bytes
PASS remaining_local_20260925__run_20260925__six_frame_merged_20260924.mode0__fmt6: 936 bytes
PASS remaining_local_20260925__run_20260925__six_frame_merged_20260924.mode0__fmt7: 1308 bytes
PASS remaining_local_20260925__run_20260925__six_frame_merged_20260924.mode2__fmt0: 7883 bytes
PASS remaining_local_20260925__run_20260925__six_frame_merged_20260924.mode2__fmt6: 932 bytes
PASS remaining_local_20260925__run_20260925__six_frame_merged_20260924.mode2__fmt7: 1304 bytes
PASS option_cross_20260925__run_20260925__mode0_sumtrue__fmt0: 8886 bytes
PASS option_cross_20260925__run_20260925__mode0_sumtrue__fmt6: 922 bytes
PASS option_cross_20260925__run_20260925__mode0_sumtrue__fmt7: 1831 bytes
PASS option_cross_20260925__run_20260925__mode2_sumfalse__fmt0: 8969 bytes
PASS option_cross_20260925__run_20260925__mode2_sumfalse__fmt6: 808 bytes
PASS option_cross_20260925__run_20260925__mode2_sumfalse__fmt7: 1717 bytes
PASS alternate_matrix_20260925__run_20260925__command_6__fmt0: 4698 bytes
PASS alternate_matrix_20260925__run_20260925__command_6__fmt6: 496 bytes
PASS alternate_matrix_20260925__run_20260925__command_6__fmt7: 1438 bytes
PASS natural_positive_20260925__run_20260925__evalue_sort__fmt0: 2409 bytes
PASS natural_positive_20260925__run_20260925__evalue_sort__fmt6: 178 bytes
PASS natural_positive_20260925__run_20260925__evalue_sort__fmt7: 556 bytes
PASS natural_positive_20260925__run_20260925__heap_replacement__fmt0: 2117 bytes
PASS natural_positive_20260925__run_20260925__heap_replacement__fmt6: 184 bytes
PASS natural_positive_20260925__run_20260925__heap_replacement__fmt7: 560 bytes
PASS natural_positive_20260925__containment_run_20260925__command_5__fmt0: 2079 bytes
PASS natural_positive_20260925__containment_run_20260925__command_5__fmt6: 87 bytes
PASS natural_positive_20260925__containment_run_20260925__command_5__fmt7: 479 bytes
PASS kappa_heap_rejection_20260925__natural_c_d_early_20260925__command_5__fmt0: 2084 bytes
PASS kappa_heap_rejection_20260925__natural_c_d_early_20260925__command_5__fmt6: 107 bytes
PASS kappa_heap_rejection_20260925__natural_c_d_early_20260925__command_5__fmt7: 511 bytes
PASS kappa_heap_rejection_20260925__natural_mode2_20260925__command_5__fmt0: 2084 bytes
PASS kappa_heap_rejection_20260925__natural_mode2_20260925__command_5__fmt6: 107 bytes
PASS kappa_heap_rejection_20260925__natural_mode2_20260925__command_5__fmt7: 511 bytes
PASS kappa_heap_rejection_20260925__report_payload_20260925__command_5__fmt0: 2084 bytes
PASS kappa_heap_rejection_20260925__report_payload_20260925__command_5__fmt6: 107 bytes
PASS kappa_heap_rejection_20260925__report_payload_20260925__command_5__fmt7: 511 bytes
PASS kappa_heap_rejection_20260925__report_payload_20260925__Broad__fmt0: 8851 bytes
PASS kappa_heap_rejection_20260925__report_payload_20260925__Broad__fmt6: 997 bytes
PASS kappa_heap_rejection_20260925__report_payload_20260925__Broad__fmt7: 1402 bytes
PASS kappa_heap_rejection_20260925__result_order_20260925__command_6__fmt0: 2084 bytes
PASS kappa_heap_rejection_20260925__result_order_20260925__command_6__fmt6: 107 bytes
PASS kappa_heap_rejection_20260925__result_order_20260925__command_6__fmt7: 511 bytes
PASS kappa_heap_rejection_20260925__run_20260925__command_6__fmt0: 2084 bytes
PASS kappa_heap_rejection_20260925__run_20260925__command_6__fmt6: 107 bytes
PASS kappa_heap_rejection_20260925__run_20260925__command_6__fmt7: 511 bytes
PASS kappa_mode2_20260924__seg_hard_query_20260924_default__fmt0: 2029 bytes
PASS kappa_mode2_20260924__seg_hard_query_20260924_default__fmt6: 62 bytes
PASS kappa_mode2_20260924__seg_hard_query_20260924_default__fmt7: 442 bytes
PASS kappa_mode2_20260924__multi_query_20260924_default__fmt0: 8969 bytes
PASS kappa_mode2_20260924__multi_query_20260924_default__fmt6: 808 bytes
PASS kappa_mode2_20260924__multi_query_20260924_default__fmt7: 1717 bytes
PASS kappa_mode2_20260924__run_20260923_default__fmt0: 9335 bytes
PASS kappa_mode2_20260924__run_20260923_default__fmt6: 571 bytes
PASS kappa_mode2_20260924__run_20260923_default__fmt7: 930 bytes
PASS kappa_result_order_20260925__seg_hard_query_20260924_default__fmt0: 2029 bytes
PASS kappa_result_order_20260925__seg_hard_query_20260924_default__fmt6: 62 bytes
PASS kappa_result_order_20260925__seg_hard_query_20260924_default__fmt7: 442 bytes
PASS kappa_result_order_20260925__multi_query_20260924_default__fmt0: 8969 bytes
PASS kappa_result_order_20260925__multi_query_20260924_default__fmt6: 808 bytes
PASS kappa_result_order_20260925__multi_query_20260924_default__fmt7: 1717 bytes
PASS kappa_result_order_20260925__run_20260923_default__fmt0: 9335 bytes
PASS kappa_result_order_20260925__run_20260923_default__fmt6: 571 bytes
PASS kappa_result_order_20260925__run_20260923_default__fmt7: 930 bytes
PASS kappa_composition_matrix_scores_20260924__seg_hard_query_20260924_default__fmt0: 2029 bytes
PASS kappa_composition_matrix_scores_20260924__seg_hard_query_20260924_default__fmt6: 62 bytes
PASS kappa_composition_matrix_scores_20260924__seg_hard_query_20260924_default__fmt7: 442 bytes
PASS kappa_composition_matrix_scores_20260924__multi_query_20260924_default__fmt0: 8969 bytes
PASS kappa_composition_matrix_scores_20260924__multi_query_20260924_default__fmt6: 808 bytes
PASS kappa_composition_matrix_scores_20260924__multi_query_20260924_default__fmt7: 1717 bytes
PASS kappa_seg_20260924__seg_hard_query_20260924_default__fmt0: 2029 bytes
PASS kappa_seg_20260924__seg_hard_query_20260924_default__fmt6: 62 bytes
PASS kappa_seg_20260924__seg_hard_query_20260924_default__fmt7: 442 bytes
PASS kappa_seg_20260924__multi_query_20260924_default__fmt0: 8969 bytes
PASS kappa_seg_20260924__multi_query_20260924_default__fmt6: 808 bytes
PASS kappa_seg_20260924__multi_query_20260924_default__fmt7: 1717 bytes
PASS kappa_traceback_20260924__seg_hard_query_20260924_default__fmt0: 2029 bytes
PASS kappa_traceback_20260924__seg_hard_query_20260924_default__fmt6: 62 bytes
PASS kappa_traceback_20260924__seg_hard_query_20260924_default__fmt7: 442 bytes
PASS kappa_traceback_20260924__multi_query_20260924_default__fmt0: 8969 bytes
PASS kappa_traceback_20260924__multi_query_20260924_default__fmt6: 808 bytes
PASS kappa_traceback_20260924__multi_query_20260924_default__fmt7: 1717 bytes
PASS kappa_traceback_20260924__run_20260923_default__fmt0: 9335 bytes
PASS kappa_traceback_20260924__run_20260923_default__fmt6: 571 bytes
PASS kappa_traceback_20260924__run_20260923_default__fmt7: 930 bytes
PASS erfc_20260924__seg_hard_query_20260924_default__fmt0: 2029 bytes
PASS erfc_20260924__seg_hard_query_20260924_default__fmt6: 62 bytes
PASS erfc_20260924__seg_hard_query_20260924_default__fmt7: 442 bytes
PASS erfc_20260924__seg_hard_query_20260924_control__fmt0: 1991 bytes
PASS erfc_20260924__seg_hard_query_20260924_control__fmt6: 62 bytes
PASS erfc_20260924__seg_hard_query_20260924_control__fmt7: 442 bytes
PASS erfc_20260924__multi_query_20260924_default__fmt0: 8969 bytes
PASS erfc_20260924__multi_query_20260924_default__fmt6: 808 bytes
PASS erfc_20260924__multi_query_20260924_default__fmt7: 1717 bytes
PASS erfc_20260924__multi_query_20260924_control__fmt0: 8886 bytes
PASS erfc_20260924__multi_query_20260924_control__fmt6: 922 bytes
PASS erfc_20260924__multi_query_20260924_control__fmt7: 1831 bytes
PASS erfc_20260924__run_20260923_default__fmt0: 9335 bytes
PASS erfc_20260924__run_20260923_default__fmt6: 571 bytes
PASS erfc_20260924__run_20260923_default__fmt7: 930 bytes
PASS erfc_20260924__run_20260923_control__fmt0: 8917 bytes
PASS erfc_20260924__run_20260923_control__fmt6: 571 bytes
PASS erfc_20260924__run_20260923_control__fmt7: 930 bytes
PASS parameters_20260924__seg_hard_query_20260924_default__fmt0: 2029 bytes
PASS parameters_20260924__seg_hard_query_20260924_default__fmt6: 62 bytes
PASS parameters_20260924__seg_hard_query_20260924_default__fmt7: 442 bytes
PASS parameters_20260924__seg_hard_query_20260924_control__fmt0: 1991 bytes
PASS parameters_20260924__seg_hard_query_20260924_control__fmt6: 62 bytes
PASS parameters_20260924__seg_hard_query_20260924_control__fmt7: 442 bytes
PASS parameters_20260924__multi_query_20260924_default__fmt0: 8969 bytes
PASS parameters_20260924__multi_query_20260924_default__fmt6: 808 bytes
PASS parameters_20260924__multi_query_20260924_default__fmt7: 1717 bytes
PASS parameters_20260924__multi_query_20260924_control__fmt0: 8886 bytes
PASS parameters_20260924__multi_query_20260924_control__fmt6: 922 bytes
PASS parameters_20260924__multi_query_20260924_control__fmt7: 1831 bytes
PASS parameters_20260924__run_20260923_default__fmt0: 9335 bytes
PASS parameters_20260924__run_20260923_default__fmt6: 571 bytes
PASS parameters_20260924__run_20260923_default__fmt7: 930 bytes
PASS parameters_20260924__run_20260923_control__fmt0: 8917 bytes
PASS parameters_20260924__run_20260923_control__fmt6: 571 bytes
PASS parameters_20260924__run_20260923_control__fmt7: 930 bytes
PASS seqsrc_callstate_20260924__seg_hard_query_20260924_default__fmt0: 2029 bytes
PASS seqsrc_callstate_20260924__seg_hard_query_20260924_default__fmt6: 62 bytes
PASS seqsrc_callstate_20260924__seg_hard_query_20260924_default__fmt7: 442 bytes
PASS seqsrc_callstate_20260924__seg_hard_query_20260924_control__fmt0: 1991 bytes
PASS seqsrc_callstate_20260924__seg_hard_query_20260924_control__fmt6: 62 bytes
PASS seqsrc_callstate_20260924__seg_hard_query_20260924_control__fmt7: 442 bytes
PASS seqsrc_callstate_20260924__multi_query_20260924_default__fmt0: 8969 bytes
PASS seqsrc_callstate_20260924__multi_query_20260924_default__fmt6: 808 bytes
PASS seqsrc_callstate_20260924__multi_query_20260924_default__fmt7: 1717 bytes
PASS seqsrc_callstate_20260924__multi_query_20260924_control__fmt0: 8886 bytes
PASS seqsrc_callstate_20260924__multi_query_20260924_control__fmt6: 922 bytes
PASS seqsrc_callstate_20260924__multi_query_20260924_control__fmt7: 1831 bytes
PASS seqsrc_callstate_20260924__run_20260923_default__fmt0: 9335 bytes
PASS seqsrc_callstate_20260924__run_20260923_default__fmt6: 571 bytes
PASS seqsrc_callstate_20260924__run_20260923_default__fmt7: 930 bytes
PASS seqsrc_callstate_20260924__run_20260923_control__fmt0: 8917 bytes
PASS seqsrc_callstate_20260924__run_20260923_control__fmt6: 571 bytes
PASS seqsrc_callstate_20260924__run_20260923_control__fmt7: 930 bytes
PASS run_20260924__multi_query_20260924_control__fmt0: 8886 bytes
PASS run_20260924__multi_query_20260924_control__fmt6: 922 bytes
PASS run_20260924__multi_query_20260924_control__fmt7: 1831 bytes
PASS run_20260924__multi_query_20260924_default__fmt0: 8969 bytes
PASS run_20260924__multi_query_20260924_default__fmt6: 808 bytes
PASS run_20260924__multi_query_20260924_default__fmt7: 1717 bytes
PASS run_20260924__run_20260923_control__fmt0: 8917 bytes
PASS run_20260924__run_20260923_control__fmt6: 571 bytes
PASS run_20260924__run_20260923_control__fmt7: 930 bytes
PASS run_20260924__run_20260923_default__fmt0: 9335 bytes
PASS run_20260924__run_20260923_default__fmt6: 571 bytes
PASS run_20260924__run_20260923_default__fmt7: 930 bytes
PASS run_20260924__seg_hard_query_20260924_control__fmt0: 1991 bytes
PASS run_20260924__seg_hard_query_20260924_control__fmt6: 62 bytes
PASS run_20260924__seg_hard_query_20260924_control__fmt7: 442 bytes
PASS run_20260924__seg_hard_query_20260924_default__fmt0: 2029 bytes
PASS run_20260924__seg_hard_query_20260924_default__fmt6: 62 bytes
PASS run_20260924__seg_hard_query_20260924_default__fmt7: 442 bytes
PASS uneven_gap_run_20260924__uneven_gap_20260924_control__fmt0: 2119 bytes
PASS uneven_gap_run_20260924__uneven_gap_20260924_control__fmt6: 58 bytes
PASS uneven_gap_run_20260924__uneven_gap_20260924_control__fmt7: 423 bytes
PASS uneven_gap_run_20260924__uneven_gap_20260924_default__fmt0: 2157 bytes
PASS uneven_gap_run_20260924__uneven_gap_20260924_default__fmt6: 58 bytes
PASS uneven_gap_run_20260924__uneven_gap_20260924_default__fmt7: 423 bytes
219/219 byte-identical
