PASS long_chunk_20260924.mode0 fmt0: 2021 bytes
PASS long_chunk_20260924.mode0 fmt6: 67 bytes
PASS long_chunk_20260924.mode0 fmt7: 423 bytes
PASS long_chunk_20260924.mode2 fmt0: 2059 bytes
PASS long_chunk_20260924.mode2 fmt6: 67 bytes
PASS long_chunk_20260924.mode2 fmt7: 423 bytes
PASS masked_chunk_boundary_20260924.mode0 fmt0: 2043 bytes
PASS masked_chunk_boundary_20260924.mode0 fmt6: 67 bytes
PASS masked_chunk_boundary_20260924.mode0 fmt7: 434 bytes
PASS masked_chunk_boundary_20260924.mode2 fmt0: 2081 bytes
PASS masked_chunk_boundary_20260924.mode2 fmt6: 67 bytes
PASS masked_chunk_boundary_20260924.mode2 fmt7: 434 bytes
PASS no_range_middle_20260924.mode0 fmt0: 2034 bytes
PASS no_range_middle_20260924.mode0 fmt6: 70 bytes
PASS no_range_middle_20260924.mode0 fmt7: 431 bytes
PASS no_range_middle_20260924.mode2 fmt0: 2072 bytes
PASS no_range_middle_20260924.mode2 fmt6: 70 bytes
PASS no_range_middle_20260924.mode2 fmt7: 431 bytes
PASS no_range_two_hits_20260924.mode0 fmt0: 2668 bytes
PASS no_range_two_hits_20260924.mode0 fmt6: 140 bytes
PASS no_range_two_hits_20260924.mode0 fmt7: 503 bytes
PASS no_range_two_hits_20260924.mode2 fmt0: 2746 bytes
PASS no_range_two_hits_20260924.mode2 fmt6: 141 bytes
PASS no_range_two_hits_20260924.mode2 fmt7: 504 bytes
PASS long_multi_query_20260924.mode0 fmt0: 3155 bytes
PASS long_multi_query_20260924.mode0 fmt6: 142 bytes
PASS long_multi_query_20260924.mode0 fmt7: 1021 bytes
27/27 byte-identical
