D_CALL	0	link	41	452	1	40	0.10000000000000001	40	10	0
D_CONTEXT	0	0	120	14175	15
D_LIST	0	link_before	0	0	2	0
D_HSP	0	link_before	0	0	1	0	60	0	60	331	0	0	0	0	0	29
D_HSP	0	link_before	1	0	1	58	120	88	150	329	0	0	0	0	0	95
D_CALL	1	evalue	41	150	1	0	0.10000000000000001	1
D_CONTEXT	1	0	120	14175	15
D_LIST	1	evalue_before	0	0	2	0
D_HSP	1	evalue_before	0	0	1	0	60	0	60	331	0	1	0	0	0	29
D_HSP	1	evalue_before	1	0	1	58	120	88	150	329	0	1	0	0	0	95
D_RETURN	1	evalue	0
D_LIST	1	evalue_after	0	0	2	1.4878280397650424e-45
D_HSP	1	evalue_after	0	0	1	0	60	0	60	331	0	1	1.4878280397650424e-45	0	0	29
D_HSP	1	evalue_after	1	0	1	58	120	88	150	329	0	1	2.9929499276207123e-45	0	0	95
D_RETURN	0	link	0
D_LIST	0	link_after	0	0	2	3.2037962798257965e-69
D_HSP	0	link_after	0	0	1	0	60	0	60	331	0	2	3.2037962798257965e-69	0	0	29
D_HSP	0	link_after	1	0	1	58	120	88	150	329	0	2	3.2037962798257965e-69	0	0	95
D_CALL	2	redo	41	1	1	1	1
D_LIST	2	redo_before	NULL
D_CALL	3	link	41	452	1	40	0.10000000000000001	40	0	0
D_CONTEXT	3	0	120	14175	15
D_LIST	3	link_before	0	0	1	0
D_HSP	3	link_before	0	0	1	0	120	0	150	20064	0	0	0	0	2	0
D_CALL	4	evalue	41	150	1	0	0.10000000000000001	1
D_CONTEXT	4	0	120	14175	15
D_LIST	4	evalue_before	0	0	1	0
D_HSP	4	evalue_before	0	0	1	0	120	0	150	20064	0	1	0	0	2	0
D_RETURN	4	evalue	0
D_LIST	4	evalue_after	0	0	1	1.281891367735672e-90
D_HSP	4	evalue_after	0	0	1	0	120	0	150	20064	0	1	1.281891367735672e-90	0	2	0
D_RETURN	3	link	0
D_LIST	3	link_after	0	0	1	1.281891367735672e-90
D_HSP	3	link_after	0	0	1	0	120	0	150	20064	0	1	1.281891367735672e-90	0	2	0
D_CALL	5	reap
D_LIST	5	reap_before	0	0	1	1.281891367735672e-90
D_HSP	5	reap_before	0	0	1	0	120	0	150	20064	0	1	1.281891367735672e-90	0	2	0
D_RETURN	5	reap	0
D_LIST	5	reap_after	0	0	1	1.281891367735672e-90
D_HSP	5	reap_after	0	0	1	0	120	0	150	20064	0	1	1.281891367735672e-90	0	2	0
D_RETURN	2	redo	0
D_LIST	2	redo_after	NULL
