D_CALL	0	evalue	41	150	1	0	0	1
D_CONTEXT	0	0	120	14175	15
D_LIST	0	evalue_before	0	0	2	0
D_HSP	0	evalue_before	0	0	1	0	60	0	60	331	0	0	0	0	0	29
D_HSP	0	evalue_before	1	0	1	58	120	88	150	329	0	0	0	0	0	95
D_RETURN	0	evalue	0
D_LIST	0	evalue_after	0	0	2	1.3390452357885382e-45
D_HSP	0	evalue_after	0	0	1	0	60	0	60	331	0	0	1.3390452357885382e-45	0	0	29
D_HSP	0	evalue_after	1	0	1	58	120	88	150	329	0	0	2.6936549348586414e-45	0	0	95
D_CALL	1	evalue	41	150	1	0	0	1
D_CONTEXT	1	0	120	14175	15
D_LIST	1	evalue_before	0	0	1	1.3390452357885382e-45
D_HSP	1	evalue_before	0	0	1	0	120	0	150	615	120	0	1.3390452357885382e-45	0	0	29
D_RETURN	1	evalue	0
D_LIST	1	evalue_after	0	0	1	7.7966524704225594e-89
D_HSP	1	evalue_after	0	0	1	0	120	0	150	615	120	0	7.7966524704225594e-89	0	0	29
D_CALL	2	reap
D_LIST	2	reap_before	0	0	1	7.7966524704225594e-89
D_HSP	2	reap_before	0	0	1	0	120	0	150	615	120	0	7.7966524704225594e-89	0	0	29
D_RETURN	2	reap	0
D_LIST	2	reap_after	0	0	1	7.7966524704225594e-89
D_HSP	2	reap_after	0	0	1	0	120	0	150	615	120	0	7.7966524704225594e-89	0	0	29
D_CALL	3	bits	1
D_LIST	3	bits_before	0	0	1	7.7966524704225594e-89
D_HSP	3	bits_before	0	0	1	0	120	0	150	615	120	0	7.7966524704225594e-89	0	0	29
D_RETURN	3	bits	0
D_LIST	3	bits_after	0	0	1	7.7966524704225594e-89
D_HSP	3	bits_after	0	0	1	0	120	0	150	615	120	0	7.7966524704225594e-89	241.50597146921626	0	29
