(node:969022) ExperimentalWarning: WASI is an experimental feature and might change at any time
(Use `node --trace-warnings ...` to show where the warning was created)
ok threads describe, validate, register, scan
ok threads n1 PesePMNV.MjPMNV.task_blastn
(node:969022) ExperimentalWarning: WASI is an experimental feature and might change at any time
(Use `node --trace-warnings ...` to show where the warning was created)
ok threads n2 PesePMNV.MjPMNV.task_blastn
(node:969022) ExperimentalWarning: WASI is an experimental feature and might change at any time
(Use `node --trace-warnings ...` to show where the warning was created)
(node:969022) ExperimentalWarning: WASI is an experimental feature and might change at any time
(Use `node --trace-warnings ...` to show where the warning was created)
(node:969022) ExperimentalWarning: WASI is an experimental feature and might change at any time
(Use `node --trace-warnings ...` to show where the warning was created)
ok threads n4 PesePMNV.MjPMNV.task_blastn
ok threads n1 PmeNMV.MjPMNV.task_blastn
(node:969022) ExperimentalWarning: WASI is an experimental feature and might change at any time
(Use `node --trace-warnings ...` to show where the warning was created)
ok threads n2 PmeNMV.MjPMNV.task_blastn
(node:969022) ExperimentalWarning: WASI is an experimental feature and might change at any time
(Use `node --trace-warnings ...` to show where the warning was created)
(node:969022) ExperimentalWarning: WASI is an experimental feature and might change at any time
(Use `node --trace-warnings ...` to show where the warning was created)
(node:969022) ExperimentalWarning: WASI is an experimental feature and might change at any time
(Use `node --trace-warnings ...` to show where the warning was created)
ok threads n4 PmeNMV.MjPMNV.task_blastn
ok threads n1 PmeNMV.PesePMNV.task_blastn
(node:969022) ExperimentalWarning: WASI is an experimental feature and might change at any time
(Use `node --trace-warnings ...` to show where the warning was created)
ok threads n2 PmeNMV.PesePMNV.task_blastn
(node:969022) ExperimentalWarning: WASI is an experimental feature and might change at any time
(Use `node --trace-warnings ...` to show where the warning was created)
(node:969022) ExperimentalWarning: WASI is an experimental feature and might change at any time
(Use `node --trace-warnings ...` to show where the warning was created)
(node:969022) ExperimentalWarning: WASI is an experimental feature and might change at any time
(Use `node --trace-warnings ...` to show where the warning was created)
ok threads n4 PmeNMV.PesePMNV.task_blastn
ok threads n1 PeseMJNV.PemoMJNVB.task_blastn
(node:969022) ExperimentalWarning: WASI is an experimental feature and might change at any time
(Use `node --trace-warnings ...` to show where the warning was created)
ok threads n2 PeseMJNV.PemoMJNVB.task_blastn
(node:969022) ExperimentalWarning: WASI is an experimental feature and might change at any time
(Use `node --trace-warnings ...` to show where the warning was created)
(node:969022) ExperimentalWarning: WASI is an experimental feature and might change at any time
(Use `node --trace-warnings ...` to show where the warning was created)
(node:969022) ExperimentalWarning: WASI is an experimental feature and might change at any time
(Use `node --trace-warnings ...` to show where the warning was created)
ok threads n4 PeseMJNV.PemoMJNVB.task_blastn
ok threads n1 MelaMJNV.PemoMJNVA.task_blastn
(node:969022) ExperimentalWarning: WASI is an experimental feature and might change at any time
(Use `node --trace-warnings ...` to show where the warning was created)
ok threads n2 MelaMJNV.PemoMJNVA.task_blastn
(node:969022) ExperimentalWarning: WASI is an experimental feature and might change at any time
(Use `node --trace-warnings ...` to show where the warning was created)
(node:969022) ExperimentalWarning: WASI is an experimental feature and might change at any time
(Use `node --trace-warnings ...` to show where the warning was created)
(node:969022) ExperimentalWarning: WASI is an experimental feature and might change at any time
(Use `node --trace-warnings ...` to show where the warning was created)
ok threads n4 MelaMJNV.PemoMJNVA.task_blastn
ok threads n1 PemoMJNVA.PeseMJNV.task_blastn
(node:969022) ExperimentalWarning: WASI is an experimental feature and might change at any time
(Use `node --trace-warnings ...` to show where the warning was created)
ok threads n2 PemoMJNVA.PeseMJNV.task_blastn
(node:969022) ExperimentalWarning: WASI is an experimental feature and might change at any time
(Use `node --trace-warnings ...` to show where the warning was created)
(node:969022) ExperimentalWarning: WASI is an experimental feature and might change at any time
(Use `node --trace-warnings ...` to show where the warning was created)
(node:969022) ExperimentalWarning: WASI is an experimental feature and might change at any time
(Use `node --trace-warnings ...` to show where the warning was created)
ok threads n4 PemoMJNVA.PeseMJNV.task_blastn
ok threads n1 MjeNMV.MelaMJNV.task_blastn
(node:969022) ExperimentalWarning: WASI is an experimental feature and might change at any time
(Use `node --trace-warnings ...` to show where the warning was created)
ok threads n2 MjeNMV.MelaMJNV.task_blastn
(node:969022) ExperimentalWarning: WASI is an experimental feature and might change at any time
(Use `node --trace-warnings ...` to show where the warning was created)
(node:969022) ExperimentalWarning: WASI is an experimental feature and might change at any time
(Use `node --trace-warnings ...` to show where the warning was created)
(node:969022) ExperimentalWarning: WASI is an experimental feature and might change at any time
(Use `node --trace-warnings ...` to show where the warning was created)
ok threads n4 MjeNMV.MelaMJNV.task_blastn
ok threads n1 MjPMNV.MlPMNV.task_blastn
(node:969022) ExperimentalWarning: WASI is an experimental feature and might change at any time
(Use `node --trace-warnings ...` to show where the warning was created)
ok threads n2 MjPMNV.MlPMNV.task_blastn
(node:969022) ExperimentalWarning: WASI is an experimental feature and might change at any time
(Use `node --trace-warnings ...` to show where the warning was created)
(node:969022) ExperimentalWarning: WASI is an experimental feature and might change at any time
(Use `node --trace-warnings ...` to show where the warning was created)
(node:969022) ExperimentalWarning: WASI is an experimental feature and might change at any time
(Use `node --trace-warnings ...` to show where the warning was created)
ok threads n4 MjPMNV.MlPMNV.task_blastn
ok threads n1 NZ_CP006932.NZ_CP006932.task_blastn
(node:969022) ExperimentalWarning: WASI is an experimental feature and might change at any time
(Use `node --trace-warnings ...` to show where the warning was created)
ok threads n2 NZ_CP006932.NZ_CP006932.task_blastn
(node:969022) ExperimentalWarning: WASI is an experimental feature and might change at any time
(Use `node --trace-warnings ...` to show where the warning was created)
(node:969022) ExperimentalWarning: WASI is an experimental feature and might change at any time
(Use `node --trace-warnings ...` to show where the warning was created)
(node:969022) ExperimentalWarning: WASI is an experimental feature and might change at any time
(Use `node --trace-warnings ...` to show where the warning was created)
ok threads n4 NZ_CP006932.NZ_CP006932.task_blastn
ok threads n1 EDL933.Sakai.megablast
(node:969022) ExperimentalWarning: WASI is an experimental feature and might change at any time
(Use `node --trace-warnings ...` to show where the warning was created)
ok threads n2 EDL933.Sakai.megablast
(node:969022) ExperimentalWarning: WASI is an experimental feature and might change at any time
(Use `node --trace-warnings ...` to show where the warning was created)
(node:969022) ExperimentalWarning: WASI is an experimental feature and might change at any time
(Use `node --trace-warnings ...` to show where the warning was created)
(node:969022) ExperimentalWarning: WASI is an experimental feature and might change at any time
(Use `node --trace-warnings ...` to show where the warning was created)
ok threads n4 EDL933.Sakai.megablast
ok threads n1 Sakai.MG1655.megablast
(node:969022) ExperimentalWarning: WASI is an experimental feature and might change at any time
(Use `node --trace-warnings ...` to show where the warning was created)
ok threads n2 Sakai.MG1655.megablast
(node:969022) ExperimentalWarning: WASI is an experimental feature and might change at any time
(Use `node --trace-warnings ...` to show where the warning was created)
(node:969022) ExperimentalWarning: WASI is an experimental feature and might change at any time
(Use `node --trace-warnings ...` to show where the warning was created)
(node:969022) ExperimentalWarning: WASI is an experimental feature and might change at any time
(Use `node --trace-warnings ...` to show where the warning was created)
ok threads n4 Sakai.MG1655.megablast
ok threads n1 compact.multi_query.outfmt6,compact.multi_query.outfmt7
(node:969022) ExperimentalWarning: WASI is an experimental feature and might change at any time
(Use `node --trace-warnings ...` to show where the warning was created)
ok threads n2 compact.multi_query.outfmt6,compact.multi_query.outfmt7
(node:969022) ExperimentalWarning: WASI is an experimental feature and might change at any time
(Use `node --trace-warnings ...` to show where the warning was created)
(node:969022) ExperimentalWarning: WASI is an experimental feature and might change at any time
(Use `node --trace-warnings ...` to show where the warning was created)
(node:969022) ExperimentalWarning: WASI is an experimental feature and might change at any time
(Use `node --trace-warnings ...` to show where the warning was created)
ok threads n4 compact.multi_query.outfmt6,compact.multi_query.outfmt7
ok threads n1 compact.multi_query.no_hit.outfmt7
(node:969022) ExperimentalWarning: WASI is an experimental feature and might change at any time
(Use `node --trace-warnings ...` to show where the warning was created)
ok threads n2 compact.multi_query.no_hit.outfmt7
(node:969022) ExperimentalWarning: WASI is an experimental feature and might change at any time
(Use `node --trace-warnings ...` to show where the warning was created)
(node:969022) ExperimentalWarning: WASI is an experimental feature and might change at any time
(Use `node --trace-warnings ...` to show where the warning was created)
(node:969022) ExperimentalWarning: WASI is an experimental feature and might change at any time
(Use `node --trace-warnings ...` to show where the warning was created)
ok threads n4 compact.multi_query.no_hit.outfmt7
39 runs matched the native CLI; frozen hashes: 39/42 equal, differing: Sakai.MG1655.megablast outfmt 7
