(node:2959207) ExperimentalWarning: WASI is an experimental feature and might change at any time
(Use `node --trace-warnings ...` to show where the warning was created)
ok serial describe, validate, register, scan
ok serial n1 PesePMNV.MjPMNV.task_blastn
ok serial n1 PmeNMV.MjPMNV.task_blastn
ok serial n1 PmeNMV.PesePMNV.task_blastn
ok serial n1 PeseMJNV.PemoMJNVB.task_blastn
ok serial n1 MelaMJNV.PemoMJNVA.task_blastn
ok serial n1 PemoMJNVA.PeseMJNV.task_blastn
ok serial n1 MjeNMV.MelaMJNV.task_blastn
ok serial n1 MjPMNV.MlPMNV.task_blastn
ok serial n1 NZ_CP006932.NZ_CP006932.task_blastn
ok serial n1 EDL933.Sakai.megablast
ok serial n1 Sakai.MG1655.megablast
ok serial n1 compact.multi_query.outfmt6,compact.multi_query.outfmt7
ok serial n1 compact.multi_query.no_hit.outfmt7
ok serial n1 compact.blastn
ok serial n1 compact.megablast
ok serial n1 compact.nohit.blastn
ok serial n1 compact.nohit.megablast
ok serial n1 LC738874_LC738870.megablast
ok serial n1 AP027152_AP027202.blastn
ok serial n1 strand.blastn
ok serial n1 strand.megablast
ok serial n1 mask.dust.blastn
ok serial n1 mask.nodust.blastn
ok serial n1 mask.lcase.blastn
ok serial n1 mask.lcase_nodust.blastn
ok serial n1 mask.lcase.megablast
ok serial n1 mask.subjlc_lcase.blastn
ok serial n1 mask.subjlc.blastn
ok serial n1 mask.lcase_minus.blastn
ok serial n1 mask.lcase_minus.megablast
ok serial n1 multi.blastn
ok serial n1 multi.megablast
ok serial n1 multi.mts3.blastn
ok serial n1 multi.mts1.blastn
ok serial n1 multi.ws7_e1000.blastn
ok serial n1 multi.maxhsps1.blastn
ok serial n1 multi.perc97.blastn
ok serial n1 multi.besthit.blastn
ok serial n1 multi.r2p3g00.megablast
ok serial n1 many.blastn
ok serial n1 many.mts255.blastn
ok serial n1 many.mts500.blastn
ok serial n1 width.blastn
ok serial n1 width.megablast
ok serial n1 edge.allN.blastn
ok serial n1 edge.alllower_lcase.blastn
ok serial n1 edge.mixed_allN.blastn
ok serial n1 edge.ambig.blastn
ok serial n1 edge.ambig.megablast
ok serial n1 edge.batch_allN.blastn
ok serial n1 edge.batch_allN.megablast
ok serial n1 longdef.megablast
ok serial n1 scoring.reward1.blastn
ok serial n1 scoring.beyond_table.megablast
ok serial n1 scoring.divisor.blastn
ok serial n1 scoring.beyond_table_iupac.blastn
ok serial n1 input.rna.megablast
ok serial n1 edge.short_invalid.blastn
58 runs matched the native CLI; frozen hashes: 58/59 equal, differing: Sakai.MG1655.megablast outfmt 7
