ok serial-blastn
ok threads-blastn
ok serial-tblastx-34
ok threads-tblastx-34
ok threads-tblastx-38
ok serial-tblastx-38
ok serial-tblastx-39
ok threads-tblastx-39
ok serial-tblastx-33
ok threads-blastp
ok serial-blastp
ok threads-tblastx-33
ok serial-tblastx-31
ok serial-tblastx-35
ok threads-tblastx-29
ok threads-tblastx-24
ok serial-tblastx-29
ok threads-tblastx-36
ok serial-tblastx-36
ok threads-tblastx-114
ok serial-tblastx-114
ok serial-tblastx-24
ok serial-tblastx-30
ok threads-tblastx-31
ok threads-tblastx-35
ok serial-tblastx-32
ok threads-tblastx-20
ok serial-tblastx-20
ok serial-tblastx-21
ok serial-tblastx-37
ok threads-tblastx-21
ok threads-tblastx-37
ok threads-tblastx-22
ok serial-tblastx-22
ok serial-tblastx-26
ok threads-tblastx-26
ok threads-tblastx-30
ok serial-tblastx-23
ok threads-tblastx-23
ok threads-tblastx-115
ok serial-tblastx-115
ok threads-tblastx-119
ok serial-tblastx-119
ok threads-tblastx-120
ok serial-tblastx-120
ok threads-tblastx-121
ok serial-tblastx-121
ok threads-tblastx-123
ok serial-tblastx-123
ok threads-tblastx-116
ok serial-tblastx-116
ok threads-tblastx-127
ok serial-tblastx-127
ok threads-tblastx-128
ok serial-tblastx-128
ok threads-tblastx-118
ok serial-tblastx-118
ok threads-tblastx-117
ok serial-tblastx-117
ok threads-tblastx-122
ok serial-tblastx-122
ok threads-tblastx-125
ok serial-tblastx-125
ok threads-tblastx-126
ok serial-tblastx-126
ok threads-tblastx-130
ok serial-tblastx-130
ok threads-tblastx-124
ok serial-tblastx-124
ok threads-tblastn
ok serial-tblastn
ok serial-tblastx-27
ok threads-tblastx-27
ok serial-tblastx-28
ok threads-tblastx-28
ok serial-tblastx-25
ok threads-tblastx-25
ok threads-tblastx-32
{
  "artifacts": {
    "native": "2a46c2e421ae6474cf48639d2ebb8e278ba18cc34ad83a3c636067ac33d2bc46",
    "serial": "d2db178a4339bc918755e87757667b553f2246d7b64fa6b8a0668cd291e4c476",
    "threads": "8b179d93bc9a871b7928bcc61834017c589575514997a211a4c2dd3a38e315ca"
  },
  "runs": 524,
  "searches": 131,
  "by_engine_and_threads": {
    "serial n1": 131,
    "threads n1": 131,
    "threads n2": 131,
    "threads n4": 131
  },
  "frozen_equal": 772,
  "frozen_compared": 776,
  "frozen_differing": [
    "Sakai.MG1655.megablast outfmt 7"
  ],
  "failed_parts": []
}
exit 0
